{
  "sizes": [
    256,
    256
  ],
  "sha256": [
    "b45d66e5653c11dafb3d797b3a98d414131ebe24e49fe85ad3cd850e4ade7f56",
    "5486769233036318a0bb0786ee8fcd3fd9f8919e2acdc5bf5f5a8d6e25d7bf01"
  ],
  "identical_bytes_at_same_offset": 232,
  "differing_word_offsets": [
    "0x18",
    "0x1c",
    "0x20",
    "0x24",
    "0x2c",
    "0x30",
    "0x60",
    "0x6c",
    "0x84",
    "0xb4",
    "0xcc",
    "0xd4",
    "0xdc",
    "0xe0"
  ],
  "exact_byte_match": false
}
ea24b6af954876ce072562ff39cdb4c81d32be1f  build/GEDE01/main.dol
Relocation and score assertions passed.
