[1/874] MWCC build/GEDE01/src/game/game_fn_80008014.o
[2/874] MWCC build/GEDE01/src/game/game_fn_800094C0.o
[3/874] MWCC build/GEDE01/src/game/game_fn_800098C0.o
[4/874] MWCC build/GEDE01/src/game/game_fn_800096E0.o
[5/874] MWCC build/GEDE01/src/game/game_fn_800099D8.o
[6/874] MWCC build/GEDE01/src/game/game_fn_80009AB4.o
[7/874] MWCC build/GEDE01/src/game/game_fn_8000AC88.o
[8/874] MWCC build/GEDE01/src/game/game_fn_8000A26C.o
[9/874] MWCC build/GEDE01/src/game/game_fn_8000AEB4.o
[10/874] MWCC build/GEDE01/src/game/game_fn_8000AFB4.o
[11/874] MWCC build/GEDE01/src/game/game_fn_8000B1B8.o
[12/874] MWCC build/GEDE01/src/game/game_fn_8000B36C.o
[13/874] MWCC build/GEDE01/src/game/game_fn_8000B630.o
[14/874] MWCC build/GEDE01/src/game/game_fn_8000B7FC.o
[15/874] MWCC build/GEDE01/src/game/game_fn_8000B900.o
[16/874] MWCC build/GEDE01/src/game/game_fn_8000BA0C.o
[17/874] MWCC build/GEDE01/src/game/game_fn_8000BAA0.o
[18/874] MWCC build/GEDE01/src/game/game_fn_8000BC40.o
[19/874] MWCC build/GEDE01/src/game/game_fn_8000C06C.o
[20/874] MWCC build/GEDE01/src/game/game_fn_8000C17C.o
[21/874] MWCC build/GEDE01/src/game/game_fn_8000C400.o
[22/874] MWCC build/GEDE01/src/game/game_fn_8000C91C.o
[23/874] MWCC build/GEDE01/src/game/game_fn_8000C848.o
[24/874] MWCC build/GEDE01/src/game/game_fn_8000D3D4.o
[25/874] MWCC build/GEDE01/src/game/game_fn_8000D0BC.o
[26/874] MWCC build/GEDE01/src/game/game_fn_8000D590.o
[27/874] MWCC build/GEDE01/src/game/game_fn_8000D8A4.o
[28/874] MWCC build/GEDE01/src/game/game_fn_8000DA50.o
[29/874] MWCC build/GEDE01/src/game/game_fn_8000DAF4.o
[30/874] MWCC build/GEDE01/src/game/game_fn_8000E054.o
[31/874] MWCC build/GEDE01/src/game/game_fn_8000E0AC.o
[32/874] MWCC build/GEDE01/src/game/game_fn_8000E138.o
[33/874] MWCC build/GEDE01/src/game/game_fn_8000E1C4.o
[34/874] MWCC build/GEDE01/src/game/game_fn_8000E96C.o
[35/874] MWCC build/GEDE01/src/game/game_fn_8000EB14.o
[36/874] MWCC build/GEDE01/src/game/game_fn_8000EBD4.o
[37/874] MWCC build/GEDE01/src/game/game_fn_8000ED44.o
[38/874] MWCC build/GEDE01/src/game/game_fn_8000EFC4.o
[39/874] MWCC build/GEDE01/src/game/game_fn_8000F4B0.o
[40/874] MWCC build/GEDE01/src/game/game_fn_8000F774.o
[41/874] MWCC build/GEDE01/src/game/game_fn_8000FDE8.o
[42/874] MWCC build/GEDE01/src/game/game_fn_8000FFD8.o
[43/874] MWCC build/GEDE01/src/game/game_fn_800119FC.o
[44/874] MWCC build/GEDE01/src/game/game_fn_80012F40.o
[45/874] MWCC build/GEDE01/src/game/game_fn_80012DA8.o
[46/874] MWCC build/GEDE01/src/game/game_fn_80012FD0.o
[47/874] MWCC build/GEDE01/src/game/game_fn_800131E8.o
[48/874] MWCC build/GEDE01/src/game/game_fn_80013870.o
[49/874] MWCC build/GEDE01/src/game/game_fn_80013340.o
[50/874] MWCC build/GEDE01/src/game/game_fn_80013CB0.o
[51/874] MWCC build/GEDE01/src/game/game_fn_80013D54.o
[52/874] MWCC build/GEDE01/src/game/game_fn_800144CC.o
[53/874] MWCC build/GEDE01/src/game/game_fn_800142DC.o
[54/874] MWCC build/GEDE01/src/game/game_fn_80014784.o
[55/874] MWCC build/GEDE01/src/game/game_fn_800149D4.o
[56/874] MWCC build/GEDE01/src/game/game_fn_80015058.o
[57/874] MWCC build/GEDE01/src/game/game_fn_80015320.o
[58/874] MWCC build/GEDE01/src/game/game_fn_800156FC.o
[59/874] MWCC build/GEDE01/src/game/game_fn_80015568.o
[60/874] MWCC build/GEDE01/src/game/game_fn_80015D40.o
[61/874] MWCC build/GEDE01/src/game/game_fn_80015BE0.o
[62/874] MWCC build/GEDE01/src/game/game_fn_80015F04.o
[63/874] MWCC build/GEDE01/src/game/game_fn_80016128.o
[64/874] MWCC build/GEDE01/src/game/game_fn_80016270.o
[65/874] MWCC build/GEDE01/src/game/game_fn_80016904.o
[66/874] MWCC build/GEDE01/src/game/game_fn_80016B24.o
[67/874] MWCC build/GEDE01/src/game/game_fn_800171C0.o
[68/874] MWCC build/GEDE01/src/game/game_fn_800173CC.o
[69/874] MWCC build/GEDE01/src/game/game_fn_800176F0.o
[70/874] MWCC build/GEDE01/src/game/game_fn_80017910.o
[71/874] MWCC build/GEDE01/src/game/game_fn_800179AC.o
[72/874] MWCC build/GEDE01/src/game/game_fn_80017A3C.o
[73/874] MWCC build/GEDE01/src/game/game_fn_80017AE4.o
[74/874] MWCC build/GEDE01/src/game/game_fn_80017C3C.o
[75/874] MWCC build/GEDE01/src/game/game_fn_80017CC8.o
[76/874] MWCC build/GEDE01/src/game/game_fn_80018EF4.o
[77/874] MWCC build/GEDE01/src/game/game_fn_80017DB0.o
[78/874] MWCC build/GEDE01/src/game/game_fn_80019244.o
[79/874] MWCC build/GEDE01/src/game/game_fn_80019054.o
[80/874] MWCC build/GEDE01/src/game/game_fn_80019940.o
[81/874] MWCC build/GEDE01/src/game/game_fn_800194D0.o
[82/874] MWCC build/GEDE01/src/game/game_fn_80019C10.o
[83/874] MWCC build/GEDE01/src/game/game_fn_80019D2C.o
[84/874] MWCC build/GEDE01/src/game/game_fn_80019F98.o
[85/874] MWCC build/GEDE01/src/game/game_fn_8001A6C4.o
[86/874] MWCC build/GEDE01/src/game/game_fn_8001AAB8.o
[87/874] MWCC build/GEDE01/src/game/game_fn_8001ADF8.o
[88/874] MWCC build/GEDE01/src/game/game_fn_8001AF68.o
[89/874] MWCC build/GEDE01/src/game/game_fn_8001B124.o
[90/874] MWCC build/GEDE01/src/game/game_fn_8001B294.o
[91/874] MWCC build/GEDE01/src/game/game_fn_8001B808.o
[92/874] MWCC build/GEDE01/src/game/game_fn_8001B874.o
[93/874] MWCC build/GEDE01/src/game/game_fn_8001C078.o
[94/874] MWCC build/GEDE01/src/game/game_fn_8001CA04.o
[95/874] MWCC build/GEDE01/src/game/game_fn_8001CD58.o
[96/874] MWCC build/GEDE01/src/game/game_fn_8001CE94.o
[97/874] MWCC build/GEDE01/src/game/game_fn_8001E644.o
[98/874] MWCC build/GEDE01/src/game/game_fn_8001FE1C.o
[99/874] MWCC build/GEDE01/src/game/game_fn_80020E94.o
[100/874] MWCC build/GEDE01/src/game/game_fn_80024F28.o
[101/874] MWCC build/GEDE01/src/game/game_fn_800272B4.o
[102/874] MWCC build/GEDE01/src/game/game_fn_8002B748.o
[103/874] MWCC build/GEDE01/src/game/game_fn_8002DAE0.o
[104/874] MWCC build/GEDE01/src/game/game_fn_8002E3F0.o
[105/874] MWCC build/GEDE01/src/game/game_fn_8002EA68.o
[106/874] MWCC build/GEDE01/src/game/game_fn_8002F428.o
[107/874] MWCC build/GEDE01/src/game/game_fn_80031544.o
[108/874] MWCC build/GEDE01/src/game/game_fn_8003232C.o
[109/874] MWCC build/GEDE01/src/game/game_fn_80032B84.o
[110/874] MWCC build/GEDE01/src/game/game_fn_80033038.o
[111/874] MWCC build/GEDE01/src/game/game_fn_80033180.o
[112/874] MWCC build/GEDE01/src/game/game_fn_800359A0.o
[113/874] MWCC build/GEDE01/src/game/game_fn_800361F8.o
[114/874] MWCC build/GEDE01/src/game/game_fn_80036C40.o
[115/874] MWCC build/GEDE01/src/game/game_fn_80038878.o
[116/874] MWCC build/GEDE01/src/game/game_fn_80048ADC.o
[117/874] MWCC build/GEDE01/src/game/game_fn_80048B24.o
[118/874] MWCC build/GEDE01/src/game/game_fn_80052310.o
[119/874] MWCC build/GEDE01/src/game/game_fn_8004998C.o
[120/874] MWCC build/GEDE01/src/game/game_fn_800542D0.o
[121/874] MWCC build/GEDE01/src/game/game_fn_8005EC6C.o
[122/874] MWCC build/GEDE01/src/game/game_fn_8005EE9C.o
[123/874] MWCC build/GEDE01/src/game/game_data_80239E10.o
[124/874] MWCC build/GEDE01/src/game/game_data_80239E18.o
[125/874] MWCC build/GEDE01/src/game/game_fn_8005FD84.o
[126/874] MWCC build/GEDE01/src/game/game_fn_80066888.o
[127/874] MWCC build/GEDE01/src/game/game_fn_80066E78.o
[128/874] MWCC build/GEDE01/src/game/game_fn_8006B0F0.o
[129/874] MWCC build/GEDE01/src/game/game_fn_8006B620.o
[130/874] MWCC build/GEDE01/src/game/game_fn_8006E53C.o
[131/874] MWCC build/GEDE01/src/game/game_fn_80071A58.o
[132/874] MWCC build/GEDE01/src/game/game_fn_80074310.o
[133/874] MWCC build/GEDE01/src/game/game_fn_80078500.o
[134/874] MWCC build/GEDE01/src/game/game_fn_80079908.o
[135/874] MWCC build/GEDE01/src/game/game_fn_80079AA4.o
[136/874] MWCC build/GEDE01/src/game/game_fn_8007B2F4.o
[137/874] MWCC build/GEDE01/src/game/game_fn_8007B540.o
[138/874] MWCC build/GEDE01/src/game/game_fn_8007B828.o
[139/874] MWCC build/GEDE01/src/game/game_fn_8007B640.o
[140/874] MWCC build/GEDE01/src/game/game_fn_8007BA3C.o
[141/874] MWCC build/GEDE01/src/game/game_fn_8007D4D8.o
[142/874] MWCC build/GEDE01/src/game/game_fn_800886D8.o
[143/874] MWCC build/GEDE01/src/game/game_fn_8007F770.o
[144/874] MWCC build/GEDE01/src/game/game_fn_80088F4C.o
[145/874] MWCC build/GEDE01/src/game/game_fn_8008A2E0.o
[146/874] MWCC build/GEDE01/src/game/game_fn_8008F890.o
[147/874] MWCC build/GEDE01/src/game/game_fn_8008F224.o
[148/874] MWCC build/GEDE01/src/game/game_fn_800934A0.o
[149/874] MWCC build/GEDE01/src/game/game_fn_80090004.o
[150/874] MWCC build/GEDE01/src/game/game_fn_80095D10.o
[151/874] MWCC build/GEDE01/src/game/game_fn_80095FDC.o
[152/874] MWCC build/GEDE01/src/game/game_fn_80096830.o
[153/874] MWCC build/GEDE01/src/game/game_fn_8009C424.o
[154/874] MWCC build/GEDE01/src/game/game_fn_8009E808.o
[155/874] MWCC build/GEDE01/src/game/game_fn_800A2130.o
[156/874] MWCC build/GEDE01/src/game/game_fn_800A2FCC.o
[157/874] MWCC build/GEDE01/src/game/game_fn_800A3180.o
[158/874] MWCC build/GEDE01/src/game/game_fn_800A3894.o
[159/874] MWCC build/GEDE01/src/game/game_fn_800A4428.o
[160/874] MWCC build/GEDE01/src/game/game_fn_800A4798.o
[161/874] MWCC build/GEDE01/src/game/game_fn_800A7E88.o
[162/874] MWCC build/GEDE01/src/game/game_fn_800AF230.o
[163/874] MWCC build/GEDE01/src/game/game_fn_800BB5C4.o
[164/874] MWCC build/GEDE01/src/game/game_fn_800BB7A8.o
[165/874] MWCC build/GEDE01/src/game/game_fn_800BB9A4.o
[166/874] MWCC build/GEDE01/src/game/game_fn_800BBAF0.o
[167/874] MWCC build/GEDE01/src/game/game_fn_800C17EC.o
[168/874] MWCC build/GEDE01/src/game/game_fn_800C59F0.o
[169/874] MWCC build/GEDE01/src/game/game_fn_800C644C.o
[170/874] MWCC build/GEDE01/src/game/game_fn_800C65FC.o
[171/874] MWCC build/GEDE01/src/game/game_fn_800C9C60.o
[172/874] MWCC build/GEDE01/src/game/game_fn_800CB760.o
[173/874] MWCC build/GEDE01/src/game/game_fn_800CB8F4.o
[174/874] MWCC build/GEDE01/src/game/game_fn_800CF598.o
[175/874] MWCC build/GEDE01/src/game/game_fn_800D9064.o
[176/874] MWCC build/GEDE01/src/game/game_fn_800D9E10.o
[177/874] MWCC build/GEDE01/src/game/game_fn_800E4980.o
[178/874] MWCC build/GEDE01/src/game/game_TRK_main.o
[179/874] MWCC build/GEDE01/src/game/game_TRKNubWelcome.o
[180/874] MWCC build/GEDE01/src/game/game_InitMetroTRKCommTable.o
[181/874] MWCC build/GEDE01/src/game/game_fn_800FD0C8.o
[182/874] MWCC build/GEDE01/src/game/game_fn_8010242C.o
[183/874] MWCC build/GEDE01/src/game/game_fn_801098C0.o
[184/874] MWCC build/GEDE01/src/game/game_fn_8010F184.o
[185/874] MWCC build/GEDE01/src/game/game_fn_801126E0.o
[186/874] MWCC build/GEDE01/src/game/game_fn_801128E4.o
[187/874] MWCC build/GEDE01/src/game/game_fn_801141B8.o
[188/874] MWCC build/GEDE01/src/game/game_fn_8011F140.o
[189/874] MWCC build/GEDE01/src/game/game_fn_801247F8.o
[190/874] MWCC build/GEDE01/src/game/game_fn_80126A00.o
[191/874] MWCC build/GEDE01/src/game/game_fn_8012DB28.o
[192/874] MWCC build/GEDE01/src/game/game_fn_8012976C.o
[193/874] MWCC build/GEDE01/src/game/game_fn_8013CBE4.o
[194/874] MWCC build/GEDE01/src/game/game_fn_8013D6A4.o
[195/874] MWCC build/GEDE01/src/game/game_fn_8014549C.o
[196/874] MWCC build/GEDE01/src/game/game_fn_8013DB8C.o
[197/874] MWCC build/GEDE01/src/game/game_fn_8014AF38.o
[198/874] MWCC build/GEDE01/src/game/game_fn_8014B494.o
[199/874] MWCC build/GEDE01/src/game/game_fn_8014CA98.o
[200/874] MWCC build/GEDE01/src/game/game_fn_801535D8.o
[201/874] MWCC build/GEDE01/src/game/game_fn_80153898.o
[202/874] MWCC build/GEDE01/src/game/game_fn_80153A24.o
[203/874] MWCC build/GEDE01/src/game/game_fn_80154F74.o
[204/874] MWCC build/GEDE01/src/game/game_fn_80155814.o
[205/874] MWCC build/GEDE01/src/game/game_fn_80157C0C.o
[206/874] MWCC build/GEDE01/src/game/game_fn_80158B20.o
[207/874] MWCC build/GEDE01/src/game/game_fn_80158D38.o
[208/874] MWCC build/GEDE01/src/game/game_fn_8015DB84.o
[209/874] MWCC build/GEDE01/src/game/game_fn_8015EDC0.o
[210/874] MWCC build/GEDE01/src/game/game_fn_8015DC54.o
[211/874] MWCC build/GEDE01/src/game/game_fn_80167B5C.o
[212/874] MWCC build/GEDE01/src/game/game_fn_80167454.o
[213/874] MWCC build/GEDE01/src/game/game_fn_8016BD0C.o
[214/874] MWCC build/GEDE01/src/game/game_fn_80169650.o
[215/874] MWCC build/GEDE01/src/game/game_fn_8016BE1C.o
[216/874] MWCC build/GEDE01/src/game/game_fn_8016BF60.o
[217/874] MWCC build/GEDE01/src/game/game_fn_8016C0BC.o
[218/874] MWCC build/GEDE01/src/game/game_fn_8016C164.o
[219/874] MWCC build/GEDE01/src/game/game_fn_8016C238.o
[220/874] MWCC build/GEDE01/src/game/game_fn_8016C4BC.o
[221/874] MWCC build/GEDE01/src/game/game_fn_8016C774.o
[222/874] MWCC build/GEDE01/src/game/game_fn_8016D040.o
[223/874] MWCC build/GEDE01/src/game/game_fn_8016D1F8.o
[224/874] MWCC build/GEDE01/src/game/game_fn_8016D2B8.o
[225/874] MWCC build/GEDE01/src/game/game_fn_8016D9C0.o
[226/874] MWCC build/GEDE01/src/game/game_fn_8016DF4C.o
[227/874] MWCC build/GEDE01/src/game/game_fn_8016E8F8.o
[228/874] MWCC build/GEDE01/src/game/game_fn_8016FEF8.o
[229/874] MWCC build/GEDE01/src/game/game_fn_8017038C.o
[230/874] MWCC build/GEDE01/src/game/game_fn_801704F8.o
[231/874] MWCC build/GEDE01/src/game/game_fn_801706DC.o
[232/874] MWCC build/GEDE01/src/game/game_fn_80170A40.o
[233/874] MWCC build/GEDE01/src/game/game_fn_80170DF4.o
[234/874] MWCC build/GEDE01/src/game/game_fn_80170E9C.o
[235/874] MWCC build/GEDE01/src/game/game_fn_8017138C.o
[236/874] MWCC build/GEDE01/src/game/game_fn_80171664.o
[237/874] MWCC build/GEDE01/src/game/game_fn_801718F4.o
[238/874] MWCC build/GEDE01/src/game/game_fn_801719B4.o
[239/874] MWCC build/GEDE01/src/game/game_fn_8017250C.o
[240/874] MWCC build/GEDE01/src/game/game_fn_80171F30.o
[241/874] MWCC build/GEDE01/src/game/game_fn_801726EC.o
[242/874] MWCC build/GEDE01/src/game/game_fn_80172BB0.o
[243/874] MWCC build/GEDE01/src/game/game_fn_80172C78.o
[244/874] MWCC build/GEDE01/src/game/game_fn_80172DB8.o
[245/874] MWCC build/GEDE01/src/game/game_fn_801734B4.o
[246/874] MWCC build/GEDE01/src/game/game_fn_80173270.o
[247/874] MWCC build/GEDE01/src/game/game_fn_80173D44.o
[248/874] MWCC build/GEDE01/src/game/game_fn_80173770.o
[249/874] MWCC build/GEDE01/src/game/game_fn_80173F04.o
[250/874] MWCC build/GEDE01/src/game/game_fn_80174184.o
[251/874] MWCC build/GEDE01/src/game/game_fn_80174358.o
[252/874] MWCC build/GEDE01/src/game/game_fn_80174F2C.o
[253/874] MWCC build/GEDE01/src/game/game_fn_8017553C.o
[254/874] MWCC build/GEDE01/src/game/game_fn_80175E64.o
[255/874] MWCC build/GEDE01/src/game/game_fn_80175F0C.o
[256/874] MWCC build/GEDE01/src/game/game_fn_80175FD4.o
[257/874] MWCC build/GEDE01/src/game/game_fn_80176098.o
[258/874] MWCC build/GEDE01/src/game/game_fn_80176160.o
[259/874] MWCC build/GEDE01/src/game/game_fn_80176220.o
[260/874] MWCC build/GEDE01/src/game/game_fn_801762E8.o
[261/874] MWCC build/GEDE01/src/game/game_fn_8017652C.o
[262/874] MWCC build/GEDE01/src/game/game_fn_80176DF4.o
[263/874] MWCC build/GEDE01/src/game/game_fn_80176FA0.o
[264/874] MWCC build/GEDE01/src/game/game_fn_801770F8.o
[265/874] MWCC build/GEDE01/src/game/game_fn_8017718C.o
[266/874] MWCC build/GEDE01/src/game/game_fn_80177434.o
[267/874] MWCC build/GEDE01/src/game/game_fn_80178F88.o
[268/874] MWCC build/GEDE01/src/game/game_fn_80179398.o
[269/874] MWCC build/GEDE01/src/game/game_fn_8017960C.o
[270/874] MWCC build/GEDE01/src/game/game_fn_8017974C.o
[271/874] MWCC build/GEDE01/src/game/game_fn_80179904.o
[272/874] MWCC build/GEDE01/src/game/game_fn_80179A18.o
[273/874] MWCC build/GEDE01/src/game/game_fn_80179A74.o
[274/874] MWCC build/GEDE01/src/game/game_fn_80179EB8.o
[275/874] MWCC build/GEDE01/src/game/game_fn_80179F20.o
[276/874] MWCC build/GEDE01/src/game/game_fn_8017A010.o
[277/874] MWCC build/GEDE01/src/game/game_fn_8017A12C.o
[278/874] MWCC build/GEDE01/src/game/game_fn_8017A1C0.o
[279/874] MWCC build/GEDE01/src/game/game_fn_8017A9B8.o
[280/874] MWCC build/GEDE01/src/game/game_fn_8017AC20.o
[281/874] MWCC build/GEDE01/src/game/game_fn_8017E850.o
[282/874] MWCC build/GEDE01/src/game/game_fn_8017E958.o
[283/874] MWCC build/GEDE01/src/game/game_fn_80180DDC.o
[284/874] MWCC build/GEDE01/src/game/game_fn_801810A0.o
[285/874] MWCC build/GEDE01/src/game/game_fn_801816D4.o
[286/874] MWCC build/GEDE01/src/game/game_fn_801859FC.o
[287/874] MWCC build/GEDE01/src/game/game_fn_80185AE8.o
[288/874] MWCC build/GEDE01/src/game/game_fn_80185F10.o
[289/874] MWCC build/GEDE01/src/game/game_fn_801865EC.o
[290/874] MWCC build/GEDE01/src/game/game_fn_8018680C.o
[291/874] MWCC build/GEDE01/src/game/game_fn_80186F70.o
[292/874] MWCC build/GEDE01/src/game/game_fn_80186E10.o
[293/874] MWCC build/GEDE01/src/game/game_fn_80187320.o
[294/874] MWCC build/GEDE01/src/game/game_fn_80187120.o
[295/874] MWCC build/GEDE01/src/game/game_fn_801875FC.o
[296/874] MWCC build/GEDE01/src/game/game_fn_801878E0.o
[297/874] MWCC build/GEDE01/src/game/game_fn_80188A7C.o
[298/874] MWCC build/GEDE01/src/game/game_fn_80187BB4.o
[299/874] MWCC build/GEDE01/src/game/game_fn_80188C1C.o
[300/874] MWCC build/GEDE01/src/game/game_fn_80188B44.o
[301/874] MWCC build/GEDE01/src/game/game_fn_80189028.o
[302/874] MWCC build/GEDE01/src/game/game_fn_80188E28.o
[303/874] MWCC build/GEDE01/src/game/game_fn_801891D8.o
[304/874] MWCC build/GEDE01/src/game/game_fn_80189390.o
[305/874] MWCC build/GEDE01/src/game/game_fn_801895E8.o
[306/874] MWCC build/GEDE01/src/game/game_fn_801896A0.o
[307/874] MWCC build/GEDE01/src/game/game_fn_80189760.o
[308/874] MWCC build/GEDE01/src/game/game_fn_80189968.o
[309/874] MWCC build/GEDE01/src/game/game_fn_8018C2D0.o
[310/874] MWCC build/GEDE01/src/game/game_fn_8018D1F0.o
[311/874] MWCC build/GEDE01/src/game/game_fn_8018D2E0.o
[312/874] MWCC build/GEDE01/src/game/game_fn_8018D400.o
[313/874] MWCC build/GEDE01/src/game/game_fn_8018E0D8.o
[314/874] MWCC build/GEDE01/src/game/game_fn_8018D688.o
[315/874] MWCC build/GEDE01/src/game/game_fn_8018F81C.o
[316/874] MWCC build/GEDE01/src/game/game_fn_8018F1D0.o
[317/874] MWCC build/GEDE01/src/game/game_fn_8019120C.o
[318/874] MWCC build/GEDE01/src/game/game_fn_8018FEDC.o
[319/874] MWCC build/GEDE01/src/game/game_fn_80191360.o
[320/874] MWCC build/GEDE01/src/game/game_fn_801916D0.o
[321/874] MWCC build/GEDE01/src/game/game_fn_8019197C.o
[322/874] MWCC build/GEDE01/src/game/game_fn_80191F58.o
[323/874] MWCC build/GEDE01/src/game/game_fn_801926EC.o
[324/874] MWCC build/GEDE01/src/game/game_fn_801929A4.o
[325/874] MWCC build/GEDE01/src/game/game_fn_801931C4.o
[326/874] MWCC build/GEDE01/src/game/game_fn_80192F54.o
[327/874] MWCC build/GEDE01/src/game/game_fn_80193E1C.o
[328/874] MWCC build/GEDE01/src/game/game_fn_80193F3C.o
[329/874] MWCC build/GEDE01/src/game/game_fn_80194F80.o
[330/874] MWCC build/GEDE01/src/game/game_fn_80197910.o
[331/874] MWCC build/GEDE01/src/game/game_fn_80198154.o
[332/874] MWCC build/GEDE01/src/game/game_fn_80198AAC.o
[333/874] MWCC build/GEDE01/src/game/game_fn_80198BF4.o
[334/874] MWCC build/GEDE01/src/game/game_fn_801991E0.o
[335/874] MWCC build/GEDE01/src/game/game_fn_8019B1BC.o
[336/874] MWCC build/GEDE01/src/game/game_fn_8019CC28.o
[337/874] MWCC build/GEDE01/src/game/game_fn_8019CFC4.o
[338/874] MWCC build/GEDE01/src/game/game_fn_8019E5E4.o
[339/874] MWCC build/GEDE01/src/game/game_fn_8019E8C8.o
[340/874] MWCC build/GEDE01/src/game/game_fn_801A1F18.o
[341/874] MWCC build/GEDE01/src/game/game_fn_801A2A54.o
[342/874] MWCC build/GEDE01/src/game/game_fn_801A34BC.o
[343/874] MWCC build/GEDE01/src/game/game_fn_801A3A78.o
[344/874] MWCC build/GEDE01/src/game/game_fn_801A4CE0.o
[345/874] MWCC build/GEDE01/src/game/game_fn_801A5FB0.o
[346/874] MWCC build/GEDE01/src/game/game_fn_801A6410.o
[347/874] MWCC build/GEDE01/src/game/game_fn_801A657C.o
[348/874] MWCC build/GEDE01/src/game/game_fn_801A6ADC.o
[349/874] MWCC build/GEDE01/src/game/game_fn_801A6C58.o
[350/874] MWCC build/GEDE01/src/game/game_fn_801A6CB4.o
[351/874] MWCC build/GEDE01/src/game/game_fn_801A7E04.o
[352/874] MWCC build/GEDE01/src/game/game_fn_801A7EA8.o
[353/874] MWCC build/GEDE01/src/game/game_fn_801A93E8.o
[354/874] MWCC build/GEDE01/src/game/game_fn_801AB154.o
[355/874] MWCC build/GEDE01/src/game/game_fn_801ABD3C.o
[356/874] MWCC build/GEDE01/src/game/game_fn_801AC8AC.o
[357/874] MWCC build/GEDE01/src/game/game_fn_801ACFE8.o
[358/874] MWCC build/GEDE01/src/game/game_fn_801AD08C.o
[359/874] MWCC build/GEDE01/src/game/game_fn_801AFA74.o
[360/874] MWCC build/GEDE01/src/game/game_fn_801B02F0.o
[361/874] MWCC build/GEDE01/src/game/game_fn_801B1BA0.o
[362/874] MWCC build/GEDE01/src/game/game_fn_801B35BC.o
[363/874] MWCC build/GEDE01/src/game/game_fn_801B46C8.o
[364/874] MWCC build/GEDE01/src/game/game_fn_801B4FB4.o
[365/874] MWCC build/GEDE01/src/game/game_fn_801B5228.o
[366/874] MWCC build/GEDE01/src/game/game_fn_801B58F0.o
[367/874] MWCC build/GEDE01/src/game/game_fn_801B6F1C.o
[368/874] MWCC build/GEDE01/src/game/game_fn_801B86C0.o
[369/874] MWCC build/GEDE01/src/game/game_fn_801B941C.o
[370/874] MWCC build/GEDE01/src/game/game_fn_801B9E7C.o
[371/874] MWCC build/GEDE01/src/game/game_fn_801BA15C.o
[372/874] MWCC build/GEDE01/src/game/game_fn_801BA708.o
[373/874] MWCC build/GEDE01/src/game/game_fn_801BB1A0.o
[374/874] MWCC build/GEDE01/src/game/game_fn_801BC0D4.o
[375/874] MWCC build/GEDE01/src/game/game_fn_801BC240.o
[376/874] MWCC build/GEDE01/src/game/game_fn_801BC8F4.o
[377/874] MWCC build/GEDE01/src/game/game_fn_801BCC04.o
[378/874] MWCC build/GEDE01/src/game/game_fn_801BD990.o
[379/874] MWCC build/GEDE01/src/game/game_fn_801BDE7C.o
[380/874] MWCC build/GEDE01/src/game/game_fn_801BE0D4.o
[381/874] MWCC build/GEDE01/src/game/game_fn_801C1CB0.o
[382/874] MWCC build/GEDE01/src/game/game_fn_801BEF40.o
[383/874] MWCC build/GEDE01/src/game/game_fn_801C2980.o
[384/874] MWCC build/GEDE01/src/game/game_fn_801C29BC.o
[385/874] MWCC build/GEDE01/src/game/game_fn_801C2AAC.o
[386/874] MWCC build/GEDE01/src/game/game_fn_801C2D9C.o
[387/874] MWCC build/GEDE01/src/game/game_fn_801C8160.o
[388/874] MWCC build/GEDE01/src/game/game_fn_801C8224.o
[389/874] MWCC build/GEDE01/src/game/game_fn_801C4B5C.o
[390/874] MWCC build/GEDE01/src/game/game_fn_801C8600.o
[391/874] MWCC build/GEDE01/src/game/game_fn_801C8CC0.o
[392/874] MWCC build/GEDE01/src/game/game_fn_801C87DC.o
[393/874] MWCC build/GEDE01/src/game/game_fn_801C90A4.o
[394/874] MWCC build/GEDE01/src/game/game_fn_801C8F50.o
[395/874] MWCC build/GEDE01/src/game/game_fn_801C9510.o
[396/874] MWCC build/GEDE01/src/game/game_fn_801C970C.o
[397/874] MWCC build/GEDE01/src/game/game_fn_801C9A08.o
[398/874] MWCC build/GEDE01/src/game/game_fn_801C9B1C.o
[399/874] MWCC build/GEDE01/src/game/game_fn_801CB4F8.o
[400/874] MWCC build/GEDE01/src/game/game_fn_801CD228.o
[401/874] MWCC build/GEDE01/src/game/game_fn_801CE09C.o
[402/874] MWCC build/GEDE01/src/game/game_fn_801CE594.o
[403/874] MWCC build/GEDE01/src/game/game_fn_801D1B10.o
[404/874] MWCC build/GEDE01/src/game/game_fn_801D1F78.o
[405/874] MWCC build/GEDE01/src/game/game_fn_801D3988.o
[406/874] MWCC build/GEDE01/src/game/game_fn_801D76A8.o
[407/874] MWCC build/GEDE01/src/game/game_fn_801D7C24.o
[408/874] MWCC build/GEDE01/src/game/game_fn_801D8050.o
[409/874] MWCC build/GEDE01/src/game/game_fn_801D9FE4.o
[410/874] MWCC build/GEDE01/src/game/game_fn_801E2A48.o
[411/874] MWCC build/GEDE01/src/game/game_fn_801E41AC.o
[412/874] MWCC build/GEDE01/src/game/game_fn_801E6814.o
[413/874] MWCC build/GEDE01/src/game/game_fn_801EB09C.o
[414/874] MWCC build/GEDE01/src/game/game_fn_801EB11C.o
[415/874] MWCC build/GEDE01/src/game/game_fn_801ECD74.o
[416/874] MWCC build/GEDE01/src/game/game_fn_801ECF50.o
[417/874] MWCC build/GEDE01/src/game/game_fn_801ED5F4.o
[418/874] MWCC build/GEDE01/src/game/game_fn_801EF580.o
[419/874] MWCC build/GEDE01/src/game/game_fn_801F10BC.o
[420/874] MWCC build/GEDE01/src/game/game_fn_801EF910.o
[421/874] MWCC build/GEDE01/src/game/game_fn_801F35A8.o
[422/874] MWCC build/GEDE01/src/game/game_fn_801F1A38.o
[423/874] MWCC build/GEDE01/src/game/game_fn_801F55A0.o
[424/874] MWCC build/GEDE01/src/game/game_fn_801F69F0.o
[425/874] MWCC build/GEDE01/src/game/game_fn_801F7510.o
[426/874] MWCC build/GEDE01/src/game/game_fn_801F6BD8.o
[427/874] MWCC build/GEDE01/src/game/game_fn_801F8264.o
[428/874] MWCC build/GEDE01/src/game/game_fn_801F76EC.o
[429/874] MWCC build/GEDE01/src/game/game_fn_801F89B4.o
[430/874] MWCC build/GEDE01/src/game/game_fn_801F9AF8.o
[431/874] MWCC build/GEDE01/src/game/game_fn_801FA9C8.o
[432/874] MWCC build/GEDE01/src/game/game_fn_801F9CF4.o
[433/874] MWCC build/GEDE01/src/game/game_fn_801FB6A4.o
[434/874] MWCC build/GEDE01/src/game/game_fn_801FC034.o
[435/874] MWCC build/GEDE01/src/game/game_fn_801FFE78.o
[436/874] MWCC build/GEDE01/src/game/game_fn_801FC204.o
[437/874] EXTERNALIZE build/GEDE01/src/game/game_fn_80066E78.o
[438/874] EXTERNALIZE build/GEDE01/src/game/game_fn_801247F8.o
[439/874] EXTERNALIZE build/GEDE01/src/game/game_fn_801EF910.o
[440/874] EXTERNALIZE build/GEDE01/src/game/game_fn_801ECF50.o
[441/874] EXTERNALIZE build/GEDE01/src/game/game_fn_801EB09C.o
[442/874] EXTERNALIZE build/GEDE01/src/game/game_fn_801FC204.o
[443/874] EXTERNALIZE build/GEDE01/src/game/game_fn_801EB11C.o
[444/874] EXTERNALIZE build/GEDE01/src/game/game_fn_801D9FE4.o
[445/874] EXTERNALIZE build/GEDE01/src/game/game_fn_801E41AC.o
[446/874] EXTERNALIZE build/GEDE01/src/game/game_fn_801D76A8.o
[447/874] EXTERNALIZE build/GEDE01/src/game/game_fn_801D8050.o
[448/874] EXTERNALIZE build/GEDE01/src/game/game_fn_801D7C24.o
[449/874] EXTERNALIZE build/GEDE01/src/game/game_fn_8019B1BC.o
[450/874] EXTERNALIZE build/GEDE01/src/game/game_fn_80178F88.o
[451/874] EXTERNALIZE build/GEDE01/src/game/game_fn_801CD228.o
[452/874] EXTERNALIZE build/GEDE01/src/game/game_fn_801C970C.o
[453/874] EXTERNALIZE build/GEDE01/src/game/game_fn_801BA15C.o
[454/874] EXTERNALIZE build/GEDE01/src/game/game_fn_801C9510.o
[455/874] EXTERNALIZE build/GEDE01/src/game/game_fn_80126A00.o
[456/874] EXTERNALIZE build/GEDE01/src/game/game_fn_8013D6A4.o
[457/874] EXTERNALIZE build/GEDE01/src/game/game_fn_800C9C60.o
[458/874] EXTERNALIZE build/GEDE01/src/game/game_fn_801B4FB4.o
[459/874] EXTERNALIZE build/GEDE01/src/game/game_fn_801B5228.o
[460/874] EXTERNALIZE build/GEDE01/src/game/game_fn_801C87DC.o
[461/874] EXTERNALIZE build/GEDE01/src/game/game_fn_801C8CC0.o
[462/874] EXTERNALIZE build/GEDE01/src/game/game_fn_801B6F1C.o
[463/874] EXTERNALIZE build/GEDE01/src/game/game_fn_800FD0C8.o
[464/874] EXTERNALIZE build/GEDE01/src/game/game_fn_801BDE7C.o
[465/874] EXTERNALIZE build/GEDE01/src/game/game_fn_801BE0D4.o
[466/874] EXTERNALIZE STATIC POOL build/GEDE01/src/game/game_fn_801C9A08.o
build/GEDE01/src/game/game_fn_801C9A08.o: lbl_80629390 now undefined; section 3 emptied
[467/874] EXTERNALIZE build/GEDE01/src/game/game_fn_801B941C.o
[468/874] EXTERNALIZE STATIC POOL build/GEDE01/src/game/game_fn_801C9B1C.o
build/GEDE01/src/game/game_fn_801C9B1C.o: lbl_80629390 now undefined; section 3 emptied
[469/874] EXTERNALIZE STATIC POOL build/GEDE01/src/game/game_fn_801BD990.o
build/GEDE01/src/game/game_fn_801BD990.o: lbl_80626D80 now undefined; section 6 emptied
[470/874] EXTERNALIZE STATIC POOL build/GEDE01/src/game/game_fn_801B58F0.o
build/GEDE01/src/game/game_fn_801B58F0.o: lbl_8060C020 now undefined; section 3 emptied
[471/874] EXTERNALIZE STATIC POOL build/GEDE01/src/game/game_fn_801B9E7C.o
build/GEDE01/src/game/game_fn_801B9E7C.o: 0 relocation(s) moved from streamInfo to ...bss.0
build/GEDE01/src/game/game_fn_801B9E7C.o: lbl_8061AE48 now undefined; section 6 emptied
[472/874] EXTERNALIZE STATIC POOL build/GEDE01/src/game/game_fn_801BB1A0.o
build/GEDE01/src/game/game_fn_801BB1A0.o: 0 relocation(s) moved from streamInfo to ...bss.0
build/GEDE01/src/game/game_fn_801BB1A0.o: lbl_8061AE48 now undefined; section 6 emptied
[473/874] EXTERNALIZE STATIC build/GEDE01/src/game/game_fn_801B35BC.o
build/GEDE01/src/game/game_fn_801B35BC.o: lbl_8060D420 now undefined; section 6 emptied
[474/874] EXTERNALIZE STATIC POOL build/GEDE01/src/game/game_fn_801BA708.o
build/GEDE01/src/game/game_fn_801BA708.o: 0 relocation(s) moved from streamInfo to ...bss.0
build/GEDE01/src/game/game_fn_801BA708.o: lbl_8061AE48 now undefined; section 6 emptied
[475/874] EXTERNALIZE STATIC POOL build/GEDE01/src/game/game_fn_801BC8F4.o
build/GEDE01/src/game/game_fn_801BC8F4.o: lbl_8061C748 now undefined; section 6 emptied
[476/874] EXTERNALIZE STATIC build/GEDE01/src/game/game_fn_801BC240.o
build/GEDE01/src/game/game_fn_801BC240.o: lbl_8061C748 now undefined; section 6 emptied
[477/874] EXTERNALIZE STATIC POOL build/GEDE01/src/game/game_fn_801BCC04.o
build/GEDE01/src/game/game_fn_801BCC04.o: lbl_8061C748 now undefined; section 6 emptied
[478/874] EXTERNALIZE STATIC POOL build/GEDE01/src/game/game_fn_801BC0D4.o
build/GEDE01/src/game/game_fn_801BC0D4.o: lbl_8061C748 now undefined; section 6 emptied
[479/874] EXTERNALIZE STATIC POOL build/GEDE01/src/game/game_fn_801C1CB0.o
build/GEDE01/src/game/game_fn_801C1CB0.o: lbl_80626DA0 now undefined; section 3 emptied
[480/874] RENAME build/GEDE01/src/game/game_InitMetroTRKCommTable.o
[481/874] EXTERNALIZE STATIC POOL build/GEDE01/src/game/game_fn_801CE09C.o
build/GEDE01/src/game/game_fn_801CE09C.o: lbl_80631340 now undefined; section 6 emptied
[482/874] RENAME RUNTIME INTRINSICS build/GEDE01/src/game/game_fn_801CB4F8.o
[483/874] EXTERNALIZE STATIC POOL build/GEDE01/src/game/game_fn_8010242C.o
build/GEDE01/src/game/game_fn_8010242C.o: lbl_8032CC08 now undefined; section 3 emptied
[484/874] EXTERNALIZE build/GEDE01/src/game/game_fn_801D3988.o
[485/874] EXTERNALIZE build/GEDE01/src/game/game_fn_801D1B10.o
[486/874] ALIGN DATA build/GEDE01/src/game/game_fn_80008014.o
[487/874] EXTERNALIZE build/GEDE01/src/game/game_fn_801CE594.o
[488/874] EXTERNALIZE build/GEDE01/src/game/game_fn_801C8224.o
[489/874] EXTERNALIZE build/GEDE01/src/game/game_fn_8014549C.o
[490/874] EXTERNALIZE build/GEDE01/src/game/game_fn_801098C0.o
[491/874] EXTERNALIZE build/GEDE01/src/game/game_fn_8000FDE8.o
[492/874] EXTERNALIZE build/GEDE01/src/game/game_fn_801C29BC.o
[493/874] EXTERNALIZE build/GEDE01/src/game/game_fn_80185F10.o
[494/874] EXTERNALIZE build/GEDE01/src/game/game_fn_801C8F50.o
[495/874] EXTERNALIZE build/GEDE01/src/game/game_fn_8007B828.o
[496/874] EXTERNALIZE build/GEDE01/src/game/game_fn_801C90A4.o
[497/874] EXTERNALIZE build/GEDE01/src/game/game_fn_801C8160.o
[498/874] EXTERNALIZE build/GEDE01/src/game/game_fn_801C2AAC.o
[499/874] EXTERNALIZE build/GEDE01/src/game/game_fn_801C2980.o
[500/874] EXTERNALIZE build/GEDE01/src/game/game_fn_801C2D9C.o
[501/874] EXTERNALIZE build/GEDE01/src/game/game_fn_801B02F0.o
[502/874] EXTERNALIZE build/GEDE01/src/game/game_fn_801AFA74.o
[503/874] EXTERNALIZE build/GEDE01/src/game/game_fn_801AC8AC.o
[504/874] EXTERNALIZE build/GEDE01/src/game/game_fn_801ABD3C.o
[505/874] EXTERNALIZE build/GEDE01/src/game/game_fn_801816D4.o
[506/874] EXTERNALIZE build/GEDE01/src/game/game_fn_8011F140.o
[507/874] EXTERNALIZE build/GEDE01/src/game/game_fn_801AD08C.o
[508/874] EXTERNALIZE build/GEDE01/src/game/game_fn_8004998C.o
[509/874] EXTERNALIZE build/GEDE01/src/game/game_fn_80079AA4.o
[510/874] EXTERNALIZE build/GEDE01/src/game/game_fn_80158D38.o
[511/874] EXTERNALIZE build/GEDE01/src/game/game_fn_801A3A78.o
[512/874] EXTERNALIZE build/GEDE01/src/game/game_fn_8008F224.o
[513/874] EXTERNALIZE build/GEDE01/src/game/game_fn_80167454.o
[514/874] EXTERNALIZE build/GEDE01/src/game/game_fn_800AF230.o
[515/874] EXTERNALIZE build/GEDE01/src/game/game_fn_801A93E8.o
[516/874] EXTERNALIZE build/GEDE01/src/game/game_fn_801AB154.o
[517/874] EXTERNALIZE build/GEDE01/src/game/game_fn_801A7E04.o
[518/874] EXTERNALIZE build/GEDE01/src/game/game_fn_801A7EA8.o
[519/874] EXTERNALIZE build/GEDE01/src/game/game_fn_801A6CB4.o
[520/874] EXTERNALIZE build/GEDE01/src/game/game_fn_801A4CE0.o
[521/874] EXTERNALIZE build/GEDE01/src/game/game_fn_801A6C58.o
[522/874] NAME JUMPTABLE build/GEDE01/src/game/game_fn_801A6ADC.o
[523/874] EXTERNALIZE build/GEDE01/src/game/game_fn_801A6410.o
[524/874] EXTERNALIZE build/GEDE01/src/game/game_fn_801A1F18.o
[525/874] EXTERNALIZE build/GEDE01/src/game/game_fn_801A5FB0.o
[526/874] EXTERNALIZE build/GEDE01/src/game/game_fn_8019E8C8.o
[527/874] EXTERNALIZE build/GEDE01/src/game/game_fn_8019E5E4.o
[528/874] EXTERNALIZE build/GEDE01/src/game/game_fn_8019CFC4.o
[529/874] EXTERNALIZE build/GEDE01/src/game/game_fn_8019CC28.o
[530/874] EXTERNALIZE build/GEDE01/src/game/game_fn_801991E0.o
[531/874] EXTERNALIZE build/GEDE01/src/game/game_fn_80198BF4.o
[532/874] EXTERNALIZE build/GEDE01/src/game/game_fn_80198AAC.o
[533/874] EXTERNALIZE build/GEDE01/src/game/game_fn_80198154.o
[534/874] EXTERNALIZE build/GEDE01/src/game/game_fn_80194F80.o
[535/874] EXTERNALIZE build/GEDE01/src/game/game_fn_80197910.o
[536/874] EXTERNALIZE build/GEDE01/src/game/game_fn_80177434.o
repointed 2 relocations to lbl_80250588
[537/874] EXTERNALIZE build/GEDE01/src/game/game_fn_80193E1C.o
[538/874] EXTERNALIZE build/GEDE01/src/game/game_fn_801931C4.o
[539/874] EXTERNALIZE build/GEDE01/src/game/game_fn_80193F3C.o
[540/874] EXTERNALIZE build/GEDE01/src/game/game_fn_80192F54.o
[541/874] EXTERNALIZE build/GEDE01/src/game/game_fn_80191F58.o
[542/874] EXTERNALIZE build/GEDE01/src/game/game_fn_8019197C.o
[543/874] EXTERNALIZE build/GEDE01/src/game/game_fn_80191360.o
[544/874] GLOBALIZE build/GEDE01/src/game/game_fn_8018F1D0.o
[545/874] EXTERNALIZE build/GEDE01/src/game/game_fn_8018D688.o
[546/874] EXTERNALIZE build/GEDE01/src/game/game_fn_8018F81C.o
[547/874] EXTERNALIZE build/GEDE01/src/game/game_fn_8018D2E0.o
[548/874] EXTERNALIZE build/GEDE01/src/game/game_fn_80189968.o
[549/874] EXTERNALIZE build/GEDE01/src/game/game_fn_8018D1F0.o
[550/874] EXTERNALIZE build/GEDE01/src/game/game_fn_80189760.o
[551/874] EXTERNALIZE build/GEDE01/src/game/game_fn_801896A0.o
[552/874] EXTERNALIZE build/GEDE01/src/game/game_fn_801895E8.o
[553/874] EXTERNALIZE build/GEDE01/src/game/game_fn_80189390.o
[554/874] EXTERNALIZE build/GEDE01/src/game/game_fn_801891D8.o
[555/874] EXTERNALIZE build/GEDE01/src/game/game_fn_80189028.o
[556/874] EXTERNALIZE build/GEDE01/src/game/game_fn_80188E28.o
[557/874] EXTERNALIZE build/GEDE01/src/game/game_fn_80188B44.o
[558/874] EXTERNALIZE build/GEDE01/src/game/game_fn_80188C1C.o
[559/874] EXTERNALIZE build/GEDE01/src/game/game_fn_80188A7C.o
[560/874] EXTERNALIZE build/GEDE01/src/game/game_fn_801878E0.o
[561/874] EXTERNALIZE build/GEDE01/src/game/game_fn_80187120.o
[562/874] EXTERNALIZE build/GEDE01/src/game/game_fn_8018FEDC.o
[563/874] EXTERNALIZE build/GEDE01/src/game/game_fn_80186E10.o
[564/874] EXTERNALIZE build/GEDE01/src/game/game_fn_801865EC.o
[565/874] EXTERNALIZE build/GEDE01/src/game/game_fn_80185AE8.o
[566/874] EXTERNALIZE build/GEDE01/src/game/game_fn_801859FC.o
[567/874] EXTERNALIZE build/GEDE01/src/game/game_fn_80180DDC.o
[568/874] EXTERNALIZE build/GEDE01/src/game/game_fn_8017E958.o
[569/874] EXTERNALIZE build/GEDE01/src/game/game_fn_8017E850.o
[570/874] EXTERNALIZE build/GEDE01/src/game/game_fn_8017718C.o
[571/874] EXTERNALIZE build/GEDE01/src/game/game_fn_801770F8.o
[572/874] EXTERNALIZE build/GEDE01/src/game/game_fn_80176FA0.o
[573/874] EXTERNALIZE build/GEDE01/src/game/game_fn_80176DF4.o
[574/874] EXTERNALIZE build/GEDE01/src/game/game_fn_80174358.o
[575/874] EXTERNALIZE build/GEDE01/src/game/game_fn_80173F04.o
[576/874] EXTERNALIZE build/GEDE01/src/game/game_fn_80174184.o
[577/874] EXTERNALIZE build/GEDE01/src/game/game_fn_8017553C.o
[578/874] EXTERNALIZE build/GEDE01/src/game/game_fn_80173D44.o
[579/874] EXTERNALIZE build/GEDE01/src/game/game_fn_80173770.o
[580/874] EXTERNALIZE build/GEDE01/src/game/game_fn_801734B4.o
[581/874] EXTERNALIZE build/GEDE01/src/game/game_fn_80173270.o
[582/874] EXTERNALIZE build/GEDE01/src/game/game_fn_80172DB8.o
[583/874] EXTERNALIZE build/GEDE01/src/game/game_fn_80172BB0.o
[584/874] EXTERNALIZE build/GEDE01/src/game/game_fn_80172C78.o
[585/874] EXTERNALIZE build/GEDE01/src/game/game_fn_8017250C.o
[586/874] EXTERNALIZE build/GEDE01/src/game/game_fn_801726EC.o
[587/874] EXTERNALIZE build/GEDE01/src/game/game_fn_801719B4.o
[588/874] EXTERNALIZE build/GEDE01/src/game/game_fn_80171F30.o
[589/874] EXTERNALIZE build/GEDE01/src/game/game_fn_801718F4.o
[590/874] EXTERNALIZE build/GEDE01/src/game/game_fn_80171664.o
[591/874] EXTERNALIZE build/GEDE01/src/game/game_fn_8017138C.o
[592/874] EXTERNALIZE build/GEDE01/src/game/game_fn_80170A40.o
[593/874] NORMALIZE build/GEDE01/src/game/game_TRKNubWelcome.o
[594/874] NORMALIZE build/GEDE01/src/game/game_TRK_main.o
[595/874] NORMALIZE build/GEDE01/src/game/game_data_80239E10.o
[596/874] NORMALIZE build/GEDE01/src/game/game_data_80239E18.o
[597/874] EXTERNALIZE build/GEDE01/src/game/game_fn_801706DC.o
[598/874] EXTERNALIZE build/GEDE01/src/game/game_fn_8017652C.o
[599/874] EXTERNALIZE build/GEDE01/src/game/game_fn_80170E9C.o
[600/874] EXTERNALIZE build/GEDE01/src/game/game_fn_80175E64.o
[601/874] EXTERNALIZE build/GEDE01/src/game/game_fn_80175F0C.o
[602/874] EXTERNALIZE build/GEDE01/src/game/game_fn_80175FD4.o
[603/874] EXTERNALIZE build/GEDE01/src/game/game_fn_80176098.o
[604/874] EXTERNALIZE build/GEDE01/src/game/game_fn_80176220.o
[605/874] EXTERNALIZE build/GEDE01/src/game/game_fn_80176160.o
[606/874] EXTERNALIZE build/GEDE01/src/game/game_fn_80170DF4.o
[607/874] EXTERNALIZE build/GEDE01/src/game/game_fn_801762E8.o
[608/874] EXTERNALIZE build/GEDE01/src/game/game_fn_8016E8F8.o
[609/874] EXTERNALIZE build/GEDE01/src/game/game_fn_8016FEF8.o
[610/874] EXTERNALIZE build/GEDE01/src/game/game_fn_801704F8.o
[611/874] NORMALIZE build/GEDE01/src/game/game_fn_8016DF4C.o
[612/874] EXTERNALIZE build/GEDE01/src/game/game_fn_8016D2B8.o
[613/874] EXTERNALIZE build/GEDE01/src/game/game_fn_8016D040.o
[614/874] EXTERNALIZE build/GEDE01/src/game/game_fn_8016D1F8.o
[615/874] EXTERNALIZE build/GEDE01/src/game/game_fn_8016C774.o
[616/874] EXTERNALIZE build/GEDE01/src/game/game_fn_8016C4BC.o
[617/874] EXTERNALIZE build/GEDE01/src/game/game_fn_8016C238.o
[618/874] EXTERNALIZE build/GEDE01/src/game/game_fn_8016C164.o
[619/874] EXTERNALIZE build/GEDE01/src/game/game_fn_8016C0BC.o
[620/874] EXTERNALIZE build/GEDE01/src/game/game_fn_8017038C.o
[621/874] EXTERNALIZE build/GEDE01/src/game/game_fn_8016BE1C.o
[622/874] EXTERNALIZE build/GEDE01/src/game/game_fn_8016BF60.o
[623/874] EXTERNALIZE build/GEDE01/src/game/game_fn_8016BD0C.o
[624/874] EXTERNALIZE build/GEDE01/src/game/game_fn_80169650.o
[625/874] EXTERNALIZE build/GEDE01/src/game/game_fn_80167B5C.o
[626/874] EXTERNALIZE build/GEDE01/src/game/game_fn_8015EDC0.o
[627/874] EXTERNALIZE build/GEDE01/src/game/game_fn_8015DB84.o
[628/874] EXTERNALIZE build/GEDE01/src/game/game_fn_8015DC54.o
[629/874] EXTERNALIZE build/GEDE01/src/game/game_fn_80158B20.o
[630/874] EXTERNALIZE build/GEDE01/src/game/game_fn_80179398.o
[631/874] EXTERNALIZE build/GEDE01/src/game/game_fn_8017960C.o
[632/874] EXTERNALIZE build/GEDE01/src/game/game_fn_80179904.o
[633/874] EXTERNALIZE build/GEDE01/src/game/game_fn_8017974C.o
[634/874] EXTERNALIZE build/GEDE01/src/game/game_fn_80179A18.o
[635/874] EXTERNALIZE build/GEDE01/src/game/game_fn_8017A9B8.o
[636/874] EXTERNALIZE build/GEDE01/src/game/game_fn_80179A74.o
[637/874] EXTERNALIZE build/GEDE01/src/game/game_fn_80179EB8.o
[638/874] EXTERNALIZE build/GEDE01/src/game/game_fn_80179F20.o
[639/874] EXTERNALIZE build/GEDE01/src/game/game_fn_8017A010.o
[640/874] EXTERNALIZE build/GEDE01/src/game/game_fn_8017A12C.o
[641/874] EXTERNALIZE build/GEDE01/src/game/game_fn_8017A1C0.o
[642/874] EXTERNALIZE build/GEDE01/src/game/game_fn_80157C0C.o
[643/874] EXTERNALIZE build/GEDE01/src/game/game_fn_80155814.o
[644/874] EXTERNALIZE build/GEDE01/src/game/game_fn_80153898.o
[645/874] EXTERNALIZE build/GEDE01/src/game/game_fn_8014B494.o
[646/874] EXTERNALIZE build/GEDE01/src/game/game_fn_8014AF38.o
[647/874] EXTERNALIZE build/GEDE01/src/game/game_fn_8012DB28.o
[648/874] EXTERNALIZE build/GEDE01/src/game/game_fn_801141B8.o
[649/874] EXTERNALIZE build/GEDE01/src/game/game_fn_801128E4.o
[650/874] EXTERNALIZE build/GEDE01/src/game/game_fn_801126E0.o
[651/874] EXTERNALIZE build/GEDE01/src/game/game_fn_8010F184.o
[652/874] EXTERNALIZE build/GEDE01/src/game/game_fn_800E4980.o
[653/874] EXTERNALIZE build/GEDE01/src/game/game_fn_800C17EC.o
[654/874] EXTERNALIZE build/GEDE01/src/game/game_fn_800C59F0.o
[655/874] EXTERNALIZE build/GEDE01/src/game/game_fn_800C644C.o
[656/874] EXTERNALIZE build/GEDE01/src/game/game_fn_800C65FC.o
[657/874] EXTERNALIZE build/GEDE01/src/game/game_fn_800CB760.o
[658/874] EXTERNALIZE build/GEDE01/src/game/game_fn_800CB8F4.o
[659/874] EXTERNALIZE build/GEDE01/src/game/game_fn_80078500.o
[660/874] EXTERNALIZE build/GEDE01/src/game/game_fn_80079908.o
[661/874] EXTERNALIZE build/GEDE01/src/game/game_fn_8007B2F4.o
[662/874] EXTERNALIZE build/GEDE01/src/game/game_fn_8007B540.o
[663/874] EXTERNALIZE build/GEDE01/src/game/game_fn_8007B640.o
[664/874] EXTERNALIZE build/GEDE01/src/game/game_fn_800886D8.o
[665/874] EXTERNALIZE build/GEDE01/src/game/game_fn_8007BA3C.o
[666/874] EXTERNALIZE build/GEDE01/src/game/game_fn_800934A0.o
[667/874] EXTERNALIZE build/GEDE01/src/game/game_fn_800A3894.o
[668/874] EXTERNALIZE build/GEDE01/src/game/game_fn_800A7E88.o
[669/874] EXTERNALIZE build/GEDE01/src/game/game_fn_800A4798.o
[670/874] GLOBALIZE build/GEDE01/src/game/game_fn_800A2130.o
[671/874] EXTERNALIZE build/GEDE01/src/game/game_fn_8009C424.o
[672/874] EXTERNALIZE build/GEDE01/src/game/game_fn_800A2FCC.o
[673/874] EXTERNALIZE build/GEDE01/src/game/game_fn_80096830.o
[674/874] GLOBALIZE build/GEDE01/src/game/game_fn_8008F890.o
[675/874] EXTERNALIZE SWITCHES build/GEDE01/src/game/game_fn_80095FDC.o
[676/874] EXTERNALIZE build/GEDE01/src/game/game_fn_800A4428.o
[677/874] EXTERNALIZE build/GEDE01/src/game/game_fn_80074310.o
[678/874] GLOBALIZE build/GEDE01/src/game/game_fn_8005FD84.o
[679/874] EXTERNALIZE build/GEDE01/src/game/game_fn_80066888.o
[680/874] EXTERNALIZE build/GEDE01/src/game/game_fn_8005EC6C.o
[681/874] EXTERNALIZE build/GEDE01/src/game/game_fn_80052310.o
[682/874] EXTERNALIZE build/GEDE01/src/game/game_fn_80048B24.o
[683/874] NAME SWITCH build/GEDE01/src/game/game_fn_80020E94.o
[684/874] NAME SWITCH build/GEDE01/src/game/game_fn_8005EE9C.o
[685/874] NAME SWITCH build/GEDE01/src/game/game_fn_8016D9C0.o
[686/874] NAME SWITCH build/GEDE01/src/game/game_fn_80071A58.o
[687/874] EXTERNALIZE build/GEDE01/src/game/game_fn_80048ADC.o
[688/874] NAME SWITCH build/GEDE01/src/game/game_fn_8006B620.o
[689/874] NAME SWITCH build/GEDE01/src/game/game_fn_8001FE1C.o
[690/874] NAME SWITCH build/GEDE01/src/game/game_fn_8001E644.o
[691/874] EXTERNALIZE build/GEDE01/src/game/game_fn_80038878.o
[692/874] EXTERNALIZE build/GEDE01/src/game/game_fn_801B46C8.o
build/GEDE01/src/game/game_fn_801B46C8.o: lbl_8060C020 now undefined; section 6 emptied
[693/874] EXTERNALIZE build/GEDE01/src/game/game_fn_80036C40.o
[694/874] EXTERNALIZE build/GEDE01/src/game/game_fn_800359A0.o
[695/874] EXTERNALIZE build/GEDE01/src/game/game_fn_80033038.o
[696/874] EXTERNALIZE build/GEDE01/src/game/game_fn_80033180.o
[697/874] EXTERNALIZE build/GEDE01/src/game/game_fn_8003232C.o
[698/874] EXTERNALIZE build/GEDE01/src/game/game_fn_80032B84.o
[699/874] EXTERNALIZE build/GEDE01/src/game/game_fn_8002E3F0.o
[700/874] EXTERNALIZE build/GEDE01/src/game/game_fn_8002DAE0.o
[701/874] EXTERNALIZE build/GEDE01/src/game/game_fn_8002EA68.o
[702/874] GLOBALIZE build/GEDE01/src/game/game_fn_8002B748.o
[703/874] EXTERNALIZE build/GEDE01/src/game/game_fn_8002F428.o
[704/874] NAME SWITCHES build/GEDE01/src/game/game_fn_80024F28.o
[705/874] EXTERNALIZE build/GEDE01/src/game/game_fn_800272B4.o
[706/874] EXTERNALIZE build/GEDE01/src/game/game_fn_8001CE94.o
[707/874] EXTERNALIZE build/GEDE01/src/game/game_fn_8001CD58.o
[708/874] EXTERNALIZE build/GEDE01/src/game/game_fn_8001C078.o
[709/874] EXTERNALIZE build/GEDE01/src/game/game_fn_8001B874.o
[710/874] EXTERNALIZE build/GEDE01/src/game/game_fn_8001B808.o
[711/874] EXTERNALIZE build/GEDE01/src/game/game_fn_8001B294.o
[712/874] EXTERNALIZE build/GEDE01/src/game/game_fn_8001B124.o
[713/874] EXTERNALIZE build/GEDE01/src/game/game_fn_8001ADF8.o
[714/874] EXTERNALIZE build/GEDE01/src/game/game_fn_8001AF68.o
[715/874] EXTERNALIZE build/GEDE01/src/game/game_fn_8001AAB8.o
[716/874] EXTERNALIZE build/GEDE01/src/game/game_fn_8001A6C4.o
[717/874] EXTERNALIZE build/GEDE01/src/game/game_fn_80019F98.o
[718/874] EXTERNALIZE build/GEDE01/src/game/game_fn_80019D2C.o
[719/874] EXTERNALIZE build/GEDE01/src/game/game_fn_80019C10.o
[720/874] EXTERNALIZE build/GEDE01/src/game/game_fn_80019940.o
[721/874] EXTERNALIZE build/GEDE01/src/game/game_fn_800194D0.o
[722/874] EXTERNALIZE build/GEDE01/src/game/game_fn_80019244.o
[723/874] EXTERNALIZE build/GEDE01/src/game/game_fn_80019054.o
[724/874] EXTERNALIZE build/GEDE01/src/game/game_fn_80018EF4.o
[725/874] EXTERNALIZE build/GEDE01/src/game/game_fn_80017DB0.o
[726/874] EXTERNALIZE build/GEDE01/src/game/game_fn_80017CC8.o
[727/874] EXTERNALIZE build/GEDE01/src/game/game_fn_80017C3C.o
[728/874] EXTERNALIZE build/GEDE01/src/game/game_fn_80017A3C.o
[729/874] EXTERNALIZE build/GEDE01/src/game/game_fn_80017AE4.o
[730/874] EXTERNALIZE build/GEDE01/src/game/game_fn_800179AC.o
[731/874] EXTERNALIZE build/GEDE01/src/game/game_fn_80017910.o
[732/874] EXTERNALIZE FLAGS build/GEDE01/src/game/game_fn_800119FC.o
[733/874] EXTERNALIZE build/GEDE01/src/game/game_fn_8000FFD8.o
[734/874] EXTERNALIZE build/GEDE01/src/game/game_fn_8000F4B0.o
[735/874] GLOBALIZE build/GEDE01/src/game/game_fn_800094C0.o
[736/874] EXTERNALIZE build/GEDE01/src/game/game_fn_8000EFC4.o
[737/874] EXTERNALIZE build/GEDE01/src/game/game_fn_800096E0.o
[738/874] EXTERNALIZE build/GEDE01/src/game/game_fn_800098C0.o
[739/874] EXTERNALIZE build/GEDE01/src/game/game_fn_800099D8.o
[740/874] EXTERNALIZE build/GEDE01/src/game/game_fn_80009AB4.o
[741/874] EXTERNALIZE build/GEDE01/src/game/game_fn_8000A26C.o
[742/874] EXTERNALIZE build/GEDE01/src/game/game_fn_800171C0.o
[743/874] EXTERNALIZE build/GEDE01/src/game/game_fn_800176F0.o
[744/874] EXTERNALIZE build/GEDE01/src/game/game_fn_8000AC88.o
[745/874] EXTERNALIZE build/GEDE01/src/game/game_fn_8000AEB4.o
[746/874] EXTERNALIZE build/GEDE01/src/game/game_fn_8000AFB4.o
[747/874] EXTERNALIZE build/GEDE01/src/game/game_fn_8000B1B8.o
[748/874] EXTERNALIZE build/GEDE01/src/game/game_fn_8000B36C.o
[749/874] EXTERNALIZE build/GEDE01/src/game/game_fn_8000B630.o
[750/874] EXTERNALIZE build/GEDE01/src/game/game_fn_8000B7FC.o
[751/874] EXTERNALIZE build/GEDE01/src/game/game_fn_8000B900.o
[752/874] EXTERNALIZE build/GEDE01/src/game/game_fn_8000BA0C.o
[753/874] EXTERNALIZE build/GEDE01/src/game/game_fn_8000BAA0.o
[754/874] EXTERNALIZE build/GEDE01/src/game/game_fn_8000BC40.o
[755/874] EXTERNALIZE build/GEDE01/src/game/game_fn_8000C06C.o
[756/874] EXTERNALIZE build/GEDE01/src/game/game_fn_8000C17C.o
[757/874] EXTERNALIZE build/GEDE01/src/game/game_fn_8000C400.o
[758/874] EXTERNALIZE build/GEDE01/src/game/game_fn_8000C848.o
[759/874] EXTERNALIZE build/GEDE01/src/game/game_fn_8000C91C.o
[760/874] EXTERNALIZE build/GEDE01/src/game/game_fn_8000D0BC.o
[761/874] NAME SWITCH build/GEDE01/src/game/game_fn_8000D8A4.o
[762/874] EXTERNALIZE build/GEDE01/src/game/game_fn_8000D3D4.o
[763/874] EXTERNALIZE build/GEDE01/src/game/game_fn_8000E054.o
[764/874] EXTERNALIZE build/GEDE01/src/game/game_fn_8000E0AC.o
[765/874] EXTERNALIZE build/GEDE01/src/game/game_fn_8000E96C.o
[766/874] EXTERNALIZE build/GEDE01/src/game/game_fn_8000F774.o
[767/874] EXTERNALIZE build/GEDE01/src/game/game_fn_8000EB14.o
[768/874] EXTERNALIZE build/GEDE01/src/game/game_fn_8000EBD4.o
[769/874] EXTERNALIZE build/GEDE01/src/game/game_fn_8000ED44.o
[770/874] EXTERNALIZE build/GEDE01/src/game/game_fn_8000E138.o
[771/874] EXTERNALIZE build/GEDE01/src/game/game_fn_8000D590.o
[772/874] EXTERNALIZE build/GEDE01/src/game/game_fn_8000E1C4.o
[773/874] EXTERNALIZE build/GEDE01/src/game/game_fn_8000DA50.o
[774/874] EXTERNALIZE build/GEDE01/src/game/game_fn_8000DAF4.o
[775/874] EXTERNALIZE build/GEDE01/src/game/game_fn_80012DA8.o
[776/874] EXTERNALIZE build/GEDE01/src/game/game_fn_80012F40.o
[777/874] EXTERNALIZE build/GEDE01/src/game/game_fn_80012FD0.o
[778/874] EXTERNALIZE build/GEDE01/src/game/game_fn_800131E8.o
[779/874] EXTERNALIZE build/GEDE01/src/game/game_fn_80013340.o
[780/874] EXTERNALIZE build/GEDE01/src/game/game_fn_80013870.o
[781/874] EXTERNALIZE build/GEDE01/src/game/game_fn_80013CB0.o
[782/874] EXTERNALIZE build/GEDE01/src/game/game_fn_80013D54.o
[783/874] EXTERNALIZE build/GEDE01/src/game/game_fn_800142DC.o
[784/874] EXTERNALIZE build/GEDE01/src/game/game_fn_800144CC.o
[785/874] EXTERNALIZE build/GEDE01/src/game/game_fn_80014784.o
[786/874] EXTERNALIZE build/GEDE01/src/game/game_fn_800149D4.o
[787/874] EXTERNALIZE build/GEDE01/src/game/game_fn_80015058.o
[788/874] EXTERNALIZE build/GEDE01/src/game/game_fn_80015320.o
[789/874] EXTERNALIZE build/GEDE01/src/game/game_fn_80015568.o
[790/874] EXTERNALIZE build/GEDE01/src/game/game_fn_800156FC.o
[791/874] EXTERNALIZE build/GEDE01/src/game/game_fn_80015BE0.o
[792/874] EXTERNALIZE build/GEDE01/src/game/game_fn_80015D40.o
[793/874] EXTERNALIZE build/GEDE01/src/game/game_fn_80015F04.o
[794/874] EXTERNALIZE build/GEDE01/src/game/game_fn_80016128.o
[795/874] EXTERNALIZE build/GEDE01/src/game/game_fn_80016904.o
[796/874] EXTERNALIZE build/GEDE01/src/game/game_fn_80016270.o
[797/874] EXTERNALIZE build/GEDE01/src/game/game_fn_800173CC.o
[798/874] EXTERNALIZE build/GEDE01/src/game/game_fn_80016B24.o
[799/874] EXTERNALIZE build/GEDE01/src/game/game_fn_801BEF40.o
[800/874] EXTERNALIZE build/GEDE01/src/game/game_fn_801B86C0.o
[801/874] EXTERNALIZE STATIC POOL build/GEDE01/src/game/game_fn_801C4B5C.o
build/GEDE01/src/game/game_fn_801C4B5C.o: lbl_80628CB0 now undefined; section 6 emptied
[802/874] EXTERNALIZE build/GEDE01/src/game/game_fn_8001CA04.o
[803/874] EXTERNALIZE build/GEDE01/src/game/game_fn_801C8600.o
[804/874] EXTERNALIZE build/GEDE01/src/game/game_fn_80031544.o
[805/874] EXTERNALIZE build/GEDE01/src/game/game_fn_8006B0F0.o
[806/874] EXTERNALIZE build/GEDE01/src/game/game_fn_8007D4D8.o
[807/874] EXTERNALIZE build/GEDE01/src/game/game_fn_8007F770.o
[808/874] EXTERNALIZE build/GEDE01/src/game/game_fn_80088F4C.o
[809/874] EXTERNALIZE build/GEDE01/src/game/game_fn_8008A2E0.o
[810/874] EXTERNALIZE build/GEDE01/src/game/game_fn_80095D10.o
[811/874] EXTERNALIZE build/GEDE01/src/game/game_fn_80090004.o
[812/874] EXTERNALIZE build/GEDE01/src/game/game_fn_800A3180.o
[813/874] EXTERNALIZE build/GEDE01/src/game/game_fn_800BB7A8.o
[814/874] EXTERNALIZE build/GEDE01/src/game/game_fn_800BB5C4.o
[815/874] EXTERNALIZE build/GEDE01/src/game/game_fn_800BBAF0.o
[816/874] EXTERNALIZE build/GEDE01/src/game/game_fn_800BB9A4.o
[817/874] EXTERNALIZE build/GEDE01/src/game/game_fn_800D9064.o
[818/874] EXTERNALIZE build/GEDE01/src/game/game_fn_800D9E10.o
[819/874] EXTERNALIZE build/GEDE01/src/game/game_fn_8012976C.o
[820/874] EXTERNALIZE build/GEDE01/src/game/game_fn_8013CBE4.o
[821/874] EXTERNALIZE build/GEDE01/src/game/game_fn_8013DB8C.o
[822/874] EXTERNALIZE build/GEDE01/src/game/game_fn_8014CA98.o
[823/874] EXTERNALIZE build/GEDE01/src/game/game_fn_80153A24.o
[824/874] EXTERNALIZE build/GEDE01/src/game/game_fn_801535D8.o
[825/874] EXTERNALIZE build/GEDE01/src/game/game_fn_80174F2C.o
[826/874] EXTERNALIZE build/GEDE01/src/game/game_fn_8017AC20.o
[827/874] EXTERNALIZE build/GEDE01/src/game/game_fn_8018680C.o
[828/874] EXTERNALIZE build/GEDE01/src/game/game_fn_80186F70.o
[829/874] EXTERNALIZE build/GEDE01/src/game/game_fn_80187320.o
[830/874] EXTERNALIZE build/GEDE01/src/game/game_fn_801810A0.o
[831/874] EXTERNALIZE build/GEDE01/src/game/game_fn_801875FC.o
[832/874] EXTERNALIZE build/GEDE01/src/game/game_fn_800542D0.o
[833/874] EXTERNALIZE build/GEDE01/src/game/game_fn_80187BB4.o
[834/874] EXTERNALIZE build/GEDE01/src/game/game_fn_8018C2D0.o
[835/874] EXTERNALIZE build/GEDE01/src/game/game_fn_8018E0D8.o
[836/874] EXTERNALIZE build/GEDE01/src/game/game_fn_8018D400.o
[837/874] EXTERNALIZE build/GEDE01/src/game/game_fn_8019120C.o
[838/874] EXTERNALIZE build/GEDE01/src/game/game_fn_801926EC.o
[839/874] EXTERNALIZE build/GEDE01/src/game/game_fn_801916D0.o
[840/874] EXTERNALIZE build/GEDE01/src/game/game_fn_801929A4.o
[841/874] EXTERNALIZE build/GEDE01/src/game/game_fn_801A2A54.o
[842/874] EXTERNALIZE build/GEDE01/src/game/game_fn_801A34BC.o
[843/874] EXTERNALIZE build/GEDE01/src/game/game_fn_801A657C.o
[844/874] EXTERNALIZE build/GEDE01/src/game/game_fn_801D1F78.o
[845/874] EXTERNALIZE build/GEDE01/src/game/game_fn_801E2A48.o
[846/874] EXTERNALIZE build/GEDE01/src/game/game_fn_801E6814.o
[847/874] EXTERNALIZE build/GEDE01/src/game/game_fn_801EF580.o
[848/874] EXTERNALIZE build/GEDE01/src/game/game_fn_801F10BC.o
[849/874] EXTERNALIZE build/GEDE01/src/game/game_fn_801F35A8.o
[850/874] EXTERNALIZE build/GEDE01/src/game/game_fn_801ECD74.o
[851/874] EXTERNALIZE build/GEDE01/src/game/game_fn_801F69F0.o
[852/874] EXTERNALIZE build/GEDE01/src/game/game_fn_801ED5F4.o
[853/874] EXTERNALIZE build/GEDE01/src/game/game_fn_801F76EC.o
[854/874] EXTERNALIZE build/GEDE01/src/game/game_fn_801F8264.o
[855/874] EXTERNALIZE build/GEDE01/src/game/game_fn_801F89B4.o
[856/874] EXTERNALIZE build/GEDE01/src/game/game_fn_801F9AF8.o
[857/874] EXTERNALIZE build/GEDE01/src/game/game_fn_801F6BD8.o
[858/874] EXTERNALIZE build/GEDE01/src/game/game_fn_801FB6A4.o
[859/874] EXTERNALIZE JUMPTABLES build/GEDE01/src/game/game_fn_800361F8.o
[860/874] EXTERNALIZE JUMPTABLES build/GEDE01/src/game/game_fn_8006E53C.o
[861/874] EXTERNALIZE JUMPTABLES build/GEDE01/src/game/game_fn_800CF598.o
[862/874] EXTERNALIZE JUMPTABLES build/GEDE01/src/game/game_fn_801ACFE8.o
[863/874] EXTERNALIZE build/GEDE01/src/game/game_fn_80154F74.o
[864/874] EXTERNALIZE JUMPTABLES build/GEDE01/src/game/game_fn_801B1BA0.o
[865/874] EXTERNALIZE build/GEDE01/src/game/game_fn_8009E808.o
[866/874] EXTERNALIZE build/GEDE01/src/game/game_fn_801F1A38.o
[867/874] EXTERNALIZE build/GEDE01/src/game/game_fn_801F55A0.o
[868/874] EXTERNALIZE build/GEDE01/src/game/game_fn_801FFE78.o
[869/874] EXTERNALIZE build/GEDE01/src/game/game_fn_801F7510.o
[870/874] EXTERNALIZE build/GEDE01/src/game/game_fn_801F9CF4.o
[871/874] EXTERNALIZE build/GEDE01/src/game/game_fn_801FC034.o
[872/874] EXTERNALIZE build/GEDE01/src/game/game_fn_801FA9C8.o
[873/874] LINK build/GEDE01/main.elf
### mwldeppc.exe Linker Warning:
#   Section '.ignored' is unknown. Section ignored.
### mwldeppc.exe Linker Warning:
#   Section '.ignored' is unknown. Section ignored.
### mwldeppc.exe Linker Warning:
#   Section '.ignored' is unknown. Section ignored.
### mwldeppc.exe Linker Warning:
#   Section '.ignored' is unknown. Section ignored.
### mwldeppc.exe Linker Warning:
#   Section '.ignored' is unknown. Section ignored.
### mwldeppc.exe Linker Warning:
#   Section '.ignored' is unknown. Section ignored.
### mwldeppc.exe Linker Warning:
#   Section '.ignored' is unknown. Section ignored.
### mwldeppc.exe Linker Warning:
#   Section '.ignored' is unknown. Section ignored.
### mwldeppc.exe Linker Warning:
#   Section '.ignored' is unknown. Section ignored.
### mwldeppc.exe Linker Warning:
#   Section '.ignored' is unknown. Section ignored.
### mwldeppc.exe Linker Warning:
#   Section '.ignored' is unknown. Section ignored.
### mwldeppc.exe Linker Warning:
#   Section '.ignored' is unknown. Section ignored.
### mwldeppc.exe Linker Warning:
#   Section '.ignored' is unknown. Section ignored.
### mwldeppc.exe Linker Warning:
#   Section '.ignored' is unknown. Section ignored.
### mwldeppc.exe Linker Warning:
#   Section '.ignored' is unknown. Section ignored.
### mwldeppc.exe Linker Warning:
#   Section '.ignored' is unknown. Section ignored.
### mwldeppc.exe Linker Warning:
#   Section '.ignored' is unknown. Section ignored.
### mwldeppc.exe Linker Warning:
#   Section '.ignored' is unknown. Section ignored.
### mwldeppc.exe Linker Warning:
#   Section '.ignored' is unknown. Section ignored.
### mwldeppc.exe Linker Warning:
#   Section '.ignored' is unknown. Section ignored.
### mwldeppc.exe Linker Warning:
#   Section '.ignored' is unknown. Section ignored.
### mwldeppc.exe Linker Warning:
#   Section '.ignored' is unknown. Section ignored.
### mwldeppc.exe Linker Warning:
#   Section '.ignored' is unknown. Section ignored.
### mwldeppc.exe Linker Warning:
#   Section '.ignored' is unknown. Section ignored.
### mwldeppc.exe Linker Warning:
#   Section '.ignored' is unknown. Section ignored.
### mwldeppc.exe Linker Warning:
#   Section '.ignored' is unknown. Section ignored.
### mwldeppc.exe Linker Warning:
#   Section '.ignored' is unknown. Section ignored.
### mwldeppc.exe Linker Warning:
#   Section '.ignored' is unknown. Section ignored.
### mwldeppc.exe Linker Warning:
#   Section '.ignored' is unknown. Section ignored.
### mwldeppc.exe Linker Warning:
#   Section '.ignored' is unknown. Section ignored.
### mwldeppc.exe Linker Warning:
#   Section '.ignored' is unknown. Section ignored.
### mwldeppc.exe Linker Warning:
#   Section '.ignored' is unknown. Section ignored.
### mwldeppc.exe Linker Warning:
#   Section '.ignored' is unknown. Section ignored.
### mwldeppc.exe Linker Warning:
#   Section '.ignored' is unknown. Section ignored.
### mwldeppc.exe Linker Warning:
#   Section '.ignored' is unknown. Section ignored.
### mwldeppc.exe Linker Warning:
#   Section '.ignored' is unknown. Section ignored.
### mwldeppc.exe Linker Warning:
#   Section '.ignored' is unknown. Section ignored.
### mwldeppc.exe Linker Warning:
#   Section '.ignored' is unknown. Section ignored.
### mwldeppc.exe Linker Warning:
#   Section '.ignored' is unknown. Section ignored.
### mwldeppc.exe Linker Warning:
#   Section '.ignored' is unknown. Section ignored.
### mwldeppc.exe Linker Warning:
#   Section '.ignored' is unknown. Section ignored.
### mwldeppc.exe Linker Warning:
#   Section '.ignored' is unknown. Section ignored.
### mwldeppc.exe Linker Warning:
#   Section '.ignored' is unknown. Section ignored.
### mwldeppc.exe Linker Warning:
#   Section '.ignored' is unknown. Section ignored.
### mwldeppc.exe Linker Warning:
#   Section '.ignored' is unknown. Section ignored.
### mwldeppc.exe Linker Warning:
#   Section '.ignored' is unknown. Section ignored.
### mwldeppc.exe Linker Warning:
#   Section '.ignored' is unknown. Section ignored.
### mwldeppc.exe Linker Warning:
#   Section '.ignored' is unknown. Section ignored.
### mwldeppc.exe Linker Warning:
#   Section '.ignored' is unknown. Section ignored.
### mwldeppc.exe Linker Warning:
#   Section '.ignored' is unknown. Section ignored.
### mwldeppc.exe Linker Warning:
#   Section '.ignored' is unknown. Section ignored.
### mwldeppc.exe Linker Warning:
#   Section '.ignored' is unknown. Section ignored.
### mwldeppc.exe Linker Warning:
#   Section '.ignored' is unknown. Section ignored.
### mwldeppc.exe Linker Warning:
#   Section '.ignored' is unknown. Section ignored.
### mwldeppc.exe Linker Warning:
#   Section '.ignored' is unknown. Section ignored.
### mwldeppc.exe Linker Warning:
#   Section '.ignored' is unknown. Section ignored.
### mwldeppc.exe Linker Warning:
#   Section '.ignored' is unknown. Section ignored.
### mwldeppc.exe Linker Warning:
#   Section '.ignored' is unknown. Section ignored.
### mwldeppc.exe Linker Warning:
#   Section '.ignored' is unknown. Section ignored.
### mwldeppc.exe Linker Warning:
#   Section '.ignored' is unknown. Section ignored.
### mwldeppc.exe Linker Warning:
#   Section '.ignored' is unknown. Section ignored.
### mwldeppc.exe Linker Warning:
#   Section '.ignored' is unknown. Section ignored.
### mwldeppc.exe Linker Warning:
#   Section '.ignored' is unknown. Section ignored.
### mwldeppc.exe Linker Warning:
#   Section '.ignored' is unknown. Section ignored.
### mwldeppc.exe Linker Warning:
#   Section '.ignored' is unknown. Section ignored.
### mwldeppc.exe Linker Warning:
#   Section '.ignored' is unknown. Section ignored.
### mwldeppc.exe Linker Warning:
#   Section '.ignored' is unknown. Section ignored.
### mwldeppc.exe Linker Warning:
#   Section '.ignored' is unknown. Section ignored.
### mwldeppc.exe Linker Warning:
#   Section '.ignored' is unknown. Section ignored.
### mwldeppc.exe Linker Warning:
#   Section '.ignored' is unknown. Section ignored.
### mwldeppc.exe Linker Warning:
#   Section '.ignored' is unknown. Section ignored.
### mwldeppc.exe Linker Warning:
#   Section '.ignored' is unknown. Section ignored.
### mwldeppc.exe Linker Warning:
#   Section '.ignored' is unknown. Section ignored.
### mwldeppc.exe Linker Warning:
#   Section '.ignored' is unknown. Section ignored.
### mwldeppc.exe Linker Warning:
#   Section '.ignored' is unknown. Section ignored.
### mwldeppc.exe Linker Warning:
#   Section '.ignored' is unknown. Section ignored.
### mwldeppc.exe Linker Warning:
#   Section '.ignored' is unknown. Section ignored.
### mwldeppc.exe Linker Warning:
#   Section '.ignored' is unknown. Section ignored.
### mwldeppc.exe Linker Warning:
#   Section '.ignored' is unknown. Section ignored.
### mwldeppc.exe Linker Warning:
#   Section '.ignored' is unknown. Section ignored.
### mwldeppc.exe Linker Warning:
#   Section '.ignored' is unknown. Section ignored.
### mwldeppc.exe Linker Warning:
#   Section '.ignored' is unknown. Section ignored.
### mwldeppc.exe Linker Warning:
#   Section '.ignored' is unknown. Section ignored.
### mwldeppc.exe Linker Warning:
#   Section '.ignored' is unknown. Section ignored.
### mwldeppc.exe Linker Warning:
#   Section '.ignored' is unknown. Section ignored.
### mwldeppc.exe Linker Warning:
#   Section '.ignored' is unknown. Section ignored.
### mwldeppc.exe Linker Warning:
#   Section '.ignored' is unknown. Section ignored.
### mwldeppc.exe Linker Warning:
#   Section '.ignored' is unknown. Section ignored.
### mwldeppc.exe Linker Warning:
#   Section '.ignored' is unknown. Section ignored.
### mwldeppc.exe Linker Warning:
#   Section '.ignored' is unknown. Section ignored.
### mwldeppc.exe Linker Warning:
#   Section '.ignored' is unknown. Section ignored.
### mwldeppc.exe Linker Warning:
#   Section '.ignored' is unknown. Section ignored.
### mwldeppc.exe Linker Warning:
#   Section '.ignored' is unknown. Section ignored.
### mwldeppc.exe Linker Warning:
#   Section '.ignored' is unknown. Section ignored.
### mwldeppc.exe Linker Warning:
#   Section '.ignored' is unknown. Section ignored.
### mwldeppc.exe Linker Warning:
#   Section '.ignored' is unknown. Section ignored.
### mwldeppc.exe Linker Warning:
#   Section '.ignored' is unknown. Section ignored.
### mwldeppc.exe Linker Warning:
#   Section '.ignored' is unknown. Section ignored.
### mwldeppc.exe Linker Warning:
#   Section '.ignored' is unknown. Section ignored.
### mwldeppc.exe Linker Warning:
#   Section '.ignored' is unknown. Section ignored.
### mwldeppc.exe Linker Warning:
#   Section '.ignored' is unknown. Section ignored.
### mwldeppc.exe Linker Warning:
#   Section '.ignored' is unknown. Section ignored.
### mwldeppc.exe Linker Warning:
#   Section '.ignored' is unknown. Section ignored.
### mwldeppc.exe Linker Warning:
#   Section '.ignored' is unknown. Section ignored.
### mwldeppc.exe Linker Warning:
#   Section '.ignored' is unknown. Section ignored.
### mwldeppc.exe Linker Warning:
#   Section '.ignored' is unknown. Section ignored.
### mwldeppc.exe Linker Warning:
#   Section '.ignored' is unknown. Section ignored.
### mwldeppc.exe Linker Warning:
#   Section '.ignored' is unknown. Section ignored.
### mwldeppc.exe Linker Warning:
#   Section '.ignored' is unknown. Section ignored.
### mwldeppc.exe Linker Warning:
#   Section '.ignored' is unknown. Section ignored.
### mwldeppc.exe Linker Warning:
#   Section '.ignored' is unknown. Section ignored.
### mwldeppc.exe Linker Warning:
#   Section '.ignored' is unknown. Section ignored.
### mwldeppc.exe Linker Warning:
#   Section '.ignored' is unknown. Section ignored.
### mwldeppc.exe Linker Warning:
#   Section '.ignored' is unknown. Section ignored.
### mwldeppc.exe Linker Warning:
#   Section '.ignored' is unknown. Section ignored.
### mwldeppc.exe Linker Warning:
#   Section '.ignored' is unknown. Section ignored.
### mwldeppc.exe Linker Warning:
#   Section '.ignored' is unknown. Section ignored.
### mwldeppc.exe Linker Warning:
#   Section '.ignored' is unknown. Section ignored.
### mwldeppc.exe Linker Warning:
#   Section '.ignored' is unknown. Section ignored.
### mwldeppc.exe Linker Warning:
#   Section '.ignored' is unknown. Section ignored.
### mwldeppc.exe Linker Warning:
#   Section '.ignored' is unknown. Section ignored.
### mwldeppc.exe Linker Warning:
#   Section '.ignored' is unknown. Section ignored.
### mwldeppc.exe Linker Warning:
#   Section '.ignored' is unknown. Section ignored.
### mwldeppc.exe Linker Warning:
#   Section '.ignored' is unknown. Section ignored.
### mwldeppc.exe Linker Warning:
#   Section '.ignored' is unknown. Section ignored.
### mwldeppc.exe Linker Warning:
#   Section '.ignored' is unknown. Section ignored.
### mwldeppc.exe Linker Warning:
#   Section '.ignored' is unknown. Section ignored.
### mwldeppc.exe Linker Warning:
#   Section '.ignored' is unknown. Section ignored.
### mwldeppc.exe Linker Warning:
#   Section '.ignored' is unknown. Section ignored.
### mwldeppc.exe Linker Warning:
#   Section '.ignored' is unknown. Section ignored.
### mwldeppc.exe Linker Warning:
#   Section '.ignored' is unknown. Section ignored.
### mwldeppc.exe Linker Warning:
#   Section '.ignored' is unknown. Section ignored.
### mwldeppc.exe Linker Warning:
#   Section '.ignored' is unknown. Section ignored.
### mwldeppc.exe Linker Warning:
#   Section '.ignored' is unknown. Section ignored.
### mwldeppc.exe Linker Warning:
#   Section '.ignored' is unknown. Section ignored.
### mwldeppc.exe Linker Warning:
#   Section '.ignored' is unknown. Section ignored.
### mwldeppc.exe Linker Warning:
#   Section '.ignored' is unknown. Section ignored.
### mwldeppc.exe Linker Warning:
#   Section '.ignored' is unknown. Section ignored.
### mwldeppc.exe Linker Warning:
#   Section '.ignored' is unknown. Section ignored.
### mwldeppc.exe Linker Warning:
#   Section '.ignored' is unknown. Section ignored.
### mwldeppc.exe Linker Warning:
#   Section '.ignored' is unknown. Section ignored.
### mwldeppc.exe Linker Warning:
#   Section '.ignored' is unknown. Section ignored.
### mwldeppc.exe Linker Warning:
#   Section '.ignored' is unknown. Section ignored.
### mwldeppc.exe Linker Warning:
#   Section '.ignored' is unknown. Section ignored.
### mwldeppc.exe Linker Warning:
#   Section '.ignored' is unknown. Section ignored.
### mwldeppc.exe Linker Warning:
#   Section '.ignored' is unknown. Section ignored.
### mwldeppc.exe Linker Warning:
#   Section '.ignored' is unknown. Section ignored.
### mwldeppc.exe Linker Warning:
#   Section '.ignored' is unknown. Section ignored.
### mwldeppc.exe Linker Warning:
#   Section '.ignored' is unknown. Section ignored.
### mwldeppc.exe Linker Warning:
#   Section '.ignored' is unknown. Section ignored.
### mwldeppc.exe Linker Warning:
#   Section '.ignored' is unknown. Section ignored.
### mwldeppc.exe Linker Warning:
#   Section '.ignored' is unknown. Section ignored.
### mwldeppc.exe Linker Warning:
#   Section '.ignored' is unknown. Section ignored.
### mwldeppc.exe Linker Warning:
#   Section '.ignored' is unknown. Section ignored.
### mwldeppc.exe Linker Warning:
#   Section '.ignored' is unknown. Section ignored.
### mwldeppc.exe Linker Warning:
#   Section '.ignored' is unknown. Section ignored.
### mwldeppc.exe Linker Warning:
#   Section '.ignored' is unknown. Section ignored.
### mwldeppc.exe Linker Warning:
#   Section '.ignored' is unknown. Section ignored.
### mwldeppc.exe Linker Warning:
#   Section '.ignored' is unknown. Section ignored.
### mwldeppc.exe Linker Warning:
#   Section '.ignored' is unknown. Section ignored.
### mwldeppc.exe Linker Warning:
#   Section '.ignored' is unknown. Section ignored.
### mwldeppc.exe Linker Warning:
#   Section '.ignored' is unknown. Section ignored.
### mwldeppc.exe Linker Warning:
#   Section '.ignored' is unknown. Section ignored.
### mwldeppc.exe Linker Warning:
#   Section '.ignored' is unknown. Section ignored.
### mwldeppc.exe Linker Warning:
#   Section '.ignored' is unknown. Section ignored.
### mwldeppc.exe Linker Warning:
#   Section '.ignored' is unknown. Section ignored.
### mwldeppc.exe Linker Warning:
#   Section '.ignored' is unknown. Section ignored.
### mwldeppc.exe Linker Warning:
#   Section '.ignored' is unknown. Section ignored.
### mwldeppc.exe Linker Warning:
#   Section '.ignored' is unknown. Section ignored.
### mwldeppc.exe Linker Warning:
#   Section '.ignored' is unknown. Section ignored.
### mwldeppc.exe Linker Warning:
#   Section '.ignored' is unknown. Section ignored.
### mwldeppc.exe Linker Warning:
#   Section '.ignored' is unknown. Section ignored.
### mwldeppc.exe Linker Warning:
#   Section '.ignored' is unknown. Section ignored.
### mwldeppc.exe Linker Warning:
#   Section '.ignored' is unknown. Section ignored.
### mwldeppc.exe Linker Warning:
#   Section '.ignored' is unknown. Section ignored.
### mwldeppc.exe Linker Warning:
#   Section '.ignored' is unknown. Section ignored.
### mwldeppc.exe Linker Warning:
#   Section '.ignored' is unknown. Section ignored.
### mwldeppc.exe Linker Warning:
#   Section '.ignored' is unknown. Section ignored.
### mwldeppc.exe Linker Warning:
#   Section '.ignored' is unknown. Section ignored.
### mwldeppc.exe Linker Warning:
#   Section '.ignored' is unknown. Section ignored.
### mwldeppc.exe Linker Warning:
#   Section '.ignored' is unknown. Section ignored.
### mwldeppc.exe Linker Warning:
#   Section '.ignored' is unknown. Section ignored.
### mwldeppc.exe Linker Warning:
#   Section '.ignored' is unknown. Section ignored.
### mwldeppc.exe Linker Warning:
#   Section '.ignored' is unknown. Section ignored.
### mwldeppc.exe Linker Warning:
#   Section '.ignored' is unknown. Section ignored.
### mwldeppc.exe Linker Warning:
#   Section '.ignored' is unknown. Section ignored.
### mwldeppc.exe Linker Warning:
#   Section '.ignored' is unknown. Section ignored.
### mwldeppc.exe Linker Warning:
#   Section '.ignored' is unknown. Section ignored.
### mwldeppc.exe Linker Warning:
#   Section '.ignored' is unknown. Section ignored.
### mwldeppc.exe Linker Warning:
#   Section '.ignored' is unknown. Section ignored.
### mwldeppc.exe Linker Warning:
#   Section '.ignored' is unknown. Section ignored.
### mwldeppc.exe Linker Warning:
#   Section '.ignored' is unknown. Section ignored.
### mwldeppc.exe Linker Warning:
#   Section '.ignored' is unknown. Section ignored.
### mwldeppc.exe Linker Warning:
#   Section '.ignored' is unknown. Section ignored.
### mwldeppc.exe Linker Warning:
#   Section '.ignored' is unknown. Section ignored.
### mwldeppc.exe Linker Warning:
#   Section '.ignored' is unknown. Section ignored.
### mwldeppc.exe Linker Warning:
#   Section '.ignored' is unknown. Section ignored.
### mwldeppc.exe Linker Warning:
#   Section '.ignored' is unknown. Section ignored.
### mwldeppc.exe Linker Warning:
#   Section '.ignored' is unknown. Section ignored.
### mwldeppc.exe Linker Warning:
#   Section '.ignored' is unknown. Section ignored.
### mwldeppc.exe Linker Warning:
#   Section '.ignored' is unknown. Section ignored.
### mwldeppc.exe Linker Warning:
#   Section '.ignored' is unknown. Section ignored.
### mwldeppc.exe Linker Warning:
#   Section '.ignored' is unknown. Section ignored.
### mwldeppc.exe Linker Warning:
#   Section '.ignored' is unknown. Section ignored.
### mwldeppc.exe Linker Warning:
#   Section '.ignored' is unknown. Section ignored.
### mwldeppc.exe Linker Warning:
#   Section '.ignored' is unknown. Section ignored.
### mwldeppc.exe Linker Warning:
#   Section '.ignored' is unknown. Section ignored.
### mwldeppc.exe Linker Warning:
#   Section '.ignored' is unknown. Section ignored.
### mwldeppc.exe Linker Warning:
#   Section '.ignored' is unknown. Section ignored.
### mwldeppc.exe Linker Warning:
#   Section '.ignored' is unknown. Section ignored.
### mwldeppc.exe Linker Warning:
#   Section '.ignored' is unknown. Section ignored.
### mwldeppc.exe Linker Warning:
#   Section '.ignored' is unknown. Section ignored.
### mwldeppc.exe Linker Warning:
#   Section '.ignored' is unknown. Section ignored.
### mwldeppc.exe Linker Warning:
#   Section '.ignored' is unknown. Section ignored.
### mwldeppc.exe Linker Warning:
#   Section '.ignored' is unknown. Section ignored.
### mwldeppc.exe Linker Warning:
#   Section '.ignored' is unknown. Section ignored.
### mwldeppc.exe Linker Warning:
#   Section '.ignored' is unknown. Section ignored.
### mwldeppc.exe Linker Warning:
#   Section '.ignored' is unknown. Section ignored.
### mwldeppc.exe Linker Warning:
#   Section '.ignored' is unknown. Section ignored.
### mwldeppc.exe Linker Warning:
#   Section '.ignored' is unknown. Section ignored.
### mwldeppc.exe Linker Warning:
#   Section '.ignored' is unknown. Section ignored.
### mwldeppc.exe Linker Warning:
#   Section '.ignored' is unknown. Section ignored.
### mwldeppc.exe Linker Warning:
#   Section '.ignored' is unknown. Section ignored.
### mwldeppc.exe Linker Warning:
#   Section '.ignored' is unknown. Section ignored.
### mwldeppc.exe Linker Warning:
#   Section '.ignored' is unknown. Section ignored.
### mwldeppc.exe Linker Warning:
#   Section '.ignored' is unknown. Section ignored.
### mwldeppc.exe Linker Warning:
#   Section '.ignored' is unknown. Section ignored.
### mwldeppc.exe Linker Warning:
#   Section '.ignored' is unknown. Section ignored.
### mwldeppc.exe Linker Warning:
#   Section '.ignored' is unknown. Section ignored.
### mwldeppc.exe Linker Warning:
#   Section '.ignored' is unknown. Section ignored.
### mwldeppc.exe Linker Warning:
#   Section '.ignored' is unknown. Section ignored.
### mwldeppc.exe Linker Warning:
#   Section '.ignored' is unknown. Section ignored.
### mwldeppc.exe Linker Warning:
#   Section '.ignored' is unknown. Section ignored.
### mwldeppc.exe Linker Warning:
#   Section '.ignored' is unknown. Section ignored.
### mwldeppc.exe Linker Warning:
#   Section '.ignored' is unknown. Section ignored.
### mwldeppc.exe Linker Warning:
#   Section '.ignored' is unknown. Section ignored.
### mwldeppc.exe Linker Warning:
#   Section '.ignored' is unknown. Section ignored.
### mwldeppc.exe Linker Warning:
#   Section '.ignored' is unknown. Section ignored.
### mwldeppc.exe Linker Warning:
#   Section '.ignored' is unknown. Section ignored.
### mwldeppc.exe Linker Warning:
#   Section '.ignored' is unknown. Section ignored.
### mwldeppc.exe Linker Warning:
#   Section '.ignored' is unknown. Section ignored.
### mwldeppc.exe Linker Warning:
#   Section '.ignored' is unknown. Section ignored.
### mwldeppc.exe Linker Warning:
#   Section '.ignored' is unknown. Section ignored.
### mwldeppc.exe Linker Warning:
#   Section '.ignored' is unknown. Section ignored.
### mwldeppc.exe Linker Warning:
#   Section '.ignored' is unknown. Section ignored.
### mwldeppc.exe Linker Warning:
#   Section '.ignored' is unknown. Section ignored.
### mwldeppc.exe Linker Warning:
#   Section '.ignored' is unknown. Section ignored.
### mwldeppc.exe Linker Warning:
#   Section '.ignored' is unknown. Section ignored.
### mwldeppc.exe Linker Warning:
#   Section '.ignored' is unknown. Section ignored.
### mwldeppc.exe Linker Warning:
#   Section '.ignored' is unknown. Section ignored.
### mwldeppc.exe Linker Warning:
#   Section '.ignored' is unknown. Section ignored.
### mwldeppc.exe Linker Warning:
#   Section '.ignored' is unknown. Section ignored.
### mwldeppc.exe Linker Warning:
#   Section '.ignored' is unknown. Section ignored.
### mwldeppc.exe Linker Warning:
#   Section '.ignored' is unknown. Section ignored.
### mwldeppc.exe Linker Warning:
#   Section '.ignored' is unknown. Section ignored.
### mwldeppc.exe Linker Warning:
#   Section '.ignored' is unknown. Section ignored.
### mwldeppc.exe Linker Warning:
#   Section '.ignored' is unknown. Section ignored.
### mwldeppc.exe Linker Warning:
#   Section '.ignored' is unknown. Section ignored.
### mwldeppc.exe Linker Warning:
#   Section '.ignored' is unknown. Section ignored.
### mwldeppc.exe Linker Warning:
#   Section '.ignored' is unknown. Section ignored.
### mwldeppc.exe Linker Warning:
#   Section '.ignored' is unknown. Section ignored.
### mwldeppc.exe Linker Warning:
#   Section '.ignored' is unknown. Section ignored.
### mwldeppc.exe Linker Warning:
#   Section '.ignored' is unknown. Section ignored.
### mwldeppc.exe Linker Warning:
#   Section '.ignored' is unknown. Section ignored.
### mwldeppc.exe Linker Warning:
#   Section '.ignored' is unknown. Section ignored.
### mwldeppc.exe Linker Warning:
#   Section '.ignored' is unknown. Section ignored.
### mwldeppc.exe Linker Warning:
#   Section '.ignored' is unknown. Section ignored.
### mwldeppc.exe Linker Warning:
#   Section '.ignored' is unknown. Section ignored.
### mwldeppc.exe Linker Warning:
#   Section '.ignored' is unknown. Section ignored.
### mwldeppc.exe Linker Warning:
#   Section '.ignored' is unknown. Section ignored.
### mwldeppc.exe Linker Warning:
#   Section '.ignored' is unknown. Section ignored.
### mwldeppc.exe Linker Warning:
#   Section '.ignored' is unknown. Section ignored.
### mwldeppc.exe Linker Warning:
#   Section '.ignored' is unknown. Section ignored.
### mwldeppc.exe Linker Warning:
#   Section '.ignored' is unknown. Section ignored.
### mwldeppc.exe Linker Warning:
#   Section '.ignored' is unknown. Section ignored.
### mwldeppc.exe Linker Warning:
#   Section '.ignored' is unknown. Section ignored.
### mwldeppc.exe Linker Warning:
#   Section '.ignored' is unknown. Section ignored.
### mwldeppc.exe Linker Warning:
#   Section '.ignored' is unknown. Section ignored.
### mwldeppc.exe Linker Warning:
#   Section '.ignored' is unknown. Section ignored.
### mwldeppc.exe Linker Warning:
#   Section '.ignored' is unknown. Section ignored.
### mwldeppc.exe Linker Warning:
#   Section '.ignored' is unknown. Section ignored.
### mwldeppc.exe Linker Warning:
#   Section '.ignored' is unknown. Section ignored.
### mwldeppc.exe Linker Warning:
#   Section '.ignored' is unknown. Section ignored.
### mwldeppc.exe Linker Warning:
#   Section '.ignored' is unknown. Section ignored.
### mwldeppc.exe Linker Warning:
#   Section '.ignored' is unknown. Section ignored.
### mwldeppc.exe Linker Warning:
#   Section '.ignored' is unknown. Section ignored.
### mwldeppc.exe Linker Warning:
#   Section '.ignored' is unknown. Section ignored.
### mwldeppc.exe Linker Warning:
#   Section '.ignored' is unknown. Section ignored.
### mwldeppc.exe Linker Warning:
#   Section '.ignored' is unknown. Section ignored.
### mwldeppc.exe Linker Warning:
#   Section '.ignored' is unknown. Section ignored.
### mwldeppc.exe Linker Warning:
#   Section '.ignored' is unknown. Section ignored.
### mwldeppc.exe Linker Warning:
#   Section '.ignored' is unknown. Section ignored.
### mwldeppc.exe Linker Warning:
#   Section '.ignored' is unknown. Section ignored.
### mwldeppc.exe Linker Warning:
#   Section '.ignored' is unknown. Section ignored.
### mwldeppc.exe Linker Warning:
#   Section '.ignored' is unknown. Section ignored.
### mwldeppc.exe Linker Warning:
#   Section '.ignored' is unknown. Section ignored.
### mwldeppc.exe Linker Warning:
#   Section '.ignored' is unknown. Section ignored.
### mwldeppc.exe Linker Warning:
#   Section '.ignored' is unknown. Section ignored.
### mwldeppc.exe Linker Warning:
#   Section '.ignored' is unknown. Section ignored.
### mwldeppc.exe Linker Warning:
#   Section '.ignored' is unknown. Section ignored.
### mwldeppc.exe Linker Warning:
#   Section '.ignored' is unknown. Section ignored.
### mwldeppc.exe Linker Warning:
#   Section '.ignored' is unknown. Section ignored.
### mwldeppc.exe Linker Warning:
#   Section '.ignored' is unknown. Section ignored.
### mwldeppc.exe Linker Warning:
#   Section '.ignored' is unknown. Section ignored.
### mwldeppc.exe Linker Warning:
#   Section '.ignored' is unknown. Section ignored.
### mwldeppc.exe Linker Warning:
#   Section '.ignored' is unknown. Section ignored.
### mwldeppc.exe Linker Warning:
#   Section '.ignored' is unknown. Section ignored.
### mwldeppc.exe Linker Warning:
#   Section '.ignored' is unknown. Section ignored.
### mwldeppc.exe Linker Warning:
#   Section '.ignored' is unknown. Section ignored.
### mwldeppc.exe Linker Warning:
#   Section '.ignored' is unknown. Section ignored.
### mwldeppc.exe Linker Warning:
#   Section '.ignored' is unknown. Section ignored.
### mwldeppc.exe Linker Warning:
#   Section '.ignored' is unknown. Section ignored.
### mwldeppc.exe Linker Warning:
#   Section '.ignored' is unknown. Section ignored.
### mwldeppc.exe Linker Warning:
#   Section '.ignored' is unknown. Section ignored.
### mwldeppc.exe Linker Warning:
#   Section '.ignored' is unknown. Section ignored.
### mwldeppc.exe Linker Warning:
#   Section '.ignored' is unknown. Section ignored.
### mwldeppc.exe Linker Warning:
#   Section '.ignored' is unknown. Section ignored.
### mwldeppc.exe Linker Warning:
#   Section '.ignored' is unknown. Section ignored.
### mwldeppc.exe Linker Warning:
#   Section '.ignored' is unknown. Section ignored.
### mwldeppc.exe Linker Warning:
#   Section '.ignored' is unknown. Section ignored.
### mwldeppc.exe Linker Warning:
#   Section '.ignored' is unknown. Section ignored.
### mwldeppc.exe Linker Warning:
#   Section '.ignored' is unknown. Section ignored.
### mwldeppc.exe Linker Warning:
#   Section '.ignored' is unknown. Section ignored.
### mwldeppc.exe Linker Warning:
#   Section '.ignored' is unknown. Section ignored.
### mwldeppc.exe Linker Warning:
#   Section '.ignored' is unknown. Section ignored.
### mwldeppc.exe Linker Warning:
#   Section '.ignored' is unknown. Section ignored.
### mwldeppc.exe Linker Warning:
#   Section '.ignored' is unknown. Section ignored.
### mwldeppc.exe Linker Warning:
#   Section '.ignored' is unknown. Section ignored.
### mwldeppc.exe Linker Warning:
#   Section '.ignored' is unknown. Section ignored.
### mwldeppc.exe Linker Warning:
#   Section '.ignored' is unknown. Section ignored.
### mwldeppc.exe Linker Warning:
#   Section '.ignored' is unknown. Section ignored.
### mwldeppc.exe Linker Warning:
#   Section '.ignored' is unknown. Section ignored.
### mwldeppc.exe Linker Warning:
#   Section '.ignored' is unknown. Section ignored.
### mwldeppc.exe Linker Warning:
#   Section '.ignored' is unknown. Section ignored.
### mwldeppc.exe Linker Warning:
#   Section '.ignored' is unknown. Section ignored.
### mwldeppc.exe Linker Warning:
#   Section '.ignored' is unknown. Section ignored.
### mwldeppc.exe Linker Warning:
#   Section '.ignored' is unknown. Section ignored.
### mwldeppc.exe Linker Warning:
#   Section '.ignored' is unknown. Section ignored.
### mwldeppc.exe Linker Warning:
#   Section '.ignored' is unknown. Section ignored.
### mwldeppc.exe Linker Warning:
#   Section '.ignored' is unknown. Section ignored.
### mwldeppc.exe Linker Warning:
#   Section '.ignored' is unknown. Section ignored.
### mwldeppc.exe Linker Warning:
#   Section '.ignored' is unknown. Section ignored.
### mwldeppc.exe Linker Warning:
#   Section '.ignored' is unknown. Section ignored.
### mwldeppc.exe Linker Warning:
#   Section '.ignored' is unknown. Section ignored.
### mwldeppc.exe Linker Warning:
#   Section '.ignored' is unknown. Section ignored.
### mwldeppc.exe Linker Warning:
#   Section '.ignored' is unknown. Section ignored.
### mwldeppc.exe Linker Warning:
#   Section '.ignored' is unknown. Section ignored.
### mwldeppc.exe Linker Warning:
#   Section '.ignored' is unknown. Section ignored.
### mwldeppc.exe Linker Warning:
#   Section '.ignored' is unknown. Section ignored.
### mwldeppc.exe Linker Warning:
#   Section '.ignored' is unknown. Section ignored.
### mwldeppc.exe Linker Warning:
#   Section '.ignored' is unknown. Section ignored.
### mwldeppc.exe Linker Warning:
#   Section '.ignored' is unknown. Section ignored.
### mwldeppc.exe Linker Warning:
#   Section '.ignored' is unknown. Section ignored.
### mwldeppc.exe Linker Warning:
#   Section '.ignored' is unknown. Section ignored.
### mwldeppc.exe Linker Warning:
#   Section '.ignored' is unknown. Section ignored.
### mwldeppc.exe Linker Warning:
#   Section '.ignored' is unknown. Section ignored.
### mwldeppc.exe Linker Warning:
#   Section '.ignored' is unknown. Section ignored.
### mwldeppc.exe Linker Warning:
#   Section '.ignored' is unknown. Section ignored.
### mwldeppc.exe Linker Warning:
#   Section '.ignored' is unknown. Section ignored.
### mwldeppc.exe Linker Warning:
#   Section '.ignored' is unknown. Section ignored.
### mwldeppc.exe Linker Warning:
#   Section '.ignored' is unknown. Section ignored.
### mwldeppc.exe Linker Warning:
#   Section '.ignored' is unknown. Section ignored.
### mwldeppc.exe Linker Warning:
#   Section '.ignored' is unknown. Section ignored.
### mwldeppc.exe Linker Warning:
#   Section '.ignored' is unknown. Section ignored.
### mwldeppc.exe Linker Warning:
#   Section '.ignored' is unknown. Section ignored.
### mwldeppc.exe Linker Warning:
#   Section '.ignored' is unknown. Section ignored.
### mwldeppc.exe Linker Warning:
#   Section '.ignored' is unknown. Section ignored.
### mwldeppc.exe Linker Warning:
#   Section '.ignored' is unknown. Section ignored.
### mwldeppc.exe Linker Warning:
#   Section '.ignored' is unknown. Section ignored.
### mwldeppc.exe Linker Warning:
#   Section '.ignored' is unknown. Section ignored.
### mwldeppc.exe Linker Warning:
#   Section '.ignored' is unknown. Section ignored.
### mwldeppc.exe Linker Warning:
#   Section '.ignored' is unknown. Section ignored.
### mwldeppc.exe Linker Warning:
#   Section '.ignored' is unknown. Section ignored.
### mwldeppc.exe Linker Warning:
#   Section '.ignored' is unknown. Section ignored.
### mwldeppc.exe Linker Warning:
#   Section '.ignored' is unknown. Section ignored.
### mwldeppc.exe Linker Warning:
#   Section '.ignored' is unknown. Section ignored.
### mwldeppc.exe Linker Warning:
#   Section '.ignored' is unknown. Section ignored.
### mwldeppc.exe Linker Warning:
#   Section '.ignored' is unknown. Section ignored.
### mwldeppc.exe Linker Warning:
#   Section '.ignored' is unknown. Section ignored.
### mwldeppc.exe Linker Warning:
#   Section '.ignored' is unknown. Section ignored.
### mwldeppc.exe Linker Warning:
#   Section '.ignored' is unknown. Section ignored.
### mwldeppc.exe Linker Warning:
#   Section '.ignored' is unknown. Section ignored.
### mwldeppc.exe Linker Warning:
#   Section '.ignored' is unknown. Section ignored.
### mwldeppc.exe Linker Warning:
#   Section '.ignored' is unknown. Section ignored.
### mwldeppc.exe Linker Warning:
#   Section '.ignored' is unknown. Section ignored.
### mwldeppc.exe Linker Warning:
#   Section '.ignored' is unknown. Section ignored.
### mwldeppc.exe Linker Warning:
#   Section '.ignored' is unknown. Section ignored.
### mwldeppc.exe Linker Warning:
#   Section '.ignored' is unknown. Section ignored.
### mwldeppc.exe Linker Warning:
#   Section '.ignored' is unknown. Section ignored.
### mwldeppc.exe Linker Warning:
#   Section '.ignored' is unknown. Section ignored.
### mwldeppc.exe Linker Warning:
#   Section '.ignored' is unknown. Section ignored.
### mwldeppc.exe Linker Warning:
#   Section '.ignored' is unknown. Section ignored.
### mwldeppc.exe Linker Warning:
#   Section '.ignored' is unknown. Section ignored.
### mwldeppc.exe Linker Warning:
#   Section '.ignored' is unknown. Section ignored.
### mwldeppc.exe Linker Warning:
#   Section '.ignored' is unknown. Section ignored.
### mwldeppc.exe Linker Warning:
#   Section '.ignored' is unknown. Section ignored.
### mwldeppc.exe Linker Warning:
#   Section '.ignored' is unknown. Section ignored.
### mwldeppc.exe Linker Warning:
#   Section '.ignored' is unknown. Section ignored.
### mwldeppc.exe Linker Warning:
#   Section '.ignored' is unknown. Section ignored.
### mwldeppc.exe Linker Warning:
#   Section '.ignored' is unknown. Section ignored.
### mwldeppc.exe Linker Warning:
#   Section '.ignored' is unknown. Section ignored.
### mwldeppc.exe Linker Warning:
#   Section '.ignored' is unknown. Section ignored.
### mwldeppc.exe Linker Warning:
#   Section '.ignored' is unknown. Section ignored.
### mwldeppc.exe Linker Warning:
#   Section '.ignored' is unknown. Section ignored.
### mwldeppc.exe Linker Warning:
#   Section '.ignored' is unknown. Section ignored.
### mwldeppc.exe Linker Warning:
#   Section '.ignored' is unknown. Section ignored.
### mwldeppc.exe Linker Warning:
#   Section '.ignored' is unknown. Section ignored.
### mwldeppc.exe Linker Warning:
#   Section '.ignored' is unknown. Section ignored.
### mwldeppc.exe Linker Warning:
#   Section '.ignored' is unknown. Section ignored.
### mwldeppc.exe Linker Warning:
#   Section '.ignored' is unknown. Section ignored.
### mwldeppc.exe Linker Warning:
#   Section '.ignored' is unknown. Section ignored.
### mwldeppc.exe Linker Warning:
#   Section '.ignored' is unknown. Section ignored.
### mwldeppc.exe Linker Warning:
#   Section '.ignored' is unknown. Section ignored.
### mwldeppc.exe Linker Warning:
#   Section '.ignored' is unknown. Section ignored.
### mwldeppc.exe Linker Warning:
#   Section '.ignored' is unknown. Section ignored.
### mwldeppc.exe Linker Warning:
#   Section '.ignored' is unknown. Section ignored.
### mwldeppc.exe Linker Warning:
#   Section '.ignored' is unknown. Section ignored.
### mwldeppc.exe Linker Warning:
#   Section '.ignored' is unknown. Section ignored.
### mwldeppc.exe Linker Warning:
#   Section '.ignored' is unknown. Section ignored.
### mwldeppc.exe Linker Warning:
#   Section '.ignored' is unknown. Section ignored.
### mwldeppc.exe Linker Warning:
#   Section '.ignored' is unknown. Section ignored.
### mwldeppc.exe Linker Warning:
#   Section '.ignored' is unknown. Section ignored.
### mwldeppc.exe Linker Warning:
#   Section '.ignored' is unknown. Section ignored.
### mwldeppc.exe Linker Warning:
#   Section '.ignored' is unknown. Section ignored.
### mwldeppc.exe Linker Warning:
#   Section '.ignored' is unknown. Section ignored.
### mwldeppc.exe Linker Warning:
#   Section '.ignored' is unknown. Section ignored.
### mwldeppc.exe Linker Warning:
#   Section '.ignored' is unknown. Section ignored.
### mwldeppc.exe Linker Warning:
#   Section '.ignored' is unknown. Section ignored.
### mwldeppc.exe Linker Warning:
#   Section '.ignored' is unknown. Section ignored.
### mwldeppc.exe Linker Warning:
#   Section '.ignored' is unknown. Section ignored.
### mwldeppc.exe Linker Warning:
#   Section '.ignored' is unknown. Section ignored.
### mwldeppc.exe Linker Warning:
#   Section '.ignored' is unknown. Section ignored.
### mwldeppc.exe Linker Warning:
#   Section '.ignored' is unknown. Section ignored.
### mwldeppc.exe Linker Warning:
#   Section '.ignored' is unknown. Section ignored.
### mwldeppc.exe Linker Warning:
#   Section '.ignored' is unknown. Section ignored.
### mwldeppc.exe Linker Warning:
#   Section '.ignored' is unknown. Section ignored.
### mwldeppc.exe Linker Warning:
#   Section '.ignored' is unknown. Section ignored.
### mwldeppc.exe Linker Warning:
#   Section '.ignored' is unknown. Section ignored.
### mwldeppc.exe Linker Warning:
#   Section '.ignored' is unknown. Section ignored.
### mwldeppc.exe Linker Warning:
#   Section '.ignored' is unknown. Section ignored.
### mwldeppc.exe Linker Warning:
#   Section '.ignored' is unknown. Section ignored.
### mwldeppc.exe Linker Warning:
#   Section '.ignored' is unknown. Section ignored.
### mwldeppc.exe Linker Warning:
#   Section '.ignored' is unknown. Section ignored.
### mwldeppc.exe Linker Warning:
#   Section '.ignored' is unknown. Section ignored.
### mwldeppc.exe Linker Warning:
#   Section '.ignored' is unknown. Section ignored.
### mwldeppc.exe Linker Warning:
#   Section '.ignored' is unknown. Section ignored.
### mwldeppc.exe Linker Warning:
#   Section '.ignored' is unknown. Section ignored.
### mwldeppc.exe Linker Warning:
#   Section '.ignored' is unknown. Section ignored.
### mwldeppc.exe Linker Warning:
#   Section '.ignored' is unknown. Section ignored.
### mwldeppc.exe Linker Warning:
#   Section '.ignored' is unknown. Section ignored.
### mwldeppc.exe Linker Warning:
#   Section '.ignored' is unknown. Section ignored.
### mwldeppc.exe Linker Warning:
#   Section '.ignored' is unknown. Section ignored.
### mwldeppc.exe Linker Warning:
#   Section '.ignored' is unknown. Section ignored.
### mwldeppc.exe Linker Warning:
#   Section '.ignored' is unknown. Section ignored.
### mwldeppc.exe Linker Warning:
#   Section '.ignored' is unknown. Section ignored.
### mwldeppc.exe Linker Warning:
#   Section '.ignored' is unknown. Section ignored.
### mwldeppc.exe Linker Warning:
#   Section '.ignored' is unknown. Section ignored.
### mwldeppc.exe Linker Warning:
#   Section '.ignored' is unknown. Section ignored.
### mwldeppc.exe Linker Warning:
#   Section '.ignored' is unknown. Section ignored.
### mwldeppc.exe Linker Warning:
#   Section '.ignored' is unknown. Section ignored.
### mwldeppc.exe Linker Warning:
#   Section '.ignored' is unknown. Section ignored.
### mwldeppc.exe Linker Warning:
#   Section '.ignored' is unknown. Section ignored.
### mwldeppc.exe Linker Warning:
#   Section '.ignored' is unknown. Section ignored.
### mwldeppc.exe Linker Warning:
#   Section '.ignored' is unknown. Section ignored.
### mwldeppc.exe Linker Warning:
#   Section '.ignored' is unknown. Section ignored.
### mwldeppc.exe Linker Warning:
#   Section '.ignored' is unknown. Section ignored.
### mwldeppc.exe Linker Warning:
#   Section '.ignored' is unknown. Section ignored.
### mwldeppc.exe Linker Warning:
#   Section '.ignored' is unknown. Section ignored.
### mwldeppc.exe Linker Warning:
#   Section '.ignored' is unknown. Section ignored.
### mwldeppc.exe Linker Warning:
#   Section '.ignored' is unknown. Section ignored.
### mwldeppc.exe Linker Warning:
#   Section '.ignored' is unknown. Section ignored.
### mwldeppc.exe Linker Warning:
#   Section '.ignored' is unknown. Section ignored.
### mwldeppc.exe Linker Warning:
#   Section '.ignored' is unknown. Section ignored.
### mwldeppc.exe Linker Warning:
#   Section '.ignored' is unknown. Section ignored.
### mwldeppc.exe Linker Warning:
#   Section '.ignored' is unknown. Section ignored.
### mwldeppc.exe Linker Warning:
#   Section '.ignored' is unknown. Section ignored.
### mwldeppc.exe Linker Warning:
#   Section '.ignored' is unknown. Section ignored.
### mwldeppc.exe Linker Warning:
#   Section '.ignored' is unknown. Section ignored.
### mwldeppc.exe Linker Warning:
#   Section '.ignored' is unknown. Section ignored.
### mwldeppc.exe Linker Warning:
#   Section '.ignored' is unknown. Section ignored.
### mwldeppc.exe Linker Warning:
#   Section '.ignored' is unknown. Section ignored.
### mwldeppc.exe Linker Warning:
#   Section '.ignored' is unknown. Section ignored.
### mwldeppc.exe Linker Warning:
#   Section '.ignored' is unknown. Section ignored.
### mwldeppc.exe Linker Warning:
#   Section '.ignored' is unknown. Section ignored.
### mwldeppc.exe Linker Warning:
#   Section '.ignored' is unknown. Section ignored.
### mwldeppc.exe Linker Warning:
#   Section '.ignored' is unknown. Section ignored.
### mwldeppc.exe Linker Warning:
#   Section '.ignored' is unknown. Section ignored.
### mwldeppc.exe Linker Warning:
#   Section '.ignored' is unknown. Section ignored.
### mwldeppc.exe Linker Warning:
#   Section '.ignored' is unknown. Section ignored.
### mwldeppc.exe Linker Warning:
#   Section '.ignored' is unknown. Section ignored.
### mwldeppc.exe Linker Warning:
#   Section '.ignored' is unknown. Section ignored.
### mwldeppc.exe Linker Warning:
#   Section '.ignored' is unknown. Section ignored.
### mwldeppc.exe Linker Warning:
#   Section '.ignored' is unknown. Section ignored.
### mwldeppc.exe Linker Warning:
#   Section '.ignored' is unknown. Section ignored.
### mwldeppc.exe Linker Warning:
#   Section '.ignored' is unknown. Section ignored.
### mwldeppc.exe Linker Warning:
#   Section '.ignored' is unknown. Section ignored.
### mwldeppc.exe Linker Warning:
#   Section '.ignored' is unknown. Section ignored.
### mwldeppc.exe Linker Warning:
#   Section '.ignored' is unknown. Section ignored.
### mwldeppc.exe Linker Warning:
#   Section '.ignored' is unknown. Section ignored.
### mwldeppc.exe Linker Warning:
#   Section '.ignored' is unknown. Section ignored.
### mwldeppc.exe Linker Warning:
#   Section '.ignored' is unknown. Section ignored.
### mwldeppc.exe Linker Warning:
#   Section '.ignored' is unknown. Section ignored.
### mwldeppc.exe Linker Warning:
#   Section '.ignored' is unknown. Section ignored.
### mwldeppc.exe Linker Warning:
#   Section '.ignored' is unknown. Section ignored.
### mwldeppc.exe Linker Warning:
#   Section '.ignored' is unknown. Section ignored.
### mwldeppc.exe Linker Warning:
#   Section '.ignored' is unknown. Section ignored.
### mwldeppc.exe Linker Warning:
#   Section '.ignored' is unknown. Section ignored.
### mwldeppc.exe Linker Warning:
#   Section '.ignored' is unknown. Section ignored.
### mwldeppc.exe Linker Warning:
#   Section '.ignored' is unknown. Section ignored.
### mwldeppc.exe Linker Warning:
#   Section '.ignored' is unknown. Section ignored.
### mwldeppc.exe Linker Warning:
#   Section '.ignored' is unknown. Section ignored.
### mwldeppc.exe Linker Warning:
#   Section '.ignored' is unknown. Section ignored.
### mwldeppc.exe Linker Warning:
#   Section '.ignored' is unknown. Section ignored.
### mwldeppc.exe Linker Warning:
#   Section '.ignored' is unknown. Section ignored.
### mwldeppc.exe Linker Warning:
#   Section '.ignored' is unknown. Section ignored.
### mwldeppc.exe Linker Warning:
#   Section '.ignored' is unknown. Section ignored.
[874/874] DOL build/GEDE01/main.dol
