
Relocation section '.rela.text' at offset 0x2fc contains 30 entries:
 Offset     Info    Type                Sym. Value  Symbol's Name + Addend
00000020  0000046d R_PPC_EMB_SDA21        00000000   lbl_8064D18C + 0
00000040  0000050a R_PPC_REL24            00000000   fn_801FE22C + 0
00000054  0000060a R_PPC_REL24            00000000   fn_801B05B0 + 0
0000005c  0000070a R_PPC_REL24            00000000   fn_801E3314 + 0
0000008c  0000080a R_PPC_REL24            00000000   fn_80201B9C + 0
00000094  0000090a R_PPC_REL24            00000000   fn_80204844 + 0
000000a0  00000a0a R_PPC_REL24            00000000   fn_80201B8C + 0
000000ac  00000b0a R_PPC_REL24            00000000   fn_80201814 + 0
000000bc  00000c0a R_PPC_REL24            00000000   fn_80201B54 + 0
000000cc  00000d0a R_PPC_REL24            00000000   fn_80201EB8 + 0
000000d0  0000046d R_PPC_EMB_SDA21        00000000   lbl_8064D18C + 0
000000ec  00000e0a R_PPC_REL24            00000000   fn_8020123C + 0
00000104  00000e0a R_PPC_REL24            00000000   fn_8020123C + 0
0000010c  00000f0a R_PPC_REL24            00000000   fn_801DA890 + 0
00000118  00000b0a R_PPC_REL24            00000000   fn_80201814 + 0
00000130  0000100a R_PPC_REL24            00000000   fn_801E2E1C + 0
00000164  0000110a R_PPC_REL24            00000000   fn_801E3020 + 0
0000017c  0000126d R_PPC_EMB_SDA21        00000000   lbl_80651248 + 0
00000184  0000130a R_PPC_REL24            00000000   fn_800CD568 + 0
00000188  00000c0a R_PPC_REL24            00000000   fn_80201B54 + 0
000001cc  0000140a R_PPC_REL24            00000000   fn_801CEB2C + 0
00000200  0000150a R_PPC_REL24            00000000   fn_801DA3B0 + 0
00000210  0000160a R_PPC_REL24            00000000   fn_801DA058 + 0
00000230  0000170a R_PPC_REL24            00000000   fn_800CD458 + 0
00000234  00000c0a R_PPC_REL24            00000000   fn_80201B54 + 0
00000248  0000050a R_PPC_REL24            00000000   fn_801FE22C + 0
0000025c  0000060a R_PPC_REL24            00000000   fn_801B05B0 + 0
00000264  0000070a R_PPC_REL24            00000000   fn_801E3314 + 0
00000274  0000180a R_PPC_REL24            00000000   fn_801FE934 + 0
00000298  0000070a R_PPC_REL24            00000000   fn_801E3314 + 0

Symbol table '.symtab' contains 25 entries:
   Num:    Value  Size Type    Bind   Vis      Ndx Name
     0: 00000000     0 NOTYPE  LOCAL  DEFAULT  UND 
     1: 00000000     0 FILE    LOCAL  DEFAULT  ABS game_fn_801E3388.c
     2: 00000000     0 SECTION LOCAL  DEFAULT    1 .text
     3: 00000000   700 FUNC    GLOBAL DEFAULT    1 fn_801E3388
     4: 00000000     0 NOTYPE  GLOBAL DEFAULT  UND lbl_8064D18C
     5: 00000000     0 NOTYPE  GLOBAL DEFAULT  UND fn_801FE22C
     6: 00000000     0 NOTYPE  GLOBAL DEFAULT  UND fn_801B05B0
     7: 00000000     0 NOTYPE  GLOBAL DEFAULT  UND fn_801E3314
     8: 00000000     0 NOTYPE  GLOBAL DEFAULT  UND fn_80201B9C
     9: 00000000     0 NOTYPE  GLOBAL DEFAULT  UND fn_80204844
    10: 00000000     0 NOTYPE  GLOBAL DEFAULT  UND fn_80201B8C
    11: 00000000     0 NOTYPE  GLOBAL DEFAULT  UND fn_80201814
    12: 00000000     0 NOTYPE  GLOBAL DEFAULT  UND fn_80201B54
    13: 00000000     0 NOTYPE  GLOBAL DEFAULT  UND fn_80201EB8
    14: 00000000     0 NOTYPE  GLOBAL DEFAULT  UND fn_8020123C
    15: 00000000     0 NOTYPE  GLOBAL DEFAULT  UND fn_801DA890
    16: 00000000     0 NOTYPE  GLOBAL DEFAULT  UND fn_801E2E1C
    17: 00000000     0 NOTYPE  GLOBAL DEFAULT  UND fn_801E3020
    18: 00000000     0 NOTYPE  GLOBAL DEFAULT  UND lbl_80651248
    19: 00000000     0 NOTYPE  GLOBAL DEFAULT  UND fn_800CD568
    20: 00000000     0 NOTYPE  GLOBAL DEFAULT  UND fn_801CEB2C
    21: 00000000     0 NOTYPE  GLOBAL DEFAULT  UND fn_801DA3B0
    22: 00000000     0 NOTYPE  GLOBAL DEFAULT  UND fn_801DA058
    23: 00000000     0 NOTYPE  GLOBAL DEFAULT  UND fn_800CD458
    24: 00000000     0 NOTYPE  GLOBAL DEFAULT  UND fn_801FE934
