$ .tools/bin/ninja -j2 build/GEDE01/src/game/game_fn_80129D54.o
[1/1] MWCC build/GEDE01/src/game/game_fn_80129D54.o

exit_code=0
$ build/tools/objdiff-cli diff -p . -u main/game/game_fn_80129D54 fn_80129D54 -o reports/GEDE01/b2ce7d09-cb0d-47ee-91b3-fdc67aacfab6/baseline.json --format json
 INFO Writing to reports/GEDE01/b2ce7d09-cb0d-47ee-91b3-fdc67aacfab6/baseline.json

exit_code=0
$ .tools/bin/ninja -j2 build/GEDE01/src/game/game_fn_80129D54.o
[1/1] MWCC build/GEDE01/src/game/game_fn_80129D54.o

exit_code=0
$ build/tools/objdiff-cli diff -p . -u main/game/game_fn_80129D54 fn_80129D54 -o reports/GEDE01/b2ce7d09-cb0d-47ee-91b3-fdc67aacfab6/case_do_zero.json --format json
 INFO Writing to reports/GEDE01/b2ce7d09-cb0d-47ee-91b3-fdc67aacfab6/case_do_zero.json

exit_code=0
$ .tools/bin/ninja -j2 build/GEDE01/src/game/game_fn_80129D54.o
[1/1] MWCC build/GEDE01/src/game/game_fn_80129D54.o

exit_code=0
$ build/tools/objdiff-cli diff -p . -u main/game/game_fn_80129D54 fn_80129D54 -o reports/GEDE01/b2ce7d09-cb0d-47ee-91b3-fdc67aacfab6/case_do_break.json --format json
 INFO Writing to reports/GEDE01/b2ce7d09-cb0d-47ee-91b3-fdc67aacfab6/case_do_break.json

exit_code=0
$ .tools/bin/ninja -j2 build/GEDE01/src/game/game_fn_80129D54.o
[1/1] MWCC build/GEDE01/src/game/game_fn_80129D54.o

exit_code=0
$ build/tools/objdiff-cli diff -p . -u main/game/game_fn_80129D54 fn_80129D54 -o reports/GEDE01/b2ce7d09-cb0d-47ee-91b3-fdc67aacfab6/case_while_break.json --format json
 INFO Writing to reports/GEDE01/b2ce7d09-cb0d-47ee-91b3-fdc67aacfab6/case_while_break.json

exit_code=0
$ .tools/bin/ninja -j2 build/GEDE01/src/game/game_fn_80129D54.o
[1/1] MWCC build/GEDE01/src/game/game_fn_80129D54.o

exit_code=0
$ build/tools/objdiff-cli diff -p . -u main/game/game_fn_80129D54 fn_80129D54 -o reports/GEDE01/b2ce7d09-cb0d-47ee-91b3-fdc67aacfab6/case_nested_constant_switch.json --format json
 INFO Writing to reports/GEDE01/b2ce7d09-cb0d-47ee-91b3-fdc67aacfab6/case_nested_constant_switch.json

exit_code=0
$ .tools/bin/ninja -j2 build/GEDE01/src/game/game_fn_80129D54.o
[1/1] MWCC build/GEDE01/src/game/game_fn_80129D54.o

exit_code=0
$ build/tools/objdiff-cli diff -p . -u main/game/game_fn_80129D54 fn_80129D54 -o reports/GEDE01/b2ce7d09-cb0d-47ee-91b3-fdc67aacfab6/case_nested_same_switch.json --format json
 INFO Writing to reports/GEDE01/b2ce7d09-cb0d-47ee-91b3-fdc67aacfab6/case_nested_same_switch.json

exit_code=0
$ .tools/bin/ninja -j2 build/GEDE01/src/game/game_fn_80129D54.o
[1/1] MWCC build/GEDE01/src/game/game_fn_80129D54.o

exit_code=0
$ build/tools/objdiff-cli diff -p . -u main/game/game_fn_80129D54 fn_80129D54 -o reports/GEDE01/b2ce7d09-cb0d-47ee-91b3-fdc67aacfab6/case_if_both_break.json --format json
 INFO Writing to reports/GEDE01/b2ce7d09-cb0d-47ee-91b3-fdc67aacfab6/case_if_both_break.json

exit_code=0
$ .tools/bin/ninja -j2 build/GEDE01/src/game/game_fn_80129D54.o
[1/1] MWCC build/GEDE01/src/game/game_fn_80129D54.o

exit_code=0
$ build/tools/objdiff-cli diff -p . -u main/game/game_fn_80129D54 fn_80129D54 -o reports/GEDE01/b2ce7d09-cb0d-47ee-91b3-fdc67aacfab6/case_zero_trip_call.json --format json
 INFO Writing to reports/GEDE01/b2ce7d09-cb0d-47ee-91b3-fdc67aacfab6/case_zero_trip_call.json

exit_code=0
$ .tools/bin/ninja -j2 build/GEDE01/src/game/game_fn_80129D54.o
[1/1] MWCC build/GEDE01/src/game/game_fn_80129D54.o

exit_code=0
$ build/tools/objdiff-cli diff -p . -u main/game/game_fn_80129D54 fn_80129D54 -o reports/GEDE01/b2ce7d09-cb0d-47ee-91b3-fdc67aacfab6/case_local_constant_loop.json --format json
 INFO Writing to reports/GEDE01/b2ce7d09-cb0d-47ee-91b3-fdc67aacfab6/case_local_constant_loop.json

exit_code=0
