[1/865] MWCC build/GEDE01/src/game/game_fn_80008014.o
[2/865] MWCC build/GEDE01/src/game/game_fn_800094C0.o
[3/865] MWCC build/GEDE01/src/game/game_fn_800098C0.o
[4/865] MWCC build/GEDE01/src/game/game_fn_800096E0.o
[5/865] MWCC build/GEDE01/src/game/game_fn_800099D8.o
[6/865] MWCC build/GEDE01/src/game/game_fn_80009AB4.o
[7/865] MWCC build/GEDE01/src/game/game_fn_8000AC88.o
[8/865] MWCC build/GEDE01/src/game/game_fn_8000A26C.o
[9/865] MWCC build/GEDE01/src/game/game_fn_8000AFB4.o
[10/865] MWCC build/GEDE01/src/game/game_fn_8000AEB4.o
[11/865] MWCC build/GEDE01/src/game/game_fn_8000B36C.o
[12/865] MWCC build/GEDE01/src/game/game_fn_8000B1B8.o
[13/865] MWCC build/GEDE01/src/game/game_fn_8000B630.o
[14/865] MWCC build/GEDE01/src/game/game_fn_8000B7FC.o
[15/865] MWCC build/GEDE01/src/game/game_fn_8000B900.o
[16/865] MWCC build/GEDE01/src/game/game_fn_8000BA0C.o
[17/865] MWCC build/GEDE01/src/game/game_fn_8000BAA0.o
[18/865] MWCC build/GEDE01/src/game/game_fn_8000BC40.o
[19/865] MWCC build/GEDE01/src/game/game_fn_8000C06C.o
[20/865] MWCC build/GEDE01/src/game/game_fn_8000C17C.o
[21/865] MWCC build/GEDE01/src/game/game_fn_8000C400.o
[22/865] MWCC build/GEDE01/src/game/game_fn_8000C848.o
[23/865] MWCC build/GEDE01/src/game/game_fn_8000C91C.o
[24/865] MWCC build/GEDE01/src/game/game_fn_8000D0BC.o
[25/865] MWCC build/GEDE01/src/game/game_fn_8000D590.o
[26/865] MWCC build/GEDE01/src/game/game_fn_8000D3D4.o
[27/865] MWCC build/GEDE01/src/game/game_fn_8000D8A4.o
[28/865] MWCC build/GEDE01/src/game/game_fn_8000DA50.o
[29/865] MWCC build/GEDE01/src/game/game_fn_8000DAF4.o
[30/865] MWCC build/GEDE01/src/game/game_fn_8000E054.o
[31/865] MWCC build/GEDE01/src/game/game_fn_8000E0AC.o
[32/865] MWCC build/GEDE01/src/game/game_fn_8000E138.o
[33/865] MWCC build/GEDE01/src/game/game_fn_8000E1C4.o
[34/865] MWCC build/GEDE01/src/game/game_fn_8000E96C.o
[35/865] MWCC build/GEDE01/src/game/game_fn_8000EB14.o
[36/865] MWCC build/GEDE01/src/game/game_fn_8000EBD4.o
[37/865] MWCC build/GEDE01/src/game/game_fn_8000ED44.o
[38/865] MWCC build/GEDE01/src/game/game_fn_8000EFC4.o
[39/865] MWCC build/GEDE01/src/game/game_fn_8000F4B0.o
[40/865] MWCC build/GEDE01/src/game/game_fn_8000F774.o
[41/865] MWCC build/GEDE01/src/game/game_fn_8000FDE8.o
[42/865] MWCC build/GEDE01/src/game/game_fn_8000FFD8.o
[43/865] MWCC build/GEDE01/src/game/game_fn_800119FC.o
[44/865] MWCC build/GEDE01/src/game/game_fn_80012DA8.o
[45/865] MWCC build/GEDE01/src/game/game_fn_80012F40.o
[46/865] MWCC build/GEDE01/src/game/game_fn_80012FD0.o
[47/865] MWCC build/GEDE01/src/game/game_fn_800131E8.o
[48/865] MWCC build/GEDE01/src/game/game_fn_80013340.o
[49/865] MWCC build/GEDE01/src/game/game_fn_80013870.o
[50/865] MWCC build/GEDE01/src/game/game_fn_80013CB0.o
[51/865] MWCC build/GEDE01/src/game/game_fn_80013D54.o
[52/865] MWCC build/GEDE01/src/game/game_fn_800142DC.o
[53/865] MWCC build/GEDE01/src/game/game_fn_800144CC.o
[54/865] MWCC build/GEDE01/src/game/game_fn_80014784.o
[55/865] MWCC build/GEDE01/src/game/game_fn_800149D4.o
[56/865] MWCC build/GEDE01/src/game/game_fn_80015058.o
[57/865] MWCC build/GEDE01/src/game/game_fn_80015320.o
[58/865] MWCC build/GEDE01/src/game/game_fn_800156FC.o
[59/865] MWCC build/GEDE01/src/game/game_fn_80015568.o
[60/865] MWCC build/GEDE01/src/game/game_fn_80015D40.o
[61/865] MWCC build/GEDE01/src/game/game_fn_80015BE0.o
[62/865] MWCC build/GEDE01/src/game/game_fn_80015F04.o
[63/865] MWCC build/GEDE01/src/game/game_fn_80016128.o
[64/865] MWCC build/GEDE01/src/game/game_fn_80016270.o
[65/865] MWCC build/GEDE01/src/game/game_fn_80016904.o
[66/865] MWCC build/GEDE01/src/game/game_fn_80016B24.o
[67/865] MWCC build/GEDE01/src/game/game_fn_800171C0.o
[68/865] MWCC build/GEDE01/src/game/game_fn_800173CC.o
[69/865] MWCC build/GEDE01/src/game/game_fn_800176F0.o
[70/865] MWCC build/GEDE01/src/game/game_fn_80017910.o
[71/865] MWCC build/GEDE01/src/game/game_fn_800179AC.o
[72/865] MWCC build/GEDE01/src/game/game_fn_80017A3C.o
[73/865] MWCC build/GEDE01/src/game/game_fn_80017AE4.o
[74/865] MWCC build/GEDE01/src/game/game_fn_80017C3C.o
[75/865] MWCC build/GEDE01/src/game/game_fn_80017CC8.o
[76/865] MWCC build/GEDE01/src/game/game_fn_80018EF4.o
[77/865] MWCC build/GEDE01/src/game/game_fn_80017DB0.o
[78/865] MWCC build/GEDE01/src/game/game_fn_80019244.o
[79/865] MWCC build/GEDE01/src/game/game_fn_80019054.o
[80/865] MWCC build/GEDE01/src/game/game_fn_80019940.o
[81/865] MWCC build/GEDE01/src/game/game_fn_800194D0.o
[82/865] MWCC build/GEDE01/src/game/game_fn_80019C10.o
[83/865] MWCC build/GEDE01/src/game/game_fn_80019D2C.o
[84/865] MWCC build/GEDE01/src/game/game_fn_80019F98.o
[85/865] MWCC build/GEDE01/src/game/game_fn_8001A6C4.o
[86/865] MWCC build/GEDE01/src/game/game_fn_8001ADF8.o
[87/865] MWCC build/GEDE01/src/game/game_fn_8001AAB8.o
[88/865] MWCC build/GEDE01/src/game/game_fn_8001AF68.o
[89/865] MWCC build/GEDE01/src/game/game_fn_8001B124.o
[90/865] MWCC build/GEDE01/src/game/game_fn_8001B294.o
[91/865] MWCC build/GEDE01/src/game/game_fn_8001B808.o
[92/865] MWCC build/GEDE01/src/game/game_fn_8001B874.o
[93/865] MWCC build/GEDE01/src/game/game_fn_8001C078.o
[94/865] MWCC build/GEDE01/src/game/game_fn_8001CA04.o
[95/865] MWCC build/GEDE01/src/game/game_fn_8001CD58.o
[96/865] MWCC build/GEDE01/src/game/game_fn_8001CE94.o
[97/865] MWCC build/GEDE01/src/game/game_fn_8001E644.o
[98/865] MWCC build/GEDE01/src/game/game_fn_8001FE1C.o
[99/865] MWCC build/GEDE01/src/game/game_fn_80020E94.o
[100/865] MWCC build/GEDE01/src/game/game_fn_80024F28.o
[101/865] MWCC build/GEDE01/src/game/game_fn_800272B4.o
[102/865] MWCC build/GEDE01/src/game/game_fn_8002B748.o
[103/865] MWCC build/GEDE01/src/game/game_fn_8002DAE0.o
[104/865] MWCC build/GEDE01/src/game/game_fn_8002E3F0.o
[105/865] MWCC build/GEDE01/src/game/game_fn_8002F428.o
[106/865] MWCC build/GEDE01/src/game/game_fn_8002EA68.o
[107/865] MWCC build/GEDE01/src/game/game_fn_80031544.o
[108/865] MWCC build/GEDE01/src/game/game_fn_8003232C.o
[109/865] MWCC build/GEDE01/src/game/game_fn_80032B84.o
[110/865] MWCC build/GEDE01/src/game/game_fn_80033038.o
[111/865] MWCC build/GEDE01/src/game/game_fn_80033180.o
[112/865] MWCC build/GEDE01/src/game/game_fn_800359A0.o
[113/865] MWCC build/GEDE01/src/game/game_fn_800361F8.o
[114/865] MWCC build/GEDE01/src/game/game_fn_80036C40.o
[115/865] MWCC build/GEDE01/src/game/game_fn_80038878.o
[116/865] MWCC build/GEDE01/src/game/game_fn_80048ADC.o
[117/865] MWCC build/GEDE01/src/game/game_fn_80048B24.o
[118/865] MWCC build/GEDE01/src/game/game_fn_8004998C.o
[119/865] MWCC build/GEDE01/src/game/game_fn_80052310.o
[120/865] MWCC build/GEDE01/src/game/game_fn_800542D0.o
[121/865] MWCC build/GEDE01/src/game/game_fn_8005EC6C.o
[122/865] MWCC build/GEDE01/src/game/game_fn_8005EE9C.o
[123/865] MWCC build/GEDE01/src/game/game_data_80239E10.o
[124/865] MWCC build/GEDE01/src/game/game_data_80239E18.o
[125/865] MWCC build/GEDE01/src/game/game_fn_8005FD84.o
[126/865] MWCC build/GEDE01/src/game/game_fn_80066888.o
[127/865] MWCC build/GEDE01/src/game/game_fn_8006B620.o
[128/865] MWCC build/GEDE01/src/game/game_fn_8006B0F0.o
[129/865] MWCC build/GEDE01/src/game/game_fn_80071A58.o
[130/865] MWCC build/GEDE01/src/game/game_fn_8006E53C.o
[131/865] MWCC build/GEDE01/src/game/game_fn_80074310.o
[132/865] MWCC build/GEDE01/src/game/game_fn_80078500.o
[133/865] MWCC build/GEDE01/src/game/game_fn_80079AA4.o
[134/865] MWCC build/GEDE01/src/game/game_fn_80079908.o
[135/865] MWCC build/GEDE01/src/game/game_fn_8007B2F4.o
[136/865] MWCC build/GEDE01/src/game/game_fn_8007B540.o
[137/865] MWCC build/GEDE01/src/game/game_fn_8007B640.o
[138/865] MWCC build/GEDE01/src/game/game_fn_8007B828.o
[139/865] MWCC build/GEDE01/src/game/game_fn_8007BA3C.o
[140/865] MWCC build/GEDE01/src/game/game_fn_8007D4D8.o
[141/865] MWCC build/GEDE01/src/game/game_fn_8007F770.o
[142/865] MWCC build/GEDE01/src/game/game_fn_800886D8.o
[143/865] MWCC build/GEDE01/src/game/game_fn_80088F4C.o
[144/865] MWCC build/GEDE01/src/game/game_fn_8008A2E0.o
[145/865] MWCC build/GEDE01/src/game/game_fn_8008F224.o
[146/865] MWCC build/GEDE01/src/game/game_fn_8008F890.o
[147/865] MWCC build/GEDE01/src/game/game_fn_80090004.o
[148/865] MWCC build/GEDE01/src/game/game_fn_800934A0.o
[149/865] MWCC build/GEDE01/src/game/game_fn_80095D10.o
[150/865] MWCC build/GEDE01/src/game/game_fn_80095FDC.o
[151/865] MWCC build/GEDE01/src/game/game_fn_80096830.o
[152/865] MWCC build/GEDE01/src/game/game_fn_8009C424.o
[153/865] MWCC build/GEDE01/src/game/game_fn_8009E808.o
[154/865] MWCC build/GEDE01/src/game/game_fn_800A2130.o
[155/865] MWCC build/GEDE01/src/game/game_fn_800A2FCC.o
[156/865] MWCC build/GEDE01/src/game/game_fn_800A3180.o
[157/865] MWCC build/GEDE01/src/game/game_fn_800A3894.o
[158/865] MWCC build/GEDE01/src/game/game_fn_800A4428.o
[159/865] MWCC build/GEDE01/src/game/game_fn_800A4798.o
[160/865] MWCC build/GEDE01/src/game/game_fn_800A7E88.o
[161/865] MWCC build/GEDE01/src/game/game_fn_800BB5C4.o
[162/865] MWCC build/GEDE01/src/game/game_fn_800AF230.o
[163/865] MWCC build/GEDE01/src/game/game_fn_800BB7A8.o
[164/865] MWCC build/GEDE01/src/game/game_fn_800BB9A4.o
[165/865] MWCC build/GEDE01/src/game/game_fn_800BBAF0.o
[166/865] MWCC build/GEDE01/src/game/game_fn_800C17EC.o
[167/865] MWCC build/GEDE01/src/game/game_fn_800C59F0.o
[168/865] MWCC build/GEDE01/src/game/game_fn_800C644C.o
[169/865] MWCC build/GEDE01/src/game/game_fn_800C65FC.o
[170/865] MWCC build/GEDE01/src/game/game_fn_800C9C60.o
[171/865] MWCC build/GEDE01/src/game/game_fn_800CB760.o
[172/865] MWCC build/GEDE01/src/game/game_fn_800CB8F4.o
[173/865] MWCC build/GEDE01/src/game/game_fn_800D9E10.o
[174/865] MWCC build/GEDE01/src/game/game_fn_800CF598.o
[175/865] MWCC build/GEDE01/src/game/game_fn_800E4980.o
[176/865] MWCC build/GEDE01/src/game/game_TRKNubWelcome.o
[177/865] MWCC build/GEDE01/src/game/game_InitMetroTRKCommTable.o
[178/865] MWCC build/GEDE01/src/game/game_TRK_main.o
[179/865] MWCC build/GEDE01/src/game/game_fn_8010242C.o
[180/865] MWCC build/GEDE01/src/game/game_fn_800FD0C8.o
[181/865] MWCC build/GEDE01/src/game/game_fn_801098C0.o
[182/865] MWCC build/GEDE01/src/game/game_fn_8010F184.o
[183/865] MWCC build/GEDE01/src/game/game_fn_801126E0.o
[184/865] MWCC build/GEDE01/src/game/game_fn_801128E4.o
[185/865] MWCC build/GEDE01/src/game/game_fn_801141B8.o
[186/865] MWCC build/GEDE01/src/game/game_fn_8011F140.o
[187/865] MWCC build/GEDE01/src/game/game_fn_801247F8.o
[188/865] MWCC build/GEDE01/src/game/game_fn_80126A00.o
[189/865] MWCC build/GEDE01/src/game/game_fn_8012DB28.o
[190/865] MWCC build/GEDE01/src/game/game_fn_8012976C.o
[191/865] MWCC build/GEDE01/src/game/game_fn_8013CBE4.o
[192/865] MWCC build/GEDE01/src/game/game_fn_8013D6A4.o
[193/865] MWCC build/GEDE01/src/game/game_fn_8013DB8C.o
[194/865] MWCC build/GEDE01/src/game/game_fn_8014549C.o
[195/865] MWCC build/GEDE01/src/game/game_fn_8014AF38.o
[196/865] MWCC build/GEDE01/src/game/game_fn_8014B494.o
[197/865] MWCC build/GEDE01/src/game/game_fn_8014CA98.o
[198/865] MWCC build/GEDE01/src/game/game_fn_801535D8.o
[199/865] MWCC build/GEDE01/src/game/game_fn_80153898.o
[200/865] MWCC build/GEDE01/src/game/game_fn_80153A24.o
[201/865] MWCC build/GEDE01/src/game/game_fn_80155814.o
[202/865] MWCC build/GEDE01/src/game/game_fn_80157C0C.o
[203/865] MWCC build/GEDE01/src/game/game_fn_80158B20.o
[204/865] MWCC build/GEDE01/src/game/game_fn_80158D38.o
[205/865] MWCC build/GEDE01/src/game/game_fn_8015DC54.o
[206/865] MWCC build/GEDE01/src/game/game_fn_8015EDC0.o
[207/865] MWCC build/GEDE01/src/game/game_fn_80167454.o
[208/865] MWCC build/GEDE01/src/game/game_fn_80167B5C.o
[209/865] MWCC build/GEDE01/src/game/game_fn_80169650.o
[210/865] MWCC build/GEDE01/src/game/game_fn_8016BD0C.o
[211/865] MWCC build/GEDE01/src/game/game_fn_8016BE1C.o
[212/865] MWCC build/GEDE01/src/game/game_fn_8016BF60.o
[213/865] MWCC build/GEDE01/src/game/game_fn_8016C0BC.o
[214/865] MWCC build/GEDE01/src/game/game_fn_8016C164.o
[215/865] MWCC build/GEDE01/src/game/game_fn_8016C238.o
[216/865] MWCC build/GEDE01/src/game/game_fn_8016C4BC.o
[217/865] MWCC build/GEDE01/src/game/game_fn_8016C774.o
[218/865] MWCC build/GEDE01/src/game/game_fn_8016D040.o
[219/865] MWCC build/GEDE01/src/game/game_fn_8016D1F8.o
[220/865] MWCC build/GEDE01/src/game/game_fn_8016D2B8.o
[221/865] MWCC build/GEDE01/src/game/game_fn_8016D9C0.o
[222/865] MWCC build/GEDE01/src/game/game_fn_8016DF4C.o
[223/865] MWCC build/GEDE01/src/game/game_fn_8016E8F8.o
[224/865] MWCC build/GEDE01/src/game/game_fn_8016FEF8.o
[225/865] MWCC build/GEDE01/src/game/game_fn_8017038C.o
[226/865] MWCC build/GEDE01/src/game/game_fn_801704F8.o
[227/865] MWCC build/GEDE01/src/game/game_fn_801706DC.o
[228/865] MWCC build/GEDE01/src/game/game_fn_80170A40.o
[229/865] MWCC build/GEDE01/src/game/game_fn_80170DF4.o
[230/865] MWCC build/GEDE01/src/game/game_fn_80170E9C.o
[231/865] MWCC build/GEDE01/src/game/game_fn_8017138C.o
[232/865] MWCC build/GEDE01/src/game/game_fn_80171664.o
[233/865] MWCC build/GEDE01/src/game/game_fn_801718F4.o
[234/865] MWCC build/GEDE01/src/game/game_fn_801719B4.o
[235/865] MWCC build/GEDE01/src/game/game_fn_80171F30.o
[236/865] MWCC build/GEDE01/src/game/game_fn_8017250C.o
[237/865] MWCC build/GEDE01/src/game/game_fn_801726EC.o
[238/865] MWCC build/GEDE01/src/game/game_fn_80172BB0.o
[239/865] MWCC build/GEDE01/src/game/game_fn_80172C78.o
[240/865] MWCC build/GEDE01/src/game/game_fn_80172DB8.o
[241/865] MWCC build/GEDE01/src/game/game_fn_80173270.o
[242/865] MWCC build/GEDE01/src/game/game_fn_80173770.o
[243/865] MWCC build/GEDE01/src/game/game_fn_801734B4.o
[244/865] MWCC build/GEDE01/src/game/game_fn_80173D44.o
[245/865] MWCC build/GEDE01/src/game/game_fn_80173F04.o
[246/865] MWCC build/GEDE01/src/game/game_fn_80174184.o
[247/865] MWCC build/GEDE01/src/game/game_fn_80174358.o
[248/865] MWCC build/GEDE01/src/game/game_fn_80174F2C.o
[249/865] MWCC build/GEDE01/src/game/game_fn_8017553C.o
[250/865] MWCC build/GEDE01/src/game/game_fn_80175E64.o
[251/865] MWCC build/GEDE01/src/game/game_fn_80175F0C.o
[252/865] MWCC build/GEDE01/src/game/game_fn_80175FD4.o
[253/865] MWCC build/GEDE01/src/game/game_fn_80176098.o
[254/865] MWCC build/GEDE01/src/game/game_fn_80176160.o
[255/865] MWCC build/GEDE01/src/game/game_fn_80176220.o
[256/865] MWCC build/GEDE01/src/game/game_fn_801762E8.o
[257/865] MWCC build/GEDE01/src/game/game_fn_8017652C.o
[258/865] MWCC build/GEDE01/src/game/game_fn_80176DF4.o
[259/865] MWCC build/GEDE01/src/game/game_fn_80176FA0.o
[260/865] MWCC build/GEDE01/src/game/game_fn_801770F8.o
[261/865] MWCC build/GEDE01/src/game/game_fn_8017718C.o
[262/865] MWCC build/GEDE01/src/game/game_fn_80178F88.o
[263/865] MWCC build/GEDE01/src/game/game_fn_80177434.o
[264/865] MWCC build/GEDE01/src/game/game_fn_80179398.o
[265/865] MWCC build/GEDE01/src/game/game_fn_8017960C.o
[266/865] MWCC build/GEDE01/src/game/game_fn_8017974C.o
[267/865] MWCC build/GEDE01/src/game/game_fn_80179904.o
[268/865] MWCC build/GEDE01/src/game/game_fn_80179A18.o
[269/865] MWCC build/GEDE01/src/game/game_fn_80179A74.o
[270/865] MWCC build/GEDE01/src/game/game_fn_80179EB8.o
[271/865] MWCC build/GEDE01/src/game/game_fn_80179F20.o
[272/865] MWCC build/GEDE01/src/game/game_fn_8017A010.o
[273/865] MWCC build/GEDE01/src/game/game_fn_8017A12C.o
[274/865] MWCC build/GEDE01/src/game/game_fn_8017A1C0.o
[275/865] MWCC build/GEDE01/src/game/game_fn_8017A9B8.o
[276/865] MWCC build/GEDE01/src/game/game_fn_8017AC20.o
[277/865] MWCC build/GEDE01/src/game/game_fn_8017E850.o
[278/865] MWCC build/GEDE01/src/game/game_fn_8017E958.o
[279/865] MWCC build/GEDE01/src/game/game_fn_80180DDC.o
[280/865] MWCC build/GEDE01/src/game/game_fn_801810A0.o
[281/865] MWCC build/GEDE01/src/game/game_fn_801816D4.o
[282/865] MWCC build/GEDE01/src/game/game_fn_801859FC.o
[283/865] MWCC build/GEDE01/src/game/game_fn_80185AE8.o
[284/865] MWCC build/GEDE01/src/game/game_fn_80185F10.o
[285/865] MWCC build/GEDE01/src/game/game_fn_801865EC.o
[286/865] MWCC build/GEDE01/src/game/game_fn_8018680C.o
[287/865] MWCC build/GEDE01/src/game/game_fn_80186E10.o
[288/865] MWCC build/GEDE01/src/game/game_fn_80186F70.o
[289/865] MWCC build/GEDE01/src/game/game_fn_80187120.o
[290/865] MWCC build/GEDE01/src/game/game_fn_80187320.o
[291/865] MWCC build/GEDE01/src/game/game_fn_801875FC.o
[292/865] MWCC build/GEDE01/src/game/game_fn_801878E0.o
[293/865] MWCC build/GEDE01/src/game/game_fn_80188A7C.o
[294/865] MWCC build/GEDE01/src/game/game_fn_80187BB4.o
[295/865] MWCC build/GEDE01/src/game/game_fn_80188C1C.o
[296/865] MWCC build/GEDE01/src/game/game_fn_80188B44.o
[297/865] MWCC build/GEDE01/src/game/game_fn_80189028.o
[298/865] MWCC build/GEDE01/src/game/game_fn_80188E28.o
[299/865] MWCC build/GEDE01/src/game/game_fn_801891D8.o
[300/865] MWCC build/GEDE01/src/game/game_fn_80189390.o
[301/865] MWCC build/GEDE01/src/game/game_fn_801895E8.o
[302/865] MWCC build/GEDE01/src/game/game_fn_801896A0.o
[303/865] MWCC build/GEDE01/src/game/game_fn_80189760.o
[304/865] MWCC build/GEDE01/src/game/game_fn_80189968.o
[305/865] MWCC build/GEDE01/src/game/game_fn_8018D1F0.o
[306/865] MWCC build/GEDE01/src/game/game_fn_8018D2E0.o
[307/865] MWCC build/GEDE01/src/game/game_fn_8018D400.o
[308/865] MWCC build/GEDE01/src/game/game_fn_8018D688.o
[309/865] MWCC build/GEDE01/src/game/game_fn_8018E0D8.o
[310/865] MWCC build/GEDE01/src/game/game_fn_8018F1D0.o
[311/865] MWCC build/GEDE01/src/game/game_fn_8018F81C.o
[312/865] MWCC build/GEDE01/src/game/game_fn_8018FEDC.o
[313/865] MWCC build/GEDE01/src/game/game_fn_8019120C.o
[314/865] MWCC build/GEDE01/src/game/game_fn_80191360.o
[315/865] MWCC build/GEDE01/src/game/game_fn_801916D0.o
[316/865] MWCC build/GEDE01/src/game/game_fn_8019197C.o
[317/865] MWCC build/GEDE01/src/game/game_fn_80191F58.o
[318/865] MWCC build/GEDE01/src/game/game_fn_801926EC.o
[319/865] MWCC build/GEDE01/src/game/game_fn_801929A4.o
[320/865] MWCC build/GEDE01/src/game/game_fn_80192F54.o
[321/865] MWCC build/GEDE01/src/game/game_fn_801931C4.o
[322/865] MWCC build/GEDE01/src/game/game_fn_80193E1C.o
[323/865] MWCC build/GEDE01/src/game/game_fn_80193F3C.o
[324/865] MWCC build/GEDE01/src/game/game_fn_80194F80.o
[325/865] MWCC build/GEDE01/src/game/game_fn_80197910.o
[326/865] MWCC build/GEDE01/src/game/game_fn_80198154.o
[327/865] MWCC build/GEDE01/src/game/game_fn_80198AAC.o
[328/865] MWCC build/GEDE01/src/game/game_fn_80198BF4.o
[329/865] MWCC build/GEDE01/src/game/game_fn_801991E0.o
[330/865] MWCC build/GEDE01/src/game/game_fn_8019B1BC.o
[331/865] MWCC build/GEDE01/src/game/game_fn_8019CC28.o
[332/865] MWCC build/GEDE01/src/game/game_fn_8019CFC4.o
[333/865] MWCC build/GEDE01/src/game/game_fn_8019E5E4.o
[334/865] MWCC build/GEDE01/src/game/game_fn_8019E8C8.o
[335/865] MWCC build/GEDE01/src/game/game_fn_801A1F18.o
[336/865] MWCC build/GEDE01/src/game/game_fn_801A2A54.o
[337/865] MWCC build/GEDE01/src/game/game_fn_801A34BC.o
[338/865] MWCC build/GEDE01/src/game/game_fn_801A3A78.o
[339/865] MWCC build/GEDE01/src/game/game_fn_801A4CE0.o
[340/865] MWCC build/GEDE01/src/game/game_fn_801A5FB0.o
[341/865] MWCC build/GEDE01/src/game/game_fn_801A6410.o
[342/865] MWCC build/GEDE01/src/game/game_fn_801A657C.o
[343/865] MWCC build/GEDE01/src/game/game_fn_801A6ADC.o
[344/865] MWCC build/GEDE01/src/game/game_fn_801A6C58.o
[345/865] MWCC build/GEDE01/src/game/game_fn_801A6CB4.o
[346/865] MWCC build/GEDE01/src/game/game_fn_801A7E04.o
[347/865] MWCC build/GEDE01/src/game/game_fn_801A7EA8.o
[348/865] MWCC build/GEDE01/src/game/game_fn_801A93E8.o
[349/865] MWCC build/GEDE01/src/game/game_fn_801AB154.o
[350/865] MWCC build/GEDE01/src/game/game_fn_801ABD3C.o
[351/865] MWCC build/GEDE01/src/game/game_fn_801AC8AC.o
[352/865] MWCC build/GEDE01/src/game/game_fn_801ACFE8.o
[353/865] MWCC build/GEDE01/src/game/game_fn_801AD08C.o
[354/865] MWCC build/GEDE01/src/game/game_fn_801AFA74.o
[355/865] MWCC build/GEDE01/src/game/game_fn_801B02F0.o
[356/865] MWCC build/GEDE01/src/game/game_fn_801B1BA0.o
[357/865] MWCC build/GEDE01/src/game/game_fn_801B35BC.o
[358/865] MWCC build/GEDE01/src/game/game_fn_801B46C8.o
[359/865] MWCC build/GEDE01/src/game/game_fn_801B4FB4.o
[360/865] MWCC build/GEDE01/src/game/game_fn_801B5228.o
[361/865] MWCC build/GEDE01/src/game/game_fn_801B58F0.o
[362/865] MWCC build/GEDE01/src/game/game_fn_801B6F1C.o
[363/865] MWCC build/GEDE01/src/game/game_fn_801B86C0.o
[364/865] MWCC build/GEDE01/src/game/game_fn_801B941C.o
[365/865] MWCC build/GEDE01/src/game/game_fn_801B9E7C.o
[366/865] MWCC build/GEDE01/src/game/game_fn_801BA15C.o
[367/865] MWCC build/GEDE01/src/game/game_fn_801BA708.o
[368/865] MWCC build/GEDE01/src/game/game_fn_801BB1A0.o
[369/865] MWCC build/GEDE01/src/game/game_fn_801BC0D4.o
[370/865] MWCC build/GEDE01/src/game/game_fn_801BC240.o
[371/865] MWCC build/GEDE01/src/game/game_fn_801BC8F4.o
[372/865] MWCC build/GEDE01/src/game/game_fn_801BCC04.o
[373/865] MWCC build/GEDE01/src/game/game_fn_801BD990.o
[374/865] MWCC build/GEDE01/src/game/game_fn_801BDE7C.o
[375/865] MWCC build/GEDE01/src/game/game_fn_801BE0D4.o
[376/865] MWCC build/GEDE01/src/game/game_fn_801C1CB0.o
[377/865] MWCC build/GEDE01/src/game/game_fn_801BEF40.o
[378/865] MWCC build/GEDE01/src/game/game_fn_801C2980.o
[379/865] MWCC build/GEDE01/src/game/game_fn_801C29BC.o
[380/865] MWCC build/GEDE01/src/game/game_fn_801C2AAC.o
[381/865] MWCC build/GEDE01/src/game/game_fn_801C2D9C.o
[382/865] MWCC build/GEDE01/src/game/game_fn_801C8160.o
[383/865] MWCC build/GEDE01/src/game/game_fn_801C8224.o
[384/865] MWCC build/GEDE01/src/game/game_fn_801C8600.o
[385/865] MWCC build/GEDE01/src/game/game_fn_801C4B5C.o
[386/865] MWCC build/GEDE01/src/game/game_fn_801C8CC0.o
[387/865] MWCC build/GEDE01/src/game/game_fn_801C87DC.o
[388/865] MWCC build/GEDE01/src/game/game_fn_801C8F50.o
[389/865] MWCC build/GEDE01/src/game/game_fn_801C90A4.o
[390/865] MWCC build/GEDE01/src/game/game_fn_801C9510.o
[391/865] MWCC build/GEDE01/src/game/game_fn_801C970C.o
[392/865] MWCC build/GEDE01/src/game/game_fn_801C9A08.o
[393/865] MWCC build/GEDE01/src/game/game_fn_801C9B1C.o
[394/865] MWCC build/GEDE01/src/game/game_fn_801CB4F8.o
[395/865] MWCC build/GEDE01/src/game/game_fn_801CD228.o
[396/865] MWCC build/GEDE01/src/game/game_fn_801CE09C.o
[397/865] MWCC build/GEDE01/src/game/game_fn_801CE594.o
[398/865] MWCC build/GEDE01/src/game/game_fn_801D1B10.o
[399/865] MWCC build/GEDE01/src/game/game_fn_801D1F78.o
[400/865] MWCC build/GEDE01/src/game/game_fn_801D3988.o
[401/865] MWCC build/GEDE01/src/game/game_fn_801D76A8.o
[402/865] MWCC build/GEDE01/src/game/game_fn_801D7C24.o
[403/865] MWCC build/GEDE01/src/game/game_fn_801D8050.o
[404/865] MWCC build/GEDE01/src/game/game_fn_801D9FE4.o
[405/865] MWCC build/GEDE01/src/game/game_fn_801E2A48.o
[406/865] MWCC build/GEDE01/src/game/game_fn_801E41AC.o
[407/865] MWCC build/GEDE01/src/game/game_fn_801E6814.o
[408/865] MWCC build/GEDE01/src/game/game_fn_801EB09C.o
[409/865] MWCC build/GEDE01/src/game/game_fn_801EB11C.o
[410/865] MWCC build/GEDE01/src/game/game_fn_801ECD74.o
[411/865] MWCC build/GEDE01/src/game/game_fn_801ECF50.o
[412/865] MWCC build/GEDE01/src/game/game_fn_801ED5F4.o
[413/865] MWCC build/GEDE01/src/game/game_fn_801EF580.o
[414/865] MWCC build/GEDE01/src/game/game_fn_801EF910.o
[415/865] MWCC build/GEDE01/src/game/game_fn_801F10BC.o
[416/865] MWCC build/GEDE01/src/game/game_fn_801F1A38.o
[417/865] MWCC build/GEDE01/src/game/game_fn_801F35A8.o
[418/865] MWCC build/GEDE01/src/game/game_fn_801F55A0.o
[419/865] MWCC build/GEDE01/src/game/game_fn_801F69F0.o
[420/865] MWCC build/GEDE01/src/game/game_fn_801F6BD8.o
[421/865] MWCC build/GEDE01/src/game/game_fn_801F7510.o
[422/865] MWCC build/GEDE01/src/game/game_fn_801F76EC.o
[423/865] MWCC build/GEDE01/src/game/game_fn_801F8264.o
[424/865] MWCC build/GEDE01/src/game/game_fn_801F89B4.o
[425/865] MWCC build/GEDE01/src/game/game_fn_801F9AF8.o
[426/865] MWCC build/GEDE01/src/game/game_fn_801FA9C8.o
[427/865] MWCC build/GEDE01/src/game/game_fn_801FB6A4.o
[428/865] MWCC build/GEDE01/src/game/game_fn_801FC034.o
[429/865] MWCC build/GEDE01/src/game/game_fn_801FC204.o
[430/865] EXTERNALIZE build/GEDE01/src/game/game_fn_801247F8.o
[431/865] MWCC build/GEDE01/src/game/game_fn_801FFE78.o
[432/865] EXTERNALIZE build/GEDE01/src/game/game_fn_801EF910.o
[433/865] EXTERNALIZE build/GEDE01/src/game/game_fn_801ECF50.o
[434/865] EXTERNALIZE build/GEDE01/src/game/game_fn_801EB09C.o
[435/865] EXTERNALIZE build/GEDE01/src/game/game_fn_801FC204.o
[436/865] EXTERNALIZE build/GEDE01/src/game/game_fn_801EB11C.o
[437/865] EXTERNALIZE build/GEDE01/src/game/game_fn_801E41AC.o
[438/865] EXTERNALIZE build/GEDE01/src/game/game_fn_801D9FE4.o
[439/865] EXTERNALIZE build/GEDE01/src/game/game_fn_801D76A8.o
[440/865] EXTERNALIZE build/GEDE01/src/game/game_fn_801D8050.o
[441/865] EXTERNALIZE build/GEDE01/src/game/game_fn_801D7C24.o
[442/865] EXTERNALIZE build/GEDE01/src/game/game_fn_8019B1BC.o
[443/865] EXTERNALIZE build/GEDE01/src/game/game_fn_80178F88.o
[444/865] EXTERNALIZE build/GEDE01/src/game/game_fn_801CD228.o
[445/865] EXTERNALIZE build/GEDE01/src/game/game_fn_801C970C.o
[446/865] EXTERNALIZE build/GEDE01/src/game/game_fn_801BA15C.o
[447/865] EXTERNALIZE build/GEDE01/src/game/game_fn_801C9510.o
[448/865] EXTERNALIZE build/GEDE01/src/game/game_fn_80126A00.o
[449/865] EXTERNALIZE build/GEDE01/src/game/game_fn_8013D6A4.o
[450/865] EXTERNALIZE build/GEDE01/src/game/game_fn_800C9C60.o
[451/865] EXTERNALIZE build/GEDE01/src/game/game_fn_801B4FB4.o
[452/865] EXTERNALIZE build/GEDE01/src/game/game_fn_801B5228.o
[453/865] EXTERNALIZE build/GEDE01/src/game/game_fn_801C87DC.o
[454/865] EXTERNALIZE build/GEDE01/src/game/game_fn_801B6F1C.o
[455/865] EXTERNALIZE build/GEDE01/src/game/game_fn_801C8CC0.o
[456/865] EXTERNALIZE build/GEDE01/src/game/game_fn_800FD0C8.o
[457/865] EXTERNALIZE build/GEDE01/src/game/game_fn_801BDE7C.o
[458/865] EXTERNALIZE build/GEDE01/src/game/game_fn_801BE0D4.o
[459/865] EXTERNALIZE STATIC POOL build/GEDE01/src/game/game_fn_801C9A08.o
build/GEDE01/src/game/game_fn_801C9A08.o: lbl_80629390 now undefined; section 3 emptied
[460/865] EXTERNALIZE STATIC POOL build/GEDE01/src/game/game_fn_801C9B1C.o
build/GEDE01/src/game/game_fn_801C9B1C.o: lbl_80629390 now undefined; section 3 emptied
[461/865] EXTERNALIZE build/GEDE01/src/game/game_fn_801B941C.o
[462/865] EXTERNALIZE STATIC POOL build/GEDE01/src/game/game_fn_801BD990.o
build/GEDE01/src/game/game_fn_801BD990.o: lbl_80626D80 now undefined; section 6 emptied
[463/865] EXTERNALIZE STATIC POOL build/GEDE01/src/game/game_fn_801B58F0.o
build/GEDE01/src/game/game_fn_801B58F0.o: lbl_8060C020 now undefined; section 3 emptied
[464/865] EXTERNALIZE STATIC POOL build/GEDE01/src/game/game_fn_801BB1A0.o
build/GEDE01/src/game/game_fn_801BB1A0.o: 0 relocation(s) moved from streamInfo to ...bss.0
build/GEDE01/src/game/game_fn_801BB1A0.o: lbl_8061AE48 now undefined; section 6 emptied
[465/865] EXTERNALIZE STATIC POOL build/GEDE01/src/game/game_fn_801B9E7C.o
build/GEDE01/src/game/game_fn_801B9E7C.o: 0 relocation(s) moved from streamInfo to ...bss.0
build/GEDE01/src/game/game_fn_801B9E7C.o: lbl_8061AE48 now undefined; section 6 emptied
[466/865] EXTERNALIZE STATIC build/GEDE01/src/game/game_fn_801B35BC.o
build/GEDE01/src/game/game_fn_801B35BC.o: lbl_8060D420 now undefined; section 6 emptied
[467/865] EXTERNALIZE STATIC POOL build/GEDE01/src/game/game_fn_801BA708.o
build/GEDE01/src/game/game_fn_801BA708.o: 0 relocation(s) moved from streamInfo to ...bss.0
build/GEDE01/src/game/game_fn_801BA708.o: lbl_8061AE48 now undefined; section 6 emptied
[468/865] EXTERNALIZE STATIC POOL build/GEDE01/src/game/game_fn_801BC8F4.o
build/GEDE01/src/game/game_fn_801BC8F4.o: lbl_8061C748 now undefined; section 6 emptied
[469/865] EXTERNALIZE STATIC build/GEDE01/src/game/game_fn_801BC240.o
build/GEDE01/src/game/game_fn_801BC240.o: lbl_8061C748 now undefined; section 6 emptied
[470/865] EXTERNALIZE STATIC POOL build/GEDE01/src/game/game_fn_801BCC04.o
build/GEDE01/src/game/game_fn_801BCC04.o: lbl_8061C748 now undefined; section 6 emptied
[471/865] EXTERNALIZE STATIC POOL build/GEDE01/src/game/game_fn_801BC0D4.o
build/GEDE01/src/game/game_fn_801BC0D4.o: lbl_8061C748 now undefined; section 6 emptied
[472/865] EXTERNALIZE STATIC POOL build/GEDE01/src/game/game_fn_801C1CB0.o
build/GEDE01/src/game/game_fn_801C1CB0.o: lbl_80626DA0 now undefined; section 3 emptied
[473/865] RENAME build/GEDE01/src/game/game_InitMetroTRKCommTable.o
[474/865] EXTERNALIZE STATIC POOL build/GEDE01/src/game/game_fn_801CE09C.o
build/GEDE01/src/game/game_fn_801CE09C.o: lbl_80631340 now undefined; section 6 emptied
[475/865] RENAME RUNTIME INTRINSICS build/GEDE01/src/game/game_fn_801CB4F8.o
[476/865] EXTERNALIZE build/GEDE01/src/game/game_fn_801D3988.o
[477/865] EXTERNALIZE STATIC POOL build/GEDE01/src/game/game_fn_8010242C.o
build/GEDE01/src/game/game_fn_8010242C.o: lbl_8032CC08 now undefined; section 3 emptied
[478/865] EXTERNALIZE build/GEDE01/src/game/game_fn_801D1B10.o
[479/865] ALIGN DATA build/GEDE01/src/game/game_fn_80008014.o
[480/865] EXTERNALIZE build/GEDE01/src/game/game_fn_801CE594.o
[481/865] EXTERNALIZE build/GEDE01/src/game/game_fn_8014549C.o
[482/865] EXTERNALIZE build/GEDE01/src/game/game_fn_801C8224.o
[483/865] EXTERNALIZE build/GEDE01/src/game/game_fn_801098C0.o
[484/865] EXTERNALIZE build/GEDE01/src/game/game_fn_80185F10.o
[485/865] EXTERNALIZE build/GEDE01/src/game/game_fn_8000FDE8.o
[486/865] EXTERNALIZE build/GEDE01/src/game/game_fn_801C29BC.o
[487/865] EXTERNALIZE build/GEDE01/src/game/game_fn_8007B828.o
[488/865] EXTERNALIZE build/GEDE01/src/game/game_fn_801C8F50.o
[489/865] EXTERNALIZE build/GEDE01/src/game/game_fn_801C90A4.o
[490/865] EXTERNALIZE build/GEDE01/src/game/game_fn_801C8160.o
[491/865] EXTERNALIZE build/GEDE01/src/game/game_fn_801C2AAC.o
[492/865] EXTERNALIZE build/GEDE01/src/game/game_fn_801C2D9C.o
[493/865] EXTERNALIZE build/GEDE01/src/game/game_fn_801C2980.o
[494/865] EXTERNALIZE build/GEDE01/src/game/game_fn_801AFA74.o
[495/865] EXTERNALIZE build/GEDE01/src/game/game_fn_801B02F0.o
[496/865] EXTERNALIZE build/GEDE01/src/game/game_fn_801AC8AC.o
[497/865] EXTERNALIZE build/GEDE01/src/game/game_fn_801ABD3C.o
[498/865] EXTERNALIZE build/GEDE01/src/game/game_fn_801816D4.o
[499/865] EXTERNALIZE build/GEDE01/src/game/game_fn_8011F140.o
[500/865] EXTERNALIZE build/GEDE01/src/game/game_fn_801AD08C.o
[501/865] EXTERNALIZE build/GEDE01/src/game/game_fn_8004998C.o
[502/865] EXTERNALIZE build/GEDE01/src/game/game_fn_80079AA4.o
[503/865] EXTERNALIZE build/GEDE01/src/game/game_fn_80158D38.o
[504/865] EXTERNALIZE build/GEDE01/src/game/game_fn_801A3A78.o
[505/865] EXTERNALIZE build/GEDE01/src/game/game_fn_8008F224.o
[506/865] EXTERNALIZE build/GEDE01/src/game/game_fn_80167454.o
[507/865] EXTERNALIZE build/GEDE01/src/game/game_fn_800AF230.o
[508/865] EXTERNALIZE build/GEDE01/src/game/game_fn_801A93E8.o
[509/865] EXTERNALIZE build/GEDE01/src/game/game_fn_801AB154.o
[510/865] EXTERNALIZE build/GEDE01/src/game/game_fn_801A7E04.o
[511/865] EXTERNALIZE build/GEDE01/src/game/game_fn_801A7EA8.o
[512/865] EXTERNALIZE build/GEDE01/src/game/game_fn_801A6CB4.o
[513/865] EXTERNALIZE build/GEDE01/src/game/game_fn_801A4CE0.o
[514/865] EXTERNALIZE build/GEDE01/src/game/game_fn_801A6C58.o
[515/865] NAME JUMPTABLE build/GEDE01/src/game/game_fn_801A6ADC.o
[516/865] EXTERNALIZE build/GEDE01/src/game/game_fn_801A6410.o
[517/865] EXTERNALIZE build/GEDE01/src/game/game_fn_801A5FB0.o
[518/865] EXTERNALIZE build/GEDE01/src/game/game_fn_801A1F18.o
[519/865] EXTERNALIZE build/GEDE01/src/game/game_fn_8019E8C8.o
[520/865] EXTERNALIZE build/GEDE01/src/game/game_fn_8019E5E4.o
[521/865] EXTERNALIZE build/GEDE01/src/game/game_fn_8019CFC4.o
[522/865] EXTERNALIZE build/GEDE01/src/game/game_fn_8019CC28.o
[523/865] EXTERNALIZE build/GEDE01/src/game/game_fn_801991E0.o
[524/865] EXTERNALIZE build/GEDE01/src/game/game_fn_80198BF4.o
[525/865] EXTERNALIZE build/GEDE01/src/game/game_fn_80198AAC.o
[526/865] EXTERNALIZE build/GEDE01/src/game/game_fn_80198154.o
[527/865] EXTERNALIZE build/GEDE01/src/game/game_fn_80194F80.o
[528/865] EXTERNALIZE build/GEDE01/src/game/game_fn_80197910.o
[529/865] EXTERNALIZE build/GEDE01/src/game/game_fn_80177434.o
repointed 2 relocations to lbl_80250588
[530/865] EXTERNALIZE build/GEDE01/src/game/game_fn_80193E1C.o
[531/865] EXTERNALIZE build/GEDE01/src/game/game_fn_801931C4.o
[532/865] EXTERNALIZE build/GEDE01/src/game/game_fn_80193F3C.o
[533/865] EXTERNALIZE build/GEDE01/src/game/game_fn_80191F58.o
[534/865] EXTERNALIZE build/GEDE01/src/game/game_fn_80192F54.o
[535/865] EXTERNALIZE build/GEDE01/src/game/game_fn_8019197C.o
[536/865] EXTERNALIZE build/GEDE01/src/game/game_fn_80191360.o
[537/865] GLOBALIZE build/GEDE01/src/game/game_fn_8018F1D0.o
[538/865] EXTERNALIZE build/GEDE01/src/game/game_fn_8018D688.o
[539/865] EXTERNALIZE build/GEDE01/src/game/game_fn_8018F81C.o
[540/865] EXTERNALIZE build/GEDE01/src/game/game_fn_8018D2E0.o
[541/865] EXTERNALIZE build/GEDE01/src/game/game_fn_80189968.o
[542/865] EXTERNALIZE build/GEDE01/src/game/game_fn_80189760.o
[543/865] EXTERNALIZE build/GEDE01/src/game/game_fn_8018D1F0.o
[544/865] EXTERNALIZE build/GEDE01/src/game/game_fn_801896A0.o
[545/865] EXTERNALIZE build/GEDE01/src/game/game_fn_801895E8.o
[546/865] EXTERNALIZE build/GEDE01/src/game/game_fn_80189390.o
[547/865] EXTERNALIZE build/GEDE01/src/game/game_fn_801891D8.o
[548/865] EXTERNALIZE build/GEDE01/src/game/game_fn_80188E28.o
[549/865] EXTERNALIZE build/GEDE01/src/game/game_fn_80189028.o
[550/865] EXTERNALIZE build/GEDE01/src/game/game_fn_80188B44.o
[551/865] EXTERNALIZE build/GEDE01/src/game/game_fn_80188C1C.o
[552/865] EXTERNALIZE build/GEDE01/src/game/game_fn_80188A7C.o
[553/865] EXTERNALIZE build/GEDE01/src/game/game_fn_801878E0.o
[554/865] EXTERNALIZE build/GEDE01/src/game/game_fn_80187120.o
[555/865] EXTERNALIZE build/GEDE01/src/game/game_fn_8018FEDC.o
[556/865] EXTERNALIZE build/GEDE01/src/game/game_fn_80186E10.o
[557/865] EXTERNALIZE build/GEDE01/src/game/game_fn_801865EC.o
[558/865] EXTERNALIZE build/GEDE01/src/game/game_fn_80185AE8.o
[559/865] EXTERNALIZE build/GEDE01/src/game/game_fn_801859FC.o
[560/865] EXTERNALIZE build/GEDE01/src/game/game_fn_80180DDC.o
[561/865] EXTERNALIZE build/GEDE01/src/game/game_fn_8017E958.o
[562/865] EXTERNALIZE build/GEDE01/src/game/game_fn_8017718C.o
[563/865] EXTERNALIZE build/GEDE01/src/game/game_fn_8017E850.o
[564/865] EXTERNALIZE build/GEDE01/src/game/game_fn_801770F8.o
[565/865] EXTERNALIZE build/GEDE01/src/game/game_fn_80176FA0.o
[566/865] EXTERNALIZE build/GEDE01/src/game/game_fn_80176DF4.o
[567/865] EXTERNALIZE build/GEDE01/src/game/game_fn_80174358.o
[568/865] EXTERNALIZE build/GEDE01/src/game/game_fn_80174184.o
[569/865] EXTERNALIZE build/GEDE01/src/game/game_fn_80173F04.o
[570/865] EXTERNALIZE build/GEDE01/src/game/game_fn_8017553C.o
[571/865] EXTERNALIZE build/GEDE01/src/game/game_fn_80173D44.o
[572/865] EXTERNALIZE build/GEDE01/src/game/game_fn_80173770.o
[573/865] EXTERNALIZE build/GEDE01/src/game/game_fn_801734B4.o
[574/865] EXTERNALIZE build/GEDE01/src/game/game_fn_80173270.o
[575/865] EXTERNALIZE build/GEDE01/src/game/game_fn_80172DB8.o
[576/865] EXTERNALIZE build/GEDE01/src/game/game_fn_80172C78.o
[577/865] EXTERNALIZE build/GEDE01/src/game/game_fn_80172BB0.o
[578/865] EXTERNALIZE build/GEDE01/src/game/game_fn_801726EC.o
[579/865] EXTERNALIZE build/GEDE01/src/game/game_fn_8017250C.o
[580/865] EXTERNALIZE build/GEDE01/src/game/game_fn_801719B4.o
[581/865] EXTERNALIZE build/GEDE01/src/game/game_fn_80171F30.o
[582/865] EXTERNALIZE build/GEDE01/src/game/game_fn_801718F4.o
[583/865] EXTERNALIZE build/GEDE01/src/game/game_fn_80171664.o
[584/865] EXTERNALIZE build/GEDE01/src/game/game_fn_8017138C.o
[585/865] EXTERNALIZE build/GEDE01/src/game/game_fn_80170A40.o
[586/865] NORMALIZE build/GEDE01/src/game/game_TRKNubWelcome.o
[587/865] NORMALIZE build/GEDE01/src/game/game_TRK_main.o
[588/865] NORMALIZE build/GEDE01/src/game/game_data_80239E10.o
[589/865] NORMALIZE build/GEDE01/src/game/game_data_80239E18.o
[590/865] EXTERNALIZE build/GEDE01/src/game/game_fn_801706DC.o
[591/865] EXTERNALIZE build/GEDE01/src/game/game_fn_8017652C.o
[592/865] EXTERNALIZE build/GEDE01/src/game/game_fn_80170E9C.o
[593/865] EXTERNALIZE build/GEDE01/src/game/game_fn_80175E64.o
[594/865] EXTERNALIZE build/GEDE01/src/game/game_fn_80175F0C.o
[595/865] EXTERNALIZE build/GEDE01/src/game/game_fn_80175FD4.o
[596/865] EXTERNALIZE build/GEDE01/src/game/game_fn_80176098.o
[597/865] EXTERNALIZE build/GEDE01/src/game/game_fn_80176160.o
[598/865] EXTERNALIZE build/GEDE01/src/game/game_fn_80176220.o
[599/865] EXTERNALIZE build/GEDE01/src/game/game_fn_80170DF4.o
[600/865] EXTERNALIZE build/GEDE01/src/game/game_fn_801762E8.o
[601/865] EXTERNALIZE build/GEDE01/src/game/game_fn_8016E8F8.o
[602/865] EXTERNALIZE build/GEDE01/src/game/game_fn_8016FEF8.o
[603/865] EXTERNALIZE build/GEDE01/src/game/game_fn_801704F8.o
[604/865] NORMALIZE build/GEDE01/src/game/game_fn_8016DF4C.o
[605/865] EXTERNALIZE build/GEDE01/src/game/game_fn_8016D2B8.o
[606/865] EXTERNALIZE build/GEDE01/src/game/game_fn_8016D040.o
[607/865] EXTERNALIZE build/GEDE01/src/game/game_fn_8016D1F8.o
[608/865] EXTERNALIZE build/GEDE01/src/game/game_fn_8016C774.o
[609/865] EXTERNALIZE build/GEDE01/src/game/game_fn_8016C4BC.o
[610/865] EXTERNALIZE build/GEDE01/src/game/game_fn_8016C238.o
[611/865] EXTERNALIZE build/GEDE01/src/game/game_fn_8016C0BC.o
[612/865] EXTERNALIZE build/GEDE01/src/game/game_fn_8016C164.o
[613/865] EXTERNALIZE build/GEDE01/src/game/game_fn_8017038C.o
[614/865] EXTERNALIZE build/GEDE01/src/game/game_fn_8016BE1C.o
[615/865] EXTERNALIZE build/GEDE01/src/game/game_fn_8016BF60.o
[616/865] EXTERNALIZE build/GEDE01/src/game/game_fn_8016BD0C.o
[617/865] EXTERNALIZE build/GEDE01/src/game/game_fn_80169650.o
[618/865] EXTERNALIZE build/GEDE01/src/game/game_fn_80167B5C.o
[619/865] EXTERNALIZE build/GEDE01/src/game/game_fn_8015EDC0.o
[620/865] EXTERNALIZE build/GEDE01/src/game/game_fn_8015DC54.o
[621/865] EXTERNALIZE build/GEDE01/src/game/game_fn_80158B20.o
[622/865] EXTERNALIZE build/GEDE01/src/game/game_fn_80179398.o
[623/865] EXTERNALIZE build/GEDE01/src/game/game_fn_8017960C.o
[624/865] EXTERNALIZE build/GEDE01/src/game/game_fn_80179904.o
[625/865] EXTERNALIZE build/GEDE01/src/game/game_fn_8017974C.o
[626/865] EXTERNALIZE build/GEDE01/src/game/game_fn_8017A9B8.o
[627/865] EXTERNALIZE build/GEDE01/src/game/game_fn_80179A18.o
[628/865] EXTERNALIZE build/GEDE01/src/game/game_fn_80179A74.o
[629/865] EXTERNALIZE build/GEDE01/src/game/game_fn_80179EB8.o
[630/865] EXTERNALIZE build/GEDE01/src/game/game_fn_80179F20.o
[631/865] EXTERNALIZE build/GEDE01/src/game/game_fn_8017A010.o
[632/865] EXTERNALIZE build/GEDE01/src/game/game_fn_8017A12C.o
[633/865] EXTERNALIZE build/GEDE01/src/game/game_fn_80157C0C.o
[634/865] EXTERNALIZE build/GEDE01/src/game/game_fn_8017A1C0.o
[635/865] EXTERNALIZE build/GEDE01/src/game/game_fn_80155814.o
[636/865] EXTERNALIZE build/GEDE01/src/game/game_fn_80153898.o
[637/865] EXTERNALIZE build/GEDE01/src/game/game_fn_8014B494.o
[638/865] EXTERNALIZE build/GEDE01/src/game/game_fn_8014AF38.o
[639/865] EXTERNALIZE build/GEDE01/src/game/game_fn_8012DB28.o
[640/865] EXTERNALIZE build/GEDE01/src/game/game_fn_801141B8.o
[641/865] EXTERNALIZE build/GEDE01/src/game/game_fn_801128E4.o
[642/865] EXTERNALIZE build/GEDE01/src/game/game_fn_801126E0.o
[643/865] EXTERNALIZE build/GEDE01/src/game/game_fn_8010F184.o
[644/865] EXTERNALIZE build/GEDE01/src/game/game_fn_800E4980.o
[645/865] EXTERNALIZE build/GEDE01/src/game/game_fn_800C17EC.o
[646/865] EXTERNALIZE build/GEDE01/src/game/game_fn_800C59F0.o
[647/865] EXTERNALIZE build/GEDE01/src/game/game_fn_800C644C.o
[648/865] EXTERNALIZE build/GEDE01/src/game/game_fn_800C65FC.o
[649/865] EXTERNALIZE build/GEDE01/src/game/game_fn_800CB760.o
[650/865] EXTERNALIZE build/GEDE01/src/game/game_fn_800CB8F4.o
[651/865] EXTERNALIZE build/GEDE01/src/game/game_fn_80078500.o
[652/865] EXTERNALIZE build/GEDE01/src/game/game_fn_80079908.o
[653/865] EXTERNALIZE build/GEDE01/src/game/game_fn_8007B2F4.o
[654/865] EXTERNALIZE build/GEDE01/src/game/game_fn_8007B540.o
[655/865] EXTERNALIZE build/GEDE01/src/game/game_fn_8007B640.o
[656/865] EXTERNALIZE build/GEDE01/src/game/game_fn_800886D8.o
[657/865] EXTERNALIZE build/GEDE01/src/game/game_fn_8007BA3C.o
[658/865] EXTERNALIZE build/GEDE01/src/game/game_fn_800934A0.o
[659/865] EXTERNALIZE build/GEDE01/src/game/game_fn_800A3894.o
[660/865] EXTERNALIZE build/GEDE01/src/game/game_fn_800A7E88.o
[661/865] EXTERNALIZE build/GEDE01/src/game/game_fn_800A4798.o
[662/865] GLOBALIZE build/GEDE01/src/game/game_fn_800A2130.o
[663/865] EXTERNALIZE build/GEDE01/src/game/game_fn_800A2FCC.o
[664/865] EXTERNALIZE build/GEDE01/src/game/game_fn_8009C424.o
[665/865] EXTERNALIZE SWITCHES build/GEDE01/src/game/game_fn_80095FDC.o
[666/865] GLOBALIZE build/GEDE01/src/game/game_fn_8008F890.o
[667/865] EXTERNALIZE build/GEDE01/src/game/game_fn_80096830.o
[668/865] EXTERNALIZE build/GEDE01/src/game/game_fn_80074310.o
[669/865] EXTERNALIZE build/GEDE01/src/game/game_fn_800A4428.o
[670/865] GLOBALIZE build/GEDE01/src/game/game_fn_8005FD84.o
[671/865] EXTERNALIZE build/GEDE01/src/game/game_fn_80066888.o
[672/865] EXTERNALIZE build/GEDE01/src/game/game_fn_8005EC6C.o
[673/865] EXTERNALIZE build/GEDE01/src/game/game_fn_80052310.o
[674/865] EXTERNALIZE build/GEDE01/src/game/game_fn_80048B24.o
[675/865] NAME SWITCH build/GEDE01/src/game/game_fn_80020E94.o
[676/865] NAME SWITCH build/GEDE01/src/game/game_fn_8005EE9C.o
[677/865] NAME SWITCH build/GEDE01/src/game/game_fn_8016D9C0.o
[678/865] NAME SWITCH build/GEDE01/src/game/game_fn_80071A58.o
[679/865] EXTERNALIZE build/GEDE01/src/game/game_fn_80048ADC.o
[680/865] NAME SWITCH build/GEDE01/src/game/game_fn_8006B620.o
[681/865] NAME SWITCH build/GEDE01/src/game/game_fn_8001FE1C.o
[682/865] NAME SWITCH build/GEDE01/src/game/game_fn_8001E644.o
[683/865] EXTERNALIZE build/GEDE01/src/game/game_fn_80038878.o
[684/865] EXTERNALIZE build/GEDE01/src/game/game_fn_801B46C8.o
build/GEDE01/src/game/game_fn_801B46C8.o: lbl_8060C020 now undefined; section 6 emptied
[685/865] EXTERNALIZE build/GEDE01/src/game/game_fn_80036C40.o
[686/865] EXTERNALIZE build/GEDE01/src/game/game_fn_800359A0.o
[687/865] EXTERNALIZE build/GEDE01/src/game/game_fn_80033180.o
[688/865] EXTERNALIZE build/GEDE01/src/game/game_fn_80033038.o
[689/865] EXTERNALIZE build/GEDE01/src/game/game_fn_80032B84.o
[690/865] EXTERNALIZE build/GEDE01/src/game/game_fn_8003232C.o
[691/865] EXTERNALIZE build/GEDE01/src/game/game_fn_8002E3F0.o
[692/865] EXTERNALIZE build/GEDE01/src/game/game_fn_8002DAE0.o
[693/865] EXTERNALIZE build/GEDE01/src/game/game_fn_8002EA68.o
[694/865] GLOBALIZE build/GEDE01/src/game/game_fn_8002B748.o
[695/865] EXTERNALIZE build/GEDE01/src/game/game_fn_8002F428.o
[696/865] NAME SWITCHES build/GEDE01/src/game/game_fn_80024F28.o
[697/865] EXTERNALIZE build/GEDE01/src/game/game_fn_800272B4.o
[698/865] EXTERNALIZE build/GEDE01/src/game/game_fn_8001CE94.o
[699/865] EXTERNALIZE build/GEDE01/src/game/game_fn_8001CD58.o
[700/865] EXTERNALIZE build/GEDE01/src/game/game_fn_8001C078.o
[701/865] EXTERNALIZE build/GEDE01/src/game/game_fn_8001B874.o
[702/865] EXTERNALIZE build/GEDE01/src/game/game_fn_8001B808.o
[703/865] EXTERNALIZE build/GEDE01/src/game/game_fn_8001B294.o
[704/865] EXTERNALIZE build/GEDE01/src/game/game_fn_8001B124.o
[705/865] EXTERNALIZE build/GEDE01/src/game/game_fn_8001ADF8.o
[706/865] EXTERNALIZE build/GEDE01/src/game/game_fn_8001AF68.o
[707/865] EXTERNALIZE build/GEDE01/src/game/game_fn_8001AAB8.o
[708/865] EXTERNALIZE build/GEDE01/src/game/game_fn_8001A6C4.o
[709/865] EXTERNALIZE build/GEDE01/src/game/game_fn_80019F98.o
[710/865] EXTERNALIZE build/GEDE01/src/game/game_fn_80019D2C.o
[711/865] EXTERNALIZE build/GEDE01/src/game/game_fn_80019C10.o
[712/865] EXTERNALIZE build/GEDE01/src/game/game_fn_80019940.o
[713/865] EXTERNALIZE build/GEDE01/src/game/game_fn_800194D0.o
[714/865] EXTERNALIZE build/GEDE01/src/game/game_fn_80019244.o
[715/865] EXTERNALIZE build/GEDE01/src/game/game_fn_80019054.o
[716/865] EXTERNALIZE build/GEDE01/src/game/game_fn_80018EF4.o
[717/865] EXTERNALIZE build/GEDE01/src/game/game_fn_80017DB0.o
[718/865] EXTERNALIZE build/GEDE01/src/game/game_fn_80017CC8.o
[719/865] EXTERNALIZE build/GEDE01/src/game/game_fn_80017C3C.o
[720/865] EXTERNALIZE build/GEDE01/src/game/game_fn_80017AE4.o
[721/865] EXTERNALIZE build/GEDE01/src/game/game_fn_80017A3C.o
[722/865] EXTERNALIZE build/GEDE01/src/game/game_fn_800179AC.o
[723/865] EXTERNALIZE build/GEDE01/src/game/game_fn_80017910.o
[724/865] EXTERNALIZE FLAGS build/GEDE01/src/game/game_fn_800119FC.o
[725/865] EXTERNALIZE build/GEDE01/src/game/game_fn_8000FFD8.o
[726/865] EXTERNALIZE build/GEDE01/src/game/game_fn_8000F4B0.o
[727/865] GLOBALIZE build/GEDE01/src/game/game_fn_800094C0.o
[728/865] EXTERNALIZE build/GEDE01/src/game/game_fn_8000EFC4.o
[729/865] EXTERNALIZE build/GEDE01/src/game/game_fn_800096E0.o
[730/865] EXTERNALIZE build/GEDE01/src/game/game_fn_800098C0.o
[731/865] EXTERNALIZE build/GEDE01/src/game/game_fn_800099D8.o
[732/865] EXTERNALIZE build/GEDE01/src/game/game_fn_80009AB4.o
[733/865] EXTERNALIZE build/GEDE01/src/game/game_fn_8000A26C.o
[734/865] EXTERNALIZE build/GEDE01/src/game/game_fn_800171C0.o
[735/865] EXTERNALIZE build/GEDE01/src/game/game_fn_800176F0.o
[736/865] EXTERNALIZE build/GEDE01/src/game/game_fn_8000AC88.o
[737/865] EXTERNALIZE build/GEDE01/src/game/game_fn_8000AFB4.o
[738/865] EXTERNALIZE build/GEDE01/src/game/game_fn_8000AEB4.o
[739/865] EXTERNALIZE build/GEDE01/src/game/game_fn_8000B1B8.o
[740/865] EXTERNALIZE build/GEDE01/src/game/game_fn_8000B36C.o
[741/865] EXTERNALIZE build/GEDE01/src/game/game_fn_8000B7FC.o
[742/865] EXTERNALIZE build/GEDE01/src/game/game_fn_8000B630.o
[743/865] EXTERNALIZE build/GEDE01/src/game/game_fn_8000B900.o
[744/865] EXTERNALIZE build/GEDE01/src/game/game_fn_8000BA0C.o
[745/865] EXTERNALIZE build/GEDE01/src/game/game_fn_8000BAA0.o
[746/865] EXTERNALIZE build/GEDE01/src/game/game_fn_8000BC40.o
[747/865] EXTERNALIZE build/GEDE01/src/game/game_fn_8000C06C.o
[748/865] EXTERNALIZE build/GEDE01/src/game/game_fn_8000C17C.o
[749/865] EXTERNALIZE build/GEDE01/src/game/game_fn_8000C848.o
[750/865] EXTERNALIZE build/GEDE01/src/game/game_fn_8000C400.o
[751/865] EXTERNALIZE build/GEDE01/src/game/game_fn_8000C91C.o
[752/865] EXTERNALIZE build/GEDE01/src/game/game_fn_8000D0BC.o
[753/865] NAME SWITCH build/GEDE01/src/game/game_fn_8000D8A4.o
[754/865] EXTERNALIZE build/GEDE01/src/game/game_fn_8000D3D4.o
[755/865] EXTERNALIZE build/GEDE01/src/game/game_fn_8000E054.o
[756/865] EXTERNALIZE build/GEDE01/src/game/game_fn_8000E0AC.o
[757/865] EXTERNALIZE build/GEDE01/src/game/game_fn_8000E96C.o
[758/865] EXTERNALIZE build/GEDE01/src/game/game_fn_8000F774.o
[759/865] EXTERNALIZE build/GEDE01/src/game/game_fn_8000EB14.o
[760/865] EXTERNALIZE build/GEDE01/src/game/game_fn_8000EBD4.o
[761/865] EXTERNALIZE build/GEDE01/src/game/game_fn_8000ED44.o
[762/865] EXTERNALIZE build/GEDE01/src/game/game_fn_8000E138.o
[763/865] EXTERNALIZE build/GEDE01/src/game/game_fn_8000E1C4.o
[764/865] EXTERNALIZE build/GEDE01/src/game/game_fn_8000D590.o
[765/865] EXTERNALIZE build/GEDE01/src/game/game_fn_8000DA50.o
[766/865] EXTERNALIZE build/GEDE01/src/game/game_fn_8000DAF4.o
[767/865] EXTERNALIZE build/GEDE01/src/game/game_fn_80012DA8.o
[768/865] EXTERNALIZE build/GEDE01/src/game/game_fn_80012F40.o
[769/865] EXTERNALIZE build/GEDE01/src/game/game_fn_80012FD0.o
[770/865] EXTERNALIZE build/GEDE01/src/game/game_fn_800131E8.o
[771/865] EXTERNALIZE build/GEDE01/src/game/game_fn_80013340.o
[772/865] EXTERNALIZE build/GEDE01/src/game/game_fn_80013870.o
[773/865] EXTERNALIZE build/GEDE01/src/game/game_fn_80013CB0.o
[774/865] EXTERNALIZE build/GEDE01/src/game/game_fn_80013D54.o
[775/865] EXTERNALIZE build/GEDE01/src/game/game_fn_800142DC.o
[776/865] EXTERNALIZE build/GEDE01/src/game/game_fn_800144CC.o
[777/865] EXTERNALIZE build/GEDE01/src/game/game_fn_80014784.o
[778/865] EXTERNALIZE build/GEDE01/src/game/game_fn_800149D4.o
[779/865] EXTERNALIZE build/GEDE01/src/game/game_fn_80015058.o
[780/865] EXTERNALIZE build/GEDE01/src/game/game_fn_80015320.o
[781/865] EXTERNALIZE build/GEDE01/src/game/game_fn_80015568.o
[782/865] EXTERNALIZE build/GEDE01/src/game/game_fn_800156FC.o
[783/865] EXTERNALIZE build/GEDE01/src/game/game_fn_80015BE0.o
[784/865] EXTERNALIZE build/GEDE01/src/game/game_fn_80015D40.o
[785/865] EXTERNALIZE build/GEDE01/src/game/game_fn_80015F04.o
[786/865] EXTERNALIZE build/GEDE01/src/game/game_fn_80016128.o
[787/865] EXTERNALIZE build/GEDE01/src/game/game_fn_80016270.o
[788/865] EXTERNALIZE build/GEDE01/src/game/game_fn_80016904.o
[789/865] EXTERNALIZE build/GEDE01/src/game/game_fn_800173CC.o
[790/865] EXTERNALIZE build/GEDE01/src/game/game_fn_80016B24.o
[791/865] EXTERNALIZE build/GEDE01/src/game/game_fn_801BEF40.o
[792/865] EXTERNALIZE build/GEDE01/src/game/game_fn_801B86C0.o
[793/865] EXTERNALIZE STATIC POOL build/GEDE01/src/game/game_fn_801C4B5C.o
build/GEDE01/src/game/game_fn_801C4B5C.o: lbl_80628CB0 now undefined; section 6 emptied
[794/865] EXTERNALIZE build/GEDE01/src/game/game_fn_8001CA04.o
[795/865] EXTERNALIZE build/GEDE01/src/game/game_fn_801C8600.o
[796/865] EXTERNALIZE build/GEDE01/src/game/game_fn_80031544.o
[797/865] EXTERNALIZE build/GEDE01/src/game/game_fn_8006B0F0.o
[798/865] EXTERNALIZE build/GEDE01/src/game/game_fn_8007D4D8.o
[799/865] EXTERNALIZE build/GEDE01/src/game/game_fn_8007F770.o
[800/865] EXTERNALIZE build/GEDE01/src/game/game_fn_80088F4C.o
[801/865] EXTERNALIZE build/GEDE01/src/game/game_fn_8008A2E0.o
[802/865] EXTERNALIZE build/GEDE01/src/game/game_fn_80090004.o
[803/865] EXTERNALIZE build/GEDE01/src/game/game_fn_80095D10.o
[804/865] EXTERNALIZE build/GEDE01/src/game/game_fn_800A3180.o
[805/865] EXTERNALIZE build/GEDE01/src/game/game_fn_800BB7A8.o
[806/865] EXTERNALIZE build/GEDE01/src/game/game_fn_800BB5C4.o
[807/865] EXTERNALIZE build/GEDE01/src/game/game_fn_800BB9A4.o
[808/865] EXTERNALIZE build/GEDE01/src/game/game_fn_800BBAF0.o
[809/865] EXTERNALIZE build/GEDE01/src/game/game_fn_800D9E10.o
[810/865] EXTERNALIZE build/GEDE01/src/game/game_fn_8012976C.o
[811/865] EXTERNALIZE build/GEDE01/src/game/game_fn_8013DB8C.o
[812/865] EXTERNALIZE build/GEDE01/src/game/game_fn_8013CBE4.o
[813/865] EXTERNALIZE build/GEDE01/src/game/game_fn_8014CA98.o
[814/865] EXTERNALIZE build/GEDE01/src/game/game_fn_80153A24.o
[815/865] EXTERNALIZE build/GEDE01/src/game/game_fn_801535D8.o
[816/865] EXTERNALIZE build/GEDE01/src/game/game_fn_80174F2C.o
[817/865] EXTERNALIZE build/GEDE01/src/game/game_fn_8017AC20.o
[818/865] EXTERNALIZE build/GEDE01/src/game/game_fn_8018680C.o
[819/865] EXTERNALIZE build/GEDE01/src/game/game_fn_80186F70.o
[820/865] EXTERNALIZE build/GEDE01/src/game/game_fn_80187320.o
[821/865] EXTERNALIZE build/GEDE01/src/game/game_fn_801810A0.o
[822/865] EXTERNALIZE build/GEDE01/src/game/game_fn_801875FC.o
[823/865] EXTERNALIZE build/GEDE01/src/game/game_fn_800542D0.o
[824/865] EXTERNALIZE build/GEDE01/src/game/game_fn_80187BB4.o
[825/865] EXTERNALIZE build/GEDE01/src/game/game_fn_8018E0D8.o
[826/865] EXTERNALIZE build/GEDE01/src/game/game_fn_8019120C.o
[827/865] EXTERNALIZE build/GEDE01/src/game/game_fn_8018D400.o
[828/865] EXTERNALIZE build/GEDE01/src/game/game_fn_801926EC.o
[829/865] EXTERNALIZE build/GEDE01/src/game/game_fn_801916D0.o
[830/865] EXTERNALIZE build/GEDE01/src/game/game_fn_801A2A54.o
[831/865] EXTERNALIZE build/GEDE01/src/game/game_fn_801929A4.o
[832/865] EXTERNALIZE build/GEDE01/src/game/game_fn_801A34BC.o
[833/865] EXTERNALIZE build/GEDE01/src/game/game_fn_801A657C.o
[834/865] EXTERNALIZE build/GEDE01/src/game/game_fn_801D1F78.o
[835/865] EXTERNALIZE build/GEDE01/src/game/game_fn_801E2A48.o
[836/865] EXTERNALIZE build/GEDE01/src/game/game_fn_801E6814.o
[837/865] EXTERNALIZE build/GEDE01/src/game/game_fn_801EF580.o
[838/865] EXTERNALIZE build/GEDE01/src/game/game_fn_801F10BC.o
[839/865] EXTERNALIZE build/GEDE01/src/game/game_fn_801F35A8.o
[840/865] EXTERNALIZE build/GEDE01/src/game/game_fn_801ECD74.o
[841/865] EXTERNALIZE build/GEDE01/src/game/game_fn_801ED5F4.o
[842/865] EXTERNALIZE build/GEDE01/src/game/game_fn_801F69F0.o
[843/865] EXTERNALIZE build/GEDE01/src/game/game_fn_801F76EC.o
[844/865] EXTERNALIZE build/GEDE01/src/game/game_fn_801F8264.o
[845/865] EXTERNALIZE build/GEDE01/src/game/game_fn_801F89B4.o
[846/865] EXTERNALIZE build/GEDE01/src/game/game_fn_801F9AF8.o
[847/865] EXTERNALIZE build/GEDE01/src/game/game_fn_801F6BD8.o
[848/865] EXTERNALIZE JUMPTABLES build/GEDE01/src/game/game_fn_800361F8.o
[849/865] EXTERNALIZE build/GEDE01/src/game/game_fn_801FB6A4.o
[850/865] EXTERNALIZE JUMPTABLES build/GEDE01/src/game/game_fn_8006E53C.o
[851/865] EXTERNALIZE JUMPTABLES build/GEDE01/src/game/game_fn_800CF598.o
[852/865] EXTERNALIZE JUMPTABLES build/GEDE01/src/game/game_fn_801ACFE8.o
[853/865] EXTERNALIZE JUMPTABLES build/GEDE01/src/game/game_fn_801B1BA0.o
[854/865] EXTERNALIZE build/GEDE01/src/game/game_fn_8009E808.o
[855/865] EXTERNALIZE build/GEDE01/src/game/game_fn_801F1A38.o
[856/865] EXTERNALIZE build/GEDE01/src/game/game_fn_801FFE78.o
[857/865] EXTERNALIZE build/GEDE01/src/game/game_fn_801F55A0.o
[858/865] EXTERNALIZE build/GEDE01/src/game/game_fn_801F7510.o
[859/865] EXTERNALIZE build/GEDE01/src/game/game_fn_801FC034.o
[860/865] EXTERNALIZE build/GEDE01/src/game/game_fn_801FA9C8.o
[861/865] REPORT
 INFO Loading project .
 INFO Generating report for 7068 units (using 8 threads)
 INFO Report generated in 0.296s
 INFO Writing to build/GEDE01/report.json
[862/865] LINK build/GEDE01/main.elf
### mwldeppc.exe Linker Warning:
#   Section '.ignored' is unknown. Section ignored.
### mwldeppc.exe Linker Warning:
#   Section '.ignored' is unknown. Section ignored.
### mwldeppc.exe Linker Warning:
#   Section '.ignored' is unknown. Section ignored.
### mwldeppc.exe Linker Warning:
#   Section '.ignored' is unknown. Section ignored.
### mwldeppc.exe Linker Warning:
#   Section '.ignored' is unknown. Section ignored.
### mwldeppc.exe Linker Warning:
#   Section '.ignored' is unknown. Section ignored.
### mwldeppc.exe Linker Warning:
#   Section '.ignored' is unknown. Section ignored.
### mwldeppc.exe Linker Warning:
#   Section '.ignored' is unknown. Section ignored.
### mwldeppc.exe Linker Warning:
#   Section '.ignored' is unknown. Section ignored.
### mwldeppc.exe Linker Warning:
#   Section '.ignored' is unknown. Section ignored.
### mwldeppc.exe Linker Warning:
#   Section '.ignored' is unknown. Section ignored.
### mwldeppc.exe Linker Warning:
#   Section '.ignored' is unknown. Section ignored.
### mwldeppc.exe Linker Warning:
#   Section '.ignored' is unknown. Section ignored.
### mwldeppc.exe Linker Warning:
#   Section '.ignored' is unknown. Section ignored.
### mwldeppc.exe Linker Warning:
#   Section '.ignored' is unknown. Section ignored.
### mwldeppc.exe Linker Warning:
#   Section '.ignored' is unknown. Section ignored.
### mwldeppc.exe Linker Warning:
#   Section '.ignored' is unknown. Section ignored.
### mwldeppc.exe Linker Warning:
#   Section '.ignored' is unknown. Section ignored.
### mwldeppc.exe Linker Warning:
#   Section '.ignored' is unknown. Section ignored.
### mwldeppc.exe Linker Warning:
#   Section '.ignored' is unknown. Section ignored.
### mwldeppc.exe Linker Warning:
#   Section '.ignored' is unknown. Section ignored.
### mwldeppc.exe Linker Warning:
#   Section '.ignored' is unknown. Section ignored.
### mwldeppc.exe Linker Warning:
#   Section '.ignored' is unknown. Section ignored.
### mwldeppc.exe Linker Warning:
#   Section '.ignored' is unknown. Section ignored.
### mwldeppc.exe Linker Warning:
#   Section '.ignored' is unknown. Section ignored.
### mwldeppc.exe Linker Warning:
#   Section '.ignored' is unknown. Section ignored.
### mwldeppc.exe Linker Warning:
#   Section '.ignored' is unknown. Section ignored.
### mwldeppc.exe Linker Warning:
#   Section '.ignored' is unknown. Section ignored.
### mwldeppc.exe Linker Warning:
#   Section '.ignored' is unknown. Section ignored.
### mwldeppc.exe Linker Warning:
#   Section '.ignored' is unknown. Section ignored.
### mwldeppc.exe Linker Warning:
#   Section '.ignored' is unknown. Section ignored.
### mwldeppc.exe Linker Warning:
#   Section '.ignored' is unknown. Section ignored.
### mwldeppc.exe Linker Warning:
#   Section '.ignored' is unknown. Section ignored.
### mwldeppc.exe Linker Warning:
#   Section '.ignored' is unknown. Section ignored.
### mwldeppc.exe Linker Warning:
#   Section '.ignored' is unknown. Section ignored.
### mwldeppc.exe Linker Warning:
#   Section '.ignored' is unknown. Section ignored.
### mwldeppc.exe Linker Warning:
#   Section '.ignored' is unknown. Section ignored.
### mwldeppc.exe Linker Warning:
#   Section '.ignored' is unknown. Section ignored.
### mwldeppc.exe Linker Warning:
#   Section '.ignored' is unknown. Section ignored.
### mwldeppc.exe Linker Warning:
#   Section '.ignored' is unknown. Section ignored.
### mwldeppc.exe Linker Warning:
#   Section '.ignored' is unknown. Section ignored.
### mwldeppc.exe Linker Warning:
#   Section '.ignored' is unknown. Section ignored.
### mwldeppc.exe Linker Warning:
#   Section '.ignored' is unknown. Section ignored.
### mwldeppc.exe Linker Warning:
#   Section '.ignored' is unknown. Section ignored.
### mwldeppc.exe Linker Warning:
#   Section '.ignored' is unknown. Section ignored.
### mwldeppc.exe Linker Warning:
#   Section '.ignored' is unknown. Section ignored.
### mwldeppc.exe Linker Warning:
#   Section '.ignored' is unknown. Section ignored.
### mwldeppc.exe Linker Warning:
#   Section '.ignored' is unknown. Section ignored.
### mwldeppc.exe Linker Warning:
#   Section '.ignored' is unknown. Section ignored.
### mwldeppc.exe Linker Warning:
#   Section '.ignored' is unknown. Section ignored.
### mwldeppc.exe Linker Warning:
#   Section '.ignored' is unknown. Section ignored.
### mwldeppc.exe Linker Warning:
#   Section '.ignored' is unknown. Section ignored.
### mwldeppc.exe Linker Warning:
#   Section '.ignored' is unknown. Section ignored.
### mwldeppc.exe Linker Warning:
#   Section '.ignored' is unknown. Section ignored.
### mwldeppc.exe Linker Warning:
#   Section '.ignored' is unknown. Section ignored.
### mwldeppc.exe Linker Warning:
#   Section '.ignored' is unknown. Section ignored.
### mwldeppc.exe Linker Warning:
#   Section '.ignored' is unknown. Section ignored.
### mwldeppc.exe Linker Warning:
#   Section '.ignored' is unknown. Section ignored.
### mwldeppc.exe Linker Warning:
#   Section '.ignored' is unknown. Section ignored.
### mwldeppc.exe Linker Warning:
#   Section '.ignored' is unknown. Section ignored.
### mwldeppc.exe Linker Warning:
#   Section '.ignored' is unknown. Section ignored.
### mwldeppc.exe Linker Warning:
#   Section '.ignored' is unknown. Section ignored.
### mwldeppc.exe Linker Warning:
#   Section '.ignored' is unknown. Section ignored.
### mwldeppc.exe Linker Warning:
#   Section '.ignored' is unknown. Section ignored.
### mwldeppc.exe Linker Warning:
#   Section '.ignored' is unknown. Section ignored.
### mwldeppc.exe Linker Warning:
#   Section '.ignored' is unknown. Section ignored.
### mwldeppc.exe Linker Warning:
#   Section '.ignored' is unknown. Section ignored.
### mwldeppc.exe Linker Warning:
#   Section '.ignored' is unknown. Section ignored.
### mwldeppc.exe Linker Warning:
#   Section '.ignored' is unknown. Section ignored.
### mwldeppc.exe Linker Warning:
#   Section '.ignored' is unknown. Section ignored.
### mwldeppc.exe Linker Warning:
#   Section '.ignored' is unknown. Section ignored.
### mwldeppc.exe Linker Warning:
#   Section '.ignored' is unknown. Section ignored.
### mwldeppc.exe Linker Warning:
#   Section '.ignored' is unknown. Section ignored.
### mwldeppc.exe Linker Warning:
#   Section '.ignored' is unknown. Section ignored.
### mwldeppc.exe Linker Warning:
#   Section '.ignored' is unknown. Section ignored.
### mwldeppc.exe Linker Warning:
#   Section '.ignored' is unknown. Section ignored.
### mwldeppc.exe Linker Warning:
#   Section '.ignored' is unknown. Section ignored.
### mwldeppc.exe Linker Warning:
#   Section '.ignored' is unknown. Section ignored.
### mwldeppc.exe Linker Warning:
#   Section '.ignored' is unknown. Section ignored.
### mwldeppc.exe Linker Warning:
#   Section '.ignored' is unknown. Section ignored.
### mwldeppc.exe Linker Warning:
#   Section '.ignored' is unknown. Section ignored.
### mwldeppc.exe Linker Warning:
#   Section '.ignored' is unknown. Section ignored.
### mwldeppc.exe Linker Warning:
#   Section '.ignored' is unknown. Section ignored.
### mwldeppc.exe Linker Warning:
#   Section '.ignored' is unknown. Section ignored.
### mwldeppc.exe Linker Warning:
#   Section '.ignored' is unknown. Section ignored.
### mwldeppc.exe Linker Warning:
#   Section '.ignored' is unknown. Section ignored.
### mwldeppc.exe Linker Warning:
#   Section '.ignored' is unknown. Section ignored.
### mwldeppc.exe Linker Warning:
#   Section '.ignored' is unknown. Section ignored.
### mwldeppc.exe Linker Warning:
#   Section '.ignored' is unknown. Section ignored.
### mwldeppc.exe Linker Warning:
#   Section '.ignored' is unknown. Section ignored.
### mwldeppc.exe Linker Warning:
#   Section '.ignored' is unknown. Section ignored.
### mwldeppc.exe Linker Warning:
#   Section '.ignored' is unknown. Section ignored.
### mwldeppc.exe Linker Warning:
#   Section '.ignored' is unknown. Section ignored.
### mwldeppc.exe Linker Warning:
#   Section '.ignored' is unknown. Section ignored.
### mwldeppc.exe Linker Warning:
#   Section '.ignored' is unknown. Section ignored.
### mwldeppc.exe Linker Warning:
#   Section '.ignored' is unknown. Section ignored.
### mwldeppc.exe Linker Warning:
#   Section '.ignored' is unknown. Section ignored.
### mwldeppc.exe Linker Warning:
#   Section '.ignored' is unknown. Section ignored.
### mwldeppc.exe Linker Warning:
#   Section '.ignored' is unknown. Section ignored.
### mwldeppc.exe Linker Warning:
#   Section '.ignored' is unknown. Section ignored.
### mwldeppc.exe Linker Warning:
#   Section '.ignored' is unknown. Section ignored.
### mwldeppc.exe Linker Warning:
#   Section '.ignored' is unknown. Section ignored.
### mwldeppc.exe Linker Warning:
#   Section '.ignored' is unknown. Section ignored.
### mwldeppc.exe Linker Warning:
#   Section '.ignored' is unknown. Section ignored.
### mwldeppc.exe Linker Warning:
#   Section '.ignored' is unknown. Section ignored.
### mwldeppc.exe Linker Warning:
#   Section '.ignored' is unknown. Section ignored.
### mwldeppc.exe Linker Warning:
#   Section '.ignored' is unknown. Section ignored.
### mwldeppc.exe Linker Warning:
#   Section '.ignored' is unknown. Section ignored.
### mwldeppc.exe Linker Warning:
#   Section '.ignored' is unknown. Section ignored.
### mwldeppc.exe Linker Warning:
#   Section '.ignored' is unknown. Section ignored.
### mwldeppc.exe Linker Warning:
#   Section '.ignored' is unknown. Section ignored.
### mwldeppc.exe Linker Warning:
#   Section '.ignored' is unknown. Section ignored.
### mwldeppc.exe Linker Warning:
#   Section '.ignored' is unknown. Section ignored.
### mwldeppc.exe Linker Warning:
#   Section '.ignored' is unknown. Section ignored.
### mwldeppc.exe Linker Warning:
#   Section '.ignored' is unknown. Section ignored.
### mwldeppc.exe Linker Warning:
#   Section '.ignored' is unknown. Section ignored.
### mwldeppc.exe Linker Warning:
#   Section '.ignored' is unknown. Section ignored.
### mwldeppc.exe Linker Warning:
#   Section '.ignored' is unknown. Section ignored.
### mwldeppc.exe Linker Warning:
#   Section '.ignored' is unknown. Section ignored.
### mwldeppc.exe Linker Warning:
#   Section '.ignored' is unknown. Section ignored.
### mwldeppc.exe Linker Warning:
#   Section '.ignored' is unknown. Section ignored.
### mwldeppc.exe Linker Warning:
#   Section '.ignored' is unknown. Section ignored.
### mwldeppc.exe Linker Warning:
#   Section '.ignored' is unknown. Section ignored.
### mwldeppc.exe Linker Warning:
#   Section '.ignored' is unknown. Section ignored.
### mwldeppc.exe Linker Warning:
#   Section '.ignored' is unknown. Section ignored.
### mwldeppc.exe Linker Warning:
#   Section '.ignored' is unknown. Section ignored.
### mwldeppc.exe Linker Warning:
#   Section '.ignored' is unknown. Section ignored.
### mwldeppc.exe Linker Warning:
#   Section '.ignored' is unknown. Section ignored.
### mwldeppc.exe Linker Warning:
#   Section '.ignored' is unknown. Section ignored.
### mwldeppc.exe Linker Warning:
#   Section '.ignored' is unknown. Section ignored.
### mwldeppc.exe Linker Warning:
#   Section '.ignored' is unknown. Section ignored.
### mwldeppc.exe Linker Warning:
#   Section '.ignored' is unknown. Section ignored.
### mwldeppc.exe Linker Warning:
#   Section '.ignored' is unknown. Section ignored.
### mwldeppc.exe Linker Warning:
#   Section '.ignored' is unknown. Section ignored.
### mwldeppc.exe Linker Warning:
#   Section '.ignored' is unknown. Section ignored.
### mwldeppc.exe Linker Warning:
#   Section '.ignored' is unknown. Section ignored.
### mwldeppc.exe Linker Warning:
#   Section '.ignored' is unknown. Section ignored.
### mwldeppc.exe Linker Warning:
#   Section '.ignored' is unknown. Section ignored.
### mwldeppc.exe Linker Warning:
#   Section '.ignored' is unknown. Section ignored.
### mwldeppc.exe Linker Warning:
#   Section '.ignored' is unknown. Section ignored.
### mwldeppc.exe Linker Warning:
#   Section '.ignored' is unknown. Section ignored.
### mwldeppc.exe Linker Warning:
#   Section '.ignored' is unknown. Section ignored.
### mwldeppc.exe Linker Warning:
#   Section '.ignored' is unknown. Section ignored.
### mwldeppc.exe Linker Warning:
#   Section '.ignored' is unknown. Section ignored.
### mwldeppc.exe Linker Warning:
#   Section '.ignored' is unknown. Section ignored.
### mwldeppc.exe Linker Warning:
#   Section '.ignored' is unknown. Section ignored.
### mwldeppc.exe Linker Warning:
#   Section '.ignored' is unknown. Section ignored.
### mwldeppc.exe Linker Warning:
#   Section '.ignored' is unknown. Section ignored.
### mwldeppc.exe Linker Warning:
#   Section '.ignored' is unknown. Section ignored.
### mwldeppc.exe Linker Warning:
#   Section '.ignored' is unknown. Section ignored.
### mwldeppc.exe Linker Warning:
#   Section '.ignored' is unknown. Section ignored.
### mwldeppc.exe Linker Warning:
#   Section '.ignored' is unknown. Section ignored.
### mwldeppc.exe Linker Warning:
#   Section '.ignored' is unknown. Section ignored.
### mwldeppc.exe Linker Warning:
#   Section '.ignored' is unknown. Section ignored.
### mwldeppc.exe Linker Warning:
#   Section '.ignored' is unknown. Section ignored.
### mwldeppc.exe Linker Warning:
#   Section '.ignored' is unknown. Section ignored.
### mwldeppc.exe Linker Warning:
#   Section '.ignored' is unknown. Section ignored.
### mwldeppc.exe Linker Warning:
#   Section '.ignored' is unknown. Section ignored.
### mwldeppc.exe Linker Warning:
#   Section '.ignored' is unknown. Section ignored.
### mwldeppc.exe Linker Warning:
#   Section '.ignored' is unknown. Section ignored.
### mwldeppc.exe Linker Warning:
#   Section '.ignored' is unknown. Section ignored.
### mwldeppc.exe Linker Warning:
#   Section '.ignored' is unknown. Section ignored.
### mwldeppc.exe Linker Warning:
#   Section '.ignored' is unknown. Section ignored.
### mwldeppc.exe Linker Warning:
#   Section '.ignored' is unknown. Section ignored.
### mwldeppc.exe Linker Warning:
#   Section '.ignored' is unknown. Section ignored.
### mwldeppc.exe Linker Warning:
#   Section '.ignored' is unknown. Section ignored.
### mwldeppc.exe Linker Warning:
#   Section '.ignored' is unknown. Section ignored.
### mwldeppc.exe Linker Warning:
#   Section '.ignored' is unknown. Section ignored.
### mwldeppc.exe Linker Warning:
#   Section '.ignored' is unknown. Section ignored.
### mwldeppc.exe Linker Warning:
#   Section '.ignored' is unknown. Section ignored.
### mwldeppc.exe Linker Warning:
#   Section '.ignored' is unknown. Section ignored.
### mwldeppc.exe Linker Warning:
#   Section '.ignored' is unknown. Section ignored.
### mwldeppc.exe Linker Warning:
#   Section '.ignored' is unknown. Section ignored.
### mwldeppc.exe Linker Warning:
#   Section '.ignored' is unknown. Section ignored.
### mwldeppc.exe Linker Warning:
#   Section '.ignored' is unknown. Section ignored.
### mwldeppc.exe Linker Warning:
#   Section '.ignored' is unknown. Section ignored.
### mwldeppc.exe Linker Warning:
#   Section '.ignored' is unknown. Section ignored.
### mwldeppc.exe Linker Warning:
#   Section '.ignored' is unknown. Section ignored.
### mwldeppc.exe Linker Warning:
#   Section '.ignored' is unknown. Section ignored.
### mwldeppc.exe Linker Warning:
#   Section '.ignored' is unknown. Section ignored.
### mwldeppc.exe Linker Warning:
#   Section '.ignored' is unknown. Section ignored.
### mwldeppc.exe Linker Warning:
#   Section '.ignored' is unknown. Section ignored.
### mwldeppc.exe Linker Warning:
#   Section '.ignored' is unknown. Section ignored.
### mwldeppc.exe Linker Warning:
#   Section '.ignored' is unknown. Section ignored.
### mwldeppc.exe Linker Warning:
#   Section '.ignored' is unknown. Section ignored.
### mwldeppc.exe Linker Warning:
#   Section '.ignored' is unknown. Section ignored.
### mwldeppc.exe Linker Warning:
#   Section '.ignored' is unknown. Section ignored.
### mwldeppc.exe Linker Warning:
#   Section '.ignored' is unknown. Section ignored.
### mwldeppc.exe Linker Warning:
#   Section '.ignored' is unknown. Section ignored.
### mwldeppc.exe Linker Warning:
#   Section '.ignored' is unknown. Section ignored.
### mwldeppc.exe Linker Warning:
#   Section '.ignored' is unknown. Section ignored.
### mwldeppc.exe Linker Warning:
#   Section '.ignored' is unknown. Section ignored.
### mwldeppc.exe Linker Warning:
#   Section '.ignored' is unknown. Section ignored.
### mwldeppc.exe Linker Warning:
#   Section '.ignored' is unknown. Section ignored.
### mwldeppc.exe Linker Warning:
#   Section '.ignored' is unknown. Section ignored.
### mwldeppc.exe Linker Warning:
#   Section '.ignored' is unknown. Section ignored.
### mwldeppc.exe Linker Warning:
#   Section '.ignored' is unknown. Section ignored.
### mwldeppc.exe Linker Warning:
#   Section '.ignored' is unknown. Section ignored.
### mwldeppc.exe Linker Warning:
#   Section '.ignored' is unknown. Section ignored.
### mwldeppc.exe Linker Warning:
#   Section '.ignored' is unknown. Section ignored.
### mwldeppc.exe Linker Warning:
#   Section '.ignored' is unknown. Section ignored.
### mwldeppc.exe Linker Warning:
#   Section '.ignored' is unknown. Section ignored.
### mwldeppc.exe Linker Warning:
#   Section '.ignored' is unknown. Section ignored.
### mwldeppc.exe Linker Warning:
#   Section '.ignored' is unknown. Section ignored.
### mwldeppc.exe Linker Warning:
#   Section '.ignored' is unknown. Section ignored.
### mwldeppc.exe Linker Warning:
#   Section '.ignored' is unknown. Section ignored.
### mwldeppc.exe Linker Warning:
#   Section '.ignored' is unknown. Section ignored.
### mwldeppc.exe Linker Warning:
#   Section '.ignored' is unknown. Section ignored.
### mwldeppc.exe Linker Warning:
#   Section '.ignored' is unknown. Section ignored.
### mwldeppc.exe Linker Warning:
#   Section '.ignored' is unknown. Section ignored.
### mwldeppc.exe Linker Warning:
#   Section '.ignored' is unknown. Section ignored.
### mwldeppc.exe Linker Warning:
#   Section '.ignored' is unknown. Section ignored.
### mwldeppc.exe Linker Warning:
#   Section '.ignored' is unknown. Section ignored.
### mwldeppc.exe Linker Warning:
#   Section '.ignored' is unknown. Section ignored.
### mwldeppc.exe Linker Warning:
#   Section '.ignored' is unknown. Section ignored.
### mwldeppc.exe Linker Warning:
#   Section '.ignored' is unknown. Section ignored.
### mwldeppc.exe Linker Warning:
#   Section '.ignored' is unknown. Section ignored.
### mwldeppc.exe Linker Warning:
#   Section '.ignored' is unknown. Section ignored.
### mwldeppc.exe Linker Warning:
#   Section '.ignored' is unknown. Section ignored.
### mwldeppc.exe Linker Warning:
#   Section '.ignored' is unknown. Section ignored.
### mwldeppc.exe Linker Warning:
#   Section '.ignored' is unknown. Section ignored.
### mwldeppc.exe Linker Warning:
#   Section '.ignored' is unknown. Section ignored.
### mwldeppc.exe Linker Warning:
#   Section '.ignored' is unknown. Section ignored.
### mwldeppc.exe Linker Warning:
#   Section '.ignored' is unknown. Section ignored.
### mwldeppc.exe Linker Warning:
#   Section '.ignored' is unknown. Section ignored.
### mwldeppc.exe Linker Warning:
#   Section '.ignored' is unknown. Section ignored.
### mwldeppc.exe Linker Warning:
#   Section '.ignored' is unknown. Section ignored.
### mwldeppc.exe Linker Warning:
#   Section '.ignored' is unknown. Section ignored.
### mwldeppc.exe Linker Warning:
#   Section '.ignored' is unknown. Section ignored.
### mwldeppc.exe Linker Warning:
#   Section '.ignored' is unknown. Section ignored.
### mwldeppc.exe Linker Warning:
#   Section '.ignored' is unknown. Section ignored.
### mwldeppc.exe Linker Warning:
#   Section '.ignored' is unknown. Section ignored.
### mwldeppc.exe Linker Warning:
#   Section '.ignored' is unknown. Section ignored.
### mwldeppc.exe Linker Warning:
#   Section '.ignored' is unknown. Section ignored.
### mwldeppc.exe Linker Warning:
#   Section '.ignored' is unknown. Section ignored.
### mwldeppc.exe Linker Warning:
#   Section '.ignored' is unknown. Section ignored.
### mwldeppc.exe Linker Warning:
#   Section '.ignored' is unknown. Section ignored.
### mwldeppc.exe Linker Warning:
#   Section '.ignored' is unknown. Section ignored.
### mwldeppc.exe Linker Warning:
#   Section '.ignored' is unknown. Section ignored.
### mwldeppc.exe Linker Warning:
#   Section '.ignored' is unknown. Section ignored.
### mwldeppc.exe Linker Warning:
#   Section '.ignored' is unknown. Section ignored.
### mwldeppc.exe Linker Warning:
#   Section '.ignored' is unknown. Section ignored.
### mwldeppc.exe Linker Warning:
#   Section '.ignored' is unknown. Section ignored.
### mwldeppc.exe Linker Warning:
#   Section '.ignored' is unknown. Section ignored.
### mwldeppc.exe Linker Warning:
#   Section '.ignored' is unknown. Section ignored.
### mwldeppc.exe Linker Warning:
#   Section '.ignored' is unknown. Section ignored.
### mwldeppc.exe Linker Warning:
#   Section '.ignored' is unknown. Section ignored.
### mwldeppc.exe Linker Warning:
#   Section '.ignored' is unknown. Section ignored.
### mwldeppc.exe Linker Warning:
#   Section '.ignored' is unknown. Section ignored.
### mwldeppc.exe Linker Warning:
#   Section '.ignored' is unknown. Section ignored.
### mwldeppc.exe Linker Warning:
#   Section '.ignored' is unknown. Section ignored.
### mwldeppc.exe Linker Warning:
#   Section '.ignored' is unknown. Section ignored.
### mwldeppc.exe Linker Warning:
#   Section '.ignored' is unknown. Section ignored.
### mwldeppc.exe Linker Warning:
#   Section '.ignored' is unknown. Section ignored.
### mwldeppc.exe Linker Warning:
#   Section '.ignored' is unknown. Section ignored.
### mwldeppc.exe Linker Warning:
#   Section '.ignored' is unknown. Section ignored.
### mwldeppc.exe Linker Warning:
#   Section '.ignored' is unknown. Section ignored.
### mwldeppc.exe Linker Warning:
#   Section '.ignored' is unknown. Section ignored.
### mwldeppc.exe Linker Warning:
#   Section '.ignored' is unknown. Section ignored.
### mwldeppc.exe Linker Warning:
#   Section '.ignored' is unknown. Section ignored.
### mwldeppc.exe Linker Warning:
#   Section '.ignored' is unknown. Section ignored.
### mwldeppc.exe Linker Warning:
#   Section '.ignored' is unknown. Section ignored.
### mwldeppc.exe Linker Warning:
#   Section '.ignored' is unknown. Section ignored.
### mwldeppc.exe Linker Warning:
#   Section '.ignored' is unknown. Section ignored.
### mwldeppc.exe Linker Warning:
#   Section '.ignored' is unknown. Section ignored.
### mwldeppc.exe Linker Warning:
#   Section '.ignored' is unknown. Section ignored.
### mwldeppc.exe Linker Warning:
#   Section '.ignored' is unknown. Section ignored.
### mwldeppc.exe Linker Warning:
#   Section '.ignored' is unknown. Section ignored.
### mwldeppc.exe Linker Warning:
#   Section '.ignored' is unknown. Section ignored.
### mwldeppc.exe Linker Warning:
#   Section '.ignored' is unknown. Section ignored.
### mwldeppc.exe Linker Warning:
#   Section '.ignored' is unknown. Section ignored.
### mwldeppc.exe Linker Warning:
#   Section '.ignored' is unknown. Section ignored.
### mwldeppc.exe Linker Warning:
#   Section '.ignored' is unknown. Section ignored.
### mwldeppc.exe Linker Warning:
#   Section '.ignored' is unknown. Section ignored.
### mwldeppc.exe Linker Warning:
#   Section '.ignored' is unknown. Section ignored.
### mwldeppc.exe Linker Warning:
#   Section '.ignored' is unknown. Section ignored.
### mwldeppc.exe Linker Warning:
#   Section '.ignored' is unknown. Section ignored.
### mwldeppc.exe Linker Warning:
#   Section '.ignored' is unknown. Section ignored.
### mwldeppc.exe Linker Warning:
#   Section '.ignored' is unknown. Section ignored.
### mwldeppc.exe Linker Warning:
#   Section '.ignored' is unknown. Section ignored.
### mwldeppc.exe Linker Warning:
#   Section '.ignored' is unknown. Section ignored.
### mwldeppc.exe Linker Warning:
#   Section '.ignored' is unknown. Section ignored.
### mwldeppc.exe Linker Warning:
#   Section '.ignored' is unknown. Section ignored.
### mwldeppc.exe Linker Warning:
#   Section '.ignored' is unknown. Section ignored.
### mwldeppc.exe Linker Warning:
#   Section '.ignored' is unknown. Section ignored.
### mwldeppc.exe Linker Warning:
#   Section '.ignored' is unknown. Section ignored.
### mwldeppc.exe Linker Warning:
#   Section '.ignored' is unknown. Section ignored.
### mwldeppc.exe Linker Warning:
#   Section '.ignored' is unknown. Section ignored.
### mwldeppc.exe Linker Warning:
#   Section '.ignored' is unknown. Section ignored.
### mwldeppc.exe Linker Warning:
#   Section '.ignored' is unknown. Section ignored.
### mwldeppc.exe Linker Warning:
#   Section '.ignored' is unknown. Section ignored.
### mwldeppc.exe Linker Warning:
#   Section '.ignored' is unknown. Section ignored.
### mwldeppc.exe Linker Warning:
#   Section '.ignored' is unknown. Section ignored.
### mwldeppc.exe Linker Warning:
#   Section '.ignored' is unknown. Section ignored.
### mwldeppc.exe Linker Warning:
#   Section '.ignored' is unknown. Section ignored.
### mwldeppc.exe Linker Warning:
#   Section '.ignored' is unknown. Section ignored.
### mwldeppc.exe Linker Warning:
#   Section '.ignored' is unknown. Section ignored.
### mwldeppc.exe Linker Warning:
#   Section '.ignored' is unknown. Section ignored.
### mwldeppc.exe Linker Warning:
#   Section '.ignored' is unknown. Section ignored.
### mwldeppc.exe Linker Warning:
#   Section '.ignored' is unknown. Section ignored.
### mwldeppc.exe Linker Warning:
#   Section '.ignored' is unknown. Section ignored.
### mwldeppc.exe Linker Warning:
#   Section '.ignored' is unknown. Section ignored.
### mwldeppc.exe Linker Warning:
#   Section '.ignored' is unknown. Section ignored.
### mwldeppc.exe Linker Warning:
#   Section '.ignored' is unknown. Section ignored.
### mwldeppc.exe Linker Warning:
#   Section '.ignored' is unknown. Section ignored.
### mwldeppc.exe Linker Warning:
#   Section '.ignored' is unknown. Section ignored.
### mwldeppc.exe Linker Warning:
#   Section '.ignored' is unknown. Section ignored.
### mwldeppc.exe Linker Warning:
#   Section '.ignored' is unknown. Section ignored.
### mwldeppc.exe Linker Warning:
#   Section '.ignored' is unknown. Section ignored.
### mwldeppc.exe Linker Warning:
#   Section '.ignored' is unknown. Section ignored.
### mwldeppc.exe Linker Warning:
#   Section '.ignored' is unknown. Section ignored.
### mwldeppc.exe Linker Warning:
#   Section '.ignored' is unknown. Section ignored.
### mwldeppc.exe Linker Warning:
#   Section '.ignored' is unknown. Section ignored.
### mwldeppc.exe Linker Warning:
#   Section '.ignored' is unknown. Section ignored.
### mwldeppc.exe Linker Warning:
#   Section '.ignored' is unknown. Section ignored.
### mwldeppc.exe Linker Warning:
#   Section '.ignored' is unknown. Section ignored.
### mwldeppc.exe Linker Warning:
#   Section '.ignored' is unknown. Section ignored.
### mwldeppc.exe Linker Warning:
#   Section '.ignored' is unknown. Section ignored.
### mwldeppc.exe Linker Warning:
#   Section '.ignored' is unknown. Section ignored.
### mwldeppc.exe Linker Warning:
#   Section '.ignored' is unknown. Section ignored.
### mwldeppc.exe Linker Warning:
#   Section '.ignored' is unknown. Section ignored.
### mwldeppc.exe Linker Warning:
#   Section '.ignored' is unknown. Section ignored.
### mwldeppc.exe Linker Warning:
#   Section '.ignored' is unknown. Section ignored.
### mwldeppc.exe Linker Warning:
#   Section '.ignored' is unknown. Section ignored.
### mwldeppc.exe Linker Warning:
#   Section '.ignored' is unknown. Section ignored.
### mwldeppc.exe Linker Warning:
#   Section '.ignored' is unknown. Section ignored.
### mwldeppc.exe Linker Warning:
#   Section '.ignored' is unknown. Section ignored.
### mwldeppc.exe Linker Warning:
#   Section '.ignored' is unknown. Section ignored.
### mwldeppc.exe Linker Warning:
#   Section '.ignored' is unknown. Section ignored.
### mwldeppc.exe Linker Warning:
#   Section '.ignored' is unknown. Section ignored.
### mwldeppc.exe Linker Warning:
#   Section '.ignored' is unknown. Section ignored.
### mwldeppc.exe Linker Warning:
#   Section '.ignored' is unknown. Section ignored.
### mwldeppc.exe Linker Warning:
#   Section '.ignored' is unknown. Section ignored.
### mwldeppc.exe Linker Warning:
#   Section '.ignored' is unknown. Section ignored.
### mwldeppc.exe Linker Warning:
#   Section '.ignored' is unknown. Section ignored.
### mwldeppc.exe Linker Warning:
#   Section '.ignored' is unknown. Section ignored.
### mwldeppc.exe Linker Warning:
#   Section '.ignored' is unknown. Section ignored.
### mwldeppc.exe Linker Warning:
#   Section '.ignored' is unknown. Section ignored.
### mwldeppc.exe Linker Warning:
#   Section '.ignored' is unknown. Section ignored.
### mwldeppc.exe Linker Warning:
#   Section '.ignored' is unknown. Section ignored.
### mwldeppc.exe Linker Warning:
#   Section '.ignored' is unknown. Section ignored.
### mwldeppc.exe Linker Warning:
#   Section '.ignored' is unknown. Section ignored.
### mwldeppc.exe Linker Warning:
#   Section '.ignored' is unknown. Section ignored.
### mwldeppc.exe Linker Warning:
#   Section '.ignored' is unknown. Section ignored.
### mwldeppc.exe Linker Warning:
#   Section '.ignored' is unknown. Section ignored.
### mwldeppc.exe Linker Warning:
#   Section '.ignored' is unknown. Section ignored.
### mwldeppc.exe Linker Warning:
#   Section '.ignored' is unknown. Section ignored.
### mwldeppc.exe Linker Warning:
#   Section '.ignored' is unknown. Section ignored.
### mwldeppc.exe Linker Warning:
#   Section '.ignored' is unknown. Section ignored.
### mwldeppc.exe Linker Warning:
#   Section '.ignored' is unknown. Section ignored.
### mwldeppc.exe Linker Warning:
#   Section '.ignored' is unknown. Section ignored.
### mwldeppc.exe Linker Warning:
#   Section '.ignored' is unknown. Section ignored.
### mwldeppc.exe Linker Warning:
#   Section '.ignored' is unknown. Section ignored.
### mwldeppc.exe Linker Warning:
#   Section '.ignored' is unknown. Section ignored.
### mwldeppc.exe Linker Warning:
#   Section '.ignored' is unknown. Section ignored.
### mwldeppc.exe Linker Warning:
#   Section '.ignored' is unknown. Section ignored.
### mwldeppc.exe Linker Warning:
#   Section '.ignored' is unknown. Section ignored.
### mwldeppc.exe Linker Warning:
#   Section '.ignored' is unknown. Section ignored.
### mwldeppc.exe Linker Warning:
#   Section '.ignored' is unknown. Section ignored.
### mwldeppc.exe Linker Warning:
#   Section '.ignored' is unknown. Section ignored.
### mwldeppc.exe Linker Warning:
#   Section '.ignored' is unknown. Section ignored.
### mwldeppc.exe Linker Warning:
#   Section '.ignored' is unknown. Section ignored.
### mwldeppc.exe Linker Warning:
#   Section '.ignored' is unknown. Section ignored.
### mwldeppc.exe Linker Warning:
#   Section '.ignored' is unknown. Section ignored.
### mwldeppc.exe Linker Warning:
#   Section '.ignored' is unknown. Section ignored.
### mwldeppc.exe Linker Warning:
#   Section '.ignored' is unknown. Section ignored.
### mwldeppc.exe Linker Warning:
#   Section '.ignored' is unknown. Section ignored.
### mwldeppc.exe Linker Warning:
#   Section '.ignored' is unknown. Section ignored.
### mwldeppc.exe Linker Warning:
#   Section '.ignored' is unknown. Section ignored.
### mwldeppc.exe Linker Warning:
#   Section '.ignored' is unknown. Section ignored.
### mwldeppc.exe Linker Warning:
#   Section '.ignored' is unknown. Section ignored.
### mwldeppc.exe Linker Warning:
#   Section '.ignored' is unknown. Section ignored.
### mwldeppc.exe Linker Warning:
#   Section '.ignored' is unknown. Section ignored.
### mwldeppc.exe Linker Warning:
#   Section '.ignored' is unknown. Section ignored.
### mwldeppc.exe Linker Warning:
#   Section '.ignored' is unknown. Section ignored.
### mwldeppc.exe Linker Warning:
#   Section '.ignored' is unknown. Section ignored.
### mwldeppc.exe Linker Warning:
#   Section '.ignored' is unknown. Section ignored.
### mwldeppc.exe Linker Warning:
#   Section '.ignored' is unknown. Section ignored.
### mwldeppc.exe Linker Warning:
#   Section '.ignored' is unknown. Section ignored.
### mwldeppc.exe Linker Warning:
#   Section '.ignored' is unknown. Section ignored.
### mwldeppc.exe Linker Warning:
#   Section '.ignored' is unknown. Section ignored.
### mwldeppc.exe Linker Warning:
#   Section '.ignored' is unknown. Section ignored.
### mwldeppc.exe Linker Warning:
#   Section '.ignored' is unknown. Section ignored.
### mwldeppc.exe Linker Warning:
#   Section '.ignored' is unknown. Section ignored.
### mwldeppc.exe Linker Warning:
#   Section '.ignored' is unknown. Section ignored.
### mwldeppc.exe Linker Warning:
#   Section '.ignored' is unknown. Section ignored.
### mwldeppc.exe Linker Warning:
#   Section '.ignored' is unknown. Section ignored.
### mwldeppc.exe Linker Warning:
#   Section '.ignored' is unknown. Section ignored.
### mwldeppc.exe Linker Warning:
#   Section '.ignored' is unknown. Section ignored.
### mwldeppc.exe Linker Warning:
#   Section '.ignored' is unknown. Section ignored.
### mwldeppc.exe Linker Warning:
#   Section '.ignored' is unknown. Section ignored.
### mwldeppc.exe Linker Warning:
#   Section '.ignored' is unknown. Section ignored.
### mwldeppc.exe Linker Warning:
#   Section '.ignored' is unknown. Section ignored.
### mwldeppc.exe Linker Warning:
#   Section '.ignored' is unknown. Section ignored.
### mwldeppc.exe Linker Warning:
#   Section '.ignored' is unknown. Section ignored.
### mwldeppc.exe Linker Warning:
#   Section '.ignored' is unknown. Section ignored.
### mwldeppc.exe Linker Warning:
#   Section '.ignored' is unknown. Section ignored.
### mwldeppc.exe Linker Warning:
#   Section '.ignored' is unknown. Section ignored.
### mwldeppc.exe Linker Warning:
#   Section '.ignored' is unknown. Section ignored.
### mwldeppc.exe Linker Warning:
#   Section '.ignored' is unknown. Section ignored.
### mwldeppc.exe Linker Warning:
#   Section '.ignored' is unknown. Section ignored.
### mwldeppc.exe Linker Warning:
#   Section '.ignored' is unknown. Section ignored.
### mwldeppc.exe Linker Warning:
#   Section '.ignored' is unknown. Section ignored.
### mwldeppc.exe Linker Warning:
#   Section '.ignored' is unknown. Section ignored.
### mwldeppc.exe Linker Warning:
#   Section '.ignored' is unknown. Section ignored.
### mwldeppc.exe Linker Warning:
#   Section '.ignored' is unknown. Section ignored.
### mwldeppc.exe Linker Warning:
#   Section '.ignored' is unknown. Section ignored.
### mwldeppc.exe Linker Warning:
#   Section '.ignored' is unknown. Section ignored.
### mwldeppc.exe Linker Warning:
#   Section '.ignored' is unknown. Section ignored.
### mwldeppc.exe Linker Warning:
#   Section '.ignored' is unknown. Section ignored.
### mwldeppc.exe Linker Warning:
#   Section '.ignored' is unknown. Section ignored.
### mwldeppc.exe Linker Warning:
#   Section '.ignored' is unknown. Section ignored.
### mwldeppc.exe Linker Warning:
#   Section '.ignored' is unknown. Section ignored.
### mwldeppc.exe Linker Warning:
#   Section '.ignored' is unknown. Section ignored.
### mwldeppc.exe Linker Warning:
#   Section '.ignored' is unknown. Section ignored.
### mwldeppc.exe Linker Warning:
#   Section '.ignored' is unknown. Section ignored.
### mwldeppc.exe Linker Warning:
#   Section '.ignored' is unknown. Section ignored.
### mwldeppc.exe Linker Warning:
#   Section '.ignored' is unknown. Section ignored.
### mwldeppc.exe Linker Warning:
#   Section '.ignored' is unknown. Section ignored.
### mwldeppc.exe Linker Warning:
#   Section '.ignored' is unknown. Section ignored.
### mwldeppc.exe Linker Warning:
#   Section '.ignored' is unknown. Section ignored.
### mwldeppc.exe Linker Warning:
#   Section '.ignored' is unknown. Section ignored.
### mwldeppc.exe Linker Warning:
#   Section '.ignored' is unknown. Section ignored.
### mwldeppc.exe Linker Warning:
#   Section '.ignored' is unknown. Section ignored.
### mwldeppc.exe Linker Warning:
#   Section '.ignored' is unknown. Section ignored.
### mwldeppc.exe Linker Warning:
#   Section '.ignored' is unknown. Section ignored.
### mwldeppc.exe Linker Warning:
#   Section '.ignored' is unknown. Section ignored.
### mwldeppc.exe Linker Warning:
#   Section '.ignored' is unknown. Section ignored.
### mwldeppc.exe Linker Warning:
#   Section '.ignored' is unknown. Section ignored.
### mwldeppc.exe Linker Warning:
#   Section '.ignored' is unknown. Section ignored.
### mwldeppc.exe Linker Warning:
#   Section '.ignored' is unknown. Section ignored.
### mwldeppc.exe Linker Warning:
#   Section '.ignored' is unknown. Section ignored.
### mwldeppc.exe Linker Warning:
#   Section '.ignored' is unknown. Section ignored.
### mwldeppc.exe Linker Warning:
#   Section '.ignored' is unknown. Section ignored.
### mwldeppc.exe Linker Warning:
#   Section '.ignored' is unknown. Section ignored.
### mwldeppc.exe Linker Warning:
#   Section '.ignored' is unknown. Section ignored.
### mwldeppc.exe Linker Warning:
#   Section '.ignored' is unknown. Section ignored.
### mwldeppc.exe Linker Warning:
#   Section '.ignored' is unknown. Section ignored.
### mwldeppc.exe Linker Warning:
#   Section '.ignored' is unknown. Section ignored.
### mwldeppc.exe Linker Warning:
#   Section '.ignored' is unknown. Section ignored.
### mwldeppc.exe Linker Warning:
#   Section '.ignored' is unknown. Section ignored.
### mwldeppc.exe Linker Warning:
#   Section '.ignored' is unknown. Section ignored.
### mwldeppc.exe Linker Warning:
#   Section '.ignored' is unknown. Section ignored.
### mwldeppc.exe Linker Warning:
#   Section '.ignored' is unknown. Section ignored.
### mwldeppc.exe Linker Warning:
#   Section '.ignored' is unknown. Section ignored.
### mwldeppc.exe Linker Warning:
#   Section '.ignored' is unknown. Section ignored.
### mwldeppc.exe Linker Warning:
#   Section '.ignored' is unknown. Section ignored.
### mwldeppc.exe Linker Warning:
#   Section '.ignored' is unknown. Section ignored.
### mwldeppc.exe Linker Warning:
#   Section '.ignored' is unknown. Section ignored.
### mwldeppc.exe Linker Warning:
#   Section '.ignored' is unknown. Section ignored.
### mwldeppc.exe Linker Warning:
#   Section '.ignored' is unknown. Section ignored.
### mwldeppc.exe Linker Warning:
#   Section '.ignored' is unknown. Section ignored.
### mwldeppc.exe Linker Warning:
#   Section '.ignored' is unknown. Section ignored.
### mwldeppc.exe Linker Warning:
#   Section '.ignored' is unknown. Section ignored.
### mwldeppc.exe Linker Warning:
#   Section '.ignored' is unknown. Section ignored.
### mwldeppc.exe Linker Warning:
#   Section '.ignored' is unknown. Section ignored.
### mwldeppc.exe Linker Warning:
#   Section '.ignored' is unknown. Section ignored.
### mwldeppc.exe Linker Warning:
#   Section '.ignored' is unknown. Section ignored.
### mwldeppc.exe Linker Warning:
#   Section '.ignored' is unknown. Section ignored.
### mwldeppc.exe Linker Warning:
#   Section '.ignored' is unknown. Section ignored.
### mwldeppc.exe Linker Warning:
#   Section '.ignored' is unknown. Section ignored.
### mwldeppc.exe Linker Warning:
#   Section '.ignored' is unknown. Section ignored.
### mwldeppc.exe Linker Warning:
#   Section '.ignored' is unknown. Section ignored.
### mwldeppc.exe Linker Warning:
#   Section '.ignored' is unknown. Section ignored.
### mwldeppc.exe Linker Warning:
#   Section '.ignored' is unknown. Section ignored.
### mwldeppc.exe Linker Warning:
#   Section '.ignored' is unknown. Section ignored.
### mwldeppc.exe Linker Warning:
#   Section '.ignored' is unknown. Section ignored.
### mwldeppc.exe Linker Warning:
#   Section '.ignored' is unknown. Section ignored.
### mwldeppc.exe Linker Warning:
#   Section '.ignored' is unknown. Section ignored.
### mwldeppc.exe Linker Warning:
#   Section '.ignored' is unknown. Section ignored.
### mwldeppc.exe Linker Warning:
#   Section '.ignored' is unknown. Section ignored.
### mwldeppc.exe Linker Warning:
#   Section '.ignored' is unknown. Section ignored.
### mwldeppc.exe Linker Warning:
#   Section '.ignored' is unknown. Section ignored.
### mwldeppc.exe Linker Warning:
#   Section '.ignored' is unknown. Section ignored.
### mwldeppc.exe Linker Warning:
#   Section '.ignored' is unknown. Section ignored.
### mwldeppc.exe Linker Warning:
#   Section '.ignored' is unknown. Section ignored.
### mwldeppc.exe Linker Warning:
#   Section '.ignored' is unknown. Section ignored.
### mwldeppc.exe Linker Warning:
#   Section '.ignored' is unknown. Section ignored.
### mwldeppc.exe Linker Warning:
#   Section '.ignored' is unknown. Section ignored.
### mwldeppc.exe Linker Warning:
#   Section '.ignored' is unknown. Section ignored.
### mwldeppc.exe Linker Warning:
#   Section '.ignored' is unknown. Section ignored.
### mwldeppc.exe Linker Warning:
#   Section '.ignored' is unknown. Section ignored.
### mwldeppc.exe Linker Warning:
#   Section '.ignored' is unknown. Section ignored.
### mwldeppc.exe Linker Warning:
#   Section '.ignored' is unknown. Section ignored.
### mwldeppc.exe Linker Warning:
#   Section '.ignored' is unknown. Section ignored.
### mwldeppc.exe Linker Warning:
#   Section '.ignored' is unknown. Section ignored.
### mwldeppc.exe Linker Warning:
#   Section '.ignored' is unknown. Section ignored.
### mwldeppc.exe Linker Warning:
#   Section '.ignored' is unknown. Section ignored.
### mwldeppc.exe Linker Warning:
#   Section '.ignored' is unknown. Section ignored.
### mwldeppc.exe Linker Warning:
#   Section '.ignored' is unknown. Section ignored.
### mwldeppc.exe Linker Warning:
#   Section '.ignored' is unknown. Section ignored.
### mwldeppc.exe Linker Warning:
#   Section '.ignored' is unknown. Section ignored.
### mwldeppc.exe Linker Warning:
#   Section '.ignored' is unknown. Section ignored.
### mwldeppc.exe Linker Warning:
#   Section '.ignored' is unknown. Section ignored.
### mwldeppc.exe Linker Warning:
#   Section '.ignored' is unknown. Section ignored.
### mwldeppc.exe Linker Warning:
#   Section '.ignored' is unknown. Section ignored.
### mwldeppc.exe Linker Warning:
#   Section '.ignored' is unknown. Section ignored.
### mwldeppc.exe Linker Warning:
#   Section '.ignored' is unknown. Section ignored.
### mwldeppc.exe Linker Warning:
#   Section '.ignored' is unknown. Section ignored.
### mwldeppc.exe Linker Warning:
#   Section '.ignored' is unknown. Section ignored.
### mwldeppc.exe Linker Warning:
#   Section '.ignored' is unknown. Section ignored.
### mwldeppc.exe Linker Warning:
#   Section '.ignored' is unknown. Section ignored.
### mwldeppc.exe Linker Warning:
#   Section '.ignored' is unknown. Section ignored.
### mwldeppc.exe Linker Warning:
#   Section '.ignored' is unknown. Section ignored.
### mwldeppc.exe Linker Warning:
#   Section '.ignored' is unknown. Section ignored.
### mwldeppc.exe Linker Warning:
#   Section '.ignored' is unknown. Section ignored.
### mwldeppc.exe Linker Warning:
#   Section '.ignored' is unknown. Section ignored.
### mwldeppc.exe Linker Warning:
#   Section '.ignored' is unknown. Section ignored.
### mwldeppc.exe Linker Warning:
#   Section '.ignored' is unknown. Section ignored.
### mwldeppc.exe Linker Warning:
#   Section '.ignored' is unknown. Section ignored.
[863/865] DOL build/GEDE01/main.dol
[864/865] CHECK config/GEDE01/build.sha1
build/GEDE01/main.dol: OK
[865/865] PROGRESS
Progress:
  All: 56.33% fuzzy, 45.40% matched, 45.40% linked (6185 / 7068 files)
    Code: 1044400 / 2300692 bytes (5950 / 8214 functions)
    Data: 39482 / 4305642 bytes (0.92%)
  Game Code: 90.72% fuzzy, 73.07% matched, 73.07% linked (6167 / 6633 files)
    Code: 1041372 / 1425104 bytes (5888 / 6354 functions)
    Data: 39258 / 40426 bytes (97.11%)
  SDK/Runtime: 100.00% fuzzy, 100.00% matched, 100.00% linked (18 / 18 files)
    Code: 3028 / 3028 bytes (62 / 62 functions)
    Data: 224 / 224 bytes (100.00%)
