[1/1] RUN configure.py
[1/881] MWCC build/GEDE01/src/game/game_fn_800094C0.o
[2/881] MWCC build/GEDE01/src/game/game_fn_80008014.o
[3/881] MWCC build/GEDE01/src/game/game_fn_800098C0.o
[4/881] MWCC build/GEDE01/src/game/game_fn_800096E0.o
[5/881] MWCC build/GEDE01/src/game/game_fn_800099D8.o
[6/881] MWCC build/GEDE01/src/game/game_fn_80009AB4.o
[7/881] MWCC build/GEDE01/src/game/game_fn_8000A26C.o
[8/881] MWCC build/GEDE01/src/game/game_fn_8000AC88.o
[9/881] MWCC build/GEDE01/src/game/game_fn_8000AEB4.o
[10/881] MWCC build/GEDE01/src/game/game_fn_8000AFB4.o
[11/881] MWCC build/GEDE01/src/game/game_fn_8000B1B8.o
[12/881] MWCC build/GEDE01/src/game/game_fn_8000B36C.o
[13/881] MWCC build/GEDE01/src/game/game_fn_8000B630.o
[14/881] MWCC build/GEDE01/src/game/game_fn_8000B7FC.o
[15/881] MWCC build/GEDE01/src/game/game_fn_8000B900.o
[16/881] MWCC build/GEDE01/src/game/game_fn_8000BA0C.o
[17/881] MWCC build/GEDE01/src/game/game_fn_8000BAA0.o
[18/881] MWCC build/GEDE01/src/game/game_fn_8000BC40.o
[19/881] MWCC build/GEDE01/src/game/game_fn_8000C06C.o
[20/881] MWCC build/GEDE01/src/game/game_fn_8000C17C.o
[21/881] MWCC build/GEDE01/src/game/game_fn_8000C400.o
[22/881] MWCC build/GEDE01/src/game/game_fn_8000C848.o
[23/881] MWCC build/GEDE01/src/game/game_fn_8000C91C.o
[24/881] MWCC build/GEDE01/src/game/game_fn_8000D0BC.o
[25/881] MWCC build/GEDE01/src/game/game_fn_8000D3D4.o
[26/881] MWCC build/GEDE01/src/game/game_fn_8000D590.o
[27/881] MWCC build/GEDE01/src/game/game_fn_8000D8A4.o
[28/881] MWCC build/GEDE01/src/game/game_fn_8000DA50.o
[29/881] MWCC build/GEDE01/src/game/game_fn_8000DAF4.o
[30/881] MWCC build/GEDE01/src/game/game_fn_8000E054.o
[31/881] MWCC build/GEDE01/src/game/game_fn_8000E0AC.o
[32/881] MWCC build/GEDE01/src/game/game_fn_8000E138.o
[33/881] MWCC build/GEDE01/src/game/game_fn_8000E1C4.o
[34/881] MWCC build/GEDE01/src/game/game_fn_8000E96C.o
[35/881] MWCC build/GEDE01/src/game/game_fn_8000EB14.o
[36/881] MWCC build/GEDE01/src/game/game_fn_8000EBD4.o
[37/881] MWCC build/GEDE01/src/game/game_fn_8000ED44.o
[38/881] MWCC build/GEDE01/src/game/game_fn_8000EFC4.o
[39/881] MWCC build/GEDE01/src/game/game_fn_8000F4B0.o
[40/881] MWCC build/GEDE01/src/game/game_fn_8000F774.o
[41/881] MWCC build/GEDE01/src/game/game_fn_8000FDE8.o
[42/881] MWCC build/GEDE01/src/game/game_fn_8000FFD8.o
[43/881] MWCC build/GEDE01/src/game/game_fn_800119FC.o
[44/881] MWCC build/GEDE01/src/game/game_fn_80012DA8.o
[45/881] MWCC build/GEDE01/src/game/game_fn_80012F40.o
[46/881] MWCC build/GEDE01/src/game/game_fn_80012FD0.o
[47/881] MWCC build/GEDE01/src/game/game_fn_800131E8.o
[48/881] MWCC build/GEDE01/src/game/game_fn_80013340.o
[49/881] MWCC build/GEDE01/src/game/game_fn_80013870.o
[50/881] MWCC build/GEDE01/src/game/game_fn_80013CB0.o
[51/881] MWCC build/GEDE01/src/game/game_fn_80013D54.o
[52/881] MWCC build/GEDE01/src/game/game_fn_800142DC.o
[53/881] MWCC build/GEDE01/src/game/game_fn_800144CC.o
[54/881] MWCC build/GEDE01/src/game/game_fn_80014784.o
[55/881] MWCC build/GEDE01/src/game/game_fn_800149D4.o
[56/881] MWCC build/GEDE01/src/game/game_fn_80015058.o
[57/881] MWCC build/GEDE01/src/game/game_fn_80015320.o
[58/881] MWCC build/GEDE01/src/game/game_fn_80015568.o
[59/881] MWCC build/GEDE01/src/game/game_fn_800156FC.o
[60/881] MWCC build/GEDE01/src/game/game_fn_80015D40.o
[61/881] MWCC build/GEDE01/src/game/game_fn_80015BE0.o
[62/881] MWCC build/GEDE01/src/game/game_fn_80015F04.o
[63/881] MWCC build/GEDE01/src/game/game_fn_80016128.o
[64/881] MWCC build/GEDE01/src/game/game_fn_80016270.o
[65/881] MWCC build/GEDE01/src/game/game_fn_80016904.o
[66/881] MWCC build/GEDE01/src/game/game_fn_80016B24.o
[67/881] MWCC build/GEDE01/src/game/game_fn_800171C0.o
[68/881] MWCC build/GEDE01/src/game/game_fn_800173CC.o
[69/881] MWCC build/GEDE01/src/game/game_fn_800176F0.o
[70/881] MWCC build/GEDE01/src/game/game_fn_80017910.o
[71/881] MWCC build/GEDE01/src/game/game_fn_800179AC.o
[72/881] MWCC build/GEDE01/src/game/game_fn_80017A3C.o
[73/881] MWCC build/GEDE01/src/game/game_fn_80017AE4.o
[74/881] MWCC build/GEDE01/src/game/game_fn_80017C3C.o
[75/881] MWCC build/GEDE01/src/game/game_fn_80017CC8.o
[76/881] MWCC build/GEDE01/src/game/game_fn_80017DB0.o
[77/881] MWCC build/GEDE01/src/game/game_fn_80018EF4.o
[78/881] MWCC build/GEDE01/src/game/game_fn_80019054.o
[79/881] MWCC build/GEDE01/src/game/game_fn_80019244.o
[80/881] MWCC build/GEDE01/src/game/game_fn_800194D0.o
[81/881] MWCC build/GEDE01/src/game/game_fn_80019940.o
[82/881] MWCC build/GEDE01/src/game/game_fn_80019C10.o
[83/881] MWCC build/GEDE01/src/game/game_fn_80019D2C.o
[84/881] MWCC build/GEDE01/src/game/game_fn_80019F98.o
[85/881] MWCC build/GEDE01/src/game/game_fn_8001A6C4.o
[86/881] MWCC build/GEDE01/src/game/game_fn_8001AAB8.o
[87/881] MWCC build/GEDE01/src/game/game_fn_8001ADF8.o
[88/881] MWCC build/GEDE01/src/game/game_fn_8001AF68.o
[89/881] MWCC build/GEDE01/src/game/game_fn_8001B124.o
[90/881] MWCC build/GEDE01/src/game/game_fn_8001B294.o
[91/881] MWCC build/GEDE01/src/game/game_fn_8001B808.o
[92/881] MWCC build/GEDE01/src/game/game_fn_8001B874.o
[93/881] MWCC build/GEDE01/src/game/game_fn_8001C078.o
[94/881] MWCC build/GEDE01/src/game/game_fn_8001CA04.o
[95/881] MWCC build/GEDE01/src/game/game_fn_8001CD58.o
[96/881] MWCC build/GEDE01/src/game/game_fn_8001E644.o
[97/881] MWCC build/GEDE01/src/game/game_fn_8001CE94.o
[98/881] MWCC build/GEDE01/src/game/game_fn_8001FE1C.o
[99/881] MWCC build/GEDE01/src/game/game_fn_80020E94.o
[100/881] MWCC build/GEDE01/src/game/game_fn_800272B4.o
[101/881] MWCC build/GEDE01/src/game/game_fn_80024F28.o
[102/881] MWCC build/GEDE01/src/game/game_fn_8002B748.o
[103/881] MWCC build/GEDE01/src/game/game_fn_8002DAE0.o
[104/881] MWCC build/GEDE01/src/game/game_fn_8002E3F0.o
[105/881] MWCC build/GEDE01/src/game/game_fn_8002EA68.o
[106/881] MWCC build/GEDE01/src/game/game_fn_8002F428.o
[107/881] MWCC build/GEDE01/src/game/game_fn_80031544.o
[108/881] MWCC build/GEDE01/src/game/game_fn_8003232C.o
[109/881] MWCC build/GEDE01/src/game/game_fn_80032B84.o
[110/881] MWCC build/GEDE01/src/game/game_fn_80033038.o
[111/881] MWCC build/GEDE01/src/game/game_fn_80033180.o
[112/881] MWCC build/GEDE01/src/game/game_fn_800359A0.o
[113/881] MWCC build/GEDE01/src/game/game_fn_800361F8.o
[114/881] MWCC build/GEDE01/src/game/game_fn_80036C40.o
[115/881] MWCC build/GEDE01/src/game/game_fn_80038878.o
[116/881] MWCC build/GEDE01/src/game/game_fn_80048ADC.o
[117/881] MWCC build/GEDE01/src/game/game_fn_80048B24.o
[118/881] MWCC build/GEDE01/src/game/game_fn_8004998C.o
[119/881] MWCC build/GEDE01/src/game/game_fn_80052310.o
[120/881] MWCC build/GEDE01/src/game/game_fn_800542D0.o
[121/881] MWCC build/GEDE01/src/game/game_fn_8005EC6C.o
[122/881] MWCC build/GEDE01/src/game/game_fn_8005EE9C.o
[123/881] MWCC build/GEDE01/src/game/game_data_80239E10.o
[124/881] MWCC build/GEDE01/src/game/game_data_80239E18.o
[125/881] MWCC build/GEDE01/src/game/game_fn_8005FD84.o
[126/881] MWCC build/GEDE01/src/game/game_fn_80066888.o
[127/881] MWCC build/GEDE01/src/game/game_fn_80066E78.o
[128/881] MWCC build/GEDE01/src/game/game_fn_8006B0F0.o
[129/881] MWCC build/GEDE01/src/game/game_fn_8006B620.o
[130/881] MWCC build/GEDE01/src/game/game_fn_8006E53C.o
[131/881] MWCC build/GEDE01/src/game/game_fn_80071A58.o
[132/881] MWCC build/GEDE01/src/game/game_fn_80074310.o
[133/881] MWCC build/GEDE01/src/game/game_fn_80078500.o
[134/881] MWCC build/GEDE01/src/game/game_fn_80079908.o
[135/881] MWCC build/GEDE01/src/game/game_fn_80079AA4.o
[136/881] MWCC build/GEDE01/src/game/game_fn_8007B2F4.o
[137/881] MWCC build/GEDE01/src/game/game_fn_8007B540.o
[138/881] MWCC build/GEDE01/src/game/game_fn_8007B640.o
[139/881] MWCC build/GEDE01/src/game/game_fn_8007B828.o
[140/881] MWCC build/GEDE01/src/game/game_fn_8007BA3C.o
[141/881] MWCC build/GEDE01/src/game/game_fn_8007D4D8.o
[142/881] MWCC build/GEDE01/src/game/game_fn_8007F770.o
[143/881] MWCC build/GEDE01/src/game/game_fn_800886D8.o
[144/881] MWCC build/GEDE01/src/game/game_fn_80088F4C.o
[145/881] MWCC build/GEDE01/src/game/game_fn_8008A2E0.o
[146/881] MWCC build/GEDE01/src/game/game_fn_8008F224.o
[147/881] MWCC build/GEDE01/src/game/game_fn_8008F890.o
[148/881] MWCC build/GEDE01/src/game/game_fn_80090004.o
[149/881] MWCC build/GEDE01/src/game/game_fn_800934A0.o
[150/881] MWCC build/GEDE01/src/game/game_fn_80095D10.o
[151/881] MWCC build/GEDE01/src/game/game_fn_80095FDC.o
[152/881] MWCC build/GEDE01/src/game/game_fn_80096830.o
[153/881] MWCC build/GEDE01/src/game/game_fn_8009C424.o
[154/881] MWCC build/GEDE01/src/game/game_fn_8009E808.o
[155/881] MWCC build/GEDE01/src/game/game_fn_800A2130.o
[156/881] MWCC build/GEDE01/src/game/game_fn_800A2FCC.o
[157/881] MWCC build/GEDE01/src/game/game_fn_800A3180.o
[158/881] MWCC build/GEDE01/src/game/game_fn_800A3894.o
[159/881] MWCC build/GEDE01/src/game/game_fn_800A4428.o
[160/881] MWCC build/GEDE01/src/game/game_fn_800A4798.o
[161/881] MWCC build/GEDE01/src/game/game_fn_800A7E88.o
[162/881] MWCC build/GEDE01/src/game/game_fn_800AF230.o
[163/881] MWCC build/GEDE01/src/game/game_fn_800BB5C4.o
[164/881] MWCC build/GEDE01/src/game/game_fn_800BB7A8.o
[165/881] MWCC build/GEDE01/src/game/game_fn_800BB9A4.o
[166/881] MWCC build/GEDE01/src/game/game_fn_800BBAF0.o
[167/881] MWCC build/GEDE01/src/game/game_fn_800C17EC.o
[168/881] MWCC build/GEDE01/src/game/game_fn_800C59F0.o
[169/881] MWCC build/GEDE01/src/game/game_fn_800C644C.o
[170/881] MWCC build/GEDE01/src/game/game_fn_800C65FC.o
[171/881] MWCC build/GEDE01/src/game/game_fn_800C9C60.o
[172/881] MWCC build/GEDE01/src/game/game_fn_800CB760.o
[173/881] MWCC build/GEDE01/src/game/game_fn_800CB8F4.o
[174/881] MWCC build/GEDE01/src/game/game_fn_800CF598.o
[175/881] MWCC build/GEDE01/src/game/game_fn_800D9064.o
[176/881] MWCC build/GEDE01/src/game/game_fn_800D9E10.o
[177/881] MWCC build/GEDE01/src/game/game_fn_800E4980.o
[178/881] MWCC build/GEDE01/src/game/game_TRKNubWelcome.o
[179/881] MWCC build/GEDE01/src/game/game_TRK_main.o
[180/881] MWCC build/GEDE01/src/game/game_InitMetroTRKCommTable.o
[181/881] MWCC build/GEDE01/src/game/game_fn_800FD0C8.o
[182/881] MWCC build/GEDE01/src/game/game_fn_8010242C.o
[183/881] MWCC build/GEDE01/src/game/game_fn_801098C0.o
[184/881] MWCC build/GEDE01/src/game/game_fn_8010F184.o
[185/881] MWCC build/GEDE01/src/game/game_fn_801126E0.o
[186/881] MWCC build/GEDE01/src/game/game_fn_801128E4.o
[187/881] MWCC build/GEDE01/src/game/game_fn_801141B8.o
[188/881] MWCC build/GEDE01/src/game/game_fn_8011F140.o
[189/881] MWCC build/GEDE01/src/game/game_fn_801247F8.o
[190/881] MWCC build/GEDE01/src/game/game_fn_80126A00.o
[191/881] MWCC build/GEDE01/src/game/game_fn_8012976C.o
[192/881] MWCC build/GEDE01/src/game/game_fn_8012DB28.o
[193/881] MWCC build/GEDE01/src/game/game_fn_8013CBE4.o
[194/881] MWCC build/GEDE01/src/game/game_fn_8013D6A4.o
[195/881] MWCC build/GEDE01/src/game/game_fn_8013DB8C.o
[196/881] MWCC build/GEDE01/src/game/game_fn_8014549C.o
[197/881] MWCC build/GEDE01/src/game/game_fn_8014AF38.o
[198/881] MWCC build/GEDE01/src/game/game_fn_8014B494.o
[199/881] MWCC build/GEDE01/src/game/game_fn_8014CA98.o
[200/881] MWCC build/GEDE01/src/game/game_fn_801535D8.o
[201/881] MWCC build/GEDE01/src/game/game_fn_80153898.o
[202/881] MWCC build/GEDE01/src/game/game_fn_80153A24.o
[203/881] MWCC build/GEDE01/src/game/game_fn_80154F74.o
[204/881] MWCC build/GEDE01/src/game/game_fn_80155814.o
[205/881] MWCC build/GEDE01/src/game/game_fn_80157C0C.o
[206/881] MWCC build/GEDE01/src/game/game_fn_80158B20.o
[207/881] MWCC build/GEDE01/src/game/game_fn_80158D38.o
[208/881] MWCC build/GEDE01/src/game/game_fn_8015DB84.o
[209/881] MWCC build/GEDE01/src/game/game_fn_8015DC54.o
[210/881] MWCC build/GEDE01/src/game/game_fn_8015EDC0.o
[211/881] MWCC build/GEDE01/src/game/game_fn_80167454.o
[212/881] MWCC build/GEDE01/src/game/game_fn_80167B5C.o
[213/881] MWCC build/GEDE01/src/game/game_fn_80169650.o
[214/881] MWCC build/GEDE01/src/game/game_fn_8016BD0C.o
[215/881] MWCC build/GEDE01/src/game/game_fn_8016BE1C.o
[216/881] MWCC build/GEDE01/src/game/game_fn_8016BF60.o
[217/881] MWCC build/GEDE01/src/game/game_fn_8016C0BC.o
[218/881] MWCC build/GEDE01/src/game/game_fn_8016C164.o
[219/881] MWCC build/GEDE01/src/game/game_fn_8016C238.o
[220/881] MWCC build/GEDE01/src/game/game_fn_8016C4BC.o
[221/881] MWCC build/GEDE01/src/game/game_fn_8016C774.o
[222/881] MWCC build/GEDE01/src/game/game_fn_8016D040.o
[223/881] MWCC build/GEDE01/src/game/game_fn_8016D1F8.o
[224/881] MWCC build/GEDE01/src/game/game_fn_8016D2B8.o
[225/881] MWCC build/GEDE01/src/game/game_fn_8016D9C0.o
[226/881] MWCC build/GEDE01/src/game/game_fn_8016DF4C.o
[227/881] MWCC build/GEDE01/src/game/game_fn_8016E8F8.o
[228/881] MWCC build/GEDE01/src/game/game_fn_8016FEF8.o
[229/881] MWCC build/GEDE01/src/game/game_fn_8017038C.o
[230/881] MWCC build/GEDE01/src/game/game_fn_801704F8.o
[231/881] MWCC build/GEDE01/src/game/game_fn_801706DC.o
[232/881] MWCC build/GEDE01/src/game/game_fn_80170A40.o
[233/881] MWCC build/GEDE01/src/game/game_fn_80170DF4.o
[234/881] MWCC build/GEDE01/src/game/game_fn_80170E9C.o
[235/881] MWCC build/GEDE01/src/game/game_fn_8017138C.o
[236/881] MWCC build/GEDE01/src/game/game_fn_80171664.o
[237/881] MWCC build/GEDE01/src/game/game_fn_801718F4.o
[238/881] MWCC build/GEDE01/src/game/game_fn_801719B4.o
[239/881] MWCC build/GEDE01/src/game/game_fn_80171F30.o
[240/881] MWCC build/GEDE01/src/game/game_fn_8017250C.o
[241/881] MWCC build/GEDE01/src/game/game_fn_801726EC.o
[242/881] MWCC build/GEDE01/src/game/game_fn_80172BB0.o
[243/881] MWCC build/GEDE01/src/game/game_fn_80172C78.o
[244/881] MWCC build/GEDE01/src/game/game_fn_80172DB8.o
[245/881] MWCC build/GEDE01/src/game/game_fn_80173270.o
[246/881] MWCC build/GEDE01/src/game/game_fn_801734B4.o
[247/881] MWCC build/GEDE01/src/game/game_fn_80173770.o
[248/881] MWCC build/GEDE01/src/game/game_fn_80173D44.o
[249/881] MWCC build/GEDE01/src/game/game_fn_80173F04.o
[250/881] MWCC build/GEDE01/src/game/game_fn_80174184.o
[251/881] MWCC build/GEDE01/src/game/game_fn_80174358.o
[252/881] MWCC build/GEDE01/src/game/game_fn_80174F2C.o
[253/881] MWCC build/GEDE01/src/game/game_fn_8017553C.o
[254/881] MWCC build/GEDE01/src/game/game_fn_80175E64.o
[255/881] MWCC build/GEDE01/src/game/game_fn_80175F0C.o
[256/881] MWCC build/GEDE01/src/game/game_fn_80175FD4.o
[257/881] MWCC build/GEDE01/src/game/game_fn_80176098.o
[258/881] MWCC build/GEDE01/src/game/game_fn_80176160.o
[259/881] MWCC build/GEDE01/src/game/game_fn_80176220.o
[260/881] MWCC build/GEDE01/src/game/game_fn_801762E8.o
[261/881] MWCC build/GEDE01/src/game/game_fn_8017652C.o
[262/881] MWCC build/GEDE01/src/game/game_fn_80176DF4.o
[263/881] MWCC build/GEDE01/src/game/game_fn_80176FA0.o
[264/881] MWCC build/GEDE01/src/game/game_fn_801770F8.o
[265/881] MWCC build/GEDE01/src/game/game_fn_8017718C.o
[266/881] MWCC build/GEDE01/src/game/game_fn_80178F88.o
[267/881] MWCC build/GEDE01/src/game/game_fn_80177434.o
[268/881] MWCC build/GEDE01/src/game/game_fn_80179398.o
[269/881] MWCC build/GEDE01/src/game/game_fn_8017960C.o
[270/881] MWCC build/GEDE01/src/game/game_fn_8017974C.o
[271/881] MWCC build/GEDE01/src/game/game_fn_80179904.o
[272/881] MWCC build/GEDE01/src/game/game_fn_80179A18.o
[273/881] MWCC build/GEDE01/src/game/game_fn_80179A74.o
[274/881] MWCC build/GEDE01/src/game/game_fn_80179EB8.o
[275/881] MWCC build/GEDE01/src/game/game_fn_80179F20.o
[276/881] MWCC build/GEDE01/src/game/game_fn_8017A010.o
[277/881] MWCC build/GEDE01/src/game/game_fn_8017A12C.o
[278/881] MWCC build/GEDE01/src/game/game_fn_8017A1C0.o
[279/881] MWCC build/GEDE01/src/game/game_fn_8017A9B8.o
[280/881] MWCC build/GEDE01/src/game/game_fn_8017AC20.o
[281/881] MWCC build/GEDE01/src/game/game_fn_8017E850.o
[282/881] MWCC build/GEDE01/src/game/game_fn_8017E958.o
[283/881] MWCC build/GEDE01/src/game/game_fn_80180DDC.o
[284/881] MWCC build/GEDE01/src/game/game_fn_801810A0.o
[285/881] MWCC build/GEDE01/src/game/game_fn_801816D4.o
[286/881] MWCC build/GEDE01/src/game/game_fn_801859FC.o
[287/881] MWCC build/GEDE01/src/game/game_fn_80185AE8.o
[288/881] MWCC build/GEDE01/src/game/game_fn_80185F10.o
[289/881] MWCC build/GEDE01/src/game/game_fn_801865EC.o
[290/881] MWCC build/GEDE01/src/game/game_fn_8018680C.o
[291/881] MWCC build/GEDE01/src/game/game_fn_80186E10.o
[292/881] MWCC build/GEDE01/src/game/game_fn_80186F70.o
[293/881] MWCC build/GEDE01/src/game/game_fn_80187120.o
[294/881] MWCC build/GEDE01/src/game/game_fn_80187320.o
[295/881] MWCC build/GEDE01/src/game/game_fn_801875FC.o
[296/881] MWCC build/GEDE01/src/game/game_fn_801878E0.o
[297/881] MWCC build/GEDE01/src/game/game_fn_80187BB4.o
[298/881] MWCC build/GEDE01/src/game/game_fn_80188A7C.o
[299/881] MWCC build/GEDE01/src/game/game_fn_80188B44.o
[300/881] MWCC build/GEDE01/src/game/game_fn_80188C1C.o
[301/881] MWCC build/GEDE01/src/game/game_fn_80188E28.o
[302/881] MWCC build/GEDE01/src/game/game_fn_80189028.o
[303/881] MWCC build/GEDE01/src/game/game_fn_801891D8.o
[304/881] MWCC build/GEDE01/src/game/game_fn_80189390.o
[305/881] MWCC build/GEDE01/src/game/game_fn_801895E8.o
[306/881] MWCC build/GEDE01/src/game/game_fn_801896A0.o
[307/881] MWCC build/GEDE01/src/game/game_fn_80189760.o
[308/881] MWCC build/GEDE01/src/game/game_fn_80189968.o
[309/881] MWCC build/GEDE01/src/game/game_fn_8018C2D0.o
[310/881] MWCC build/GEDE01/src/game/game_fn_8018D1F0.o
[311/881] MWCC build/GEDE01/src/game/game_fn_8018D2E0.o
[312/881] MWCC build/GEDE01/src/game/game_fn_8018D400.o
[313/881] MWCC build/GEDE01/src/game/game_fn_8018D688.o
[314/881] MWCC build/GEDE01/src/game/game_fn_8018E0D8.o
[315/881] MWCC build/GEDE01/src/game/game_fn_8018F1D0.o
[316/881] MWCC build/GEDE01/src/game/game_fn_8018F81C.o
[317/881] MWCC build/GEDE01/src/game/game_fn_8018FEDC.o
[318/881] MWCC build/GEDE01/src/game/game_fn_8019120C.o
[319/881] MWCC build/GEDE01/src/game/game_fn_80191360.o
[320/881] MWCC build/GEDE01/src/game/game_fn_801916D0.o
[321/881] MWCC build/GEDE01/src/game/game_fn_8019197C.o
[322/881] MWCC build/GEDE01/src/game/game_fn_80191F58.o
[323/881] MWCC build/GEDE01/src/game/game_fn_801926EC.o
[324/881] MWCC build/GEDE01/src/game/game_fn_801929A4.o
[325/881] MWCC build/GEDE01/src/game/game_fn_80192F54.o
[326/881] MWCC build/GEDE01/src/game/game_fn_801931C4.o
[327/881] MWCC build/GEDE01/src/game/game_fn_80193E1C.o
[328/881] MWCC build/GEDE01/src/game/game_fn_80193F3C.o
[329/881] MWCC build/GEDE01/src/game/game_fn_80194F80.o
[330/881] MWCC build/GEDE01/src/game/game_fn_80197910.o
[331/881] MWCC build/GEDE01/src/game/game_fn_80198154.o
[332/881] MWCC build/GEDE01/src/game/game_fn_80198AAC.o
[333/881] MWCC build/GEDE01/src/game/game_fn_80198BF4.o
[334/881] MWCC build/GEDE01/src/game/game_fn_801991E0.o
[335/881] MWCC build/GEDE01/src/game/game_fn_8019B1BC.o
[336/881] MWCC build/GEDE01/src/game/game_fn_8019CC28.o
[337/881] MWCC build/GEDE01/src/game/game_fn_8019CFC4.o
[338/881] MWCC build/GEDE01/src/game/game_fn_8019E5E4.o
[339/881] MWCC build/GEDE01/src/game/game_fn_8019E8C8.o
[340/881] MWCC build/GEDE01/src/game/game_fn_801A1F18.o
[341/881] MWCC build/GEDE01/src/game/game_fn_801A2A54.o
[342/881] MWCC build/GEDE01/src/game/game_fn_801A34BC.o
[343/881] MWCC build/GEDE01/src/game/game_fn_801A3A78.o
[344/881] MWCC build/GEDE01/src/game/game_fn_801A4CE0.o
[345/881] MWCC build/GEDE01/src/game/game_fn_801A5FB0.o
[346/881] MWCC build/GEDE01/src/game/game_fn_801A6410.o
[347/881] MWCC build/GEDE01/src/game/game_fn_801A657C.o
[348/881] MWCC build/GEDE01/src/game/game_fn_801A6ADC.o
[349/881] MWCC build/GEDE01/src/game/game_fn_801A6C58.o
[350/881] MWCC build/GEDE01/src/game/game_fn_801A6CB4.o
[351/881] MWCC build/GEDE01/src/game/game_fn_801A7E04.o
[352/881] MWCC build/GEDE01/src/game/game_fn_801A7EA8.o
[353/881] MWCC build/GEDE01/src/game/game_fn_801A93E8.o
[354/881] MWCC build/GEDE01/src/game/game_fn_801AB154.o
[355/881] MWCC build/GEDE01/src/game/game_fn_801ABD3C.o
[356/881] MWCC build/GEDE01/src/game/game_fn_801AC8AC.o
[357/881] MWCC build/GEDE01/src/game/game_fn_801ACFE8.o
[358/881] MWCC build/GEDE01/src/game/game_fn_801AD08C.o
[359/881] MWCC build/GEDE01/src/game/game_fn_801AFA74.o
[360/881] MWCC build/GEDE01/src/game/game_fn_801B02F0.o
[361/881] MWCC build/GEDE01/src/game/game_fn_801B1BA0.o
[362/881] MWCC build/GEDE01/src/game/game_fn_801B35BC.o
[363/881] MWCC build/GEDE01/src/game/game_fn_801B46C8.o
[364/881] MWCC build/GEDE01/src/game/game_fn_801B4FB4.o
[365/881] MWCC build/GEDE01/src/game/game_fn_801B5228.o
[366/881] MWCC build/GEDE01/src/game/game_fn_801B58F0.o
[367/881] MWCC build/GEDE01/src/game/game_fn_801B6F1C.o
[368/881] MWCC build/GEDE01/src/game/game_fn_801B86C0.o
[369/881] MWCC build/GEDE01/src/game/game_fn_801B941C.o
[370/881] MWCC build/GEDE01/src/game/game_fn_801B9E7C.o
[371/881] MWCC build/GEDE01/src/game/game_fn_801BA15C.o
[372/881] MWCC build/GEDE01/src/game/game_fn_801BA708.o
[373/881] MWCC build/GEDE01/src/game/game_fn_801BB1A0.o
[374/881] MWCC build/GEDE01/src/game/game_fn_801BC0D4.o
[375/881] MWCC build/GEDE01/src/game/game_fn_801BC240.o
[376/881] MWCC build/GEDE01/src/game/game_fn_801BC8F4.o
[377/881] MWCC build/GEDE01/src/game/game_fn_801BCC04.o
[378/881] MWCC build/GEDE01/src/game/game_fn_801BD990.o
[379/881] MWCC build/GEDE01/src/game/game_fn_801BDE7C.o
[380/881] MWCC build/GEDE01/src/game/game_fn_801BE0D4.o
[381/881] MWCC build/GEDE01/src/game/game_fn_801C1CB0.o
[382/881] MWCC build/GEDE01/src/game/game_fn_801BEF40.o
[383/881] MWCC build/GEDE01/src/game/game_fn_801C2980.o
[384/881] MWCC build/GEDE01/src/game/game_fn_801C29BC.o
[385/881] MWCC build/GEDE01/src/game/game_fn_801C2AAC.o
[386/881] MWCC build/GEDE01/src/game/game_fn_801C2D9C.o
[387/881] MWCC build/GEDE01/src/game/game_fn_801C8160.o
[388/881] MWCC build/GEDE01/src/game/game_fn_801C8224.o
[389/881] MWCC build/GEDE01/src/game/game_fn_801C8600.o
[390/881] MWCC build/GEDE01/src/game/game_fn_801C4B5C.o
[391/881] MWCC build/GEDE01/src/game/game_fn_801C87DC.o
[392/881] MWCC build/GEDE01/src/game/game_fn_801C8CC0.o
[393/881] MWCC build/GEDE01/src/game/game_fn_801C8F50.o
[394/881] MWCC build/GEDE01/src/game/game_fn_801C90A4.o
[395/881] MWCC build/GEDE01/src/game/game_fn_801C9510.o
[396/881] MWCC build/GEDE01/src/game/game_fn_801C970C.o
[397/881] MWCC build/GEDE01/src/game/game_fn_801C9A08.o
[398/881] MWCC build/GEDE01/src/game/game_fn_801C9B1C.o
[399/881] MWCC build/GEDE01/src/game/game_fn_801CD228.o
[400/881] MWCC build/GEDE01/src/game/game_fn_801CB4F8.o
[401/881] MWCC build/GEDE01/src/game/game_fn_801CE09C.o
[402/881] MWCC build/GEDE01/src/game/game_fn_801CE594.o
[403/881] MWCC build/GEDE01/src/game/game_fn_801D1B10.o
[404/881] MWCC build/GEDE01/src/game/game_fn_801D1F78.o
[405/881] MWCC build/GEDE01/src/game/game_fn_801D3988.o
[406/881] MWCC build/GEDE01/src/game/game_fn_801D76A8.o
[407/881] MWCC build/GEDE01/src/game/game_fn_801D7C24.o
[408/881] MWCC build/GEDE01/src/game/game_fn_801D8050.o
[409/881] MWCC build/GEDE01/src/game/game_fn_801D9FE4.o
[410/881] MWCC build/GEDE01/src/game/game_fn_801E2A48.o
[411/881] MWCC build/GEDE01/src/game/game_fn_801E41AC.o
[412/881] MWCC build/GEDE01/src/game/game_fn_801E6814.o
[413/881] MWCC build/GEDE01/src/game/game_fn_801EB09C.o
[414/881] MWCC build/GEDE01/src/game/game_fn_801E995C.o
[415/881] MWCC build/GEDE01/src/game/game_fn_801EB11C.o
[416/881] MWCC build/GEDE01/src/game/game_fn_801ECD74.o
[417/881] MWCC build/GEDE01/src/game/game_fn_801ECF50.o
[418/881] MWCC build/GEDE01/src/game/game_fn_801ED5F4.o
[419/881] MWCC build/GEDE01/src/game/game_fn_801EF580.o
[420/881] MWCC build/GEDE01/src/game/game_fn_801EF910.o
[421/881] MWCC build/GEDE01/src/game/game_fn_801F10BC.o
[422/881] MWCC build/GEDE01/src/game/game_fn_801F1A38.o
[423/881] MWCC build/GEDE01/src/game/game_fn_801F35A8.o
[424/881] MWCC build/GEDE01/src/game/game_fn_801F55A0.o
[425/881] MWCC build/GEDE01/src/game/game_fn_801F69F0.o
[426/881] MWCC build/GEDE01/src/game/game_fn_801F6BD8.o
[427/881] MWCC build/GEDE01/src/game/game_fn_801F7510.o
[428/881] MWCC build/GEDE01/src/game/game_fn_801F76EC.o
[429/881] MWCC build/GEDE01/src/game/game_fn_801F8264.o
[430/881] MWCC build/GEDE01/src/game/game_fn_801F89B4.o
[431/881] MWCC build/GEDE01/src/game/game_fn_801F9AF8.o
[432/881] MWCC build/GEDE01/src/game/game_fn_801F9CF4.o
[433/881] MWCC build/GEDE01/src/game/game_fn_801FA9C8.o
[434/881] MWCC build/GEDE01/src/game/game_fn_801FB6A4.o
[435/881] MWCC build/GEDE01/src/game/game_fn_801FC034.o
[436/881] MWCC build/GEDE01/src/game/game_fn_801FC204.o
[437/881] MWCC build/GEDE01/src/game/game_fn_801FFE78.o
[438/881] EXTERNALIZE build/GEDE01/src/game/game_fn_80066E78.o
[439/881] MWCC build/GEDE01/src/game/game_fn_801A5684.o
[440/881] EXTERNALIZE build/GEDE01/src/game/game_fn_801247F8.o
[441/881] EXTERNALIZE build/GEDE01/src/game/game_fn_801EF910.o
[442/881] EXTERNALIZE build/GEDE01/src/game/game_fn_801ECF50.o
[443/881] EXTERNALIZE build/GEDE01/src/game/game_fn_801EB09C.o
[444/881] EXTERNALIZE build/GEDE01/src/game/game_fn_801FC204.o
[445/881] EXTERNALIZE build/GEDE01/src/game/game_fn_801EB11C.o
[446/881] EXTERNALIZE build/GEDE01/src/game/game_fn_801D9FE4.o
[447/881] EXTERNALIZE build/GEDE01/src/game/game_fn_801E41AC.o
[448/881] EXTERNALIZE build/GEDE01/src/game/game_fn_801D76A8.o
[449/881] EXTERNALIZE build/GEDE01/src/game/game_fn_801D8050.o
[450/881] EXTERNALIZE build/GEDE01/src/game/game_fn_801D7C24.o
[451/881] EXTERNALIZE build/GEDE01/src/game/game_fn_8019B1BC.o
[452/881] EXTERNALIZE build/GEDE01/src/game/game_fn_80178F88.o
[453/881] EXTERNALIZE build/GEDE01/src/game/game_fn_801CD228.o
[454/881] EXTERNALIZE build/GEDE01/src/game/game_fn_801C970C.o
[455/881] EXTERNALIZE build/GEDE01/src/game/game_fn_801BA15C.o
[456/881] EXTERNALIZE build/GEDE01/src/game/game_fn_801C9510.o
[457/881] EXTERNALIZE build/GEDE01/src/game/game_fn_80126A00.o
[458/881] EXTERNALIZE build/GEDE01/src/game/game_fn_8013D6A4.o
[459/881] EXTERNALIZE build/GEDE01/src/game/game_fn_800C9C60.o
[460/881] EXTERNALIZE build/GEDE01/src/game/game_fn_801B5228.o
[461/881] EXTERNALIZE build/GEDE01/src/game/game_fn_801B4FB4.o
[462/881] EXTERNALIZE build/GEDE01/src/game/game_fn_801C87DC.o
[463/881] EXTERNALIZE build/GEDE01/src/game/game_fn_801B6F1C.o
[464/881] EXTERNALIZE build/GEDE01/src/game/game_fn_801C8CC0.o
[465/881] EXTERNALIZE build/GEDE01/src/game/game_fn_800FD0C8.o
[466/881] EXTERNALIZE build/GEDE01/src/game/game_fn_801BDE7C.o
[467/881] EXTERNALIZE build/GEDE01/src/game/game_fn_801BE0D4.o
[468/881] EXTERNALIZE STATIC POOL build/GEDE01/src/game/game_fn_801C9A08.o
build/GEDE01/src/game/game_fn_801C9A08.o: lbl_80629390 now undefined; section 3 emptied
[469/881] EXTERNALIZE STATIC POOL build/GEDE01/src/game/game_fn_801C9B1C.o
build/GEDE01/src/game/game_fn_801C9B1C.o: lbl_80629390 now undefined; section 3 emptied
[470/881] EXTERNALIZE build/GEDE01/src/game/game_fn_801B941C.o
[471/881] EXTERNALIZE STATIC POOL build/GEDE01/src/game/game_fn_801BD990.o
build/GEDE01/src/game/game_fn_801BD990.o: lbl_80626D80 now undefined; section 6 emptied
[472/881] EXTERNALIZE STATIC POOL build/GEDE01/src/game/game_fn_801B58F0.o
build/GEDE01/src/game/game_fn_801B58F0.o: lbl_8060C020 now undefined; section 3 emptied
[473/881] EXTERNALIZE STATIC POOL build/GEDE01/src/game/game_fn_801B9E7C.o
build/GEDE01/src/game/game_fn_801B9E7C.o: 0 relocation(s) moved from streamInfo to ...bss.0
build/GEDE01/src/game/game_fn_801B9E7C.o: lbl_8061AE48 now undefined; section 6 emptied
[474/881] EXTERNALIZE STATIC POOL build/GEDE01/src/game/game_fn_801BB1A0.o
build/GEDE01/src/game/game_fn_801BB1A0.o: 0 relocation(s) moved from streamInfo to ...bss.0
build/GEDE01/src/game/game_fn_801BB1A0.o: lbl_8061AE48 now undefined; section 6 emptied
[475/881] EXTERNALIZE STATIC build/GEDE01/src/game/game_fn_801B35BC.o
build/GEDE01/src/game/game_fn_801B35BC.o: lbl_8060D420 now undefined; section 6 emptied
[476/881] EXTERNALIZE STATIC POOL build/GEDE01/src/game/game_fn_801BA708.o
build/GEDE01/src/game/game_fn_801BA708.o: 0 relocation(s) moved from streamInfo to ...bss.0
build/GEDE01/src/game/game_fn_801BA708.o: lbl_8061AE48 now undefined; section 6 emptied
[477/881] EXTERNALIZE STATIC POOL build/GEDE01/src/game/game_fn_801BC8F4.o
build/GEDE01/src/game/game_fn_801BC8F4.o: lbl_8061C748 now undefined; section 6 emptied
[478/881] EXTERNALIZE STATIC build/GEDE01/src/game/game_fn_801BC240.o
build/GEDE01/src/game/game_fn_801BC240.o: lbl_8061C748 now undefined; section 6 emptied
[479/881] EXTERNALIZE STATIC POOL build/GEDE01/src/game/game_fn_801BCC04.o
build/GEDE01/src/game/game_fn_801BCC04.o: lbl_8061C748 now undefined; section 6 emptied
[480/881] EXTERNALIZE STATIC POOL build/GEDE01/src/game/game_fn_801BC0D4.o
build/GEDE01/src/game/game_fn_801BC0D4.o: lbl_8061C748 now undefined; section 6 emptied
[481/881] EXTERNALIZE STATIC POOL build/GEDE01/src/game/game_fn_801C1CB0.o
build/GEDE01/src/game/game_fn_801C1CB0.o: lbl_80626DA0 now undefined; section 3 emptied
[482/881] RENAME build/GEDE01/src/game/game_InitMetroTRKCommTable.o
[483/881] EXTERNALIZE STATIC POOL build/GEDE01/src/game/game_fn_801CE09C.o
build/GEDE01/src/game/game_fn_801CE09C.o: lbl_80631340 now undefined; section 6 emptied
[484/881] RENAME RUNTIME INTRINSICS build/GEDE01/src/game/game_fn_801CB4F8.o
[485/881] EXTERNALIZE STATIC POOL build/GEDE01/src/game/game_fn_8010242C.o
build/GEDE01/src/game/game_fn_8010242C.o: lbl_8032CC08 now undefined; section 3 emptied
[486/881] EXTERNALIZE build/GEDE01/src/game/game_fn_801D3988.o
[487/881] EXTERNALIZE build/GEDE01/src/game/game_fn_801D1B10.o
[488/881] ALIGN DATA build/GEDE01/src/game/game_fn_80008014.o
[489/881] EXTERNALIZE build/GEDE01/src/game/game_fn_801CE594.o
[490/881] EXTERNALIZE build/GEDE01/src/game/game_fn_8014549C.o
[491/881] EXTERNALIZE build/GEDE01/src/game/game_fn_801C8224.o
[492/881] EXTERNALIZE build/GEDE01/src/game/game_fn_801098C0.o
[493/881] EXTERNALIZE build/GEDE01/src/game/game_fn_8000FDE8.o
[494/881] EXTERNALIZE build/GEDE01/src/game/game_fn_80185F10.o
[495/881] EXTERNALIZE build/GEDE01/src/game/game_fn_801C29BC.o
[496/881] EXTERNALIZE build/GEDE01/src/game/game_fn_801C8F50.o
[497/881] EXTERNALIZE build/GEDE01/src/game/game_fn_8007B828.o
[498/881] EXTERNALIZE build/GEDE01/src/game/game_fn_801C90A4.o
[499/881] EXTERNALIZE build/GEDE01/src/game/game_fn_801C8160.o
[500/881] EXTERNALIZE build/GEDE01/src/game/game_fn_801C2AAC.o
[501/881] EXTERNALIZE build/GEDE01/src/game/game_fn_801C2D9C.o
[502/881] EXTERNALIZE build/GEDE01/src/game/game_fn_801C2980.o
[503/881] EXTERNALIZE build/GEDE01/src/game/game_fn_801B02F0.o
[504/881] EXTERNALIZE build/GEDE01/src/game/game_fn_801AFA74.o
[505/881] EXTERNALIZE build/GEDE01/src/game/game_fn_801AC8AC.o
[506/881] EXTERNALIZE build/GEDE01/src/game/game_fn_801ABD3C.o
[507/881] EXTERNALIZE build/GEDE01/src/game/game_fn_801816D4.o
[508/881] EXTERNALIZE build/GEDE01/src/game/game_fn_8011F140.o
[509/881] EXTERNALIZE build/GEDE01/src/game/game_fn_801AD08C.o
[510/881] EXTERNALIZE build/GEDE01/src/game/game_fn_8004998C.o
[511/881] EXTERNALIZE build/GEDE01/src/game/game_fn_80079AA4.o
[512/881] EXTERNALIZE build/GEDE01/src/game/game_fn_80158D38.o
[513/881] EXTERNALIZE build/GEDE01/src/game/game_fn_801A3A78.o
[514/881] EXTERNALIZE build/GEDE01/src/game/game_fn_8008F224.o
[515/881] EXTERNALIZE build/GEDE01/src/game/game_fn_80167454.o
[516/881] EXTERNALIZE build/GEDE01/src/game/game_fn_800AF230.o
[517/881] EXTERNALIZE build/GEDE01/src/game/game_fn_801AB154.o
[518/881] EXTERNALIZE build/GEDE01/src/game/game_fn_801A93E8.o
[519/881] EXTERNALIZE build/GEDE01/src/game/game_fn_801A7E04.o
[520/881] EXTERNALIZE build/GEDE01/src/game/game_fn_801A7EA8.o
[521/881] EXTERNALIZE build/GEDE01/src/game/game_fn_801A6CB4.o
[522/881] EXTERNALIZE build/GEDE01/src/game/game_fn_801A4CE0.o
[523/881] EXTERNALIZE build/GEDE01/src/game/game_fn_801A6C58.o
[524/881] NAME JUMPTABLE build/GEDE01/src/game/game_fn_801A6ADC.o
[525/881] EXTERNALIZE build/GEDE01/src/game/game_fn_801A6410.o
[526/881] EXTERNALIZE build/GEDE01/src/game/game_fn_801A5FB0.o
[527/881] EXTERNALIZE build/GEDE01/src/game/game_fn_801A1F18.o
[528/881] EXTERNALIZE build/GEDE01/src/game/game_fn_8019E5E4.o
[529/881] EXTERNALIZE build/GEDE01/src/game/game_fn_8019E8C8.o
[530/881] EXTERNALIZE build/GEDE01/src/game/game_fn_8019CFC4.o
[531/881] EXTERNALIZE build/GEDE01/src/game/game_fn_8019CC28.o
[532/881] EXTERNALIZE build/GEDE01/src/game/game_fn_801991E0.o
[533/881] EXTERNALIZE build/GEDE01/src/game/game_fn_80198BF4.o
[534/881] EXTERNALIZE build/GEDE01/src/game/game_fn_80198AAC.o
[535/881] EXTERNALIZE build/GEDE01/src/game/game_fn_80198154.o
[536/881] EXTERNALIZE build/GEDE01/src/game/game_fn_80194F80.o
[537/881] EXTERNALIZE build/GEDE01/src/game/game_fn_80197910.o
[538/881] EXTERNALIZE build/GEDE01/src/game/game_fn_80177434.o
repointed 2 relocations to lbl_80250588
[539/881] EXTERNALIZE build/GEDE01/src/game/game_fn_80193E1C.o
[540/881] EXTERNALIZE build/GEDE01/src/game/game_fn_801931C4.o
[541/881] EXTERNALIZE build/GEDE01/src/game/game_fn_80193F3C.o
[542/881] EXTERNALIZE build/GEDE01/src/game/game_fn_80192F54.o
[543/881] EXTERNALIZE build/GEDE01/src/game/game_fn_80191F58.o
[544/881] EXTERNALIZE build/GEDE01/src/game/game_fn_8019197C.o
[545/881] EXTERNALIZE build/GEDE01/src/game/game_fn_80191360.o
[546/881] GLOBALIZE build/GEDE01/src/game/game_fn_8018F1D0.o
[547/881] EXTERNALIZE build/GEDE01/src/game/game_fn_8018D688.o
[548/881] EXTERNALIZE build/GEDE01/src/game/game_fn_8018F81C.o
[549/881] EXTERNALIZE build/GEDE01/src/game/game_fn_8018D2E0.o
[550/881] EXTERNALIZE build/GEDE01/src/game/game_fn_80189968.o
[551/881] EXTERNALIZE build/GEDE01/src/game/game_fn_80189760.o
[552/881] EXTERNALIZE build/GEDE01/src/game/game_fn_8018D1F0.o
[553/881] EXTERNALIZE build/GEDE01/src/game/game_fn_801896A0.o
[554/881] EXTERNALIZE build/GEDE01/src/game/game_fn_801895E8.o
[555/881] EXTERNALIZE build/GEDE01/src/game/game_fn_80189390.o
[556/881] EXTERNALIZE build/GEDE01/src/game/game_fn_801891D8.o
[557/881] EXTERNALIZE build/GEDE01/src/game/game_fn_80188E28.o
[558/881] EXTERNALIZE build/GEDE01/src/game/game_fn_80189028.o
[559/881] EXTERNALIZE build/GEDE01/src/game/game_fn_80188B44.o
[560/881] EXTERNALIZE build/GEDE01/src/game/game_fn_80188C1C.o
[561/881] EXTERNALIZE build/GEDE01/src/game/game_fn_80188A7C.o
[562/881] EXTERNALIZE build/GEDE01/src/game/game_fn_801878E0.o
[563/881] EXTERNALIZE build/GEDE01/src/game/game_fn_80187120.o
[564/881] EXTERNALIZE build/GEDE01/src/game/game_fn_80186E10.o
[565/881] EXTERNALIZE build/GEDE01/src/game/game_fn_8018FEDC.o
[566/881] EXTERNALIZE build/GEDE01/src/game/game_fn_80185AE8.o
[567/881] EXTERNALIZE build/GEDE01/src/game/game_fn_801865EC.o
[568/881] EXTERNALIZE build/GEDE01/src/game/game_fn_801859FC.o
[569/881] EXTERNALIZE build/GEDE01/src/game/game_fn_80180DDC.o
[570/881] EXTERNALIZE build/GEDE01/src/game/game_fn_8017E958.o
[571/881] EXTERNALIZE build/GEDE01/src/game/game_fn_8017E850.o
[572/881] EXTERNALIZE build/GEDE01/src/game/game_fn_8017718C.o
[573/881] EXTERNALIZE build/GEDE01/src/game/game_fn_801770F8.o
[574/881] EXTERNALIZE build/GEDE01/src/game/game_fn_80176DF4.o
[575/881] EXTERNALIZE build/GEDE01/src/game/game_fn_80176FA0.o
[576/881] EXTERNALIZE build/GEDE01/src/game/game_fn_80174358.o
[577/881] EXTERNALIZE build/GEDE01/src/game/game_fn_80173F04.o
[578/881] EXTERNALIZE build/GEDE01/src/game/game_fn_80174184.o
[579/881] EXTERNALIZE build/GEDE01/src/game/game_fn_8017553C.o
[580/881] EXTERNALIZE build/GEDE01/src/game/game_fn_80173770.o
[581/881] EXTERNALIZE build/GEDE01/src/game/game_fn_80173D44.o
[582/881] EXTERNALIZE build/GEDE01/src/game/game_fn_801734B4.o
[583/881] EXTERNALIZE build/GEDE01/src/game/game_fn_80173270.o
[584/881] EXTERNALIZE build/GEDE01/src/game/game_fn_80172DB8.o
[585/881] EXTERNALIZE build/GEDE01/src/game/game_fn_80172C78.o
[586/881] EXTERNALIZE build/GEDE01/src/game/game_fn_80172BB0.o
[587/881] EXTERNALIZE build/GEDE01/src/game/game_fn_801726EC.o
[588/881] EXTERNALIZE build/GEDE01/src/game/game_fn_8017250C.o
[589/881] EXTERNALIZE build/GEDE01/src/game/game_fn_80171F30.o
[590/881] EXTERNALIZE build/GEDE01/src/game/game_fn_801719B4.o
[591/881] EXTERNALIZE build/GEDE01/src/game/game_fn_801718F4.o
[592/881] EXTERNALIZE build/GEDE01/src/game/game_fn_80171664.o
[593/881] EXTERNALIZE build/GEDE01/src/game/game_fn_8017138C.o
[594/881] EXTERNALIZE build/GEDE01/src/game/game_fn_801706DC.o
[595/881] EXTERNALIZE build/GEDE01/src/game/game_fn_80170A40.o
[596/881] NORMALIZE build/GEDE01/src/game/game_TRKNubWelcome.o
[597/881] NORMALIZE build/GEDE01/src/game/game_TRK_main.o
[598/881] NORMALIZE build/GEDE01/src/game/game_data_80239E10.o
[599/881] NORMALIZE build/GEDE01/src/game/game_data_80239E18.o
[600/881] EXTERNALIZE build/GEDE01/src/game/game_fn_80170E9C.o
[601/881] EXTERNALIZE build/GEDE01/src/game/game_fn_8017652C.o
[602/881] EXTERNALIZE build/GEDE01/src/game/game_fn_80175E64.o
[603/881] EXTERNALIZE build/GEDE01/src/game/game_fn_80175F0C.o
[604/881] EXTERNALIZE build/GEDE01/src/game/game_fn_80175FD4.o
[605/881] EXTERNALIZE build/GEDE01/src/game/game_fn_80176098.o
[606/881] EXTERNALIZE build/GEDE01/src/game/game_fn_80176220.o
[607/881] EXTERNALIZE build/GEDE01/src/game/game_fn_80176160.o
[608/881] EXTERNALIZE build/GEDE01/src/game/game_fn_80170DF4.o
[609/881] EXTERNALIZE build/GEDE01/src/game/game_fn_801762E8.o
[610/881] EXTERNALIZE build/GEDE01/src/game/game_fn_8016E8F8.o
[611/881] EXTERNALIZE build/GEDE01/src/game/game_fn_8016FEF8.o
[612/881] EXTERNALIZE build/GEDE01/src/game/game_fn_801704F8.o
[613/881] NORMALIZE build/GEDE01/src/game/game_fn_8016DF4C.o
[614/881] EXTERNALIZE build/GEDE01/src/game/game_fn_8016D2B8.o
[615/881] EXTERNALIZE build/GEDE01/src/game/game_fn_8016D040.o
[616/881] EXTERNALIZE build/GEDE01/src/game/game_fn_8016D1F8.o
[617/881] EXTERNALIZE build/GEDE01/src/game/game_fn_8016C774.o
[618/881] EXTERNALIZE build/GEDE01/src/game/game_fn_8016C4BC.o
[619/881] EXTERNALIZE build/GEDE01/src/game/game_fn_8016C238.o
[620/881] EXTERNALIZE build/GEDE01/src/game/game_fn_8016C164.o
[621/881] EXTERNALIZE build/GEDE01/src/game/game_fn_8016C0BC.o
[622/881] EXTERNALIZE build/GEDE01/src/game/game_fn_8017038C.o
[623/881] EXTERNALIZE build/GEDE01/src/game/game_fn_8016BE1C.o
[624/881] EXTERNALIZE build/GEDE01/src/game/game_fn_8016BF60.o
[625/881] EXTERNALIZE build/GEDE01/src/game/game_fn_8016BD0C.o
[626/881] EXTERNALIZE build/GEDE01/src/game/game_fn_80169650.o
[627/881] EXTERNALIZE build/GEDE01/src/game/game_fn_8015EDC0.o
[628/881] EXTERNALIZE build/GEDE01/src/game/game_fn_80167B5C.o
[629/881] EXTERNALIZE build/GEDE01/src/game/game_fn_8015DB84.o
[630/881] EXTERNALIZE build/GEDE01/src/game/game_fn_8015DC54.o
[631/881] EXTERNALIZE build/GEDE01/src/game/game_fn_80158B20.o
[632/881] EXTERNALIZE build/GEDE01/src/game/game_fn_80179398.o
[633/881] EXTERNALIZE build/GEDE01/src/game/game_fn_8017960C.o
[634/881] EXTERNALIZE build/GEDE01/src/game/game_fn_8017974C.o
[635/881] EXTERNALIZE build/GEDE01/src/game/game_fn_80179904.o
[636/881] EXTERNALIZE build/GEDE01/src/game/game_fn_8017A9B8.o
[637/881] EXTERNALIZE build/GEDE01/src/game/game_fn_80179A74.o
[638/881] EXTERNALIZE build/GEDE01/src/game/game_fn_80179A18.o
[639/881] EXTERNALIZE build/GEDE01/src/game/game_fn_80179EB8.o
[640/881] EXTERNALIZE build/GEDE01/src/game/game_fn_80179F20.o
[641/881] EXTERNALIZE build/GEDE01/src/game/game_fn_8017A010.o
[642/881] EXTERNALIZE build/GEDE01/src/game/game_fn_8017A12C.o
[643/881] EXTERNALIZE build/GEDE01/src/game/game_fn_80157C0C.o
[644/881] EXTERNALIZE build/GEDE01/src/game/game_fn_80155814.o
[645/881] EXTERNALIZE build/GEDE01/src/game/game_fn_8017A1C0.o
[646/881] EXTERNALIZE build/GEDE01/src/game/game_fn_80153898.o
[647/881] EXTERNALIZE build/GEDE01/src/game/game_fn_8014B494.o
[648/881] EXTERNALIZE build/GEDE01/src/game/game_fn_8014AF38.o
[649/881] EXTERNALIZE build/GEDE01/src/game/game_fn_8012DB28.o
[650/881] EXTERNALIZE build/GEDE01/src/game/game_fn_801141B8.o
[651/881] EXTERNALIZE build/GEDE01/src/game/game_fn_801128E4.o
[652/881] EXTERNALIZE build/GEDE01/src/game/game_fn_8010F184.o
[653/881] EXTERNALIZE build/GEDE01/src/game/game_fn_801126E0.o
[654/881] EXTERNALIZE build/GEDE01/src/game/game_fn_800E4980.o
[655/881] EXTERNALIZE build/GEDE01/src/game/game_fn_800C17EC.o
[656/881] EXTERNALIZE build/GEDE01/src/game/game_fn_800C59F0.o
[657/881] EXTERNALIZE build/GEDE01/src/game/game_fn_800C644C.o
[658/881] EXTERNALIZE build/GEDE01/src/game/game_fn_800C65FC.o
[659/881] EXTERNALIZE build/GEDE01/src/game/game_fn_800CB760.o
[660/881] EXTERNALIZE build/GEDE01/src/game/game_fn_800CB8F4.o
[661/881] EXTERNALIZE build/GEDE01/src/game/game_fn_80078500.o
[662/881] EXTERNALIZE build/GEDE01/src/game/game_fn_80079908.o
[663/881] EXTERNALIZE build/GEDE01/src/game/game_fn_8007B2F4.o
[664/881] EXTERNALIZE build/GEDE01/src/game/game_fn_8007B540.o
[665/881] EXTERNALIZE build/GEDE01/src/game/game_fn_8007B640.o
[666/881] EXTERNALIZE build/GEDE01/src/game/game_fn_800886D8.o
[667/881] EXTERNALIZE build/GEDE01/src/game/game_fn_8007BA3C.o
[668/881] EXTERNALIZE build/GEDE01/src/game/game_fn_800934A0.o
[669/881] EXTERNALIZE build/GEDE01/src/game/game_fn_800A3894.o
[670/881] EXTERNALIZE build/GEDE01/src/game/game_fn_800A7E88.o
[671/881] EXTERNALIZE build/GEDE01/src/game/game_fn_800A4798.o
[672/881] GLOBALIZE build/GEDE01/src/game/game_fn_800A2130.o
[673/881] EXTERNALIZE build/GEDE01/src/game/game_fn_800A2FCC.o
[674/881] EXTERNALIZE build/GEDE01/src/game/game_fn_8009C424.o
[675/881] EXTERNALIZE build/GEDE01/src/game/game_fn_80096830.o
[676/881] GLOBALIZE build/GEDE01/src/game/game_fn_8008F890.o
[677/881] EXTERNALIZE SWITCHES build/GEDE01/src/game/game_fn_80095FDC.o
[678/881] EXTERNALIZE build/GEDE01/src/game/game_fn_800A4428.o
[679/881] EXTERNALIZE build/GEDE01/src/game/game_fn_80074310.o
[680/881] GLOBALIZE build/GEDE01/src/game/game_fn_8005FD84.o
[681/881] EXTERNALIZE build/GEDE01/src/game/game_fn_80066888.o
[682/881] EXTERNALIZE build/GEDE01/src/game/game_fn_8005EC6C.o
[683/881] EXTERNALIZE build/GEDE01/src/game/game_fn_80052310.o
[684/881] EXTERNALIZE build/GEDE01/src/game/game_fn_80048B24.o
[685/881] EXTERNALIZE build/GEDE01/src/game/game_fn_80048ADC.o
[686/881] NAME SWITCH build/GEDE01/src/game/game_fn_80020E94.o
[687/881] NAME SWITCH build/GEDE01/src/game/game_fn_8005EE9C.o
[688/881] NAME SWITCH build/GEDE01/src/game/game_fn_8016D9C0.o
[689/881] NAME SWITCH build/GEDE01/src/game/game_fn_80071A58.o
[690/881] NAME SWITCH build/GEDE01/src/game/game_fn_8006B620.o
[691/881] NAME SWITCH build/GEDE01/src/game/game_fn_8001FE1C.o
[692/881] NAME SWITCH build/GEDE01/src/game/game_fn_8001E644.o
[693/881] EXTERNALIZE build/GEDE01/src/game/game_fn_80038878.o
[694/881] EXTERNALIZE build/GEDE01/src/game/game_fn_801B46C8.o
build/GEDE01/src/game/game_fn_801B46C8.o: lbl_8060C020 now undefined; section 6 emptied
[695/881] EXTERNALIZE build/GEDE01/src/game/game_fn_80036C40.o
[696/881] EXTERNALIZE build/GEDE01/src/game/game_fn_800359A0.o
[697/881] EXTERNALIZE build/GEDE01/src/game/game_fn_80033180.o
[698/881] EXTERNALIZE build/GEDE01/src/game/game_fn_80033038.o
[699/881] EXTERNALIZE build/GEDE01/src/game/game_fn_80032B84.o
[700/881] EXTERNALIZE build/GEDE01/src/game/game_fn_8003232C.o
[701/881] EXTERNALIZE build/GEDE01/src/game/game_fn_8002E3F0.o
[702/881] EXTERNALIZE build/GEDE01/src/game/game_fn_8002DAE0.o
[703/881] EXTERNALIZE build/GEDE01/src/game/game_fn_8002EA68.o
[704/881] GLOBALIZE build/GEDE01/src/game/game_fn_8002B748.o
[705/881] EXTERNALIZE build/GEDE01/src/game/game_fn_8002F428.o
[706/881] EXTERNALIZE build/GEDE01/src/game/game_fn_800272B4.o
[707/881] NAME SWITCHES build/GEDE01/src/game/game_fn_80024F28.o
[708/881] EXTERNALIZE build/GEDE01/src/game/game_fn_8001CD58.o
[709/881] EXTERNALIZE build/GEDE01/src/game/game_fn_8001CE94.o
[710/881] EXTERNALIZE build/GEDE01/src/game/game_fn_8001C078.o
[711/881] EXTERNALIZE build/GEDE01/src/game/game_fn_8001B874.o
[712/881] EXTERNALIZE build/GEDE01/src/game/game_fn_8001B808.o
[713/881] EXTERNALIZE build/GEDE01/src/game/game_fn_8001B294.o
[714/881] EXTERNALIZE build/GEDE01/src/game/game_fn_8001B124.o
[715/881] EXTERNALIZE build/GEDE01/src/game/game_fn_8001AF68.o
[716/881] EXTERNALIZE build/GEDE01/src/game/game_fn_8001ADF8.o
[717/881] EXTERNALIZE build/GEDE01/src/game/game_fn_8001A6C4.o
[718/881] EXTERNALIZE build/GEDE01/src/game/game_fn_8001AAB8.o
[719/881] EXTERNALIZE build/GEDE01/src/game/game_fn_80019D2C.o
[720/881] EXTERNALIZE build/GEDE01/src/game/game_fn_80019F98.o
[721/881] EXTERNALIZE build/GEDE01/src/game/game_fn_80019C10.o
[722/881] EXTERNALIZE build/GEDE01/src/game/game_fn_80019940.o
[723/881] EXTERNALIZE build/GEDE01/src/game/game_fn_800194D0.o
[724/881] EXTERNALIZE build/GEDE01/src/game/game_fn_80019244.o
[725/881] EXTERNALIZE build/GEDE01/src/game/game_fn_80019054.o
[726/881] EXTERNALIZE build/GEDE01/src/game/game_fn_80018EF4.o
[727/881] EXTERNALIZE build/GEDE01/src/game/game_fn_80017CC8.o
[728/881] EXTERNALIZE build/GEDE01/src/game/game_fn_80017DB0.o
[729/881] EXTERNALIZE build/GEDE01/src/game/game_fn_80017C3C.o
[730/881] EXTERNALIZE build/GEDE01/src/game/game_fn_80017AE4.o
[731/881] EXTERNALIZE build/GEDE01/src/game/game_fn_800179AC.o
[732/881] EXTERNALIZE build/GEDE01/src/game/game_fn_80017A3C.o
[733/881] EXTERNALIZE FLAGS build/GEDE01/src/game/game_fn_800119FC.o
[734/881] EXTERNALIZE build/GEDE01/src/game/game_fn_80017910.o
[735/881] EXTERNALIZE build/GEDE01/src/game/game_fn_8000FFD8.o
[736/881] EXTERNALIZE build/GEDE01/src/game/game_fn_8000F4B0.o
[737/881] GLOBALIZE build/GEDE01/src/game/game_fn_800094C0.o
[738/881] EXTERNALIZE build/GEDE01/src/game/game_fn_8000EFC4.o
[739/881] EXTERNALIZE build/GEDE01/src/game/game_fn_800096E0.o
[740/881] EXTERNALIZE build/GEDE01/src/game/game_fn_800098C0.o
[741/881] EXTERNALIZE build/GEDE01/src/game/game_fn_800099D8.o
[742/881] EXTERNALIZE build/GEDE01/src/game/game_fn_80009AB4.o
[743/881] EXTERNALIZE build/GEDE01/src/game/game_fn_8000A26C.o
[744/881] EXTERNALIZE build/GEDE01/src/game/game_fn_800171C0.o
[745/881] EXTERNALIZE build/GEDE01/src/game/game_fn_800176F0.o
[746/881] EXTERNALIZE build/GEDE01/src/game/game_fn_8000AC88.o
[747/881] EXTERNALIZE build/GEDE01/src/game/game_fn_8000AEB4.o
[748/881] EXTERNALIZE build/GEDE01/src/game/game_fn_8000AFB4.o
[749/881] EXTERNALIZE build/GEDE01/src/game/game_fn_8000B1B8.o
[750/881] EXTERNALIZE build/GEDE01/src/game/game_fn_8000B36C.o
[751/881] EXTERNALIZE build/GEDE01/src/game/game_fn_8000B630.o
[752/881] EXTERNALIZE build/GEDE01/src/game/game_fn_8000B7FC.o
[753/881] EXTERNALIZE build/GEDE01/src/game/game_fn_8000B900.o
[754/881] EXTERNALIZE build/GEDE01/src/game/game_fn_8000BA0C.o
[755/881] EXTERNALIZE build/GEDE01/src/game/game_fn_8000BAA0.o
[756/881] EXTERNALIZE build/GEDE01/src/game/game_fn_8000BC40.o
[757/881] EXTERNALIZE build/GEDE01/src/game/game_fn_8000C06C.o
[758/881] EXTERNALIZE build/GEDE01/src/game/game_fn_8000C17C.o
[759/881] EXTERNALIZE build/GEDE01/src/game/game_fn_8000C400.o
[760/881] EXTERNALIZE build/GEDE01/src/game/game_fn_8000C848.o
[761/881] EXTERNALIZE build/GEDE01/src/game/game_fn_8000C91C.o
[762/881] EXTERNALIZE build/GEDE01/src/game/game_fn_8000D0BC.o
[763/881] NAME SWITCH build/GEDE01/src/game/game_fn_8000D8A4.o
[764/881] EXTERNALIZE build/GEDE01/src/game/game_fn_8000D3D4.o
[765/881] EXTERNALIZE build/GEDE01/src/game/game_fn_8000E054.o
[766/881] EXTERNALIZE build/GEDE01/src/game/game_fn_8000E0AC.o
[767/881] EXTERNALIZE build/GEDE01/src/game/game_fn_8000E96C.o
[768/881] EXTERNALIZE build/GEDE01/src/game/game_fn_8000F774.o
[769/881] EXTERNALIZE build/GEDE01/src/game/game_fn_8000EB14.o
[770/881] EXTERNALIZE build/GEDE01/src/game/game_fn_8000EBD4.o
[771/881] EXTERNALIZE build/GEDE01/src/game/game_fn_8000ED44.o
[772/881] EXTERNALIZE build/GEDE01/src/game/game_fn_8000E138.o
[773/881] EXTERNALIZE build/GEDE01/src/game/game_fn_8000E1C4.o
[774/881] EXTERNALIZE build/GEDE01/src/game/game_fn_8000D590.o
[775/881] EXTERNALIZE build/GEDE01/src/game/game_fn_8000DA50.o
[776/881] EXTERNALIZE build/GEDE01/src/game/game_fn_8000DAF4.o
[777/881] EXTERNALIZE build/GEDE01/src/game/game_fn_80012DA8.o
[778/881] EXTERNALIZE build/GEDE01/src/game/game_fn_80012F40.o
[779/881] EXTERNALIZE build/GEDE01/src/game/game_fn_80012FD0.o
[780/881] EXTERNALIZE build/GEDE01/src/game/game_fn_800131E8.o
[781/881] EXTERNALIZE build/GEDE01/src/game/game_fn_80013340.o
[782/881] EXTERNALIZE build/GEDE01/src/game/game_fn_80013870.o
[783/881] EXTERNALIZE build/GEDE01/src/game/game_fn_80013CB0.o
[784/881] EXTERNALIZE build/GEDE01/src/game/game_fn_80013D54.o
[785/881] EXTERNALIZE build/GEDE01/src/game/game_fn_800142DC.o
[786/881] EXTERNALIZE build/GEDE01/src/game/game_fn_800144CC.o
[787/881] EXTERNALIZE build/GEDE01/src/game/game_fn_80014784.o
[788/881] EXTERNALIZE build/GEDE01/src/game/game_fn_800149D4.o
[789/881] EXTERNALIZE build/GEDE01/src/game/game_fn_80015058.o
[790/881] EXTERNALIZE build/GEDE01/src/game/game_fn_80015320.o
[791/881] EXTERNALIZE build/GEDE01/src/game/game_fn_80015568.o
[792/881] EXTERNALIZE build/GEDE01/src/game/game_fn_800156FC.o
[793/881] EXTERNALIZE build/GEDE01/src/game/game_fn_80015BE0.o
[794/881] EXTERNALIZE build/GEDE01/src/game/game_fn_80015D40.o
[795/881] EXTERNALIZE build/GEDE01/src/game/game_fn_80015F04.o
[796/881] EXTERNALIZE build/GEDE01/src/game/game_fn_80016128.o
[797/881] EXTERNALIZE build/GEDE01/src/game/game_fn_80016270.o
[798/881] EXTERNALIZE build/GEDE01/src/game/game_fn_80016904.o
[799/881] EXTERNALIZE build/GEDE01/src/game/game_fn_800173CC.o
[800/881] EXTERNALIZE build/GEDE01/src/game/game_fn_80016B24.o
[801/881] EXTERNALIZE build/GEDE01/src/game/game_fn_801BEF40.o
[802/881] EXTERNALIZE build/GEDE01/src/game/game_fn_801B86C0.o
[803/881] EXTERNALIZE STATIC POOL build/GEDE01/src/game/game_fn_801C4B5C.o
build/GEDE01/src/game/game_fn_801C4B5C.o: lbl_80628CB0 now undefined; section 6 emptied
[804/881] EXTERNALIZE build/GEDE01/src/game/game_fn_8001CA04.o
[805/881] EXTERNALIZE build/GEDE01/src/game/game_fn_801C8600.o
[806/881] EXTERNALIZE build/GEDE01/src/game/game_fn_80031544.o
[807/881] EXTERNALIZE build/GEDE01/src/game/game_fn_8006B0F0.o
[808/881] EXTERNALIZE build/GEDE01/src/game/game_fn_8007D4D8.o
[809/881] EXTERNALIZE build/GEDE01/src/game/game_fn_8007F770.o
[810/881] EXTERNALIZE build/GEDE01/src/game/game_fn_80088F4C.o
[811/881] EXTERNALIZE build/GEDE01/src/game/game_fn_8008A2E0.o
[812/881] EXTERNALIZE build/GEDE01/src/game/game_fn_80090004.o
[813/881] EXTERNALIZE build/GEDE01/src/game/game_fn_80095D10.o
[814/881] EXTERNALIZE build/GEDE01/src/game/game_fn_800A3180.o
[815/881] EXTERNALIZE build/GEDE01/src/game/game_fn_800BB7A8.o
[816/881] EXTERNALIZE build/GEDE01/src/game/game_fn_800BB5C4.o
[817/881] EXTERNALIZE build/GEDE01/src/game/game_fn_800BB9A4.o
[818/881] EXTERNALIZE build/GEDE01/src/game/game_fn_800BBAF0.o
[819/881] EXTERNALIZE build/GEDE01/src/game/game_fn_800D9064.o
[820/881] EXTERNALIZE build/GEDE01/src/game/game_fn_800D9E10.o
[821/881] EXTERNALIZE build/GEDE01/src/game/game_fn_8012976C.o
[822/881] EXTERNALIZE build/GEDE01/src/game/game_fn_8013DB8C.o
[823/881] EXTERNALIZE build/GEDE01/src/game/game_fn_8013CBE4.o
[824/881] EXTERNALIZE build/GEDE01/src/game/game_fn_8014CA98.o
[825/881] EXTERNALIZE build/GEDE01/src/game/game_fn_80153A24.o
[826/881] EXTERNALIZE build/GEDE01/src/game/game_fn_801535D8.o
[827/881] EXTERNALIZE build/GEDE01/src/game/game_fn_80174F2C.o
[828/881] EXTERNALIZE build/GEDE01/src/game/game_fn_8017AC20.o
[829/881] EXTERNALIZE build/GEDE01/src/game/game_fn_8018680C.o
[830/881] EXTERNALIZE build/GEDE01/src/game/game_fn_80186F70.o
[831/881] EXTERNALIZE build/GEDE01/src/game/game_fn_80187320.o
[832/881] EXTERNALIZE build/GEDE01/src/game/game_fn_801810A0.o
[833/881] EXTERNALIZE build/GEDE01/src/game/game_fn_801875FC.o
[834/881] EXTERNALIZE build/GEDE01/src/game/game_fn_800542D0.o
[835/881] EXTERNALIZE build/GEDE01/src/game/game_fn_80187BB4.o
[836/881] EXTERNALIZE build/GEDE01/src/game/game_fn_8018C2D0.o
[837/881] EXTERNALIZE build/GEDE01/src/game/game_fn_8018E0D8.o
[838/881] EXTERNALIZE build/GEDE01/src/game/game_fn_8018D400.o
[839/881] EXTERNALIZE build/GEDE01/src/game/game_fn_8019120C.o
[840/881] EXTERNALIZE build/GEDE01/src/game/game_fn_801926EC.o
[841/881] EXTERNALIZE build/GEDE01/src/game/game_fn_801916D0.o
[842/881] EXTERNALIZE build/GEDE01/src/game/game_fn_801929A4.o
[843/881] EXTERNALIZE build/GEDE01/src/game/game_fn_801A2A54.o
[844/881] EXTERNALIZE build/GEDE01/src/game/game_fn_801A34BC.o
[845/881] EXTERNALIZE build/GEDE01/src/game/game_fn_801A657C.o
[846/881] EXTERNALIZE build/GEDE01/src/game/game_fn_801D1F78.o
[847/881] EXTERNALIZE build/GEDE01/src/game/game_fn_801E2A48.o
[848/881] EXTERNALIZE build/GEDE01/src/game/game_fn_801E6814.o
[849/881] EXTERNALIZE build/GEDE01/src/game/game_fn_801E995C.o
[850/881] EXTERNALIZE build/GEDE01/src/game/game_fn_801F10BC.o
[851/881] EXTERNALIZE build/GEDE01/src/game/game_fn_801EF580.o
[852/881] EXTERNALIZE build/GEDE01/src/game/game_fn_801F35A8.o
[853/881] EXTERNALIZE build/GEDE01/src/game/game_fn_801ECD74.o
[854/881] EXTERNALIZE build/GEDE01/src/game/game_fn_801ED5F4.o
[855/881] EXTERNALIZE build/GEDE01/src/game/game_fn_801F69F0.o
[856/881] EXTERNALIZE build/GEDE01/src/game/game_fn_801F76EC.o
[857/881] EXTERNALIZE build/GEDE01/src/game/game_fn_801F8264.o
[858/881] EXTERNALIZE build/GEDE01/src/game/game_fn_801F89B4.o
[859/881] EXTERNALIZE build/GEDE01/src/game/game_fn_801F9AF8.o
[860/881] EXTERNALIZE build/GEDE01/src/game/game_fn_801F6BD8.o
[861/881] EXTERNALIZE build/GEDE01/src/game/game_fn_801FB6A4.o
[862/881] EXTERNALIZE JUMPTABLES build/GEDE01/src/game/game_fn_800361F8.o
[863/881] EXTERNALIZE JUMPTABLES build/GEDE01/src/game/game_fn_8006E53C.o
[864/881] EXTERNALIZE JUMPTABLES build/GEDE01/src/game/game_fn_800CF598.o
[865/881] EXTERNALIZE JUMPTABLES build/GEDE01/src/game/game_fn_801ACFE8.o
[866/881] EXTERNALIZE build/GEDE01/src/game/game_fn_80154F74.o
[867/881] EXTERNALIZE JUMPTABLES build/GEDE01/src/game/game_fn_801B1BA0.o
[868/881] EXTERNALIZE build/GEDE01/src/game/game_fn_8009E808.o
[869/881] EXTERNALIZE build/GEDE01/src/game/game_fn_801F1A38.o
[870/881] EXTERNALIZE build/GEDE01/src/game/game_fn_801F55A0.o
[871/881] EXTERNALIZE build/GEDE01/src/game/game_fn_801FFE78.o
[872/881] EXTERNALIZE build/GEDE01/src/game/game_fn_801F7510.o
[873/881] EXTERNALIZE build/GEDE01/src/game/game_fn_801F9CF4.o
[874/881] EXTERNALIZE build/GEDE01/src/game/game_fn_801FC034.o
[875/881] EXTERNALIZE build/GEDE01/src/game/game_fn_801FA9C8.o
[876/881] REPORT
 INFO Loading project .
 INFO Generating report for 7068 units (using 8 threads)
 INFO Report generated in 0.247s
 INFO Writing to build/GEDE01/report.json
[877/881] LINK build/GEDE01/main.elf
### mwldeppc.exe Linker Warning:
#   Section '.ignored' is unknown. Section ignored.
### mwldeppc.exe Linker Warning:
#   Section '.ignored' is unknown. Section ignored.
### mwldeppc.exe Linker Warning:
#   Section '.ignored' is unknown. Section ignored.
### mwldeppc.exe Linker Warning:
#   Section '.ignored' is unknown. Section ignored.
### mwldeppc.exe Linker Warning:
#   Section '.ignored' is unknown. Section ignored.
### mwldeppc.exe Linker Warning:
#   Section '.ignored' is unknown. Section ignored.
### mwldeppc.exe Linker Warning:
#   Section '.ignored' is unknown. Section ignored.
### mwldeppc.exe Linker Warning:
#   Section '.ignored' is unknown. Section ignored.
### mwldeppc.exe Linker Warning:
#   Section '.ignored' is unknown. Section ignored.
### mwldeppc.exe Linker Warning:
#   Section '.ignored' is unknown. Section ignored.
### mwldeppc.exe Linker Warning:
#   Section '.ignored' is unknown. Section ignored.
### mwldeppc.exe Linker Warning:
#   Section '.ignored' is unknown. Section ignored.
### mwldeppc.exe Linker Warning:
#   Section '.ignored' is unknown. Section ignored.
### mwldeppc.exe Linker Warning:
#   Section '.ignored' is unknown. Section ignored.
### mwldeppc.exe Linker Warning:
#   Section '.ignored' is unknown. Section ignored.
### mwldeppc.exe Linker Warning:
#   Section '.ignored' is unknown. Section ignored.
### mwldeppc.exe Linker Warning:
#   Section '.ignored' is unknown. Section ignored.
### mwldeppc.exe Linker Warning:
#   Section '.ignored' is unknown. Section ignored.
### mwldeppc.exe Linker Warning:
#   Section '.ignored' is unknown. Section ignored.
### mwldeppc.exe Linker Warning:
#   Section '.ignored' is unknown. Section ignored.
### mwldeppc.exe Linker Warning:
#   Section '.ignored' is unknown. Section ignored.
### mwldeppc.exe Linker Warning:
#   Section '.ignored' is unknown. Section ignored.
### mwldeppc.exe Linker Warning:
#   Section '.ignored' is unknown. Section ignored.
### mwldeppc.exe Linker Warning:
#   Section '.ignored' is unknown. Section ignored.
### mwldeppc.exe Linker Warning:
#   Section '.ignored' is unknown. Section ignored.
### mwldeppc.exe Linker Warning:
#   Section '.ignored' is unknown. Section ignored.
### mwldeppc.exe Linker Warning:
#   Section '.ignored' is unknown. Section ignored.
### mwldeppc.exe Linker Warning:
#   Section '.ignored' is unknown. Section ignored.
### mwldeppc.exe Linker Warning:
#   Section '.ignored' is unknown. Section ignored.
### mwldeppc.exe Linker Warning:
#   Section '.ignored' is unknown. Section ignored.
### mwldeppc.exe Linker Warning:
#   Section '.ignored' is unknown. Section ignored.
### mwldeppc.exe Linker Warning:
#   Section '.ignored' is unknown. Section ignored.
### mwldeppc.exe Linker Warning:
#   Section '.ignored' is unknown. Section ignored.
### mwldeppc.exe Linker Warning:
#   Section '.ignored' is unknown. Section ignored.
### mwldeppc.exe Linker Warning:
#   Section '.ignored' is unknown. Section ignored.
### mwldeppc.exe Linker Warning:
#   Section '.ignored' is unknown. Section ignored.
### mwldeppc.exe Linker Warning:
#   Section '.ignored' is unknown. Section ignored.
### mwldeppc.exe Linker Warning:
#   Section '.ignored' is unknown. Section ignored.
### mwldeppc.exe Linker Warning:
#   Section '.ignored' is unknown. Section ignored.
### mwldeppc.exe Linker Warning:
#   Section '.ignored' is unknown. Section ignored.
### mwldeppc.exe Linker Warning:
#   Section '.ignored' is unknown. Section ignored.
### mwldeppc.exe Linker Warning:
#   Section '.ignored' is unknown. Section ignored.
### mwldeppc.exe Linker Warning:
#   Section '.ignored' is unknown. Section ignored.
### mwldeppc.exe Linker Warning:
#   Section '.ignored' is unknown. Section ignored.
### mwldeppc.exe Linker Warning:
#   Section '.ignored' is unknown. Section ignored.
### mwldeppc.exe Linker Warning:
#   Section '.ignored' is unknown. Section ignored.
### mwldeppc.exe Linker Warning:
#   Section '.ignored' is unknown. Section ignored.
### mwldeppc.exe Linker Warning:
#   Section '.ignored' is unknown. Section ignored.
### mwldeppc.exe Linker Warning:
#   Section '.ignored' is unknown. Section ignored.
### mwldeppc.exe Linker Warning:
#   Section '.ignored' is unknown. Section ignored.
### mwldeppc.exe Linker Warning:
#   Section '.ignored' is unknown. Section ignored.
### mwldeppc.exe Linker Warning:
#   Section '.ignored' is unknown. Section ignored.
### mwldeppc.exe Linker Warning:
#   Section '.ignored' is unknown. Section ignored.
### mwldeppc.exe Linker Warning:
#   Section '.ignored' is unknown. Section ignored.
### mwldeppc.exe Linker Warning:
#   Section '.ignored' is unknown. Section ignored.
### mwldeppc.exe Linker Warning:
#   Section '.ignored' is unknown. Section ignored.
### mwldeppc.exe Linker Warning:
#   Section '.ignored' is unknown. Section ignored.
### mwldeppc.exe Linker Warning:
#   Section '.ignored' is unknown. Section ignored.
### mwldeppc.exe Linker Warning:
#   Section '.ignored' is unknown. Section ignored.
### mwldeppc.exe Linker Warning:
#   Section '.ignored' is unknown. Section ignored.
### mwldeppc.exe Linker Warning:
#   Section '.ignored' is unknown. Section ignored.
### mwldeppc.exe Linker Warning:
#   Section '.ignored' is unknown. Section ignored.
### mwldeppc.exe Linker Warning:
#   Section '.ignored' is unknown. Section ignored.
### mwldeppc.exe Linker Warning:
#   Section '.ignored' is unknown. Section ignored.
### mwldeppc.exe Linker Warning:
#   Section '.ignored' is unknown. Section ignored.
### mwldeppc.exe Linker Warning:
#   Section '.ignored' is unknown. Section ignored.
### mwldeppc.exe Linker Warning:
#   Section '.ignored' is unknown. Section ignored.
### mwldeppc.exe Linker Warning:
#   Section '.ignored' is unknown. Section ignored.
### mwldeppc.exe Linker Warning:
#   Section '.ignored' is unknown. Section ignored.
### mwldeppc.exe Linker Warning:
#   Section '.ignored' is unknown. Section ignored.
### mwldeppc.exe Linker Warning:
#   Section '.ignored' is unknown. Section ignored.
### mwldeppc.exe Linker Warning:
#   Section '.ignored' is unknown. Section ignored.
### mwldeppc.exe Linker Warning:
#   Section '.ignored' is unknown. Section ignored.
### mwldeppc.exe Linker Warning:
#   Section '.ignored' is unknown. Section ignored.
### mwldeppc.exe Linker Warning:
#   Section '.ignored' is unknown. Section ignored.
### mwldeppc.exe Linker Warning:
#   Section '.ignored' is unknown. Section ignored.
### mwldeppc.exe Linker Warning:
#   Section '.ignored' is unknown. Section ignored.
### mwldeppc.exe Linker Warning:
#   Section '.ignored' is unknown. Section ignored.
### mwldeppc.exe Linker Warning:
#   Section '.ignored' is unknown. Section ignored.
### mwldeppc.exe Linker Warning:
#   Section '.ignored' is unknown. Section ignored.
### mwldeppc.exe Linker Warning:
#   Section '.ignored' is unknown. Section ignored.
### mwldeppc.exe Linker Warning:
#   Section '.ignored' is unknown. Section ignored.
### mwldeppc.exe Linker Warning:
#   Section '.ignored' is unknown. Section ignored.
### mwldeppc.exe Linker Warning:
#   Section '.ignored' is unknown. Section ignored.
### mwldeppc.exe Linker Warning:
#   Section '.ignored' is unknown. Section ignored.
### mwldeppc.exe Linker Warning:
#   Section '.ignored' is unknown. Section ignored.
### mwldeppc.exe Linker Warning:
#   Section '.ignored' is unknown. Section ignored.
### mwldeppc.exe Linker Warning:
#   Section '.ignored' is unknown. Section ignored.
### mwldeppc.exe Linker Warning:
#   Section '.ignored' is unknown. Section ignored.
### mwldeppc.exe Linker Warning:
#   Section '.ignored' is unknown. Section ignored.
### mwldeppc.exe Linker Warning:
#   Section '.ignored' is unknown. Section ignored.
### mwldeppc.exe Linker Warning:
#   Section '.ignored' is unknown. Section ignored.
### mwldeppc.exe Linker Warning:
#   Section '.ignored' is unknown. Section ignored.
### mwldeppc.exe Linker Warning:
#   Section '.ignored' is unknown. Section ignored.
### mwldeppc.exe Linker Warning:
#   Section '.ignored' is unknown. Section ignored.
### mwldeppc.exe Linker Warning:
#   Section '.ignored' is unknown. Section ignored.
### mwldeppc.exe Linker Warning:
#   Section '.ignored' is unknown. Section ignored.
### mwldeppc.exe Linker Warning:
#   Section '.ignored' is unknown. Section ignored.
### mwldeppc.exe Linker Warning:
#   Section '.ignored' is unknown. Section ignored.
### mwldeppc.exe Linker Warning:
#   Section '.ignored' is unknown. Section ignored.
### mwldeppc.exe Linker Warning:
#   Section '.ignored' is unknown. Section ignored.
### mwldeppc.exe Linker Warning:
#   Section '.ignored' is unknown. Section ignored.
### mwldeppc.exe Linker Warning:
#   Section '.ignored' is unknown. Section ignored.
### mwldeppc.exe Linker Warning:
#   Section '.ignored' is unknown. Section ignored.
### mwldeppc.exe Linker Warning:
#   Section '.ignored' is unknown. Section ignored.
### mwldeppc.exe Linker Warning:
#   Section '.ignored' is unknown. Section ignored.
### mwldeppc.exe Linker Warning:
#   Section '.ignored' is unknown. Section ignored.
### mwldeppc.exe Linker Warning:
#   Section '.ignored' is unknown. Section ignored.
### mwldeppc.exe Linker Warning:
#   Section '.ignored' is unknown. Section ignored.
### mwldeppc.exe Linker Warning:
#   Section '.ignored' is unknown. Section ignored.
### mwldeppc.exe Linker Warning:
#   Section '.ignored' is unknown. Section ignored.
### mwldeppc.exe Linker Warning:
#   Section '.ignored' is unknown. Section ignored.
### mwldeppc.exe Linker Warning:
#   Section '.ignored' is unknown. Section ignored.
### mwldeppc.exe Linker Warning:
#   Section '.ignored' is unknown. Section ignored.
### mwldeppc.exe Linker Warning:
#   Section '.ignored' is unknown. Section ignored.
### mwldeppc.exe Linker Warning:
#   Section '.ignored' is unknown. Section ignored.
### mwldeppc.exe Linker Warning:
#   Section '.ignored' is unknown. Section ignored.
### mwldeppc.exe Linker Warning:
#   Section '.ignored' is unknown. Section ignored.
### mwldeppc.exe Linker Warning:
#   Section '.ignored' is unknown. Section ignored.
### mwldeppc.exe Linker Warning:
#   Section '.ignored' is unknown. Section ignored.
### mwldeppc.exe Linker Warning:
#   Section '.ignored' is unknown. Section ignored.
### mwldeppc.exe Linker Warning:
#   Section '.ignored' is unknown. Section ignored.
### mwldeppc.exe Linker Warning:
#   Section '.ignored' is unknown. Section ignored.
### mwldeppc.exe Linker Warning:
#   Section '.ignored' is unknown. Section ignored.
### mwldeppc.exe Linker Warning:
#   Section '.ignored' is unknown. Section ignored.
### mwldeppc.exe Linker Warning:
#   Section '.ignored' is unknown. Section ignored.
### mwldeppc.exe Linker Warning:
#   Section '.ignored' is unknown. Section ignored.
### mwldeppc.exe Linker Warning:
#   Section '.ignored' is unknown. Section ignored.
### mwldeppc.exe Linker Warning:
#   Section '.ignored' is unknown. Section ignored.
### mwldeppc.exe Linker Warning:
#   Section '.ignored' is unknown. Section ignored.
### mwldeppc.exe Linker Warning:
#   Section '.ignored' is unknown. Section ignored.
### mwldeppc.exe Linker Warning:
#   Section '.ignored' is unknown. Section ignored.
### mwldeppc.exe Linker Warning:
#   Section '.ignored' is unknown. Section ignored.
### mwldeppc.exe Linker Warning:
#   Section '.ignored' is unknown. Section ignored.
### mwldeppc.exe Linker Warning:
#   Section '.ignored' is unknown. Section ignored.
### mwldeppc.exe Linker Warning:
#   Section '.ignored' is unknown. Section ignored.
### mwldeppc.exe Linker Warning:
#   Section '.ignored' is unknown. Section ignored.
### mwldeppc.exe Linker Warning:
#   Section '.ignored' is unknown. Section ignored.
### mwldeppc.exe Linker Warning:
#   Section '.ignored' is unknown. Section ignored.
### mwldeppc.exe Linker Warning:
#   Section '.ignored' is unknown. Section ignored.
### mwldeppc.exe Linker Warning:
#   Section '.ignored' is unknown. Section ignored.
### mwldeppc.exe Linker Warning:
#   Section '.ignored' is unknown. Section ignored.
### mwldeppc.exe Linker Warning:
#   Section '.ignored' is unknown. Section ignored.
### mwldeppc.exe Linker Warning:
#   Section '.ignored' is unknown. Section ignored.
### mwldeppc.exe Linker Warning:
#   Section '.ignored' is unknown. Section ignored.
### mwldeppc.exe Linker Warning:
#   Section '.ignored' is unknown. Section ignored.
### mwldeppc.exe Linker Warning:
#   Section '.ignored' is unknown. Section ignored.
### mwldeppc.exe Linker Warning:
#   Section '.ignored' is unknown. Section ignored.
### mwldeppc.exe Linker Warning:
#   Section '.ignored' is unknown. Section ignored.
### mwldeppc.exe Linker Warning:
#   Section '.ignored' is unknown. Section ignored.
### mwldeppc.exe Linker Warning:
#   Section '.ignored' is unknown. Section ignored.
### mwldeppc.exe Linker Warning:
#   Section '.ignored' is unknown. Section ignored.
### mwldeppc.exe Linker Warning:
#   Section '.ignored' is unknown. Section ignored.
### mwldeppc.exe Linker Warning:
#   Section '.ignored' is unknown. Section ignored.
### mwldeppc.exe Linker Warning:
#   Section '.ignored' is unknown. Section ignored.
### mwldeppc.exe Linker Warning:
#   Section '.ignored' is unknown. Section ignored.
### mwldeppc.exe Linker Warning:
#   Section '.ignored' is unknown. Section ignored.
### mwldeppc.exe Linker Warning:
#   Section '.ignored' is unknown. Section ignored.
### mwldeppc.exe Linker Warning:
#   Section '.ignored' is unknown. Section ignored.
### mwldeppc.exe Linker Warning:
#   Section '.ignored' is unknown. Section ignored.
### mwldeppc.exe Linker Warning:
#   Section '.ignored' is unknown. Section ignored.
### mwldeppc.exe Linker Warning:
#   Section '.ignored' is unknown. Section ignored.
### mwldeppc.exe Linker Warning:
#   Section '.ignored' is unknown. Section ignored.
### mwldeppc.exe Linker Warning:
#   Section '.ignored' is unknown. Section ignored.
### mwldeppc.exe Linker Warning:
#   Section '.ignored' is unknown. Section ignored.
### mwldeppc.exe Linker Warning:
#   Section '.ignored' is unknown. Section ignored.
### mwldeppc.exe Linker Warning:
#   Section '.ignored' is unknown. Section ignored.
### mwldeppc.exe Linker Warning:
#   Section '.ignored' is unknown. Section ignored.
### mwldeppc.exe Linker Warning:
#   Section '.ignored' is unknown. Section ignored.
### mwldeppc.exe Linker Warning:
#   Section '.ignored' is unknown. Section ignored.
### mwldeppc.exe Linker Warning:
#   Section '.ignored' is unknown. Section ignored.
### mwldeppc.exe Linker Warning:
#   Section '.ignored' is unknown. Section ignored.
### mwldeppc.exe Linker Warning:
#   Section '.ignored' is unknown. Section ignored.
### mwldeppc.exe Linker Warning:
#   Section '.ignored' is unknown. Section ignored.
### mwldeppc.exe Linker Warning:
#   Section '.ignored' is unknown. Section ignored.
### mwldeppc.exe Linker Warning:
#   Section '.ignored' is unknown. Section ignored.
### mwldeppc.exe Linker Warning:
#   Section '.ignored' is unknown. Section ignored.
### mwldeppc.exe Linker Warning:
#   Section '.ignored' is unknown. Section ignored.
### mwldeppc.exe Linker Warning:
#   Section '.ignored' is unknown. Section ignored.
### mwldeppc.exe Linker Warning:
#   Section '.ignored' is unknown. Section ignored.
### mwldeppc.exe Linker Warning:
#   Section '.ignored' is unknown. Section ignored.
### mwldeppc.exe Linker Warning:
#   Section '.ignored' is unknown. Section ignored.
### mwldeppc.exe Linker Warning:
#   Section '.ignored' is unknown. Section ignored.
### mwldeppc.exe Linker Warning:
#   Section '.ignored' is unknown. Section ignored.
### mwldeppc.exe Linker Warning:
#   Section '.ignored' is unknown. Section ignored.
### mwldeppc.exe Linker Warning:
#   Section '.ignored' is unknown. Section ignored.
### mwldeppc.exe Linker Warning:
#   Section '.ignored' is unknown. Section ignored.
### mwldeppc.exe Linker Warning:
#   Section '.ignored' is unknown. Section ignored.
### mwldeppc.exe Linker Warning:
#   Section '.ignored' is unknown. Section ignored.
### mwldeppc.exe Linker Warning:
#   Section '.ignored' is unknown. Section ignored.
### mwldeppc.exe Linker Warning:
#   Section '.ignored' is unknown. Section ignored.
### mwldeppc.exe Linker Warning:
#   Section '.ignored' is unknown. Section ignored.
### mwldeppc.exe Linker Warning:
#   Section '.ignored' is unknown. Section ignored.
### mwldeppc.exe Linker Warning:
#   Section '.ignored' is unknown. Section ignored.
### mwldeppc.exe Linker Warning:
#   Section '.ignored' is unknown. Section ignored.
### mwldeppc.exe Linker Warning:
#   Section '.ignored' is unknown. Section ignored.
### mwldeppc.exe Linker Warning:
#   Section '.ignored' is unknown. Section ignored.
### mwldeppc.exe Linker Warning:
#   Section '.ignored' is unknown. Section ignored.
### mwldeppc.exe Linker Warning:
#   Section '.ignored' is unknown. Section ignored.
### mwldeppc.exe Linker Warning:
#   Section '.ignored' is unknown. Section ignored.
### mwldeppc.exe Linker Warning:
#   Section '.ignored' is unknown. Section ignored.
### mwldeppc.exe Linker Warning:
#   Section '.ignored' is unknown. Section ignored.
### mwldeppc.exe Linker Warning:
#   Section '.ignored' is unknown. Section ignored.
### mwldeppc.exe Linker Warning:
#   Section '.ignored' is unknown. Section ignored.
### mwldeppc.exe Linker Warning:
#   Section '.ignored' is unknown. Section ignored.
### mwldeppc.exe Linker Warning:
#   Section '.ignored' is unknown. Section ignored.
### mwldeppc.exe Linker Warning:
#   Section '.ignored' is unknown. Section ignored.
### mwldeppc.exe Linker Warning:
#   Section '.ignored' is unknown. Section ignored.
### mwldeppc.exe Linker Warning:
#   Section '.ignored' is unknown. Section ignored.
### mwldeppc.exe Linker Warning:
#   Section '.ignored' is unknown. Section ignored.
### mwldeppc.exe Linker Warning:
#   Section '.ignored' is unknown. Section ignored.
### mwldeppc.exe Linker Warning:
#   Section '.ignored' is unknown. Section ignored.
### mwldeppc.exe Linker Warning:
#   Section '.ignored' is unknown. Section ignored.
### mwldeppc.exe Linker Warning:
#   Section '.ignored' is unknown. Section ignored.
### mwldeppc.exe Linker Warning:
#   Section '.ignored' is unknown. Section ignored.
### mwldeppc.exe Linker Warning:
#   Section '.ignored' is unknown. Section ignored.
### mwldeppc.exe Linker Warning:
#   Section '.ignored' is unknown. Section ignored.
### mwldeppc.exe Linker Warning:
#   Section '.ignored' is unknown. Section ignored.
### mwldeppc.exe Linker Warning:
#   Section '.ignored' is unknown. Section ignored.
### mwldeppc.exe Linker Warning:
#   Section '.ignored' is unknown. Section ignored.
### mwldeppc.exe Linker Warning:
#   Section '.ignored' is unknown. Section ignored.
### mwldeppc.exe Linker Warning:
#   Section '.ignored' is unknown. Section ignored.
### mwldeppc.exe Linker Warning:
#   Section '.ignored' is unknown. Section ignored.
### mwldeppc.exe Linker Warning:
#   Section '.ignored' is unknown. Section ignored.
### mwldeppc.exe Linker Warning:
#   Section '.ignored' is unknown. Section ignored.
### mwldeppc.exe Linker Warning:
#   Section '.ignored' is unknown. Section ignored.
### mwldeppc.exe Linker Warning:
#   Section '.ignored' is unknown. Section ignored.
### mwldeppc.exe Linker Warning:
#   Section '.ignored' is unknown. Section ignored.
### mwldeppc.exe Linker Warning:
#   Section '.ignored' is unknown. Section ignored.
### mwldeppc.exe Linker Warning:
#   Section '.ignored' is unknown. Section ignored.
### mwldeppc.exe Linker Warning:
#   Section '.ignored' is unknown. Section ignored.
### mwldeppc.exe Linker Warning:
#   Section '.ignored' is unknown. Section ignored.
### mwldeppc.exe Linker Warning:
#   Section '.ignored' is unknown. Section ignored.
### mwldeppc.exe Linker Warning:
#   Section '.ignored' is unknown. Section ignored.
### mwldeppc.exe Linker Warning:
#   Section '.ignored' is unknown. Section ignored.
### mwldeppc.exe Linker Warning:
#   Section '.ignored' is unknown. Section ignored.
### mwldeppc.exe Linker Warning:
#   Section '.ignored' is unknown. Section ignored.
### mwldeppc.exe Linker Warning:
#   Section '.ignored' is unknown. Section ignored.
### mwldeppc.exe Linker Warning:
#   Section '.ignored' is unknown. Section ignored.
### mwldeppc.exe Linker Warning:
#   Section '.ignored' is unknown. Section ignored.
### mwldeppc.exe Linker Warning:
#   Section '.ignored' is unknown. Section ignored.
### mwldeppc.exe Linker Warning:
#   Section '.ignored' is unknown. Section ignored.
### mwldeppc.exe Linker Warning:
#   Section '.ignored' is unknown. Section ignored.
### mwldeppc.exe Linker Warning:
#   Section '.ignored' is unknown. Section ignored.
### mwldeppc.exe Linker Warning:
#   Section '.ignored' is unknown. Section ignored.
### mwldeppc.exe Linker Warning:
#   Section '.ignored' is unknown. Section ignored.
### mwldeppc.exe Linker Warning:
#   Section '.ignored' is unknown. Section ignored.
### mwldeppc.exe Linker Warning:
#   Section '.ignored' is unknown. Section ignored.
### mwldeppc.exe Linker Warning:
#   Section '.ignored' is unknown. Section ignored.
### mwldeppc.exe Linker Warning:
#   Section '.ignored' is unknown. Section ignored.
### mwldeppc.exe Linker Warning:
#   Section '.ignored' is unknown. Section ignored.
### mwldeppc.exe Linker Warning:
#   Section '.ignored' is unknown. Section ignored.
### mwldeppc.exe Linker Warning:
#   Section '.ignored' is unknown. Section ignored.
### mwldeppc.exe Linker Warning:
#   Section '.ignored' is unknown. Section ignored.
### mwldeppc.exe Linker Warning:
#   Section '.ignored' is unknown. Section ignored.
### mwldeppc.exe Linker Warning:
#   Section '.ignored' is unknown. Section ignored.
### mwldeppc.exe Linker Warning:
#   Section '.ignored' is unknown. Section ignored.
### mwldeppc.exe Linker Warning:
#   Section '.ignored' is unknown. Section ignored.
### mwldeppc.exe Linker Warning:
#   Section '.ignored' is unknown. Section ignored.
### mwldeppc.exe Linker Warning:
#   Section '.ignored' is unknown. Section ignored.
### mwldeppc.exe Linker Warning:
#   Section '.ignored' is unknown. Section ignored.
### mwldeppc.exe Linker Warning:
#   Section '.ignored' is unknown. Section ignored.
### mwldeppc.exe Linker Warning:
#   Section '.ignored' is unknown. Section ignored.
### mwldeppc.exe Linker Warning:
#   Section '.ignored' is unknown. Section ignored.
### mwldeppc.exe Linker Warning:
#   Section '.ignored' is unknown. Section ignored.
### mwldeppc.exe Linker Warning:
#   Section '.ignored' is unknown. Section ignored.
### mwldeppc.exe Linker Warning:
#   Section '.ignored' is unknown. Section ignored.
### mwldeppc.exe Linker Warning:
#   Section '.ignored' is unknown. Section ignored.
### mwldeppc.exe Linker Warning:
#   Section '.ignored' is unknown. Section ignored.
### mwldeppc.exe Linker Warning:
#   Section '.ignored' is unknown. Section ignored.
### mwldeppc.exe Linker Warning:
#   Section '.ignored' is unknown. Section ignored.
### mwldeppc.exe Linker Warning:
#   Section '.ignored' is unknown. Section ignored.
### mwldeppc.exe Linker Warning:
#   Section '.ignored' is unknown. Section ignored.
### mwldeppc.exe Linker Warning:
#   Section '.ignored' is unknown. Section ignored.
### mwldeppc.exe Linker Warning:
#   Section '.ignored' is unknown. Section ignored.
### mwldeppc.exe Linker Warning:
#   Section '.ignored' is unknown. Section ignored.
### mwldeppc.exe Linker Warning:
#   Section '.ignored' is unknown. Section ignored.
### mwldeppc.exe Linker Warning:
#   Section '.ignored' is unknown. Section ignored.
### mwldeppc.exe Linker Warning:
#   Section '.ignored' is unknown. Section ignored.
### mwldeppc.exe Linker Warning:
#   Section '.ignored' is unknown. Section ignored.
### mwldeppc.exe Linker Warning:
#   Section '.ignored' is unknown. Section ignored.
### mwldeppc.exe Linker Warning:
#   Section '.ignored' is unknown. Section ignored.
### mwldeppc.exe Linker Warning:
#   Section '.ignored' is unknown. Section ignored.
### mwldeppc.exe Linker Warning:
#   Section '.ignored' is unknown. Section ignored.
### mwldeppc.exe Linker Warning:
#   Section '.ignored' is unknown. Section ignored.
### mwldeppc.exe Linker Warning:
#   Section '.ignored' is unknown. Section ignored.
### mwldeppc.exe Linker Warning:
#   Section '.ignored' is unknown. Section ignored.
### mwldeppc.exe Linker Warning:
#   Section '.ignored' is unknown. Section ignored.
### mwldeppc.exe Linker Warning:
#   Section '.ignored' is unknown. Section ignored.
### mwldeppc.exe Linker Warning:
#   Section '.ignored' is unknown. Section ignored.
### mwldeppc.exe Linker Warning:
#   Section '.ignored' is unknown. Section ignored.
### mwldeppc.exe Linker Warning:
#   Section '.ignored' is unknown. Section ignored.
### mwldeppc.exe Linker Warning:
#   Section '.ignored' is unknown. Section ignored.
### mwldeppc.exe Linker Warning:
#   Section '.ignored' is unknown. Section ignored.
### mwldeppc.exe Linker Warning:
#   Section '.ignored' is unknown. Section ignored.
### mwldeppc.exe Linker Warning:
#   Section '.ignored' is unknown. Section ignored.
### mwldeppc.exe Linker Warning:
#   Section '.ignored' is unknown. Section ignored.
### mwldeppc.exe Linker Warning:
#   Section '.ignored' is unknown. Section ignored.
### mwldeppc.exe Linker Warning:
#   Section '.ignored' is unknown. Section ignored.
### mwldeppc.exe Linker Warning:
#   Section '.ignored' is unknown. Section ignored.
### mwldeppc.exe Linker Warning:
#   Section '.ignored' is unknown. Section ignored.
### mwldeppc.exe Linker Warning:
#   Section '.ignored' is unknown. Section ignored.
### mwldeppc.exe Linker Warning:
#   Section '.ignored' is unknown. Section ignored.
### mwldeppc.exe Linker Warning:
#   Section '.ignored' is unknown. Section ignored.
### mwldeppc.exe Linker Warning:
#   Section '.ignored' is unknown. Section ignored.
### mwldeppc.exe Linker Warning:
#   Section '.ignored' is unknown. Section ignored.
### mwldeppc.exe Linker Warning:
#   Section '.ignored' is unknown. Section ignored.
### mwldeppc.exe Linker Warning:
#   Section '.ignored' is unknown. Section ignored.
### mwldeppc.exe Linker Warning:
#   Section '.ignored' is unknown. Section ignored.
### mwldeppc.exe Linker Warning:
#   Section '.ignored' is unknown. Section ignored.
### mwldeppc.exe Linker Warning:
#   Section '.ignored' is unknown. Section ignored.
### mwldeppc.exe Linker Warning:
#   Section '.ignored' is unknown. Section ignored.
### mwldeppc.exe Linker Warning:
#   Section '.ignored' is unknown. Section ignored.
### mwldeppc.exe Linker Warning:
#   Section '.ignored' is unknown. Section ignored.
### mwldeppc.exe Linker Warning:
#   Section '.ignored' is unknown. Section ignored.
### mwldeppc.exe Linker Warning:
#   Section '.ignored' is unknown. Section ignored.
### mwldeppc.exe Linker Warning:
#   Section '.ignored' is unknown. Section ignored.
### mwldeppc.exe Linker Warning:
#   Section '.ignored' is unknown. Section ignored.
### mwldeppc.exe Linker Warning:
#   Section '.ignored' is unknown. Section ignored.
### mwldeppc.exe Linker Warning:
#   Section '.ignored' is unknown. Section ignored.
### mwldeppc.exe Linker Warning:
#   Section '.ignored' is unknown. Section ignored.
### mwldeppc.exe Linker Warning:
#   Section '.ignored' is unknown. Section ignored.
### mwldeppc.exe Linker Warning:
#   Section '.ignored' is unknown. Section ignored.
### mwldeppc.exe Linker Warning:
#   Section '.ignored' is unknown. Section ignored.
### mwldeppc.exe Linker Warning:
#   Section '.ignored' is unknown. Section ignored.
### mwldeppc.exe Linker Warning:
#   Section '.ignored' is unknown. Section ignored.
### mwldeppc.exe Linker Warning:
#   Section '.ignored' is unknown. Section ignored.
### mwldeppc.exe Linker Warning:
#   Section '.ignored' is unknown. Section ignored.
### mwldeppc.exe Linker Warning:
#   Section '.ignored' is unknown. Section ignored.
### mwldeppc.exe Linker Warning:
#   Section '.ignored' is unknown. Section ignored.
### mwldeppc.exe Linker Warning:
#   Section '.ignored' is unknown. Section ignored.
### mwldeppc.exe Linker Warning:
#   Section '.ignored' is unknown. Section ignored.
### mwldeppc.exe Linker Warning:
#   Section '.ignored' is unknown. Section ignored.
### mwldeppc.exe Linker Warning:
#   Section '.ignored' is unknown. Section ignored.
### mwldeppc.exe Linker Warning:
#   Section '.ignored' is unknown. Section ignored.
### mwldeppc.exe Linker Warning:
#   Section '.ignored' is unknown. Section ignored.
### mwldeppc.exe Linker Warning:
#   Section '.ignored' is unknown. Section ignored.
### mwldeppc.exe Linker Warning:
#   Section '.ignored' is unknown. Section ignored.
### mwldeppc.exe Linker Warning:
#   Section '.ignored' is unknown. Section ignored.
### mwldeppc.exe Linker Warning:
#   Section '.ignored' is unknown. Section ignored.
### mwldeppc.exe Linker Warning:
#   Section '.ignored' is unknown. Section ignored.
### mwldeppc.exe Linker Warning:
#   Section '.ignored' is unknown. Section ignored.
### mwldeppc.exe Linker Warning:
#   Section '.ignored' is unknown. Section ignored.
### mwldeppc.exe Linker Warning:
#   Section '.ignored' is unknown. Section ignored.
### mwldeppc.exe Linker Warning:
#   Section '.ignored' is unknown. Section ignored.
### mwldeppc.exe Linker Warning:
#   Section '.ignored' is unknown. Section ignored.
### mwldeppc.exe Linker Warning:
#   Section '.ignored' is unknown. Section ignored.
### mwldeppc.exe Linker Warning:
#   Section '.ignored' is unknown. Section ignored.
### mwldeppc.exe Linker Warning:
#   Section '.ignored' is unknown. Section ignored.
### mwldeppc.exe Linker Warning:
#   Section '.ignored' is unknown. Section ignored.
### mwldeppc.exe Linker Warning:
#   Section '.ignored' is unknown. Section ignored.
### mwldeppc.exe Linker Warning:
#   Section '.ignored' is unknown. Section ignored.
### mwldeppc.exe Linker Warning:
#   Section '.ignored' is unknown. Section ignored.
### mwldeppc.exe Linker Warning:
#   Section '.ignored' is unknown. Section ignored.
### mwldeppc.exe Linker Warning:
#   Section '.ignored' is unknown. Section ignored.
### mwldeppc.exe Linker Warning:
#   Section '.ignored' is unknown. Section ignored.
### mwldeppc.exe Linker Warning:
#   Section '.ignored' is unknown. Section ignored.
### mwldeppc.exe Linker Warning:
#   Section '.ignored' is unknown. Section ignored.
### mwldeppc.exe Linker Warning:
#   Section '.ignored' is unknown. Section ignored.
### mwldeppc.exe Linker Warning:
#   Section '.ignored' is unknown. Section ignored.
### mwldeppc.exe Linker Warning:
#   Section '.ignored' is unknown. Section ignored.
### mwldeppc.exe Linker Warning:
#   Section '.ignored' is unknown. Section ignored.
### mwldeppc.exe Linker Warning:
#   Section '.ignored' is unknown. Section ignored.
### mwldeppc.exe Linker Warning:
#   Section '.ignored' is unknown. Section ignored.
### mwldeppc.exe Linker Warning:
#   Section '.ignored' is unknown. Section ignored.
### mwldeppc.exe Linker Warning:
#   Section '.ignored' is unknown. Section ignored.
### mwldeppc.exe Linker Warning:
#   Section '.ignored' is unknown. Section ignored.
### mwldeppc.exe Linker Warning:
#   Section '.ignored' is unknown. Section ignored.
### mwldeppc.exe Linker Warning:
#   Section '.ignored' is unknown. Section ignored.
### mwldeppc.exe Linker Warning:
#   Section '.ignored' is unknown. Section ignored.
### mwldeppc.exe Linker Warning:
#   Section '.ignored' is unknown. Section ignored.
### mwldeppc.exe Linker Warning:
#   Section '.ignored' is unknown. Section ignored.
### mwldeppc.exe Linker Warning:
#   Section '.ignored' is unknown. Section ignored.
### mwldeppc.exe Linker Warning:
#   Section '.ignored' is unknown. Section ignored.
### mwldeppc.exe Linker Warning:
#   Section '.ignored' is unknown. Section ignored.
### mwldeppc.exe Linker Warning:
#   Section '.ignored' is unknown. Section ignored.
### mwldeppc.exe Linker Warning:
#   Section '.ignored' is unknown. Section ignored.
### mwldeppc.exe Linker Warning:
#   Section '.ignored' is unknown. Section ignored.
### mwldeppc.exe Linker Warning:
#   Section '.ignored' is unknown. Section ignored.
### mwldeppc.exe Linker Warning:
#   Section '.ignored' is unknown. Section ignored.
### mwldeppc.exe Linker Warning:
#   Section '.ignored' is unknown. Section ignored.
### mwldeppc.exe Linker Warning:
#   Section '.ignored' is unknown. Section ignored.
### mwldeppc.exe Linker Warning:
#   Section '.ignored' is unknown. Section ignored.
### mwldeppc.exe Linker Warning:
#   Section '.ignored' is unknown. Section ignored.
### mwldeppc.exe Linker Warning:
#   Section '.ignored' is unknown. Section ignored.
### mwldeppc.exe Linker Warning:
#   Section '.ignored' is unknown. Section ignored.
### mwldeppc.exe Linker Warning:
#   Section '.ignored' is unknown. Section ignored.
### mwldeppc.exe Linker Warning:
#   Section '.ignored' is unknown. Section ignored.
### mwldeppc.exe Linker Warning:
#   Section '.ignored' is unknown. Section ignored.
### mwldeppc.exe Linker Warning:
#   Section '.ignored' is unknown. Section ignored.
### mwldeppc.exe Linker Warning:
#   Section '.ignored' is unknown. Section ignored.
### mwldeppc.exe Linker Warning:
#   Section '.ignored' is unknown. Section ignored.
### mwldeppc.exe Linker Warning:
#   Section '.ignored' is unknown. Section ignored.
### mwldeppc.exe Linker Warning:
#   Section '.ignored' is unknown. Section ignored.
### mwldeppc.exe Linker Warning:
#   Section '.ignored' is unknown. Section ignored.
### mwldeppc.exe Linker Warning:
#   Section '.ignored' is unknown. Section ignored.
### mwldeppc.exe Linker Warning:
#   Section '.ignored' is unknown. Section ignored.
### mwldeppc.exe Linker Warning:
#   Section '.ignored' is unknown. Section ignored.
### mwldeppc.exe Linker Warning:
#   Section '.ignored' is unknown. Section ignored.
### mwldeppc.exe Linker Warning:
#   Section '.ignored' is unknown. Section ignored.
### mwldeppc.exe Linker Warning:
#   Section '.ignored' is unknown. Section ignored.
### mwldeppc.exe Linker Warning:
#   Section '.ignored' is unknown. Section ignored.
### mwldeppc.exe Linker Warning:
#   Section '.ignored' is unknown. Section ignored.
### mwldeppc.exe Linker Warning:
#   Section '.ignored' is unknown. Section ignored.
### mwldeppc.exe Linker Warning:
#   Section '.ignored' is unknown. Section ignored.
### mwldeppc.exe Linker Warning:
#   Section '.ignored' is unknown. Section ignored.
### mwldeppc.exe Linker Warning:
#   Section '.ignored' is unknown. Section ignored.
### mwldeppc.exe Linker Warning:
#   Section '.ignored' is unknown. Section ignored.
### mwldeppc.exe Linker Warning:
#   Section '.ignored' is unknown. Section ignored.
### mwldeppc.exe Linker Warning:
#   Section '.ignored' is unknown. Section ignored.
### mwldeppc.exe Linker Warning:
#   Section '.ignored' is unknown. Section ignored.
### mwldeppc.exe Linker Warning:
#   Section '.ignored' is unknown. Section ignored.
### mwldeppc.exe Linker Warning:
#   Section '.ignored' is unknown. Section ignored.
### mwldeppc.exe Linker Warning:
#   Section '.ignored' is unknown. Section ignored.
### mwldeppc.exe Linker Warning:
#   Section '.ignored' is unknown. Section ignored.
### mwldeppc.exe Linker Warning:
#   Section '.ignored' is unknown. Section ignored.
### mwldeppc.exe Linker Warning:
#   Section '.ignored' is unknown. Section ignored.
### mwldeppc.exe Linker Warning:
#   Section '.ignored' is unknown. Section ignored.
### mwldeppc.exe Linker Warning:
#   Section '.ignored' is unknown. Section ignored.
### mwldeppc.exe Linker Warning:
#   Section '.ignored' is unknown. Section ignored.
### mwldeppc.exe Linker Warning:
#   Section '.ignored' is unknown. Section ignored.
### mwldeppc.exe Linker Warning:
#   Section '.ignored' is unknown. Section ignored.
### mwldeppc.exe Linker Warning:
#   Section '.ignored' is unknown. Section ignored.
### mwldeppc.exe Linker Warning:
#   Section '.ignored' is unknown. Section ignored.
### mwldeppc.exe Linker Warning:
#   Section '.ignored' is unknown. Section ignored.
### mwldeppc.exe Linker Warning:
#   Section '.ignored' is unknown. Section ignored.
### mwldeppc.exe Linker Warning:
#   Section '.ignored' is unknown. Section ignored.
### mwldeppc.exe Linker Warning:
#   Section '.ignored' is unknown. Section ignored.
### mwldeppc.exe Linker Warning:
#   Section '.ignored' is unknown. Section ignored.
### mwldeppc.exe Linker Warning:
#   Section '.ignored' is unknown. Section ignored.
### mwldeppc.exe Linker Warning:
#   Section '.ignored' is unknown. Section ignored.
### mwldeppc.exe Linker Warning:
#   Section '.ignored' is unknown. Section ignored.
### mwldeppc.exe Linker Warning:
#   Section '.ignored' is unknown. Section ignored.
### mwldeppc.exe Linker Warning:
#   Section '.ignored' is unknown. Section ignored.
### mwldeppc.exe Linker Warning:
#   Section '.ignored' is unknown. Section ignored.
### mwldeppc.exe Linker Warning:
#   Section '.ignored' is unknown. Section ignored.
### mwldeppc.exe Linker Warning:
#   Section '.ignored' is unknown. Section ignored.
### mwldeppc.exe Linker Warning:
#   Section '.ignored' is unknown. Section ignored.
### mwldeppc.exe Linker Warning:
#   Section '.ignored' is unknown. Section ignored.
### mwldeppc.exe Linker Warning:
#   Section '.ignored' is unknown. Section ignored.
### mwldeppc.exe Linker Warning:
#   Section '.ignored' is unknown. Section ignored.
### mwldeppc.exe Linker Warning:
#   Section '.ignored' is unknown. Section ignored.
### mwldeppc.exe Linker Warning:
#   Section '.ignored' is unknown. Section ignored.
### mwldeppc.exe Linker Warning:
#   Section '.ignored' is unknown. Section ignored.
### mwldeppc.exe Linker Warning:
#   Section '.ignored' is unknown. Section ignored.
### mwldeppc.exe Linker Warning:
#   Section '.ignored' is unknown. Section ignored.
### mwldeppc.exe Linker Warning:
#   Section '.ignored' is unknown. Section ignored.
### mwldeppc.exe Linker Warning:
#   Section '.ignored' is unknown. Section ignored.
### mwldeppc.exe Linker Warning:
#   Section '.ignored' is unknown. Section ignored.
### mwldeppc.exe Linker Warning:
#   Section '.ignored' is unknown. Section ignored.
### mwldeppc.exe Linker Warning:
#   Section '.ignored' is unknown. Section ignored.
### mwldeppc.exe Linker Warning:
#   Section '.ignored' is unknown. Section ignored.
### mwldeppc.exe Linker Warning:
#   Section '.ignored' is unknown. Section ignored.
### mwldeppc.exe Linker Warning:
#   Section '.ignored' is unknown. Section ignored.
### mwldeppc.exe Linker Warning:
#   Section '.ignored' is unknown. Section ignored.
### mwldeppc.exe Linker Warning:
#   Section '.ignored' is unknown. Section ignored.
### mwldeppc.exe Linker Warning:
#   Section '.ignored' is unknown. Section ignored.
### mwldeppc.exe Linker Warning:
#   Section '.ignored' is unknown. Section ignored.
### mwldeppc.exe Linker Warning:
#   Section '.ignored' is unknown. Section ignored.
### mwldeppc.exe Linker Warning:
#   Section '.ignored' is unknown. Section ignored.
### mwldeppc.exe Linker Warning:
#   Section '.ignored' is unknown. Section ignored.
### mwldeppc.exe Linker Warning:
#   Section '.ignored' is unknown. Section ignored.
### mwldeppc.exe Linker Warning:
#   Section '.ignored' is unknown. Section ignored.
### mwldeppc.exe Linker Warning:
#   Section '.ignored' is unknown. Section ignored.
### mwldeppc.exe Linker Warning:
#   Section '.ignored' is unknown. Section ignored.
### mwldeppc.exe Linker Warning:
#   Section '.ignored' is unknown. Section ignored.
### mwldeppc.exe Linker Warning:
#   Section '.ignored' is unknown. Section ignored.
### mwldeppc.exe Linker Warning:
#   Section '.ignored' is unknown. Section ignored.
### mwldeppc.exe Linker Warning:
#   Section '.ignored' is unknown. Section ignored.
### mwldeppc.exe Linker Warning:
#   Section '.ignored' is unknown. Section ignored.
### mwldeppc.exe Linker Warning:
#   Section '.ignored' is unknown. Section ignored.
### mwldeppc.exe Linker Warning:
#   Section '.ignored' is unknown. Section ignored.
### mwldeppc.exe Linker Warning:
#   Section '.ignored' is unknown. Section ignored.
### mwldeppc.exe Linker Warning:
#   Section '.ignored' is unknown. Section ignored.
### mwldeppc.exe Linker Warning:
#   Section '.ignored' is unknown. Section ignored.
### mwldeppc.exe Linker Warning:
#   Section '.ignored' is unknown. Section ignored.
### mwldeppc.exe Linker Warning:
#   Section '.ignored' is unknown. Section ignored.
### mwldeppc.exe Linker Warning:
#   Section '.ignored' is unknown. Section ignored.
### mwldeppc.exe Linker Warning:
#   Section '.ignored' is unknown. Section ignored.
### mwldeppc.exe Linker Warning:
#   Section '.ignored' is unknown. Section ignored.
### mwldeppc.exe Linker Warning:
#   Section '.ignored' is unknown. Section ignored.
### mwldeppc.exe Linker Warning:
#   Section '.ignored' is unknown. Section ignored.
### mwldeppc.exe Linker Warning:
#   Section '.ignored' is unknown. Section ignored.
### mwldeppc.exe Linker Warning:
#   Section '.ignored' is unknown. Section ignored.
### mwldeppc.exe Linker Warning:
#   Section '.ignored' is unknown. Section ignored.
### mwldeppc.exe Linker Warning:
#   Section '.ignored' is unknown. Section ignored.
### mwldeppc.exe Linker Warning:
#   Section '.ignored' is unknown. Section ignored.
### mwldeppc.exe Linker Warning:
#   Section '.ignored' is unknown. Section ignored.
### mwldeppc.exe Linker Warning:
#   Section '.ignored' is unknown. Section ignored.
### mwldeppc.exe Linker Warning:
#   Section '.ignored' is unknown. Section ignored.
### mwldeppc.exe Linker Warning:
#   Section '.ignored' is unknown. Section ignored.
### mwldeppc.exe Linker Warning:
#   Section '.ignored' is unknown. Section ignored.
### mwldeppc.exe Linker Warning:
#   Section '.ignored' is unknown. Section ignored.
### mwldeppc.exe Linker Warning:
#   Section '.ignored' is unknown. Section ignored.
### mwldeppc.exe Linker Warning:
#   Section '.ignored' is unknown. Section ignored.
### mwldeppc.exe Linker Warning:
#   Section '.ignored' is unknown. Section ignored.
### mwldeppc.exe Linker Warning:
#   Section '.ignored' is unknown. Section ignored.
### mwldeppc.exe Linker Warning:
#   Section '.ignored' is unknown. Section ignored.
### mwldeppc.exe Linker Warning:
#   Section '.ignored' is unknown. Section ignored.
### mwldeppc.exe Linker Warning:
#   Section '.ignored' is unknown. Section ignored.
### mwldeppc.exe Linker Warning:
#   Section '.ignored' is unknown. Section ignored.
### mwldeppc.exe Linker Warning:
#   Section '.ignored' is unknown. Section ignored.
### mwldeppc.exe Linker Warning:
#   Section '.ignored' is unknown. Section ignored.
### mwldeppc.exe Linker Warning:
#   Section '.ignored' is unknown. Section ignored.
### mwldeppc.exe Linker Warning:
#   Section '.ignored' is unknown. Section ignored.
### mwldeppc.exe Linker Warning:
#   Section '.ignored' is unknown. Section ignored.
### mwldeppc.exe Linker Warning:
#   Section '.ignored' is unknown. Section ignored.
### mwldeppc.exe Linker Warning:
#   Section '.ignored' is unknown. Section ignored.
### mwldeppc.exe Linker Warning:
#   Section '.ignored' is unknown. Section ignored.
### mwldeppc.exe Linker Warning:
#   Section '.ignored' is unknown. Section ignored.
### mwldeppc.exe Linker Warning:
#   Section '.ignored' is unknown. Section ignored.
### mwldeppc.exe Linker Warning:
#   Section '.ignored' is unknown. Section ignored.
### mwldeppc.exe Linker Warning:
#   Section '.ignored' is unknown. Section ignored.
### mwldeppc.exe Linker Warning:
#   Section '.ignored' is unknown. Section ignored.
### mwldeppc.exe Linker Warning:
#   Section '.ignored' is unknown. Section ignored.
### mwldeppc.exe Linker Warning:
#   Section '.ignored' is unknown. Section ignored.
### mwldeppc.exe Linker Warning:
#   Section '.ignored' is unknown. Section ignored.
### mwldeppc.exe Linker Warning:
#   Section '.ignored' is unknown. Section ignored.
[878/881] DOL build/GEDE01/main.dol
[879/881] CHECK config/GEDE01/build.sha1
build/GEDE01/main.dol: OK
[880/881] PROGRESS
Progress:
  All: 58.10% fuzzy, 47.03% matched, 47.00% linked (6247 / 7068 files)
    Code: 1082088 / 2300692 bytes (6013 / 8214 functions)
    Data: 39594 / 4305642 bytes (0.92%)
  Game Code: 93.58% fuzzy, 75.72% matched, 75.67% linked (6229 / 6633 files)
    Code: 1079060 / 1425104 bytes (5951 / 6354 functions)
    Data: 39370 / 40426 bytes (97.39%)
  SDK/Runtime: 100.00% fuzzy, 100.00% matched, 100.00% linked (18 / 18 files)
    Code: 3028 / 3028 bytes (62 / 62 functions)
    Data: 224 / 224 bytes (100.00%)
