Captured suffix of python3 configure.py && .tools/bin/ninja -j2; exit code 0.
[343/908] MWCC build/GEDE01/src/game/game_fn_80198154.o
[344/908] MWCC build/GEDE01/src/game/game_fn_80198AAC.o
[345/908] MWCC build/GEDE01/src/game/game_fn_80198BF4.o
[346/908] MWCC build/GEDE01/src/game/game_fn_801991E0.o
[347/908] MWCC build/GEDE01/src/game/game_fn_8019B1BC.o
[348/908] MWCC build/GEDE01/src/game/game_fn_8019CC28.o
[349/908] MWCC build/GEDE01/src/game/game_fn_8019CFC4.o
[350/908] MWCC build/GEDE01/src/game/game_fn_8019E5E4.o
[351/908] MWCC build/GEDE01/src/game/game_fn_8019E8C8.o
[352/908] MWCC build/GEDE01/src/game/game_fn_801A1F18.o
[353/908] MWCC build/GEDE01/src/game/game_fn_801A2A54.o
[354/908] MWCC build/GEDE01/src/game/game_fn_801A34BC.o
[355/908] MWCC build/GEDE01/src/game/game_fn_801A3A78.o
[356/908] MWCC build/GEDE01/src/game/game_fn_801A4CE0.o
[357/908] MWCC build/GEDE01/src/game/game_fn_801A5FB0.o
[358/908] MWCC build/GEDE01/src/game/game_fn_801A6410.o
[359/908] MWCC build/GEDE01/src/game/game_fn_801A657C.o
[360/908] MWCC build/GEDE01/src/game/game_fn_801A6ADC.o
[361/908] MWCC build/GEDE01/src/game/game_fn_801A6C58.o
[362/908] MWCC build/GEDE01/src/game/game_fn_801A6CB4.o
[363/908] MWCC build/GEDE01/src/game/game_fn_801A7E04.o
[364/908] MWCC build/GEDE01/src/game/game_fn_801A7EA8.o
[365/908] MWCC build/GEDE01/src/game/game_fn_801A93E8.o
[366/908] MWCC build/GEDE01/src/game/game_fn_801AB154.o
[367/908] MWCC build/GEDE01/src/game/game_fn_801ABD3C.o
[368/908] MWCC build/GEDE01/src/game/game_fn_801AC8AC.o
[369/908] MWCC build/GEDE01/src/game/game_fn_801ACFE8.o
[370/908] MWCC build/GEDE01/src/game/game_fn_801AD08C.o
[371/908] MWCC build/GEDE01/src/game/game_fn_801AFA74.o
[372/908] MWCC build/GEDE01/src/game/game_fn_801B02F0.o
[373/908] MWCC build/GEDE01/src/game/game_fn_801B1BA0.o
[374/908] MWCC build/GEDE01/src/game/game_fn_801B35BC.o
[375/908] MWCC build/GEDE01/src/game/game_fn_801B46C8.o
[376/908] MWCC build/GEDE01/src/game/game_fn_801B4FB4.o
[377/908] MWCC build/GEDE01/src/game/game_fn_801B5228.o
[378/908] MWCC build/GEDE01/src/game/game_fn_801B58F0.o
[379/908] MWCC build/GEDE01/src/game/game_fn_801B6F1C.o
[380/908] MWCC build/GEDE01/src/game/game_fn_801B86C0.o
[381/908] MWCC build/GEDE01/src/game/game_fn_801B941C.o
[382/908] MWCC build/GEDE01/src/game/game_fn_801B9E7C.o
[383/908] MWCC build/GEDE01/src/game/game_fn_801BA15C.o
[384/908] MWCC build/GEDE01/src/game/game_fn_801BA708.o
[385/908] MWCC build/GEDE01/src/game/game_fn_801BB1A0.o
[386/908] MWCC build/GEDE01/src/game/game_fn_801BC0D4.o
[387/908] MWCC build/GEDE01/src/game/game_fn_801BC240.o
[388/908] MWCC build/GEDE01/src/game/game_fn_801BC8F4.o
[389/908] MWCC build/GEDE01/src/game/game_fn_801BCC04.o
[390/908] MWCC build/GEDE01/src/game/game_fn_801BD990.o
[391/908] MWCC build/GEDE01/src/game/game_fn_801BDE7C.o
[392/908] MWCC build/GEDE01/src/game/game_fn_801BE0D4.o
[393/908] MWCC build/GEDE01/src/game/game_fn_801C1CB0.o
[394/908] MWCC build/GEDE01/src/game/game_fn_801BEF40.o
[395/908] MWCC build/GEDE01/src/game/game_fn_801C2980.o
[396/908] MWCC build/GEDE01/src/game/game_fn_801C29BC.o
[397/908] MWCC build/GEDE01/src/game/game_fn_801C2AAC.o
[398/908] MWCC build/GEDE01/src/game/game_fn_801C2D9C.o
[399/908] MWCC build/GEDE01/src/game/game_fn_801C8160.o
[400/908] MWCC build/GEDE01/src/game/game_fn_801C8224.o
[401/908] MWCC build/GEDE01/src/game/game_fn_801C4B5C.o
[402/908] MWCC build/GEDE01/src/game/game_fn_801C8600.o
[403/908] MWCC build/GEDE01/src/game/game_fn_801C87DC.o
[404/908] MWCC build/GEDE01/src/game/game_fn_801C8CC0.o
[405/908] MWCC build/GEDE01/src/game/game_fn_801C8F50.o
[406/908] MWCC build/GEDE01/src/game/game_fn_801C90A4.o
[407/908] MWCC build/GEDE01/src/game/game_fn_801C9510.o
[408/908] MWCC build/GEDE01/src/game/game_fn_801C970C.o
[409/908] MWCC build/GEDE01/src/game/game_fn_801C9A08.o
[410/908] MWCC build/GEDE01/src/game/game_fn_801C9B1C.o
[411/908] MWCC build/GEDE01/src/game/game_fn_801CB4F8.o
[412/908] MWCC build/GEDE01/src/game/game_fn_801CD228.o
[413/908] MWCC build/GEDE01/src/game/game_fn_801CE09C.o
[414/908] MWCC build/GEDE01/src/game/game_fn_801CE594.o
[415/908] MWCC build/GEDE01/src/game/game_fn_801D1B10.o
[416/908] MWCC build/GEDE01/src/game/game_fn_801D1F78.o
[417/908] MWCC build/GEDE01/src/game/game_fn_801D3988.o
[418/908] MWCC build/GEDE01/src/game/game_fn_801D76A8.o
[419/908] MWCC build/GEDE01/src/game/game_fn_801D7C24.o
[420/908] MWCC build/GEDE01/src/game/game_fn_801D8050.o
[421/908] MWCC build/GEDE01/src/game/game_fn_801D9FE4.o
[422/908] MWCC build/GEDE01/src/game/game_fn_801E2A48.o
[423/908] MWCC build/GEDE01/src/game/game_fn_801E41AC.o
[424/908] MWCC build/GEDE01/src/game/game_fn_801E504C.o
[425/908] MWCC build/GEDE01/src/game/game_fn_801E6814.o
[426/908] MWCC build/GEDE01/src/game/game_fn_801E995C.o
[427/908] MWCC build/GEDE01/src/game/game_fn_801EB09C.o
[428/908] MWCC build/GEDE01/src/game/game_fn_801EB11C.o
[429/908] MWCC build/GEDE01/src/game/game_fn_801ECD74.o
[430/908] MWCC build/GEDE01/src/game/game_fn_801ECF50.o
[431/908] MWCC build/GEDE01/src/game/game_fn_801ED5F4.o
[432/908] MWCC build/GEDE01/src/game/game_fn_801EF580.o
[433/908] MWCC build/GEDE01/src/game/game_fn_801EF910.o
[434/908] MWCC build/GEDE01/src/game/game_fn_801F0CB0.o
[435/908] MWCC build/GEDE01/src/game/game_fn_801F10BC.o
[436/908] MWCC build/GEDE01/src/game/game_fn_801F1A38.o
[437/908] MWCC build/GEDE01/src/game/game_fn_801F35A8.o
[438/908] MWCC build/GEDE01/src/game/game_fn_801F55A0.o
[439/908] MWCC build/GEDE01/src/game/game_fn_801F69F0.o
[440/908] MWCC build/GEDE01/src/game/game_fn_801F6BD8.o
[441/908] MWCC build/GEDE01/src/game/game_fn_801F7510.o
[442/908] MWCC build/GEDE01/src/game/game_fn_801F76EC.o
[443/908] MWCC build/GEDE01/src/game/game_fn_801F8264.o
[444/908] MWCC build/GEDE01/src/game/game_fn_801F89B4.o
[445/908] MWCC build/GEDE01/src/game/game_fn_801F9AF8.o
[446/908] MWCC build/GEDE01/src/game/game_fn_801F9CF4.o
[447/908] MWCC build/GEDE01/src/game/game_fn_801FA9C8.o
[448/908] MWCC build/GEDE01/src/game/game_fn_801FB6A4.o
[449/908] MWCC build/GEDE01/src/game/game_fn_801FC034.o
[450/908] MWCC build/GEDE01/src/game/game_fn_801FC204.o
[451/908] MWCC build/GEDE01/src/game/game_fn_801FFE78.o
[452/908] EXTERNALIZE build/GEDE01/src/game/game_fn_800DC4D4.o
[453/908] EXTERNALIZE build/GEDE01/src/game/game_fn_80175A08.o
[454/908] EXTERNALIZE build/GEDE01/src/game/game_fn_80066E78.o
[455/908] EXTERNALIZE build/GEDE01/src/game/game_fn_801247F8.o
[456/908] EXTERNALIZE build/GEDE01/src/game/game_fn_801EF910.o
[457/908] EXTERNALIZE build/GEDE01/src/game/game_fn_801ECF50.o
[458/908] EXTERNALIZE build/GEDE01/src/game/game_fn_801FC204.o
[459/908] EXTERNALIZE build/GEDE01/src/game/game_fn_801EB09C.o
[460/908] EXTERNALIZE build/GEDE01/src/game/game_fn_801EB11C.o
[461/908] EXTERNALIZE build/GEDE01/src/game/game_fn_801E41AC.o
[462/908] EXTERNALIZE JUMPTABLES build/GEDE01/src/game/game_fn_80050B08.o
[463/908] EXTERNALIZE build/GEDE01/src/game/game_fn_801D9FE4.o
[464/908] EXTERNALIZE build/GEDE01/src/game/game_fn_801D76A8.o
[465/908] EXTERNALIZE build/GEDE01/src/game/game_fn_801D8050.o
[466/908] EXTERNALIZE build/GEDE01/src/game/game_fn_801D7C24.o
[467/908] EXTERNALIZE build/GEDE01/src/game/game_fn_8019B1BC.o
[468/908] EXTERNALIZE build/GEDE01/src/game/game_fn_80178F88.o
[469/908] EXTERNALIZE build/GEDE01/src/game/game_fn_801CD228.o
[470/908] EXTERNALIZE build/GEDE01/src/game/game_fn_801C970C.o
[471/908] EXTERNALIZE build/GEDE01/src/game/game_fn_801BA15C.o
[472/908] EXTERNALIZE build/GEDE01/src/game/game_fn_801C9510.o
[473/908] EXTERNALIZE build/GEDE01/src/game/game_fn_80126A00.o
[474/908] EXTERNALIZE build/GEDE01/src/game/game_fn_8013D6A4.o
[475/908] EXTERNALIZE build/GEDE01/src/game/game_fn_800C9C60.o
[476/908] EXTERNALIZE build/GEDE01/src/game/game_fn_801B5228.o
[477/908] EXTERNALIZE build/GEDE01/src/game/game_fn_801B4FB4.o
[478/908] EXTERNALIZE build/GEDE01/src/game/game_fn_801C87DC.o
[479/908] EXTERNALIZE build/GEDE01/src/game/game_fn_801B6F1C.o
[480/908] EXTERNALIZE build/GEDE01/src/game/game_fn_801C8CC0.o
[481/908] EXTERNALIZE build/GEDE01/src/game/game_fn_800FD0C8.o
[482/908] EXTERNALIZE build/GEDE01/src/game/game_fn_801BDE7C.o
[483/908] EXTERNALIZE build/GEDE01/src/game/game_fn_801BE0D4.o
[484/908] EXTERNALIZE STATIC POOL build/GEDE01/src/game/game_fn_801C9A08.o
build/GEDE01/src/game/game_fn_801C9A08.o: lbl_80629390 now undefined; section 3 emptied
[485/908] EXTERNALIZE STATIC POOL build/GEDE01/src/game/game_fn_801C9B1C.o
build/GEDE01/src/game/game_fn_801C9B1C.o: lbl_80629390 now undefined; section 3 emptied
[486/908] EXTERNALIZE build/GEDE01/src/game/game_fn_801B941C.o
[487/908] EXTERNALIZE STATIC POOL build/GEDE01/src/game/game_fn_801BD990.o
build/GEDE01/src/game/game_fn_801BD990.o: lbl_80626D80 now undefined; section 6 emptied
[488/908] EXTERNALIZE STATIC POOL build/GEDE01/src/game/game_fn_801B58F0.o
build/GEDE01/src/game/game_fn_801B58F0.o: lbl_8060C020 now undefined; section 3 emptied
[489/908] EXTERNALIZE STATIC POOL build/GEDE01/src/game/game_fn_801B9E7C.o
build/GEDE01/src/game/game_fn_801B9E7C.o: 0 relocation(s) moved from streamInfo to ...bss.0
build/GEDE01/src/game/game_fn_801B9E7C.o: lbl_8061AE48 now undefined; section 6 emptied
[490/908] EXTERNALIZE STATIC POOL build/GEDE01/src/game/game_fn_801BB1A0.o
build/GEDE01/src/game/game_fn_801BB1A0.o: 0 relocation(s) moved from streamInfo to ...bss.0
build/GEDE01/src/game/game_fn_801BB1A0.o: lbl_8061AE48 now undefined; section 6 emptied
[491/908] EXTERNALIZE STATIC build/GEDE01/src/game/game_fn_801B35BC.o
build/GEDE01/src/game/game_fn_801B35BC.o: lbl_8060D420 now undefined; section 6 emptied
[492/908] EXTERNALIZE STATIC POOL build/GEDE01/src/game/game_fn_801BA708.o
build/GEDE01/src/game/game_fn_801BA708.o: 0 relocation(s) moved from streamInfo to ...bss.0
build/GEDE01/src/game/game_fn_801BA708.o: lbl_8061AE48 now undefined; section 6 emptied
[493/908] EXTERNALIZE STATIC POOL build/GEDE01/src/game/game_fn_801BC8F4.o
build/GEDE01/src/game/game_fn_801BC8F4.o: lbl_8061C748 now undefined; section 6 emptied
[494/908] EXTERNALIZE STATIC build/GEDE01/src/game/game_fn_801BC240.o
build/GEDE01/src/game/game_fn_801BC240.o: lbl_8061C748 now undefined; section 6 emptied
[495/908] EXTERNALIZE STATIC POOL build/GEDE01/src/game/game_fn_801BCC04.o
build/GEDE01/src/game/game_fn_801BCC04.o: lbl_8061C748 now undefined; section 6 emptied
[496/908] EXTERNALIZE STATIC POOL build/GEDE01/src/game/game_fn_801BC0D4.o
build/GEDE01/src/game/game_fn_801BC0D4.o: lbl_8061C748 now undefined; section 6 emptied
[497/908] EXTERNALIZE STATIC POOL build/GEDE01/src/game/game_fn_801C1CB0.o
build/GEDE01/src/game/game_fn_801C1CB0.o: lbl_80626DA0 now undefined; section 3 emptied
[498/908] RENAME build/GEDE01/src/game/game_InitMetroTRKCommTable.o
[499/908] EXTERNALIZE STATIC POOL build/GEDE01/src/game/game_fn_801CE09C.o
build/GEDE01/src/game/game_fn_801CE09C.o: lbl_80631340 now undefined; section 6 emptied
[500/908] RENAME RUNTIME INTRINSICS build/GEDE01/src/game/game_fn_801CB4F8.o
[501/908] EXTERNALIZE STATIC POOL build/GEDE01/src/game/game_fn_8010242C.o
build/GEDE01/src/game/game_fn_8010242C.o: lbl_8032CC08 now undefined; section 3 emptied
[502/908] EXTERNALIZE build/GEDE01/src/game/game_fn_801D3988.o
[503/908] EXTERNALIZE build/GEDE01/src/game/game_fn_801D1B10.o
[504/908] ALIGN DATA build/GEDE01/src/game/game_fn_80008014.o
[505/908] EXTERNALIZE build/GEDE01/src/game/game_fn_801CE594.o
[506/908] EXTERNALIZE build/GEDE01/src/game/game_fn_8014549C.o
[507/908] EXTERNALIZE build/GEDE01/src/game/game_fn_801C8224.o
[508/908] EXTERNALIZE build/GEDE01/src/game/game_fn_801098C0.o
[509/908] EXTERNALIZE build/GEDE01/src/game/game_fn_8000FDE8.o
[510/908] EXTERNALIZE build/GEDE01/src/game/game_fn_80185F10.o
[511/908] EXTERNALIZE build/GEDE01/src/game/game_fn_801C29BC.o
[512/908] EXTERNALIZE build/GEDE01/src/game/game_fn_801C8F50.o
[513/908] EXTERNALIZE build/GEDE01/src/game/game_fn_8007B828.o
[514/908] EXTERNALIZE build/GEDE01/src/game/game_fn_801C90A4.o
[515/908] EXTERNALIZE build/GEDE01/src/game/game_fn_801C8160.o
[516/908] EXTERNALIZE build/GEDE01/src/game/game_fn_801C2AAC.o
[517/908] EXTERNALIZE build/GEDE01/src/game/game_fn_801C2D9C.o
[518/908] EXTERNALIZE build/GEDE01/src/game/game_fn_801C2980.o
[519/908] EXTERNALIZE build/GEDE01/src/game/game_fn_801B02F0.o
[520/908] EXTERNALIZE build/GEDE01/src/game/game_fn_801AFA74.o
[521/908] EXTERNALIZE build/GEDE01/src/game/game_fn_801AC8AC.o
[522/908] EXTERNALIZE build/GEDE01/src/game/game_fn_801ABD3C.o
[523/908] EXTERNALIZE build/GEDE01/src/game/game_fn_801816D4.o
[524/908] EXTERNALIZE build/GEDE01/src/game/game_fn_8011F140.o
[525/908] EXTERNALIZE build/GEDE01/src/game/game_fn_801AD08C.o
[526/908] EXTERNALIZE build/GEDE01/src/game/game_fn_8004998C.o
[527/908] EXTERNALIZE build/GEDE01/src/game/game_fn_80079AA4.o
[528/908] EXTERNALIZE build/GEDE01/src/game/game_fn_80158D38.o
[529/908] EXTERNALIZE build/GEDE01/src/game/game_fn_801A3A78.o
[530/908] EXTERNALIZE build/GEDE01/src/game/game_fn_8008F224.o
[531/908] EXTERNALIZE build/GEDE01/src/game/game_fn_80167454.o
[532/908] EXTERNALIZE build/GEDE01/src/game/game_fn_800AF230.o
[533/908] EXTERNALIZE build/GEDE01/src/game/game_fn_801A93E8.o
[534/908] EXTERNALIZE build/GEDE01/src/game/game_fn_801AB154.o
[535/908] EXTERNALIZE build/GEDE01/src/game/game_fn_801A7E04.o
[536/908] EXTERNALIZE build/GEDE01/src/game/game_fn_801A7EA8.o
[537/908] EXTERNALIZE build/GEDE01/src/game/game_fn_801A6CB4.o
[538/908] EXTERNALIZE build/GEDE01/src/game/game_fn_801A4CE0.o
[539/908] EXTERNALIZE build/GEDE01/src/game/game_fn_801A6C58.o
[540/908] NAME JUMPTABLE build/GEDE01/src/game/game_fn_801A6ADC.o
[541/908] EXTERNALIZE build/GEDE01/src/game/game_fn_801A6410.o
[542/908] EXTERNALIZE build/GEDE01/src/game/game_fn_801A5FB0.o
[543/908] EXTERNALIZE build/GEDE01/src/game/game_fn_801A1F18.o
[544/908] EXTERNALIZE build/GEDE01/src/game/game_fn_8019E8C8.o
[545/908] EXTERNALIZE build/GEDE01/src/game/game_fn_8019E5E4.o
[546/908] EXTERNALIZE build/GEDE01/src/game/game_fn_8019CFC4.o
[547/908] EXTERNALIZE build/GEDE01/src/game/game_fn_8019CC28.o
[548/908] EXTERNALIZE build/GEDE01/src/game/game_fn_801991E0.o
[549/908] EXTERNALIZE build/GEDE01/src/game/game_fn_80198BF4.o
[550/908] EXTERNALIZE build/GEDE01/src/game/game_fn_80198AAC.o
[551/908] EXTERNALIZE build/GEDE01/src/game/game_fn_80198154.o
[552/908] EXTERNALIZE build/GEDE01/src/game/game_fn_80194F80.o
[553/908] EXTERNALIZE build/GEDE01/src/game/game_fn_80197910.o
[554/908] EXTERNALIZE build/GEDE01/src/game/game_fn_80177434.o
repointed 2 relocations to lbl_80250588
[555/908] EXTERNALIZE build/GEDE01/src/game/game_fn_80193E1C.o
[556/908] EXTERNALIZE build/GEDE01/src/game/game_fn_801931C4.o
[557/908] EXTERNALIZE build/GEDE01/src/game/game_fn_80193F3C.o
[558/908] EXTERNALIZE build/GEDE01/src/game/game_fn_80192F54.o
[559/908] EXTERNALIZE build/GEDE01/src/game/game_fn_80191F58.o
[560/908] EXTERNALIZE build/GEDE01/src/game/game_fn_8019197C.o
[561/908] EXTERNALIZE build/GEDE01/src/game/game_fn_80191360.o
[562/908] GLOBALIZE build/GEDE01/src/game/game_fn_8018F1D0.o
[563/908] EXTERNALIZE build/GEDE01/src/game/game_fn_8018D688.o
[564/908] EXTERNALIZE build/GEDE01/src/game/game_fn_8018F81C.o
[565/908] EXTERNALIZE build/GEDE01/src/game/game_fn_8018D2E0.o
[566/908] EXTERNALIZE build/GEDE01/src/game/game_fn_80189968.o
[567/908] EXTERNALIZE build/GEDE01/src/game/game_fn_80189760.o
[568/908] EXTERNALIZE build/GEDE01/src/game/game_fn_8018D1F0.o
[569/908] EXTERNALIZE build/GEDE01/src/game/game_fn_801896A0.o
[570/908] EXTERNALIZE build/GEDE01/src/game/game_fn_801895E8.o
[571/908] EXTERNALIZE build/GEDE01/src/game/game_fn_80189390.o
[572/908] EXTERNALIZE build/GEDE01/src/game/game_fn_801891D8.o
[573/908] EXTERNALIZE build/GEDE01/src/game/game_fn_80188E28.o
[574/908] EXTERNALIZE build/GEDE01/src/game/game_fn_80189028.o
[575/908] EXTERNALIZE build/GEDE01/src/game/game_fn_80188B44.o
[576/908] EXTERNALIZE build/GEDE01/src/game/game_fn_80188C1C.o
[577/908] EXTERNALIZE build/GEDE01/src/game/game_fn_80188A7C.o
[578/908] EXTERNALIZE build/GEDE01/src/game/game_fn_801878E0.o
[579/908] EXTERNALIZE build/GEDE01/src/game/game_fn_80187120.o
[580/908] EXTERNALIZE build/GEDE01/src/game/game_fn_8018FEDC.o
[581/908] EXTERNALIZE build/GEDE01/src/game/game_fn_80186E10.o
[582/908] EXTERNALIZE build/GEDE01/src/game/game_fn_801865EC.o
[583/908] EXTERNALIZE build/GEDE01/src/game/game_fn_80185AE8.o
[584/908] EXTERNALIZE build/GEDE01/src/game/game_fn_801859FC.o
[585/908] EXTERNALIZE build/GEDE01/src/game/game_fn_80180DDC.o
[586/908] EXTERNALIZE build/GEDE01/src/game/game_fn_8017E958.o
[587/908] EXTERNALIZE build/GEDE01/src/game/game_fn_8017E850.o
[588/908] EXTERNALIZE build/GEDE01/src/game/game_fn_8017718C.o
[589/908] EXTERNALIZE build/GEDE01/src/game/game_fn_801770F8.o
[590/908] EXTERNALIZE build/GEDE01/src/game/game_fn_80176FA0.o
[591/908] EXTERNALIZE build/GEDE01/src/game/game_fn_80176DF4.o
[592/908] EXTERNALIZE build/GEDE01/src/game/game_fn_80174358.o
[593/908] EXTERNALIZE build/GEDE01/src/game/game_fn_80173F04.o
[594/908] EXTERNALIZE build/GEDE01/src/game/game_fn_80174184.o
[595/908] EXTERNALIZE build/GEDE01/src/game/game_fn_8017553C.o
[596/908] EXTERNALIZE build/GEDE01/src/game/game_fn_80173D44.o
[597/908] EXTERNALIZE build/GEDE01/src/game/game_fn_80173770.o
[598/908] EXTERNALIZE build/GEDE01/src/game/game_fn_80173270.o
[599/908] EXTERNALIZE build/GEDE01/src/game/game_fn_801734B4.o
[600/908] EXTERNALIZE build/GEDE01/src/game/game_fn_80172DB8.o
[601/908] EXTERNALIZE build/GEDE01/src/game/game_fn_80172C78.o
[602/908] EXTERNALIZE build/GEDE01/src/game/game_fn_801726EC.o
[603/908] EXTERNALIZE build/GEDE01/src/game/game_fn_80172BB0.o
[604/908] EXTERNALIZE build/GEDE01/src/game/game_fn_80171F30.o
[605/908] EXTERNALIZE build/GEDE01/src/game/game_fn_8017250C.o
[606/908] EXTERNALIZE build/GEDE01/src/game/game_fn_801719B4.o
[607/908] EXTERNALIZE build/GEDE01/src/game/game_fn_801718F4.o
[608/908] EXTERNALIZE build/GEDE01/src/game/game_fn_80171664.o
[609/908] EXTERNALIZE build/GEDE01/src/game/game_fn_8017138C.o
[610/908] EXTERNALIZE build/GEDE01/src/game/game_fn_80170A40.o
[611/908] EXTERNALIZE build/GEDE01/src/game/game_fn_801706DC.o
[612/908] NORMALIZE build/GEDE01/src/game/game_TRKNubWelcome.o
[613/908] NORMALIZE build/GEDE01/src/game/game_TRK_main.o
[614/908] NORMALIZE build/GEDE01/src/game/game_data_80239E10.o
[615/908] NORMALIZE build/GEDE01/src/game/game_data_80239E18.o
[616/908] EXTERNALIZE build/GEDE01/src/game/game_fn_80170E9C.o
[617/908] EXTERNALIZE build/GEDE01/src/game/game_fn_8017652C.o
[618/908] EXTERNALIZE build/GEDE01/src/game/game_fn_80175E64.o
[619/908] EXTERNALIZE build/GEDE01/src/game/game_fn_80175F0C.o
[620/908] EXTERNALIZE build/GEDE01/src/game/game_fn_80175FD4.o
[621/908] EXTERNALIZE build/GEDE01/src/game/game_fn_80176098.o
[622/908] EXTERNALIZE build/GEDE01/src/game/game_fn_80176220.o
[623/908] EXTERNALIZE build/GEDE01/src/game/game_fn_80176160.o
[624/908] EXTERNALIZE build/GEDE01/src/game/game_fn_80170DF4.o
[625/908] EXTERNALIZE build/GEDE01/src/game/game_fn_801762E8.o
[626/908] EXTERNALIZE build/GEDE01/src/game/game_fn_8016E8F8.o
[627/908] EXTERNALIZE build/GEDE01/src/game/game_fn_8016FEF8.o
[628/908] EXTERNALIZE build/GEDE01/src/game/game_fn_801704F8.o
[629/908] EXTERNALIZE build/GEDE01/src/game/game_fn_8016D2B8.o
[630/908] NORMALIZE build/GEDE01/src/game/game_fn_8016DF4C.o
[631/908] EXTERNALIZE build/GEDE01/src/game/game_fn_8016D040.o
[632/908] EXTERNALIZE build/GEDE01/src/game/game_fn_8016D1F8.o
[633/908] EXTERNALIZE build/GEDE01/src/game/game_fn_8016C774.o
[634/908] EXTERNALIZE build/GEDE01/src/game/game_fn_8016C4BC.o
[635/908] EXTERNALIZE build/GEDE01/src/game/game_fn_8016C238.o
[636/908] EXTERNALIZE build/GEDE01/src/game/game_fn_8016C164.o
[637/908] EXTERNALIZE build/GEDE01/src/game/game_fn_8016C0BC.o
[638/908] EXTERNALIZE build/GEDE01/src/game/game_fn_8017038C.o
[639/908] EXTERNALIZE build/GEDE01/src/game/game_fn_8016BE1C.o
[640/908] EXTERNALIZE build/GEDE01/src/game/game_fn_8016BF60.o
[641/908] EXTERNALIZE build/GEDE01/src/game/game_fn_8016BD0C.o
[642/908] EXTERNALIZE build/GEDE01/src/game/game_fn_80169650.o
[643/908] EXTERNALIZE build/GEDE01/src/game/game_fn_80167B5C.o
[644/908] EXTERNALIZE build/GEDE01/src/game/game_fn_8015EDC0.o
[645/908] EXTERNALIZE build/GEDE01/src/game/game_fn_8015DB84.o
[646/908] EXTERNALIZE build/GEDE01/src/game/game_fn_8015DC54.o
[647/908] EXTERNALIZE build/GEDE01/src/game/game_fn_80158B20.o
[648/908] EXTERNALIZE build/GEDE01/src/game/game_fn_80179398.o
[649/908] EXTERNALIZE build/GEDE01/src/game/game_fn_8017974C.o
[650/908] EXTERNALIZE build/GEDE01/src/game/game_fn_8017960C.o
[651/908] EXTERNALIZE build/GEDE01/src/game/game_fn_8017A9B8.o
[652/908] EXTERNALIZE build/GEDE01/src/game/game_fn_80179904.o
[653/908] EXTERNALIZE build/GEDE01/src/game/game_fn_80179A18.o
[654/908] EXTERNALIZE build/GEDE01/src/game/game_fn_80179A74.o
[655/908] EXTERNALIZE build/GEDE01/src/game/game_fn_80179EB8.o
[656/908] EXTERNALIZE build/GEDE01/src/game/game_fn_80179F20.o
[657/908] EXTERNALIZE build/GEDE01/src/game/game_fn_8017A010.o
[658/908] EXTERNALIZE build/GEDE01/src/game/game_fn_8017A12C.o
[659/908] EXTERNALIZE build/GEDE01/src/game/game_fn_80157C0C.o
[660/908] EXTERNALIZE build/GEDE01/src/game/game_fn_8017A1C0.o
[661/908] EXTERNALIZE build/GEDE01/src/game/game_fn_80155814.o
[662/908] EXTERNALIZE build/GEDE01/src/game/game_fn_8014B494.o
[663/908] EXTERNALIZE build/GEDE01/src/game/game_fn_80153898.o
[664/908] EXTERNALIZE build/GEDE01/src/game/game_fn_8014AF38.o
[665/908] EXTERNALIZE build/GEDE01/src/game/game_fn_8012DB28.o
[666/908] EXTERNALIZE build/GEDE01/src/game/game_fn_801141B8.o
[667/908] EXTERNALIZE build/GEDE01/src/game/game_fn_801128E4.o
[668/908] EXTERNALIZE build/GEDE01/src/game/game_fn_8010F184.o
[669/908] EXTERNALIZE build/GEDE01/src/game/game_fn_801126E0.o
[670/908] EXTERNALIZE build/GEDE01/src/game/game_fn_800C17EC.o
[671/908] EXTERNALIZE build/GEDE01/src/game/game_fn_800E4980.o
[672/908] EXTERNALIZE build/GEDE01/src/game/game_fn_800C030C.o
[673/908] EXTERNALIZE build/GEDE01/src/game/game_fn_800C59F0.o
[674/908] EXTERNALIZE build/GEDE01/src/game/game_fn_800C65FC.o
[675/908] EXTERNALIZE build/GEDE01/src/game/game_fn_800C644C.o
[676/908] EXTERNALIZE build/GEDE01/src/game/game_fn_800CB8F4.o
[677/908] EXTERNALIZE build/GEDE01/src/game/game_fn_800CB760.o
[678/908] EXTERNALIZE build/GEDE01/src/game/game_fn_80079908.o
[679/908] EXTERNALIZE build/GEDE01/src/game/game_fn_80078500.o
[680/908] EXTERNALIZE build/GEDE01/src/game/game_fn_8007B2F4.o
[681/908] EXTERNALIZE build/GEDE01/src/game/game_fn_8007B540.o
[682/908] EXTERNALIZE build/GEDE01/src/game/game_fn_8007B640.o
[683/908] EXTERNALIZE build/GEDE01/src/game/game_fn_8007BA3C.o
[684/908] EXTERNALIZE build/GEDE01/src/game/game_fn_800886D8.o
[685/908] EXTERNALIZE build/GEDE01/src/game/game_fn_800A3894.o
[686/908] EXTERNALIZE build/GEDE01/src/game/game_fn_800934A0.o
[687/908] EXTERNALIZE build/GEDE01/src/game/game_fn_800A7E88.o
[688/908] EXTERNALIZE build/GEDE01/src/game/game_fn_800A4798.o
[689/908] GLOBALIZE build/GEDE01/src/game/game_fn_800A2130.o
[690/908] EXTERNALIZE build/GEDE01/src/game/game_fn_800A2FCC.o
[691/908] EXTERNALIZE build/GEDE01/src/game/game_fn_8009C424.o
[692/908] EXTERNALIZE SWITCHES build/GEDE01/src/game/game_fn_80095FDC.o
[693/908] EXTERNALIZE build/GEDE01/src/game/game_fn_80096830.o
[694/908] GLOBALIZE build/GEDE01/src/game/game_fn_8008F890.o
[695/908] EXTERNALIZE build/GEDE01/src/game/game_fn_800A4428.o
[696/908] EXTERNALIZE build/GEDE01/src/game/game_fn_80074310.o
[697/908] GLOBALIZE build/GEDE01/src/game/game_fn_8005FD84.o
[698/908] EXTERNALIZE build/GEDE01/src/game/game_fn_80066888.o
[699/908] EXTERNALIZE build/GEDE01/src/game/game_fn_8005EC6C.o
[700/908] EXTERNALIZE build/GEDE01/src/game/game_fn_80052310.o
[701/908] EXTERNALIZE build/GEDE01/src/game/game_fn_80048B24.o
[702/908] NAME SWITCH build/GEDE01/src/game/game_fn_80020E94.o
[703/908] NAME SWITCH build/GEDE01/src/game/game_fn_8005EE9C.o
[704/908] NAME SWITCH build/GEDE01/src/game/game_fn_8016D9C0.o
[705/908] NAME SWITCH build/GEDE01/src/game/game_fn_80071A58.o
[706/908] EXTERNALIZE build/GEDE01/src/game/game_fn_80048ADC.o
[707/908] NAME SWITCH build/GEDE01/src/game/game_fn_8006B620.o
[708/908] NAME SWITCH build/GEDE01/src/game/game_fn_8001FE1C.o
[709/908] NAME SWITCH build/GEDE01/src/game/game_fn_8001E644.o
[710/908] EXTERNALIZE build/GEDE01/src/game/game_fn_80038878.o
[711/908] EXTERNALIZE build/GEDE01/src/game/game_fn_801B46C8.o
build/GEDE01/src/game/game_fn_801B46C8.o: lbl_8060C020 now undefined; section 6 emptied
[712/908] EXTERNALIZE build/GEDE01/src/game/game_fn_80036C40.o
[713/908] EXTERNALIZE build/GEDE01/src/game/game_fn_800359A0.o
[714/908] EXTERNALIZE build/GEDE01/src/game/game_fn_80033180.o
[715/908] EXTERNALIZE build/GEDE01/src/game/game_fn_80033038.o
[716/908] EXTERNALIZE build/GEDE01/src/game/game_fn_80032B84.o
[717/908] EXTERNALIZE build/GEDE01/src/game/game_fn_8003232C.o
[718/908] EXTERNALIZE build/GEDE01/src/game/game_fn_8002E3F0.o
[719/908] EXTERNALIZE build/GEDE01/src/game/game_fn_8002DAE0.o
[720/908] EXTERNALIZE build/GEDE01/src/game/game_fn_8002EA68.o
[721/908] GLOBALIZE build/GEDE01/src/game/game_fn_8002B748.o
[722/908] EXTERNALIZE build/GEDE01/src/game/game_fn_8002F428.o
[723/908] NAME SWITCHES build/GEDE01/src/game/game_fn_80024F28.o
[724/908] EXTERNALIZE build/GEDE01/src/game/game_fn_800272B4.o
[725/908] EXTERNALIZE build/GEDE01/src/game/game_fn_8001CE94.o
[726/908] EXTERNALIZE build/GEDE01/src/game/game_fn_8001CD58.o
[727/908] EXTERNALIZE build/GEDE01/src/game/game_fn_8001C078.o
[728/908] EXTERNALIZE build/GEDE01/src/game/game_fn_8001B874.o
[729/908] EXTERNALIZE build/GEDE01/src/game/game_fn_8001B808.o
[730/908] EXTERNALIZE build/GEDE01/src/game/game_fn_8001B294.o
[731/908] EXTERNALIZE build/GEDE01/src/game/game_fn_8001B124.o
[732/908] EXTERNALIZE build/GEDE01/src/game/game_fn_8001ADF8.o
[733/908] EXTERNALIZE build/GEDE01/src/game/game_fn_8001AAB8.o
[734/908] EXTERNALIZE build/GEDE01/src/game/game_fn_8001AF68.o
[735/908] EXTERNALIZE build/GEDE01/src/game/game_fn_8001A6C4.o
[736/908] EXTERNALIZE build/GEDE01/src/game/game_fn_80019F98.o
[737/908] EXTERNALIZE build/GEDE01/src/game/game_fn_80019C10.o
[738/908] EXTERNALIZE build/GEDE01/src/game/game_fn_80019D2C.o
[739/908] EXTERNALIZE build/GEDE01/src/game/game_fn_80019940.o
[740/908] EXTERNALIZE build/GEDE01/src/game/game_fn_800194D0.o
[741/908] EXTERNALIZE build/GEDE01/src/game/game_fn_80019244.o
[742/908] EXTERNALIZE build/GEDE01/src/game/game_fn_80019054.o
[743/908] EXTERNALIZE build/GEDE01/src/game/game_fn_80018EF4.o
[744/908] EXTERNALIZE build/GEDE01/src/game/game_fn_80017DB0.o
[745/908] EXTERNALIZE build/GEDE01/src/game/game_fn_80017CC8.o
[746/908] EXTERNALIZE build/GEDE01/src/game/game_fn_80017C3C.o
[747/908] EXTERNALIZE build/GEDE01/src/game/game_fn_80017A3C.o
[748/908] EXTERNALIZE build/GEDE01/src/game/game_fn_80017AE4.o
[749/908] EXTERNALIZE build/GEDE01/src/game/game_fn_800179AC.o
[750/908] EXTERNALIZE build/GEDE01/src/game/game_fn_80017910.o
[751/908] EXTERNALIZE FLAGS build/GEDE01/src/game/game_fn_800119FC.o
[752/908] EXTERNALIZE build/GEDE01/src/game/game_fn_8000FFD8.o
[753/908] EXTERNALIZE build/GEDE01/src/game/game_fn_8000F4B0.o
[754/908] EXTERNALIZE build/GEDE01/src/game/game_fn_8000EFC4.o
[755/908] GLOBALIZE build/GEDE01/src/game/game_fn_800094C0.o
[756/908] EXTERNALIZE build/GEDE01/src/game/game_fn_800096E0.o
[757/908] EXTERNALIZE build/GEDE01/src/game/game_fn_800098C0.o
[758/908] EXTERNALIZE build/GEDE01/src/game/game_fn_800099D8.o
[759/908] EXTERNALIZE build/GEDE01/src/game/game_fn_80009AB4.o
[760/908] EXTERNALIZE build/GEDE01/src/game/game_fn_8000A26C.o
[761/908] EXTERNALIZE build/GEDE01/src/game/game_fn_800171C0.o
[762/908] EXTERNALIZE build/GEDE01/src/game/game_fn_8000AC88.o
[763/908] EXTERNALIZE build/GEDE01/src/game/game_fn_800176F0.o
[764/908] EXTERNALIZE build/GEDE01/src/game/game_fn_8000AFB4.o
[765/908] EXTERNALIZE build/GEDE01/src/game/game_fn_8000AEB4.o
[766/908] EXTERNALIZE build/GEDE01/src/game/game_fn_8000B36C.o
[767/908] EXTERNALIZE build/GEDE01/src/game/game_fn_8000B1B8.o
[768/908] EXTERNALIZE build/GEDE01/src/game/game_fn_8000B630.o
[769/908] EXTERNALIZE build/GEDE01/src/game/game_fn_8000B7FC.o
[770/908] EXTERNALIZE build/GEDE01/src/game/game_fn_8000BA0C.o
[771/908] EXTERNALIZE build/GEDE01/src/game/game_fn_8000B900.o
[772/908] EXTERNALIZE build/GEDE01/src/game/game_fn_8000BC40.o
[773/908] EXTERNALIZE build/GEDE01/src/game/game_fn_8000BAA0.o
[774/908] EXTERNALIZE build/GEDE01/src/game/game_fn_8000C06C.o
[775/908] EXTERNALIZE build/GEDE01/src/game/game_fn_8000C17C.o
[776/908] EXTERNALIZE build/GEDE01/src/game/game_fn_8000C400.o
[777/908] EXTERNALIZE build/GEDE01/src/game/game_fn_8000C848.o
[778/908] EXTERNALIZE build/GEDE01/src/game/game_fn_8000C91C.o
[779/908] EXTERNALIZE build/GEDE01/src/game/game_fn_8000D0BC.o
[780/908] NAME SWITCH build/GEDE01/src/game/game_fn_8000D8A4.o
[781/908] EXTERNALIZE build/GEDE01/src/game/game_fn_8000D3D4.o
[782/908] EXTERNALIZE build/GEDE01/src/game/game_fn_8000E054.o
[783/908] EXTERNALIZE build/GEDE01/src/game/game_fn_8000E0AC.o
[784/908] EXTERNALIZE build/GEDE01/src/game/game_fn_8000E96C.o
[785/908] EXTERNALIZE build/GEDE01/src/game/game_fn_8000F774.o
[786/908] EXTERNALIZE build/GEDE01/src/game/game_fn_8000EB14.o
[787/908] EXTERNALIZE build/GEDE01/src/game/game_fn_8000EBD4.o
[788/908] EXTERNALIZE build/GEDE01/src/game/game_fn_8000ED44.o
[789/908] EXTERNALIZE build/GEDE01/src/game/game_fn_8000E138.o
[790/908] EXTERNALIZE build/GEDE01/src/game/game_fn_8000E1C4.o
[791/908] EXTERNALIZE build/GEDE01/src/game/game_fn_8000D590.o
[792/908] EXTERNALIZE build/GEDE01/src/game/game_fn_8000DA50.o
[793/908] EXTERNALIZE build/GEDE01/src/game/game_fn_80012DA8.o
[794/908] EXTERNALIZE build/GEDE01/src/game/game_fn_8000DAF4.o
[795/908] EXTERNALIZE build/GEDE01/src/game/game_fn_80012F40.o
[796/908] EXTERNALIZE build/GEDE01/src/game/game_fn_80012FD0.o
[797/908] EXTERNALIZE build/GEDE01/src/game/game_fn_800131E8.o
[798/908] EXTERNALIZE build/GEDE01/src/game/game_fn_80013340.o
[799/908] EXTERNALIZE build/GEDE01/src/game/game_fn_80013CB0.o
[800/908] EXTERNALIZE build/GEDE01/src/game/game_fn_80013870.o
[801/908] EXTERNALIZE build/GEDE01/src/game/game_fn_80013D54.o
[802/908] EXTERNALIZE build/GEDE01/src/game/game_fn_800142DC.o
[803/908] EXTERNALIZE build/GEDE01/src/game/game_fn_80014784.o
[804/908] EXTERNALIZE build/GEDE01/src/game/game_fn_800144CC.o
[805/908] EXTERNALIZE build/GEDE01/src/game/game_fn_800149D4.o
[806/908] EXTERNALIZE build/GEDE01/src/game/game_fn_80015058.o
[807/908] EXTERNALIZE build/GEDE01/src/game/game_fn_80015320.o
[808/908] EXTERNALIZE build/GEDE01/src/game/game_fn_80015568.o
[809/908] EXTERNALIZE build/GEDE01/src/game/game_fn_800156FC.o
[810/908] EXTERNALIZE build/GEDE01/src/game/game_fn_80015BE0.o
[811/908] EXTERNALIZE build/GEDE01/src/game/game_fn_80015F04.o
[812/908] EXTERNALIZE build/GEDE01/src/game/game_fn_80015D40.o
[813/908] EXTERNALIZE build/GEDE01/src/game/game_fn_80016128.o
[814/908] EXTERNALIZE build/GEDE01/src/game/game_fn_80016270.o
[815/908] EXTERNALIZE build/GEDE01/src/game/game_fn_800173CC.o
[816/908] EXTERNALIZE build/GEDE01/src/game/game_fn_80016904.o
[817/908] EXTERNALIZE build/GEDE01/src/game/game_fn_80016B24.o
[818/908] EXTERNALIZE build/GEDE01/src/game/game_fn_801B86C0.o
[819/908] EXTERNALIZE build/GEDE01/src/game/game_fn_801BEF40.o
[820/908] EXTERNALIZE STATIC POOL build/GEDE01/src/game/game_fn_801C4B5C.o
build/GEDE01/src/game/game_fn_801C4B5C.o: lbl_80628CB0 now undefined; section 6 emptied
[821/908] EXTERNALIZE build/GEDE01/src/game/game_fn_801C8600.o
[822/908] EXTERNALIZE build/GEDE01/src/game/game_fn_8014BA14.o
[823/908] EXTERNALIZE build/GEDE01/src/game/game_fn_800B2EC0.o
[824/908] EXTERNALIZE build/GEDE01/src/game/game_fn_8001CA04.o
[825/908] EXTERNALIZE build/GEDE01/src/game/game_fn_80031544.o
[826/908] EXTERNALIZE build/GEDE01/src/game/game_fn_8006B0F0.o
[827/908] EXTERNALIZE build/GEDE01/src/game/game_fn_8007D4D8.o
[828/908] EXTERNALIZE build/GEDE01/src/game/game_fn_8007F770.o
[829/908] EXTERNALIZE build/GEDE01/src/game/game_fn_80088F4C.o
[830/908] EXTERNALIZE build/GEDE01/src/game/game_fn_8008A2E0.o
[831/908] EXTERNALIZE build/GEDE01/src/game/game_fn_80089A34.o
[832/908] EXTERNALIZE build/GEDE01/src/game/game_fn_80090004.o
[833/908] EXTERNALIZE build/GEDE01/src/game/game_fn_80095D10.o
[834/908] EXTERNALIZE build/GEDE01/src/game/game_fn_800A3180.o
[835/908] EXTERNALIZE build/GEDE01/src/game/game_fn_800BB7A8.o
[836/908] EXTERNALIZE build/GEDE01/src/game/game_fn_800BB5C4.o
[837/908] EXTERNALIZE build/GEDE01/src/game/game_fn_800BB9A4.o
[838/908] EXTERNALIZE build/GEDE01/src/game/game_fn_800BBAF0.o
[839/908] EXTERNALIZE build/GEDE01/src/game/game_fn_800D9064.o
[840/908] EXTERNALIZE build/GEDE01/src/game/game_fn_800D9E10.o
[841/908] EXTERNALIZE build/GEDE01/src/game/game_fn_8012976C.o
[842/908] EXTERNALIZE build/GEDE01/src/game/game_fn_8013DB8C.o
[843/908] EXTERNALIZE build/GEDE01/src/game/game_fn_8013CBE4.o
[844/908] EXTERNALIZE build/GEDE01/src/game/game_fn_8014CA98.o
[845/908] EXTERNALIZE build/GEDE01/src/game/game_fn_80153A24.o
[846/908] EXTERNALIZE build/GEDE01/src/game/game_fn_80174F2C.o
[847/908] EXTERNALIZE build/GEDE01/src/game/game_fn_801535D8.o
[848/908] EXTERNALIZE build/GEDE01/src/game/game_fn_8017AC20.o
[849/908] EXTERNALIZE build/GEDE01/src/game/game_fn_801752B0.o
[850/908] EXTERNALIZE build/GEDE01/src/game/game_fn_8018680C.o
[851/908] EXTERNALIZE build/GEDE01/src/game/game_fn_801861C4.o
[852/908] EXTERNALIZE build/GEDE01/src/game/game_fn_80187320.o
[853/908] EXTERNALIZE build/GEDE01/src/game/game_fn_80186F70.o
[854/908] EXTERNALIZE build/GEDE01/src/game/game_fn_801810A0.o
[855/908] EXTERNALIZE build/GEDE01/src/game/game_fn_801875FC.o
[856/908] EXTERNALIZE build/GEDE01/src/game/game_fn_800542D0.o
[857/908] EXTERNALIZE build/GEDE01/src/game/game_fn_80189C14.o
[858/908] EXTERNALIZE build/GEDE01/src/game/game_fn_80187BB4.o
[859/908] EXTERNALIZE build/GEDE01/src/game/game_fn_8018C2D0.o
[860/908] EXTERNALIZE build/GEDE01/src/game/game_fn_8018D400.o
[861/908] EXTERNALIZE build/GEDE01/src/game/game_fn_8018E0D8.o
[862/908] EXTERNALIZE build/GEDE01/src/game/game_fn_8019120C.o
[863/908] EXTERNALIZE build/GEDE01/src/game/game_fn_8018DC24.o
[864/908] EXTERNALIZE build/GEDE01/src/game/game_fn_801926EC.o
[865/908] EXTERNALIZE build/GEDE01/src/game/game_fn_801916D0.o
[866/908] EXTERNALIZE build/GEDE01/src/game/game_fn_801929A4.o
[867/908] EXTERNALIZE build/GEDE01/src/game/game_fn_801952E8.o
[868/908] EXTERNALIZE build/GEDE01/src/game/game_fn_801A2A54.o
[869/908] EXTERNALIZE build/GEDE01/src/game/game_fn_801A34BC.o
[870/908] EXTERNALIZE build/GEDE01/src/game/game_fn_801A657C.o
[871/908] EXTERNALIZE build/GEDE01/src/game/game_fn_801E2A48.o
[872/908] EXTERNALIZE build/GEDE01/src/game/game_fn_801D1F78.o
[873/908] EXTERNALIZE build/GEDE01/src/game/game_fn_801E6814.o
[874/908] EXTERNALIZE build/GEDE01/src/game/game_fn_801E995C.o
[875/908] EXTERNALIZE build/GEDE01/src/game/game_fn_801F0CB0.o
[876/908] EXTERNALIZE build/GEDE01/src/game/game_fn_801EF580.o
[877/908] EXTERNALIZE build/GEDE01/src/game/game_fn_801F10BC.o
[878/908] EXTERNALIZE build/GEDE01/src/game/game_fn_801F35A8.o
[879/908] EXTERNALIZE build/GEDE01/src/game/game_fn_801ECD74.o
[880/908] EXTERNALIZE build/GEDE01/src/game/game_fn_801ED5F4.o
[881/908] EXTERNALIZE build/GEDE01/src/game/game_fn_801F69F0.o
[882/908] EXTERNALIZE build/GEDE01/src/game/game_fn_801F76EC.o
[883/908] EXTERNALIZE build/GEDE01/src/game/game_fn_801F8264.o
[884/908] EXTERNALIZE build/GEDE01/src/game/game_fn_801F89B4.o
[885/908] EXTERNALIZE build/GEDE01/src/game/game_fn_801F9AF8.o
[886/908] EXTERNALIZE build/GEDE01/src/game/game_fn_801F6BD8.o
[887/908] EXTERNALIZE JUMPTABLES build/GEDE01/src/game/game_fn_800361F8.o
[888/908] EXTERNALIZE build/GEDE01/src/game/game_fn_801FB6A4.o
[889/908] EXTERNALIZE JUMPTABLES build/GEDE01/src/game/game_fn_8006E53C.o
[890/908] EXTERNALIZE JUMPTABLES build/GEDE01/src/game/game_fn_800CF598.o
[891/908] EXTERNALIZE JUMPTABLES build/GEDE01/src/game/game_fn_801ACFE8.o
[892/908] EXTERNALIZE JUMPTABLES build/GEDE01/src/game/game_fn_801B1BA0.o
[893/908] EXTERNALIZE build/GEDE01/src/game/game_fn_80154F74.o
[894/908] EXTERNALIZE build/GEDE01/src/game/game_fn_801E504C.o
[895/908] EXTERNALIZE build/GEDE01/src/game/game_fn_8009E808.o
[896/908] EXTERNALIZE build/GEDE01/src/game/game_fn_801F1A38.o
[897/908] EXTERNALIZE build/GEDE01/src/game/game_fn_801FFE78.o
[898/908] EXTERNALIZE build/GEDE01/src/game/game_fn_801F55A0.o
[899/908] EXTERNALIZE build/GEDE01/src/game/game_fn_801F9CF4.o
[900/908] EXTERNALIZE build/GEDE01/src/game/game_fn_801F7510.o
[901/908] EXTERNALIZE build/GEDE01/src/game/game_fn_801FC034.o
[902/908] EXTERNALIZE build/GEDE01/src/game/game_fn_801FA9C8.o
[903/908] MWCC build/GEDE01/src/game/game_fn_80109CB0.o
[904/908] REPORT
 INFO Loading project .
 INFO Generating report for 7068 units (using 8 threads)
 INFO Report generated in 0.172s
 INFO Writing to build/GEDE01/report.json
[905/908] LINK build/GEDE01/main.elf
### mwldeppc.exe Linker Warning:
#   Section '.ignored' is unknown. Section ignored.
### mwldeppc.exe Linker Warning:
#   Section '.ignored' is unknown. Section ignored.
### mwldeppc.exe Linker Warning:
#   Section '.ignored' is unknown. Section ignored.
### mwldeppc.exe Linker Warning:
#   Section '.ignored' is unknown. Section ignored.
### mwldeppc.exe Linker Warning:
#   Section '.ignored' is unknown. Section ignored.
### mwldeppc.exe Linker Warning:
#   Section '.ignored' is unknown. Section ignored.
### mwldeppc.exe Linker Warning:
#   Section '.ignored' is unknown. Section ignored.
### mwldeppc.exe Linker Warning:
#   Section '.ignored' is unknown. Section ignored.
### mwldeppc.exe Linker Warning:
#   Section '.ignored' is unknown. Section ignored.
### mwldeppc.exe Linker Warning:
#   Section '.ignored' is unknown. Section ignored.
### mwldeppc.exe Linker Warning:
#   Section '.ignored' is unknown. Section ignored.
### mwldeppc.exe Linker Warning:
#   Section '.ignored' is unknown. Section ignored.
### mwldeppc.exe Linker Warning:
#   Section '.ignored' is unknown. Section ignored.
### mwldeppc.exe Linker Warning:
#   Section '.ignored' is unknown. Section ignored.
### mwldeppc.exe Linker Warning:
#   Section '.ignored' is unknown. Section ignored.
### mwldeppc.exe Linker Warning:
#   Section '.ignored' is unknown. Section ignored.
### mwldeppc.exe Linker Warning:
#   Section '.ignored' is unknown. Section ignored.
### mwldeppc.exe Linker Warning:
#   Section '.ignored' is unknown. Section ignored.
### mwldeppc.exe Linker Warning:
#   Section '.ignored' is unknown. Section ignored.
### mwldeppc.exe Linker Warning:
#   Section '.ignored' is unknown. Section ignored.
### mwldeppc.exe Linker Warning:
#   Section '.ignored' is unknown. Section ignored.
### mwldeppc.exe Linker Warning:
#   Section '.ignored' is unknown. Section ignored.
### mwldeppc.exe Linker Warning:
#   Section '.ignored' is unknown. Section ignored.
### mwldeppc.exe Linker Warning:
#   Section '.ignored' is unknown. Section ignored.
### mwldeppc.exe Linker Warning:
#   Section '.ignored' is unknown. Section ignored.
### mwldeppc.exe Linker Warning:
#   Section '.ignored' is unknown. Section ignored.
### mwldeppc.exe Linker Warning:
#   Section '.ignored' is unknown. Section ignored.
### mwldeppc.exe Linker Warning:
#   Section '.ignored' is unknown. Section ignored.
### mwldeppc.exe Linker Warning:
#   Section '.ignored' is unknown. Section ignored.
### mwldeppc.exe Linker Warning:
#   Section '.ignored' is unknown. Section ignored.
### mwldeppc.exe Linker Warning:
#   Section '.ignored' is unknown. Section ignored.
### mwldeppc.exe Linker Warning:
#   Section '.ignored' is unknown. Section ignored.
### mwldeppc.exe Linker Warning:
#   Section '.ignored' is unknown. Section ignored.
### mwldeppc.exe Linker Warning:
#   Section '.ignored' is unknown. Section ignored.
### mwldeppc.exe Linker Warning:
#   Section '.ignored' is unknown. Section ignored.
### mwldeppc.exe Linker Warning:
#   Section '.ignored' is unknown. Section ignored.
### mwldeppc.exe Linker Warning:
#   Section '.ignored' is unknown. Section ignored.
### mwldeppc.exe Linker Warning:
#   Section '.ignored' is unknown. Section ignored.
### mwldeppc.exe Linker Warning:
#   Section '.ignored' is unknown. Section ignored.
### mwldeppc.exe Linker Warning:
#   Section '.ignored' is unknown. Section ignored.
### mwldeppc.exe Linker Warning:
#   Section '.ignored' is unknown. Section ignored.
### mwldeppc.exe Linker Warning:
#   Section '.ignored' is unknown. Section ignored.
### mwldeppc.exe Linker Warning:
#   Section '.ignored' is unknown. Section ignored.
### mwldeppc.exe Linker Warning:
#   Section '.ignored' is unknown. Section ignored.
### mwldeppc.exe Linker Warning:
#   Section '.ignored' is unknown. Section ignored.
### mwldeppc.exe Linker Warning:
#   Section '.ignored' is unknown. Section ignored.
### mwldeppc.exe Linker Warning:
#   Section '.ignored' is unknown. Section ignored.
### mwldeppc.exe Linker Warning:
#   Section '.ignored' is unknown. Section ignored.
### mwldeppc.exe Linker Warning:
#   Section '.ignored' is unknown. Section ignored.
### mwldeppc.exe Linker Warning:
#   Section '.ignored' is unknown. Section ignored.
### mwldeppc.exe Linker Warning:
#   Section '.ignored' is unknown. Section ignored.
### mwldeppc.exe Linker Warning:
#   Section '.ignored' is unknown. Section ignored.
### mwldeppc.exe Linker Warning:
#   Section '.ignored' is unknown. Section ignored.
### mwldeppc.exe Linker Warning:
#   Section '.ignored' is unknown. Section ignored.
### mwldeppc.exe Linker Warning:
#   Section '.ignored' is unknown. Section ignored.
### mwldeppc.exe Linker Warning:
#   Section '.ignored' is unknown. Section ignored.
### mwldeppc.exe Linker Warning:
#   Section '.ignored' is unknown. Section ignored.
### mwldeppc.exe Linker Warning:
#   Section '.ignored' is unknown. Section ignored.
### mwldeppc.exe Linker Warning:
#   Section '.ignored' is unknown. Section ignored.
### mwldeppc.exe Linker Warning:
#   Section '.ignored' is unknown. Section ignored.
### mwldeppc.exe Linker Warning:
#   Section '.ignored' is unknown. Section ignored.
### mwldeppc.exe Linker Warning:
#   Section '.ignored' is unknown. Section ignored.
### mwldeppc.exe Linker Warning:
#   Section '.ignored' is unknown. Section ignored.
### mwldeppc.exe Linker Warning:
#   Section '.ignored' is unknown. Section ignored.
### mwldeppc.exe Linker Warning:
#   Section '.ignored' is unknown. Section ignored.
### mwldeppc.exe Linker Warning:
#   Section '.ignored' is unknown. Section ignored.
### mwldeppc.exe Linker Warning:
#   Section '.ignored' is unknown. Section ignored.
### mwldeppc.exe Linker Warning:
#   Section '.ignored' is unknown. Section ignored.
### mwldeppc.exe Linker Warning:
#   Section '.ignored' is unknown. Section ignored.
### mwldeppc.exe Linker Warning:
#   Section '.ignored' is unknown. Section ignored.
### mwldeppc.exe Linker Warning:
#   Section '.ignored' is unknown. Section ignored.
### mwldeppc.exe Linker Warning:
#   Section '.ignored' is unknown. Section ignored.
### mwldeppc.exe Linker Warning:
#   Section '.ignored' is unknown. Section ignored.
### mwldeppc.exe Linker Warning:
#   Section '.ignored' is unknown. Section ignored.
### mwldeppc.exe Linker Warning:
#   Section '.ignored' is unknown. Section ignored.
### mwldeppc.exe Linker Warning:
#   Section '.ignored' is unknown. Section ignored.
### mwldeppc.exe Linker Warning:
#   Section '.ignored' is unknown. Section ignored.
### mwldeppc.exe Linker Warning:
#   Section '.ignored' is unknown. Section ignored.
### mwldeppc.exe Linker Warning:
#   Section '.ignored' is unknown. Section ignored.
### mwldeppc.exe Linker Warning:
#   Section '.ignored' is unknown. Section ignored.
### mwldeppc.exe Linker Warning:
#   Section '.ignored' is unknown. Section ignored.
### mwldeppc.exe Linker Warning:
#   Section '.ignored' is unknown. Section ignored.
### mwldeppc.exe Linker Warning:
#   Section '.ignored' is unknown. Section ignored.
### mwldeppc.exe Linker Warning:
#   Section '.ignored' is unknown. Section ignored.
### mwldeppc.exe Linker Warning:
#   Section '.ignored' is unknown. Section ignored.
### mwldeppc.exe Linker Warning:
#   Section '.ignored' is unknown. Section ignored.
### mwldeppc.exe Linker Warning:
#   Section '.ignored' is unknown. Section ignored.
### mwldeppc.exe Linker Warning:
#   Section '.ignored' is unknown. Section ignored.
### mwldeppc.exe Linker Warning:
#   Section '.ignored' is unknown. Section ignored.
### mwldeppc.exe Linker Warning:
#   Section '.ignored' is unknown. Section ignored.
### mwldeppc.exe Linker Warning:
#   Section '.ignored' is unknown. Section ignored.
### mwldeppc.exe Linker Warning:
#   Section '.ignored' is unknown. Section ignored.
### mwldeppc.exe Linker Warning:
#   Section '.ignored' is unknown. Section ignored.
### mwldeppc.exe Linker Warning:
#   Section '.ignored' is unknown. Section ignored.
### mwldeppc.exe Linker Warning:
#   Section '.ignored' is unknown. Section ignored.
### mwldeppc.exe Linker Warning:
#   Section '.ignored' is unknown. Section ignored.
### mwldeppc.exe Linker Warning:
#   Section '.ignored' is unknown. Section ignored.
### mwldeppc.exe Linker Warning:
#   Section '.ignored' is unknown. Section ignored.
### mwldeppc.exe Linker Warning:
#   Section '.ignored' is unknown. Section ignored.
### mwldeppc.exe Linker Warning:
#   Section '.ignored' is unknown. Section ignored.
### mwldeppc.exe Linker Warning:
#   Section '.ignored' is unknown. Section ignored.
### mwldeppc.exe Linker Warning:
#   Section '.ignored' is unknown. Section ignored.
### mwldeppc.exe Linker Warning:
#   Section '.ignored' is unknown. Section ignored.
### mwldeppc.exe Linker Warning:
#   Section '.ignored' is unknown. Section ignored.
### mwldeppc.exe Linker Warning:
#   Section '.ignored' is unknown. Section ignored.
### mwldeppc.exe Linker Warning:
#   Section '.ignored' is unknown. Section ignored.
### mwldeppc.exe Linker Warning:
#   Section '.ignored' is unknown. Section ignored.
### mwldeppc.exe Linker Warning:
#   Section '.ignored' is unknown. Section ignored.
### mwldeppc.exe Linker Warning:
#   Section '.ignored' is unknown. Section ignored.
### mwldeppc.exe Linker Warning:
#   Section '.ignored' is unknown. Section ignored.
### mwldeppc.exe Linker Warning:
#   Section '.ignored' is unknown. Section ignored.
### mwldeppc.exe Linker Warning:
#   Section '.ignored' is unknown. Section ignored.
### mwldeppc.exe Linker Warning:
#   Section '.ignored' is unknown. Section ignored.
### mwldeppc.exe Linker Warning:
#   Section '.ignored' is unknown. Section ignored.
### mwldeppc.exe Linker Warning:
#   Section '.ignored' is unknown. Section ignored.
### mwldeppc.exe Linker Warning:
#   Section '.ignored' is unknown. Section ignored.
### mwldeppc.exe Linker Warning:
#   Section '.ignored' is unknown. Section ignored.
### mwldeppc.exe Linker Warning:
#   Section '.ignored' is unknown. Section ignored.
### mwldeppc.exe Linker Warning:
#   Section '.ignored' is unknown. Section ignored.
### mwldeppc.exe Linker Warning:
#   Section '.ignored' is unknown. Section ignored.
### mwldeppc.exe Linker Warning:
#   Section '.ignored' is unknown. Section ignored.
### mwldeppc.exe Linker Warning:
#   Section '.ignored' is unknown. Section ignored.
### mwldeppc.exe Linker Warning:
#   Section '.ignored' is unknown. Section ignored.
### mwldeppc.exe Linker Warning:
#   Section '.ignored' is unknown. Section ignored.
### mwldeppc.exe Linker Warning:
#   Section '.ignored' is unknown. Section ignored.
### mwldeppc.exe Linker Warning:
#   Section '.ignored' is unknown. Section ignored.
### mwldeppc.exe Linker Warning:
#   Section '.ignored' is unknown. Section ignored.
### mwldeppc.exe Linker Warning:
#   Section '.ignored' is unknown. Section ignored.
### mwldeppc.exe Linker Warning:
#   Section '.ignored' is unknown. Section ignored.
### mwldeppc.exe Linker Warning:
#   Section '.ignored' is unknown. Section ignored.
### mwldeppc.exe Linker Warning:
#   Section '.ignored' is unknown. Section ignored.
### mwldeppc.exe Linker Warning:
#   Section '.ignored' is unknown. Section ignored.
### mwldeppc.exe Linker Warning:
#   Section '.ignored' is unknown. Section ignored.
### mwldeppc.exe Linker Warning:
#   Section '.ignored' is unknown. Section ignored.
### mwldeppc.exe Linker Warning:
#   Section '.ignored' is unknown. Section ignored.
### mwldeppc.exe Linker Warning:
#   Section '.ignored' is unknown. Section ignored.
### mwldeppc.exe Linker Warning:
#   Section '.ignored' is unknown. Section ignored.
### mwldeppc.exe Linker Warning:
#   Section '.ignored' is unknown. Section ignored.
### mwldeppc.exe Linker Warning:
#   Section '.ignored' is unknown. Section ignored.
### mwldeppc.exe Linker Warning:
#   Section '.ignored' is unknown. Section ignored.
### mwldeppc.exe Linker Warning:
#   Section '.ignored' is unknown. Section ignored.
### mwldeppc.exe Linker Warning:
#   Section '.ignored' is unknown. Section ignored.
### mwldeppc.exe Linker Warning:
#   Section '.ignored' is unknown. Section ignored.
### mwldeppc.exe Linker Warning:
#   Section '.ignored' is unknown. Section ignored.
### mwldeppc.exe Linker Warning:
#   Section '.ignored' is unknown. Section ignored.
### mwldeppc.exe Linker Warning:
#   Section '.ignored' is unknown. Section ignored.
### mwldeppc.exe Linker Warning:
#   Section '.ignored' is unknown. Section ignored.
### mwldeppc.exe Linker Warning:
#   Section '.ignored' is unknown. Section ignored.
### mwldeppc.exe Linker Warning:
#   Section '.ignored' is unknown. Section ignored.
### mwldeppc.exe Linker Warning:
#   Section '.ignored' is unknown. Section ignored.
### mwldeppc.exe Linker Warning:
#   Section '.ignored' is unknown. Section ignored.
### mwldeppc.exe Linker Warning:
#   Section '.ignored' is unknown. Section ignored.
### mwldeppc.exe Linker Warning:
#   Section '.ignored' is unknown. Section ignored.
### mwldeppc.exe Linker Warning:
#   Section '.ignored' is unknown. Section ignored.
### mwldeppc.exe Linker Warning:
#   Section '.ignored' is unknown. Section ignored.
### mwldeppc.exe Linker Warning:
#   Section '.ignored' is unknown. Section ignored.
### mwldeppc.exe Linker Warning:
#   Section '.ignored' is unknown. Section ignored.
### mwldeppc.exe Linker Warning:
#   Section '.ignored' is unknown. Section ignored.
### mwldeppc.exe Linker Warning:
#   Section '.ignored' is unknown. Section ignored.
### mwldeppc.exe Linker Warning:
#   Section '.ignored' is unknown. Section ignored.
### mwldeppc.exe Linker Warning:
#   Section '.ignored' is unknown. Section ignored.
### mwldeppc.exe Linker Warning:
#   Section '.ignored' is unknown. Section ignored.
### mwldeppc.exe Linker Warning:
#   Section '.ignored' is unknown. Section ignored.
### mwldeppc.exe Linker Warning:
#   Section '.ignored' is unknown. Section ignored.
### mwldeppc.exe Linker Warning:
#   Section '.ignored' is unknown. Section ignored.
### mwldeppc.exe Linker Warning:
#   Section '.ignored' is unknown. Section ignored.
### mwldeppc.exe Linker Warning:
#   Section '.ignored' is unknown. Section ignored.
### mwldeppc.exe Linker Warning:
#   Section '.ignored' is unknown. Section ignored.
### mwldeppc.exe Linker Warning:
#   Section '.ignored' is unknown. Section ignored.
### mwldeppc.exe Linker Warning:
#   Section '.ignored' is unknown. Section ignored.
### mwldeppc.exe Linker Warning:
#   Section '.ignored' is unknown. Section ignored.
### mwldeppc.exe Linker Warning:
#   Section '.ignored' is unknown. Section ignored.
### mwldeppc.exe Linker Warning:
#   Section '.ignored' is unknown. Section ignored.
### mwldeppc.exe Linker Warning:
#   Section '.ignored' is unknown. Section ignored.
### mwldeppc.exe Linker Warning:
#   Section '.ignored' is unknown. Section ignored.
### mwldeppc.exe Linker Warning:
#   Section '.ignored' is unknown. Section ignored.
### mwldeppc.exe Linker Warning:
#   Section '.ignored' is unknown. Section ignored.
### mwldeppc.exe Linker Warning:
#   Section '.ignored' is unknown. Section ignored.
### mwldeppc.exe Linker Warning:
#   Section '.ignored' is unknown. Section ignored.
### mwldeppc.exe Linker Warning:
#   Section '.ignored' is unknown. Section ignored.
### mwldeppc.exe Linker Warning:
#   Section '.ignored' is unknown. Section ignored.
### mwldeppc.exe Linker Warning:
#   Section '.ignored' is unknown. Section ignored.
### mwldeppc.exe Linker Warning:
#   Section '.ignored' is unknown. Section ignored.
### mwldeppc.exe Linker Warning:
#   Section '.ignored' is unknown. Section ignored.
### mwldeppc.exe Linker Warning:
#   Section '.ignored' is unknown. Section ignored.
### mwldeppc.exe Linker Warning:
#   Section '.ignored' is unknown. Section ignored.
### mwldeppc.exe Linker Warning:
#   Section '.ignored' is unknown. Section ignored.
### mwldeppc.exe Linker Warning:
#   Section '.ignored' is unknown. Section ignored.
### mwldeppc.exe Linker Warning:
#   Section '.ignored' is unknown. Section ignored.
### mwldeppc.exe Linker Warning:
#   Section '.ignored' is unknown. Section ignored.
### mwldeppc.exe Linker Warning:
#   Section '.ignored' is unknown. Section ignored.
### mwldeppc.exe Linker Warning:
#   Section '.ignored' is unknown. Section ignored.
### mwldeppc.exe Linker Warning:
#   Section '.ignored' is unknown. Section ignored.
### mwldeppc.exe Linker Warning:
#   Section '.ignored' is unknown. Section ignored.
### mwldeppc.exe Linker Warning:
#   Section '.ignored' is unknown. Section ignored.
### mwldeppc.exe Linker Warning:
#   Section '.ignored' is unknown. Section ignored.
### mwldeppc.exe Linker Warning:
#   Section '.ignored' is unknown. Section ignored.
### mwldeppc.exe Linker Warning:
#   Section '.ignored' is unknown. Section ignored.
### mwldeppc.exe Linker Warning:
#   Section '.ignored' is unknown. Section ignored.
### mwldeppc.exe Linker Warning:
#   Section '.ignored' is unknown. Section ignored.
### mwldeppc.exe Linker Warning:
#   Section '.ignored' is unknown. Section ignored.
### mwldeppc.exe Linker Warning:
#   Section '.ignored' is unknown. Section ignored.
### mwldeppc.exe Linker Warning:
#   Section '.ignored' is unknown. Section ignored.
### mwldeppc.exe Linker Warning:
#   Section '.ignored' is unknown. Section ignored.
### mwldeppc.exe Linker Warning:
#   Section '.ignored' is unknown. Section ignored.
### mwldeppc.exe Linker Warning:
#   Section '.ignored' is unknown. Section ignored.
### mwldeppc.exe Linker Warning:
#   Section '.ignored' is unknown. Section ignored.
### mwldeppc.exe Linker Warning:
#   Section '.ignored' is unknown. Section ignored.
### mwldeppc.exe Linker Warning:
#   Section '.ignored' is unknown. Section ignored.
### mwldeppc.exe Linker Warning:
#   Section '.ignored' is unknown. Section ignored.
### mwldeppc.exe Linker Warning:
#   Section '.ignored' is unknown. Section ignored.
### mwldeppc.exe Linker Warning:
#   Section '.ignored' is unknown. Section ignored.
### mwldeppc.exe Linker Warning:
#   Section '.ignored' is unknown. Section ignored.
### mwldeppc.exe Linker Warning:
#   Section '.ignored' is unknown. Section ignored.
### mwldeppc.exe Linker Warning:
#   Section '.ignored' is unknown. Section ignored.
### mwldeppc.exe Linker Warning:
#   Section '.ignored' is unknown. Section ignored.
### mwldeppc.exe Linker Warning:
#   Section '.ignored' is unknown. Section ignored.
### mwldeppc.exe Linker Warning:
#   Section '.ignored' is unknown. Section ignored.
### mwldeppc.exe Linker Warning:
#   Section '.ignored' is unknown. Section ignored.
### mwldeppc.exe Linker Warning:
#   Section '.ignored' is unknown. Section ignored.
### mwldeppc.exe Linker Warning:
#   Section '.ignored' is unknown. Section ignored.
### mwldeppc.exe Linker Warning:
#   Section '.ignored' is unknown. Section ignored.
### mwldeppc.exe Linker Warning:
#   Section '.ignored' is unknown. Section ignored.
### mwldeppc.exe Linker Warning:
#   Section '.ignored' is unknown. Section ignored.
### mwldeppc.exe Linker Warning:
#   Section '.ignored' is unknown. Section ignored.
### mwldeppc.exe Linker Warning:
#   Section '.ignored' is unknown. Section ignored.
### mwldeppc.exe Linker Warning:
#   Section '.ignored' is unknown. Section ignored.
### mwldeppc.exe Linker Warning:
#   Section '.ignored' is unknown. Section ignored.
### mwldeppc.exe Linker Warning:
#   Section '.ignored' is unknown. Section ignored.
### mwldeppc.exe Linker Warning:
#   Section '.ignored' is unknown. Section ignored.
### mwldeppc.exe Linker Warning:
#   Section '.ignored' is unknown. Section ignored.
### mwldeppc.exe Linker Warning:
#   Section '.ignored' is unknown. Section ignored.
### mwldeppc.exe Linker Warning:
#   Section '.ignored' is unknown. Section ignored.
### mwldeppc.exe Linker Warning:
#   Section '.ignored' is unknown. Section ignored.
### mwldeppc.exe Linker Warning:
#   Section '.ignored' is unknown. Section ignored.
### mwldeppc.exe Linker Warning:
#   Section '.ignored' is unknown. Section ignored.
### mwldeppc.exe Linker Warning:
#   Section '.ignored' is unknown. Section ignored.
### mwldeppc.exe Linker Warning:
#   Section '.ignored' is unknown. Section ignored.
### mwldeppc.exe Linker Warning:
#   Section '.ignored' is unknown. Section ignored.
### mwldeppc.exe Linker Warning:
#   Section '.ignored' is unknown. Section ignored.
### mwldeppc.exe Linker Warning:
#   Section '.ignored' is unknown. Section ignored.
### mwldeppc.exe Linker Warning:
#   Section '.ignored' is unknown. Section ignored.
### mwldeppc.exe Linker Warning:
#   Section '.ignored' is unknown. Section ignored.
### mwldeppc.exe Linker Warning:
#   Section '.ignored' is unknown. Section ignored.
### mwldeppc.exe Linker Warning:
#   Section '.ignored' is unknown. Section ignored.
### mwldeppc.exe Linker Warning:
#   Section '.ignored' is unknown. Section ignored.
### mwldeppc.exe Linker Warning:
#   Section '.ignored' is unknown. Section ignored.
### mwldeppc.exe Linker Warning:
#   Section '.ignored' is unknown. Section ignored.
### mwldeppc.exe Linker Warning:
#   Section '.ignored' is unknown. Section ignored.
### mwldeppc.exe Linker Warning:
#   Section '.ignored' is unknown. Section ignored.
### mwldeppc.exe Linker Warning:
#   Section '.ignored' is unknown. Section ignored.
### mwldeppc.exe Linker Warning:
#   Section '.ignored' is unknown. Section ignored.
### mwldeppc.exe Linker Warning:
#   Section '.ignored' is unknown. Section ignored.
### mwldeppc.exe Linker Warning:
#   Section '.ignored' is unknown. Section ignored.
### mwldeppc.exe Linker Warning:
#   Section '.ignored' is unknown. Section ignored.
### mwldeppc.exe Linker Warning:
#   Section '.ignored' is unknown. Section ignored.
### mwldeppc.exe Linker Warning:
#   Section '.ignored' is unknown. Section ignored.
### mwldeppc.exe Linker Warning:
#   Section '.ignored' is unknown. Section ignored.
### mwldeppc.exe Linker Warning:
#   Section '.ignored' is unknown. Section ignored.
### mwldeppc.exe Linker Warning:
#   Section '.ignored' is unknown. Section ignored.
### mwldeppc.exe Linker Warning:
#   Section '.ignored' is unknown. Section ignored.
### mwldeppc.exe Linker Warning:
#   Section '.ignored' is unknown. Section ignored.
### mwldeppc.exe Linker Warning:
#   Section '.ignored' is unknown. Section ignored.
### mwldeppc.exe Linker Warning:
#   Section '.ignored' is unknown. Section ignored.
### mwldeppc.exe Linker Warning:
#   Section '.ignored' is unknown. Section ignored.
### mwldeppc.exe Linker Warning:
#   Section '.ignored' is unknown. Section ignored.
### mwldeppc.exe Linker Warning:
#   Section '.ignored' is unknown. Section ignored.
### mwldeppc.exe Linker Warning:
#   Section '.ignored' is unknown. Section ignored.
### mwldeppc.exe Linker Warning:
#   Section '.ignored' is unknown. Section ignored.
### mwldeppc.exe Linker Warning:
#   Section '.ignored' is unknown. Section ignored.
### mwldeppc.exe Linker Warning:
#   Section '.ignored' is unknown. Section ignored.
### mwldeppc.exe Linker Warning:
#   Section '.ignored' is unknown. Section ignored.
### mwldeppc.exe Linker Warning:
#   Section '.ignored' is unknown. Section ignored.
### mwldeppc.exe Linker Warning:
#   Section '.ignored' is unknown. Section ignored.
### mwldeppc.exe Linker Warning:
#   Section '.ignored' is unknown. Section ignored.
### mwldeppc.exe Linker Warning:
#   Section '.ignored' is unknown. Section ignored.
### mwldeppc.exe Linker Warning:
#   Section '.ignored' is unknown. Section ignored.
### mwldeppc.exe Linker Warning:
#   Section '.ignored' is unknown. Section ignored.
### mwldeppc.exe Linker Warning:
#   Section '.ignored' is unknown. Section ignored.
### mwldeppc.exe Linker Warning:
#   Section '.ignored' is unknown. Section ignored.
### mwldeppc.exe Linker Warning:
#   Section '.ignored' is unknown. Section ignored.
### mwldeppc.exe Linker Warning:
#   Section '.ignored' is unknown. Section ignored.
### mwldeppc.exe Linker Warning:
#   Section '.ignored' is unknown. Section ignored.
### mwldeppc.exe Linker Warning:
#   Section '.ignored' is unknown. Section ignored.
### mwldeppc.exe Linker Warning:
#   Section '.ignored' is unknown. Section ignored.
### mwldeppc.exe Linker Warning:
#   Section '.ignored' is unknown. Section ignored.
### mwldeppc.exe Linker Warning:
#   Section '.ignored' is unknown. Section ignored.
### mwldeppc.exe Linker Warning:
#   Section '.ignored' is unknown. Section ignored.
### mwldeppc.exe Linker Warning:
#   Section '.ignored' is unknown. Section ignored.
### mwldeppc.exe Linker Warning:
#   Section '.ignored' is unknown. Section ignored.
### mwldeppc.exe Linker Warning:
#   Section '.ignored' is unknown. Section ignored.
### mwldeppc.exe Linker Warning:
#   Section '.ignored' is unknown. Section ignored.
### mwldeppc.exe Linker Warning:
#   Section '.ignored' is unknown. Section ignored.
### mwldeppc.exe Linker Warning:
#   Section '.ignored' is unknown. Section ignored.
### mwldeppc.exe Linker Warning:
#   Section '.ignored' is unknown. Section ignored.
### mwldeppc.exe Linker Warning:
#   Section '.ignored' is unknown. Section ignored.
### mwldeppc.exe Linker Warning:
#   Section '.ignored' is unknown. Section ignored.
### mwldeppc.exe Linker Warning:
#   Section '.ignored' is unknown. Section ignored.
### mwldeppc.exe Linker Warning:
#   Section '.ignored' is unknown. Section ignored.
### mwldeppc.exe Linker Warning:
#   Section '.ignored' is unknown. Section ignored.
### mwldeppc.exe Linker Warning:
#   Section '.ignored' is unknown. Section ignored.
### mwldeppc.exe Linker Warning:
#   Section '.ignored' is unknown. Section ignored.
### mwldeppc.exe Linker Warning:
#   Section '.ignored' is unknown. Section ignored.
### mwldeppc.exe Linker Warning:
#   Section '.ignored' is unknown. Section ignored.
### mwldeppc.exe Linker Warning:
#   Section '.ignored' is unknown. Section ignored.
### mwldeppc.exe Linker Warning:
#   Section '.ignored' is unknown. Section ignored.
### mwldeppc.exe Linker Warning:
#   Section '.ignored' is unknown. Section ignored.
### mwldeppc.exe Linker Warning:
#   Section '.ignored' is unknown. Section ignored.
### mwldeppc.exe Linker Warning:
#   Section '.ignored' is unknown. Section ignored.
### mwldeppc.exe Linker Warning:
#   Section '.ignored' is unknown. Section ignored.
### mwldeppc.exe Linker Warning:
#   Section '.ignored' is unknown. Section ignored.
### mwldeppc.exe Linker Warning:
#   Section '.ignored' is unknown. Section ignored.
### mwldeppc.exe Linker Warning:
#   Section '.ignored' is unknown. Section ignored.
### mwldeppc.exe Linker Warning:
#   Section '.ignored' is unknown. Section ignored.
### mwldeppc.exe Linker Warning:
#   Section '.ignored' is unknown. Section ignored.
### mwldeppc.exe Linker Warning:
#   Section '.ignored' is unknown. Section ignored.
### mwldeppc.exe Linker Warning:
#   Section '.ignored' is unknown. Section ignored.
### mwldeppc.exe Linker Warning:
#   Section '.ignored' is unknown. Section ignored.
### mwldeppc.exe Linker Warning:
#   Section '.ignored' is unknown. Section ignored.
### mwldeppc.exe Linker Warning:
#   Section '.ignored' is unknown. Section ignored.
### mwldeppc.exe Linker Warning:
#   Section '.ignored' is unknown. Section ignored.
### mwldeppc.exe Linker Warning:
#   Section '.ignored' is unknown. Section ignored.
### mwldeppc.exe Linker Warning:
#   Section '.ignored' is unknown. Section ignored.
### mwldeppc.exe Linker Warning:
#   Section '.ignored' is unknown. Section ignored.
### mwldeppc.exe Linker Warning:
#   Section '.ignored' is unknown. Section ignored.
### mwldeppc.exe Linker Warning:
#   Section '.ignored' is unknown. Section ignored.
### mwldeppc.exe Linker Warning:
#   Section '.ignored' is unknown. Section ignored.
### mwldeppc.exe Linker Warning:
#   Section '.ignored' is unknown. Section ignored.
### mwldeppc.exe Linker Warning:
#   Section '.ignored' is unknown. Section ignored.
### mwldeppc.exe Linker Warning:
#   Section '.ignored' is unknown. Section ignored.
### mwldeppc.exe Linker Warning:
#   Section '.ignored' is unknown. Section ignored.
### mwldeppc.exe Linker Warning:
#   Section '.ignored' is unknown. Section ignored.
### mwldeppc.exe Linker Warning:
#   Section '.ignored' is unknown. Section ignored.
### mwldeppc.exe Linker Warning:
#   Section '.ignored' is unknown. Section ignored.
### mwldeppc.exe Linker Warning:
#   Section '.ignored' is unknown. Section ignored.
### mwldeppc.exe Linker Warning:
#   Section '.ignored' is unknown. Section ignored.
### mwldeppc.exe Linker Warning:
#   Section '.ignored' is unknown. Section ignored.
### mwldeppc.exe Linker Warning:
#   Section '.ignored' is unknown. Section ignored.
### mwldeppc.exe Linker Warning:
#   Section '.ignored' is unknown. Section ignored.
### mwldeppc.exe Linker Warning:
#   Section '.ignored' is unknown. Section ignored.
### mwldeppc.exe Linker Warning:
#   Section '.ignored' is unknown. Section ignored.
### mwldeppc.exe Linker Warning:
#   Section '.ignored' is unknown. Section ignored.
### mwldeppc.exe Linker Warning:
#   Section '.ignored' is unknown. Section ignored.
### mwldeppc.exe Linker Warning:
#   Section '.ignored' is unknown. Section ignored.
### mwldeppc.exe Linker Warning:
#   Section '.ignored' is unknown. Section ignored.
### mwldeppc.exe Linker Warning:
#   Section '.ignored' is unknown. Section ignored.
### mwldeppc.exe Linker Warning:
#   Section '.ignored' is unknown. Section ignored.
### mwldeppc.exe Linker Warning:
#   Section '.ignored' is unknown. Section ignored.
### mwldeppc.exe Linker Warning:
#   Section '.ignored' is unknown. Section ignored.
### mwldeppc.exe Linker Warning:
#   Section '.ignored' is unknown. Section ignored.
### mwldeppc.exe Linker Warning:
#   Section '.ignored' is unknown. Section ignored.
### mwldeppc.exe Linker Warning:
#   Section '.ignored' is unknown. Section ignored.
### mwldeppc.exe Linker Warning:
#   Section '.ignored' is unknown. Section ignored.
### mwldeppc.exe Linker Warning:
#   Section '.ignored' is unknown. Section ignored.
### mwldeppc.exe Linker Warning:
#   Section '.ignored' is unknown. Section ignored.
### mwldeppc.exe Linker Warning:
#   Section '.ignored' is unknown. Section ignored.
### mwldeppc.exe Linker Warning:
#   Section '.ignored' is unknown. Section ignored.
### mwldeppc.exe Linker Warning:
#   Section '.ignored' is unknown. Section ignored.
### mwldeppc.exe Linker Warning:
#   Section '.ignored' is unknown. Section ignored.
### mwldeppc.exe Linker Warning:
#   Section '.ignored' is unknown. Section ignored.
### mwldeppc.exe Linker Warning:
#   Section '.ignored' is unknown. Section ignored.
### mwldeppc.exe Linker Warning:
#   Section '.ignored' is unknown. Section ignored.
### mwldeppc.exe Linker Warning:
#   Section '.ignored' is unknown. Section ignored.
### mwldeppc.exe Linker Warning:
#   Section '.ignored' is unknown. Section ignored.
### mwldeppc.exe Linker Warning:
#   Section '.ignored' is unknown. Section ignored.
### mwldeppc.exe Linker Warning:
#   Section '.ignored' is unknown. Section ignored.
### mwldeppc.exe Linker Warning:
#   Section '.ignored' is unknown. Section ignored.
### mwldeppc.exe Linker Warning:
#   Section '.ignored' is unknown. Section ignored.
### mwldeppc.exe Linker Warning:
#   Section '.ignored' is unknown. Section ignored.
### mwldeppc.exe Linker Warning:
#   Section '.ignored' is unknown. Section ignored.
### mwldeppc.exe Linker Warning:
#   Section '.ignored' is unknown. Section ignored.
### mwldeppc.exe Linker Warning:
#   Section '.ignored' is unknown. Section ignored.
### mwldeppc.exe Linker Warning:
#   Section '.ignored' is unknown. Section ignored.
### mwldeppc.exe Linker Warning:
#   Section '.ignored' is unknown. Section ignored.
### mwldeppc.exe Linker Warning:
#   Section '.ignored' is unknown. Section ignored.
### mwldeppc.exe Linker Warning:
#   Section '.ignored' is unknown. Section ignored.
### mwldeppc.exe Linker Warning:
#   Section '.ignored' is unknown. Section ignored.
### mwldeppc.exe Linker Warning:
#   Section '.ignored' is unknown. Section ignored.
### mwldeppc.exe Linker Warning:
#   Section '.ignored' is unknown. Section ignored.
### mwldeppc.exe Linker Warning:
#   Section '.ignored' is unknown. Section ignored.
### mwldeppc.exe Linker Warning:
#   Section '.ignored' is unknown. Section ignored.
### mwldeppc.exe Linker Warning:
#   Section '.ignored' is unknown. Section ignored.
### mwldeppc.exe Linker Warning:
#   Section '.ignored' is unknown. Section ignored.
### mwldeppc.exe Linker Warning:
#   Section '.ignored' is unknown. Section ignored.
### mwldeppc.exe Linker Warning:
#   Section '.ignored' is unknown. Section ignored.
### mwldeppc.exe Linker Warning:
#   Section '.ignored' is unknown. Section ignored.
### mwldeppc.exe Linker Warning:
#   Section '.ignored' is unknown. Section ignored.
### mwldeppc.exe Linker Warning:
#   Section '.ignored' is unknown. Section ignored.
### mwldeppc.exe Linker Warning:
#   Section '.ignored' is unknown. Section ignored.
### mwldeppc.exe Linker Warning:
#   Section '.ignored' is unknown. Section ignored.
### mwldeppc.exe Linker Warning:
#   Section '.ignored' is unknown. Section ignored.
### mwldeppc.exe Linker Warning:
#   Section '.ignored' is unknown. Section ignored.
### mwldeppc.exe Linker Warning:
#   Section '.ignored' is unknown. Section ignored.
### mwldeppc.exe Linker Warning:
#   Section '.ignored' is unknown. Section ignored.
### mwldeppc.exe Linker Warning:
#   Section '.ignored' is unknown. Section ignored.
### mwldeppc.exe Linker Warning:
#   Section '.ignored' is unknown. Section ignored.
### mwldeppc.exe Linker Warning:
#   Section '.ignored' is unknown. Section ignored.
### mwldeppc.exe Linker Warning:
#   Section '.ignored' is unknown. Section ignored.
### mwldeppc.exe Linker Warning:
#   Section '.ignored' is unknown. Section ignored.
### mwldeppc.exe Linker Warning:
#   Section '.ignored' is unknown. Section ignored.
### mwldeppc.exe Linker Warning:
#   Section '.ignored' is unknown. Section ignored.
### mwldeppc.exe Linker Warning:
#   Section '.ignored' is unknown. Section ignored.
### mwldeppc.exe Linker Warning:
#   Section '.ignored' is unknown. Section ignored.
### mwldeppc.exe Linker Warning:
#   Section '.ignored' is unknown. Section ignored.
### mwldeppc.exe Linker Warning:
#   Section '.ignored' is unknown. Section ignored.
### mwldeppc.exe Linker Warning:
#   Section '.ignored' is unknown. Section ignored.
### mwldeppc.exe Linker Warning:
#   Section '.ignored' is unknown. Section ignored.
### mwldeppc.exe Linker Warning:
#   Section '.ignored' is unknown. Section ignored.
### mwldeppc.exe Linker Warning:
#   Section '.ignored' is unknown. Section ignored.
### mwldeppc.exe Linker Warning:
#   Section '.ignored' is unknown. Section ignored.
### mwldeppc.exe Linker Warning:
#   Section '.ignored' is unknown. Section ignored.
### mwldeppc.exe Linker Warning:
#   Section '.ignored' is unknown. Section ignored.
### mwldeppc.exe Linker Warning:
#   Section '.ignored' is unknown. Section ignored.
### mwldeppc.exe Linker Warning:
#   Section '.ignored' is unknown. Section ignored.
### mwldeppc.exe Linker Warning:
#   Section '.ignored' is unknown. Section ignored.
### mwldeppc.exe Linker Warning:
#   Section '.ignored' is unknown. Section ignored.
### mwldeppc.exe Linker Warning:
#   Section '.ignored' is unknown. Section ignored.
### mwldeppc.exe Linker Warning:
#   Section '.ignored' is unknown. Section ignored.
### mwldeppc.exe Linker Warning:
#   Section '.ignored' is unknown. Section ignored.
### mwldeppc.exe Linker Warning:
#   Section '.ignored' is unknown. Section ignored.
### mwldeppc.exe Linker Warning:
#   Section '.ignored' is unknown. Section ignored.
### mwldeppc.exe Linker Warning:
#   Section '.ignored' is unknown. Section ignored.
### mwldeppc.exe Linker Warning:
#   Section '.ignored' is unknown. Section ignored.
### mwldeppc.exe Linker Warning:
#   Section '.ignored' is unknown. Section ignored.
### mwldeppc.exe Linker Warning:
#   Section '.ignored' is unknown. Section ignored.
### mwldeppc.exe Linker Warning:
#   Section '.ignored' is unknown. Section ignored.
### mwldeppc.exe Linker Warning:
#   Section '.ignored' is unknown. Section ignored.
### mwldeppc.exe Linker Warning:
#   Section '.ignored' is unknown. Section ignored.
### mwldeppc.exe Linker Warning:
#   Section '.ignored' is unknown. Section ignored.
### mwldeppc.exe Linker Warning:
#   Section '.ignored' is unknown. Section ignored.
### mwldeppc.exe Linker Warning:
#   Section '.ignored' is unknown. Section ignored.
### mwldeppc.exe Linker Warning:
#   Section '.ignored' is unknown. Section ignored.
### mwldeppc.exe Linker Warning:
#   Section '.ignored' is unknown. Section ignored.
### mwldeppc.exe Linker Warning:
#   Section '.ignored' is unknown. Section ignored.
### mwldeppc.exe Linker Warning:
#   Section '.ignored' is unknown. Section ignored.
### mwldeppc.exe Linker Warning:
#   Section '.ignored' is unknown. Section ignored.
### mwldeppc.exe Linker Warning:
#   Section '.ignored' is unknown. Section ignored.
### mwldeppc.exe Linker Warning:
#   Section '.ignored' is unknown. Section ignored.
### mwldeppc.exe Linker Warning:
#   Section '.ignored' is unknown. Section ignored.
### mwldeppc.exe Linker Warning:
#   Section '.ignored' is unknown. Section ignored.
### mwldeppc.exe Linker Warning:
#   Section '.ignored' is unknown. Section ignored.
### mwldeppc.exe Linker Warning:
#   Section '.ignored' is unknown. Section ignored.
### mwldeppc.exe Linker Warning:
#   Section '.ignored' is unknown. Section ignored.
### mwldeppc.exe Linker Warning:
#   Section '.ignored' is unknown. Section ignored.
### mwldeppc.exe Linker Warning:
#   Section '.ignored' is unknown. Section ignored.
### mwldeppc.exe Linker Warning:
#   Section '.ignored' is unknown. Section ignored.
### mwldeppc.exe Linker Warning:
#   Section '.ignored' is unknown. Section ignored.
### mwldeppc.exe Linker Warning:
#   Section '.ignored' is unknown. Section ignored.
### mwldeppc.exe Linker Warning:
#   Section '.ignored' is unknown. Section ignored.
### mwldeppc.exe Linker Warning:
#   Section '.ignored' is unknown. Section ignored.
### mwldeppc.exe Linker Warning:
#   Section '.ignored' is unknown. Section ignored.
### mwldeppc.exe Linker Warning:
#   Section '.ignored' is unknown. Section ignored.
### mwldeppc.exe Linker Warning:
#   Section '.ignored' is unknown. Section ignored.
### mwldeppc.exe Linker Warning:
#   Section '.ignored' is unknown. Section ignored.
### mwldeppc.exe Linker Warning:
#   Section '.ignored' is unknown. Section ignored.
### mwldeppc.exe Linker Warning:
#   Section '.ignored' is unknown. Section ignored.
### mwldeppc.exe Linker Warning:
#   Section '.ignored' is unknown. Section ignored.
### mwldeppc.exe Linker Warning:
#   Section '.ignored' is unknown. Section ignored.
### mwldeppc.exe Linker Warning:
#   Section '.ignored' is unknown. Section ignored.
### mwldeppc.exe Linker Warning:
#   Section '.ignored' is unknown. Section ignored.
### mwldeppc.exe Linker Warning:
#   Section '.ignored' is unknown. Section ignored.
### mwldeppc.exe Linker Warning:
#   Section '.ignored' is unknown. Section ignored.
### mwldeppc.exe Linker Warning:
#   Section '.ignored' is unknown. Section ignored.
### mwldeppc.exe Linker Warning:
#   Section '.ignored' is unknown. Section ignored.
### mwldeppc.exe Linker Warning:
#   Section '.ignored' is unknown. Section ignored.
### mwldeppc.exe Linker Warning:
#   Section '.ignored' is unknown. Section ignored.
### mwldeppc.exe Linker Warning:
#   Section '.ignored' is unknown. Section ignored.
### mwldeppc.exe Linker Warning:
#   Section '.ignored' is unknown. Section ignored.
### mwldeppc.exe Linker Warning:
#   Section '.ignored' is unknown. Section ignored.
### mwldeppc.exe Linker Warning:
#   Section '.ignored' is unknown. Section ignored.
### mwldeppc.exe Linker Warning:
#   Section '.ignored' is unknown. Section ignored.
### mwldeppc.exe Linker Warning:
#   Section '.ignored' is unknown. Section ignored.
### mwldeppc.exe Linker Warning:
#   Section '.ignored' is unknown. Section ignored.
### mwldeppc.exe Linker Warning:
#   Section '.ignored' is unknown. Section ignored.
### mwldeppc.exe Linker Warning:
#   Section '.ignored' is unknown. Section ignored.
### mwldeppc.exe Linker Warning:
#   Section '.ignored' is unknown. Section ignored.
### mwldeppc.exe Linker Warning:
#   Section '.ignored' is unknown. Section ignored.
### mwldeppc.exe Linker Warning:
#   Section '.ignored' is unknown. Section ignored.
### mwldeppc.exe Linker Warning:
#   Section '.ignored' is unknown. Section ignored.
### mwldeppc.exe Linker Warning:
#   Section '.ignored' is unknown. Section ignored.
### mwldeppc.exe Linker Warning:
#   Section '.ignored' is unknown. Section ignored.
### mwldeppc.exe Linker Warning:
#   Section '.ignored' is unknown. Section ignored.
### mwldeppc.exe Linker Warning:
#   Section '.ignored' is unknown. Section ignored.
### mwldeppc.exe Linker Warning:
#   Section '.ignored' is unknown. Section ignored.
### mwldeppc.exe Linker Warning:
#   Section '.ignored' is unknown. Section ignored.
### mwldeppc.exe Linker Warning:
#   Section '.ignored' is unknown. Section ignored.
### mwldeppc.exe Linker Warning:
#   Section '.ignored' is unknown. Section ignored.
### mwldeppc.exe Linker Warning:
#   Section '.ignored' is unknown. Section ignored.
### mwldeppc.exe Linker Warning:
#   Section '.ignored' is unknown. Section ignored.
### mwldeppc.exe Linker Warning:
#   Section '.ignored' is unknown. Section ignored.
### mwldeppc.exe Linker Warning:
#   Section '.ignored' is unknown. Section ignored.
### mwldeppc.exe Linker Warning:
#   Section '.ignored' is unknown. Section ignored.
### mwldeppc.exe Linker Warning:
#   Section '.ignored' is unknown. Section ignored.
### mwldeppc.exe Linker Warning:
#   Section '.ignored' is unknown. Section ignored.
### mwldeppc.exe Linker Warning:
#   Section '.ignored' is unknown. Section ignored.
### mwldeppc.exe Linker Warning:
#   Section '.ignored' is unknown. Section ignored.
### mwldeppc.exe Linker Warning:
#   Section '.ignored' is unknown. Section ignored.
### mwldeppc.exe Linker Warning:
#   Section '.ignored' is unknown. Section ignored.
### mwldeppc.exe Linker Warning:
#   Section '.ignored' is unknown. Section ignored.
### mwldeppc.exe Linker Warning:
#   Section '.ignored' is unknown. Section ignored.
### mwldeppc.exe Linker Warning:
#   Section '.ignored' is unknown. Section ignored.
### mwldeppc.exe Linker Warning:
#   Section '.ignored' is unknown. Section ignored.
### mwldeppc.exe Linker Warning:
#   Section '.ignored' is unknown. Section ignored.
### mwldeppc.exe Linker Warning:
#   Section '.ignored' is unknown. Section ignored.
### mwldeppc.exe Linker Warning:
#   Section '.ignored' is unknown. Section ignored.
### mwldeppc.exe Linker Warning:
#   Section '.ignored' is unknown. Section ignored.
### mwldeppc.exe Linker Warning:
#   Section '.ignored' is unknown. Section ignored.
### mwldeppc.exe Linker Warning:
#   Section '.ignored' is unknown. Section ignored.
### mwldeppc.exe Linker Warning:
#   Section '.ignored' is unknown. Section ignored.
### mwldeppc.exe Linker Warning:
#   Section '.ignored' is unknown. Section ignored.
### mwldeppc.exe Linker Warning:
#   Section '.ignored' is unknown. Section ignored.
### mwldeppc.exe Linker Warning:
#   Section '.ignored' is unknown. Section ignored.
### mwldeppc.exe Linker Warning:
#   Section '.ignored' is unknown. Section ignored.
### mwldeppc.exe Linker Warning:
#   Section '.ignored' is unknown. Section ignored.
### mwldeppc.exe Linker Warning:
#   Section '.ignored' is unknown. Section ignored.
### mwldeppc.exe Linker Warning:
#   Section '.ignored' is unknown. Section ignored.
### mwldeppc.exe Linker Warning:
#   Section '.ignored' is unknown. Section ignored.
### mwldeppc.exe Linker Warning:
#   Section '.ignored' is unknown. Section ignored.
### mwldeppc.exe Linker Warning:
#   Section '.ignored' is unknown. Section ignored.
### mwldeppc.exe Linker Warning:
#   Section '.ignored' is unknown. Section ignored.
### mwldeppc.exe Linker Warning:
#   Section '.ignored' is unknown. Section ignored.
### mwldeppc.exe Linker Warning:
#   Section '.ignored' is unknown. Section ignored.
### mwldeppc.exe Linker Warning:
#   Section '.ignored' is unknown. Section ignored.
### mwldeppc.exe Linker Warning:
#   Section '.ignored' is unknown. Section ignored.
### mwldeppc.exe Linker Warning:
#   Section '.ignored' is unknown. Section ignored.
### mwldeppc.exe Linker Warning:
#   Section '.ignored' is unknown. Section ignored.
### mwldeppc.exe Linker Warning:
#   Section '.ignored' is unknown. Section ignored.
[906/908] DOL build/GEDE01/main.dol
[907/908] CHECK config/GEDE01/build.sha1
build/GEDE01/main.dol: OK
[908/908] PROGRESS
Progress:
  All: 58.22% fuzzy, 48.86% matched, 48.78% linked (6294 / 7068 files)
    Code: 1124116 / 2300692 bytes (6061 / 8214 functions)
    Data: 39606 / 4305642 bytes (0.92%)
  Game Code: 93.78% fuzzy, 78.67% matched, 78.54% linked (6276 / 6633 files)
    Code: 1121088 / 1425104 bytes (5999 / 6354 functions)
    Data: 39382 / 40426 bytes (97.42%)
  SDK/Runtime: 100.00% fuzzy, 100.00% matched, 100.00% linked (18 / 18 files)
    Code: 3028 / 3028 bytes (62 / 62 functions)
    Data: 224 / 224 bytes (100.00%)
