$ python3 configure.py
$ .tools/bin/ninja -j2
[1/1] RUN configure.py
[1/854] MWCC build/GEDE01/src/game/game_fn_80008014.o
[2/854] MWCC build/GEDE01/src/game/game_fn_800094C0.o
[3/854] MWCC build/GEDE01/src/game/game_fn_800096E0.o
[4/854] MWCC build/GEDE01/src/game/game_fn_800098C0.o
[5/854] MWCC build/GEDE01/src/game/game_fn_80009AB4.o
[6/854] MWCC build/GEDE01/src/game/game_fn_800099D8.o
[7/854] MWCC build/GEDE01/src/game/game_fn_8000A26C.o
[8/854] MWCC build/GEDE01/src/game/game_fn_8000AC88.o
[9/854] MWCC build/GEDE01/src/game/game_fn_8000AEB4.o
[10/854] MWCC build/GEDE01/src/game/game_fn_8000AFB4.o
[11/854] MWCC build/GEDE01/src/game/game_fn_8000B36C.o
[12/854] MWCC build/GEDE01/src/game/game_fn_8000B1B8.o
[13/854] MWCC build/GEDE01/src/game/game_fn_8000B630.o
[14/854] MWCC build/GEDE01/src/game/game_fn_8000B7FC.o
[15/854] MWCC build/GEDE01/src/game/game_fn_8000BA0C.o
[16/854] MWCC build/GEDE01/src/game/game_fn_8000B900.o
[17/854] MWCC build/GEDE01/src/game/game_fn_8000BC40.o
[18/854] MWCC build/GEDE01/src/game/game_fn_8000BAA0.o
[19/854] MWCC build/GEDE01/src/game/game_fn_8000C06C.o
[20/854] MWCC build/GEDE01/src/game/game_fn_8000C17C.o
[21/854] MWCC build/GEDE01/src/game/game_fn_8000C400.o
[22/854] MWCC build/GEDE01/src/game/game_fn_8000C848.o
[23/854] MWCC build/GEDE01/src/game/game_fn_8000C91C.o
[24/854] MWCC build/GEDE01/src/game/game_fn_8000D0BC.o
[25/854] MWCC build/GEDE01/src/game/game_fn_8000D3D4.o
[26/854] MWCC build/GEDE01/src/game/game_fn_8000D590.o
[27/854] MWCC build/GEDE01/src/game/game_fn_8000D8A4.o
[28/854] MWCC build/GEDE01/src/game/game_fn_8000DA50.o
[29/854] MWCC build/GEDE01/src/game/game_fn_8000DAF4.o
[30/854] MWCC build/GEDE01/src/game/game_fn_8000E054.o
[31/854] MWCC build/GEDE01/src/game/game_fn_8000E0AC.o
[32/854] MWCC build/GEDE01/src/game/game_fn_8000E138.o
[33/854] MWCC build/GEDE01/src/game/game_fn_8000E1C4.o
[34/854] MWCC build/GEDE01/src/game/game_fn_8000E96C.o
[35/854] MWCC build/GEDE01/src/game/game_fn_8000EB14.o
[36/854] MWCC build/GEDE01/src/game/game_fn_8000EBD4.o
[37/854] MWCC build/GEDE01/src/game/game_fn_8000ED44.o
[38/854] MWCC build/GEDE01/src/game/game_fn_8000EFC4.o
[39/854] MWCC build/GEDE01/src/game/game_fn_8000F4B0.o
[40/854] MWCC build/GEDE01/src/game/game_fn_8000F774.o
[41/854] MWCC build/GEDE01/src/game/game_fn_8000FDE8.o
[42/854] MWCC build/GEDE01/src/game/game_fn_8000FFD8.o
[43/854] MWCC build/GEDE01/src/game/game_fn_800119FC.o
[44/854] MWCC build/GEDE01/src/game/game_fn_80012DA8.o
[45/854] MWCC build/GEDE01/src/game/game_fn_80012F40.o
[46/854] MWCC build/GEDE01/src/game/game_fn_80012FD0.o
[47/854] MWCC build/GEDE01/src/game/game_fn_800131E8.o
[48/854] MWCC build/GEDE01/src/game/game_fn_80013340.o
[49/854] MWCC build/GEDE01/src/game/game_fn_80013870.o
[50/854] MWCC build/GEDE01/src/game/game_fn_80013CB0.o
[51/854] MWCC build/GEDE01/src/game/game_fn_80013D54.o
[52/854] MWCC build/GEDE01/src/game/game_fn_800142DC.o
[53/854] MWCC build/GEDE01/src/game/game_fn_800144CC.o
[54/854] MWCC build/GEDE01/src/game/game_fn_80014784.o
[55/854] MWCC build/GEDE01/src/game/game_fn_800149D4.o
[56/854] MWCC build/GEDE01/src/game/game_fn_80015058.o
[57/854] MWCC build/GEDE01/src/game/game_fn_80015320.o
[58/854] MWCC build/GEDE01/src/game/game_fn_80015568.o
[59/854] MWCC build/GEDE01/src/game/game_fn_800156FC.o
[60/854] MWCC build/GEDE01/src/game/game_fn_80015BE0.o
[61/854] MWCC build/GEDE01/src/game/game_fn_80015D40.o
[62/854] MWCC build/GEDE01/src/game/game_fn_80015F04.o
[63/854] MWCC build/GEDE01/src/game/game_fn_80016128.o
[64/854] MWCC build/GEDE01/src/game/game_fn_80016270.o
[65/854] MWCC build/GEDE01/src/game/game_fn_80016904.o
[66/854] MWCC build/GEDE01/src/game/game_fn_80016B24.o
[67/854] MWCC build/GEDE01/src/game/game_fn_800171C0.o
[68/854] MWCC build/GEDE01/src/game/game_fn_800173CC.o
[69/854] MWCC build/GEDE01/src/game/game_fn_800176F0.o
[70/854] MWCC build/GEDE01/src/game/game_fn_80017910.o
[71/854] MWCC build/GEDE01/src/game/game_fn_800179AC.o
[72/854] MWCC build/GEDE01/src/game/game_fn_80017A3C.o
[73/854] MWCC build/GEDE01/src/game/game_fn_80017AE4.o
[74/854] MWCC build/GEDE01/src/game/game_fn_80017C3C.o
[75/854] MWCC build/GEDE01/src/game/game_fn_80017CC8.o
[76/854] MWCC build/GEDE01/src/game/game_fn_80017DB0.o
[77/854] MWCC build/GEDE01/src/game/game_fn_80018EF4.o
[78/854] MWCC build/GEDE01/src/game/game_fn_80019054.o
[79/854] MWCC build/GEDE01/src/game/game_fn_80019244.o
[80/854] MWCC build/GEDE01/src/game/game_fn_800194D0.o
[81/854] MWCC build/GEDE01/src/game/game_fn_80019940.o
[82/854] MWCC build/GEDE01/src/game/game_fn_80019C10.o
[83/854] MWCC build/GEDE01/src/game/game_fn_80019D2C.o
[84/854] MWCC build/GEDE01/src/game/game_fn_80019F98.o
[85/854] MWCC build/GEDE01/src/game/game_fn_8001A6C4.o
[86/854] MWCC build/GEDE01/src/game/game_fn_8001AAB8.o
[87/854] MWCC build/GEDE01/src/game/game_fn_8001ADF8.o
[88/854] MWCC build/GEDE01/src/game/game_fn_8001AF68.o
[89/854] MWCC build/GEDE01/src/game/game_fn_8001B124.o
[90/854] MWCC build/GEDE01/src/game/game_fn_8001B294.o
[91/854] MWCC build/GEDE01/src/game/game_fn_8001B808.o
[92/854] MWCC build/GEDE01/src/game/game_fn_8001B874.o
[93/854] MWCC build/GEDE01/src/game/game_fn_8001C078.o
[94/854] MWCC build/GEDE01/src/game/game_fn_8001CA04.o
[95/854] MWCC build/GEDE01/src/game/game_fn_8001CD58.o
[96/854] MWCC build/GEDE01/src/game/game_fn_8001CE94.o
[97/854] MWCC build/GEDE01/src/game/game_fn_8001E644.o
[98/854] MWCC build/GEDE01/src/game/game_fn_8001FE1C.o
[99/854] MWCC build/GEDE01/src/game/game_fn_80020E94.o
[100/854] MWCC build/GEDE01/src/game/game_fn_80024F28.o
[101/854] MWCC build/GEDE01/src/game/game_fn_800272B4.o
[102/854] MWCC build/GEDE01/src/game/game_fn_8002B748.o
[103/854] MWCC build/GEDE01/src/game/game_fn_8002DAE0.o
[104/854] MWCC build/GEDE01/src/game/game_fn_8002E3F0.o
[105/854] MWCC build/GEDE01/src/game/game_fn_8002EA68.o
[106/854] MWCC build/GEDE01/src/game/game_fn_8002F428.o
[107/854] MWCC build/GEDE01/src/game/game_fn_80031544.o
[108/854] MWCC build/GEDE01/src/game/game_fn_8003232C.o
[109/854] MWCC build/GEDE01/src/game/game_fn_80032B84.o
[110/854] MWCC build/GEDE01/src/game/game_fn_80033038.o
[111/854] MWCC build/GEDE01/src/game/game_fn_80033180.o
[112/854] MWCC build/GEDE01/src/game/game_fn_800359A0.o
[113/854] MWCC build/GEDE01/src/game/game_fn_800361F8.o
[114/854] MWCC build/GEDE01/src/game/game_fn_80036C40.o
[115/854] MWCC build/GEDE01/src/game/game_fn_80038878.o
[116/854] MWCC build/GEDE01/src/game/game_fn_80048ADC.o
[117/854] MWCC build/GEDE01/src/game/game_fn_80048B24.o
[118/854] MWCC build/GEDE01/src/game/game_fn_8004998C.o
[119/854] MWCC build/GEDE01/src/game/game_fn_80052310.o
[120/854] MWCC build/GEDE01/src/game/game_fn_800542D0.o
[121/854] MWCC build/GEDE01/src/game/game_fn_8005EC6C.o
[122/854] MWCC build/GEDE01/src/game/game_fn_8005EE9C.o
[123/854] MWCC build/GEDE01/src/game/game_data_80239E10.o
[124/854] MWCC build/GEDE01/src/game/game_data_80239E18.o
[125/854] MWCC build/GEDE01/src/game/game_fn_8005FD84.o
[126/854] MWCC build/GEDE01/src/game/game_fn_80066888.o
[127/854] MWCC build/GEDE01/src/game/game_fn_8006B0F0.o
[128/854] MWCC build/GEDE01/src/game/game_fn_8006B620.o
[129/854] MWCC build/GEDE01/src/game/game_fn_8006E53C.o
[130/854] MWCC build/GEDE01/src/game/game_fn_80071A58.o
[131/854] MWCC build/GEDE01/src/game/game_fn_80074310.o
[132/854] MWCC build/GEDE01/src/game/game_fn_80078500.o
[133/854] MWCC build/GEDE01/src/game/game_fn_80079908.o
[134/854] MWCC build/GEDE01/src/game/game_fn_80079AA4.o
[135/854] MWCC build/GEDE01/src/game/game_fn_8007B2F4.o
[136/854] MWCC build/GEDE01/src/game/game_fn_8007B540.o
[137/854] MWCC build/GEDE01/src/game/game_fn_8007B640.o
[138/854] MWCC build/GEDE01/src/game/game_fn_8007B828.o
[139/854] MWCC build/GEDE01/src/game/game_fn_8007BA3C.o
[140/854] MWCC build/GEDE01/src/game/game_fn_8007D4D8.o
[141/854] MWCC build/GEDE01/src/game/game_fn_8007F770.o
[142/854] MWCC build/GEDE01/src/game/game_fn_800886D8.o
[143/854] MWCC build/GEDE01/src/game/game_fn_80088F4C.o
[144/854] MWCC build/GEDE01/src/game/game_fn_8008A2E0.o
[145/854] MWCC build/GEDE01/src/game/game_fn_8008F224.o
[146/854] MWCC build/GEDE01/src/game/game_fn_8008F890.o
[147/854] MWCC build/GEDE01/src/game/game_fn_80090004.o
[148/854] MWCC build/GEDE01/src/game/game_fn_800934A0.o
[149/854] MWCC build/GEDE01/src/game/game_fn_80095D10.o
[150/854] MWCC build/GEDE01/src/game/game_fn_80095FDC.o
[151/854] MWCC build/GEDE01/src/game/game_fn_80096830.o
[152/854] MWCC build/GEDE01/src/game/game_fn_8009C424.o
[153/854] MWCC build/GEDE01/src/game/game_fn_8009E808.o
[154/854] MWCC build/GEDE01/src/game/game_fn_800A2130.o
[155/854] MWCC build/GEDE01/src/game/game_fn_800A2FCC.o
[156/854] MWCC build/GEDE01/src/game/game_fn_800A3180.o
[157/854] MWCC build/GEDE01/src/game/game_fn_800A3894.o
[158/854] MWCC build/GEDE01/src/game/game_fn_800A4428.o
[159/854] MWCC build/GEDE01/src/game/game_fn_800A4798.o
[160/854] MWCC build/GEDE01/src/game/game_fn_800A7E88.o
[161/854] MWCC build/GEDE01/src/game/game_fn_800AF230.o
[162/854] MWCC build/GEDE01/src/game/game_fn_800BB5C4.o
[163/854] MWCC build/GEDE01/src/game/game_fn_800BB7A8.o
[164/854] MWCC build/GEDE01/src/game/game_fn_800BB9A4.o
[165/854] MWCC build/GEDE01/src/game/game_fn_800BBAF0.o
[166/854] MWCC build/GEDE01/src/game/game_fn_800C17EC.o
[167/854] MWCC build/GEDE01/src/game/game_fn_800C59F0.o
[168/854] MWCC build/GEDE01/src/game/game_fn_800C644C.o
[169/854] MWCC build/GEDE01/src/game/game_fn_800C65FC.o
[170/854] MWCC build/GEDE01/src/game/game_fn_800C9C60.o
[171/854] MWCC build/GEDE01/src/game/game_fn_800CB760.o
[172/854] MWCC build/GEDE01/src/game/game_fn_800CB8F4.o
[173/854] MWCC build/GEDE01/src/game/game_fn_800CF598.o
[174/854] MWCC build/GEDE01/src/game/game_fn_800D9E10.o
[175/854] MWCC build/GEDE01/src/game/game_fn_800E4980.o
[176/854] MWCC build/GEDE01/src/game/game_TRKNubWelcome.o
[177/854] MWCC build/GEDE01/src/game/game_TRK_main.o
[178/854] MWCC build/GEDE01/src/game/game_InitMetroTRKCommTable.o
[179/854] MWCC build/GEDE01/src/game/game_fn_800FD0C8.o
[180/854] MWCC build/GEDE01/src/game/game_fn_8010242C.o
[181/854] MWCC build/GEDE01/src/game/game_fn_801098C0.o
[182/854] MWCC build/GEDE01/src/game/game_fn_8010F184.o
[183/854] MWCC build/GEDE01/src/game/game_fn_801126E0.o
[184/854] MWCC build/GEDE01/src/game/game_fn_801128E4.o
[185/854] MWCC build/GEDE01/src/game/game_fn_801141B8.o
[186/854] MWCC build/GEDE01/src/game/game_fn_8011F140.o
[187/854] MWCC build/GEDE01/src/game/game_fn_801247F8.o
[188/854] MWCC build/GEDE01/src/game/game_fn_80126A00.o
[189/854] MWCC build/GEDE01/src/game/game_fn_8012976C.o
[190/854] MWCC build/GEDE01/src/game/game_fn_8012DB28.o
[191/854] MWCC build/GEDE01/src/game/game_fn_8013D6A4.o
[192/854] MWCC build/GEDE01/src/game/game_fn_8013DB8C.o
[193/854] MWCC build/GEDE01/src/game/game_fn_8014549C.o
[194/854] MWCC build/GEDE01/src/game/game_fn_8014AF38.o
[195/854] MWCC build/GEDE01/src/game/game_fn_8014B494.o
[196/854] MWCC build/GEDE01/src/game/game_fn_8014CA98.o
[197/854] MWCC build/GEDE01/src/game/game_fn_801535D8.o
[198/854] MWCC build/GEDE01/src/game/game_fn_80153898.o
[199/854] MWCC build/GEDE01/src/game/game_fn_80153A24.o
[200/854] MWCC build/GEDE01/src/game/game_fn_80155814.o
[201/854] MWCC build/GEDE01/src/game/game_fn_80157C0C.o
[202/854] MWCC build/GEDE01/src/game/game_fn_80158B20.o
[203/854] MWCC build/GEDE01/src/game/game_fn_80158D38.o
[204/854] MWCC build/GEDE01/src/game/game_fn_8015DC54.o
[205/854] MWCC build/GEDE01/src/game/game_fn_8015EDC0.o
[206/854] MWCC build/GEDE01/src/game/game_fn_80167454.o
[207/854] MWCC build/GEDE01/src/game/game_fn_80167B5C.o
[208/854] MWCC build/GEDE01/src/game/game_fn_80169650.o
[209/854] MWCC build/GEDE01/src/game/game_fn_8016BD0C.o
[210/854] MWCC build/GEDE01/src/game/game_fn_8016BE1C.o
[211/854] MWCC build/GEDE01/src/game/game_fn_8016BF60.o
[212/854] MWCC build/GEDE01/src/game/game_fn_8016C0BC.o
[213/854] MWCC build/GEDE01/src/game/game_fn_8016C164.o
[214/854] MWCC build/GEDE01/src/game/game_fn_8016C238.o
[215/854] MWCC build/GEDE01/src/game/game_fn_8016C4BC.o
[216/854] MWCC build/GEDE01/src/game/game_fn_8016C774.o
[217/854] MWCC build/GEDE01/src/game/game_fn_8016D040.o
[218/854] MWCC build/GEDE01/src/game/game_fn_8016D1F8.o
[219/854] MWCC build/GEDE01/src/game/game_fn_8016D2B8.o
[220/854] MWCC build/GEDE01/src/game/game_fn_8016D9C0.o
[221/854] MWCC build/GEDE01/src/game/game_fn_8016DF4C.o
[222/854] MWCC build/GEDE01/src/game/game_fn_8016E8F8.o
[223/854] MWCC build/GEDE01/src/game/game_fn_8016FEF8.o
[224/854] MWCC build/GEDE01/src/game/game_fn_8017038C.o
[225/854] MWCC build/GEDE01/src/game/game_fn_801704F8.o
[226/854] MWCC build/GEDE01/src/game/game_fn_801706DC.o
[227/854] MWCC build/GEDE01/src/game/game_fn_80170A40.o
[228/854] MWCC build/GEDE01/src/game/game_fn_80170DF4.o
[229/854] MWCC build/GEDE01/src/game/game_fn_80170E9C.o
[230/854] MWCC build/GEDE01/src/game/game_fn_8017138C.o
[231/854] MWCC build/GEDE01/src/game/game_fn_80171664.o
[232/854] MWCC build/GEDE01/src/game/game_fn_801718F4.o
[233/854] MWCC build/GEDE01/src/game/game_fn_801719B4.o
[234/854] MWCC build/GEDE01/src/game/game_fn_80171F30.o
[235/854] MWCC build/GEDE01/src/game/game_fn_8017250C.o
[236/854] MWCC build/GEDE01/src/game/game_fn_801726EC.o
[237/854] MWCC build/GEDE01/src/game/game_fn_80172BB0.o
[238/854] MWCC build/GEDE01/src/game/game_fn_80172C78.o
[239/854] MWCC build/GEDE01/src/game/game_fn_80172DB8.o
[240/854] MWCC build/GEDE01/src/game/game_fn_80173270.o
[241/854] MWCC build/GEDE01/src/game/game_fn_801734B4.o
[242/854] MWCC build/GEDE01/src/game/game_fn_80173770.o
[243/854] MWCC build/GEDE01/src/game/game_fn_80173D44.o
[244/854] MWCC build/GEDE01/src/game/game_fn_80173F04.o
[245/854] MWCC build/GEDE01/src/game/game_fn_80174184.o
[246/854] MWCC build/GEDE01/src/game/game_fn_80174358.o
[247/854] MWCC build/GEDE01/src/game/game_fn_80174F2C.o
[248/854] MWCC build/GEDE01/src/game/game_fn_8017553C.o
[249/854] MWCC build/GEDE01/src/game/game_fn_80175E64.o
[250/854] MWCC build/GEDE01/src/game/game_fn_80175F0C.o
[251/854] MWCC build/GEDE01/src/game/game_fn_80175FD4.o
[252/854] MWCC build/GEDE01/src/game/game_fn_80176098.o
[253/854] MWCC build/GEDE01/src/game/game_fn_80176160.o
[254/854] MWCC build/GEDE01/src/game/game_fn_80176220.o
[255/854] MWCC build/GEDE01/src/game/game_fn_8017652C.o
[256/854] MWCC build/GEDE01/src/game/game_fn_801762E8.o
[257/854] MWCC build/GEDE01/src/game/game_fn_80176FA0.o
[258/854] MWCC build/GEDE01/src/game/game_fn_80176DF4.o
[259/854] MWCC build/GEDE01/src/game/game_fn_801770F8.o
[260/854] MWCC build/GEDE01/src/game/game_fn_8017718C.o
[261/854] MWCC build/GEDE01/src/game/game_fn_80178F88.o
[262/854] MWCC build/GEDE01/src/game/game_fn_80177434.o
[263/854] MWCC build/GEDE01/src/game/game_fn_80179398.o
[264/854] MWCC build/GEDE01/src/game/game_fn_8017960C.o
[265/854] MWCC build/GEDE01/src/game/game_fn_8017974C.o
[266/854] MWCC build/GEDE01/src/game/game_fn_80179904.o
[267/854] MWCC build/GEDE01/src/game/game_fn_80179A18.o
[268/854] MWCC build/GEDE01/src/game/game_fn_80179A74.o
[269/854] MWCC build/GEDE01/src/game/game_fn_80179EB8.o
[270/854] MWCC build/GEDE01/src/game/game_fn_80179F20.o
[271/854] MWCC build/GEDE01/src/game/game_fn_8017A010.o
[272/854] MWCC build/GEDE01/src/game/game_fn_8017A12C.o
[273/854] MWCC build/GEDE01/src/game/game_fn_8017A1C0.o
[274/854] MWCC build/GEDE01/src/game/game_fn_8017A9B8.o
[275/854] MWCC build/GEDE01/src/game/game_fn_8017AC20.o
[276/854] MWCC build/GEDE01/src/game/game_fn_8017E850.o
[277/854] MWCC build/GEDE01/src/game/game_fn_8017E958.o
[278/854] MWCC build/GEDE01/src/game/game_fn_80180DDC.o
[279/854] MWCC build/GEDE01/src/game/game_fn_801810A0.o
[280/854] MWCC build/GEDE01/src/game/game_fn_801816D4.o
[281/854] MWCC build/GEDE01/src/game/game_fn_801859FC.o
[282/854] MWCC build/GEDE01/src/game/game_fn_80185AE8.o
[283/854] MWCC build/GEDE01/src/game/game_fn_80185F10.o
[284/854] MWCC build/GEDE01/src/game/game_fn_801865EC.o
[285/854] MWCC build/GEDE01/src/game/game_fn_8018680C.o
[286/854] MWCC build/GEDE01/src/game/game_fn_80186E10.o
[287/854] MWCC build/GEDE01/src/game/game_fn_80186F70.o
[288/854] MWCC build/GEDE01/src/game/game_fn_80187120.o
[289/854] MWCC build/GEDE01/src/game/game_fn_80187320.o
[290/854] MWCC build/GEDE01/src/game/game_fn_801878E0.o
[291/854] MWCC build/GEDE01/src/game/game_fn_80187BB4.o
[292/854] MWCC build/GEDE01/src/game/game_fn_80188A7C.o
[293/854] MWCC build/GEDE01/src/game/game_fn_80188B44.o
[294/854] MWCC build/GEDE01/src/game/game_fn_80188C1C.o
[295/854] MWCC build/GEDE01/src/game/game_fn_80188E28.o
[296/854] MWCC build/GEDE01/src/game/game_fn_80189028.o
[297/854] MWCC build/GEDE01/src/game/game_fn_801891D8.o
[298/854] MWCC build/GEDE01/src/game/game_fn_80189390.o
[299/854] MWCC build/GEDE01/src/game/game_fn_801895E8.o
[300/854] MWCC build/GEDE01/src/game/game_fn_801896A0.o
[301/854] MWCC build/GEDE01/src/game/game_fn_80189760.o
[302/854] MWCC build/GEDE01/src/game/game_fn_80189968.o
[303/854] MWCC build/GEDE01/src/game/game_fn_8018D1F0.o
[304/854] MWCC build/GEDE01/src/game/game_fn_8018D2E0.o
[305/854] MWCC build/GEDE01/src/game/game_fn_8018D400.o
[306/854] MWCC build/GEDE01/src/game/game_fn_8018D688.o
[307/854] MWCC build/GEDE01/src/game/game_fn_8018E0D8.o
[308/854] MWCC build/GEDE01/src/game/game_fn_8018F1D0.o
[309/854] MWCC build/GEDE01/src/game/game_fn_8018F81C.o
[310/854] MWCC build/GEDE01/src/game/game_fn_8018FEDC.o
[311/854] MWCC build/GEDE01/src/game/game_fn_8019120C.o
[312/854] MWCC build/GEDE01/src/game/game_fn_80191360.o
[313/854] MWCC build/GEDE01/src/game/game_fn_801916D0.o
[314/854] MWCC build/GEDE01/src/game/game_fn_8019197C.o
[315/854] MWCC build/GEDE01/src/game/game_fn_80191F58.o
[316/854] MWCC build/GEDE01/src/game/game_fn_801926EC.o
[317/854] MWCC build/GEDE01/src/game/game_fn_801929A4.o
[318/854] MWCC build/GEDE01/src/game/game_fn_80192F54.o
[319/854] MWCC build/GEDE01/src/game/game_fn_801931C4.o
[320/854] MWCC build/GEDE01/src/game/game_fn_80193E1C.o
[321/854] MWCC build/GEDE01/src/game/game_fn_80193F3C.o
[322/854] MWCC build/GEDE01/src/game/game_fn_80194F80.o
[323/854] MWCC build/GEDE01/src/game/game_fn_80197910.o
[324/854] MWCC build/GEDE01/src/game/game_fn_80198154.o
[325/854] MWCC build/GEDE01/src/game/game_fn_80198AAC.o
[326/854] MWCC build/GEDE01/src/game/game_fn_80198BF4.o
[327/854] MWCC build/GEDE01/src/game/game_fn_801991E0.o
[328/854] MWCC build/GEDE01/src/game/game_fn_8019B1BC.o
[329/854] MWCC build/GEDE01/src/game/game_fn_8019CC28.o
[330/854] MWCC build/GEDE01/src/game/game_fn_8019CFC4.o
[331/854] MWCC build/GEDE01/src/game/game_fn_8019E5E4.o
[332/854] MWCC build/GEDE01/src/game/game_fn_8019E8C8.o
[333/854] MWCC build/GEDE01/src/game/game_fn_801A1F18.o
[334/854] MWCC build/GEDE01/src/game/game_fn_801A2A54.o
[335/854] MWCC build/GEDE01/src/game/game_fn_801A34BC.o
[336/854] MWCC build/GEDE01/src/game/game_fn_801A3A78.o
[337/854] MWCC build/GEDE01/src/game/game_fn_801A4CE0.o
[338/854] MWCC build/GEDE01/src/game/game_fn_801A5FB0.o
[339/854] MWCC build/GEDE01/src/game/game_fn_801A6410.o
[340/854] MWCC build/GEDE01/src/game/game_fn_801A657C.o
[341/854] MWCC build/GEDE01/src/game/game_fn_801A6ADC.o
[342/854] MWCC build/GEDE01/src/game/game_fn_801A6C58.o
[343/854] MWCC build/GEDE01/src/game/game_fn_801A6CB4.o
[344/854] MWCC build/GEDE01/src/game/game_fn_801A7E04.o
[345/854] MWCC build/GEDE01/src/game/game_fn_801A7EA8.o
[346/854] MWCC build/GEDE01/src/game/game_fn_801A93E8.o
[347/854] MWCC build/GEDE01/src/game/game_fn_801AB154.o
[348/854] MWCC build/GEDE01/src/game/game_fn_801ABD3C.o
[349/854] MWCC build/GEDE01/src/game/game_fn_801AC8AC.o
[350/854] MWCC build/GEDE01/src/game/game_fn_801ACFE8.o
[351/854] MWCC build/GEDE01/src/game/game_fn_801AD08C.o
[352/854] MWCC build/GEDE01/src/game/game_fn_801AFA74.o
[353/854] MWCC build/GEDE01/src/game/game_fn_801B02F0.o
[354/854] MWCC build/GEDE01/src/game/game_fn_801B1BA0.o
[355/854] MWCC build/GEDE01/src/game/game_fn_801B35BC.o
[356/854] MWCC build/GEDE01/src/game/game_fn_801B46C8.o
[357/854] MWCC build/GEDE01/src/game/game_fn_801B4FB4.o
[358/854] MWCC build/GEDE01/src/game/game_fn_801B5228.o
[359/854] MWCC build/GEDE01/src/game/game_fn_801B58F0.o
[360/854] MWCC build/GEDE01/src/game/game_fn_801B6F1C.o
[361/854] MWCC build/GEDE01/src/game/game_fn_801B86C0.o
[362/854] MWCC build/GEDE01/src/game/game_fn_801B941C.o
[363/854] MWCC build/GEDE01/src/game/game_fn_801B9E7C.o
[364/854] MWCC build/GEDE01/src/game/game_fn_801BA15C.o
[365/854] MWCC build/GEDE01/src/game/game_fn_801BA708.o
[366/854] MWCC build/GEDE01/src/game/game_fn_801BB1A0.o
[367/854] MWCC build/GEDE01/src/game/game_fn_801BC0D4.o
[368/854] MWCC build/GEDE01/src/game/game_fn_801BC240.o
[369/854] MWCC build/GEDE01/src/game/game_fn_801BC8F4.o
[370/854] MWCC build/GEDE01/src/game/game_fn_801BCC04.o
[371/854] MWCC build/GEDE01/src/game/game_fn_801BD990.o
[372/854] MWCC build/GEDE01/src/game/game_fn_801BDE7C.o
[373/854] MWCC build/GEDE01/src/game/game_fn_801BE0D4.o
[374/854] MWCC build/GEDE01/src/game/game_fn_801BEF40.o
[375/854] MWCC build/GEDE01/src/game/game_fn_801C1CB0.o
[376/854] MWCC build/GEDE01/src/game/game_fn_801C2980.o
[377/854] MWCC build/GEDE01/src/game/game_fn_801C29BC.o
[378/854] MWCC build/GEDE01/src/game/game_fn_801C2AAC.o
[379/854] MWCC build/GEDE01/src/game/game_fn_801C2D9C.o
[380/854] MWCC build/GEDE01/src/game/game_fn_801C8160.o
[381/854] MWCC build/GEDE01/src/game/game_fn_801C8224.o
[382/854] MWCC build/GEDE01/src/game/game_fn_801C8600.o
[383/854] MWCC build/GEDE01/src/game/game_fn_801C4B5C.o
[384/854] MWCC build/GEDE01/src/game/game_fn_801C87DC.o
[385/854] MWCC build/GEDE01/src/game/game_fn_801C8CC0.o
[386/854] MWCC build/GEDE01/src/game/game_fn_801C8F50.o
[387/854] MWCC build/GEDE01/src/game/game_fn_801C90A4.o
[388/854] MWCC build/GEDE01/src/game/game_fn_801C9510.o
[389/854] MWCC build/GEDE01/src/game/game_fn_801C970C.o
[390/854] MWCC build/GEDE01/src/game/game_fn_801C9A08.o
[391/854] MWCC build/GEDE01/src/game/game_fn_801C9B1C.o
[392/854] MWCC build/GEDE01/src/game/game_fn_801CB4F8.o
[393/854] MWCC build/GEDE01/src/game/game_fn_801CD228.o
[394/854] MWCC build/GEDE01/src/game/game_fn_801CE09C.o
[395/854] MWCC build/GEDE01/src/game/game_fn_801CE594.o
[396/854] MWCC build/GEDE01/src/game/game_fn_801D1B10.o
[397/854] MWCC build/GEDE01/src/game/game_fn_801D1F78.o
[398/854] MWCC build/GEDE01/src/game/game_fn_801D3988.o
[399/854] MWCC build/GEDE01/src/game/game_fn_801D76A8.o
[400/854] MWCC build/GEDE01/src/game/game_fn_801D7C24.o
[401/854] MWCC build/GEDE01/src/game/game_fn_801D8050.o
[402/854] MWCC build/GEDE01/src/game/game_fn_801D9FE4.o
[403/854] MWCC build/GEDE01/src/game/game_fn_801E2A48.o
[404/854] MWCC build/GEDE01/src/game/game_fn_801E41AC.o
[405/854] MWCC build/GEDE01/src/game/game_fn_801EB09C.o
[406/854] MWCC build/GEDE01/src/game/game_fn_801EB11C.o
[407/854] MWCC build/GEDE01/src/game/game_fn_801ECD74.o
[408/854] MWCC build/GEDE01/src/game/game_fn_801ECF50.o
[409/854] MWCC build/GEDE01/src/game/game_fn_801ED5F4.o
[410/854] MWCC build/GEDE01/src/game/game_fn_801EF580.o
[411/854] MWCC build/GEDE01/src/game/game_fn_801EF910.o
[412/854] MWCC build/GEDE01/src/game/game_fn_801F55A0.o
[413/854] MWCC build/GEDE01/src/game/game_fn_801F69F0.o
[414/854] MWCC build/GEDE01/src/game/game_fn_801F6BD8.o
[415/854] MWCC build/GEDE01/src/game/game_fn_801F7510.o
[416/854] MWCC build/GEDE01/src/game/game_fn_801F76EC.o
[417/854] MWCC build/GEDE01/src/game/game_fn_801F8264.o
[418/854] MWCC build/GEDE01/src/game/game_fn_801F89B4.o
[419/854] MWCC build/GEDE01/src/game/game_fn_801F9AF8.o
[420/854] MWCC build/GEDE01/src/game/game_fn_801FA9C8.o
[421/854] MWCC build/GEDE01/src/game/game_fn_801FB6A4.o
[422/854] MWCC build/GEDE01/src/game/game_fn_801FC034.o
[423/854] MWCC build/GEDE01/src/game/game_fn_801FC204.o
[424/854] EXTERNALIZE build/GEDE01/src/game/game_fn_801247F8.o
[425/854] MWCC build/GEDE01/src/game/game_fn_801FFE78.o
[426/854] EXTERNALIZE build/GEDE01/src/game/game_fn_801EF910.o
[427/854] EXTERNALIZE build/GEDE01/src/game/game_fn_801ECF50.o
[428/854] EXTERNALIZE build/GEDE01/src/game/game_fn_801EB09C.o
[429/854] EXTERNALIZE build/GEDE01/src/game/game_fn_801FC204.o
[430/854] EXTERNALIZE build/GEDE01/src/game/game_fn_801EB11C.o
[431/854] EXTERNALIZE build/GEDE01/src/game/game_fn_801E41AC.o
[432/854] EXTERNALIZE build/GEDE01/src/game/game_fn_801D9FE4.o
[433/854] EXTERNALIZE build/GEDE01/src/game/game_fn_801D76A8.o
[434/854] EXTERNALIZE build/GEDE01/src/game/game_fn_801D8050.o
[435/854] EXTERNALIZE build/GEDE01/src/game/game_fn_801D7C24.o
[436/854] EXTERNALIZE build/GEDE01/src/game/game_fn_8019B1BC.o
[437/854] EXTERNALIZE build/GEDE01/src/game/game_fn_801CD228.o
[438/854] EXTERNALIZE build/GEDE01/src/game/game_fn_80178F88.o
[439/854] EXTERNALIZE build/GEDE01/src/game/game_fn_801C970C.o
[440/854] EXTERNALIZE build/GEDE01/src/game/game_fn_801BA15C.o
[441/854] EXTERNALIZE build/GEDE01/src/game/game_fn_801C9510.o
[442/854] EXTERNALIZE build/GEDE01/src/game/game_fn_80126A00.o
[443/854] EXTERNALIZE build/GEDE01/src/game/game_fn_8013D6A4.o
[444/854] EXTERNALIZE build/GEDE01/src/game/game_fn_800C9C60.o
[445/854] EXTERNALIZE build/GEDE01/src/game/game_fn_801B5228.o
[446/854] EXTERNALIZE build/GEDE01/src/game/game_fn_801B4FB4.o
[447/854] EXTERNALIZE build/GEDE01/src/game/game_fn_801C87DC.o
[448/854] EXTERNALIZE build/GEDE01/src/game/game_fn_801B6F1C.o
[449/854] EXTERNALIZE build/GEDE01/src/game/game_fn_801C8CC0.o
[450/854] EXTERNALIZE build/GEDE01/src/game/game_fn_800FD0C8.o
[451/854] EXTERNALIZE build/GEDE01/src/game/game_fn_801BDE7C.o
[452/854] EXTERNALIZE build/GEDE01/src/game/game_fn_801BE0D4.o
[453/854] EXTERNALIZE STATIC POOL build/GEDE01/src/game/game_fn_801C9A08.o
build/GEDE01/src/game/game_fn_801C9A08.o: lbl_80629390 now undefined; section 3 emptied
[454/854] EXTERNALIZE build/GEDE01/src/game/game_fn_801B941C.o
[455/854] EXTERNALIZE STATIC POOL build/GEDE01/src/game/game_fn_801C9B1C.o
build/GEDE01/src/game/game_fn_801C9B1C.o: lbl_80629390 now undefined; section 3 emptied
[456/854] EXTERNALIZE STATIC POOL build/GEDE01/src/game/game_fn_801BD990.o
build/GEDE01/src/game/game_fn_801BD990.o: lbl_80626D80 now undefined; section 6 emptied
[457/854] EXTERNALIZE STATIC POOL build/GEDE01/src/game/game_fn_801B58F0.o
build/GEDE01/src/game/game_fn_801B58F0.o: lbl_8060C020 now undefined; section 3 emptied
[458/854] EXTERNALIZE STATIC POOL build/GEDE01/src/game/game_fn_801B9E7C.o
build/GEDE01/src/game/game_fn_801B9E7C.o: 0 relocation(s) moved from streamInfo to ...bss.0
build/GEDE01/src/game/game_fn_801B9E7C.o: lbl_8061AE48 now undefined; section 6 emptied
[459/854] EXTERNALIZE STATIC POOL build/GEDE01/src/game/game_fn_801BB1A0.o
build/GEDE01/src/game/game_fn_801BB1A0.o: 0 relocation(s) moved from streamInfo to ...bss.0
build/GEDE01/src/game/game_fn_801BB1A0.o: lbl_8061AE48 now undefined; section 6 emptied
[460/854] EXTERNALIZE STATIC POOL build/GEDE01/src/game/game_fn_801BA708.o
build/GEDE01/src/game/game_fn_801BA708.o: 0 relocation(s) moved from streamInfo to ...bss.0
build/GEDE01/src/game/game_fn_801BA708.o: lbl_8061AE48 now undefined; section 6 emptied
[461/854] EXTERNALIZE STATIC build/GEDE01/src/game/game_fn_801B35BC.o
build/GEDE01/src/game/game_fn_801B35BC.o: lbl_8060D420 now undefined; section 6 emptied
[462/854] EXTERNALIZE STATIC POOL build/GEDE01/src/game/game_fn_801BC8F4.o
build/GEDE01/src/game/game_fn_801BC8F4.o: lbl_8061C748 now undefined; section 6 emptied
[463/854] EXTERNALIZE STATIC build/GEDE01/src/game/game_fn_801BC240.o
build/GEDE01/src/game/game_fn_801BC240.o: lbl_8061C748 now undefined; section 6 emptied
[464/854] EXTERNALIZE STATIC POOL build/GEDE01/src/game/game_fn_801BCC04.o
build/GEDE01/src/game/game_fn_801BCC04.o: lbl_8061C748 now undefined; section 6 emptied
[465/854] EXTERNALIZE STATIC POOL build/GEDE01/src/game/game_fn_801BC0D4.o
build/GEDE01/src/game/game_fn_801BC0D4.o: lbl_8061C748 now undefined; section 6 emptied
[466/854] EXTERNALIZE STATIC POOL build/GEDE01/src/game/game_fn_801C1CB0.o
build/GEDE01/src/game/game_fn_801C1CB0.o: lbl_80626DA0 now undefined; section 3 emptied
[467/854] RENAME build/GEDE01/src/game/game_InitMetroTRKCommTable.o
[468/854] EXTERNALIZE STATIC POOL build/GEDE01/src/game/game_fn_801CE09C.o
build/GEDE01/src/game/game_fn_801CE09C.o: lbl_80631340 now undefined; section 6 emptied
[469/854] RENAME RUNTIME INTRINSICS build/GEDE01/src/game/game_fn_801CB4F8.o
[470/854] EXTERNALIZE build/GEDE01/src/game/game_fn_801D3988.o
[471/854] EXTERNALIZE STATIC POOL build/GEDE01/src/game/game_fn_8010242C.o
build/GEDE01/src/game/game_fn_8010242C.o: lbl_8032CC08 now undefined; section 3 emptied
[472/854] EXTERNALIZE build/GEDE01/src/game/game_fn_801CE594.o
[473/854] EXTERNALIZE build/GEDE01/src/game/game_fn_801D1B10.o
[474/854] ALIGN DATA build/GEDE01/src/game/game_fn_80008014.o
[475/854] EXTERNALIZE build/GEDE01/src/game/game_fn_8014549C.o
[476/854] EXTERNALIZE build/GEDE01/src/game/game_fn_801C8224.o
[477/854] EXTERNALIZE build/GEDE01/src/game/game_fn_801098C0.o
[478/854] EXTERNALIZE build/GEDE01/src/game/game_fn_8000FDE8.o
[479/854] EXTERNALIZE build/GEDE01/src/game/game_fn_80185F10.o
[480/854] EXTERNALIZE build/GEDE01/src/game/game_fn_801C29BC.o
[481/854] EXTERNALIZE build/GEDE01/src/game/game_fn_801C8F50.o
[482/854] EXTERNALIZE build/GEDE01/src/game/game_fn_8007B828.o
[483/854] EXTERNALIZE build/GEDE01/src/game/game_fn_801C90A4.o
[484/854] EXTERNALIZE build/GEDE01/src/game/game_fn_801C8160.o
[485/854] EXTERNALIZE build/GEDE01/src/game/game_fn_801C2AAC.o
[486/854] EXTERNALIZE build/GEDE01/src/game/game_fn_801C2D9C.o
[487/854] EXTERNALIZE build/GEDE01/src/game/game_fn_801C2980.o
[488/854] EXTERNALIZE build/GEDE01/src/game/game_fn_801B02F0.o
[489/854] EXTERNALIZE build/GEDE01/src/game/game_fn_801AFA74.o
[490/854] EXTERNALIZE build/GEDE01/src/game/game_fn_801AC8AC.o
[491/854] EXTERNALIZE build/GEDE01/src/game/game_fn_801ABD3C.o
[492/854] EXTERNALIZE build/GEDE01/src/game/game_fn_801816D4.o
[493/854] EXTERNALIZE build/GEDE01/src/game/game_fn_8011F140.o
[494/854] EXTERNALIZE build/GEDE01/src/game/game_fn_801AD08C.o
[495/854] EXTERNALIZE build/GEDE01/src/game/game_fn_80079AA4.o
[496/854] EXTERNALIZE build/GEDE01/src/game/game_fn_8004998C.o
[497/854] EXTERNALIZE build/GEDE01/src/game/game_fn_80158D38.o
[498/854] EXTERNALIZE build/GEDE01/src/game/game_fn_801A3A78.o
[499/854] EXTERNALIZE build/GEDE01/src/game/game_fn_8008F224.o
[500/854] EXTERNALIZE build/GEDE01/src/game/game_fn_80167454.o
[501/854] EXTERNALIZE build/GEDE01/src/game/game_fn_800AF230.o
[502/854] EXTERNALIZE build/GEDE01/src/game/game_fn_801A93E8.o
[503/854] EXTERNALIZE build/GEDE01/src/game/game_fn_801AB154.o
[504/854] EXTERNALIZE build/GEDE01/src/game/game_fn_801A7E04.o
[505/854] EXTERNALIZE build/GEDE01/src/game/game_fn_801A7EA8.o
[506/854] EXTERNALIZE build/GEDE01/src/game/game_fn_801A6CB4.o
[507/854] EXTERNALIZE build/GEDE01/src/game/game_fn_801A4CE0.o
[508/854] EXTERNALIZE build/GEDE01/src/game/game_fn_801A6C58.o
[509/854] NAME JUMPTABLE build/GEDE01/src/game/game_fn_801A6ADC.o
[510/854] EXTERNALIZE build/GEDE01/src/game/game_fn_801A6410.o
[511/854] EXTERNALIZE build/GEDE01/src/game/game_fn_801A5FB0.o
[512/854] EXTERNALIZE build/GEDE01/src/game/game_fn_801A1F18.o
[513/854] EXTERNALIZE build/GEDE01/src/game/game_fn_8019E5E4.o
[514/854] EXTERNALIZE build/GEDE01/src/game/game_fn_8019E8C8.o
[515/854] EXTERNALIZE build/GEDE01/src/game/game_fn_8019CFC4.o
[516/854] EXTERNALIZE build/GEDE01/src/game/game_fn_8019CC28.o
[517/854] EXTERNALIZE build/GEDE01/src/game/game_fn_80198BF4.o
[518/854] EXTERNALIZE build/GEDE01/src/game/game_fn_801991E0.o
[519/854] EXTERNALIZE build/GEDE01/src/game/game_fn_80198AAC.o
[520/854] EXTERNALIZE build/GEDE01/src/game/game_fn_80198154.o
[521/854] EXTERNALIZE build/GEDE01/src/game/game_fn_80194F80.o
[522/854] EXTERNALIZE build/GEDE01/src/game/game_fn_80177434.o
repointed 2 relocations to lbl_80250588
[523/854] EXTERNALIZE build/GEDE01/src/game/game_fn_80197910.o
[524/854] EXTERNALIZE build/GEDE01/src/game/game_fn_80193E1C.o
[525/854] EXTERNALIZE build/GEDE01/src/game/game_fn_801931C4.o
[526/854] EXTERNALIZE build/GEDE01/src/game/game_fn_80193F3C.o
[527/854] EXTERNALIZE build/GEDE01/src/game/game_fn_80192F54.o
[528/854] EXTERNALIZE build/GEDE01/src/game/game_fn_80191F58.o
[529/854] EXTERNALIZE build/GEDE01/src/game/game_fn_8019197C.o
[530/854] EXTERNALIZE build/GEDE01/src/game/game_fn_80191360.o
[531/854] GLOBALIZE build/GEDE01/src/game/game_fn_8018F1D0.o
[532/854] EXTERNALIZE build/GEDE01/src/game/game_fn_8018D688.o
[533/854] EXTERNALIZE build/GEDE01/src/game/game_fn_8018F81C.o
[534/854] EXTERNALIZE build/GEDE01/src/game/game_fn_8018D2E0.o
[535/854] EXTERNALIZE build/GEDE01/src/game/game_fn_80189968.o
[536/854] EXTERNALIZE build/GEDE01/src/game/game_fn_8018D1F0.o
[537/854] EXTERNALIZE build/GEDE01/src/game/game_fn_80189760.o
[538/854] EXTERNALIZE build/GEDE01/src/game/game_fn_801896A0.o
[539/854] EXTERNALIZE build/GEDE01/src/game/game_fn_801895E8.o
[540/854] EXTERNALIZE build/GEDE01/src/game/game_fn_80189390.o
[541/854] EXTERNALIZE build/GEDE01/src/game/game_fn_801891D8.o
[542/854] EXTERNALIZE build/GEDE01/src/game/game_fn_80189028.o
[543/854] EXTERNALIZE build/GEDE01/src/game/game_fn_80188E28.o
[544/854] EXTERNALIZE build/GEDE01/src/game/game_fn_80188B44.o
[545/854] EXTERNALIZE build/GEDE01/src/game/game_fn_80188A7C.o
[546/854] EXTERNALIZE build/GEDE01/src/game/game_fn_80188C1C.o
[547/854] EXTERNALIZE build/GEDE01/src/game/game_fn_801878E0.o
[548/854] EXTERNALIZE build/GEDE01/src/game/game_fn_80187120.o
[549/854] EXTERNALIZE build/GEDE01/src/game/game_fn_8018FEDC.o
[550/854] EXTERNALIZE build/GEDE01/src/game/game_fn_80186E10.o
[551/854] EXTERNALIZE build/GEDE01/src/game/game_fn_801865EC.o
[552/854] EXTERNALIZE build/GEDE01/src/game/game_fn_80185AE8.o
[553/854] EXTERNALIZE build/GEDE01/src/game/game_fn_801859FC.o
[554/854] EXTERNALIZE build/GEDE01/src/game/game_fn_80180DDC.o
[555/854] EXTERNALIZE build/GEDE01/src/game/game_fn_8017E958.o
[556/854] EXTERNALIZE build/GEDE01/src/game/game_fn_8017E850.o
[557/854] EXTERNALIZE build/GEDE01/src/game/game_fn_8017718C.o
[558/854] EXTERNALIZE build/GEDE01/src/game/game_fn_801770F8.o
[559/854] EXTERNALIZE build/GEDE01/src/game/game_fn_80176FA0.o
[560/854] EXTERNALIZE build/GEDE01/src/game/game_fn_80176DF4.o
[561/854] EXTERNALIZE build/GEDE01/src/game/game_fn_80174358.o
[562/854] EXTERNALIZE build/GEDE01/src/game/game_fn_80173F04.o
[563/854] EXTERNALIZE build/GEDE01/src/game/game_fn_80174184.o
[564/854] EXTERNALIZE build/GEDE01/src/game/game_fn_8017553C.o
[565/854] EXTERNALIZE build/GEDE01/src/game/game_fn_80173D44.o
[566/854] EXTERNALIZE build/GEDE01/src/game/game_fn_80173770.o
[567/854] EXTERNALIZE build/GEDE01/src/game/game_fn_801734B4.o
[568/854] EXTERNALIZE build/GEDE01/src/game/game_fn_80173270.o
[569/854] EXTERNALIZE build/GEDE01/src/game/game_fn_80172DB8.o
[570/854] EXTERNALIZE build/GEDE01/src/game/game_fn_80172C78.o
[571/854] EXTERNALIZE build/GEDE01/src/game/game_fn_80172BB0.o
[572/854] EXTERNALIZE build/GEDE01/src/game/game_fn_801726EC.o
[573/854] EXTERNALIZE build/GEDE01/src/game/game_fn_8017250C.o
[574/854] EXTERNALIZE build/GEDE01/src/game/game_fn_80171F30.o
[575/854] EXTERNALIZE build/GEDE01/src/game/game_fn_801719B4.o
[576/854] EXTERNALIZE build/GEDE01/src/game/game_fn_801718F4.o
[577/854] EXTERNALIZE build/GEDE01/src/game/game_fn_80171664.o
[578/854] EXTERNALIZE build/GEDE01/src/game/game_fn_8017138C.o
[579/854] EXTERNALIZE build/GEDE01/src/game/game_fn_80170A40.o
[580/854] NORMALIZE build/GEDE01/src/game/game_TRKNubWelcome.o
[581/854] NORMALIZE build/GEDE01/src/game/game_TRK_main.o
[582/854] NORMALIZE build/GEDE01/src/game/game_data_80239E10.o
[583/854] NORMALIZE build/GEDE01/src/game/game_data_80239E18.o
[584/854] EXTERNALIZE build/GEDE01/src/game/game_fn_801706DC.o
[585/854] EXTERNALIZE build/GEDE01/src/game/game_fn_8017652C.o
[586/854] EXTERNALIZE build/GEDE01/src/game/game_fn_80170E9C.o
[587/854] EXTERNALIZE build/GEDE01/src/game/game_fn_80175E64.o
[588/854] EXTERNALIZE build/GEDE01/src/game/game_fn_80175F0C.o
[589/854] EXTERNALIZE build/GEDE01/src/game/game_fn_80175FD4.o
[590/854] EXTERNALIZE build/GEDE01/src/game/game_fn_80176098.o
[591/854] EXTERNALIZE build/GEDE01/src/game/game_fn_80176160.o
[592/854] EXTERNALIZE build/GEDE01/src/game/game_fn_80176220.o
[593/854] EXTERNALIZE build/GEDE01/src/game/game_fn_80170DF4.o
[594/854] EXTERNALIZE build/GEDE01/src/game/game_fn_801762E8.o
[595/854] EXTERNALIZE build/GEDE01/src/game/game_fn_8016E8F8.o
[596/854] EXTERNALIZE build/GEDE01/src/game/game_fn_8016FEF8.o
[597/854] EXTERNALIZE build/GEDE01/src/game/game_fn_801704F8.o
[598/854] NORMALIZE build/GEDE01/src/game/game_fn_8016DF4C.o
[599/854] EXTERNALIZE build/GEDE01/src/game/game_fn_8016D2B8.o
[600/854] EXTERNALIZE build/GEDE01/src/game/game_fn_8016D040.o
[601/854] EXTERNALIZE build/GEDE01/src/game/game_fn_8016D1F8.o
[602/854] EXTERNALIZE build/GEDE01/src/game/game_fn_8016C774.o
[603/854] EXTERNALIZE build/GEDE01/src/game/game_fn_8016C4BC.o
[604/854] EXTERNALIZE build/GEDE01/src/game/game_fn_8016C238.o
[605/854] EXTERNALIZE build/GEDE01/src/game/game_fn_8016C164.o
[606/854] EXTERNALIZE build/GEDE01/src/game/game_fn_8016C0BC.o
[607/854] EXTERNALIZE build/GEDE01/src/game/game_fn_8017038C.o
[608/854] EXTERNALIZE build/GEDE01/src/game/game_fn_8016BE1C.o
[609/854] EXTERNALIZE build/GEDE01/src/game/game_fn_8016BF60.o
[610/854] EXTERNALIZE build/GEDE01/src/game/game_fn_8016BD0C.o
[611/854] EXTERNALIZE build/GEDE01/src/game/game_fn_80169650.o
[612/854] EXTERNALIZE build/GEDE01/src/game/game_fn_80167B5C.o
[613/854] EXTERNALIZE build/GEDE01/src/game/game_fn_8015EDC0.o
[614/854] EXTERNALIZE build/GEDE01/src/game/game_fn_8015DC54.o
[615/854] EXTERNALIZE build/GEDE01/src/game/game_fn_80158B20.o
[616/854] EXTERNALIZE build/GEDE01/src/game/game_fn_80179398.o
[617/854] EXTERNALIZE build/GEDE01/src/game/game_fn_8017974C.o
[618/854] EXTERNALIZE build/GEDE01/src/game/game_fn_8017960C.o
[619/854] EXTERNALIZE build/GEDE01/src/game/game_fn_80179904.o
[620/854] EXTERNALIZE build/GEDE01/src/game/game_fn_8017A9B8.o
[621/854] EXTERNALIZE build/GEDE01/src/game/game_fn_80179A74.o
[622/854] EXTERNALIZE build/GEDE01/src/game/game_fn_80179A18.o
[623/854] EXTERNALIZE build/GEDE01/src/game/game_fn_80179EB8.o
[624/854] EXTERNALIZE build/GEDE01/src/game/game_fn_80179F20.o
[625/854] EXTERNALIZE build/GEDE01/src/game/game_fn_8017A010.o
[626/854] EXTERNALIZE build/GEDE01/src/game/game_fn_8017A12C.o
[627/854] EXTERNALIZE build/GEDE01/src/game/game_fn_80157C0C.o
[628/854] EXTERNALIZE build/GEDE01/src/game/game_fn_8017A1C0.o
[629/854] EXTERNALIZE build/GEDE01/src/game/game_fn_80155814.o
[630/854] EXTERNALIZE build/GEDE01/src/game/game_fn_8014B494.o
[631/854] EXTERNALIZE build/GEDE01/src/game/game_fn_80153898.o
[632/854] EXTERNALIZE build/GEDE01/src/game/game_fn_8014AF38.o
[633/854] EXTERNALIZE build/GEDE01/src/game/game_fn_8012DB28.o
[634/854] EXTERNALIZE build/GEDE01/src/game/game_fn_801141B8.o
[635/854] EXTERNALIZE build/GEDE01/src/game/game_fn_801128E4.o
[636/854] EXTERNALIZE build/GEDE01/src/game/game_fn_801126E0.o
[637/854] EXTERNALIZE build/GEDE01/src/game/game_fn_8010F184.o
[638/854] EXTERNALIZE build/GEDE01/src/game/game_fn_800E4980.o
[639/854] EXTERNALIZE build/GEDE01/src/game/game_fn_800C17EC.o
[640/854] EXTERNALIZE build/GEDE01/src/game/game_fn_800C59F0.o
[641/854] EXTERNALIZE build/GEDE01/src/game/game_fn_800C644C.o
[642/854] EXTERNALIZE build/GEDE01/src/game/game_fn_800C65FC.o
[643/854] EXTERNALIZE build/GEDE01/src/game/game_fn_800CB760.o
[644/854] EXTERNALIZE build/GEDE01/src/game/game_fn_80078500.o
[645/854] EXTERNALIZE build/GEDE01/src/game/game_fn_800CB8F4.o
[646/854] EXTERNALIZE build/GEDE01/src/game/game_fn_80079908.o
[647/854] EXTERNALIZE build/GEDE01/src/game/game_fn_8007B2F4.o
[648/854] EXTERNALIZE build/GEDE01/src/game/game_fn_8007B640.o
[649/854] EXTERNALIZE build/GEDE01/src/game/game_fn_8007B540.o
[650/854] EXTERNALIZE build/GEDE01/src/game/game_fn_800886D8.o
[651/854] EXTERNALIZE build/GEDE01/src/game/game_fn_8007BA3C.o
[652/854] EXTERNALIZE build/GEDE01/src/game/game_fn_800934A0.o
[653/854] EXTERNALIZE build/GEDE01/src/game/game_fn_800A3894.o
[654/854] EXTERNALIZE build/GEDE01/src/game/game_fn_800A7E88.o
[655/854] EXTERNALIZE build/GEDE01/src/game/game_fn_800A2FCC.o
[656/854] EXTERNALIZE build/GEDE01/src/game/game_fn_800A4798.o
[657/854] GLOBALIZE build/GEDE01/src/game/game_fn_800A2130.o
[658/854] EXTERNALIZE build/GEDE01/src/game/game_fn_8009C424.o
[659/854] EXTERNALIZE build/GEDE01/src/game/game_fn_80096830.o
[660/854] GLOBALIZE build/GEDE01/src/game/game_fn_8008F890.o
[661/854] EXTERNALIZE SWITCHES build/GEDE01/src/game/game_fn_80095FDC.o
[662/854] EXTERNALIZE build/GEDE01/src/game/game_fn_800A4428.o
[663/854] EXTERNALIZE build/GEDE01/src/game/game_fn_80074310.o
[664/854] GLOBALIZE build/GEDE01/src/game/game_fn_8005FD84.o
[665/854] EXTERNALIZE build/GEDE01/src/game/game_fn_80066888.o
[666/854] EXTERNALIZE build/GEDE01/src/game/game_fn_8005EC6C.o
[667/854] EXTERNALIZE build/GEDE01/src/game/game_fn_80052310.o
[668/854] EXTERNALIZE build/GEDE01/src/game/game_fn_80048B24.o
[669/854] NAME SWITCH build/GEDE01/src/game/game_fn_80020E94.o
[670/854] NAME SWITCH build/GEDE01/src/game/game_fn_8005EE9C.o
[671/854] NAME SWITCH build/GEDE01/src/game/game_fn_8016D9C0.o
[672/854] EXTERNALIZE build/GEDE01/src/game/game_fn_80048ADC.o
[673/854] NAME SWITCH build/GEDE01/src/game/game_fn_80071A58.o
[674/854] NAME SWITCH build/GEDE01/src/game/game_fn_8006B620.o
[675/854] NAME SWITCH build/GEDE01/src/game/game_fn_8001FE1C.o
[676/854] NAME SWITCH build/GEDE01/src/game/game_fn_8001E644.o
[677/854] EXTERNALIZE build/GEDE01/src/game/game_fn_80038878.o
[678/854] EXTERNALIZE build/GEDE01/src/game/game_fn_801B46C8.o
build/GEDE01/src/game/game_fn_801B46C8.o: lbl_8060C020 now undefined; section 6 emptied
[679/854] EXTERNALIZE build/GEDE01/src/game/game_fn_80036C40.o
[680/854] EXTERNALIZE build/GEDE01/src/game/game_fn_800359A0.o
[681/854] EXTERNALIZE build/GEDE01/src/game/game_fn_80033180.o
[682/854] EXTERNALIZE build/GEDE01/src/game/game_fn_80033038.o
[683/854] EXTERNALIZE build/GEDE01/src/game/game_fn_80032B84.o
[684/854] EXTERNALIZE build/GEDE01/src/game/game_fn_8003232C.o
[685/854] EXTERNALIZE build/GEDE01/src/game/game_fn_8002E3F0.o
[686/854] EXTERNALIZE build/GEDE01/src/game/game_fn_8002DAE0.o
[687/854] EXTERNALIZE build/GEDE01/src/game/game_fn_8002EA68.o
[688/854] GLOBALIZE build/GEDE01/src/game/game_fn_8002B748.o
[689/854] EXTERNALIZE build/GEDE01/src/game/game_fn_8002F428.o
[690/854] EXTERNALIZE build/GEDE01/src/game/game_fn_800272B4.o
[691/854] NAME SWITCHES build/GEDE01/src/game/game_fn_80024F28.o
[692/854] EXTERNALIZE build/GEDE01/src/game/game_fn_8001CD58.o
[693/854] EXTERNALIZE build/GEDE01/src/game/game_fn_8001CE94.o
[694/854] EXTERNALIZE build/GEDE01/src/game/game_fn_8001C078.o
[695/854] EXTERNALIZE build/GEDE01/src/game/game_fn_8001B874.o
[696/854] EXTERNALIZE build/GEDE01/src/game/game_fn_8001B808.o
[697/854] EXTERNALIZE build/GEDE01/src/game/game_fn_8001B294.o
[698/854] EXTERNALIZE build/GEDE01/src/game/game_fn_8001B124.o
[699/854] EXTERNALIZE build/GEDE01/src/game/game_fn_8001AF68.o
[700/854] EXTERNALIZE build/GEDE01/src/game/game_fn_8001ADF8.o
[701/854] EXTERNALIZE build/GEDE01/src/game/game_fn_8001AAB8.o
[702/854] EXTERNALIZE build/GEDE01/src/game/game_fn_8001A6C4.o
[703/854] EXTERNALIZE build/GEDE01/src/game/game_fn_80019D2C.o
[704/854] EXTERNALIZE build/GEDE01/src/game/game_fn_80019F98.o
[705/854] EXTERNALIZE build/GEDE01/src/game/game_fn_80019C10.o
[706/854] EXTERNALIZE build/GEDE01/src/game/game_fn_80019940.o
[707/854] EXTERNALIZE build/GEDE01/src/game/game_fn_800194D0.o
[708/854] EXTERNALIZE build/GEDE01/src/game/game_fn_80019244.o
[709/854] EXTERNALIZE build/GEDE01/src/game/game_fn_80019054.o
[710/854] EXTERNALIZE build/GEDE01/src/game/game_fn_80018EF4.o
[711/854] EXTERNALIZE build/GEDE01/src/game/game_fn_80017DB0.o
[712/854] EXTERNALIZE build/GEDE01/src/game/game_fn_80017CC8.o
[713/854] EXTERNALIZE build/GEDE01/src/game/game_fn_80017C3C.o
[714/854] EXTERNALIZE build/GEDE01/src/game/game_fn_80017AE4.o
[715/854] EXTERNALIZE build/GEDE01/src/game/game_fn_800179AC.o
[716/854] EXTERNALIZE build/GEDE01/src/game/game_fn_80017A3C.o
[717/854] EXTERNALIZE build/GEDE01/src/game/game_fn_80017910.o
[718/854] EXTERNALIZE FLAGS build/GEDE01/src/game/game_fn_800119FC.o
[719/854] EXTERNALIZE build/GEDE01/src/game/game_fn_8000FFD8.o
[720/854] EXTERNALIZE build/GEDE01/src/game/game_fn_8000F4B0.o
[721/854] GLOBALIZE build/GEDE01/src/game/game_fn_800094C0.o
[722/854] EXTERNALIZE build/GEDE01/src/game/game_fn_8000EFC4.o
[723/854] EXTERNALIZE build/GEDE01/src/game/game_fn_800096E0.o
[724/854] EXTERNALIZE build/GEDE01/src/game/game_fn_800098C0.o
[725/854] EXTERNALIZE build/GEDE01/src/game/game_fn_800099D8.o
[726/854] EXTERNALIZE build/GEDE01/src/game/game_fn_80009AB4.o
[727/854] EXTERNALIZE build/GEDE01/src/game/game_fn_8000A26C.o
[728/854] EXTERNALIZE build/GEDE01/src/game/game_fn_800171C0.o
[729/854] EXTERNALIZE build/GEDE01/src/game/game_fn_800176F0.o
[730/854] EXTERNALIZE build/GEDE01/src/game/game_fn_8000AC88.o
[731/854] EXTERNALIZE build/GEDE01/src/game/game_fn_8000AEB4.o
[732/854] EXTERNALIZE build/GEDE01/src/game/game_fn_8000B1B8.o
[733/854] EXTERNALIZE build/GEDE01/src/game/game_fn_8000AFB4.o
[734/854] EXTERNALIZE build/GEDE01/src/game/game_fn_8000B630.o
[735/854] EXTERNALIZE build/GEDE01/src/game/game_fn_8000B36C.o
[736/854] EXTERNALIZE build/GEDE01/src/game/game_fn_8000B7FC.o
[737/854] EXTERNALIZE build/GEDE01/src/game/game_fn_8000B900.o
[738/854] EXTERNALIZE build/GEDE01/src/game/game_fn_8000BA0C.o
[739/854] EXTERNALIZE build/GEDE01/src/game/game_fn_8000BAA0.o
[740/854] EXTERNALIZE build/GEDE01/src/game/game_fn_8000BC40.o
[741/854] EXTERNALIZE build/GEDE01/src/game/game_fn_8000C06C.o
[742/854] EXTERNALIZE build/GEDE01/src/game/game_fn_8000C400.o
[743/854] EXTERNALIZE build/GEDE01/src/game/game_fn_8000C17C.o
[744/854] EXTERNALIZE build/GEDE01/src/game/game_fn_8000C848.o
[745/854] EXTERNALIZE build/GEDE01/src/game/game_fn_8000C91C.o
[746/854] EXTERNALIZE build/GEDE01/src/game/game_fn_8000D0BC.o
[747/854] EXTERNALIZE build/GEDE01/src/game/game_fn_8000D3D4.o
[748/854] NAME SWITCH build/GEDE01/src/game/game_fn_8000D8A4.o
[749/854] EXTERNALIZE build/GEDE01/src/game/game_fn_8000E0AC.o
[750/854] EXTERNALIZE build/GEDE01/src/game/game_fn_8000E054.o
[751/854] EXTERNALIZE build/GEDE01/src/game/game_fn_8000E96C.o
[752/854] EXTERNALIZE build/GEDE01/src/game/game_fn_8000F774.o
[753/854] EXTERNALIZE build/GEDE01/src/game/game_fn_8000EBD4.o
[754/854] EXTERNALIZE build/GEDE01/src/game/game_fn_8000EB14.o
[755/854] EXTERNALIZE build/GEDE01/src/game/game_fn_8000ED44.o
[756/854] EXTERNALIZE build/GEDE01/src/game/game_fn_8000E138.o
[757/854] EXTERNALIZE build/GEDE01/src/game/game_fn_8000D590.o
[758/854] EXTERNALIZE build/GEDE01/src/game/game_fn_8000E1C4.o
[759/854] EXTERNALIZE build/GEDE01/src/game/game_fn_8000DAF4.o
[760/854] EXTERNALIZE build/GEDE01/src/game/game_fn_8000DA50.o
[761/854] EXTERNALIZE build/GEDE01/src/game/game_fn_80012DA8.o
[762/854] EXTERNALIZE build/GEDE01/src/game/game_fn_80012F40.o
[763/854] EXTERNALIZE build/GEDE01/src/game/game_fn_80012FD0.o
[764/854] EXTERNALIZE build/GEDE01/src/game/game_fn_800131E8.o
[765/854] EXTERNALIZE build/GEDE01/src/game/game_fn_80013340.o
[766/854] EXTERNALIZE build/GEDE01/src/game/game_fn_80013870.o
[767/854] EXTERNALIZE build/GEDE01/src/game/game_fn_80013CB0.o
[768/854] EXTERNALIZE build/GEDE01/src/game/game_fn_80013D54.o
[769/854] EXTERNALIZE build/GEDE01/src/game/game_fn_800142DC.o
[770/854] EXTERNALIZE build/GEDE01/src/game/game_fn_800144CC.o
[771/854] EXTERNALIZE build/GEDE01/src/game/game_fn_80014784.o
[772/854] EXTERNALIZE build/GEDE01/src/game/game_fn_800149D4.o
[773/854] EXTERNALIZE build/GEDE01/src/game/game_fn_80015058.o
[774/854] EXTERNALIZE build/GEDE01/src/game/game_fn_80015320.o
[775/854] EXTERNALIZE build/GEDE01/src/game/game_fn_800156FC.o
[776/854] EXTERNALIZE build/GEDE01/src/game/game_fn_80015568.o
[777/854] EXTERNALIZE build/GEDE01/src/game/game_fn_80015BE0.o
[778/854] EXTERNALIZE build/GEDE01/src/game/game_fn_80015D40.o
[779/854] EXTERNALIZE build/GEDE01/src/game/game_fn_80015F04.o
[780/854] EXTERNALIZE build/GEDE01/src/game/game_fn_80016128.o
[781/854] EXTERNALIZE build/GEDE01/src/game/game_fn_80016270.o
[782/854] EXTERNALIZE build/GEDE01/src/game/game_fn_80016904.o
[783/854] EXTERNALIZE build/GEDE01/src/game/game_fn_800173CC.o
[784/854] EXTERNALIZE build/GEDE01/src/game/game_fn_80016B24.o
[785/854] EXTERNALIZE build/GEDE01/src/game/game_fn_801BEF40.o
[786/854] EXTERNALIZE build/GEDE01/src/game/game_fn_801B86C0.o
[787/854] EXTERNALIZE STATIC POOL build/GEDE01/src/game/game_fn_801C4B5C.o
build/GEDE01/src/game/game_fn_801C4B5C.o: lbl_80628CB0 now undefined; section 6 emptied
[788/854] EXTERNALIZE build/GEDE01/src/game/game_fn_8001CA04.o
[789/854] EXTERNALIZE build/GEDE01/src/game/game_fn_801C8600.o
[790/854] EXTERNALIZE build/GEDE01/src/game/game_fn_80031544.o
[791/854] EXTERNALIZE build/GEDE01/src/game/game_fn_8006B0F0.o
[792/854] EXTERNALIZE build/GEDE01/src/game/game_fn_8007D4D8.o
[793/854] EXTERNALIZE build/GEDE01/src/game/game_fn_8007F770.o
[794/854] EXTERNALIZE build/GEDE01/src/game/game_fn_80088F4C.o
[795/854] EXTERNALIZE build/GEDE01/src/game/game_fn_8008A2E0.o
[796/854] EXTERNALIZE build/GEDE01/src/game/game_fn_80090004.o
[797/854] EXTERNALIZE build/GEDE01/src/game/game_fn_80095D10.o
[798/854] EXTERNALIZE build/GEDE01/src/game/game_fn_800A3180.o
[799/854] EXTERNALIZE build/GEDE01/src/game/game_fn_800BB7A8.o
[800/854] EXTERNALIZE build/GEDE01/src/game/game_fn_800BB5C4.o
[801/854] EXTERNALIZE build/GEDE01/src/game/game_fn_800BB9A4.o
[802/854] EXTERNALIZE build/GEDE01/src/game/game_fn_800BBAF0.o
[803/854] EXTERNALIZE build/GEDE01/src/game/game_fn_800D9E10.o
[804/854] EXTERNALIZE build/GEDE01/src/game/game_fn_8012976C.o
[805/854] EXTERNALIZE build/GEDE01/src/game/game_fn_8013DB8C.o
[806/854] EXTERNALIZE build/GEDE01/src/game/game_fn_8014CA98.o
[807/854] EXTERNALIZE build/GEDE01/src/game/game_fn_80153A24.o
[808/854] EXTERNALIZE build/GEDE01/src/game/game_fn_801535D8.o
[809/854] EXTERNALIZE build/GEDE01/src/game/game_fn_80174F2C.o
[810/854] EXTERNALIZE build/GEDE01/src/game/game_fn_8017AC20.o
[811/854] EXTERNALIZE build/GEDE01/src/game/game_fn_8018680C.o
[812/854] EXTERNALIZE build/GEDE01/src/game/game_fn_80186F70.o
[813/854] EXTERNALIZE build/GEDE01/src/game/game_fn_80187320.o
[814/854] EXTERNALIZE build/GEDE01/src/game/game_fn_801810A0.o
[815/854] EXTERNALIZE build/GEDE01/src/game/game_fn_800542D0.o
[816/854] EXTERNALIZE build/GEDE01/src/game/game_fn_80187BB4.o
[817/854] EXTERNALIZE build/GEDE01/src/game/game_fn_8018E0D8.o
[818/854] EXTERNALIZE build/GEDE01/src/game/game_fn_8019120C.o
[819/854] EXTERNALIZE build/GEDE01/src/game/game_fn_8018D400.o
[820/854] EXTERNALIZE build/GEDE01/src/game/game_fn_801926EC.o
[821/854] EXTERNALIZE build/GEDE01/src/game/game_fn_801916D0.o
[822/854] EXTERNALIZE build/GEDE01/src/game/game_fn_801929A4.o
[823/854] EXTERNALIZE build/GEDE01/src/game/game_fn_801A2A54.o
[824/854] EXTERNALIZE build/GEDE01/src/game/game_fn_801A34BC.o
[825/854] EXTERNALIZE build/GEDE01/src/game/game_fn_801A657C.o
[826/854] EXTERNALIZE build/GEDE01/src/game/game_fn_801D1F78.o
[827/854] EXTERNALIZE build/GEDE01/src/game/game_fn_801E2A48.o
[828/854] EXTERNALIZE build/GEDE01/src/game/game_fn_801EF580.o
[829/854] EXTERNALIZE build/GEDE01/src/game/game_fn_801ECD74.o
[830/854] EXTERNALIZE build/GEDE01/src/game/game_fn_801F69F0.o
[831/854] EXTERNALIZE build/GEDE01/src/game/game_fn_801ED5F4.o
[832/854] EXTERNALIZE build/GEDE01/src/game/game_fn_801F76EC.o
[833/854] EXTERNALIZE build/GEDE01/src/game/game_fn_801F8264.o
[834/854] EXTERNALIZE build/GEDE01/src/game/game_fn_801F89B4.o
[835/854] EXTERNALIZE build/GEDE01/src/game/game_fn_801F9AF8.o
[836/854] EXTERNALIZE build/GEDE01/src/game/game_fn_801F6BD8.o
[837/854] EXTERNALIZE JUMPTABLES build/GEDE01/src/game/game_fn_800361F8.o
[838/854] EXTERNALIZE build/GEDE01/src/game/game_fn_801FB6A4.o
[839/854] EXTERNALIZE JUMPTABLES build/GEDE01/src/game/game_fn_8006E53C.o
[840/854] EXTERNALIZE JUMPTABLES build/GEDE01/src/game/game_fn_800CF598.o
[841/854] EXTERNALIZE JUMPTABLES build/GEDE01/src/game/game_fn_801ACFE8.o
[842/854] EXTERNALIZE JUMPTABLES build/GEDE01/src/game/game_fn_801B1BA0.o
[843/854] EXTERNALIZE build/GEDE01/src/game/game_fn_8009E808.o
[844/854] EXTERNALIZE build/GEDE01/src/game/game_fn_801F55A0.o
[845/854] EXTERNALIZE build/GEDE01/src/game/game_fn_801FFE78.o
[846/854] EXTERNALIZE build/GEDE01/src/game/game_fn_801F7510.o
[847/854] EXTERNALIZE build/GEDE01/src/game/game_fn_801FC034.o
[848/854] EXTERNALIZE build/GEDE01/src/game/game_fn_801FA9C8.o
[849/854] REPORT
 INFO Loading project .
 INFO Generating report for 7066 units (using 8 threads)
 INFO Report generated in 0.202s
 INFO Writing to build/GEDE01/report.json
[850/854] LINK build/GEDE01/main.elf
### mwldeppc.exe Linker Warning:
#   Section '.ignored' is unknown. Section ignored.
### mwldeppc.exe Linker Warning:
#   Section '.ignored' is unknown. Section ignored.
### mwldeppc.exe Linker Warning:
#   Section '.ignored' is unknown. Section ignored.
### mwldeppc.exe Linker Warning:
#   Section '.ignored' is unknown. Section ignored.
### mwldeppc.exe Linker Warning:
#   Section '.ignored' is unknown. Section ignored.
### mwldeppc.exe Linker Warning:
#   Section '.ignored' is unknown. Section ignored.
### mwldeppc.exe Linker Warning:
#   Section '.ignored' is unknown. Section ignored.
### mwldeppc.exe Linker Warning:
#   Section '.ignored' is unknown. Section ignored.
### mwldeppc.exe Linker Warning:
#   Section '.ignored' is unknown. Section ignored.
### mwldeppc.exe Linker Warning:
#   Section '.ignored' is unknown. Section ignored.
### mwldeppc.exe Linker Warning:
#   Section '.ignored' is unknown. Section ignored.
### mwldeppc.exe Linker Warning:
#   Section '.ignored' is unknown. Section ignored.
### mwldeppc.exe Linker Warning:
#   Section '.ignored' is unknown. Section ignored.
### mwldeppc.exe Linker Warning:
#   Section '.ignored' is unknown. Section ignored.
### mwldeppc.exe Linker Warning:
#   Section '.ignored' is unknown. Section ignored.
### mwldeppc.exe Linker Warning:
#   Section '.ignored' is unknown. Section ignored.
### mwldeppc.exe Linker Warning:
#   Section '.ignored' is unknown. Section ignored.
### mwldeppc.exe Linker Warning:
#   Section '.ignored' is unknown. Section ignored.
### mwldeppc.exe Linker Warning:
#   Section '.ignored' is unknown. Section ignored.
### mwldeppc.exe Linker Warning:
#   Section '.ignored' is unknown. Section ignored.
### mwldeppc.exe Linker Warning:
#   Section '.ignored' is unknown. Section ignored.
### mwldeppc.exe Linker Warning:
#   Section '.ignored' is unknown. Section ignored.
### mwldeppc.exe Linker Warning:
#   Section '.ignored' is unknown. Section ignored.
### mwldeppc.exe Linker Warning:
#   Section '.ignored' is unknown. Section ignored.
### mwldeppc.exe Linker Warning:
#   Section '.ignored' is unknown. Section ignored.
### mwldeppc.exe Linker Warning:
#   Section '.ignored' is unknown. Section ignored.
### mwldeppc.exe Linker Warning:
#   Section '.ignored' is unknown. Section ignored.
### mwldeppc.exe Linker Warning:
#   Section '.ignored' is unknown. Section ignored.
### mwldeppc.exe Linker Warning:
#   Section '.ignored' is unknown. Section ignored.
### mwldeppc.exe Linker Warning:
#   Section '.ignored' is unknown. Section ignored.
### mwldeppc.exe Linker Warning:
#   Section '.ignored' is unknown. Section ignored.
### mwldeppc.exe Linker Warning:
#   Section '.ignored' is unknown. Section ignored.
### mwldeppc.exe Linker Warning:
#   Section '.ignored' is unknown. Section ignored.
### mwldeppc.exe Linker Warning:
#   Section '.ignored' is unknown. Section ignored.
### mwldeppc.exe Linker Warning:
#   Section '.ignored' is unknown. Section ignored.
### mwldeppc.exe Linker Warning:
#   Section '.ignored' is unknown. Section ignored.
### mwldeppc.exe Linker Warning:
#   Section '.ignored' is unknown. Section ignored.
### mwldeppc.exe Linker Warning:
#   Section '.ignored' is unknown. Section ignored.
### mwldeppc.exe Linker Warning:
#   Section '.ignored' is unknown. Section ignored.
### mwldeppc.exe Linker Warning:
#   Section '.ignored' is unknown. Section ignored.
### mwldeppc.exe Linker Warning:
#   Section '.ignored' is unknown. Section ignored.
### mwldeppc.exe Linker Warning:
#   Section '.ignored' is unknown. Section ignored.
### mwldeppc.exe Linker Warning:
#   Section '.ignored' is unknown. Section ignored.
### mwldeppc.exe Linker Warning:
#   Section '.ignored' is unknown. Section ignored.
### mwldeppc.exe Linker Warning:
#   Section '.ignored' is unknown. Section ignored.
### mwldeppc.exe Linker Warning:
#   Section '.ignored' is unknown. Section ignored.
### mwldeppc.exe Linker Warning:
#   Section '.ignored' is unknown. Section ignored.
### mwldeppc.exe Linker Warning:
#   Section '.ignored' is unknown. Section ignored.
### mwldeppc.exe Linker Warning:
#   Section '.ignored' is unknown. Section ignored.
### mwldeppc.exe Linker Warning:
#   Section '.ignored' is unknown. Section ignored.
### mwldeppc.exe Linker Warning:
#   Section '.ignored' is unknown. Section ignored.
### mwldeppc.exe Linker Warning:
#   Section '.ignored' is unknown. Section ignored.
### mwldeppc.exe Linker Warning:
#   Section '.ignored' is unknown. Section ignored.
### mwldeppc.exe Linker Warning:
#   Section '.ignored' is unknown. Section ignored.
### mwldeppc.exe Linker Warning:
#   Section '.ignored' is unknown. Section ignored.
### mwldeppc.exe Linker Warning:
#   Section '.ignored' is unknown. Section ignored.
### mwldeppc.exe Linker Warning:
#   Section '.ignored' is unknown. Section ignored.
### mwldeppc.exe Linker Warning:
#   Section '.ignored' is unknown. Section ignored.
### mwldeppc.exe Linker Warning:
#   Section '.ignored' is unknown. Section ignored.
### mwldeppc.exe Linker Warning:
#   Section '.ignored' is unknown. Section ignored.
### mwldeppc.exe Linker Warning:
#   Section '.ignored' is unknown. Section ignored.
### mwldeppc.exe Linker Warning:
#   Section '.ignored' is unknown. Section ignored.
### mwldeppc.exe Linker Warning:
#   Section '.ignored' is unknown. Section ignored.
### mwldeppc.exe Linker Warning:
#   Section '.ignored' is unknown. Section ignored.
### mwldeppc.exe Linker Warning:
#   Section '.ignored' is unknown. Section ignored.
### mwldeppc.exe Linker Warning:
#   Section '.ignored' is unknown. Section ignored.
### mwldeppc.exe Linker Warning:
#   Section '.ignored' is unknown. Section ignored.
### mwldeppc.exe Linker Warning:
#   Section '.ignored' is unknown. Section ignored.
### mwldeppc.exe Linker Warning:
#   Section '.ignored' is unknown. Section ignored.
### mwldeppc.exe Linker Warning:
#   Section '.ignored' is unknown. Section ignored.
### mwldeppc.exe Linker Warning:
#   Section '.ignored' is unknown. Section ignored.
### mwldeppc.exe Linker Warning:
#   Section '.ignored' is unknown. Section ignored.
### mwldeppc.exe Linker Warning:
#   Section '.ignored' is unknown. Section ignored.
### mwldeppc.exe Linker Warning:
#   Section '.ignored' is unknown. Section ignored.
### mwldeppc.exe Linker Warning:
#   Section '.ignored' is unknown. Section ignored.
### mwldeppc.exe Linker Warning:
#   Section '.ignored' is unknown. Section ignored.
### mwldeppc.exe Linker Warning:
#   Section '.ignored' is unknown. Section ignored.
### mwldeppc.exe Linker Warning:
#   Section '.ignored' is unknown. Section ignored.
### mwldeppc.exe Linker Warning:
#   Section '.ignored' is unknown. Section ignored.
### mwldeppc.exe Linker Warning:
#   Section '.ignored' is unknown. Section ignored.
### mwldeppc.exe Linker Warning:
#   Section '.ignored' is unknown. Section ignored.
### mwldeppc.exe Linker Warning:
#   Section '.ignored' is unknown. Section ignored.
### mwldeppc.exe Linker Warning:
#   Section '.ignored' is unknown. Section ignored.
### mwldeppc.exe Linker Warning:
#   Section '.ignored' is unknown. Section ignored.
### mwldeppc.exe Linker Warning:
#   Section '.ignored' is unknown. Section ignored.
### mwldeppc.exe Linker Warning:
#   Section '.ignored' is unknown. Section ignored.
### mwldeppc.exe Linker Warning:
#   Section '.ignored' is unknown. Section ignored.
### mwldeppc.exe Linker Warning:
#   Section '.ignored' is unknown. Section ignored.
### mwldeppc.exe Linker Warning:
#   Section '.ignored' is unknown. Section ignored.
### mwldeppc.exe Linker Warning:
#   Section '.ignored' is unknown. Section ignored.
### mwldeppc.exe Linker Warning:
#   Section '.ignored' is unknown. Section ignored.
### mwldeppc.exe Linker Warning:
#   Section '.ignored' is unknown. Section ignored.
### mwldeppc.exe Linker Warning:
#   Section '.ignored' is unknown. Section ignored.
### mwldeppc.exe Linker Warning:
#   Section '.ignored' is unknown. Section ignored.
### mwldeppc.exe Linker Warning:
#   Section '.ignored' is unknown. Section ignored.
### mwldeppc.exe Linker Warning:
#   Section '.ignored' is unknown. Section ignored.
### mwldeppc.exe Linker Warning:
#   Section '.ignored' is unknown. Section ignored.
### mwldeppc.exe Linker Warning:
#   Section '.ignored' is unknown. Section ignored.
### mwldeppc.exe Linker Warning:
#   Section '.ignored' is unknown. Section ignored.
### mwldeppc.exe Linker Warning:
#   Section '.ignored' is unknown. Section ignored.
### mwldeppc.exe Linker Warning:
#   Section '.ignored' is unknown. Section ignored.
### mwldeppc.exe Linker Warning:
#   Section '.ignored' is unknown. Section ignored.
### mwldeppc.exe Linker Warning:
#   Section '.ignored' is unknown. Section ignored.
### mwldeppc.exe Linker Warning:
#   Section '.ignored' is unknown. Section ignored.
### mwldeppc.exe Linker Warning:
#   Section '.ignored' is unknown. Section ignored.
### mwldeppc.exe Linker Warning:
#   Section '.ignored' is unknown. Section ignored.
### mwldeppc.exe Linker Warning:
#   Section '.ignored' is unknown. Section ignored.
### mwldeppc.exe Linker Warning:
#   Section '.ignored' is unknown. Section ignored.
### mwldeppc.exe Linker Warning:
#   Section '.ignored' is unknown. Section ignored.
### mwldeppc.exe Linker Warning:
#   Section '.ignored' is unknown. Section ignored.
### mwldeppc.exe Linker Warning:
#   Section '.ignored' is unknown. Section ignored.
### mwldeppc.exe Linker Warning:
#   Section '.ignored' is unknown. Section ignored.
### mwldeppc.exe Linker Warning:
#   Section '.ignored' is unknown. Section ignored.
### mwldeppc.exe Linker Warning:
#   Section '.ignored' is unknown. Section ignored.
### mwldeppc.exe Linker Warning:
#   Section '.ignored' is unknown. Section ignored.
### mwldeppc.exe Linker Warning:
#   Section '.ignored' is unknown. Section ignored.
### mwldeppc.exe Linker Warning:
#   Section '.ignored' is unknown. Section ignored.
### mwldeppc.exe Linker Warning:
#   Section '.ignored' is unknown. Section ignored.
### mwldeppc.exe Linker Warning:
#   Section '.ignored' is unknown. Section ignored.
### mwldeppc.exe Linker Warning:
#   Section '.ignored' is unknown. Section ignored.
### mwldeppc.exe Linker Warning:
#   Section '.ignored' is unknown. Section ignored.
### mwldeppc.exe Linker Warning:
#   Section '.ignored' is unknown. Section ignored.
### mwldeppc.exe Linker Warning:
#   Section '.ignored' is unknown. Section ignored.
### mwldeppc.exe Linker Warning:
#   Section '.ignored' is unknown. Section ignored.
### mwldeppc.exe Linker Warning:
#   Section '.ignored' is unknown. Section ignored.
### mwldeppc.exe Linker Warning:
#   Section '.ignored' is unknown. Section ignored.
### mwldeppc.exe Linker Warning:
#   Section '.ignored' is unknown. Section ignored.
### mwldeppc.exe Linker Warning:
#   Section '.ignored' is unknown. Section ignored.
### mwldeppc.exe Linker Warning:
#   Section '.ignored' is unknown. Section ignored.
### mwldeppc.exe Linker Warning:
#   Section '.ignored' is unknown. Section ignored.
### mwldeppc.exe Linker Warning:
#   Section '.ignored' is unknown. Section ignored.
### mwldeppc.exe Linker Warning:
#   Section '.ignored' is unknown. Section ignored.
### mwldeppc.exe Linker Warning:
#   Section '.ignored' is unknown. Section ignored.
### mwldeppc.exe Linker Warning:
#   Section '.ignored' is unknown. Section ignored.
### mwldeppc.exe Linker Warning:
#   Section '.ignored' is unknown. Section ignored.
### mwldeppc.exe Linker Warning:
#   Section '.ignored' is unknown. Section ignored.
### mwldeppc.exe Linker Warning:
#   Section '.ignored' is unknown. Section ignored.
### mwldeppc.exe Linker Warning:
#   Section '.ignored' is unknown. Section ignored.
### mwldeppc.exe Linker Warning:
#   Section '.ignored' is unknown. Section ignored.
### mwldeppc.exe Linker Warning:
#   Section '.ignored' is unknown. Section ignored.
### mwldeppc.exe Linker Warning:
#   Section '.ignored' is unknown. Section ignored.
### mwldeppc.exe Linker Warning:
#   Section '.ignored' is unknown. Section ignored.
### mwldeppc.exe Linker Warning:
#   Section '.ignored' is unknown. Section ignored.
### mwldeppc.exe Linker Warning:
#   Section '.ignored' is unknown. Section ignored.
### mwldeppc.exe Linker Warning:
#   Section '.ignored' is unknown. Section ignored.
### mwldeppc.exe Linker Warning:
#   Section '.ignored' is unknown. Section ignored.
### mwldeppc.exe Linker Warning:
#   Section '.ignored' is unknown. Section ignored.
### mwldeppc.exe Linker Warning:
#   Section '.ignored' is unknown. Section ignored.
### mwldeppc.exe Linker Warning:
#   Section '.ignored' is unknown. Section ignored.
### mwldeppc.exe Linker Warning:
#   Section '.ignored' is unknown. Section ignored.
### mwldeppc.exe Linker Warning:
#   Section '.ignored' is unknown. Section ignored.
### mwldeppc.exe Linker Warning:
#   Section '.ignored' is unknown. Section ignored.
### mwldeppc.exe Linker Warning:
#   Section '.ignored' is unknown. Section ignored.
### mwldeppc.exe Linker Warning:
#   Section '.ignored' is unknown. Section ignored.
### mwldeppc.exe Linker Warning:
#   Section '.ignored' is unknown. Section ignored.
### mwldeppc.exe Linker Warning:
#   Section '.ignored' is unknown. Section ignored.
### mwldeppc.exe Linker Warning:
#   Section '.ignored' is unknown. Section ignored.
### mwldeppc.exe Linker Warning:
#   Section '.ignored' is unknown. Section ignored.
### mwldeppc.exe Linker Warning:
#   Section '.ignored' is unknown. Section ignored.
### mwldeppc.exe Linker Warning:
#   Section '.ignored' is unknown. Section ignored.
### mwldeppc.exe Linker Warning:
#   Section '.ignored' is unknown. Section ignored.
### mwldeppc.exe Linker Warning:
#   Section '.ignored' is unknown. Section ignored.
### mwldeppc.exe Linker Warning:
#   Section '.ignored' is unknown. Section ignored.
### mwldeppc.exe Linker Warning:
#   Section '.ignored' is unknown. Section ignored.
### mwldeppc.exe Linker Warning:
#   Section '.ignored' is unknown. Section ignored.
### mwldeppc.exe Linker Warning:
#   Section '.ignored' is unknown. Section ignored.
### mwldeppc.exe Linker Warning:
#   Section '.ignored' is unknown. Section ignored.
### mwldeppc.exe Linker Warning:
#   Section '.ignored' is unknown. Section ignored.
### mwldeppc.exe Linker Warning:
#   Section '.ignored' is unknown. Section ignored.
### mwldeppc.exe Linker Warning:
#   Section '.ignored' is unknown. Section ignored.
### mwldeppc.exe Linker Warning:
#   Section '.ignored' is unknown. Section ignored.
### mwldeppc.exe Linker Warning:
#   Section '.ignored' is unknown. Section ignored.
### mwldeppc.exe Linker Warning:
#   Section '.ignored' is unknown. Section ignored.
### mwldeppc.exe Linker Warning:
#   Section '.ignored' is unknown. Section ignored.
### mwldeppc.exe Linker Warning:
#   Section '.ignored' is unknown. Section ignored.
### mwldeppc.exe Linker Warning:
#   Section '.ignored' is unknown. Section ignored.
### mwldeppc.exe Linker Warning:
#   Section '.ignored' is unknown. Section ignored.
### mwldeppc.exe Linker Warning:
#   Section '.ignored' is unknown. Section ignored.
### mwldeppc.exe Linker Warning:
#   Section '.ignored' is unknown. Section ignored.
### mwldeppc.exe Linker Warning:
#   Section '.ignored' is unknown. Section ignored.
### mwldeppc.exe Linker Warning:
#   Section '.ignored' is unknown. Section ignored.
### mwldeppc.exe Linker Warning:
#   Section '.ignored' is unknown. Section ignored.
### mwldeppc.exe Linker Warning:
#   Section '.ignored' is unknown. Section ignored.
### mwldeppc.exe Linker Warning:
#   Section '.ignored' is unknown. Section ignored.
### mwldeppc.exe Linker Warning:
#   Section '.ignored' is unknown. Section ignored.
### mwldeppc.exe Linker Warning:
#   Section '.ignored' is unknown. Section ignored.
### mwldeppc.exe Linker Warning:
#   Section '.ignored' is unknown. Section ignored.
### mwldeppc.exe Linker Warning:
#   Section '.ignored' is unknown. Section ignored.
### mwldeppc.exe Linker Warning:
#   Section '.ignored' is unknown. Section ignored.
### mwldeppc.exe Linker Warning:
#   Section '.ignored' is unknown. Section ignored.
### mwldeppc.exe Linker Warning:
#   Section '.ignored' is unknown. Section ignored.
### mwldeppc.exe Linker Warning:
#   Section '.ignored' is unknown. Section ignored.
### mwldeppc.exe Linker Warning:
#   Section '.ignored' is unknown. Section ignored.
### mwldeppc.exe Linker Warning:
#   Section '.ignored' is unknown. Section ignored.
### mwldeppc.exe Linker Warning:
#   Section '.ignored' is unknown. Section ignored.
### mwldeppc.exe Linker Warning:
#   Section '.ignored' is unknown. Section ignored.
### mwldeppc.exe Linker Warning:
#   Section '.ignored' is unknown. Section ignored.
### mwldeppc.exe Linker Warning:
#   Section '.ignored' is unknown. Section ignored.
### mwldeppc.exe Linker Warning:
#   Section '.ignored' is unknown. Section ignored.
### mwldeppc.exe Linker Warning:
#   Section '.ignored' is unknown. Section ignored.
### mwldeppc.exe Linker Warning:
#   Section '.ignored' is unknown. Section ignored.
### mwldeppc.exe Linker Warning:
#   Section '.ignored' is unknown. Section ignored.
### mwldeppc.exe Linker Warning:
#   Section '.ignored' is unknown. Section ignored.
### mwldeppc.exe Linker Warning:
#   Section '.ignored' is unknown. Section ignored.
### mwldeppc.exe Linker Warning:
#   Section '.ignored' is unknown. Section ignored.
### mwldeppc.exe Linker Warning:
#   Section '.ignored' is unknown. Section ignored.
### mwldeppc.exe Linker Warning:
#   Section '.ignored' is unknown. Section ignored.
### mwldeppc.exe Linker Warning:
#   Section '.ignored' is unknown. Section ignored.
### mwldeppc.exe Linker Warning:
#   Section '.ignored' is unknown. Section ignored.
### mwldeppc.exe Linker Warning:
#   Section '.ignored' is unknown. Section ignored.
### mwldeppc.exe Linker Warning:
#   Section '.ignored' is unknown. Section ignored.
### mwldeppc.exe Linker Warning:
#   Section '.ignored' is unknown. Section ignored.
### mwldeppc.exe Linker Warning:
#   Section '.ignored' is unknown. Section ignored.
### mwldeppc.exe Linker Warning:
#   Section '.ignored' is unknown. Section ignored.
### mwldeppc.exe Linker Warning:
#   Section '.ignored' is unknown. Section ignored.
### mwldeppc.exe Linker Warning:
#   Section '.ignored' is unknown. Section ignored.
### mwldeppc.exe Linker Warning:
#   Section '.ignored' is unknown. Section ignored.
### mwldeppc.exe Linker Warning:
#   Section '.ignored' is unknown. Section ignored.
### mwldeppc.exe Linker Warning:
#   Section '.ignored' is unknown. Section ignored.
### mwldeppc.exe Linker Warning:
#   Section '.ignored' is unknown. Section ignored.
### mwldeppc.exe Linker Warning:
#   Section '.ignored' is unknown. Section ignored.
### mwldeppc.exe Linker Warning:
#   Section '.ignored' is unknown. Section ignored.
### mwldeppc.exe Linker Warning:
#   Section '.ignored' is unknown. Section ignored.
### mwldeppc.exe Linker Warning:
#   Section '.ignored' is unknown. Section ignored.
### mwldeppc.exe Linker Warning:
#   Section '.ignored' is unknown. Section ignored.
### mwldeppc.exe Linker Warning:
#   Section '.ignored' is unknown. Section ignored.
### mwldeppc.exe Linker Warning:
#   Section '.ignored' is unknown. Section ignored.
### mwldeppc.exe Linker Warning:
#   Section '.ignored' is unknown. Section ignored.
### mwldeppc.exe Linker Warning:
#   Section '.ignored' is unknown. Section ignored.
### mwldeppc.exe Linker Warning:
#   Section '.ignored' is unknown. Section ignored.
### mwldeppc.exe Linker Warning:
#   Section '.ignored' is unknown. Section ignored.
### mwldeppc.exe Linker Warning:
#   Section '.ignored' is unknown. Section ignored.
### mwldeppc.exe Linker Warning:
#   Section '.ignored' is unknown. Section ignored.
### mwldeppc.exe Linker Warning:
#   Section '.ignored' is unknown. Section ignored.
### mwldeppc.exe Linker Warning:
#   Section '.ignored' is unknown. Section ignored.
### mwldeppc.exe Linker Warning:
#   Section '.ignored' is unknown. Section ignored.
### mwldeppc.exe Linker Warning:
#   Section '.ignored' is unknown. Section ignored.
### mwldeppc.exe Linker Warning:
#   Section '.ignored' is unknown. Section ignored.
### mwldeppc.exe Linker Warning:
#   Section '.ignored' is unknown. Section ignored.
### mwldeppc.exe Linker Warning:
#   Section '.ignored' is unknown. Section ignored.
### mwldeppc.exe Linker Warning:
#   Section '.ignored' is unknown. Section ignored.
### mwldeppc.exe Linker Warning:
#   Section '.ignored' is unknown. Section ignored.
### mwldeppc.exe Linker Warning:
#   Section '.ignored' is unknown. Section ignored.
### mwldeppc.exe Linker Warning:
#   Section '.ignored' is unknown. Section ignored.
### mwldeppc.exe Linker Warning:
#   Section '.ignored' is unknown. Section ignored.
### mwldeppc.exe Linker Warning:
#   Section '.ignored' is unknown. Section ignored.
### mwldeppc.exe Linker Warning:
#   Section '.ignored' is unknown. Section ignored.
### mwldeppc.exe Linker Warning:
#   Section '.ignored' is unknown. Section ignored.
### mwldeppc.exe Linker Warning:
#   Section '.ignored' is unknown. Section ignored.
### mwldeppc.exe Linker Warning:
#   Section '.ignored' is unknown. Section ignored.
### mwldeppc.exe Linker Warning:
#   Section '.ignored' is unknown. Section ignored.
### mwldeppc.exe Linker Warning:
#   Section '.ignored' is unknown. Section ignored.
### mwldeppc.exe Linker Warning:
#   Section '.ignored' is unknown. Section ignored.
### mwldeppc.exe Linker Warning:
#   Section '.ignored' is unknown. Section ignored.
### mwldeppc.exe Linker Warning:
#   Section '.ignored' is unknown. Section ignored.
### mwldeppc.exe Linker Warning:
#   Section '.ignored' is unknown. Section ignored.
### mwldeppc.exe Linker Warning:
#   Section '.ignored' is unknown. Section ignored.
### mwldeppc.exe Linker Warning:
#   Section '.ignored' is unknown. Section ignored.
### mwldeppc.exe Linker Warning:
#   Section '.ignored' is unknown. Section ignored.
### mwldeppc.exe Linker Warning:
#   Section '.ignored' is unknown. Section ignored.
### mwldeppc.exe Linker Warning:
#   Section '.ignored' is unknown. Section ignored.
### mwldeppc.exe Linker Warning:
#   Section '.ignored' is unknown. Section ignored.
### mwldeppc.exe Linker Warning:
#   Section '.ignored' is unknown. Section ignored.
### mwldeppc.exe Linker Warning:
#   Section '.ignored' is unknown. Section ignored.
### mwldeppc.exe Linker Warning:
#   Section '.ignored' is unknown. Section ignored.
### mwldeppc.exe Linker Warning:
#   Section '.ignored' is unknown. Section ignored.
### mwldeppc.exe Linker Warning:
#   Section '.ignored' is unknown. Section ignored.
### mwldeppc.exe Linker Warning:
#   Section '.ignored' is unknown. Section ignored.
### mwldeppc.exe Linker Warning:
#   Section '.ignored' is unknown. Section ignored.
### mwldeppc.exe Linker Warning:
#   Section '.ignored' is unknown. Section ignored.
### mwldeppc.exe Linker Warning:
#   Section '.ignored' is unknown. Section ignored.
### mwldeppc.exe Linker Warning:
#   Section '.ignored' is unknown. Section ignored.
### mwldeppc.exe Linker Warning:
#   Section '.ignored' is unknown. Section ignored.
### mwldeppc.exe Linker Warning:
#   Section '.ignored' is unknown. Section ignored.
### mwldeppc.exe Linker Warning:
#   Section '.ignored' is unknown. Section ignored.
### mwldeppc.exe Linker Warning:
#   Section '.ignored' is unknown. Section ignored.
### mwldeppc.exe Linker Warning:
#   Section '.ignored' is unknown. Section ignored.
### mwldeppc.exe Linker Warning:
#   Section '.ignored' is unknown. Section ignored.
### mwldeppc.exe Linker Warning:
#   Section '.ignored' is unknown. Section ignored.
### mwldeppc.exe Linker Warning:
#   Section '.ignored' is unknown. Section ignored.
### mwldeppc.exe Linker Warning:
#   Section '.ignored' is unknown. Section ignored.
### mwldeppc.exe Linker Warning:
#   Section '.ignored' is unknown. Section ignored.
### mwldeppc.exe Linker Warning:
#   Section '.ignored' is unknown. Section ignored.
### mwldeppc.exe Linker Warning:
#   Section '.ignored' is unknown. Section ignored.
### mwldeppc.exe Linker Warning:
#   Section '.ignored' is unknown. Section ignored.
### mwldeppc.exe Linker Warning:
#   Section '.ignored' is unknown. Section ignored.
### mwldeppc.exe Linker Warning:
#   Section '.ignored' is unknown. Section ignored.
### mwldeppc.exe Linker Warning:
#   Section '.ignored' is unknown. Section ignored.
### mwldeppc.exe Linker Warning:
#   Section '.ignored' is unknown. Section ignored.
### mwldeppc.exe Linker Warning:
#   Section '.ignored' is unknown. Section ignored.
### mwldeppc.exe Linker Warning:
#   Section '.ignored' is unknown. Section ignored.
### mwldeppc.exe Linker Warning:
#   Section '.ignored' is unknown. Section ignored.
### mwldeppc.exe Linker Warning:
#   Section '.ignored' is unknown. Section ignored.
### mwldeppc.exe Linker Warning:
#   Section '.ignored' is unknown. Section ignored.
### mwldeppc.exe Linker Warning:
#   Section '.ignored' is unknown. Section ignored.
### mwldeppc.exe Linker Warning:
#   Section '.ignored' is unknown. Section ignored.
### mwldeppc.exe Linker Warning:
#   Section '.ignored' is unknown. Section ignored.
### mwldeppc.exe Linker Warning:
#   Section '.ignored' is unknown. Section ignored.
### mwldeppc.exe Linker Warning:
#   Section '.ignored' is unknown. Section ignored.
### mwldeppc.exe Linker Warning:
#   Section '.ignored' is unknown. Section ignored.
### mwldeppc.exe Linker Warning:
#   Section '.ignored' is unknown. Section ignored.
### mwldeppc.exe Linker Warning:
#   Section '.ignored' is unknown. Section ignored.
### mwldeppc.exe Linker Warning:
#   Section '.ignored' is unknown. Section ignored.
### mwldeppc.exe Linker Warning:
#   Section '.ignored' is unknown. Section ignored.
### mwldeppc.exe Linker Warning:
#   Section '.ignored' is unknown. Section ignored.
### mwldeppc.exe Linker Warning:
#   Section '.ignored' is unknown. Section ignored.
### mwldeppc.exe Linker Warning:
#   Section '.ignored' is unknown. Section ignored.
### mwldeppc.exe Linker Warning:
#   Section '.ignored' is unknown. Section ignored.
### mwldeppc.exe Linker Warning:
#   Section '.ignored' is unknown. Section ignored.
### mwldeppc.exe Linker Warning:
#   Section '.ignored' is unknown. Section ignored.
### mwldeppc.exe Linker Warning:
#   Section '.ignored' is unknown. Section ignored.
### mwldeppc.exe Linker Warning:
#   Section '.ignored' is unknown. Section ignored.
### mwldeppc.exe Linker Warning:
#   Section '.ignored' is unknown. Section ignored.
### mwldeppc.exe Linker Warning:
#   Section '.ignored' is unknown. Section ignored.
### mwldeppc.exe Linker Warning:
#   Section '.ignored' is unknown. Section ignored.
### mwldeppc.exe Linker Warning:
#   Section '.ignored' is unknown. Section ignored.
### mwldeppc.exe Linker Warning:
#   Section '.ignored' is unknown. Section ignored.
### mwldeppc.exe Linker Warning:
#   Section '.ignored' is unknown. Section ignored.
### mwldeppc.exe Linker Warning:
#   Section '.ignored' is unknown. Section ignored.
### mwldeppc.exe Linker Warning:
#   Section '.ignored' is unknown. Section ignored.
### mwldeppc.exe Linker Warning:
#   Section '.ignored' is unknown. Section ignored.
### mwldeppc.exe Linker Warning:
#   Section '.ignored' is unknown. Section ignored.
### mwldeppc.exe Linker Warning:
#   Section '.ignored' is unknown. Section ignored.
### mwldeppc.exe Linker Warning:
#   Section '.ignored' is unknown. Section ignored.
### mwldeppc.exe Linker Warning:
#   Section '.ignored' is unknown. Section ignored.
### mwldeppc.exe Linker Warning:
#   Section '.ignored' is unknown. Section ignored.
### mwldeppc.exe Linker Warning:
#   Section '.ignored' is unknown. Section ignored.
### mwldeppc.exe Linker Warning:
#   Section '.ignored' is unknown. Section ignored.
### mwldeppc.exe Linker Warning:
#   Section '.ignored' is unknown. Section ignored.
### mwldeppc.exe Linker Warning:
#   Section '.ignored' is unknown. Section ignored.
### mwldeppc.exe Linker Warning:
#   Section '.ignored' is unknown. Section ignored.
### mwldeppc.exe Linker Warning:
#   Section '.ignored' is unknown. Section ignored.
### mwldeppc.exe Linker Warning:
#   Section '.ignored' is unknown. Section ignored.
### mwldeppc.exe Linker Warning:
#   Section '.ignored' is unknown. Section ignored.
### mwldeppc.exe Linker Warning:
#   Section '.ignored' is unknown. Section ignored.
### mwldeppc.exe Linker Warning:
#   Section '.ignored' is unknown. Section ignored.
### mwldeppc.exe Linker Warning:
#   Section '.ignored' is unknown. Section ignored.
### mwldeppc.exe Linker Warning:
#   Section '.ignored' is unknown. Section ignored.
### mwldeppc.exe Linker Warning:
#   Section '.ignored' is unknown. Section ignored.
### mwldeppc.exe Linker Warning:
#   Section '.ignored' is unknown. Section ignored.
### mwldeppc.exe Linker Warning:
#   Section '.ignored' is unknown. Section ignored.
### mwldeppc.exe Linker Warning:
#   Section '.ignored' is unknown. Section ignored.
### mwldeppc.exe Linker Warning:
#   Section '.ignored' is unknown. Section ignored.
### mwldeppc.exe Linker Warning:
#   Section '.ignored' is unknown. Section ignored.
### mwldeppc.exe Linker Warning:
#   Section '.ignored' is unknown. Section ignored.
### mwldeppc.exe Linker Warning:
#   Section '.ignored' is unknown. Section ignored.
### mwldeppc.exe Linker Warning:
#   Section '.ignored' is unknown. Section ignored.
### mwldeppc.exe Linker Warning:
#   Section '.ignored' is unknown. Section ignored.
### mwldeppc.exe Linker Warning:
#   Section '.ignored' is unknown. Section ignored.
### mwldeppc.exe Linker Warning:
#   Section '.ignored' is unknown. Section ignored.
### mwldeppc.exe Linker Warning:
#   Section '.ignored' is unknown. Section ignored.
### mwldeppc.exe Linker Warning:
#   Section '.ignored' is unknown. Section ignored.
### mwldeppc.exe Linker Warning:
#   Section '.ignored' is unknown. Section ignored.
### mwldeppc.exe Linker Warning:
#   Section '.ignored' is unknown. Section ignored.
### mwldeppc.exe Linker Warning:
#   Section '.ignored' is unknown. Section ignored.
### mwldeppc.exe Linker Warning:
#   Section '.ignored' is unknown. Section ignored.
### mwldeppc.exe Linker Warning:
#   Section '.ignored' is unknown. Section ignored.
### mwldeppc.exe Linker Warning:
#   Section '.ignored' is unknown. Section ignored.
### mwldeppc.exe Linker Warning:
#   Section '.ignored' is unknown. Section ignored.
### mwldeppc.exe Linker Warning:
#   Section '.ignored' is unknown. Section ignored.
### mwldeppc.exe Linker Warning:
#   Section '.ignored' is unknown. Section ignored.
### mwldeppc.exe Linker Warning:
#   Section '.ignored' is unknown. Section ignored.
### mwldeppc.exe Linker Warning:
#   Section '.ignored' is unknown. Section ignored.
### mwldeppc.exe Linker Warning:
#   Section '.ignored' is unknown. Section ignored.
### mwldeppc.exe Linker Warning:
#   Section '.ignored' is unknown. Section ignored.
### mwldeppc.exe Linker Warning:
#   Section '.ignored' is unknown. Section ignored.
### mwldeppc.exe Linker Warning:
#   Section '.ignored' is unknown. Section ignored.
### mwldeppc.exe Linker Warning:
#   Section '.ignored' is unknown. Section ignored.
### mwldeppc.exe Linker Warning:
#   Section '.ignored' is unknown. Section ignored.
### mwldeppc.exe Linker Warning:
#   Section '.ignored' is unknown. Section ignored.
### mwldeppc.exe Linker Warning:
#   Section '.ignored' is unknown. Section ignored.
### mwldeppc.exe Linker Warning:
#   Section '.ignored' is unknown. Section ignored.
### mwldeppc.exe Linker Warning:
#   Section '.ignored' is unknown. Section ignored.
### mwldeppc.exe Linker Warning:
#   Section '.ignored' is unknown. Section ignored.
### mwldeppc.exe Linker Warning:
#   Section '.ignored' is unknown. Section ignored.
### mwldeppc.exe Linker Warning:
#   Section '.ignored' is unknown. Section ignored.
### mwldeppc.exe Linker Warning:
#   Section '.ignored' is unknown. Section ignored.
### mwldeppc.exe Linker Warning:
#   Section '.ignored' is unknown. Section ignored.
### mwldeppc.exe Linker Warning:
#   Section '.ignored' is unknown. Section ignored.
### mwldeppc.exe Linker Warning:
#   Section '.ignored' is unknown. Section ignored.
### mwldeppc.exe Linker Warning:
#   Section '.ignored' is unknown. Section ignored.
### mwldeppc.exe Linker Warning:
#   Section '.ignored' is unknown. Section ignored.
### mwldeppc.exe Linker Warning:
#   Section '.ignored' is unknown. Section ignored.
### mwldeppc.exe Linker Warning:
#   Section '.ignored' is unknown. Section ignored.
### mwldeppc.exe Linker Warning:
#   Section '.ignored' is unknown. Section ignored.
### mwldeppc.exe Linker Warning:
#   Section '.ignored' is unknown. Section ignored.
### mwldeppc.exe Linker Warning:
#   Section '.ignored' is unknown. Section ignored.
### mwldeppc.exe Linker Warning:
#   Section '.ignored' is unknown. Section ignored.
### mwldeppc.exe Linker Warning:
#   Section '.ignored' is unknown. Section ignored.
### mwldeppc.exe Linker Warning:
#   Section '.ignored' is unknown. Section ignored.
### mwldeppc.exe Linker Warning:
#   Section '.ignored' is unknown. Section ignored.
### mwldeppc.exe Linker Warning:
#   Section '.ignored' is unknown. Section ignored.
### mwldeppc.exe Linker Warning:
#   Section '.ignored' is unknown. Section ignored.
### mwldeppc.exe Linker Warning:
#   Section '.ignored' is unknown. Section ignored.
### mwldeppc.exe Linker Warning:
#   Section '.ignored' is unknown. Section ignored.
### mwldeppc.exe Linker Warning:
#   Section '.ignored' is unknown. Section ignored.
### mwldeppc.exe Linker Warning:
#   Section '.ignored' is unknown. Section ignored.
### mwldeppc.exe Linker Warning:
#   Section '.ignored' is unknown. Section ignored.
### mwldeppc.exe Linker Warning:
#   Section '.ignored' is unknown. Section ignored.
### mwldeppc.exe Linker Warning:
#   Section '.ignored' is unknown. Section ignored.
### mwldeppc.exe Linker Warning:
#   Section '.ignored' is unknown. Section ignored.
### mwldeppc.exe Linker Warning:
#   Section '.ignored' is unknown. Section ignored.
### mwldeppc.exe Linker Warning:
#   Section '.ignored' is unknown. Section ignored.
### mwldeppc.exe Linker Warning:
#   Section '.ignored' is unknown. Section ignored.
### mwldeppc.exe Linker Warning:
#   Section '.ignored' is unknown. Section ignored.
### mwldeppc.exe Linker Warning:
#   Section '.ignored' is unknown. Section ignored.
### mwldeppc.exe Linker Warning:
#   Section '.ignored' is unknown. Section ignored.
### mwldeppc.exe Linker Warning:
#   Section '.ignored' is unknown. Section ignored.
### mwldeppc.exe Linker Warning:
#   Section '.ignored' is unknown. Section ignored.
### mwldeppc.exe Linker Warning:
#   Section '.ignored' is unknown. Section ignored.
### mwldeppc.exe Linker Warning:
#   Section '.ignored' is unknown. Section ignored.
### mwldeppc.exe Linker Warning:
#   Section '.ignored' is unknown. Section ignored.
### mwldeppc.exe Linker Warning:
#   Section '.ignored' is unknown. Section ignored.
### mwldeppc.exe Linker Warning:
#   Section '.ignored' is unknown. Section ignored.
### mwldeppc.exe Linker Warning:
#   Section '.ignored' is unknown. Section ignored.
### mwldeppc.exe Linker Warning:
#   Section '.ignored' is unknown. Section ignored.
### mwldeppc.exe Linker Warning:
#   Section '.ignored' is unknown. Section ignored.
### mwldeppc.exe Linker Warning:
#   Section '.ignored' is unknown. Section ignored.
### mwldeppc.exe Linker Warning:
#   Section '.ignored' is unknown. Section ignored.
### mwldeppc.exe Linker Warning:
#   Section '.ignored' is unknown. Section ignored.
### mwldeppc.exe Linker Warning:
#   Section '.ignored' is unknown. Section ignored.
### mwldeppc.exe Linker Warning:
#   Section '.ignored' is unknown. Section ignored.
### mwldeppc.exe Linker Warning:
#   Section '.ignored' is unknown. Section ignored.
### mwldeppc.exe Linker Warning:
#   Section '.ignored' is unknown. Section ignored.
### mwldeppc.exe Linker Warning:
#   Section '.ignored' is unknown. Section ignored.
### mwldeppc.exe Linker Warning:
#   Section '.ignored' is unknown. Section ignored.
### mwldeppc.exe Linker Warning:
#   Section '.ignored' is unknown. Section ignored.
### mwldeppc.exe Linker Warning:
#   Section '.ignored' is unknown. Section ignored.
### mwldeppc.exe Linker Warning:
#   Section '.ignored' is unknown. Section ignored.
### mwldeppc.exe Linker Warning:
#   Section '.ignored' is unknown. Section ignored.
### mwldeppc.exe Linker Warning:
#   Section '.ignored' is unknown. Section ignored.
### mwldeppc.exe Linker Warning:
#   Section '.ignored' is unknown. Section ignored.
### mwldeppc.exe Linker Warning:
#   Section '.ignored' is unknown. Section ignored.
### mwldeppc.exe Linker Warning:
#   Section '.ignored' is unknown. Section ignored.
### mwldeppc.exe Linker Warning:
#   Section '.ignored' is unknown. Section ignored.
### mwldeppc.exe Linker Warning:
#   Section '.ignored' is unknown. Section ignored.
### mwldeppc.exe Linker Warning:
#   Section '.ignored' is unknown. Section ignored.
### mwldeppc.exe Linker Warning:
#   Section '.ignored' is unknown. Section ignored.
### mwldeppc.exe Linker Warning:
#   Section '.ignored' is unknown. Section ignored.
### mwldeppc.exe Linker Warning:
#   Section '.ignored' is unknown. Section ignored.
### mwldeppc.exe Linker Warning:
#   Section '.ignored' is unknown. Section ignored.
### mwldeppc.exe Linker Warning:
#   Section '.ignored' is unknown. Section ignored.
### mwldeppc.exe Linker Warning:
#   Section '.ignored' is unknown. Section ignored.
### mwldeppc.exe Linker Warning:
#   Section '.ignored' is unknown. Section ignored.
### mwldeppc.exe Linker Warning:
#   Section '.ignored' is unknown. Section ignored.
### mwldeppc.exe Linker Warning:
#   Section '.ignored' is unknown. Section ignored.
### mwldeppc.exe Linker Warning:
#   Section '.ignored' is unknown. Section ignored.
### mwldeppc.exe Linker Warning:
#   Section '.ignored' is unknown. Section ignored.
### mwldeppc.exe Linker Warning:
#   Section '.ignored' is unknown. Section ignored.
### mwldeppc.exe Linker Warning:
#   Section '.ignored' is unknown. Section ignored.
### mwldeppc.exe Linker Warning:
#   Section '.ignored' is unknown. Section ignored.
### mwldeppc.exe Linker Warning:
#   Section '.ignored' is unknown. Section ignored.
### mwldeppc.exe Linker Warning:
#   Section '.ignored' is unknown. Section ignored.
### mwldeppc.exe Linker Warning:
#   Section '.ignored' is unknown. Section ignored.
### mwldeppc.exe Linker Warning:
#   Section '.ignored' is unknown. Section ignored.
### mwldeppc.exe Linker Warning:
#   Section '.ignored' is unknown. Section ignored.
### mwldeppc.exe Linker Warning:
#   Section '.ignored' is unknown. Section ignored.
### mwldeppc.exe Linker Warning:
#   Section '.ignored' is unknown. Section ignored.
### mwldeppc.exe Linker Warning:
#   Section '.ignored' is unknown. Section ignored.
### mwldeppc.exe Linker Warning:
#   Section '.ignored' is unknown. Section ignored.
### mwldeppc.exe Linker Warning:
#   Section '.ignored' is unknown. Section ignored.
### mwldeppc.exe Linker Warning:
#   Section '.ignored' is unknown. Section ignored.
### mwldeppc.exe Linker Warning:
#   Section '.ignored' is unknown. Section ignored.
### mwldeppc.exe Linker Warning:
#   Section '.ignored' is unknown. Section ignored.
### mwldeppc.exe Linker Warning:
#   Section '.ignored' is unknown. Section ignored.
### mwldeppc.exe Linker Warning:
#   Section '.ignored' is unknown. Section ignored.
### mwldeppc.exe Linker Warning:
#   Section '.ignored' is unknown. Section ignored.
### mwldeppc.exe Linker Warning:
#   Section '.ignored' is unknown. Section ignored.
### mwldeppc.exe Linker Warning:
#   Section '.ignored' is unknown. Section ignored.
### mwldeppc.exe Linker Warning:
#   Section '.ignored' is unknown. Section ignored.
### mwldeppc.exe Linker Warning:
#   Section '.ignored' is unknown. Section ignored.
### mwldeppc.exe Linker Warning:
#   Section '.ignored' is unknown. Section ignored.
### mwldeppc.exe Linker Warning:
#   Section '.ignored' is unknown. Section ignored.
### mwldeppc.exe Linker Warning:
#   Section '.ignored' is unknown. Section ignored.
### mwldeppc.exe Linker Warning:
#   Section '.ignored' is unknown. Section ignored.
### mwldeppc.exe Linker Warning:
#   Section '.ignored' is unknown. Section ignored.
### mwldeppc.exe Linker Warning:
#   Section '.ignored' is unknown. Section ignored.
### mwldeppc.exe Linker Warning:
#   Section '.ignored' is unknown. Section ignored.
### mwldeppc.exe Linker Warning:
#   Section '.ignored' is unknown. Section ignored.
### mwldeppc.exe Linker Warning:
#   Section '.ignored' is unknown. Section ignored.
### mwldeppc.exe Linker Warning:
#   Section '.ignored' is unknown. Section ignored.
### mwldeppc.exe Linker Warning:
#   Section '.ignored' is unknown. Section ignored.
### mwldeppc.exe Linker Warning:
#   Section '.ignored' is unknown. Section ignored.
### mwldeppc.exe Linker Warning:
#   Section '.ignored' is unknown. Section ignored.
### mwldeppc.exe Linker Warning:
#   Section '.ignored' is unknown. Section ignored.
### mwldeppc.exe Linker Warning:
#   Section '.ignored' is unknown. Section ignored.
### mwldeppc.exe Linker Warning:
#   Section '.ignored' is unknown. Section ignored.
### mwldeppc.exe Linker Warning:
#   Section '.ignored' is unknown. Section ignored.
### mwldeppc.exe Linker Warning:
#   Section '.ignored' is unknown. Section ignored.
### mwldeppc.exe Linker Warning:
#   Section '.ignored' is unknown. Section ignored.
### mwldeppc.exe Linker Warning:
#   Section '.ignored' is unknown. Section ignored.
### mwldeppc.exe Linker Warning:
#   Section '.ignored' is unknown. Section ignored.
### mwldeppc.exe Linker Warning:
#   Section '.ignored' is unknown. Section ignored.
### mwldeppc.exe Linker Warning:
#   Section '.ignored' is unknown. Section ignored.
### mwldeppc.exe Linker Warning:
#   Section '.ignored' is unknown. Section ignored.
### mwldeppc.exe Linker Warning:
#   Section '.ignored' is unknown. Section ignored.
### mwldeppc.exe Linker Warning:
#   Section '.ignored' is unknown. Section ignored.
### mwldeppc.exe Linker Warning:
#   Section '.ignored' is unknown. Section ignored.
### mwldeppc.exe Linker Warning:
#   Section '.ignored' is unknown. Section ignored.
### mwldeppc.exe Linker Warning:
#   Section '.ignored' is unknown. Section ignored.
### mwldeppc.exe Linker Warning:
#   Section '.ignored' is unknown. Section ignored.
### mwldeppc.exe Linker Warning:
#   Section '.ignored' is unknown. Section ignored.
### mwldeppc.exe Linker Warning:
#   Section '.ignored' is unknown. Section ignored.
### mwldeppc.exe Linker Warning:
#   Section '.ignored' is unknown. Section ignored.
### mwldeppc.exe Linker Warning:
#   Section '.ignored' is unknown. Section ignored.
### mwldeppc.exe Linker Warning:
#   Section '.ignored' is unknown. Section ignored.
### mwldeppc.exe Linker Warning:
#   Section '.ignored' is unknown. Section ignored.
[851/854] DOL build/GEDE01/main.dol
[852/854] CHECK config/GEDE01/build.sha1
build/GEDE01/main.dol: OK
[853/854] PROGRESS
Progress:
  All: 56.20% fuzzy, 44.68% matched, 44.68% linked (6159 / 7066 files)
    Code: 1028024 / 2300692 bytes (5924 / 8214 functions)
    Data: 39466 / 4305642 bytes (0.92%)
  Game Code: 90.52% fuzzy, 71.92% matched, 71.92% linked (6141 / 6633 files)
    Code: 1024996 / 1425104 bytes (5862 / 6354 functions)
    Data: 39242 / 40410 bytes (97.11%)
  SDK/Runtime: 100.00% fuzzy, 100.00% matched, 100.00% linked (18 / 18 files)
    Code: 3028 / 3028 bytes (62 / 62 functions)
    Data: 224 / 224 bytes (100.00%)

Combined configure/build exit status: 0
