[1/887] MWCC build/GEDE01/src/game/game_fn_80008014.o
[2/887] MWCC build/GEDE01/src/game/game_fn_800094C0.o
[3/887] MWCC build/GEDE01/src/game/game_fn_800098C0.o
[4/887] MWCC build/GEDE01/src/game/game_fn_800096E0.o
[5/887] MWCC build/GEDE01/src/game/game_fn_800099D8.o
[6/887] MWCC build/GEDE01/src/game/game_fn_80009AB4.o
[7/887] MWCC build/GEDE01/src/game/game_fn_8000A26C.o
[8/887] MWCC build/GEDE01/src/game/game_fn_8000AC88.o
[9/887] MWCC build/GEDE01/src/game/game_fn_8000AEB4.o
[10/887] MWCC build/GEDE01/src/game/game_fn_8000AFB4.o
[11/887] MWCC build/GEDE01/src/game/game_fn_8000B36C.o
[12/887] MWCC build/GEDE01/src/game/game_fn_8000B1B8.o
[13/887] MWCC build/GEDE01/src/game/game_fn_8000B630.o
[14/887] MWCC build/GEDE01/src/game/game_fn_8000B7FC.o
[15/887] MWCC build/GEDE01/src/game/game_fn_8000B900.o
[16/887] MWCC build/GEDE01/src/game/game_fn_8000BA0C.o
[17/887] MWCC build/GEDE01/src/game/game_fn_8000BAA0.o
[18/887] MWCC build/GEDE01/src/game/game_fn_8000BC40.o
[19/887] MWCC build/GEDE01/src/game/game_fn_8000C06C.o
[20/887] MWCC build/GEDE01/src/game/game_fn_8000C17C.o
[21/887] MWCC build/GEDE01/src/game/game_fn_8000C400.o
[22/887] MWCC build/GEDE01/src/game/game_fn_8000C848.o
[23/887] MWCC build/GEDE01/src/game/game_fn_8000D0BC.o
[24/887] MWCC build/GEDE01/src/game/game_fn_8000C91C.o
[25/887] MWCC build/GEDE01/src/game/game_fn_8000D3D4.o
[26/887] MWCC build/GEDE01/src/game/game_fn_8000D590.o
[27/887] MWCC build/GEDE01/src/game/game_fn_8000D8A4.o
[28/887] MWCC build/GEDE01/src/game/game_fn_8000DA50.o
[29/887] MWCC build/GEDE01/src/game/game_fn_8000DAF4.o
[30/887] MWCC build/GEDE01/src/game/game_fn_8000E054.o
[31/887] MWCC build/GEDE01/src/game/game_fn_8000E0AC.o
[32/887] MWCC build/GEDE01/src/game/game_fn_8000E138.o
[33/887] MWCC build/GEDE01/src/game/game_fn_8000E1C4.o
[34/887] MWCC build/GEDE01/src/game/game_fn_8000E96C.o
[35/887] MWCC build/GEDE01/src/game/game_fn_8000EB14.o
[36/887] MWCC build/GEDE01/src/game/game_fn_8000EBD4.o
[37/887] MWCC build/GEDE01/src/game/game_fn_8000ED44.o
[38/887] MWCC build/GEDE01/src/game/game_fn_8000EFC4.o
[39/887] MWCC build/GEDE01/src/game/game_fn_8000F4B0.o
[40/887] MWCC build/GEDE01/src/game/game_fn_8000F774.o
[41/887] MWCC build/GEDE01/src/game/game_fn_8000FDE8.o
[42/887] MWCC build/GEDE01/src/game/game_fn_8000FFD8.o
[43/887] MWCC build/GEDE01/src/game/game_fn_800119FC.o
[44/887] MWCC build/GEDE01/src/game/game_fn_80012DA8.o
[45/887] MWCC build/GEDE01/src/game/game_fn_80012F40.o
[46/887] MWCC build/GEDE01/src/game/game_fn_80012FD0.o
[47/887] MWCC build/GEDE01/src/game/game_fn_800131E8.o
[48/887] MWCC build/GEDE01/src/game/game_fn_80013340.o
[49/887] MWCC build/GEDE01/src/game/game_fn_80013870.o
[50/887] MWCC build/GEDE01/src/game/game_fn_80013CB0.o
[51/887] MWCC build/GEDE01/src/game/game_fn_80013D54.o
[52/887] MWCC build/GEDE01/src/game/game_fn_800142DC.o
[53/887] MWCC build/GEDE01/src/game/game_fn_800144CC.o
[54/887] MWCC build/GEDE01/src/game/game_fn_80014784.o
[55/887] MWCC build/GEDE01/src/game/game_fn_800149D4.o
[56/887] MWCC build/GEDE01/src/game/game_fn_80015058.o
[57/887] MWCC build/GEDE01/src/game/game_fn_80015320.o
[58/887] MWCC build/GEDE01/src/game/game_fn_80015568.o
[59/887] MWCC build/GEDE01/src/game/game_fn_800156FC.o
[60/887] MWCC build/GEDE01/src/game/game_fn_80015BE0.o
[61/887] MWCC build/GEDE01/src/game/game_fn_80015D40.o
[62/887] MWCC build/GEDE01/src/game/game_fn_80015F04.o
[63/887] MWCC build/GEDE01/src/game/game_fn_80016128.o
[64/887] MWCC build/GEDE01/src/game/game_fn_80016270.o
[65/887] MWCC build/GEDE01/src/game/game_fn_80016904.o
[66/887] MWCC build/GEDE01/src/game/game_fn_80016B24.o
[67/887] MWCC build/GEDE01/src/game/game_fn_800171C0.o
[68/887] MWCC build/GEDE01/src/game/game_fn_800173CC.o
[69/887] MWCC build/GEDE01/src/game/game_fn_800176F0.o
[70/887] MWCC build/GEDE01/src/game/game_fn_80017910.o
[71/887] MWCC build/GEDE01/src/game/game_fn_800179AC.o
[72/887] MWCC build/GEDE01/src/game/game_fn_80017A3C.o
[73/887] MWCC build/GEDE01/src/game/game_fn_80017AE4.o
[74/887] MWCC build/GEDE01/src/game/game_fn_80017C3C.o
[75/887] MWCC build/GEDE01/src/game/game_fn_80017DB0.o
[76/887] MWCC build/GEDE01/src/game/game_fn_80017CC8.o
[77/887] MWCC build/GEDE01/src/game/game_fn_80018EF4.o
[78/887] MWCC build/GEDE01/src/game/game_fn_80019054.o
[79/887] MWCC build/GEDE01/src/game/game_fn_80019244.o
[80/887] MWCC build/GEDE01/src/game/game_fn_800194D0.o
[81/887] MWCC build/GEDE01/src/game/game_fn_80019C10.o
[82/887] MWCC build/GEDE01/src/game/game_fn_80019940.o
[83/887] MWCC build/GEDE01/src/game/game_fn_80019D2C.o
[84/887] MWCC build/GEDE01/src/game/game_fn_80019F98.o
[85/887] MWCC build/GEDE01/src/game/game_fn_8001AAB8.o
[86/887] MWCC build/GEDE01/src/game/game_fn_8001A6C4.o
[87/887] MWCC build/GEDE01/src/game/game_fn_8001ADF8.o
[88/887] MWCC build/GEDE01/src/game/game_fn_8001AF68.o
[89/887] MWCC build/GEDE01/src/game/game_fn_8001B124.o
[90/887] MWCC build/GEDE01/src/game/game_fn_8001B294.o
[91/887] MWCC build/GEDE01/src/game/game_fn_8001B808.o
[92/887] MWCC build/GEDE01/src/game/game_fn_8001B874.o
[93/887] MWCC build/GEDE01/src/game/game_fn_8001C078.o
[94/887] MWCC build/GEDE01/src/game/game_fn_8001CA04.o
[95/887] MWCC build/GEDE01/src/game/game_fn_8001CE94.o
[96/887] MWCC build/GEDE01/src/game/game_fn_8001CD58.o
[97/887] MWCC build/GEDE01/src/game/game_fn_8001E644.o
[98/887] MWCC build/GEDE01/src/game/game_fn_8001FE1C.o
[99/887] MWCC build/GEDE01/src/game/game_fn_80020E94.o
[100/887] MWCC build/GEDE01/src/game/game_fn_80024F28.o
[101/887] MWCC build/GEDE01/src/game/game_fn_800272B4.o
[102/887] MWCC build/GEDE01/src/game/game_fn_8002B748.o
[103/887] MWCC build/GEDE01/src/game/game_fn_8002DAE0.o
[104/887] MWCC build/GEDE01/src/game/game_fn_8002E3F0.o
[105/887] MWCC build/GEDE01/src/game/game_fn_8002EA68.o
[106/887] MWCC build/GEDE01/src/game/game_fn_8002F428.o
[107/887] MWCC build/GEDE01/src/game/game_fn_80031544.o
[108/887] MWCC build/GEDE01/src/game/game_fn_8003232C.o
[109/887] MWCC build/GEDE01/src/game/game_fn_80032B84.o
[110/887] MWCC build/GEDE01/src/game/game_fn_80033038.o
[111/887] MWCC build/GEDE01/src/game/game_fn_80033180.o
[112/887] MWCC build/GEDE01/src/game/game_fn_800359A0.o
[113/887] MWCC build/GEDE01/src/game/game_fn_800361F8.o
[114/887] MWCC build/GEDE01/src/game/game_fn_80036C40.o
[115/887] MWCC build/GEDE01/src/game/game_fn_80038878.o
[116/887] MWCC build/GEDE01/src/game/game_fn_80048ADC.o
[117/887] MWCC build/GEDE01/src/game/game_fn_80048B24.o
[118/887] MWCC build/GEDE01/src/game/game_fn_8004998C.o
[119/887] MWCC build/GEDE01/src/game/game_fn_80052310.o
[120/887] MWCC build/GEDE01/src/game/game_fn_800542D0.o
[121/887] MWCC build/GEDE01/src/game/game_fn_8005EC6C.o
[122/887] MWCC build/GEDE01/src/game/game_fn_8005EE9C.o
[123/887] MWCC build/GEDE01/src/game/game_data_80239E10.o
[124/887] MWCC build/GEDE01/src/game/game_data_80239E18.o
[125/887] MWCC build/GEDE01/src/game/game_fn_8005FD84.o
[126/887] MWCC build/GEDE01/src/game/game_fn_80066888.o
[127/887] MWCC build/GEDE01/src/game/game_fn_80066E78.o
[128/887] MWCC build/GEDE01/src/game/game_fn_8006B0F0.o
[129/887] MWCC build/GEDE01/src/game/game_fn_8006B620.o
[130/887] MWCC build/GEDE01/src/game/game_fn_8006E53C.o
[131/887] MWCC build/GEDE01/src/game/game_fn_80071A58.o
[132/887] MWCC build/GEDE01/src/game/game_fn_80074310.o
[133/887] MWCC build/GEDE01/src/game/game_fn_80078500.o
[134/887] MWCC build/GEDE01/src/game/game_fn_80079908.o
[135/887] MWCC build/GEDE01/src/game/game_fn_80079AA4.o
[136/887] MWCC build/GEDE01/src/game/game_fn_8007B2F4.o
[137/887] MWCC build/GEDE01/src/game/game_fn_8007B540.o
[138/887] MWCC build/GEDE01/src/game/game_fn_8007B640.o
[139/887] MWCC build/GEDE01/src/game/game_fn_8007B828.o
[140/887] MWCC build/GEDE01/src/game/game_fn_8007BA3C.o
[141/887] MWCC build/GEDE01/src/game/game_fn_8007D4D8.o
[142/887] MWCC build/GEDE01/src/game/game_fn_8007F770.o
[143/887] MWCC build/GEDE01/src/game/game_fn_800886D8.o
[144/887] MWCC build/GEDE01/src/game/game_fn_80088F4C.o
[145/887] MWCC build/GEDE01/src/game/game_fn_8008A2E0.o
[146/887] MWCC build/GEDE01/src/game/game_fn_8008F224.o
[147/887] MWCC build/GEDE01/src/game/game_fn_8008F890.o
[148/887] MWCC build/GEDE01/src/game/game_fn_80090004.o
[149/887] MWCC build/GEDE01/src/game/game_fn_800934A0.o
[150/887] MWCC build/GEDE01/src/game/game_fn_80095D10.o
[151/887] MWCC build/GEDE01/src/game/game_fn_80095FDC.o
[152/887] MWCC build/GEDE01/src/game/game_fn_80096830.o
[153/887] MWCC build/GEDE01/src/game/game_fn_8009C424.o
[154/887] MWCC build/GEDE01/src/game/game_fn_8009E808.o
[155/887] MWCC build/GEDE01/src/game/game_fn_800A2130.o
[156/887] MWCC build/GEDE01/src/game/game_fn_800A2FCC.o
[157/887] MWCC build/GEDE01/src/game/game_fn_800A3180.o
[158/887] MWCC build/GEDE01/src/game/game_fn_800A3894.o
[159/887] MWCC build/GEDE01/src/game/game_fn_800A4428.o
[160/887] MWCC build/GEDE01/src/game/game_fn_800A4798.o
[161/887] MWCC build/GEDE01/src/game/game_fn_800A7E88.o
[162/887] MWCC build/GEDE01/src/game/game_fn_800AF230.o
[163/887] MWCC build/GEDE01/src/game/game_fn_800B2EC0.o
[164/887] MWCC build/GEDE01/src/game/game_fn_800BB5C4.o
[165/887] MWCC build/GEDE01/src/game/game_fn_800BB7A8.o
[166/887] MWCC build/GEDE01/src/game/game_fn_800BB9A4.o
[167/887] MWCC build/GEDE01/src/game/game_fn_800BBAF0.o
[168/887] MWCC build/GEDE01/src/game/game_fn_800C030C.o
[169/887] MWCC build/GEDE01/src/game/game_fn_800C17EC.o
[170/887] MWCC build/GEDE01/src/game/game_fn_800C59F0.o
[171/887] MWCC build/GEDE01/src/game/game_fn_800C644C.o
[172/887] MWCC build/GEDE01/src/game/game_fn_800C65FC.o
[173/887] MWCC build/GEDE01/src/game/game_fn_800C9C60.o
[174/887] MWCC build/GEDE01/src/game/game_fn_800CB760.o
[175/887] MWCC build/GEDE01/src/game/game_fn_800CB8F4.o
[176/887] MWCC build/GEDE01/src/game/game_fn_800CF598.o
[177/887] MWCC build/GEDE01/src/game/game_fn_800D9064.o
[178/887] MWCC build/GEDE01/src/game/game_fn_800D9E10.o
[179/887] MWCC build/GEDE01/src/game/game_fn_800E4980.o
[180/887] MWCC build/GEDE01/src/game/game_TRKNubWelcome.o
[181/887] MWCC build/GEDE01/src/game/game_TRK_main.o
[182/887] MWCC build/GEDE01/src/game/game_InitMetroTRKCommTable.o
[183/887] MWCC build/GEDE01/src/game/game_fn_800FD0C8.o
[184/887] MWCC build/GEDE01/src/game/game_fn_8010242C.o
[185/887] MWCC build/GEDE01/src/game/game_fn_801098C0.o
[186/887] MWCC build/GEDE01/src/game/game_fn_8010F184.o
[187/887] MWCC build/GEDE01/src/game/game_fn_801126E0.o
[188/887] MWCC build/GEDE01/src/game/game_fn_801128E4.o
[189/887] MWCC build/GEDE01/src/game/game_fn_801141B8.o
[190/887] MWCC build/GEDE01/src/game/game_fn_8011F140.o
[191/887] MWCC build/GEDE01/src/game/game_fn_801247F8.o
[192/887] MWCC build/GEDE01/src/game/game_fn_80126A00.o
[193/887] MWCC build/GEDE01/src/game/game_fn_8012976C.o
[194/887] MWCC build/GEDE01/src/game/game_fn_8012DB28.o
[195/887] MWCC build/GEDE01/src/game/game_fn_8013CBE4.o
[196/887] MWCC build/GEDE01/src/game/game_fn_8013D6A4.o
[197/887] MWCC build/GEDE01/src/game/game_fn_8013DB8C.o
[198/887] MWCC build/GEDE01/src/game/game_fn_8014549C.o
[199/887] MWCC build/GEDE01/src/game/game_fn_8014AF38.o
[200/887] MWCC build/GEDE01/src/game/game_fn_8014B494.o
[201/887] MWCC build/GEDE01/src/game/game_fn_8014CA98.o
[202/887] MWCC build/GEDE01/src/game/game_fn_801535D8.o
[203/887] MWCC build/GEDE01/src/game/game_fn_80153898.o
[204/887] MWCC build/GEDE01/src/game/game_fn_80153A24.o
[205/887] MWCC build/GEDE01/src/game/game_fn_80154F74.o
[206/887] MWCC build/GEDE01/src/game/game_fn_80155814.o
[207/887] MWCC build/GEDE01/src/game/game_fn_80157C0C.o
[208/887] MWCC build/GEDE01/src/game/game_fn_80158B20.o
[209/887] MWCC build/GEDE01/src/game/game_fn_80158D38.o
[210/887] MWCC build/GEDE01/src/game/game_fn_8015DB84.o
[211/887] MWCC build/GEDE01/src/game/game_fn_8015DC54.o
[212/887] MWCC build/GEDE01/src/game/game_fn_8015EDC0.o
[213/887] MWCC build/GEDE01/src/game/game_fn_80167454.o
[214/887] MWCC build/GEDE01/src/game/game_fn_80167B5C.o
[215/887] MWCC build/GEDE01/src/game/game_fn_80169650.o
[216/887] MWCC build/GEDE01/src/game/game_fn_8016BD0C.o
[217/887] MWCC build/GEDE01/src/game/game_fn_8016BE1C.o
[218/887] MWCC build/GEDE01/src/game/game_fn_8016BF60.o
[219/887] MWCC build/GEDE01/src/game/game_fn_8016C0BC.o
[220/887] MWCC build/GEDE01/src/game/game_fn_8016C164.o
[221/887] MWCC build/GEDE01/src/game/game_fn_8016C238.o
[222/887] MWCC build/GEDE01/src/game/game_fn_8016C4BC.o
[223/887] MWCC build/GEDE01/src/game/game_fn_8016C774.o
[224/887] MWCC build/GEDE01/src/game/game_fn_8016D040.o
[225/887] MWCC build/GEDE01/src/game/game_fn_8016D1F8.o
[226/887] MWCC build/GEDE01/src/game/game_fn_8016D2B8.o
[227/887] MWCC build/GEDE01/src/game/game_fn_8016D9C0.o
[228/887] MWCC build/GEDE01/src/game/game_fn_8016DF4C.o
[229/887] MWCC build/GEDE01/src/game/game_fn_8016E8F8.o
[230/887] MWCC build/GEDE01/src/game/game_fn_8016FEF8.o
[231/887] MWCC build/GEDE01/src/game/game_fn_8017038C.o
[232/887] MWCC build/GEDE01/src/game/game_fn_801704F8.o
[233/887] MWCC build/GEDE01/src/game/game_fn_801706DC.o
[234/887] MWCC build/GEDE01/src/game/game_fn_80170A40.o
[235/887] MWCC build/GEDE01/src/game/game_fn_80170DF4.o
[236/887] MWCC build/GEDE01/src/game/game_fn_80170E9C.o
[237/887] MWCC build/GEDE01/src/game/game_fn_8017138C.o
[238/887] MWCC build/GEDE01/src/game/game_fn_80171664.o
[239/887] MWCC build/GEDE01/src/game/game_fn_801718F4.o
[240/887] MWCC build/GEDE01/src/game/game_fn_801719B4.o
[241/887] MWCC build/GEDE01/src/game/game_fn_80171F30.o
[242/887] MWCC build/GEDE01/src/game/game_fn_8017250C.o
[243/887] MWCC build/GEDE01/src/game/game_fn_801726EC.o
[244/887] MWCC build/GEDE01/src/game/game_fn_80172BB0.o
[245/887] MWCC build/GEDE01/src/game/game_fn_80172C78.o
[246/887] MWCC build/GEDE01/src/game/game_fn_80172DB8.o
[247/887] MWCC build/GEDE01/src/game/game_fn_80173270.o
[248/887] MWCC build/GEDE01/src/game/game_fn_801734B4.o
[249/887] MWCC build/GEDE01/src/game/game_fn_80173770.o
[250/887] MWCC build/GEDE01/src/game/game_fn_80173D44.o
[251/887] MWCC build/GEDE01/src/game/game_fn_80173F04.o
[252/887] MWCC build/GEDE01/src/game/game_fn_80174184.o
[253/887] MWCC build/GEDE01/src/game/game_fn_80174358.o
[254/887] MWCC build/GEDE01/src/game/game_fn_80174F2C.o
[255/887] MWCC build/GEDE01/src/game/game_fn_8017553C.o
[256/887] MWCC build/GEDE01/src/game/game_fn_80175A08.o
[257/887] MWCC build/GEDE01/src/game/game_fn_80175E64.o
[258/887] MWCC build/GEDE01/src/game/game_fn_80175F0C.o
[259/887] MWCC build/GEDE01/src/game/game_fn_80175FD4.o
[260/887] MWCC build/GEDE01/src/game/game_fn_80176098.o
[261/887] MWCC build/GEDE01/src/game/game_fn_80176160.o
[262/887] MWCC build/GEDE01/src/game/game_fn_80176220.o
[263/887] MWCC build/GEDE01/src/game/game_fn_801762E8.o
[264/887] MWCC build/GEDE01/src/game/game_fn_8017652C.o
[265/887] MWCC build/GEDE01/src/game/game_fn_80176DF4.o
[266/887] MWCC build/GEDE01/src/game/game_fn_80176FA0.o
[267/887] MWCC build/GEDE01/src/game/game_fn_801770F8.o
[268/887] MWCC build/GEDE01/src/game/game_fn_8017718C.o
[269/887] MWCC build/GEDE01/src/game/game_fn_80178F88.o
[270/887] MWCC build/GEDE01/src/game/game_fn_80177434.o
[271/887] MWCC build/GEDE01/src/game/game_fn_80179398.o
[272/887] MWCC build/GEDE01/src/game/game_fn_8017960C.o
[273/887] MWCC build/GEDE01/src/game/game_fn_8017974C.o
[274/887] MWCC build/GEDE01/src/game/game_fn_80179904.o
[275/887] MWCC build/GEDE01/src/game/game_fn_80179A18.o
[276/887] MWCC build/GEDE01/src/game/game_fn_80179A74.o
[277/887] MWCC build/GEDE01/src/game/game_fn_80179EB8.o
[278/887] MWCC build/GEDE01/src/game/game_fn_80179F20.o
[279/887] MWCC build/GEDE01/src/game/game_fn_8017A010.o
[280/887] MWCC build/GEDE01/src/game/game_fn_8017A12C.o
[281/887] MWCC build/GEDE01/src/game/game_fn_8017A1C0.o
[282/887] MWCC build/GEDE01/src/game/game_fn_8017A9B8.o
[283/887] MWCC build/GEDE01/src/game/game_fn_8017AC20.o
[284/887] MWCC build/GEDE01/src/game/game_fn_8017E850.o
[285/887] MWCC build/GEDE01/src/game/game_fn_8017E958.o
[286/887] MWCC build/GEDE01/src/game/game_fn_80180DDC.o
[287/887] MWCC build/GEDE01/src/game/game_fn_801810A0.o
[288/887] MWCC build/GEDE01/src/game/game_fn_801816D4.o
[289/887] MWCC build/GEDE01/src/game/game_fn_801859FC.o
[290/887] MWCC build/GEDE01/src/game/game_fn_80185AE8.o
[291/887] MWCC build/GEDE01/src/game/game_fn_80185F10.o
[292/887] MWCC build/GEDE01/src/game/game_fn_801865EC.o
[293/887] MWCC build/GEDE01/src/game/game_fn_8018680C.o
[294/887] MWCC build/GEDE01/src/game/game_fn_80186E10.o
[295/887] MWCC build/GEDE01/src/game/game_fn_80186F70.o
[296/887] MWCC build/GEDE01/src/game/game_fn_80187120.o
[297/887] MWCC build/GEDE01/src/game/game_fn_80187320.o
[298/887] MWCC build/GEDE01/src/game/game_fn_801875FC.o
[299/887] MWCC build/GEDE01/src/game/game_fn_801878E0.o
[300/887] MWCC build/GEDE01/src/game/game_fn_80187BB4.o
[301/887] MWCC build/GEDE01/src/game/game_fn_80188A7C.o
[302/887] MWCC build/GEDE01/src/game/game_fn_80188B44.o
[303/887] MWCC build/GEDE01/src/game/game_fn_80188C1C.o
[304/887] MWCC build/GEDE01/src/game/game_fn_80188E28.o
[305/887] MWCC build/GEDE01/src/game/game_fn_80189028.o
[306/887] MWCC build/GEDE01/src/game/game_fn_801891D8.o
[307/887] MWCC build/GEDE01/src/game/game_fn_80189390.o
[308/887] MWCC build/GEDE01/src/game/game_fn_801895E8.o
[309/887] MWCC build/GEDE01/src/game/game_fn_801896A0.o
[310/887] MWCC build/GEDE01/src/game/game_fn_80189760.o
[311/887] MWCC build/GEDE01/src/game/game_fn_80189968.o
[312/887] MWCC build/GEDE01/src/game/game_fn_80189C14.o
[313/887] MWCC build/GEDE01/src/game/game_fn_8018C2D0.o
[314/887] MWCC build/GEDE01/src/game/game_fn_8018D1F0.o
[315/887] MWCC build/GEDE01/src/game/game_fn_8018D2E0.o
[316/887] MWCC build/GEDE01/src/game/game_fn_8018D400.o
[317/887] MWCC build/GEDE01/src/game/game_fn_8018D688.o
[318/887] MWCC build/GEDE01/src/game/game_fn_8018E0D8.o
[319/887] MWCC build/GEDE01/src/game/game_fn_8018F1D0.o
[320/887] MWCC build/GEDE01/src/game/game_fn_8018F81C.o
[321/887] MWCC build/GEDE01/src/game/game_fn_8018FEDC.o
[322/887] MWCC build/GEDE01/src/game/game_fn_8019120C.o
[323/887] MWCC build/GEDE01/src/game/game_fn_80191360.o
[324/887] MWCC build/GEDE01/src/game/game_fn_801916D0.o
[325/887] MWCC build/GEDE01/src/game/game_fn_8019197C.o
[326/887] MWCC build/GEDE01/src/game/game_fn_80191F58.o
[327/887] MWCC build/GEDE01/src/game/game_fn_801926EC.o
[328/887] MWCC build/GEDE01/src/game/game_fn_801929A4.o
[329/887] MWCC build/GEDE01/src/game/game_fn_80192F54.o
[330/887] MWCC build/GEDE01/src/game/game_fn_801931C4.o
[331/887] MWCC build/GEDE01/src/game/game_fn_80193E1C.o
[332/887] MWCC build/GEDE01/src/game/game_fn_80193F3C.o
[333/887] MWCC build/GEDE01/src/game/game_fn_80194F80.o
[334/887] MWCC build/GEDE01/src/game/game_fn_80197910.o
[335/887] MWCC build/GEDE01/src/game/game_fn_80198154.o
[336/887] MWCC build/GEDE01/src/game/game_fn_80198AAC.o
[337/887] MWCC build/GEDE01/src/game/game_fn_80198BF4.o
[338/887] MWCC build/GEDE01/src/game/game_fn_801991E0.o
[339/887] MWCC build/GEDE01/src/game/game_fn_8019B1BC.o
[340/887] MWCC build/GEDE01/src/game/game_fn_8019CC28.o
[341/887] MWCC build/GEDE01/src/game/game_fn_8019CFC4.o
[342/887] MWCC build/GEDE01/src/game/game_fn_8019E5E4.o
[343/887] MWCC build/GEDE01/src/game/game_fn_8019E8C8.o
[344/887] MWCC build/GEDE01/src/game/game_fn_801A1F18.o
[345/887] MWCC build/GEDE01/src/game/game_fn_801A2A54.o
[346/887] MWCC build/GEDE01/src/game/game_fn_801A34BC.o
[347/887] MWCC build/GEDE01/src/game/game_fn_801A3A78.o
[348/887] MWCC build/GEDE01/src/game/game_fn_801A4CE0.o
[349/887] MWCC build/GEDE01/src/game/game_fn_801A5FB0.o
[350/887] MWCC build/GEDE01/src/game/game_fn_801A6410.o
[351/887] MWCC build/GEDE01/src/game/game_fn_801A657C.o
[352/887] MWCC build/GEDE01/src/game/game_fn_801A6ADC.o
[353/887] MWCC build/GEDE01/src/game/game_fn_801A6C58.o
[354/887] MWCC build/GEDE01/src/game/game_fn_801A6CB4.o
[355/887] MWCC build/GEDE01/src/game/game_fn_801A7E04.o
[356/887] MWCC build/GEDE01/src/game/game_fn_801A7EA8.o
[357/887] MWCC build/GEDE01/src/game/game_fn_801A93E8.o
[358/887] MWCC build/GEDE01/src/game/game_fn_801AB154.o
[359/887] MWCC build/GEDE01/src/game/game_fn_801ABD3C.o
[360/887] MWCC build/GEDE01/src/game/game_fn_801AC8AC.o
[361/887] MWCC build/GEDE01/src/game/game_fn_801ACFE8.o
[362/887] MWCC build/GEDE01/src/game/game_fn_801AD08C.o
[363/887] MWCC build/GEDE01/src/game/game_fn_801AFA74.o
[364/887] MWCC build/GEDE01/src/game/game_fn_801B02F0.o
[365/887] MWCC build/GEDE01/src/game/game_fn_801B1BA0.o
[366/887] MWCC build/GEDE01/src/game/game_fn_801B35BC.o
[367/887] MWCC build/GEDE01/src/game/game_fn_801B46C8.o
[368/887] MWCC build/GEDE01/src/game/game_fn_801B4FB4.o
[369/887] MWCC build/GEDE01/src/game/game_fn_801B5228.o
[370/887] MWCC build/GEDE01/src/game/game_fn_801B58F0.o
[371/887] MWCC build/GEDE01/src/game/game_fn_801B6F1C.o
[372/887] MWCC build/GEDE01/src/game/game_fn_801B86C0.o
[373/887] MWCC build/GEDE01/src/game/game_fn_801B941C.o
[374/887] MWCC build/GEDE01/src/game/game_fn_801B9E7C.o
[375/887] MWCC build/GEDE01/src/game/game_fn_801BA15C.o
[376/887] MWCC build/GEDE01/src/game/game_fn_801BA708.o
[377/887] MWCC build/GEDE01/src/game/game_fn_801BB1A0.o
[378/887] MWCC build/GEDE01/src/game/game_fn_801BC0D4.o
[379/887] MWCC build/GEDE01/src/game/game_fn_801BC240.o
[380/887] MWCC build/GEDE01/src/game/game_fn_801BC8F4.o
[381/887] MWCC build/GEDE01/src/game/game_fn_801BCC04.o
[382/887] MWCC build/GEDE01/src/game/game_fn_801BD990.o
[383/887] MWCC build/GEDE01/src/game/game_fn_801BDE7C.o
[384/887] MWCC build/GEDE01/src/game/game_fn_801BE0D4.o
[385/887] MWCC build/GEDE01/src/game/game_fn_801C1CB0.o
[386/887] MWCC build/GEDE01/src/game/game_fn_801BEF40.o
[387/887] MWCC build/GEDE01/src/game/game_fn_801C2980.o
[388/887] MWCC build/GEDE01/src/game/game_fn_801C29BC.o
[389/887] MWCC build/GEDE01/src/game/game_fn_801C2AAC.o
[390/887] MWCC build/GEDE01/src/game/game_fn_801C2D9C.o
[391/887] MWCC build/GEDE01/src/game/game_fn_801C8160.o
[392/887] MWCC build/GEDE01/src/game/game_fn_801C8224.o
[393/887] MWCC build/GEDE01/src/game/game_fn_801C8600.o
[394/887] MWCC build/GEDE01/src/game/game_fn_801C4B5C.o
[395/887] MWCC build/GEDE01/src/game/game_fn_801C87DC.o
[396/887] MWCC build/GEDE01/src/game/game_fn_801C8CC0.o
[397/887] MWCC build/GEDE01/src/game/game_fn_801C8F50.o
[398/887] MWCC build/GEDE01/src/game/game_fn_801C90A4.o
[399/887] MWCC build/GEDE01/src/game/game_fn_801C9510.o
[400/887] MWCC build/GEDE01/src/game/game_fn_801C970C.o
[401/887] MWCC build/GEDE01/src/game/game_fn_801C9A08.o
[402/887] MWCC build/GEDE01/src/game/game_fn_801C9B1C.o
[403/887] MWCC build/GEDE01/src/game/game_fn_801CB4F8.o
[404/887] MWCC build/GEDE01/src/game/game_fn_801CD228.o
[405/887] MWCC build/GEDE01/src/game/game_fn_801CE09C.o
[406/887] MWCC build/GEDE01/src/game/game_fn_801CE594.o
[407/887] MWCC build/GEDE01/src/game/game_fn_801D1B10.o
[408/887] MWCC build/GEDE01/src/game/game_fn_801D1F78.o
[409/887] MWCC build/GEDE01/src/game/game_fn_801D3988.o
[410/887] MWCC build/GEDE01/src/game/game_fn_801D76A8.o
[411/887] MWCC build/GEDE01/src/game/game_fn_801D7C24.o
[412/887] MWCC build/GEDE01/src/game/game_fn_801D8050.o
[413/887] MWCC build/GEDE01/src/game/game_fn_801D9FE4.o
[414/887] MWCC build/GEDE01/src/game/game_fn_801E2A48.o
[415/887] MWCC build/GEDE01/src/game/game_fn_801E41AC.o
[416/887] MWCC build/GEDE01/src/game/game_fn_801E6814.o
[417/887] MWCC build/GEDE01/src/game/game_fn_801EB09C.o
[418/887] MWCC build/GEDE01/src/game/game_fn_801E995C.o
[419/887] MWCC build/GEDE01/src/game/game_fn_801EB11C.o
[420/887] MWCC build/GEDE01/src/game/game_fn_801ECD74.o
[421/887] MWCC build/GEDE01/src/game/game_fn_801ECF50.o
[422/887] MWCC build/GEDE01/src/game/game_fn_801ED5F4.o
[423/887] MWCC build/GEDE01/src/game/game_fn_801EF580.o
[424/887] MWCC build/GEDE01/src/game/game_fn_801EF910.o
[425/887] MWCC build/GEDE01/src/game/game_fn_801F10BC.o
[426/887] MWCC build/GEDE01/src/game/game_fn_801F1A38.o
[427/887] MWCC build/GEDE01/src/game/game_fn_801F35A8.o
[428/887] MWCC build/GEDE01/src/game/game_fn_801F55A0.o
[429/887] MWCC build/GEDE01/src/game/game_fn_801F69F0.o
[430/887] MWCC build/GEDE01/src/game/game_fn_801F6BD8.o
[431/887] MWCC build/GEDE01/src/game/game_fn_801F7510.o
[432/887] MWCC build/GEDE01/src/game/game_fn_801F76EC.o
[433/887] MWCC build/GEDE01/src/game/game_fn_801F8264.o
[434/887] MWCC build/GEDE01/src/game/game_fn_801F89B4.o
[435/887] MWCC build/GEDE01/src/game/game_fn_801F9AF8.o
[436/887] MWCC build/GEDE01/src/game/game_fn_801F9CF4.o
[437/887] MWCC build/GEDE01/src/game/game_fn_801FA9C8.o
[438/887] MWCC build/GEDE01/src/game/game_fn_801FB6A4.o
[439/887] MWCC build/GEDE01/src/game/game_fn_801FC034.o
[440/887] MWCC build/GEDE01/src/game/game_fn_801FC204.o
[441/887] EXTERNALIZE build/GEDE01/src/game/game_fn_80175A08.o
[442/887] EXTERNALIZE build/GEDE01/src/game/game_fn_80066E78.o
[443/887] MWCC build/GEDE01/src/game/game_fn_801FFE78.o
[444/887] EXTERNALIZE build/GEDE01/src/game/game_fn_801247F8.o
[445/887] EXTERNALIZE build/GEDE01/src/game/game_fn_801EF910.o
[446/887] EXTERNALIZE build/GEDE01/src/game/game_fn_801ECF50.o
[447/887] EXTERNALIZE build/GEDE01/src/game/game_fn_801EB09C.o
[448/887] EXTERNALIZE build/GEDE01/src/game/game_fn_801FC204.o
[449/887] EXTERNALIZE build/GEDE01/src/game/game_fn_801EB11C.o
[450/887] EXTERNALIZE build/GEDE01/src/game/game_fn_801D9FE4.o
[451/887] EXTERNALIZE build/GEDE01/src/game/game_fn_801E41AC.o
[452/887] EXTERNALIZE build/GEDE01/src/game/game_fn_801D76A8.o
[453/887] EXTERNALIZE build/GEDE01/src/game/game_fn_801D8050.o
[454/887] EXTERNALIZE build/GEDE01/src/game/game_fn_801D7C24.o
[455/887] EXTERNALIZE build/GEDE01/src/game/game_fn_8019B1BC.o
[456/887] EXTERNALIZE build/GEDE01/src/game/game_fn_80178F88.o
[457/887] EXTERNALIZE build/GEDE01/src/game/game_fn_801CD228.o
[458/887] EXTERNALIZE build/GEDE01/src/game/game_fn_801C970C.o
[459/887] EXTERNALIZE build/GEDE01/src/game/game_fn_801BA15C.o
[460/887] EXTERNALIZE build/GEDE01/src/game/game_fn_801C9510.o
[461/887] EXTERNALIZE build/GEDE01/src/game/game_fn_80126A00.o
[462/887] EXTERNALIZE build/GEDE01/src/game/game_fn_8013D6A4.o
[463/887] EXTERNALIZE build/GEDE01/src/game/game_fn_800C9C60.o
[464/887] EXTERNALIZE build/GEDE01/src/game/game_fn_801B5228.o
[465/887] EXTERNALIZE build/GEDE01/src/game/game_fn_801B4FB4.o
[466/887] EXTERNALIZE build/GEDE01/src/game/game_fn_801C87DC.o
[467/887] EXTERNALIZE build/GEDE01/src/game/game_fn_801B6F1C.o
[468/887] EXTERNALIZE build/GEDE01/src/game/game_fn_801C8CC0.o
[469/887] EXTERNALIZE build/GEDE01/src/game/game_fn_800FD0C8.o
[470/887] EXTERNALIZE build/GEDE01/src/game/game_fn_801BDE7C.o
[471/887] EXTERNALIZE build/GEDE01/src/game/game_fn_801BE0D4.o
[472/887] EXTERNALIZE STATIC POOL build/GEDE01/src/game/game_fn_801C9A08.o
build/GEDE01/src/game/game_fn_801C9A08.o: lbl_80629390 now undefined; section 3 emptied
[473/887] EXTERNALIZE build/GEDE01/src/game/game_fn_801B941C.o
[474/887] EXTERNALIZE STATIC POOL build/GEDE01/src/game/game_fn_801C9B1C.o
build/GEDE01/src/game/game_fn_801C9B1C.o: lbl_80629390 now undefined; section 3 emptied
[475/887] EXTERNALIZE STATIC POOL build/GEDE01/src/game/game_fn_801BD990.o
build/GEDE01/src/game/game_fn_801BD990.o: lbl_80626D80 now undefined; section 6 emptied
[476/887] EXTERNALIZE STATIC POOL build/GEDE01/src/game/game_fn_801B58F0.o
build/GEDE01/src/game/game_fn_801B58F0.o: lbl_8060C020 now undefined; section 3 emptied
[477/887] EXTERNALIZE STATIC POOL build/GEDE01/src/game/game_fn_801B9E7C.o
build/GEDE01/src/game/game_fn_801B9E7C.o: 0 relocation(s) moved from streamInfo to ...bss.0
build/GEDE01/src/game/game_fn_801B9E7C.o: lbl_8061AE48 now undefined; section 6 emptied
[478/887] EXTERNALIZE STATIC POOL build/GEDE01/src/game/game_fn_801BB1A0.o
build/GEDE01/src/game/game_fn_801BB1A0.o: 0 relocation(s) moved from streamInfo to ...bss.0
build/GEDE01/src/game/game_fn_801BB1A0.o: lbl_8061AE48 now undefined; section 6 emptied
[479/887] EXTERNALIZE STATIC build/GEDE01/src/game/game_fn_801B35BC.o
build/GEDE01/src/game/game_fn_801B35BC.o: lbl_8060D420 now undefined; section 6 emptied
[480/887] EXTERNALIZE STATIC POOL build/GEDE01/src/game/game_fn_801BA708.o
build/GEDE01/src/game/game_fn_801BA708.o: 0 relocation(s) moved from streamInfo to ...bss.0
build/GEDE01/src/game/game_fn_801BA708.o: lbl_8061AE48 now undefined; section 6 emptied
[481/887] EXTERNALIZE STATIC POOL build/GEDE01/src/game/game_fn_801BC8F4.o
build/GEDE01/src/game/game_fn_801BC8F4.o: lbl_8061C748 now undefined; section 6 emptied
[482/887] EXTERNALIZE STATIC build/GEDE01/src/game/game_fn_801BC240.o
build/GEDE01/src/game/game_fn_801BC240.o: lbl_8061C748 now undefined; section 6 emptied
[483/887] EXTERNALIZE STATIC POOL build/GEDE01/src/game/game_fn_801BCC04.o
build/GEDE01/src/game/game_fn_801BCC04.o: lbl_8061C748 now undefined; section 6 emptied
[484/887] EXTERNALIZE STATIC POOL build/GEDE01/src/game/game_fn_801BC0D4.o
build/GEDE01/src/game/game_fn_801BC0D4.o: lbl_8061C748 now undefined; section 6 emptied
[485/887] EXTERNALIZE STATIC POOL build/GEDE01/src/game/game_fn_801C1CB0.o
build/GEDE01/src/game/game_fn_801C1CB0.o: lbl_80626DA0 now undefined; section 3 emptied
[486/887] RENAME build/GEDE01/src/game/game_InitMetroTRKCommTable.o
[487/887] EXTERNALIZE STATIC POOL build/GEDE01/src/game/game_fn_801CE09C.o
build/GEDE01/src/game/game_fn_801CE09C.o: lbl_80631340 now undefined; section 6 emptied
[488/887] RENAME RUNTIME INTRINSICS build/GEDE01/src/game/game_fn_801CB4F8.o
[489/887] EXTERNALIZE STATIC POOL build/GEDE01/src/game/game_fn_8010242C.o
build/GEDE01/src/game/game_fn_8010242C.o: lbl_8032CC08 now undefined; section 3 emptied
[490/887] EXTERNALIZE build/GEDE01/src/game/game_fn_801D3988.o
[491/887] EXTERNALIZE build/GEDE01/src/game/game_fn_801D1B10.o
[492/887] ALIGN DATA build/GEDE01/src/game/game_fn_80008014.o
[493/887] EXTERNALIZE build/GEDE01/src/game/game_fn_801CE594.o
[494/887] EXTERNALIZE build/GEDE01/src/game/game_fn_8014549C.o
[495/887] EXTERNALIZE build/GEDE01/src/game/game_fn_801C8224.o
[496/887] EXTERNALIZE build/GEDE01/src/game/game_fn_801098C0.o
[497/887] EXTERNALIZE build/GEDE01/src/game/game_fn_8000FDE8.o
[498/887] EXTERNALIZE build/GEDE01/src/game/game_fn_80185F10.o
[499/887] EXTERNALIZE build/GEDE01/src/game/game_fn_801C29BC.o
[500/887] EXTERNALIZE build/GEDE01/src/game/game_fn_801C8F50.o
[501/887] EXTERNALIZE build/GEDE01/src/game/game_fn_8007B828.o
[502/887] EXTERNALIZE build/GEDE01/src/game/game_fn_801C90A4.o
[503/887] EXTERNALIZE build/GEDE01/src/game/game_fn_801C8160.o
[504/887] EXTERNALIZE build/GEDE01/src/game/game_fn_801C2AAC.o
[505/887] EXTERNALIZE build/GEDE01/src/game/game_fn_801C2D9C.o
[506/887] EXTERNALIZE build/GEDE01/src/game/game_fn_801C2980.o
[507/887] EXTERNALIZE build/GEDE01/src/game/game_fn_801B02F0.o
[508/887] EXTERNALIZE build/GEDE01/src/game/game_fn_801AFA74.o
[509/887] EXTERNALIZE build/GEDE01/src/game/game_fn_801AC8AC.o
[510/887] EXTERNALIZE build/GEDE01/src/game/game_fn_801ABD3C.o
[511/887] EXTERNALIZE build/GEDE01/src/game/game_fn_801816D4.o
[512/887] EXTERNALIZE build/GEDE01/src/game/game_fn_8011F140.o
[513/887] EXTERNALIZE build/GEDE01/src/game/game_fn_8004998C.o
[514/887] EXTERNALIZE build/GEDE01/src/game/game_fn_801AD08C.o
[515/887] EXTERNALIZE build/GEDE01/src/game/game_fn_80079AA4.o
[516/887] EXTERNALIZE build/GEDE01/src/game/game_fn_801A3A78.o
[517/887] EXTERNALIZE build/GEDE01/src/game/game_fn_80158D38.o
[518/887] EXTERNALIZE build/GEDE01/src/game/game_fn_8008F224.o
[519/887] EXTERNALIZE build/GEDE01/src/game/game_fn_80167454.o
[520/887] EXTERNALIZE build/GEDE01/src/game/game_fn_800AF230.o
[521/887] EXTERNALIZE build/GEDE01/src/game/game_fn_801AB154.o
[522/887] EXTERNALIZE build/GEDE01/src/game/game_fn_801A93E8.o
[523/887] EXTERNALIZE build/GEDE01/src/game/game_fn_801A7E04.o
[524/887] EXTERNALIZE build/GEDE01/src/game/game_fn_801A7EA8.o
[525/887] EXTERNALIZE build/GEDE01/src/game/game_fn_801A6CB4.o
[526/887] EXTERNALIZE build/GEDE01/src/game/game_fn_801A6C58.o
[527/887] EXTERNALIZE build/GEDE01/src/game/game_fn_801A4CE0.o
[528/887] NAME JUMPTABLE build/GEDE01/src/game/game_fn_801A6ADC.o
[529/887] EXTERNALIZE build/GEDE01/src/game/game_fn_801A6410.o
[530/887] EXTERNALIZE build/GEDE01/src/game/game_fn_801A5FB0.o
[531/887] EXTERNALIZE build/GEDE01/src/game/game_fn_801A1F18.o
[532/887] EXTERNALIZE build/GEDE01/src/game/game_fn_8019E8C8.o
[533/887] EXTERNALIZE build/GEDE01/src/game/game_fn_8019E5E4.o
[534/887] EXTERNALIZE build/GEDE01/src/game/game_fn_8019CFC4.o
[535/887] EXTERNALIZE build/GEDE01/src/game/game_fn_8019CC28.o
[536/887] EXTERNALIZE build/GEDE01/src/game/game_fn_801991E0.o
[537/887] EXTERNALIZE build/GEDE01/src/game/game_fn_80198BF4.o
[538/887] EXTERNALIZE build/GEDE01/src/game/game_fn_80198154.o
[539/887] EXTERNALIZE build/GEDE01/src/game/game_fn_80198AAC.o
[540/887] EXTERNALIZE build/GEDE01/src/game/game_fn_80194F80.o
[541/887] EXTERNALIZE build/GEDE01/src/game/game_fn_80197910.o
[542/887] EXTERNALIZE build/GEDE01/src/game/game_fn_80177434.o
repointed 2 relocations to lbl_80250588
[543/887] EXTERNALIZE build/GEDE01/src/game/game_fn_80193E1C.o
[544/887] EXTERNALIZE build/GEDE01/src/game/game_fn_801931C4.o
[545/887] EXTERNALIZE build/GEDE01/src/game/game_fn_80193F3C.o
[546/887] EXTERNALIZE build/GEDE01/src/game/game_fn_80192F54.o
[547/887] EXTERNALIZE build/GEDE01/src/game/game_fn_80191F58.o
[548/887] EXTERNALIZE build/GEDE01/src/game/game_fn_8019197C.o
[549/887] EXTERNALIZE build/GEDE01/src/game/game_fn_80191360.o
[550/887] GLOBALIZE build/GEDE01/src/game/game_fn_8018F1D0.o
[551/887] EXTERNALIZE build/GEDE01/src/game/game_fn_8018D688.o
[552/887] EXTERNALIZE build/GEDE01/src/game/game_fn_8018F81C.o
[553/887] EXTERNALIZE build/GEDE01/src/game/game_fn_8018D2E0.o
[554/887] EXTERNALIZE build/GEDE01/src/game/game_fn_80189968.o
[555/887] EXTERNALIZE build/GEDE01/src/game/game_fn_8018D1F0.o
[556/887] EXTERNALIZE build/GEDE01/src/game/game_fn_80189760.o
[557/887] EXTERNALIZE build/GEDE01/src/game/game_fn_801896A0.o
[558/887] EXTERNALIZE build/GEDE01/src/game/game_fn_801895E8.o
[559/887] EXTERNALIZE build/GEDE01/src/game/game_fn_80189390.o
[560/887] EXTERNALIZE build/GEDE01/src/game/game_fn_801891D8.o
[561/887] EXTERNALIZE build/GEDE01/src/game/game_fn_80188E28.o
[562/887] EXTERNALIZE build/GEDE01/src/game/game_fn_80189028.o
[563/887] EXTERNALIZE build/GEDE01/src/game/game_fn_80188B44.o
[564/887] EXTERNALIZE build/GEDE01/src/game/game_fn_80188C1C.o
[565/887] EXTERNALIZE build/GEDE01/src/game/game_fn_80188A7C.o
[566/887] EXTERNALIZE build/GEDE01/src/game/game_fn_801878E0.o
[567/887] EXTERNALIZE build/GEDE01/src/game/game_fn_80187120.o
[568/887] EXTERNALIZE build/GEDE01/src/game/game_fn_8018FEDC.o
[569/887] EXTERNALIZE build/GEDE01/src/game/game_fn_80186E10.o
[570/887] EXTERNALIZE build/GEDE01/src/game/game_fn_801865EC.o
[571/887] EXTERNALIZE build/GEDE01/src/game/game_fn_80185AE8.o
[572/887] EXTERNALIZE build/GEDE01/src/game/game_fn_801859FC.o
[573/887] EXTERNALIZE build/GEDE01/src/game/game_fn_80180DDC.o
[574/887] EXTERNALIZE build/GEDE01/src/game/game_fn_8017E958.o
[575/887] EXTERNALIZE build/GEDE01/src/game/game_fn_8017E850.o
[576/887] EXTERNALIZE build/GEDE01/src/game/game_fn_8017718C.o
[577/887] EXTERNALIZE build/GEDE01/src/game/game_fn_801770F8.o
[578/887] EXTERNALIZE build/GEDE01/src/game/game_fn_80176FA0.o
[579/887] EXTERNALIZE build/GEDE01/src/game/game_fn_80176DF4.o
[580/887] EXTERNALIZE build/GEDE01/src/game/game_fn_80174358.o
[581/887] EXTERNALIZE build/GEDE01/src/game/game_fn_80173F04.o
[582/887] EXTERNALIZE build/GEDE01/src/game/game_fn_80174184.o
[583/887] EXTERNALIZE build/GEDE01/src/game/game_fn_8017553C.o
[584/887] EXTERNALIZE build/GEDE01/src/game/game_fn_80173D44.o
[585/887] EXTERNALIZE build/GEDE01/src/game/game_fn_80173770.o
[586/887] EXTERNALIZE build/GEDE01/src/game/game_fn_801734B4.o
[587/887] EXTERNALIZE build/GEDE01/src/game/game_fn_80173270.o
[588/887] EXTERNALIZE build/GEDE01/src/game/game_fn_80172DB8.o
[589/887] EXTERNALIZE build/GEDE01/src/game/game_fn_80172C78.o
[590/887] EXTERNALIZE build/GEDE01/src/game/game_fn_80172BB0.o
[591/887] EXTERNALIZE build/GEDE01/src/game/game_fn_801726EC.o
[592/887] EXTERNALIZE build/GEDE01/src/game/game_fn_8017250C.o
[593/887] EXTERNALIZE build/GEDE01/src/game/game_fn_80171F30.o
[594/887] EXTERNALIZE build/GEDE01/src/game/game_fn_801719B4.o
[595/887] EXTERNALIZE build/GEDE01/src/game/game_fn_801718F4.o
[596/887] EXTERNALIZE build/GEDE01/src/game/game_fn_80171664.o
[597/887] EXTERNALIZE build/GEDE01/src/game/game_fn_8017138C.o
[598/887] EXTERNALIZE build/GEDE01/src/game/game_fn_80170A40.o
[599/887] NORMALIZE build/GEDE01/src/game/game_TRKNubWelcome.o
[600/887] NORMALIZE build/GEDE01/src/game/game_TRK_main.o
[601/887] NORMALIZE build/GEDE01/src/game/game_data_80239E10.o
[602/887] NORMALIZE build/GEDE01/src/game/game_data_80239E18.o
[603/887] EXTERNALIZE build/GEDE01/src/game/game_fn_801706DC.o
[604/887] EXTERNALIZE build/GEDE01/src/game/game_fn_8017652C.o
[605/887] EXTERNALIZE build/GEDE01/src/game/game_fn_80170E9C.o
[606/887] EXTERNALIZE build/GEDE01/src/game/game_fn_80175E64.o
[607/887] EXTERNALIZE build/GEDE01/src/game/game_fn_80175F0C.o
[608/887] EXTERNALIZE build/GEDE01/src/game/game_fn_80175FD4.o
[609/887] EXTERNALIZE build/GEDE01/src/game/game_fn_80176098.o
[610/887] EXTERNALIZE build/GEDE01/src/game/game_fn_80176160.o
[611/887] EXTERNALIZE build/GEDE01/src/game/game_fn_80176220.o
[612/887] EXTERNALIZE build/GEDE01/src/game/game_fn_80170DF4.o
[613/887] EXTERNALIZE build/GEDE01/src/game/game_fn_801762E8.o
[614/887] EXTERNALIZE build/GEDE01/src/game/game_fn_8016E8F8.o
[615/887] EXTERNALIZE build/GEDE01/src/game/game_fn_8016FEF8.o
[616/887] EXTERNALIZE build/GEDE01/src/game/game_fn_801704F8.o
[617/887] NORMALIZE build/GEDE01/src/game/game_fn_8016DF4C.o
[618/887] EXTERNALIZE build/GEDE01/src/game/game_fn_8016D2B8.o
[619/887] EXTERNALIZE build/GEDE01/src/game/game_fn_8016D040.o
[620/887] EXTERNALIZE build/GEDE01/src/game/game_fn_8016D1F8.o
[621/887] EXTERNALIZE build/GEDE01/src/game/game_fn_8016C774.o
[622/887] EXTERNALIZE build/GEDE01/src/game/game_fn_8016C4BC.o
[623/887] EXTERNALIZE build/GEDE01/src/game/game_fn_8016C238.o
[624/887] EXTERNALIZE build/GEDE01/src/game/game_fn_8016C164.o
[625/887] EXTERNALIZE build/GEDE01/src/game/game_fn_8016C0BC.o
[626/887] EXTERNALIZE build/GEDE01/src/game/game_fn_8017038C.o
[627/887] EXTERNALIZE build/GEDE01/src/game/game_fn_8016BE1C.o
[628/887] EXTERNALIZE build/GEDE01/src/game/game_fn_8016BF60.o
[629/887] EXTERNALIZE build/GEDE01/src/game/game_fn_8016BD0C.o
[630/887] EXTERNALIZE build/GEDE01/src/game/game_fn_80169650.o
[631/887] EXTERNALIZE build/GEDE01/src/game/game_fn_8015EDC0.o
[632/887] EXTERNALIZE build/GEDE01/src/game/game_fn_80167B5C.o
[633/887] EXTERNALIZE build/GEDE01/src/game/game_fn_8015DC54.o
[634/887] EXTERNALIZE build/GEDE01/src/game/game_fn_8015DB84.o
[635/887] EXTERNALIZE build/GEDE01/src/game/game_fn_80158B20.o
[636/887] EXTERNALIZE build/GEDE01/src/game/game_fn_80179398.o
[637/887] EXTERNALIZE build/GEDE01/src/game/game_fn_8017974C.o
[638/887] EXTERNALIZE build/GEDE01/src/game/game_fn_8017960C.o
[639/887] EXTERNALIZE build/GEDE01/src/game/game_fn_80179904.o
[640/887] EXTERNALIZE build/GEDE01/src/game/game_fn_8017A9B8.o
[641/887] EXTERNALIZE build/GEDE01/src/game/game_fn_80179A74.o
[642/887] EXTERNALIZE build/GEDE01/src/game/game_fn_80179A18.o
[643/887] EXTERNALIZE build/GEDE01/src/game/game_fn_80179EB8.o
[644/887] EXTERNALIZE build/GEDE01/src/game/game_fn_80179F20.o
[645/887] EXTERNALIZE build/GEDE01/src/game/game_fn_8017A010.o
[646/887] EXTERNALIZE build/GEDE01/src/game/game_fn_8017A12C.o
[647/887] EXTERNALIZE build/GEDE01/src/game/game_fn_80157C0C.o
[648/887] EXTERNALIZE build/GEDE01/src/game/game_fn_80155814.o
[649/887] EXTERNALIZE build/GEDE01/src/game/game_fn_8017A1C0.o
[650/887] EXTERNALIZE build/GEDE01/src/game/game_fn_80153898.o
[651/887] EXTERNALIZE build/GEDE01/src/game/game_fn_8014B494.o
[652/887] EXTERNALIZE build/GEDE01/src/game/game_fn_8012DB28.o
[653/887] EXTERNALIZE build/GEDE01/src/game/game_fn_8014AF38.o
[654/887] EXTERNALIZE build/GEDE01/src/game/game_fn_801141B8.o
[655/887] EXTERNALIZE build/GEDE01/src/game/game_fn_801128E4.o
[656/887] EXTERNALIZE build/GEDE01/src/game/game_fn_801126E0.o
[657/887] EXTERNALIZE build/GEDE01/src/game/game_fn_8010F184.o
[658/887] EXTERNALIZE build/GEDE01/src/game/game_fn_800E4980.o
[659/887] EXTERNALIZE build/GEDE01/src/game/game_fn_800C17EC.o
[660/887] EXTERNALIZE build/GEDE01/src/game/game_fn_800C030C.o
[661/887] EXTERNALIZE build/GEDE01/src/game/game_fn_800C59F0.o
[662/887] EXTERNALIZE build/GEDE01/src/game/game_fn_800C644C.o
[663/887] EXTERNALIZE build/GEDE01/src/game/game_fn_800C65FC.o
[664/887] EXTERNALIZE build/GEDE01/src/game/game_fn_800CB760.o
[665/887] EXTERNALIZE build/GEDE01/src/game/game_fn_800CB8F4.o
[666/887] EXTERNALIZE build/GEDE01/src/game/game_fn_80078500.o
[667/887] EXTERNALIZE build/GEDE01/src/game/game_fn_80079908.o
[668/887] EXTERNALIZE build/GEDE01/src/game/game_fn_8007B2F4.o
[669/887] EXTERNALIZE build/GEDE01/src/game/game_fn_8007B540.o
[670/887] EXTERNALIZE build/GEDE01/src/game/game_fn_8007B640.o
[671/887] EXTERNALIZE build/GEDE01/src/game/game_fn_8007BA3C.o
[672/887] EXTERNALIZE build/GEDE01/src/game/game_fn_800886D8.o
[673/887] EXTERNALIZE build/GEDE01/src/game/game_fn_800934A0.o
[674/887] EXTERNALIZE build/GEDE01/src/game/game_fn_800A3894.o
[675/887] EXTERNALIZE build/GEDE01/src/game/game_fn_800A7E88.o
[676/887] EXTERNALIZE build/GEDE01/src/game/game_fn_800A4798.o
[677/887] GLOBALIZE build/GEDE01/src/game/game_fn_800A2130.o
[678/887] EXTERNALIZE build/GEDE01/src/game/game_fn_800A2FCC.o
[679/887] EXTERNALIZE build/GEDE01/src/game/game_fn_8009C424.o
[680/887] EXTERNALIZE SWITCHES build/GEDE01/src/game/game_fn_80095FDC.o
[681/887] EXTERNALIZE build/GEDE01/src/game/game_fn_80096830.o
[682/887] GLOBALIZE build/GEDE01/src/game/game_fn_8008F890.o
[683/887] EXTERNALIZE build/GEDE01/src/game/game_fn_800A4428.o
[684/887] EXTERNALIZE build/GEDE01/src/game/game_fn_80074310.o
[685/887] GLOBALIZE build/GEDE01/src/game/game_fn_8005FD84.o
[686/887] EXTERNALIZE build/GEDE01/src/game/game_fn_80066888.o
[687/887] EXTERNALIZE build/GEDE01/src/game/game_fn_8005EC6C.o
[688/887] EXTERNALIZE build/GEDE01/src/game/game_fn_80052310.o
[689/887] EXTERNALIZE build/GEDE01/src/game/game_fn_80048B24.o
[690/887] NAME SWITCH build/GEDE01/src/game/game_fn_80020E94.o
[691/887] NAME SWITCH build/GEDE01/src/game/game_fn_8005EE9C.o
[692/887] NAME SWITCH build/GEDE01/src/game/game_fn_8016D9C0.o
[693/887] NAME SWITCH build/GEDE01/src/game/game_fn_80071A58.o
[694/887] EXTERNALIZE build/GEDE01/src/game/game_fn_80048ADC.o
[695/887] NAME SWITCH build/GEDE01/src/game/game_fn_8006B620.o
[696/887] NAME SWITCH build/GEDE01/src/game/game_fn_8001FE1C.o
[697/887] NAME SWITCH build/GEDE01/src/game/game_fn_8001E644.o
[698/887] EXTERNALIZE build/GEDE01/src/game/game_fn_80038878.o
[699/887] EXTERNALIZE build/GEDE01/src/game/game_fn_801B46C8.o
build/GEDE01/src/game/game_fn_801B46C8.o: lbl_8060C020 now undefined; section 6 emptied
[700/887] EXTERNALIZE build/GEDE01/src/game/game_fn_80036C40.o
[701/887] EXTERNALIZE build/GEDE01/src/game/game_fn_800359A0.o
[702/887] EXTERNALIZE build/GEDE01/src/game/game_fn_80033180.o
[703/887] EXTERNALIZE build/GEDE01/src/game/game_fn_80033038.o
[704/887] EXTERNALIZE build/GEDE01/src/game/game_fn_80032B84.o
[705/887] EXTERNALIZE build/GEDE01/src/game/game_fn_8003232C.o
[706/887] EXTERNALIZE build/GEDE01/src/game/game_fn_8002E3F0.o
[707/887] EXTERNALIZE build/GEDE01/src/game/game_fn_8002DAE0.o
[708/887] EXTERNALIZE build/GEDE01/src/game/game_fn_8002EA68.o
[709/887] GLOBALIZE build/GEDE01/src/game/game_fn_8002B748.o
[710/887] EXTERNALIZE build/GEDE01/src/game/game_fn_8002F428.o
[711/887] NAME SWITCHES build/GEDE01/src/game/game_fn_80024F28.o
[712/887] EXTERNALIZE build/GEDE01/src/game/game_fn_800272B4.o
[713/887] EXTERNALIZE build/GEDE01/src/game/game_fn_8001CE94.o
[714/887] EXTERNALIZE build/GEDE01/src/game/game_fn_8001CD58.o
[715/887] EXTERNALIZE build/GEDE01/src/game/game_fn_8001C078.o
[716/887] EXTERNALIZE build/GEDE01/src/game/game_fn_8001B874.o
[717/887] EXTERNALIZE build/GEDE01/src/game/game_fn_8001B808.o
[718/887] EXTERNALIZE build/GEDE01/src/game/game_fn_8001B294.o
[719/887] EXTERNALIZE build/GEDE01/src/game/game_fn_8001B124.o
[720/887] EXTERNALIZE build/GEDE01/src/game/game_fn_8001ADF8.o
[721/887] EXTERNALIZE build/GEDE01/src/game/game_fn_8001AF68.o
[722/887] EXTERNALIZE build/GEDE01/src/game/game_fn_8001AAB8.o
[723/887] EXTERNALIZE build/GEDE01/src/game/game_fn_8001A6C4.o
[724/887] EXTERNALIZE build/GEDE01/src/game/game_fn_80019F98.o
[725/887] EXTERNALIZE build/GEDE01/src/game/game_fn_80019D2C.o
[726/887] EXTERNALIZE build/GEDE01/src/game/game_fn_80019C10.o
[727/887] EXTERNALIZE build/GEDE01/src/game/game_fn_800194D0.o
[728/887] EXTERNALIZE build/GEDE01/src/game/game_fn_80019940.o
[729/887] EXTERNALIZE build/GEDE01/src/game/game_fn_80019054.o
[730/887] EXTERNALIZE build/GEDE01/src/game/game_fn_80019244.o
[731/887] EXTERNALIZE build/GEDE01/src/game/game_fn_80018EF4.o
[732/887] EXTERNALIZE build/GEDE01/src/game/game_fn_80017DB0.o
[733/887] EXTERNALIZE build/GEDE01/src/game/game_fn_80017CC8.o
[734/887] EXTERNALIZE build/GEDE01/src/game/game_fn_80017C3C.o
[735/887] EXTERNALIZE build/GEDE01/src/game/game_fn_80017A3C.o
[736/887] EXTERNALIZE build/GEDE01/src/game/game_fn_80017AE4.o
[737/887] EXTERNALIZE build/GEDE01/src/game/game_fn_800179AC.o
[738/887] EXTERNALIZE build/GEDE01/src/game/game_fn_80017910.o
[739/887] EXTERNALIZE FLAGS build/GEDE01/src/game/game_fn_800119FC.o
[740/887] EXTERNALIZE build/GEDE01/src/game/game_fn_8000FFD8.o
[741/887] EXTERNALIZE build/GEDE01/src/game/game_fn_8000F4B0.o
[742/887] EXTERNALIZE build/GEDE01/src/game/game_fn_8000EFC4.o
[743/887] GLOBALIZE build/GEDE01/src/game/game_fn_800094C0.o
[744/887] EXTERNALIZE build/GEDE01/src/game/game_fn_800096E0.o
[745/887] EXTERNALIZE build/GEDE01/src/game/game_fn_800098C0.o
[746/887] EXTERNALIZE build/GEDE01/src/game/game_fn_80009AB4.o
[747/887] EXTERNALIZE build/GEDE01/src/game/game_fn_800099D8.o
[748/887] EXTERNALIZE build/GEDE01/src/game/game_fn_8000A26C.o
[749/887] EXTERNALIZE build/GEDE01/src/game/game_fn_800171C0.o
[750/887] EXTERNALIZE build/GEDE01/src/game/game_fn_800176F0.o
[751/887] EXTERNALIZE build/GEDE01/src/game/game_fn_8000AC88.o
[752/887] EXTERNALIZE build/GEDE01/src/game/game_fn_8000AEB4.o
[753/887] EXTERNALIZE build/GEDE01/src/game/game_fn_8000AFB4.o
[754/887] EXTERNALIZE build/GEDE01/src/game/game_fn_8000B1B8.o
[755/887] EXTERNALIZE build/GEDE01/src/game/game_fn_8000B36C.o
[756/887] EXTERNALIZE build/GEDE01/src/game/game_fn_8000B630.o
[757/887] EXTERNALIZE build/GEDE01/src/game/game_fn_8000B7FC.o
[758/887] EXTERNALIZE build/GEDE01/src/game/game_fn_8000B900.o
[759/887] EXTERNALIZE build/GEDE01/src/game/game_fn_8000BA0C.o
[760/887] EXTERNALIZE build/GEDE01/src/game/game_fn_8000BC40.o
[761/887] EXTERNALIZE build/GEDE01/src/game/game_fn_8000BAA0.o
[762/887] EXTERNALIZE build/GEDE01/src/game/game_fn_8000C06C.o
[763/887] EXTERNALIZE build/GEDE01/src/game/game_fn_8000C17C.o
[764/887] EXTERNALIZE build/GEDE01/src/game/game_fn_8000C400.o
[765/887] EXTERNALIZE build/GEDE01/src/game/game_fn_8000C848.o
[766/887] EXTERNALIZE build/GEDE01/src/game/game_fn_8000C91C.o
[767/887] EXTERNALIZE build/GEDE01/src/game/game_fn_8000D0BC.o
[768/887] NAME SWITCH build/GEDE01/src/game/game_fn_8000D8A4.o
[769/887] EXTERNALIZE build/GEDE01/src/game/game_fn_8000D3D4.o
[770/887] EXTERNALIZE build/GEDE01/src/game/game_fn_8000E054.o
[771/887] EXTERNALIZE build/GEDE01/src/game/game_fn_8000E0AC.o
[772/887] EXTERNALIZE build/GEDE01/src/game/game_fn_8000E96C.o
[773/887] EXTERNALIZE build/GEDE01/src/game/game_fn_8000F774.o
[774/887] EXTERNALIZE build/GEDE01/src/game/game_fn_8000EB14.o
[775/887] EXTERNALIZE build/GEDE01/src/game/game_fn_8000EBD4.o
[776/887] EXTERNALIZE build/GEDE01/src/game/game_fn_8000ED44.o
[777/887] EXTERNALIZE build/GEDE01/src/game/game_fn_8000E1C4.o
[778/887] EXTERNALIZE build/GEDE01/src/game/game_fn_8000E138.o
[779/887] EXTERNALIZE build/GEDE01/src/game/game_fn_8000DA50.o
[780/887] EXTERNALIZE build/GEDE01/src/game/game_fn_8000D590.o
[781/887] EXTERNALIZE build/GEDE01/src/game/game_fn_80012DA8.o
[782/887] EXTERNALIZE build/GEDE01/src/game/game_fn_8000DAF4.o
[783/887] EXTERNALIZE build/GEDE01/src/game/game_fn_80012F40.o
[784/887] EXTERNALIZE build/GEDE01/src/game/game_fn_80012FD0.o
[785/887] EXTERNALIZE build/GEDE01/src/game/game_fn_800131E8.o
[786/887] EXTERNALIZE build/GEDE01/src/game/game_fn_80013340.o
[787/887] EXTERNALIZE build/GEDE01/src/game/game_fn_80013CB0.o
[788/887] EXTERNALIZE build/GEDE01/src/game/game_fn_80013870.o
[789/887] EXTERNALIZE build/GEDE01/src/game/game_fn_80013D54.o
[790/887] EXTERNALIZE build/GEDE01/src/game/game_fn_800142DC.o
[791/887] EXTERNALIZE build/GEDE01/src/game/game_fn_80014784.o
[792/887] EXTERNALIZE build/GEDE01/src/game/game_fn_800144CC.o
[793/887] EXTERNALIZE build/GEDE01/src/game/game_fn_80015058.o
[794/887] EXTERNALIZE build/GEDE01/src/game/game_fn_800149D4.o
[795/887] EXTERNALIZE build/GEDE01/src/game/game_fn_80015568.o
[796/887] EXTERNALIZE build/GEDE01/src/game/game_fn_80015320.o
[797/887] EXTERNALIZE build/GEDE01/src/game/game_fn_800156FC.o
[798/887] EXTERNALIZE build/GEDE01/src/game/game_fn_80015BE0.o
[799/887] EXTERNALIZE build/GEDE01/src/game/game_fn_80015F04.o
[800/887] EXTERNALIZE build/GEDE01/src/game/game_fn_80015D40.o
[801/887] EXTERNALIZE build/GEDE01/src/game/game_fn_80016128.o
[802/887] EXTERNALIZE build/GEDE01/src/game/game_fn_80016270.o
[803/887] EXTERNALIZE build/GEDE01/src/game/game_fn_80016904.o
[804/887] EXTERNALIZE build/GEDE01/src/game/game_fn_800173CC.o
[805/887] EXTERNALIZE build/GEDE01/src/game/game_fn_80016B24.o
[806/887] EXTERNALIZE build/GEDE01/src/game/game_fn_801B86C0.o
[807/887] EXTERNALIZE build/GEDE01/src/game/game_fn_801BEF40.o
[808/887] EXTERNALIZE STATIC POOL build/GEDE01/src/game/game_fn_801C4B5C.o
build/GEDE01/src/game/game_fn_801C4B5C.o: lbl_80628CB0 now undefined; section 6 emptied
[809/887] EXTERNALIZE build/GEDE01/src/game/game_fn_801C8600.o
[810/887] EXTERNALIZE build/GEDE01/src/game/game_fn_800B2EC0.o
[811/887] EXTERNALIZE build/GEDE01/src/game/game_fn_8001CA04.o
[812/887] EXTERNALIZE build/GEDE01/src/game/game_fn_80031544.o
[813/887] EXTERNALIZE build/GEDE01/src/game/game_fn_8006B0F0.o
[814/887] EXTERNALIZE build/GEDE01/src/game/game_fn_8007D4D8.o
[815/887] EXTERNALIZE build/GEDE01/src/game/game_fn_8007F770.o
[816/887] EXTERNALIZE build/GEDE01/src/game/game_fn_80088F4C.o
[817/887] EXTERNALIZE build/GEDE01/src/game/game_fn_8008A2E0.o
[818/887] EXTERNALIZE build/GEDE01/src/game/game_fn_80090004.o
[819/887] EXTERNALIZE build/GEDE01/src/game/game_fn_80095D10.o
[820/887] EXTERNALIZE build/GEDE01/src/game/game_fn_800A3180.o
[821/887] EXTERNALIZE build/GEDE01/src/game/game_fn_800BB7A8.o
[822/887] EXTERNALIZE build/GEDE01/src/game/game_fn_800BB5C4.o
[823/887] EXTERNALIZE build/GEDE01/src/game/game_fn_800BB9A4.o
[824/887] EXTERNALIZE build/GEDE01/src/game/game_fn_800BBAF0.o
[825/887] EXTERNALIZE build/GEDE01/src/game/game_fn_800D9064.o
[826/887] EXTERNALIZE build/GEDE01/src/game/game_fn_800D9E10.o
[827/887] EXTERNALIZE build/GEDE01/src/game/game_fn_8012976C.o
[828/887] EXTERNALIZE build/GEDE01/src/game/game_fn_8013DB8C.o
[829/887] EXTERNALIZE build/GEDE01/src/game/game_fn_8013CBE4.o
[830/887] EXTERNALIZE build/GEDE01/src/game/game_fn_8014CA98.o
[831/887] EXTERNALIZE build/GEDE01/src/game/game_fn_80153A24.o
[832/887] EXTERNALIZE build/GEDE01/src/game/game_fn_801535D8.o
[833/887] EXTERNALIZE build/GEDE01/src/game/game_fn_80174F2C.o
[834/887] EXTERNALIZE build/GEDE01/src/game/game_fn_8017AC20.o
[835/887] EXTERNALIZE build/GEDE01/src/game/game_fn_8018680C.o
[836/887] EXTERNALIZE build/GEDE01/src/game/game_fn_80186F70.o
[837/887] EXTERNALIZE build/GEDE01/src/game/game_fn_80187320.o
[838/887] EXTERNALIZE build/GEDE01/src/game/game_fn_801810A0.o
[839/887] EXTERNALIZE build/GEDE01/src/game/game_fn_801875FC.o
[840/887] EXTERNALIZE build/GEDE01/src/game/game_fn_800542D0.o
[841/887] EXTERNALIZE build/GEDE01/src/game/game_fn_80189C14.o
[842/887] EXTERNALIZE build/GEDE01/src/game/game_fn_80187BB4.o
[843/887] EXTERNALIZE build/GEDE01/src/game/game_fn_8018C2D0.o
[844/887] EXTERNALIZE build/GEDE01/src/game/game_fn_8018D400.o
[845/887] EXTERNALIZE build/GEDE01/src/game/game_fn_8018E0D8.o
[846/887] EXTERNALIZE build/GEDE01/src/game/game_fn_8019120C.o
[847/887] EXTERNALIZE build/GEDE01/src/game/game_fn_801926EC.o
[848/887] EXTERNALIZE build/GEDE01/src/game/game_fn_801916D0.o
[849/887] EXTERNALIZE build/GEDE01/src/game/game_fn_801929A4.o
[850/887] EXTERNALIZE build/GEDE01/src/game/game_fn_801A2A54.o
[851/887] EXTERNALIZE build/GEDE01/src/game/game_fn_801A34BC.o
[852/887] EXTERNALIZE build/GEDE01/src/game/game_fn_801A657C.o
[853/887] EXTERNALIZE build/GEDE01/src/game/game_fn_801D1F78.o
[854/887] EXTERNALIZE build/GEDE01/src/game/game_fn_801E2A48.o
[855/887] EXTERNALIZE build/GEDE01/src/game/game_fn_801E6814.o
[856/887] EXTERNALIZE build/GEDE01/src/game/game_fn_801E995C.o
[857/887] EXTERNALIZE build/GEDE01/src/game/game_fn_801EF580.o
[858/887] EXTERNALIZE build/GEDE01/src/game/game_fn_801F10BC.o
[859/887] EXTERNALIZE build/GEDE01/src/game/game_fn_801F35A8.o
[860/887] EXTERNALIZE build/GEDE01/src/game/game_fn_801ECD74.o
[861/887] EXTERNALIZE build/GEDE01/src/game/game_fn_801F69F0.o
[862/887] EXTERNALIZE build/GEDE01/src/game/game_fn_801ED5F4.o
[863/887] EXTERNALIZE build/GEDE01/src/game/game_fn_801F76EC.o
[864/887] EXTERNALIZE build/GEDE01/src/game/game_fn_801F8264.o
[865/887] EXTERNALIZE build/GEDE01/src/game/game_fn_801F89B4.o
[866/887] EXTERNALIZE build/GEDE01/src/game/game_fn_801F9AF8.o
[867/887] EXTERNALIZE build/GEDE01/src/game/game_fn_801F6BD8.o
[868/887] EXTERNALIZE build/GEDE01/src/game/game_fn_801FB6A4.o
[869/887] EXTERNALIZE JUMPTABLES build/GEDE01/src/game/game_fn_800361F8.o
[870/887] EXTERNALIZE JUMPTABLES build/GEDE01/src/game/game_fn_8006E53C.o
[871/887] EXTERNALIZE JUMPTABLES build/GEDE01/src/game/game_fn_800CF598.o
[872/887] EXTERNALIZE JUMPTABLES build/GEDE01/src/game/game_fn_801ACFE8.o
[873/887] EXTERNALIZE build/GEDE01/src/game/game_fn_80154F74.o
[874/887] EXTERNALIZE JUMPTABLES build/GEDE01/src/game/game_fn_801B1BA0.o
[875/887] EXTERNALIZE build/GEDE01/src/game/game_fn_8009E808.o
[876/887] EXTERNALIZE build/GEDE01/src/game/game_fn_801F1A38.o
[877/887] EXTERNALIZE build/GEDE01/src/game/game_fn_801F55A0.o
[878/887] EXTERNALIZE build/GEDE01/src/game/game_fn_801FFE78.o
[879/887] EXTERNALIZE build/GEDE01/src/game/game_fn_801F7510.o
[880/887] EXTERNALIZE build/GEDE01/src/game/game_fn_801F9CF4.o
[881/887] EXTERNALIZE build/GEDE01/src/game/game_fn_801FC034.o
[882/887] EXTERNALIZE build/GEDE01/src/game/game_fn_801FA9C8.o
[883/887] REPORT
 INFO Loading project .
 INFO Generating report for 7068 units (using 8 threads)
 INFO Report generated in 0.178s
 INFO Writing to build/GEDE01/report.json
[884/887] LINK build/GEDE01/main.elf
### mwldeppc.exe Linker Warning:
#   Section '.ignored' is unknown. Section ignored.
### mwldeppc.exe Linker Warning:
#   Section '.ignored' is unknown. Section ignored.
### mwldeppc.exe Linker Warning:
#   Section '.ignored' is unknown. Section ignored.
### mwldeppc.exe Linker Warning:
#   Section '.ignored' is unknown. Section ignored.
### mwldeppc.exe Linker Warning:
#   Section '.ignored' is unknown. Section ignored.
### mwldeppc.exe Linker Warning:
#   Section '.ignored' is unknown. Section ignored.
### mwldeppc.exe Linker Warning:
#   Section '.ignored' is unknown. Section ignored.
### mwldeppc.exe Linker Warning:
#   Section '.ignored' is unknown. Section ignored.
### mwldeppc.exe Linker Warning:
#   Section '.ignored' is unknown. Section ignored.
### mwldeppc.exe Linker Warning:
#   Section '.ignored' is unknown. Section ignored.
### mwldeppc.exe Linker Warning:
#   Section '.ignored' is unknown. Section ignored.
### mwldeppc.exe Linker Warning:
#   Section '.ignored' is unknown. Section ignored.
### mwldeppc.exe Linker Warning:
#   Section '.ignored' is unknown. Section ignored.
### mwldeppc.exe Linker Warning:
#   Section '.ignored' is unknown. Section ignored.
### mwldeppc.exe Linker Warning:
#   Section '.ignored' is unknown. Section ignored.
### mwldeppc.exe Linker Warning:
#   Section '.ignored' is unknown. Section ignored.
### mwldeppc.exe Linker Warning:
#   Section '.ignored' is unknown. Section ignored.
### mwldeppc.exe Linker Warning:
#   Section '.ignored' is unknown. Section ignored.
### mwldeppc.exe Linker Warning:
#   Section '.ignored' is unknown. Section ignored.
### mwldeppc.exe Linker Warning:
#   Section '.ignored' is unknown. Section ignored.
### mwldeppc.exe Linker Warning:
#   Section '.ignored' is unknown. Section ignored.
### mwldeppc.exe Linker Warning:
#   Section '.ignored' is unknown. Section ignored.
### mwldeppc.exe Linker Warning:
#   Section '.ignored' is unknown. Section ignored.
### mwldeppc.exe Linker Warning:
#   Section '.ignored' is unknown. Section ignored.
### mwldeppc.exe Linker Warning:
#   Section '.ignored' is unknown. Section ignored.
### mwldeppc.exe Linker Warning:
#   Section '.ignored' is unknown. Section ignored.
### mwldeppc.exe Linker Warning:
#   Section '.ignored' is unknown. Section ignored.
### mwldeppc.exe Linker Warning:
#   Section '.ignored' is unknown. Section ignored.
### mwldeppc.exe Linker Warning:
#   Section '.ignored' is unknown. Section ignored.
### mwldeppc.exe Linker Warning:
#   Section '.ignored' is unknown. Section ignored.
### mwldeppc.exe Linker Warning:
#   Section '.ignored' is unknown. Section ignored.
### mwldeppc.exe Linker Warning:
#   Section '.ignored' is unknown. Section ignored.
### mwldeppc.exe Linker Warning:
#   Section '.ignored' is unknown. Section ignored.
### mwldeppc.exe Linker Warning:
#   Section '.ignored' is unknown. Section ignored.
### mwldeppc.exe Linker Warning:
#   Section '.ignored' is unknown. Section ignored.
### mwldeppc.exe Linker Warning:
#   Section '.ignored' is unknown. Section ignored.
### mwldeppc.exe Linker Warning:
#   Section '.ignored' is unknown. Section ignored.
### mwldeppc.exe Linker Warning:
#   Section '.ignored' is unknown. Section ignored.
### mwldeppc.exe Linker Warning:
#   Section '.ignored' is unknown. Section ignored.
### mwldeppc.exe Linker Warning:
#   Section '.ignored' is unknown. Section ignored.
### mwldeppc.exe Linker Warning:
#   Section '.ignored' is unknown. Section ignored.
### mwldeppc.exe Linker Warning:
#   Section '.ignored' is unknown. Section ignored.
### mwldeppc.exe Linker Warning:
#   Section '.ignored' is unknown. Section ignored.
### mwldeppc.exe Linker Warning:
#   Section '.ignored' is unknown. Section ignored.
### mwldeppc.exe Linker Warning:
#   Section '.ignored' is unknown. Section ignored.
### mwldeppc.exe Linker Warning:
#   Section '.ignored' is unknown. Section ignored.
### mwldeppc.exe Linker Warning:
#   Section '.ignored' is unknown. Section ignored.
### mwldeppc.exe Linker Warning:
#   Section '.ignored' is unknown. Section ignored.
### mwldeppc.exe Linker Warning:
#   Section '.ignored' is unknown. Section ignored.
### mwldeppc.exe Linker Warning:
#   Section '.ignored' is unknown. Section ignored.
### mwldeppc.exe Linker Warning:
#   Section '.ignored' is unknown. Section ignored.
### mwldeppc.exe Linker Warning:
#   Section '.ignored' is unknown. Section ignored.
### mwldeppc.exe Linker Warning:
#   Section '.ignored' is unknown. Section ignored.
### mwldeppc.exe Linker Warning:
#   Section '.ignored' is unknown. Section ignored.
### mwldeppc.exe Linker Warning:
#   Section '.ignored' is unknown. Section ignored.
### mwldeppc.exe Linker Warning:
#   Section '.ignored' is unknown. Section ignored.
### mwldeppc.exe Linker Warning:
#   Section '.ignored' is unknown. Section ignored.
### mwldeppc.exe Linker Warning:
#   Section '.ignored' is unknown. Section ignored.
### mwldeppc.exe Linker Warning:
#   Section '.ignored' is unknown. Section ignored.
### mwldeppc.exe Linker Warning:
#   Section '.ignored' is unknown. Section ignored.
### mwldeppc.exe Linker Warning:
#   Section '.ignored' is unknown. Section ignored.
### mwldeppc.exe Linker Warning:
#   Section '.ignored' is unknown. Section ignored.
### mwldeppc.exe Linker Warning:
#   Section '.ignored' is unknown. Section ignored.
### mwldeppc.exe Linker Warning:
#   Section '.ignored' is unknown. Section ignored.
### mwldeppc.exe Linker Warning:
#   Section '.ignored' is unknown. Section ignored.
### mwldeppc.exe Linker Warning:
#   Section '.ignored' is unknown. Section ignored.
### mwldeppc.exe Linker Warning:
#   Section '.ignored' is unknown. Section ignored.
### mwldeppc.exe Linker Warning:
#   Section '.ignored' is unknown. Section ignored.
### mwldeppc.exe Linker Warning:
#   Section '.ignored' is unknown. Section ignored.
### mwldeppc.exe Linker Warning:
#   Section '.ignored' is unknown. Section ignored.
### mwldeppc.exe Linker Warning:
#   Section '.ignored' is unknown. Section ignored.
### mwldeppc.exe Linker Warning:
#   Section '.ignored' is unknown. Section ignored.
### mwldeppc.exe Linker Warning:
#   Section '.ignored' is unknown. Section ignored.
### mwldeppc.exe Linker Warning:
#   Section '.ignored' is unknown. Section ignored.
### mwldeppc.exe Linker Warning:
#   Section '.ignored' is unknown. Section ignored.
### mwldeppc.exe Linker Warning:
#   Section '.ignored' is unknown. Section ignored.
### mwldeppc.exe Linker Warning:
#   Section '.ignored' is unknown. Section ignored.
### mwldeppc.exe Linker Warning:
#   Section '.ignored' is unknown. Section ignored.
### mwldeppc.exe Linker Warning:
#   Section '.ignored' is unknown. Section ignored.
### mwldeppc.exe Linker Warning:
#   Section '.ignored' is unknown. Section ignored.
### mwldeppc.exe Linker Warning:
#   Section '.ignored' is unknown. Section ignored.
### mwldeppc.exe Linker Warning:
#   Section '.ignored' is unknown. Section ignored.
### mwldeppc.exe Linker Warning:
#   Section '.ignored' is unknown. Section ignored.
### mwldeppc.exe Linker Warning:
#   Section '.ignored' is unknown. Section ignored.
### mwldeppc.exe Linker Warning:
#   Section '.ignored' is unknown. Section ignored.
### mwldeppc.exe Linker Warning:
#   Section '.ignored' is unknown. Section ignored.
### mwldeppc.exe Linker Warning:
#   Section '.ignored' is unknown. Section ignored.
### mwldeppc.exe Linker Warning:
#   Section '.ignored' is unknown. Section ignored.
### mwldeppc.exe Linker Warning:
#   Section '.ignored' is unknown. Section ignored.
### mwldeppc.exe Linker Warning:
#   Section '.ignored' is unknown. Section ignored.
### mwldeppc.exe Linker Warning:
#   Section '.ignored' is unknown. Section ignored.
### mwldeppc.exe Linker Warning:
#   Section '.ignored' is unknown. Section ignored.
### mwldeppc.exe Linker Warning:
#   Section '.ignored' is unknown. Section ignored.
### mwldeppc.exe Linker Warning:
#   Section '.ignored' is unknown. Section ignored.
### mwldeppc.exe Linker Warning:
#   Section '.ignored' is unknown. Section ignored.
### mwldeppc.exe Linker Warning:
#   Section '.ignored' is unknown. Section ignored.
### mwldeppc.exe Linker Warning:
#   Section '.ignored' is unknown. Section ignored.
### mwldeppc.exe Linker Warning:
#   Section '.ignored' is unknown. Section ignored.
### mwldeppc.exe Linker Warning:
#   Section '.ignored' is unknown. Section ignored.
### mwldeppc.exe Linker Warning:
#   Section '.ignored' is unknown. Section ignored.
### mwldeppc.exe Linker Warning:
#   Section '.ignored' is unknown. Section ignored.
### mwldeppc.exe Linker Warning:
#   Section '.ignored' is unknown. Section ignored.
### mwldeppc.exe Linker Warning:
#   Section '.ignored' is unknown. Section ignored.
### mwldeppc.exe Linker Warning:
#   Section '.ignored' is unknown. Section ignored.
### mwldeppc.exe Linker Warning:
#   Section '.ignored' is unknown. Section ignored.
### mwldeppc.exe Linker Warning:
#   Section '.ignored' is unknown. Section ignored.
### mwldeppc.exe Linker Warning:
#   Section '.ignored' is unknown. Section ignored.
### mwldeppc.exe Linker Warning:
#   Section '.ignored' is unknown. Section ignored.
### mwldeppc.exe Linker Warning:
#   Section '.ignored' is unknown. Section ignored.
### mwldeppc.exe Linker Warning:
#   Section '.ignored' is unknown. Section ignored.
### mwldeppc.exe Linker Warning:
#   Section '.ignored' is unknown. Section ignored.
### mwldeppc.exe Linker Warning:
#   Section '.ignored' is unknown. Section ignored.
### mwldeppc.exe Linker Warning:
#   Section '.ignored' is unknown. Section ignored.
### mwldeppc.exe Linker Warning:
#   Section '.ignored' is unknown. Section ignored.
### mwldeppc.exe Linker Warning:
#   Section '.ignored' is unknown. Section ignored.
### mwldeppc.exe Linker Warning:
#   Section '.ignored' is unknown. Section ignored.
### mwldeppc.exe Linker Warning:
#   Section '.ignored' is unknown. Section ignored.
### mwldeppc.exe Linker Warning:
#   Section '.ignored' is unknown. Section ignored.
### mwldeppc.exe Linker Warning:
#   Section '.ignored' is unknown. Section ignored.
### mwldeppc.exe Linker Warning:
#   Section '.ignored' is unknown. Section ignored.
### mwldeppc.exe Linker Warning:
#   Section '.ignored' is unknown. Section ignored.
### mwldeppc.exe Linker Warning:
#   Section '.ignored' is unknown. Section ignored.
### mwldeppc.exe Linker Warning:
#   Section '.ignored' is unknown. Section ignored.
### mwldeppc.exe Linker Warning:
#   Section '.ignored' is unknown. Section ignored.
### mwldeppc.exe Linker Warning:
#   Section '.ignored' is unknown. Section ignored.
### mwldeppc.exe Linker Warning:
#   Section '.ignored' is unknown. Section ignored.
### mwldeppc.exe Linker Warning:
#   Section '.ignored' is unknown. Section ignored.
### mwldeppc.exe Linker Warning:
#   Section '.ignored' is unknown. Section ignored.
### mwldeppc.exe Linker Warning:
#   Section '.ignored' is unknown. Section ignored.
### mwldeppc.exe Linker Warning:
#   Section '.ignored' is unknown. Section ignored.
### mwldeppc.exe Linker Warning:
#   Section '.ignored' is unknown. Section ignored.
### mwldeppc.exe Linker Warning:
#   Section '.ignored' is unknown. Section ignored.
### mwldeppc.exe Linker Warning:
#   Section '.ignored' is unknown. Section ignored.
### mwldeppc.exe Linker Warning:
#   Section '.ignored' is unknown. Section ignored.
### mwldeppc.exe Linker Warning:
#   Section '.ignored' is unknown. Section ignored.
### mwldeppc.exe Linker Warning:
#   Section '.ignored' is unknown. Section ignored.
### mwldeppc.exe Linker Warning:
#   Section '.ignored' is unknown. Section ignored.
### mwldeppc.exe Linker Warning:
#   Section '.ignored' is unknown. Section ignored.
### mwldeppc.exe Linker Warning:
#   Section '.ignored' is unknown. Section ignored.
### mwldeppc.exe Linker Warning:
#   Section '.ignored' is unknown. Section ignored.
### mwldeppc.exe Linker Warning:
#   Section '.ignored' is unknown. Section ignored.
### mwldeppc.exe Linker Warning:
#   Section '.ignored' is unknown. Section ignored.
### mwldeppc.exe Linker Warning:
#   Section '.ignored' is unknown. Section ignored.
### mwldeppc.exe Linker Warning:
#   Section '.ignored' is unknown. Section ignored.
### mwldeppc.exe Linker Warning:
#   Section '.ignored' is unknown. Section ignored.
### mwldeppc.exe Linker Warning:
#   Section '.ignored' is unknown. Section ignored.
### mwldeppc.exe Linker Warning:
#   Section '.ignored' is unknown. Section ignored.
### mwldeppc.exe Linker Warning:
#   Section '.ignored' is unknown. Section ignored.
### mwldeppc.exe Linker Warning:
#   Section '.ignored' is unknown. Section ignored.
### mwldeppc.exe Linker Warning:
#   Section '.ignored' is unknown. Section ignored.
### mwldeppc.exe Linker Warning:
#   Section '.ignored' is unknown. Section ignored.
### mwldeppc.exe Linker Warning:
#   Section '.ignored' is unknown. Section ignored.
### mwldeppc.exe Linker Warning:
#   Section '.ignored' is unknown. Section ignored.
### mwldeppc.exe Linker Warning:
#   Section '.ignored' is unknown. Section ignored.
### mwldeppc.exe Linker Warning:
#   Section '.ignored' is unknown. Section ignored.
### mwldeppc.exe Linker Warning:
#   Section '.ignored' is unknown. Section ignored.
### mwldeppc.exe Linker Warning:
#   Section '.ignored' is unknown. Section ignored.
### mwldeppc.exe Linker Warning:
#   Section '.ignored' is unknown. Section ignored.
### mwldeppc.exe Linker Warning:
#   Section '.ignored' is unknown. Section ignored.
### mwldeppc.exe Linker Warning:
#   Section '.ignored' is unknown. Section ignored.
### mwldeppc.exe Linker Warning:
#   Section '.ignored' is unknown. Section ignored.
### mwldeppc.exe Linker Warning:
#   Section '.ignored' is unknown. Section ignored.
### mwldeppc.exe Linker Warning:
#   Section '.ignored' is unknown. Section ignored.
### mwldeppc.exe Linker Warning:
#   Section '.ignored' is unknown. Section ignored.
### mwldeppc.exe Linker Warning:
#   Section '.ignored' is unknown. Section ignored.
### mwldeppc.exe Linker Warning:
#   Section '.ignored' is unknown. Section ignored.
### mwldeppc.exe Linker Warning:
#   Section '.ignored' is unknown. Section ignored.
### mwldeppc.exe Linker Warning:
#   Section '.ignored' is unknown. Section ignored.
### mwldeppc.exe Linker Warning:
#   Section '.ignored' is unknown. Section ignored.
### mwldeppc.exe Linker Warning:
#   Section '.ignored' is unknown. Section ignored.
### mwldeppc.exe Linker Warning:
#   Section '.ignored' is unknown. Section ignored.
### mwldeppc.exe Linker Warning:
#   Section '.ignored' is unknown. Section ignored.
### mwldeppc.exe Linker Warning:
#   Section '.ignored' is unknown. Section ignored.
### mwldeppc.exe Linker Warning:
#   Section '.ignored' is unknown. Section ignored.
### mwldeppc.exe Linker Warning:
#   Section '.ignored' is unknown. Section ignored.
### mwldeppc.exe Linker Warning:
#   Section '.ignored' is unknown. Section ignored.
### mwldeppc.exe Linker Warning:
#   Section '.ignored' is unknown. Section ignored.
### mwldeppc.exe Linker Warning:
#   Section '.ignored' is unknown. Section ignored.
### mwldeppc.exe Linker Warning:
#   Section '.ignored' is unknown. Section ignored.
### mwldeppc.exe Linker Warning:
#   Section '.ignored' is unknown. Section ignored.
### mwldeppc.exe Linker Warning:
#   Section '.ignored' is unknown. Section ignored.
### mwldeppc.exe Linker Warning:
#   Section '.ignored' is unknown. Section ignored.
### mwldeppc.exe Linker Warning:
#   Section '.ignored' is unknown. Section ignored.
### mwldeppc.exe Linker Warning:
#   Section '.ignored' is unknown. Section ignored.
### mwldeppc.exe Linker Warning:
#   Section '.ignored' is unknown. Section ignored.
### mwldeppc.exe Linker Warning:
#   Section '.ignored' is unknown. Section ignored.
### mwldeppc.exe Linker Warning:
#   Section '.ignored' is unknown. Section ignored.
### mwldeppc.exe Linker Warning:
#   Section '.ignored' is unknown. Section ignored.
### mwldeppc.exe Linker Warning:
#   Section '.ignored' is unknown. Section ignored.
### mwldeppc.exe Linker Warning:
#   Section '.ignored' is unknown. Section ignored.
### mwldeppc.exe Linker Warning:
#   Section '.ignored' is unknown. Section ignored.
### mwldeppc.exe Linker Warning:
#   Section '.ignored' is unknown. Section ignored.
### mwldeppc.exe Linker Warning:
#   Section '.ignored' is unknown. Section ignored.
### mwldeppc.exe Linker Warning:
#   Section '.ignored' is unknown. Section ignored.
### mwldeppc.exe Linker Warning:
#   Section '.ignored' is unknown. Section ignored.
### mwldeppc.exe Linker Warning:
#   Section '.ignored' is unknown. Section ignored.
### mwldeppc.exe Linker Warning:
#   Section '.ignored' is unknown. Section ignored.
### mwldeppc.exe Linker Warning:
#   Section '.ignored' is unknown. Section ignored.
### mwldeppc.exe Linker Warning:
#   Section '.ignored' is unknown. Section ignored.
### mwldeppc.exe Linker Warning:
#   Section '.ignored' is unknown. Section ignored.
### mwldeppc.exe Linker Warning:
#   Section '.ignored' is unknown. Section ignored.
### mwldeppc.exe Linker Warning:
#   Section '.ignored' is unknown. Section ignored.
### mwldeppc.exe Linker Warning:
#   Section '.ignored' is unknown. Section ignored.
### mwldeppc.exe Linker Warning:
#   Section '.ignored' is unknown. Section ignored.
### mwldeppc.exe Linker Warning:
#   Section '.ignored' is unknown. Section ignored.
### mwldeppc.exe Linker Warning:
#   Section '.ignored' is unknown. Section ignored.
### mwldeppc.exe Linker Warning:
#   Section '.ignored' is unknown. Section ignored.
### mwldeppc.exe Linker Warning:
#   Section '.ignored' is unknown. Section ignored.
### mwldeppc.exe Linker Warning:
#   Section '.ignored' is unknown. Section ignored.
### mwldeppc.exe Linker Warning:
#   Section '.ignored' is unknown. Section ignored.
### mwldeppc.exe Linker Warning:
#   Section '.ignored' is unknown. Section ignored.
### mwldeppc.exe Linker Warning:
#   Section '.ignored' is unknown. Section ignored.
### mwldeppc.exe Linker Warning:
#   Section '.ignored' is unknown. Section ignored.
### mwldeppc.exe Linker Warning:
#   Section '.ignored' is unknown. Section ignored.
### mwldeppc.exe Linker Warning:
#   Section '.ignored' is unknown. Section ignored.
### mwldeppc.exe Linker Warning:
#   Section '.ignored' is unknown. Section ignored.
### mwldeppc.exe Linker Warning:
#   Section '.ignored' is unknown. Section ignored.
### mwldeppc.exe Linker Warning:
#   Section '.ignored' is unknown. Section ignored.
### mwldeppc.exe Linker Warning:
#   Section '.ignored' is unknown. Section ignored.
### mwldeppc.exe Linker Warning:
#   Section '.ignored' is unknown. Section ignored.
### mwldeppc.exe Linker Warning:
#   Section '.ignored' is unknown. Section ignored.
### mwldeppc.exe Linker Warning:
#   Section '.ignored' is unknown. Section ignored.
### mwldeppc.exe Linker Warning:
#   Section '.ignored' is unknown. Section ignored.
### mwldeppc.exe Linker Warning:
#   Section '.ignored' is unknown. Section ignored.
### mwldeppc.exe Linker Warning:
#   Section '.ignored' is unknown. Section ignored.
### mwldeppc.exe Linker Warning:
#   Section '.ignored' is unknown. Section ignored.
### mwldeppc.exe Linker Warning:
#   Section '.ignored' is unknown. Section ignored.
### mwldeppc.exe Linker Warning:
#   Section '.ignored' is unknown. Section ignored.
### mwldeppc.exe Linker Warning:
#   Section '.ignored' is unknown. Section ignored.
### mwldeppc.exe Linker Warning:
#   Section '.ignored' is unknown. Section ignored.
### mwldeppc.exe Linker Warning:
#   Section '.ignored' is unknown. Section ignored.
### mwldeppc.exe Linker Warning:
#   Section '.ignored' is unknown. Section ignored.
### mwldeppc.exe Linker Warning:
#   Section '.ignored' is unknown. Section ignored.
### mwldeppc.exe Linker Warning:
#   Section '.ignored' is unknown. Section ignored.
### mwldeppc.exe Linker Warning:
#   Section '.ignored' is unknown. Section ignored.
### mwldeppc.exe Linker Warning:
#   Section '.ignored' is unknown. Section ignored.
### mwldeppc.exe Linker Warning:
#   Section '.ignored' is unknown. Section ignored.
### mwldeppc.exe Linker Warning:
#   Section '.ignored' is unknown. Section ignored.
### mwldeppc.exe Linker Warning:
#   Section '.ignored' is unknown. Section ignored.
### mwldeppc.exe Linker Warning:
#   Section '.ignored' is unknown. Section ignored.
### mwldeppc.exe Linker Warning:
#   Section '.ignored' is unknown. Section ignored.
### mwldeppc.exe Linker Warning:
#   Section '.ignored' is unknown. Section ignored.
### mwldeppc.exe Linker Warning:
#   Section '.ignored' is unknown. Section ignored.
### mwldeppc.exe Linker Warning:
#   Section '.ignored' is unknown. Section ignored.
### mwldeppc.exe Linker Warning:
#   Section '.ignored' is unknown. Section ignored.
### mwldeppc.exe Linker Warning:
#   Section '.ignored' is unknown. Section ignored.
### mwldeppc.exe Linker Warning:
#   Section '.ignored' is unknown. Section ignored.
### mwldeppc.exe Linker Warning:
#   Section '.ignored' is unknown. Section ignored.
### mwldeppc.exe Linker Warning:
#   Section '.ignored' is unknown. Section ignored.
### mwldeppc.exe Linker Warning:
#   Section '.ignored' is unknown. Section ignored.
### mwldeppc.exe Linker Warning:
#   Section '.ignored' is unknown. Section ignored.
### mwldeppc.exe Linker Warning:
#   Section '.ignored' is unknown. Section ignored.
### mwldeppc.exe Linker Warning:
#   Section '.ignored' is unknown. Section ignored.
### mwldeppc.exe Linker Warning:
#   Section '.ignored' is unknown. Section ignored.
### mwldeppc.exe Linker Warning:
#   Section '.ignored' is unknown. Section ignored.
### mwldeppc.exe Linker Warning:
#   Section '.ignored' is unknown. Section ignored.
### mwldeppc.exe Linker Warning:
#   Section '.ignored' is unknown. Section ignored.
### mwldeppc.exe Linker Warning:
#   Section '.ignored' is unknown. Section ignored.
### mwldeppc.exe Linker Warning:
#   Section '.ignored' is unknown. Section ignored.
### mwldeppc.exe Linker Warning:
#   Section '.ignored' is unknown. Section ignored.
### mwldeppc.exe Linker Warning:
#   Section '.ignored' is unknown. Section ignored.
### mwldeppc.exe Linker Warning:
#   Section '.ignored' is unknown. Section ignored.
### mwldeppc.exe Linker Warning:
#   Section '.ignored' is unknown. Section ignored.
### mwldeppc.exe Linker Warning:
#   Section '.ignored' is unknown. Section ignored.
### mwldeppc.exe Linker Warning:
#   Section '.ignored' is unknown. Section ignored.
### mwldeppc.exe Linker Warning:
#   Section '.ignored' is unknown. Section ignored.
### mwldeppc.exe Linker Warning:
#   Section '.ignored' is unknown. Section ignored.
### mwldeppc.exe Linker Warning:
#   Section '.ignored' is unknown. Section ignored.
### mwldeppc.exe Linker Warning:
#   Section '.ignored' is unknown. Section ignored.
### mwldeppc.exe Linker Warning:
#   Section '.ignored' is unknown. Section ignored.
### mwldeppc.exe Linker Warning:
#   Section '.ignored' is unknown. Section ignored.
### mwldeppc.exe Linker Warning:
#   Section '.ignored' is unknown. Section ignored.
### mwldeppc.exe Linker Warning:
#   Section '.ignored' is unknown. Section ignored.
### mwldeppc.exe Linker Warning:
#   Section '.ignored' is unknown. Section ignored.
### mwldeppc.exe Linker Warning:
#   Section '.ignored' is unknown. Section ignored.
### mwldeppc.exe Linker Warning:
#   Section '.ignored' is unknown. Section ignored.
### mwldeppc.exe Linker Warning:
#   Section '.ignored' is unknown. Section ignored.
### mwldeppc.exe Linker Warning:
#   Section '.ignored' is unknown. Section ignored.
### mwldeppc.exe Linker Warning:
#   Section '.ignored' is unknown. Section ignored.
### mwldeppc.exe Linker Warning:
#   Section '.ignored' is unknown. Section ignored.
### mwldeppc.exe Linker Warning:
#   Section '.ignored' is unknown. Section ignored.
### mwldeppc.exe Linker Warning:
#   Section '.ignored' is unknown. Section ignored.
### mwldeppc.exe Linker Warning:
#   Section '.ignored' is unknown. Section ignored.
### mwldeppc.exe Linker Warning:
#   Section '.ignored' is unknown. Section ignored.
### mwldeppc.exe Linker Warning:
#   Section '.ignored' is unknown. Section ignored.
### mwldeppc.exe Linker Warning:
#   Section '.ignored' is unknown. Section ignored.
### mwldeppc.exe Linker Warning:
#   Section '.ignored' is unknown. Section ignored.
### mwldeppc.exe Linker Warning:
#   Section '.ignored' is unknown. Section ignored.
### mwldeppc.exe Linker Warning:
#   Section '.ignored' is unknown. Section ignored.
### mwldeppc.exe Linker Warning:
#   Section '.ignored' is unknown. Section ignored.
### mwldeppc.exe Linker Warning:
#   Section '.ignored' is unknown. Section ignored.
### mwldeppc.exe Linker Warning:
#   Section '.ignored' is unknown. Section ignored.
### mwldeppc.exe Linker Warning:
#   Section '.ignored' is unknown. Section ignored.
### mwldeppc.exe Linker Warning:
#   Section '.ignored' is unknown. Section ignored.
### mwldeppc.exe Linker Warning:
#   Section '.ignored' is unknown. Section ignored.
### mwldeppc.exe Linker Warning:
#   Section '.ignored' is unknown. Section ignored.
### mwldeppc.exe Linker Warning:
#   Section '.ignored' is unknown. Section ignored.
### mwldeppc.exe Linker Warning:
#   Section '.ignored' is unknown. Section ignored.
### mwldeppc.exe Linker Warning:
#   Section '.ignored' is unknown. Section ignored.
### mwldeppc.exe Linker Warning:
#   Section '.ignored' is unknown. Section ignored.
### mwldeppc.exe Linker Warning:
#   Section '.ignored' is unknown. Section ignored.
### mwldeppc.exe Linker Warning:
#   Section '.ignored' is unknown. Section ignored.
### mwldeppc.exe Linker Warning:
#   Section '.ignored' is unknown. Section ignored.
### mwldeppc.exe Linker Warning:
#   Section '.ignored' is unknown. Section ignored.
### mwldeppc.exe Linker Warning:
#   Section '.ignored' is unknown. Section ignored.
### mwldeppc.exe Linker Warning:
#   Section '.ignored' is unknown. Section ignored.
### mwldeppc.exe Linker Warning:
#   Section '.ignored' is unknown. Section ignored.
### mwldeppc.exe Linker Warning:
#   Section '.ignored' is unknown. Section ignored.
### mwldeppc.exe Linker Warning:
#   Section '.ignored' is unknown. Section ignored.
### mwldeppc.exe Linker Warning:
#   Section '.ignored' is unknown. Section ignored.
### mwldeppc.exe Linker Warning:
#   Section '.ignored' is unknown. Section ignored.
### mwldeppc.exe Linker Warning:
#   Section '.ignored' is unknown. Section ignored.
### mwldeppc.exe Linker Warning:
#   Section '.ignored' is unknown. Section ignored.
### mwldeppc.exe Linker Warning:
#   Section '.ignored' is unknown. Section ignored.
### mwldeppc.exe Linker Warning:
#   Section '.ignored' is unknown. Section ignored.
### mwldeppc.exe Linker Warning:
#   Section '.ignored' is unknown. Section ignored.
### mwldeppc.exe Linker Warning:
#   Section '.ignored' is unknown. Section ignored.
### mwldeppc.exe Linker Warning:
#   Section '.ignored' is unknown. Section ignored.
### mwldeppc.exe Linker Warning:
#   Section '.ignored' is unknown. Section ignored.
### mwldeppc.exe Linker Warning:
#   Section '.ignored' is unknown. Section ignored.
### mwldeppc.exe Linker Warning:
#   Section '.ignored' is unknown. Section ignored.
### mwldeppc.exe Linker Warning:
#   Section '.ignored' is unknown. Section ignored.
### mwldeppc.exe Linker Warning:
#   Section '.ignored' is unknown. Section ignored.
### mwldeppc.exe Linker Warning:
#   Section '.ignored' is unknown. Section ignored.
### mwldeppc.exe Linker Warning:
#   Section '.ignored' is unknown. Section ignored.
### mwldeppc.exe Linker Warning:
#   Section '.ignored' is unknown. Section ignored.
### mwldeppc.exe Linker Warning:
#   Section '.ignored' is unknown. Section ignored.
### mwldeppc.exe Linker Warning:
#   Section '.ignored' is unknown. Section ignored.
### mwldeppc.exe Linker Warning:
#   Section '.ignored' is unknown. Section ignored.
### mwldeppc.exe Linker Warning:
#   Section '.ignored' is unknown. Section ignored.
### mwldeppc.exe Linker Warning:
#   Section '.ignored' is unknown. Section ignored.
### mwldeppc.exe Linker Warning:
#   Section '.ignored' is unknown. Section ignored.
### mwldeppc.exe Linker Warning:
#   Section '.ignored' is unknown. Section ignored.
### mwldeppc.exe Linker Warning:
#   Section '.ignored' is unknown. Section ignored.
### mwldeppc.exe Linker Warning:
#   Section '.ignored' is unknown. Section ignored.
### mwldeppc.exe Linker Warning:
#   Section '.ignored' is unknown. Section ignored.
### mwldeppc.exe Linker Warning:
#   Section '.ignored' is unknown. Section ignored.
### mwldeppc.exe Linker Warning:
#   Section '.ignored' is unknown. Section ignored.
### mwldeppc.exe Linker Warning:
#   Section '.ignored' is unknown. Section ignored.
### mwldeppc.exe Linker Warning:
#   Section '.ignored' is unknown. Section ignored.
### mwldeppc.exe Linker Warning:
#   Section '.ignored' is unknown. Section ignored.
### mwldeppc.exe Linker Warning:
#   Section '.ignored' is unknown. Section ignored.
### mwldeppc.exe Linker Warning:
#   Section '.ignored' is unknown. Section ignored.
### mwldeppc.exe Linker Warning:
#   Section '.ignored' is unknown. Section ignored.
### mwldeppc.exe Linker Warning:
#   Section '.ignored' is unknown. Section ignored.
### mwldeppc.exe Linker Warning:
#   Section '.ignored' is unknown. Section ignored.
### mwldeppc.exe Linker Warning:
#   Section '.ignored' is unknown. Section ignored.
### mwldeppc.exe Linker Warning:
#   Section '.ignored' is unknown. Section ignored.
### mwldeppc.exe Linker Warning:
#   Section '.ignored' is unknown. Section ignored.
### mwldeppc.exe Linker Warning:
#   Section '.ignored' is unknown. Section ignored.
### mwldeppc.exe Linker Warning:
#   Section '.ignored' is unknown. Section ignored.
### mwldeppc.exe Linker Warning:
#   Section '.ignored' is unknown. Section ignored.
### mwldeppc.exe Linker Warning:
#   Section '.ignored' is unknown. Section ignored.
### mwldeppc.exe Linker Warning:
#   Section '.ignored' is unknown. Section ignored.
### mwldeppc.exe Linker Warning:
#   Section '.ignored' is unknown. Section ignored.
### mwldeppc.exe Linker Warning:
#   Section '.ignored' is unknown. Section ignored.
### mwldeppc.exe Linker Warning:
#   Section '.ignored' is unknown. Section ignored.
### mwldeppc.exe Linker Warning:
#   Section '.ignored' is unknown. Section ignored.
### mwldeppc.exe Linker Warning:
#   Section '.ignored' is unknown. Section ignored.
### mwldeppc.exe Linker Warning:
#   Section '.ignored' is unknown. Section ignored.
### mwldeppc.exe Linker Warning:
#   Section '.ignored' is unknown. Section ignored.
### mwldeppc.exe Linker Warning:
#   Section '.ignored' is unknown. Section ignored.
### mwldeppc.exe Linker Warning:
#   Section '.ignored' is unknown. Section ignored.
### mwldeppc.exe Linker Warning:
#   Section '.ignored' is unknown. Section ignored.
### mwldeppc.exe Linker Warning:
#   Section '.ignored' is unknown. Section ignored.
### mwldeppc.exe Linker Warning:
#   Section '.ignored' is unknown. Section ignored.
### mwldeppc.exe Linker Warning:
#   Section '.ignored' is unknown. Section ignored.
### mwldeppc.exe Linker Warning:
#   Section '.ignored' is unknown. Section ignored.
### mwldeppc.exe Linker Warning:
#   Section '.ignored' is unknown. Section ignored.
### mwldeppc.exe Linker Warning:
#   Section '.ignored' is unknown. Section ignored.
### mwldeppc.exe Linker Warning:
#   Section '.ignored' is unknown. Section ignored.
### mwldeppc.exe Linker Warning:
#   Section '.ignored' is unknown. Section ignored.
### mwldeppc.exe Linker Warning:
#   Section '.ignored' is unknown. Section ignored.
### mwldeppc.exe Linker Warning:
#   Section '.ignored' is unknown. Section ignored.
### mwldeppc.exe Linker Warning:
#   Section '.ignored' is unknown. Section ignored.
### mwldeppc.exe Linker Warning:
#   Section '.ignored' is unknown. Section ignored.
### mwldeppc.exe Linker Warning:
#   Section '.ignored' is unknown. Section ignored.
### mwldeppc.exe Linker Warning:
#   Section '.ignored' is unknown. Section ignored.
### mwldeppc.exe Linker Warning:
#   Section '.ignored' is unknown. Section ignored.
### mwldeppc.exe Linker Warning:
#   Section '.ignored' is unknown. Section ignored.
### mwldeppc.exe Linker Warning:
#   Section '.ignored' is unknown. Section ignored.
### mwldeppc.exe Linker Warning:
#   Section '.ignored' is unknown. Section ignored.
### mwldeppc.exe Linker Warning:
#   Section '.ignored' is unknown. Section ignored.
### mwldeppc.exe Linker Warning:
#   Section '.ignored' is unknown. Section ignored.
### mwldeppc.exe Linker Warning:
#   Section '.ignored' is unknown. Section ignored.
### mwldeppc.exe Linker Warning:
#   Section '.ignored' is unknown. Section ignored.
### mwldeppc.exe Linker Warning:
#   Section '.ignored' is unknown. Section ignored.
### mwldeppc.exe Linker Warning:
#   Section '.ignored' is unknown. Section ignored.
### mwldeppc.exe Linker Warning:
#   Section '.ignored' is unknown. Section ignored.
### mwldeppc.exe Linker Warning:
#   Section '.ignored' is unknown. Section ignored.
### mwldeppc.exe Linker Warning:
#   Section '.ignored' is unknown. Section ignored.
### mwldeppc.exe Linker Warning:
#   Section '.ignored' is unknown. Section ignored.
### mwldeppc.exe Linker Warning:
#   Section '.ignored' is unknown. Section ignored.
### mwldeppc.exe Linker Warning:
#   Section '.ignored' is unknown. Section ignored.
### mwldeppc.exe Linker Warning:
#   Section '.ignored' is unknown. Section ignored.
### mwldeppc.exe Linker Warning:
#   Section '.ignored' is unknown. Section ignored.
### mwldeppc.exe Linker Warning:
#   Section '.ignored' is unknown. Section ignored.
### mwldeppc.exe Linker Warning:
#   Section '.ignored' is unknown. Section ignored.
### mwldeppc.exe Linker Warning:
#   Section '.ignored' is unknown. Section ignored.
### mwldeppc.exe Linker Warning:
#   Section '.ignored' is unknown. Section ignored.
### mwldeppc.exe Linker Warning:
#   Section '.ignored' is unknown. Section ignored.
### mwldeppc.exe Linker Warning:
#   Section '.ignored' is unknown. Section ignored.
### mwldeppc.exe Linker Warning:
#   Section '.ignored' is unknown. Section ignored.
### mwldeppc.exe Linker Warning:
#   Section '.ignored' is unknown. Section ignored.
### mwldeppc.exe Linker Warning:
#   Section '.ignored' is unknown. Section ignored.
### mwldeppc.exe Linker Warning:
#   Section '.ignored' is unknown. Section ignored.
### mwldeppc.exe Linker Warning:
#   Section '.ignored' is unknown. Section ignored.
### mwldeppc.exe Linker Warning:
#   Section '.ignored' is unknown. Section ignored.
### mwldeppc.exe Linker Warning:
#   Section '.ignored' is unknown. Section ignored.
### mwldeppc.exe Linker Warning:
#   Section '.ignored' is unknown. Section ignored.
### mwldeppc.exe Linker Warning:
#   Section '.ignored' is unknown. Section ignored.
### mwldeppc.exe Linker Warning:
#   Section '.ignored' is unknown. Section ignored.
### mwldeppc.exe Linker Warning:
#   Section '.ignored' is unknown. Section ignored.
### mwldeppc.exe Linker Warning:
#   Section '.ignored' is unknown. Section ignored.
### mwldeppc.exe Linker Warning:
#   Section '.ignored' is unknown. Section ignored.
### mwldeppc.exe Linker Warning:
#   Section '.ignored' is unknown. Section ignored.
### mwldeppc.exe Linker Warning:
#   Section '.ignored' is unknown. Section ignored.
### mwldeppc.exe Linker Warning:
#   Section '.ignored' is unknown. Section ignored.
### mwldeppc.exe Linker Warning:
#   Section '.ignored' is unknown. Section ignored.
### mwldeppc.exe Linker Warning:
#   Section '.ignored' is unknown. Section ignored.
### mwldeppc.exe Linker Warning:
#   Section '.ignored' is unknown. Section ignored.
### mwldeppc.exe Linker Warning:
#   Section '.ignored' is unknown. Section ignored.
### mwldeppc.exe Linker Warning:
#   Section '.ignored' is unknown. Section ignored.
### mwldeppc.exe Linker Warning:
#   Section '.ignored' is unknown. Section ignored.
### mwldeppc.exe Linker Warning:
#   Section '.ignored' is unknown. Section ignored.
### mwldeppc.exe Linker Warning:
#   Section '.ignored' is unknown. Section ignored.
### mwldeppc.exe Linker Warning:
#   Section '.ignored' is unknown. Section ignored.
### mwldeppc.exe Linker Warning:
#   Section '.ignored' is unknown. Section ignored.
### mwldeppc.exe Linker Warning:
#   Section '.ignored' is unknown. Section ignored.
### mwldeppc.exe Linker Warning:
#   Section '.ignored' is unknown. Section ignored.
### mwldeppc.exe Linker Warning:
#   Section '.ignored' is unknown. Section ignored.
### mwldeppc.exe Linker Warning:
#   Section '.ignored' is unknown. Section ignored.
### mwldeppc.exe Linker Warning:
#   Section '.ignored' is unknown. Section ignored.
### mwldeppc.exe Linker Warning:
#   Section '.ignored' is unknown. Section ignored.
### mwldeppc.exe Linker Warning:
#   Section '.ignored' is unknown. Section ignored.
### mwldeppc.exe Linker Warning:
#   Section '.ignored' is unknown. Section ignored.
### mwldeppc.exe Linker Warning:
#   Section '.ignored' is unknown. Section ignored.
### mwldeppc.exe Linker Warning:
#   Section '.ignored' is unknown. Section ignored.
### mwldeppc.exe Linker Warning:
#   Section '.ignored' is unknown. Section ignored.
### mwldeppc.exe Linker Warning:
#   Section '.ignored' is unknown. Section ignored.
### mwldeppc.exe Linker Warning:
#   Section '.ignored' is unknown. Section ignored.
### mwldeppc.exe Linker Warning:
#   Section '.ignored' is unknown. Section ignored.
### mwldeppc.exe Linker Warning:
#   Section '.ignored' is unknown. Section ignored.
### mwldeppc.exe Linker Warning:
#   Section '.ignored' is unknown. Section ignored.
### mwldeppc.exe Linker Warning:
#   Section '.ignored' is unknown. Section ignored.
### mwldeppc.exe Linker Warning:
#   Section '.ignored' is unknown. Section ignored.
### mwldeppc.exe Linker Warning:
#   Section '.ignored' is unknown. Section ignored.
### mwldeppc.exe Linker Warning:
#   Section '.ignored' is unknown. Section ignored.
### mwldeppc.exe Linker Warning:
#   Section '.ignored' is unknown. Section ignored.
### mwldeppc.exe Linker Warning:
#   Section '.ignored' is unknown. Section ignored.
### mwldeppc.exe Linker Warning:
#   Section '.ignored' is unknown. Section ignored.
### mwldeppc.exe Linker Warning:
#   Section '.ignored' is unknown. Section ignored.
### mwldeppc.exe Linker Warning:
#   Section '.ignored' is unknown. Section ignored.
### mwldeppc.exe Linker Warning:
#   Section '.ignored' is unknown. Section ignored.
### mwldeppc.exe Linker Warning:
#   Section '.ignored' is unknown. Section ignored.
### mwldeppc.exe Linker Warning:
#   Section '.ignored' is unknown. Section ignored.
### mwldeppc.exe Linker Warning:
#   Section '.ignored' is unknown. Section ignored.
### mwldeppc.exe Linker Warning:
#   Section '.ignored' is unknown. Section ignored.
### mwldeppc.exe Linker Warning:
#   Section '.ignored' is unknown. Section ignored.
### mwldeppc.exe Linker Warning:
#   Section '.ignored' is unknown. Section ignored.
### mwldeppc.exe Linker Warning:
#   Section '.ignored' is unknown. Section ignored.
### mwldeppc.exe Linker Warning:
#   Section '.ignored' is unknown. Section ignored.
### mwldeppc.exe Linker Warning:
#   Section '.ignored' is unknown. Section ignored.
### mwldeppc.exe Linker Warning:
#   Section '.ignored' is unknown. Section ignored.
### mwldeppc.exe Linker Warning:
#   Section '.ignored' is unknown. Section ignored.
### mwldeppc.exe Linker Warning:
#   Section '.ignored' is unknown. Section ignored.
### mwldeppc.exe Linker Warning:
#   Section '.ignored' is unknown. Section ignored.
### mwldeppc.exe Linker Warning:
#   Section '.ignored' is unknown. Section ignored.
### mwldeppc.exe Linker Warning:
#   Section '.ignored' is unknown. Section ignored.
### mwldeppc.exe Linker Warning:
#   Section '.ignored' is unknown. Section ignored.
### mwldeppc.exe Linker Warning:
#   Section '.ignored' is unknown. Section ignored.
### mwldeppc.exe Linker Warning:
#   Section '.ignored' is unknown. Section ignored.
### mwldeppc.exe Linker Warning:
#   Section '.ignored' is unknown. Section ignored.
### mwldeppc.exe Linker Warning:
#   Section '.ignored' is unknown. Section ignored.
### mwldeppc.exe Linker Warning:
#   Section '.ignored' is unknown. Section ignored.
### mwldeppc.exe Linker Warning:
#   Section '.ignored' is unknown. Section ignored.
### mwldeppc.exe Linker Warning:
#   Section '.ignored' is unknown. Section ignored.
### mwldeppc.exe Linker Warning:
#   Section '.ignored' is unknown. Section ignored.
### mwldeppc.exe Linker Warning:
#   Section '.ignored' is unknown. Section ignored.
### mwldeppc.exe Linker Warning:
#   Section '.ignored' is unknown. Section ignored.
### mwldeppc.exe Linker Warning:
#   Section '.ignored' is unknown. Section ignored.
### mwldeppc.exe Linker Warning:
#   Section '.ignored' is unknown. Section ignored.
### mwldeppc.exe Linker Warning:
#   Section '.ignored' is unknown. Section ignored.
### mwldeppc.exe Linker Warning:
#   Section '.ignored' is unknown. Section ignored.
### mwldeppc.exe Linker Warning:
#   Section '.ignored' is unknown. Section ignored.
### mwldeppc.exe Linker Warning:
#   Section '.ignored' is unknown. Section ignored.
### mwldeppc.exe Linker Warning:
#   Section '.ignored' is unknown. Section ignored.
### mwldeppc.exe Linker Warning:
#   Section '.ignored' is unknown. Section ignored.
### mwldeppc.exe Linker Warning:
#   Section '.ignored' is unknown. Section ignored.
### mwldeppc.exe Linker Warning:
#   Section '.ignored' is unknown. Section ignored.
### mwldeppc.exe Linker Warning:
#   Section '.ignored' is unknown. Section ignored.
### mwldeppc.exe Linker Warning:
#   Section '.ignored' is unknown. Section ignored.
### mwldeppc.exe Linker Warning:
#   Section '.ignored' is unknown. Section ignored.
### mwldeppc.exe Linker Warning:
#   Section '.ignored' is unknown. Section ignored.
### mwldeppc.exe Linker Warning:
#   Section '.ignored' is unknown. Section ignored.
### mwldeppc.exe Linker Warning:
#   Section '.ignored' is unknown. Section ignored.
### mwldeppc.exe Linker Warning:
#   Section '.ignored' is unknown. Section ignored.
### mwldeppc.exe Linker Warning:
#   Section '.ignored' is unknown. Section ignored.
### mwldeppc.exe Linker Warning:
#   Section '.ignored' is unknown. Section ignored.
### mwldeppc.exe Linker Warning:
#   Section '.ignored' is unknown. Section ignored.
### mwldeppc.exe Linker Warning:
#   Section '.ignored' is unknown. Section ignored.
### mwldeppc.exe Linker Warning:
#   Section '.ignored' is unknown. Section ignored.
### mwldeppc.exe Linker Warning:
#   Section '.ignored' is unknown. Section ignored.
### mwldeppc.exe Linker Warning:
#   Section '.ignored' is unknown. Section ignored.
### mwldeppc.exe Linker Warning:
#   Section '.ignored' is unknown. Section ignored.
### mwldeppc.exe Linker Warning:
#   Section '.ignored' is unknown. Section ignored.
### mwldeppc.exe Linker Warning:
#   Section '.ignored' is unknown. Section ignored.
### mwldeppc.exe Linker Warning:
#   Section '.ignored' is unknown. Section ignored.
### mwldeppc.exe Linker Warning:
#   Section '.ignored' is unknown. Section ignored.
### mwldeppc.exe Linker Warning:
#   Section '.ignored' is unknown. Section ignored.
### mwldeppc.exe Linker Warning:
#   Section '.ignored' is unknown. Section ignored.
### mwldeppc.exe Linker Warning:
#   Section '.ignored' is unknown. Section ignored.
### mwldeppc.exe Linker Warning:
#   Section '.ignored' is unknown. Section ignored.
### mwldeppc.exe Linker Warning:
#   Section '.ignored' is unknown. Section ignored.
### mwldeppc.exe Linker Warning:
#   Section '.ignored' is unknown. Section ignored.
### mwldeppc.exe Linker Warning:
#   Section '.ignored' is unknown. Section ignored.
### mwldeppc.exe Linker Warning:
#   Section '.ignored' is unknown. Section ignored.
### mwldeppc.exe Linker Warning:
#   Section '.ignored' is unknown. Section ignored.
### mwldeppc.exe Linker Warning:
#   Section '.ignored' is unknown. Section ignored.
### mwldeppc.exe Linker Warning:
#   Section '.ignored' is unknown. Section ignored.
[885/887] DOL build/GEDE01/main.dol
[886/887] CHECK config/GEDE01/build.sha1
build/GEDE01/main.dol: OK
[887/887] PROGRESS
Progress:
  All: 58.12% fuzzy, 47.60% matched, 47.57% linked (6266 / 7068 files)
    Code: 1095196 / 2300692 bytes (6032 / 8214 functions)
    Data: 39594 / 4305642 bytes (0.92%)
  Game Code: 93.62% fuzzy, 76.64% matched, 76.59% linked (6248 / 6633 files)
    Code: 1092168 / 1425104 bytes (5970 / 6354 functions)
    Data: 39370 / 40426 bytes (97.39%)
  SDK/Runtime: 100.00% fuzzy, 100.00% matched, 100.00% linked (18 / 18 files)
    Code: 3028 / 3028 bytes (62 / 62 functions)
    Data: 224 / 224 bytes (100.00%)
