[1/870] MWCC build/GEDE01/src/game/game_fn_80008014.o
[2/870] MWCC build/GEDE01/src/game/game_fn_800094C0.o
[3/870] MWCC build/GEDE01/src/game/game_fn_800096E0.o
[4/870] MWCC build/GEDE01/src/game/game_fn_800098C0.o
[5/870] MWCC build/GEDE01/src/game/game_fn_800099D8.o
[6/870] MWCC build/GEDE01/src/game/game_fn_80009AB4.o
[7/870] MWCC build/GEDE01/src/game/game_fn_8000A26C.o
[8/870] MWCC build/GEDE01/src/game/game_fn_8000AC88.o
[9/870] MWCC build/GEDE01/src/game/game_fn_8000AEB4.o
[10/870] MWCC build/GEDE01/src/game/game_fn_8000AFB4.o
[11/870] MWCC build/GEDE01/src/game/game_fn_8000B1B8.o
[12/870] MWCC build/GEDE01/src/game/game_fn_8000B36C.o
[13/870] MWCC build/GEDE01/src/game/game_fn_8000B630.o
[14/870] MWCC build/GEDE01/src/game/game_fn_8000B7FC.o
[15/870] MWCC build/GEDE01/src/game/game_fn_8000B900.o
[16/870] MWCC build/GEDE01/src/game/game_fn_8000BA0C.o
[17/870] MWCC build/GEDE01/src/game/game_fn_8000BAA0.o
[18/870] MWCC build/GEDE01/src/game/game_fn_8000BC40.o
[19/870] MWCC build/GEDE01/src/game/game_fn_8000C06C.o
[20/870] MWCC build/GEDE01/src/game/game_fn_8000C17C.o
[21/870] MWCC build/GEDE01/src/game/game_fn_8000C400.o
[22/870] MWCC build/GEDE01/src/game/game_fn_8000C848.o
[23/870] MWCC build/GEDE01/src/game/game_fn_8000C91C.o
[24/870] MWCC build/GEDE01/src/game/game_fn_8000D0BC.o
[25/870] MWCC build/GEDE01/src/game/game_fn_8000D3D4.o
[26/870] MWCC build/GEDE01/src/game/game_fn_8000D8A4.o
[27/870] MWCC build/GEDE01/src/game/game_fn_8000D590.o
[28/870] MWCC build/GEDE01/src/game/game_fn_8000DA50.o
[29/870] MWCC build/GEDE01/src/game/game_fn_8000DAF4.o
[30/870] MWCC build/GEDE01/src/game/game_fn_8000E0AC.o
[31/870] MWCC build/GEDE01/src/game/game_fn_8000E054.o
[32/870] MWCC build/GEDE01/src/game/game_fn_8000E138.o
[33/870] MWCC build/GEDE01/src/game/game_fn_8000E1C4.o
[34/870] MWCC build/GEDE01/src/game/game_fn_8000E96C.o
[35/870] MWCC build/GEDE01/src/game/game_fn_8000EB14.o
[36/870] MWCC build/GEDE01/src/game/game_fn_8000ED44.o
[37/870] MWCC build/GEDE01/src/game/game_fn_8000EBD4.o
[38/870] MWCC build/GEDE01/src/game/game_fn_8000EFC4.o
[39/870] MWCC build/GEDE01/src/game/game_fn_8000F4B0.o
[40/870] MWCC build/GEDE01/src/game/game_fn_8000FDE8.o
[41/870] MWCC build/GEDE01/src/game/game_fn_8000F774.o
[42/870] MWCC build/GEDE01/src/game/game_fn_8000FFD8.o
[43/870] MWCC build/GEDE01/src/game/game_fn_800119FC.o
[44/870] MWCC build/GEDE01/src/game/game_fn_80012DA8.o
[45/870] MWCC build/GEDE01/src/game/game_fn_80012F40.o
[46/870] MWCC build/GEDE01/src/game/game_fn_80012FD0.o
[47/870] MWCC build/GEDE01/src/game/game_fn_800131E8.o
[48/870] MWCC build/GEDE01/src/game/game_fn_80013340.o
[49/870] MWCC build/GEDE01/src/game/game_fn_80013870.o
[50/870] MWCC build/GEDE01/src/game/game_fn_80013CB0.o
[51/870] MWCC build/GEDE01/src/game/game_fn_80013D54.o
[52/870] MWCC build/GEDE01/src/game/game_fn_800144CC.o
[53/870] MWCC build/GEDE01/src/game/game_fn_800142DC.o
[54/870] MWCC build/GEDE01/src/game/game_fn_80014784.o
[55/870] MWCC build/GEDE01/src/game/game_fn_800149D4.o
[56/870] MWCC build/GEDE01/src/game/game_fn_80015058.o
[57/870] MWCC build/GEDE01/src/game/game_fn_80015320.o
[58/870] MWCC build/GEDE01/src/game/game_fn_80015568.o
[59/870] MWCC build/GEDE01/src/game/game_fn_800156FC.o
[60/870] MWCC build/GEDE01/src/game/game_fn_80015BE0.o
[61/870] MWCC build/GEDE01/src/game/game_fn_80015D40.o
[62/870] MWCC build/GEDE01/src/game/game_fn_80016128.o
[63/870] MWCC build/GEDE01/src/game/game_fn_80015F04.o
[64/870] MWCC build/GEDE01/src/game/game_fn_80016904.o
[65/870] MWCC build/GEDE01/src/game/game_fn_80016270.o
[66/870] MWCC build/GEDE01/src/game/game_fn_80016B24.o
[67/870] MWCC build/GEDE01/src/game/game_fn_800171C0.o
[68/870] MWCC build/GEDE01/src/game/game_fn_800173CC.o
[69/870] MWCC build/GEDE01/src/game/game_fn_800176F0.o
[70/870] MWCC build/GEDE01/src/game/game_fn_80017910.o
[71/870] MWCC build/GEDE01/src/game/game_fn_800179AC.o
[72/870] MWCC build/GEDE01/src/game/game_fn_80017A3C.o
[73/870] MWCC build/GEDE01/src/game/game_fn_80017AE4.o
[74/870] MWCC build/GEDE01/src/game/game_fn_80017C3C.o
[75/870] MWCC build/GEDE01/src/game/game_fn_80017CC8.o
[76/870] MWCC build/GEDE01/src/game/game_fn_80017DB0.o
[77/870] MWCC build/GEDE01/src/game/game_fn_80018EF4.o
[78/870] MWCC build/GEDE01/src/game/game_fn_80019054.o
[79/870] MWCC build/GEDE01/src/game/game_fn_80019244.o
[80/870] MWCC build/GEDE01/src/game/game_fn_80019940.o
[81/870] MWCC build/GEDE01/src/game/game_fn_800194D0.o
[82/870] MWCC build/GEDE01/src/game/game_fn_80019C10.o
[83/870] MWCC build/GEDE01/src/game/game_fn_80019D2C.o
[84/870] MWCC build/GEDE01/src/game/game_fn_80019F98.o
[85/870] MWCC build/GEDE01/src/game/game_fn_8001A6C4.o
[86/870] MWCC build/GEDE01/src/game/game_fn_8001AAB8.o
[87/870] MWCC build/GEDE01/src/game/game_fn_8001ADF8.o
[88/870] MWCC build/GEDE01/src/game/game_fn_8001AF68.o
[89/870] MWCC build/GEDE01/src/game/game_fn_8001B124.o
[90/870] MWCC build/GEDE01/src/game/game_fn_8001B294.o
[91/870] MWCC build/GEDE01/src/game/game_fn_8001B808.o
[92/870] MWCC build/GEDE01/src/game/game_fn_8001B874.o
[93/870] MWCC build/GEDE01/src/game/game_fn_8001C078.o
[94/870] MWCC build/GEDE01/src/game/game_fn_8001CA04.o
[95/870] MWCC build/GEDE01/src/game/game_fn_8001CD58.o
[96/870] MWCC build/GEDE01/src/game/game_fn_8001CE94.o
[97/870] MWCC build/GEDE01/src/game/game_fn_8001E644.o
[98/870] MWCC build/GEDE01/src/game/game_fn_8001FE1C.o
[99/870] MWCC build/GEDE01/src/game/game_fn_80020E94.o
[100/870] MWCC build/GEDE01/src/game/game_fn_800272B4.o
[101/870] MWCC build/GEDE01/src/game/game_fn_80024F28.o
[102/870] MWCC build/GEDE01/src/game/game_fn_8002B748.o
[103/870] MWCC build/GEDE01/src/game/game_fn_8002DAE0.o
[104/870] MWCC build/GEDE01/src/game/game_fn_8002E3F0.o
[105/870] MWCC build/GEDE01/src/game/game_fn_8002EA68.o
[106/870] MWCC build/GEDE01/src/game/game_fn_8002F428.o
[107/870] MWCC build/GEDE01/src/game/game_fn_80031544.o
[108/870] MWCC build/GEDE01/src/game/game_fn_8003232C.o
[109/870] MWCC build/GEDE01/src/game/game_fn_80032B84.o
[110/870] MWCC build/GEDE01/src/game/game_fn_80033038.o
[111/870] MWCC build/GEDE01/src/game/game_fn_80033180.o
[112/870] MWCC build/GEDE01/src/game/game_fn_800359A0.o
[113/870] MWCC build/GEDE01/src/game/game_fn_800361F8.o
[114/870] MWCC build/GEDE01/src/game/game_fn_80038878.o
[115/870] MWCC build/GEDE01/src/game/game_fn_80036C40.o
[116/870] MWCC build/GEDE01/src/game/game_fn_80048B24.o
[117/870] MWCC build/GEDE01/src/game/game_fn_80048ADC.o
[118/870] MWCC build/GEDE01/src/game/game_fn_80052310.o
[119/870] MWCC build/GEDE01/src/game/game_fn_8004998C.o
[120/870] MWCC build/GEDE01/src/game/game_fn_800542D0.o
[121/870] MWCC build/GEDE01/src/game/game_fn_8005EC6C.o
[122/870] MWCC build/GEDE01/src/game/game_fn_8005EE9C.o
[123/870] MWCC build/GEDE01/src/game/game_data_80239E10.o
[124/870] MWCC build/GEDE01/src/game/game_data_80239E18.o
[125/870] MWCC build/GEDE01/src/game/game_fn_8005FD84.o
[126/870] MWCC build/GEDE01/src/game/game_fn_80066888.o
[127/870] MWCC build/GEDE01/src/game/game_fn_8006B0F0.o
[128/870] MWCC build/GEDE01/src/game/game_fn_8006B620.o
[129/870] MWCC build/GEDE01/src/game/game_fn_8006E53C.o
[130/870] MWCC build/GEDE01/src/game/game_fn_80071A58.o
[131/870] MWCC build/GEDE01/src/game/game_fn_80074310.o
[132/870] MWCC build/GEDE01/src/game/game_fn_80078500.o
[133/870] MWCC build/GEDE01/src/game/game_fn_80079AA4.o
[134/870] MWCC build/GEDE01/src/game/game_fn_80079908.o
[135/870] MWCC build/GEDE01/src/game/game_fn_8007B2F4.o
[136/870] MWCC build/GEDE01/src/game/game_fn_8007B540.o
[137/870] MWCC build/GEDE01/src/game/game_fn_8007B640.o
[138/870] MWCC build/GEDE01/src/game/game_fn_8007B828.o
[139/870] MWCC build/GEDE01/src/game/game_fn_8007BA3C.o
[140/870] MWCC build/GEDE01/src/game/game_fn_8007D4D8.o
[141/870] MWCC build/GEDE01/src/game/game_fn_8007F770.o
[142/870] MWCC build/GEDE01/src/game/game_fn_800886D8.o
[143/870] MWCC build/GEDE01/src/game/game_fn_80088F4C.o
[144/870] MWCC build/GEDE01/src/game/game_fn_8008A2E0.o
[145/870] MWCC build/GEDE01/src/game/game_fn_8008F224.o
[146/870] MWCC build/GEDE01/src/game/game_fn_8008F890.o
[147/870] MWCC build/GEDE01/src/game/game_fn_80090004.o
[148/870] MWCC build/GEDE01/src/game/game_fn_800934A0.o
[149/870] MWCC build/GEDE01/src/game/game_fn_80095D10.o
[150/870] MWCC build/GEDE01/src/game/game_fn_80095FDC.o
[151/870] MWCC build/GEDE01/src/game/game_fn_80096830.o
[152/870] MWCC build/GEDE01/src/game/game_fn_8009C424.o
[153/870] MWCC build/GEDE01/src/game/game_fn_8009E808.o
[154/870] MWCC build/GEDE01/src/game/game_fn_800A2130.o
[155/870] MWCC build/GEDE01/src/game/game_fn_800A2FCC.o
[156/870] MWCC build/GEDE01/src/game/game_fn_800A3180.o
[157/870] MWCC build/GEDE01/src/game/game_fn_800A3894.o
[158/870] MWCC build/GEDE01/src/game/game_fn_800A4428.o
[159/870] MWCC build/GEDE01/src/game/game_fn_800A4798.o
[160/870] MWCC build/GEDE01/src/game/game_fn_800A7E88.o
[161/870] MWCC build/GEDE01/src/game/game_fn_800AF230.o
[162/870] MWCC build/GEDE01/src/game/game_fn_800BB5C4.o
[163/870] MWCC build/GEDE01/src/game/game_fn_800BB7A8.o
[164/870] MWCC build/GEDE01/src/game/game_fn_800BB9A4.o
[165/870] MWCC build/GEDE01/src/game/game_fn_800BBAF0.o
[166/870] MWCC build/GEDE01/src/game/game_fn_800C17EC.o
[167/870] MWCC build/GEDE01/src/game/game_fn_800C59F0.o
[168/870] MWCC build/GEDE01/src/game/game_fn_800C644C.o
[169/870] MWCC build/GEDE01/src/game/game_fn_800C65FC.o
[170/870] MWCC build/GEDE01/src/game/game_fn_800C9C60.o
[171/870] MWCC build/GEDE01/src/game/game_fn_800CB760.o
[172/870] MWCC build/GEDE01/src/game/game_fn_800CB8F4.o
[173/870] MWCC build/GEDE01/src/game/game_fn_800CF598.o
[174/870] MWCC build/GEDE01/src/game/game_fn_800D9E10.o
[175/870] MWCC build/GEDE01/src/game/game_fn_800E4980.o
[176/870] MWCC build/GEDE01/src/game/game_TRKNubWelcome.o
[177/870] MWCC build/GEDE01/src/game/game_TRK_main.o
[178/870] MWCC build/GEDE01/src/game/game_InitMetroTRKCommTable.o
[179/870] MWCC build/GEDE01/src/game/game_fn_8010242C.o
[180/870] MWCC build/GEDE01/src/game/game_fn_800FD0C8.o
[181/870] MWCC build/GEDE01/src/game/game_fn_801098C0.o
[182/870] MWCC build/GEDE01/src/game/game_fn_8010F184.o
[183/870] MWCC build/GEDE01/src/game/game_fn_801126E0.o
[184/870] MWCC build/GEDE01/src/game/game_fn_801128E4.o
[185/870] MWCC build/GEDE01/src/game/game_fn_8011F140.o
[186/870] MWCC build/GEDE01/src/game/game_fn_801141B8.o
[187/870] MWCC build/GEDE01/src/game/game_fn_801247F8.o
[188/870] MWCC build/GEDE01/src/game/game_fn_80126A00.o
[189/870] MWCC build/GEDE01/src/game/game_fn_8012976C.o
[190/870] MWCC build/GEDE01/src/game/game_fn_8012DB28.o
[191/870] MWCC build/GEDE01/src/game/game_fn_8013CBE4.o
[192/870] MWCC build/GEDE01/src/game/game_fn_8013D6A4.o
[193/870] MWCC build/GEDE01/src/game/game_fn_8013DB8C.o
[194/870] MWCC build/GEDE01/src/game/game_fn_8014549C.o
[195/870] MWCC build/GEDE01/src/game/game_fn_8014AF38.o
[196/870] MWCC build/GEDE01/src/game/game_fn_8014B494.o
[197/870] MWCC build/GEDE01/src/game/game_fn_8014CA98.o
[198/870] MWCC build/GEDE01/src/game/game_fn_801535D8.o
[199/870] MWCC build/GEDE01/src/game/game_fn_80153898.o
[200/870] MWCC build/GEDE01/src/game/game_fn_80153A24.o
[201/870] MWCC build/GEDE01/src/game/game_fn_80155814.o
[202/870] MWCC build/GEDE01/src/game/game_fn_80157C0C.o
[203/870] MWCC build/GEDE01/src/game/game_fn_80158B20.o
[204/870] MWCC build/GEDE01/src/game/game_fn_80158D38.o
[205/870] MWCC build/GEDE01/src/game/game_fn_8015DC54.o
[206/870] MWCC build/GEDE01/src/game/game_fn_8015EDC0.o
[207/870] MWCC build/GEDE01/src/game/game_fn_80167454.o
[208/870] MWCC build/GEDE01/src/game/game_fn_80167B5C.o
[209/870] MWCC build/GEDE01/src/game/game_fn_80169650.o
[210/870] MWCC build/GEDE01/src/game/game_fn_8016BD0C.o
[211/870] MWCC build/GEDE01/src/game/game_fn_8016BE1C.o
[212/870] MWCC build/GEDE01/src/game/game_fn_8016BF60.o
[213/870] MWCC build/GEDE01/src/game/game_fn_8016C0BC.o
[214/870] MWCC build/GEDE01/src/game/game_fn_8016C164.o
[215/870] MWCC build/GEDE01/src/game/game_fn_8016C238.o
[216/870] MWCC build/GEDE01/src/game/game_fn_8016C4BC.o
[217/870] MWCC build/GEDE01/src/game/game_fn_8016C774.o
[218/870] MWCC build/GEDE01/src/game/game_fn_8016D040.o
[219/870] MWCC build/GEDE01/src/game/game_fn_8016D1F8.o
[220/870] MWCC build/GEDE01/src/game/game_fn_8016D2B8.o
[221/870] MWCC build/GEDE01/src/game/game_fn_8016D9C0.o
[222/870] MWCC build/GEDE01/src/game/game_fn_8016DF4C.o
[223/870] MWCC build/GEDE01/src/game/game_fn_8016E8F8.o
[224/870] MWCC build/GEDE01/src/game/game_fn_8016FEF8.o
[225/870] MWCC build/GEDE01/src/game/game_fn_8017038C.o
[226/870] MWCC build/GEDE01/src/game/game_fn_801704F8.o
[227/870] MWCC build/GEDE01/src/game/game_fn_801706DC.o
[228/870] MWCC build/GEDE01/src/game/game_fn_80170A40.o
[229/870] MWCC build/GEDE01/src/game/game_fn_80170DF4.o
[230/870] MWCC build/GEDE01/src/game/game_fn_80170E9C.o
[231/870] MWCC build/GEDE01/src/game/game_fn_8017138C.o
[232/870] MWCC build/GEDE01/src/game/game_fn_80171664.o
[233/870] MWCC build/GEDE01/src/game/game_fn_801718F4.o
[234/870] MWCC build/GEDE01/src/game/game_fn_801719B4.o
[235/870] MWCC build/GEDE01/src/game/game_fn_80171F30.o
[236/870] MWCC build/GEDE01/src/game/game_fn_8017250C.o
[237/870] MWCC build/GEDE01/src/game/game_fn_801726EC.o
[238/870] MWCC build/GEDE01/src/game/game_fn_80172C78.o
[239/870] MWCC build/GEDE01/src/game/game_fn_80172BB0.o
[240/870] MWCC build/GEDE01/src/game/game_fn_80172DB8.o
[241/870] MWCC build/GEDE01/src/game/game_fn_80173270.o
[242/870] MWCC build/GEDE01/src/game/game_fn_801734B4.o
[243/870] MWCC build/GEDE01/src/game/game_fn_80173770.o
[244/870] MWCC build/GEDE01/src/game/game_fn_80173F04.o
[245/870] MWCC build/GEDE01/src/game/game_fn_80173D44.o
[246/870] MWCC build/GEDE01/src/game/game_fn_80174358.o
[247/870] MWCC build/GEDE01/src/game/game_fn_80174184.o
[248/870] MWCC build/GEDE01/src/game/game_fn_8017553C.o
[249/870] MWCC build/GEDE01/src/game/game_fn_80174F2C.o
[250/870] MWCC build/GEDE01/src/game/game_fn_80175E64.o
[251/870] MWCC build/GEDE01/src/game/game_fn_80175F0C.o
[252/870] MWCC build/GEDE01/src/game/game_fn_80175FD4.o
[253/870] MWCC build/GEDE01/src/game/game_fn_80176098.o
[254/870] MWCC build/GEDE01/src/game/game_fn_80176160.o
[255/870] MWCC build/GEDE01/src/game/game_fn_80176220.o
[256/870] MWCC build/GEDE01/src/game/game_fn_801762E8.o
[257/870] MWCC build/GEDE01/src/game/game_fn_8017652C.o
[258/870] MWCC build/GEDE01/src/game/game_fn_80176DF4.o
[259/870] MWCC build/GEDE01/src/game/game_fn_80176FA0.o
[260/870] MWCC build/GEDE01/src/game/game_fn_801770F8.o
[261/870] MWCC build/GEDE01/src/game/game_fn_8017718C.o
[262/870] MWCC build/GEDE01/src/game/game_fn_80178F88.o
[263/870] MWCC build/GEDE01/src/game/game_fn_80177434.o
[264/870] MWCC build/GEDE01/src/game/game_fn_80179398.o
[265/870] MWCC build/GEDE01/src/game/game_fn_8017960C.o
[266/870] MWCC build/GEDE01/src/game/game_fn_8017974C.o
[267/870] MWCC build/GEDE01/src/game/game_fn_80179904.o
[268/870] MWCC build/GEDE01/src/game/game_fn_80179A18.o
[269/870] MWCC build/GEDE01/src/game/game_fn_80179A74.o
[270/870] MWCC build/GEDE01/src/game/game_fn_80179EB8.o
[271/870] MWCC build/GEDE01/src/game/game_fn_80179F20.o
[272/870] MWCC build/GEDE01/src/game/game_fn_8017A010.o
[273/870] MWCC build/GEDE01/src/game/game_fn_8017A12C.o
[274/870] MWCC build/GEDE01/src/game/game_fn_8017A1C0.o
[275/870] MWCC build/GEDE01/src/game/game_fn_8017A9B8.o
[276/870] MWCC build/GEDE01/src/game/game_fn_8017AC20.o
[277/870] MWCC build/GEDE01/src/game/game_fn_8017E850.o
[278/870] MWCC build/GEDE01/src/game/game_fn_8017E958.o
[279/870] MWCC build/GEDE01/src/game/game_fn_80180DDC.o
[280/870] MWCC build/GEDE01/src/game/game_fn_801810A0.o
[281/870] MWCC build/GEDE01/src/game/game_fn_801816D4.o
[282/870] MWCC build/GEDE01/src/game/game_fn_801859FC.o
[283/870] MWCC build/GEDE01/src/game/game_fn_80185AE8.o
[284/870] MWCC build/GEDE01/src/game/game_fn_80185F10.o
[285/870] MWCC build/GEDE01/src/game/game_fn_801865EC.o
[286/870] MWCC build/GEDE01/src/game/game_fn_8018680C.o
[287/870] MWCC build/GEDE01/src/game/game_fn_80186E10.o
[288/870] MWCC build/GEDE01/src/game/game_fn_80186F70.o
[289/870] MWCC build/GEDE01/src/game/game_fn_80187120.o
[290/870] MWCC build/GEDE01/src/game/game_fn_80187320.o
[291/870] MWCC build/GEDE01/src/game/game_fn_801875FC.o
[292/870] MWCC build/GEDE01/src/game/game_fn_801878E0.o
[293/870] MWCC build/GEDE01/src/game/game_fn_80187BB4.o
[294/870] MWCC build/GEDE01/src/game/game_fn_80188A7C.o
[295/870] MWCC build/GEDE01/src/game/game_fn_80188B44.o
[296/870] MWCC build/GEDE01/src/game/game_fn_80188C1C.o
[297/870] MWCC build/GEDE01/src/game/game_fn_80188E28.o
[298/870] MWCC build/GEDE01/src/game/game_fn_80189028.o
[299/870] MWCC build/GEDE01/src/game/game_fn_801891D8.o
[300/870] MWCC build/GEDE01/src/game/game_fn_80189390.o
[301/870] MWCC build/GEDE01/src/game/game_fn_801895E8.o
[302/870] MWCC build/GEDE01/src/game/game_fn_801896A0.o
[303/870] MWCC build/GEDE01/src/game/game_fn_80189760.o
[304/870] MWCC build/GEDE01/src/game/game_fn_80189968.o
[305/870] MWCC build/GEDE01/src/game/game_fn_8018D1F0.o
[306/870] MWCC build/GEDE01/src/game/game_fn_8018D2E0.o
[307/870] MWCC build/GEDE01/src/game/game_fn_8018D400.o
[308/870] MWCC build/GEDE01/src/game/game_fn_8018D688.o
[309/870] MWCC build/GEDE01/src/game/game_fn_8018E0D8.o
[310/870] MWCC build/GEDE01/src/game/game_fn_8018F1D0.o
[311/870] MWCC build/GEDE01/src/game/game_fn_8018F81C.o
[312/870] MWCC build/GEDE01/src/game/game_fn_8018FEDC.o
[313/870] MWCC build/GEDE01/src/game/game_fn_8019120C.o
[314/870] MWCC build/GEDE01/src/game/game_fn_80191360.o
[315/870] MWCC build/GEDE01/src/game/game_fn_801916D0.o
[316/870] MWCC build/GEDE01/src/game/game_fn_8019197C.o
[317/870] MWCC build/GEDE01/src/game/game_fn_80191F58.o
[318/870] MWCC build/GEDE01/src/game/game_fn_801926EC.o
[319/870] MWCC build/GEDE01/src/game/game_fn_801929A4.o
[320/870] MWCC build/GEDE01/src/game/game_fn_80192F54.o
[321/870] MWCC build/GEDE01/src/game/game_fn_80193E1C.o
[322/870] MWCC build/GEDE01/src/game/game_fn_801931C4.o
[323/870] MWCC build/GEDE01/src/game/game_fn_80193F3C.o
[324/870] MWCC build/GEDE01/src/game/game_fn_80194F80.o
[325/870] MWCC build/GEDE01/src/game/game_fn_80197910.o
[326/870] MWCC build/GEDE01/src/game/game_fn_80198154.o
[327/870] MWCC build/GEDE01/src/game/game_fn_80198AAC.o
[328/870] MWCC build/GEDE01/src/game/game_fn_80198BF4.o
[329/870] MWCC build/GEDE01/src/game/game_fn_801991E0.o
[330/870] MWCC build/GEDE01/src/game/game_fn_8019B1BC.o
[331/870] MWCC build/GEDE01/src/game/game_fn_8019CC28.o
[332/870] MWCC build/GEDE01/src/game/game_fn_8019CFC4.o
[333/870] MWCC build/GEDE01/src/game/game_fn_8019E5E4.o
[334/870] MWCC build/GEDE01/src/game/game_fn_8019E8C8.o
[335/870] MWCC build/GEDE01/src/game/game_fn_801A1F18.o
[336/870] MWCC build/GEDE01/src/game/game_fn_801A2A54.o
[337/870] MWCC build/GEDE01/src/game/game_fn_801A34BC.o
[338/870] MWCC build/GEDE01/src/game/game_fn_801A3A78.o
[339/870] MWCC build/GEDE01/src/game/game_fn_801A4CE0.o
[340/870] MWCC build/GEDE01/src/game/game_fn_801A5FB0.o
[341/870] MWCC build/GEDE01/src/game/game_fn_801A6410.o
[342/870] MWCC build/GEDE01/src/game/game_fn_801A657C.o
[343/870] MWCC build/GEDE01/src/game/game_fn_801A6ADC.o
[344/870] MWCC build/GEDE01/src/game/game_fn_801A6C58.o
[345/870] MWCC build/GEDE01/src/game/game_fn_801A6CB4.o
[346/870] MWCC build/GEDE01/src/game/game_fn_801A7E04.o
[347/870] MWCC build/GEDE01/src/game/game_fn_801A7EA8.o
[348/870] MWCC build/GEDE01/src/game/game_fn_801A93E8.o
[349/870] MWCC build/GEDE01/src/game/game_fn_801AB154.o
[350/870] MWCC build/GEDE01/src/game/game_fn_801ABD3C.o
[351/870] MWCC build/GEDE01/src/game/game_fn_801AC8AC.o
[352/870] MWCC build/GEDE01/src/game/game_fn_801ACFE8.o
[353/870] MWCC build/GEDE01/src/game/game_fn_801AD08C.o
[354/870] MWCC build/GEDE01/src/game/game_fn_801AFA74.o
[355/870] MWCC build/GEDE01/src/game/game_fn_801B02F0.o
[356/870] MWCC build/GEDE01/src/game/game_fn_801B1BA0.o
[357/870] MWCC build/GEDE01/src/game/game_fn_801B35BC.o
[358/870] MWCC build/GEDE01/src/game/game_fn_801B46C8.o
[359/870] MWCC build/GEDE01/src/game/game_fn_801B4FB4.o
[360/870] MWCC build/GEDE01/src/game/game_fn_801B5228.o
[361/870] MWCC build/GEDE01/src/game/game_fn_801B58F0.o
[362/870] MWCC build/GEDE01/src/game/game_fn_801B6F1C.o
[363/870] MWCC build/GEDE01/src/game/game_fn_801B86C0.o
[364/870] MWCC build/GEDE01/src/game/game_fn_801B941C.o
[365/870] MWCC build/GEDE01/src/game/game_fn_801B9E7C.o
[366/870] MWCC build/GEDE01/src/game/game_fn_801BA15C.o
[367/870] MWCC build/GEDE01/src/game/game_fn_801BA708.o
[368/870] MWCC build/GEDE01/src/game/game_fn_801BB1A0.o
[369/870] MWCC build/GEDE01/src/game/game_fn_801BC0D4.o
[370/870] MWCC build/GEDE01/src/game/game_fn_801BC240.o
[371/870] MWCC build/GEDE01/src/game/game_fn_801BC8F4.o
[372/870] MWCC build/GEDE01/src/game/game_fn_801BCC04.o
[373/870] MWCC build/GEDE01/src/game/game_fn_801BD990.o
[374/870] MWCC build/GEDE01/src/game/game_fn_801BDE7C.o
[375/870] MWCC build/GEDE01/src/game/game_fn_801BE0D4.o
[376/870] MWCC build/GEDE01/src/game/game_fn_801C1CB0.o
[377/870] MWCC build/GEDE01/src/game/game_fn_801BEF40.o
[378/870] MWCC build/GEDE01/src/game/game_fn_801C2980.o
[379/870] MWCC build/GEDE01/src/game/game_fn_801C29BC.o
[380/870] MWCC build/GEDE01/src/game/game_fn_801C2AAC.o
[381/870] MWCC build/GEDE01/src/game/game_fn_801C2D9C.o
[382/870] MWCC build/GEDE01/src/game/game_fn_801C8160.o
[383/870] MWCC build/GEDE01/src/game/game_fn_801C8224.o
[384/870] MWCC build/GEDE01/src/game/game_fn_801C4B5C.o
[385/870] MWCC build/GEDE01/src/game/game_fn_801C8600.o
[386/870] MWCC build/GEDE01/src/game/game_fn_801C8CC0.o
[387/870] MWCC build/GEDE01/src/game/game_fn_801C87DC.o
[388/870] MWCC build/GEDE01/src/game/game_fn_801C8F50.o
[389/870] MWCC build/GEDE01/src/game/game_fn_801C90A4.o
[390/870] MWCC build/GEDE01/src/game/game_fn_801C9510.o
[391/870] MWCC build/GEDE01/src/game/game_fn_801C970C.o
[392/870] MWCC build/GEDE01/src/game/game_fn_801C9B1C.o
[393/870] MWCC build/GEDE01/src/game/game_fn_801C9A08.o
[394/870] MWCC build/GEDE01/src/game/game_fn_801CB4F8.o
[395/870] MWCC build/GEDE01/src/game/game_fn_801CD228.o
[396/870] MWCC build/GEDE01/src/game/game_fn_801CE09C.o
[397/870] MWCC build/GEDE01/src/game/game_fn_801CE594.o
[398/870] MWCC build/GEDE01/src/game/game_fn_801D1B10.o
[399/870] MWCC build/GEDE01/src/game/game_fn_801D1F78.o
[400/870] MWCC build/GEDE01/src/game/game_fn_801D3988.o
[401/870] MWCC build/GEDE01/src/game/game_fn_801D76A8.o
[402/870] MWCC build/GEDE01/src/game/game_fn_801D7C24.o
[403/870] MWCC build/GEDE01/src/game/game_fn_801D8050.o
[404/870] MWCC build/GEDE01/src/game/game_fn_801D9FE4.o
[405/870] MWCC build/GEDE01/src/game/game_fn_801E2A48.o
[406/870] MWCC build/GEDE01/src/game/game_fn_801E41AC.o
[407/870] MWCC build/GEDE01/src/game/game_fn_801EB09C.o
[408/870] MWCC build/GEDE01/src/game/game_fn_801EB11C.o
[409/870] MWCC build/GEDE01/src/game/game_fn_801ECD74.o
[410/870] MWCC build/GEDE01/src/game/game_fn_801ECF50.o
[411/870] MWCC build/GEDE01/src/game/game_fn_801ED5F4.o
[412/870] MWCC build/GEDE01/src/game/game_fn_801EF580.o
[413/870] MWCC build/GEDE01/src/game/game_fn_801EF910.o
[414/870] MWCC build/GEDE01/src/game/game_fn_801F10BC.o
[415/870] MWCC build/GEDE01/src/game/game_fn_801F35A8.o
[416/870] MWCC build/GEDE01/src/game/game_fn_801F55A0.o
[417/870] MWCC build/GEDE01/src/game/game_fn_801F69F0.o
[418/870] MWCC build/GEDE01/src/game/game_fn_801F6BD8.o
[419/870] MWCC build/GEDE01/src/game/game_fn_801F7510.o
[420/870] MWCC build/GEDE01/src/game/game_fn_801F76EC.o
[421/870] MWCC build/GEDE01/src/game/game_fn_801F8264.o
[422/870] MWCC build/GEDE01/src/game/game_fn_801F89B4.o
[423/870] MWCC build/GEDE01/src/game/game_fn_801F9AF8.o
[424/870] MWCC build/GEDE01/src/game/game_fn_801FA9C8.o
[425/870] MWCC build/GEDE01/src/game/game_fn_801FB6A4.o
[426/870] MWCC build/GEDE01/src/game/game_fn_801FC034.o
[427/870] MWCC build/GEDE01/src/game/game_fn_801FC204.o
[428/870] AS build/GEDE01/src/Runtime.PPCEABI.H/__save_fpr.o
[429/870] AS build/GEDE01/src/Runtime.PPCEABI.H/__restore_fpr.o
[430/870] AS build/GEDE01/src/Runtime.PPCEABI.H/__save_gpr.o
[431/870] AS build/GEDE01/src/Runtime.PPCEABI.H/__restore_gpr.o
[432/870] AS build/GEDE01/src/game/game_fn_801A4874.o
[433/870] AS build/GEDE01/src/game/game_fn_801EDA68.o
[434/870] AS build/GEDE01/src/game/game_fn_801FB698.o
[435/870] AS build/GEDE01/src/game/game_fn_801FB9C8.o
[436/870] MWCC build/GEDE01/src/game/game_fn_801FFE78.o
[437/870] AS build/GEDE01/src/dolphin/base/PPCArch.o
[438/870] EXTERNALIZE build/GEDE01/src/game/game_fn_801247F8.o
[439/870] EXTERNALIZE build/GEDE01/src/game/game_fn_801EF910.o
[440/870] EXTERNALIZE build/GEDE01/src/game/game_fn_801ECF50.o
[441/870] EXTERNALIZE build/GEDE01/src/game/game_fn_801EB09C.o
[442/870] EXTERNALIZE build/GEDE01/src/game/game_fn_801FC204.o
[443/870] EXTERNALIZE build/GEDE01/src/game/game_fn_801EB11C.o
[444/870] EXTERNALIZE build/GEDE01/src/game/game_fn_801D9FE4.o
[445/870] EXTERNALIZE build/GEDE01/src/game/game_fn_801E41AC.o
[446/870] EXTERNALIZE build/GEDE01/src/game/game_fn_801D76A8.o
[447/870] EXTERNALIZE build/GEDE01/src/game/game_fn_801D8050.o
[448/870] EXTERNALIZE build/GEDE01/src/game/game_fn_801D7C24.o
[449/870] EXTERNALIZE build/GEDE01/src/game/game_fn_8019B1BC.o
[450/870] EXTERNALIZE build/GEDE01/src/game/game_fn_80178F88.o
[451/870] EXTERNALIZE build/GEDE01/src/game/game_fn_801CD228.o
[452/870] EXTERNALIZE build/GEDE01/src/game/game_fn_801C970C.o
[453/870] EXTERNALIZE build/GEDE01/src/game/game_fn_801BA15C.o
[454/870] EXTERNALIZE build/GEDE01/src/game/game_fn_801C9510.o
[455/870] EXTERNALIZE build/GEDE01/src/game/game_fn_80126A00.o
[456/870] EXTERNALIZE build/GEDE01/src/game/game_fn_8013D6A4.o
[457/870] EXTERNALIZE build/GEDE01/src/game/game_fn_800C9C60.o
[458/870] EXTERNALIZE build/GEDE01/src/game/game_fn_801B5228.o
[459/870] EXTERNALIZE build/GEDE01/src/game/game_fn_801B4FB4.o
[460/870] EXTERNALIZE build/GEDE01/src/game/game_fn_801C87DC.o
[461/870] EXTERNALIZE build/GEDE01/src/game/game_fn_801B6F1C.o
[462/870] EXTERNALIZE build/GEDE01/src/game/game_fn_801C8CC0.o
[463/870] EXTERNALIZE build/GEDE01/src/game/game_fn_800FD0C8.o
[464/870] EXTERNALIZE build/GEDE01/src/game/game_fn_801BDE7C.o
[465/870] EXTERNALIZE build/GEDE01/src/game/game_fn_801BE0D4.o
[466/870] EXTERNALIZE STATIC POOL build/GEDE01/src/game/game_fn_801C9A08.o
build/GEDE01/src/game/game_fn_801C9A08.o: lbl_80629390 now undefined; section 3 emptied
[467/870] EXTERNALIZE build/GEDE01/src/game/game_fn_801B941C.o
[468/870] EXTERNALIZE STATIC POOL build/GEDE01/src/game/game_fn_801C9B1C.o
build/GEDE01/src/game/game_fn_801C9B1C.o: lbl_80629390 now undefined; section 3 emptied
[469/870] EXTERNALIZE STATIC POOL build/GEDE01/src/game/game_fn_801BD990.o
build/GEDE01/src/game/game_fn_801BD990.o: lbl_80626D80 now undefined; section 6 emptied
[470/870] EXTERNALIZE STATIC POOL build/GEDE01/src/game/game_fn_801B58F0.o
build/GEDE01/src/game/game_fn_801B58F0.o: lbl_8060C020 now undefined; section 3 emptied
[471/870] EXTERNALIZE STATIC POOL build/GEDE01/src/game/game_fn_801B9E7C.o
build/GEDE01/src/game/game_fn_801B9E7C.o: 0 relocation(s) moved from streamInfo to ...bss.0
build/GEDE01/src/game/game_fn_801B9E7C.o: lbl_8061AE48 now undefined; section 6 emptied
[472/870] EXTERNALIZE STATIC POOL build/GEDE01/src/game/game_fn_801BB1A0.o
build/GEDE01/src/game/game_fn_801BB1A0.o: 0 relocation(s) moved from streamInfo to ...bss.0
build/GEDE01/src/game/game_fn_801BB1A0.o: lbl_8061AE48 now undefined; section 6 emptied
[473/870] EXTERNALIZE STATIC build/GEDE01/src/game/game_fn_801B35BC.o
build/GEDE01/src/game/game_fn_801B35BC.o: lbl_8060D420 now undefined; section 6 emptied
[474/870] EXTERNALIZE STATIC POOL build/GEDE01/src/game/game_fn_801BA708.o
build/GEDE01/src/game/game_fn_801BA708.o: 0 relocation(s) moved from streamInfo to ...bss.0
build/GEDE01/src/game/game_fn_801BA708.o: lbl_8061AE48 now undefined; section 6 emptied
[475/870] EXTERNALIZE STATIC POOL build/GEDE01/src/game/game_fn_801BC8F4.o
build/GEDE01/src/game/game_fn_801BC8F4.o: lbl_8061C748 now undefined; section 6 emptied
[476/870] EXTERNALIZE STATIC build/GEDE01/src/game/game_fn_801BC240.o
build/GEDE01/src/game/game_fn_801BC240.o: lbl_8061C748 now undefined; section 6 emptied
[477/870] EXTERNALIZE STATIC POOL build/GEDE01/src/game/game_fn_801BCC04.o
build/GEDE01/src/game/game_fn_801BCC04.o: lbl_8061C748 now undefined; section 6 emptied
[478/870] EXTERNALIZE STATIC POOL build/GEDE01/src/game/game_fn_801BC0D4.o
build/GEDE01/src/game/game_fn_801BC0D4.o: lbl_8061C748 now undefined; section 6 emptied
[479/870] EXTERNALIZE STATIC POOL build/GEDE01/src/game/game_fn_801C1CB0.o
build/GEDE01/src/game/game_fn_801C1CB0.o: lbl_80626DA0 now undefined; section 3 emptied
[480/870] RENAME build/GEDE01/src/game/game_InitMetroTRKCommTable.o
[481/870] EXTERNALIZE STATIC POOL build/GEDE01/src/game/game_fn_801CE09C.o
build/GEDE01/src/game/game_fn_801CE09C.o: lbl_80631340 now undefined; section 6 emptied
[482/870] RENAME RUNTIME INTRINSICS build/GEDE01/src/game/game_fn_801CB4F8.o
[483/870] EXTERNALIZE STATIC POOL build/GEDE01/src/game/game_fn_8010242C.o
build/GEDE01/src/game/game_fn_8010242C.o: lbl_8032CC08 now undefined; section 3 emptied
[484/870] EXTERNALIZE build/GEDE01/src/game/game_fn_801D3988.o
[485/870] EXTERNALIZE build/GEDE01/src/game/game_fn_801D1B10.o
[486/870] ALIGN DATA build/GEDE01/src/game/game_fn_80008014.o
[487/870] EXTERNALIZE build/GEDE01/src/game/game_fn_801CE594.o
[488/870] EXTERNALIZE build/GEDE01/src/game/game_fn_8014549C.o
[489/870] EXTERNALIZE build/GEDE01/src/game/game_fn_801098C0.o
[490/870] EXTERNALIZE build/GEDE01/src/game/game_fn_801C8224.o
[491/870] EXTERNALIZE build/GEDE01/src/game/game_fn_8000FDE8.o
[492/870] EXTERNALIZE build/GEDE01/src/game/game_fn_80185F10.o
[493/870] EXTERNALIZE build/GEDE01/src/game/game_fn_801C29BC.o
[494/870] EXTERNALIZE build/GEDE01/src/game/game_fn_801C8F50.o
[495/870] EXTERNALIZE build/GEDE01/src/game/game_fn_8007B828.o
[496/870] EXTERNALIZE build/GEDE01/src/game/game_fn_801C90A4.o
[497/870] EXTERNALIZE build/GEDE01/src/game/game_fn_801C8160.o
[498/870] EXTERNALIZE build/GEDE01/src/game/game_fn_801C2AAC.o
[499/870] EXTERNALIZE build/GEDE01/src/game/game_fn_801C2D9C.o
[500/870] EXTERNALIZE build/GEDE01/src/game/game_fn_801C2980.o
[501/870] EXTERNALIZE build/GEDE01/src/game/game_fn_801B02F0.o
[502/870] EXTERNALIZE build/GEDE01/src/game/game_fn_801AFA74.o
[503/870] EXTERNALIZE build/GEDE01/src/game/game_fn_801AC8AC.o
[504/870] EXTERNALIZE build/GEDE01/src/game/game_fn_801ABD3C.o
[505/870] EXTERNALIZE build/GEDE01/src/game/game_fn_801816D4.o
[506/870] EXTERNALIZE build/GEDE01/src/game/game_fn_8011F140.o
[507/870] EXTERNALIZE build/GEDE01/src/game/game_fn_8004998C.o
[508/870] EXTERNALIZE build/GEDE01/src/game/game_fn_801AD08C.o
[509/870] EXTERNALIZE build/GEDE01/src/game/game_fn_80079AA4.o
[510/870] EXTERNALIZE build/GEDE01/src/game/game_fn_80158D38.o
[511/870] EXTERNALIZE build/GEDE01/src/game/game_fn_801A3A78.o
[512/870] EXTERNALIZE build/GEDE01/src/game/game_fn_8008F224.o
[513/870] EXTERNALIZE build/GEDE01/src/game/game_fn_80167454.o
[514/870] EXTERNALIZE build/GEDE01/src/game/game_fn_800AF230.o
[515/870] EXTERNALIZE build/GEDE01/src/game/game_fn_801A93E8.o
[516/870] EXTERNALIZE build/GEDE01/src/game/game_fn_801AB154.o
[517/870] EXTERNALIZE build/GEDE01/src/game/game_fn_801A7E04.o
[518/870] EXTERNALIZE build/GEDE01/src/game/game_fn_801A7EA8.o
[519/870] EXTERNALIZE build/GEDE01/src/game/game_fn_801A6CB4.o
[520/870] EXTERNALIZE build/GEDE01/src/game/game_fn_801A4CE0.o
[521/870] EXTERNALIZE build/GEDE01/src/game/game_fn_801A6C58.o
[522/870] NAME JUMPTABLE build/GEDE01/src/game/game_fn_801A6ADC.o
[523/870] EXTERNALIZE build/GEDE01/src/game/game_fn_801A6410.o
[524/870] EXTERNALIZE build/GEDE01/src/game/game_fn_801A5FB0.o
[525/870] EXTERNALIZE build/GEDE01/src/game/game_fn_801A1F18.o
[526/870] EXTERNALIZE build/GEDE01/src/game/game_fn_8019E8C8.o
[527/870] EXTERNALIZE build/GEDE01/src/game/game_fn_8019E5E4.o
[528/870] EXTERNALIZE build/GEDE01/src/game/game_fn_8019CFC4.o
[529/870] EXTERNALIZE build/GEDE01/src/game/game_fn_8019CC28.o
[530/870] EXTERNALIZE build/GEDE01/src/game/game_fn_801991E0.o
[531/870] EXTERNALIZE build/GEDE01/src/game/game_fn_80198BF4.o
[532/870] EXTERNALIZE build/GEDE01/src/game/game_fn_80198AAC.o
[533/870] EXTERNALIZE build/GEDE01/src/game/game_fn_80198154.o
[534/870] EXTERNALIZE build/GEDE01/src/game/game_fn_80194F80.o
[535/870] EXTERNALIZE build/GEDE01/src/game/game_fn_80197910.o
[536/870] EXTERNALIZE build/GEDE01/src/game/game_fn_80177434.o
repointed 2 relocations to lbl_80250588
[537/870] EXTERNALIZE build/GEDE01/src/game/game_fn_80193E1C.o
[538/870] EXTERNALIZE build/GEDE01/src/game/game_fn_80193F3C.o
[539/870] EXTERNALIZE build/GEDE01/src/game/game_fn_801931C4.o
[540/870] EXTERNALIZE build/GEDE01/src/game/game_fn_80192F54.o
[541/870] EXTERNALIZE build/GEDE01/src/game/game_fn_80191F58.o
[542/870] EXTERNALIZE build/GEDE01/src/game/game_fn_8019197C.o
[543/870] EXTERNALIZE build/GEDE01/src/game/game_fn_80191360.o
[544/870] GLOBALIZE build/GEDE01/src/game/game_fn_8018F1D0.o
[545/870] EXTERNALIZE build/GEDE01/src/game/game_fn_8018D688.o
[546/870] EXTERNALIZE build/GEDE01/src/game/game_fn_8018F81C.o
[547/870] EXTERNALIZE build/GEDE01/src/game/game_fn_8018D2E0.o
[548/870] EXTERNALIZE build/GEDE01/src/game/game_fn_80189968.o
[549/870] EXTERNALIZE build/GEDE01/src/game/game_fn_80189760.o
[550/870] EXTERNALIZE build/GEDE01/src/game/game_fn_8018D1F0.o
[551/870] EXTERNALIZE build/GEDE01/src/game/game_fn_801896A0.o
[552/870] EXTERNALIZE build/GEDE01/src/game/game_fn_801895E8.o
[553/870] EXTERNALIZE build/GEDE01/src/game/game_fn_80189390.o
[554/870] EXTERNALIZE build/GEDE01/src/game/game_fn_801891D8.o
[555/870] EXTERNALIZE build/GEDE01/src/game/game_fn_80188E28.o
[556/870] EXTERNALIZE build/GEDE01/src/game/game_fn_80189028.o
[557/870] EXTERNALIZE build/GEDE01/src/game/game_fn_80188C1C.o
[558/870] EXTERNALIZE build/GEDE01/src/game/game_fn_80188B44.o
[559/870] EXTERNALIZE build/GEDE01/src/game/game_fn_80188A7C.o
[560/870] EXTERNALIZE build/GEDE01/src/game/game_fn_801878E0.o
[561/870] EXTERNALIZE build/GEDE01/src/game/game_fn_80187120.o
[562/870] EXTERNALIZE build/GEDE01/src/game/game_fn_80186E10.o
[563/870] EXTERNALIZE build/GEDE01/src/game/game_fn_8018FEDC.o
[564/870] EXTERNALIZE build/GEDE01/src/game/game_fn_801865EC.o
[565/870] EXTERNALIZE build/GEDE01/src/game/game_fn_80185AE8.o
[566/870] EXTERNALIZE build/GEDE01/src/game/game_fn_80180DDC.o
[567/870] EXTERNALIZE build/GEDE01/src/game/game_fn_801859FC.o
[568/870] EXTERNALIZE build/GEDE01/src/game/game_fn_8017E958.o
[569/870] EXTERNALIZE build/GEDE01/src/game/game_fn_8017E850.o
[570/870] EXTERNALIZE build/GEDE01/src/game/game_fn_8017718C.o
[571/870] EXTERNALIZE build/GEDE01/src/game/game_fn_801770F8.o
[572/870] EXTERNALIZE build/GEDE01/src/game/game_fn_80176FA0.o
[573/870] EXTERNALIZE build/GEDE01/src/game/game_fn_80176DF4.o
[574/870] EXTERNALIZE build/GEDE01/src/game/game_fn_80174358.o
[575/870] EXTERNALIZE build/GEDE01/src/game/game_fn_80173F04.o
[576/870] EXTERNALIZE build/GEDE01/src/game/game_fn_80174184.o
[577/870] EXTERNALIZE build/GEDE01/src/game/game_fn_8017553C.o
[578/870] EXTERNALIZE build/GEDE01/src/game/game_fn_80173D44.o
[579/870] EXTERNALIZE build/GEDE01/src/game/game_fn_80173770.o
[580/870] EXTERNALIZE build/GEDE01/src/game/game_fn_801734B4.o
[581/870] EXTERNALIZE build/GEDE01/src/game/game_fn_80173270.o
[582/870] EXTERNALIZE build/GEDE01/src/game/game_fn_80172DB8.o
[583/870] EXTERNALIZE build/GEDE01/src/game/game_fn_80172C78.o
[584/870] EXTERNALIZE build/GEDE01/src/game/game_fn_80172BB0.o
[585/870] EXTERNALIZE build/GEDE01/src/game/game_fn_801726EC.o
[586/870] EXTERNALIZE build/GEDE01/src/game/game_fn_8017250C.o
[587/870] EXTERNALIZE build/GEDE01/src/game/game_fn_80171F30.o
[588/870] EXTERNALIZE build/GEDE01/src/game/game_fn_801719B4.o
[589/870] EXTERNALIZE build/GEDE01/src/game/game_fn_801718F4.o
[590/870] EXTERNALIZE build/GEDE01/src/game/game_fn_80171664.o
[591/870] EXTERNALIZE build/GEDE01/src/game/game_fn_8017138C.o
[592/870] EXTERNALIZE build/GEDE01/src/game/game_fn_80170A40.o
[593/870] NORMALIZE build/GEDE01/src/game/game_TRKNubWelcome.o
[594/870] NORMALIZE build/GEDE01/src/game/game_TRK_main.o
[595/870] NORMALIZE build/GEDE01/src/game/game_data_80239E10.o
[596/870] EXTERNALIZE build/GEDE01/src/game/game_fn_801706DC.o
[597/870] NORMALIZE build/GEDE01/src/game/game_data_80239E18.o
[598/870] EXTERNALIZE build/GEDE01/src/game/game_fn_8017652C.o
[599/870] EXTERNALIZE build/GEDE01/src/game/game_fn_80170E9C.o
[600/870] EXTERNALIZE build/GEDE01/src/game/game_fn_80175E64.o
[601/870] EXTERNALIZE build/GEDE01/src/game/game_fn_80175F0C.o
[602/870] EXTERNALIZE build/GEDE01/src/game/game_fn_80176098.o
[603/870] EXTERNALIZE build/GEDE01/src/game/game_fn_80175FD4.o
[604/870] EXTERNALIZE build/GEDE01/src/game/game_fn_80176160.o
[605/870] EXTERNALIZE build/GEDE01/src/game/game_fn_80176220.o
[606/870] EXTERNALIZE build/GEDE01/src/game/game_fn_80170DF4.o
[607/870] EXTERNALIZE build/GEDE01/src/game/game_fn_8016E8F8.o
[608/870] EXTERNALIZE build/GEDE01/src/game/game_fn_801762E8.o
[609/870] EXTERNALIZE build/GEDE01/src/game/game_fn_8016FEF8.o
[610/870] EXTERNALIZE build/GEDE01/src/game/game_fn_801704F8.o
[611/870] NORMALIZE build/GEDE01/src/game/game_fn_8016DF4C.o
[612/870] EXTERNALIZE build/GEDE01/src/game/game_fn_8016D2B8.o
[613/870] EXTERNALIZE build/GEDE01/src/game/game_fn_8016D040.o
[614/870] EXTERNALIZE build/GEDE01/src/game/game_fn_8016D1F8.o
[615/870] EXTERNALIZE build/GEDE01/src/game/game_fn_8016C774.o
[616/870] EXTERNALIZE build/GEDE01/src/game/game_fn_8016C4BC.o
[617/870] EXTERNALIZE build/GEDE01/src/game/game_fn_8016C238.o
[618/870] EXTERNALIZE build/GEDE01/src/game/game_fn_8016C164.o
[619/870] EXTERNALIZE build/GEDE01/src/game/game_fn_8016C0BC.o
[620/870] EXTERNALIZE build/GEDE01/src/game/game_fn_8017038C.o
[621/870] EXTERNALIZE build/GEDE01/src/game/game_fn_8016BE1C.o
[622/870] EXTERNALIZE build/GEDE01/src/game/game_fn_8016BF60.o
[623/870] EXTERNALIZE build/GEDE01/src/game/game_fn_8016BD0C.o
[624/870] EXTERNALIZE build/GEDE01/src/game/game_fn_80169650.o
[625/870] EXTERNALIZE build/GEDE01/src/game/game_fn_80167B5C.o
[626/870] EXTERNALIZE build/GEDE01/src/game/game_fn_8015DC54.o
[627/870] EXTERNALIZE build/GEDE01/src/game/game_fn_8015EDC0.o
[628/870] EXTERNALIZE build/GEDE01/src/game/game_fn_80158B20.o
[629/870] EXTERNALIZE build/GEDE01/src/game/game_fn_80179398.o
[630/870] EXTERNALIZE build/GEDE01/src/game/game_fn_8017960C.o
[631/870] EXTERNALIZE build/GEDE01/src/game/game_fn_8017974C.o
[632/870] EXTERNALIZE build/GEDE01/src/game/game_fn_8017A9B8.o
[633/870] EXTERNALIZE build/GEDE01/src/game/game_fn_80179904.o
[634/870] EXTERNALIZE build/GEDE01/src/game/game_fn_80179A18.o
[635/870] EXTERNALIZE build/GEDE01/src/game/game_fn_80179A74.o
[636/870] EXTERNALIZE build/GEDE01/src/game/game_fn_80179EB8.o
[637/870] EXTERNALIZE build/GEDE01/src/game/game_fn_80179F20.o
[638/870] EXTERNALIZE build/GEDE01/src/game/game_fn_8017A010.o
[639/870] EXTERNALIZE build/GEDE01/src/game/game_fn_8017A12C.o
[640/870] EXTERNALIZE build/GEDE01/src/game/game_fn_80157C0C.o
[641/870] EXTERNALIZE build/GEDE01/src/game/game_fn_8017A1C0.o
[642/870] EXTERNALIZE build/GEDE01/src/game/game_fn_80155814.o
[643/870] EXTERNALIZE build/GEDE01/src/game/game_fn_80153898.o
[644/870] EXTERNALIZE build/GEDE01/src/game/game_fn_8014B494.o
[645/870] EXTERNALIZE build/GEDE01/src/game/game_fn_8012DB28.o
[646/870] EXTERNALIZE build/GEDE01/src/game/game_fn_8014AF38.o
[647/870] EXTERNALIZE build/GEDE01/src/game/game_fn_801141B8.o
[648/870] EXTERNALIZE build/GEDE01/src/game/game_fn_801128E4.o
[649/870] EXTERNALIZE build/GEDE01/src/game/game_fn_801126E0.o
[650/870] EXTERNALIZE build/GEDE01/src/game/game_fn_8010F184.o
[651/870] EXTERNALIZE build/GEDE01/src/game/game_fn_800E4980.o
[652/870] EXTERNALIZE build/GEDE01/src/game/game_fn_800C17EC.o
[653/870] EXTERNALIZE build/GEDE01/src/game/game_fn_800C59F0.o
[654/870] EXTERNALIZE build/GEDE01/src/game/game_fn_800C644C.o
[655/870] EXTERNALIZE build/GEDE01/src/game/game_fn_800C65FC.o
[656/870] EXTERNALIZE build/GEDE01/src/game/game_fn_800CB760.o
[657/870] EXTERNALIZE build/GEDE01/src/game/game_fn_800CB8F4.o
[658/870] EXTERNALIZE build/GEDE01/src/game/game_fn_80078500.o
[659/870] EXTERNALIZE build/GEDE01/src/game/game_fn_80079908.o
[660/870] EXTERNALIZE build/GEDE01/src/game/game_fn_8007B2F4.o
[661/870] EXTERNALIZE build/GEDE01/src/game/game_fn_8007B540.o
[662/870] EXTERNALIZE build/GEDE01/src/game/game_fn_8007B640.o
[663/870] EXTERNALIZE build/GEDE01/src/game/game_fn_800886D8.o
[664/870] EXTERNALIZE build/GEDE01/src/game/game_fn_8007BA3C.o
[665/870] EXTERNALIZE build/GEDE01/src/game/game_fn_800934A0.o
[666/870] EXTERNALIZE build/GEDE01/src/game/game_fn_800A3894.o
[667/870] EXTERNALIZE build/GEDE01/src/game/game_fn_800A7E88.o
[668/870] EXTERNALIZE build/GEDE01/src/game/game_fn_800A4798.o
[669/870] GLOBALIZE build/GEDE01/src/game/game_fn_800A2130.o
[670/870] EXTERNALIZE build/GEDE01/src/game/game_fn_800A2FCC.o
[671/870] EXTERNALIZE build/GEDE01/src/game/game_fn_8009C424.o
[672/870] EXTERNALIZE build/GEDE01/src/game/game_fn_80096830.o
[673/870] GLOBALIZE build/GEDE01/src/game/game_fn_8008F890.o
[674/870] EXTERNALIZE SWITCHES build/GEDE01/src/game/game_fn_80095FDC.o
[675/870] EXTERNALIZE build/GEDE01/src/game/game_fn_800A4428.o
[676/870] EXTERNALIZE build/GEDE01/src/game/game_fn_80074310.o
[677/870] GLOBALIZE build/GEDE01/src/game/game_fn_8005FD84.o
[678/870] EXTERNALIZE build/GEDE01/src/game/game_fn_80066888.o
[679/870] EXTERNALIZE build/GEDE01/src/game/game_fn_8005EC6C.o
[680/870] EXTERNALIZE build/GEDE01/src/game/game_fn_80052310.o
[681/870] EXTERNALIZE build/GEDE01/src/game/game_fn_80048B24.o
[682/870] NAME SWITCH build/GEDE01/src/game/game_fn_80020E94.o
[683/870] NAME SWITCH build/GEDE01/src/game/game_fn_8005EE9C.o
[684/870] NAME SWITCH build/GEDE01/src/game/game_fn_8016D9C0.o
[685/870] NAME SWITCH build/GEDE01/src/game/game_fn_80071A58.o
[686/870] EXTERNALIZE build/GEDE01/src/game/game_fn_80048ADC.o
[687/870] NAME SWITCH build/GEDE01/src/game/game_fn_8006B620.o
[688/870] NAME SWITCH build/GEDE01/src/game/game_fn_8001FE1C.o
[689/870] NAME SWITCH build/GEDE01/src/game/game_fn_8001E644.o
[690/870] EXTERNALIZE build/GEDE01/src/game/game_fn_80038878.o
[691/870] EXTERNALIZE build/GEDE01/src/game/game_fn_801B46C8.o
build/GEDE01/src/game/game_fn_801B46C8.o: lbl_8060C020 now undefined; section 6 emptied
[692/870] EXTERNALIZE build/GEDE01/src/game/game_fn_80036C40.o
[693/870] EXTERNALIZE build/GEDE01/src/game/game_fn_800359A0.o
[694/870] EXTERNALIZE build/GEDE01/src/game/game_fn_80033180.o
[695/870] EXTERNALIZE build/GEDE01/src/game/game_fn_80033038.o
[696/870] EXTERNALIZE build/GEDE01/src/game/game_fn_80032B84.o
[697/870] EXTERNALIZE build/GEDE01/src/game/game_fn_8003232C.o
[698/870] EXTERNALIZE build/GEDE01/src/game/game_fn_8002E3F0.o
[699/870] EXTERNALIZE build/GEDE01/src/game/game_fn_8002DAE0.o
[700/870] EXTERNALIZE build/GEDE01/src/game/game_fn_8002EA68.o
[701/870] GLOBALIZE build/GEDE01/src/game/game_fn_8002B748.o
[702/870] EXTERNALIZE build/GEDE01/src/game/game_fn_8002F428.o
[703/870] NAME SWITCHES build/GEDE01/src/game/game_fn_80024F28.o
[704/870] EXTERNALIZE build/GEDE01/src/game/game_fn_800272B4.o
[705/870] EXTERNALIZE build/GEDE01/src/game/game_fn_8001CE94.o
[706/870] EXTERNALIZE build/GEDE01/src/game/game_fn_8001CD58.o
[707/870] EXTERNALIZE build/GEDE01/src/game/game_fn_8001C078.o
[708/870] EXTERNALIZE build/GEDE01/src/game/game_fn_8001B874.o
[709/870] EXTERNALIZE build/GEDE01/src/game/game_fn_8001B808.o
[710/870] EXTERNALIZE build/GEDE01/src/game/game_fn_8001B124.o
[711/870] EXTERNALIZE build/GEDE01/src/game/game_fn_8001B294.o
[712/870] EXTERNALIZE build/GEDE01/src/game/game_fn_8001ADF8.o
[713/870] EXTERNALIZE build/GEDE01/src/game/game_fn_8001AF68.o
[714/870] EXTERNALIZE build/GEDE01/src/game/game_fn_8001AAB8.o
[715/870] EXTERNALIZE build/GEDE01/src/game/game_fn_8001A6C4.o
[716/870] EXTERNALIZE build/GEDE01/src/game/game_fn_80019F98.o
[717/870] EXTERNALIZE build/GEDE01/src/game/game_fn_80019D2C.o
[718/870] EXTERNALIZE build/GEDE01/src/game/game_fn_80019C10.o
[719/870] EXTERNALIZE build/GEDE01/src/game/game_fn_80019940.o
[720/870] EXTERNALIZE build/GEDE01/src/game/game_fn_800194D0.o
[721/870] EXTERNALIZE build/GEDE01/src/game/game_fn_80019244.o
[722/870] EXTERNALIZE build/GEDE01/src/game/game_fn_80019054.o
[723/870] EXTERNALIZE build/GEDE01/src/game/game_fn_80018EF4.o
[724/870] EXTERNALIZE build/GEDE01/src/game/game_fn_80017DB0.o
[725/870] EXTERNALIZE build/GEDE01/src/game/game_fn_80017CC8.o
[726/870] EXTERNALIZE build/GEDE01/src/game/game_fn_80017C3C.o
[727/870] EXTERNALIZE build/GEDE01/src/game/game_fn_80017AE4.o
[728/870] EXTERNALIZE build/GEDE01/src/game/game_fn_80017A3C.o
[729/870] EXTERNALIZE build/GEDE01/src/game/game_fn_800179AC.o
[730/870] EXTERNALIZE FLAGS build/GEDE01/src/game/game_fn_800119FC.o
[731/870] EXTERNALIZE build/GEDE01/src/game/game_fn_80017910.o
[732/870] EXTERNALIZE build/GEDE01/src/game/game_fn_8000FFD8.o
[733/870] EXTERNALIZE build/GEDE01/src/game/game_fn_8000F4B0.o
[734/870] GLOBALIZE build/GEDE01/src/game/game_fn_800094C0.o
[735/870] EXTERNALIZE build/GEDE01/src/game/game_fn_8000EFC4.o
[736/870] EXTERNALIZE build/GEDE01/src/game/game_fn_800096E0.o
[737/870] EXTERNALIZE build/GEDE01/src/game/game_fn_800098C0.o
[738/870] EXTERNALIZE build/GEDE01/src/game/game_fn_800099D8.o
[739/870] EXTERNALIZE build/GEDE01/src/game/game_fn_8000A26C.o
[740/870] EXTERNALIZE build/GEDE01/src/game/game_fn_80009AB4.o
[741/870] EXTERNALIZE build/GEDE01/src/game/game_fn_800171C0.o
[742/870] EXTERNALIZE build/GEDE01/src/game/game_fn_800176F0.o
[743/870] EXTERNALIZE build/GEDE01/src/game/game_fn_8000AC88.o
[744/870] EXTERNALIZE build/GEDE01/src/game/game_fn_8000AEB4.o
[745/870] EXTERNALIZE build/GEDE01/src/game/game_fn_8000B1B8.o
[746/870] EXTERNALIZE build/GEDE01/src/game/game_fn_8000AFB4.o
[747/870] EXTERNALIZE build/GEDE01/src/game/game_fn_8000B36C.o
[748/870] EXTERNALIZE build/GEDE01/src/game/game_fn_8000B630.o
[749/870] EXTERNALIZE build/GEDE01/src/game/game_fn_8000B7FC.o
[750/870] EXTERNALIZE build/GEDE01/src/game/game_fn_8000B900.o
[751/870] EXTERNALIZE build/GEDE01/src/game/game_fn_8000BA0C.o
[752/870] EXTERNALIZE build/GEDE01/src/game/game_fn_8000BAA0.o
[753/870] EXTERNALIZE build/GEDE01/src/game/game_fn_8000BC40.o
[754/870] EXTERNALIZE build/GEDE01/src/game/game_fn_8000C06C.o
[755/870] EXTERNALIZE build/GEDE01/src/game/game_fn_8000C17C.o
[756/870] EXTERNALIZE build/GEDE01/src/game/game_fn_8000C400.o
[757/870] EXTERNALIZE build/GEDE01/src/game/game_fn_8000C848.o
[758/870] EXTERNALIZE build/GEDE01/src/game/game_fn_8000C91C.o
[759/870] EXTERNALIZE build/GEDE01/src/game/game_fn_8000D0BC.o
[760/870] NAME SWITCH build/GEDE01/src/game/game_fn_8000D8A4.o
[761/870] EXTERNALIZE build/GEDE01/src/game/game_fn_8000D3D4.o
[762/870] EXTERNALIZE build/GEDE01/src/game/game_fn_8000E054.o
[763/870] EXTERNALIZE build/GEDE01/src/game/game_fn_8000E96C.o
[764/870] EXTERNALIZE build/GEDE01/src/game/game_fn_8000E0AC.o
[765/870] EXTERNALIZE build/GEDE01/src/game/game_fn_8000EB14.o
[766/870] EXTERNALIZE build/GEDE01/src/game/game_fn_8000F774.o
[767/870] EXTERNALIZE build/GEDE01/src/game/game_fn_8000EBD4.o
[768/870] EXTERNALIZE build/GEDE01/src/game/game_fn_8000ED44.o
[769/870] EXTERNALIZE build/GEDE01/src/game/game_fn_8000E138.o
[770/870] EXTERNALIZE build/GEDE01/src/game/game_fn_8000E1C4.o
[771/870] EXTERNALIZE build/GEDE01/src/game/game_fn_8000DA50.o
[772/870] EXTERNALIZE build/GEDE01/src/game/game_fn_8000D590.o
[773/870] EXTERNALIZE build/GEDE01/src/game/game_fn_8000DAF4.o
[774/870] EXTERNALIZE build/GEDE01/src/game/game_fn_80012DA8.o
[775/870] EXTERNALIZE build/GEDE01/src/game/game_fn_80012F40.o
[776/870] EXTERNALIZE build/GEDE01/src/game/game_fn_80012FD0.o
[777/870] EXTERNALIZE build/GEDE01/src/game/game_fn_80013340.o
[778/870] EXTERNALIZE build/GEDE01/src/game/game_fn_800131E8.o
[779/870] EXTERNALIZE build/GEDE01/src/game/game_fn_80013CB0.o
[780/870] EXTERNALIZE build/GEDE01/src/game/game_fn_80013870.o
[781/870] EXTERNALIZE build/GEDE01/src/game/game_fn_80013D54.o
[782/870] EXTERNALIZE build/GEDE01/src/game/game_fn_800142DC.o
[783/870] EXTERNALIZE build/GEDE01/src/game/game_fn_800144CC.o
[784/870] EXTERNALIZE build/GEDE01/src/game/game_fn_80014784.o
[785/870] EXTERNALIZE build/GEDE01/src/game/game_fn_800149D4.o
[786/870] EXTERNALIZE build/GEDE01/src/game/game_fn_80015058.o
[787/870] EXTERNALIZE build/GEDE01/src/game/game_fn_80015320.o
[788/870] EXTERNALIZE build/GEDE01/src/game/game_fn_80015568.o
[789/870] EXTERNALIZE build/GEDE01/src/game/game_fn_800156FC.o
[790/870] EXTERNALIZE build/GEDE01/src/game/game_fn_80015BE0.o
[791/870] EXTERNALIZE build/GEDE01/src/game/game_fn_80015D40.o
[792/870] EXTERNALIZE build/GEDE01/src/game/game_fn_80015F04.o
[793/870] EXTERNALIZE build/GEDE01/src/game/game_fn_80016128.o
[794/870] EXTERNALIZE build/GEDE01/src/game/game_fn_80016270.o
[795/870] EXTERNALIZE build/GEDE01/src/game/game_fn_80016904.o
[796/870] EXTERNALIZE build/GEDE01/src/game/game_fn_800173CC.o
[797/870] EXTERNALIZE build/GEDE01/src/game/game_fn_80016B24.o
[798/870] EXTERNALIZE build/GEDE01/src/game/game_fn_801BEF40.o
[799/870] EXTERNALIZE build/GEDE01/src/game/game_fn_801B86C0.o
[800/870] EXTERNALIZE STATIC POOL build/GEDE01/src/game/game_fn_801C4B5C.o
build/GEDE01/src/game/game_fn_801C4B5C.o: lbl_80628CB0 now undefined; section 6 emptied
[801/870] EXTERNALIZE build/GEDE01/src/game/game_fn_8001CA04.o
[802/870] EXTERNALIZE build/GEDE01/src/game/game_fn_801C8600.o
[803/870] EXTERNALIZE build/GEDE01/src/game/game_fn_80031544.o
[804/870] EXTERNALIZE build/GEDE01/src/game/game_fn_8006B0F0.o
[805/870] EXTERNALIZE build/GEDE01/src/game/game_fn_8007D4D8.o
[806/870] EXTERNALIZE build/GEDE01/src/game/game_fn_8007F770.o
[807/870] EXTERNALIZE build/GEDE01/src/game/game_fn_80088F4C.o
[808/870] EXTERNALIZE build/GEDE01/src/game/game_fn_8008A2E0.o
[809/870] EXTERNALIZE build/GEDE01/src/game/game_fn_80090004.o
[810/870] EXTERNALIZE build/GEDE01/src/game/game_fn_80095D10.o
[811/870] EXTERNALIZE build/GEDE01/src/game/game_fn_800A3180.o
[812/870] EXTERNALIZE build/GEDE01/src/game/game_fn_800BB7A8.o
[813/870] EXTERNALIZE build/GEDE01/src/game/game_fn_800BB5C4.o
[814/870] EXTERNALIZE build/GEDE01/src/game/game_fn_800BBAF0.o
[815/870] EXTERNALIZE build/GEDE01/src/game/game_fn_800BB9A4.o
[816/870] EXTERNALIZE build/GEDE01/src/game/game_fn_800D9E10.o
[817/870] EXTERNALIZE build/GEDE01/src/game/game_fn_8012976C.o
[818/870] EXTERNALIZE build/GEDE01/src/game/game_fn_8013DB8C.o
[819/870] EXTERNALIZE build/GEDE01/src/game/game_fn_8013CBE4.o
[820/870] EXTERNALIZE build/GEDE01/src/game/game_fn_8014CA98.o
[821/870] EXTERNALIZE build/GEDE01/src/game/game_fn_80153A24.o
[822/870] EXTERNALIZE build/GEDE01/src/game/game_fn_801535D8.o
[823/870] EXTERNALIZE build/GEDE01/src/game/game_fn_80174F2C.o
[824/870] EXTERNALIZE build/GEDE01/src/game/game_fn_8017AC20.o
[825/870] EXTERNALIZE build/GEDE01/src/game/game_fn_8018680C.o
[826/870] EXTERNALIZE build/GEDE01/src/game/game_fn_80186F70.o
[827/870] EXTERNALIZE build/GEDE01/src/game/game_fn_80187320.o
[828/870] EXTERNALIZE build/GEDE01/src/game/game_fn_801875FC.o
[829/870] EXTERNALIZE build/GEDE01/src/game/game_fn_801810A0.o
[830/870] EXTERNALIZE build/GEDE01/src/game/game_fn_800542D0.o
[831/870] EXTERNALIZE build/GEDE01/src/game/game_fn_80187BB4.o
[832/870] EXTERNALIZE build/GEDE01/src/game/game_fn_8018E0D8.o
[833/870] EXTERNALIZE build/GEDE01/src/game/game_fn_8019120C.o
[834/870] EXTERNALIZE build/GEDE01/src/game/game_fn_8018D400.o
[835/870] EXTERNALIZE build/GEDE01/src/game/game_fn_801926EC.o
[836/870] EXTERNALIZE build/GEDE01/src/game/game_fn_801916D0.o
[837/870] EXTERNALIZE build/GEDE01/src/game/game_fn_801929A4.o
[838/870] EXTERNALIZE build/GEDE01/src/game/game_fn_801A2A54.o
[839/870] EXTERNALIZE build/GEDE01/src/game/game_fn_801A34BC.o
[840/870] EXTERNALIZE build/GEDE01/src/game/game_fn_801A657C.o
[841/870] EXTERNALIZE build/GEDE01/src/game/game_fn_801E2A48.o
[842/870] EXTERNALIZE build/GEDE01/src/game/game_fn_801D1F78.o
[843/870] EXTERNALIZE build/GEDE01/src/game/game_fn_801F10BC.o
[844/870] EXTERNALIZE build/GEDE01/src/game/game_fn_801EF580.o
[845/870] EXTERNALIZE build/GEDE01/src/game/game_fn_801F35A8.o
[846/870] EXTERNALIZE build/GEDE01/src/game/game_fn_801ECD74.o
[847/870] EXTERNALIZE build/GEDE01/src/game/game_fn_801ED5F4.o
[848/870] EXTERNALIZE build/GEDE01/src/game/game_fn_801F69F0.o
[849/870] EXTERNALIZE build/GEDE01/src/game/game_fn_801F76EC.o
[850/870] EXTERNALIZE build/GEDE01/src/game/game_fn_801F8264.o
[851/870] EXTERNALIZE build/GEDE01/src/game/game_fn_801F89B4.o
[852/870] EXTERNALIZE build/GEDE01/src/game/game_fn_801F9AF8.o
[853/870] EXTERNALIZE build/GEDE01/src/game/game_fn_801F6BD8.o
[854/870] EXTERNALIZE build/GEDE01/src/game/game_fn_801FB6A4.o
[855/870] EXTERNALIZE JUMPTABLES build/GEDE01/src/game/game_fn_800361F8.o
[856/870] EXTERNALIZE JUMPTABLES build/GEDE01/src/game/game_fn_8006E53C.o
[857/870] EXTERNALIZE JUMPTABLES build/GEDE01/src/game/game_fn_800CF598.o
[858/870] EXTERNALIZE JUMPTABLES build/GEDE01/src/game/game_fn_801ACFE8.o
[859/870] EXTERNALIZE JUMPTABLES build/GEDE01/src/game/game_fn_801B1BA0.o
[860/870] EXTERNALIZE build/GEDE01/src/game/game_fn_8009E808.o
[861/870] EXTERNALIZE build/GEDE01/src/game/game_fn_801FFE78.o
[862/870] EXTERNALIZE build/GEDE01/src/game/game_fn_801F55A0.o
[863/870] EXTERNALIZE build/GEDE01/src/game/game_fn_801F7510.o
[864/870] EXTERNALIZE build/GEDE01/src/game/game_fn_801FC034.o
[865/870] EXTERNALIZE build/GEDE01/src/game/game_fn_801FA9C8.o
[866/870] REPORT
 INFO Loading project .
 INFO Generating report for 7068 units (using 8 threads)
 INFO Report generated in 0.280s
 INFO Writing to build/GEDE01/report.json
[867/870] LINK build/GEDE01/main.elf
### mwldeppc.exe Linker Warning:
#   Section '.ignored' is unknown. Section ignored.
### mwldeppc.exe Linker Warning:
#   Section '.ignored' is unknown. Section ignored.
### mwldeppc.exe Linker Warning:
#   Section '.ignored' is unknown. Section ignored.
### mwldeppc.exe Linker Warning:
#   Section '.ignored' is unknown. Section ignored.
### mwldeppc.exe Linker Warning:
#   Section '.ignored' is unknown. Section ignored.
### mwldeppc.exe Linker Warning:
#   Section '.ignored' is unknown. Section ignored.
### mwldeppc.exe Linker Warning:
#   Section '.ignored' is unknown. Section ignored.
### mwldeppc.exe Linker Warning:
#   Section '.ignored' is unknown. Section ignored.
### mwldeppc.exe Linker Warning:
#   Section '.ignored' is unknown. Section ignored.
### mwldeppc.exe Linker Warning:
#   Section '.ignored' is unknown. Section ignored.
### mwldeppc.exe Linker Warning:
#   Section '.ignored' is unknown. Section ignored.
### mwldeppc.exe Linker Warning:
#   Section '.ignored' is unknown. Section ignored.
### mwldeppc.exe Linker Warning:
#   Section '.ignored' is unknown. Section ignored.
### mwldeppc.exe Linker Warning:
#   Section '.ignored' is unknown. Section ignored.
### mwldeppc.exe Linker Warning:
#   Section '.ignored' is unknown. Section ignored.
### mwldeppc.exe Linker Warning:
#   Section '.ignored' is unknown. Section ignored.
### mwldeppc.exe Linker Warning:
#   Section '.ignored' is unknown. Section ignored.
### mwldeppc.exe Linker Warning:
#   Section '.ignored' is unknown. Section ignored.
### mwldeppc.exe Linker Warning:
#   Section '.ignored' is unknown. Section ignored.
### mwldeppc.exe Linker Warning:
#   Section '.ignored' is unknown. Section ignored.
### mwldeppc.exe Linker Warning:
#   Section '.ignored' is unknown. Section ignored.
### mwldeppc.exe Linker Warning:
#   Section '.ignored' is unknown. Section ignored.
### mwldeppc.exe Linker Warning:
#   Section '.ignored' is unknown. Section ignored.
### mwldeppc.exe Linker Warning:
#   Section '.ignored' is unknown. Section ignored.
### mwldeppc.exe Linker Warning:
#   Section '.ignored' is unknown. Section ignored.
### mwldeppc.exe Linker Warning:
#   Section '.ignored' is unknown. Section ignored.
### mwldeppc.exe Linker Warning:
#   Section '.ignored' is unknown. Section ignored.
### mwldeppc.exe Linker Warning:
#   Section '.ignored' is unknown. Section ignored.
### mwldeppc.exe Linker Warning:
#   Section '.ignored' is unknown. Section ignored.
### mwldeppc.exe Linker Warning:
#   Section '.ignored' is unknown. Section ignored.
### mwldeppc.exe Linker Warning:
#   Section '.ignored' is unknown. Section ignored.
### mwldeppc.exe Linker Warning:
#   Section '.ignored' is unknown. Section ignored.
### mwldeppc.exe Linker Warning:
#   Section '.ignored' is unknown. Section ignored.
### mwldeppc.exe Linker Warning:
#   Section '.ignored' is unknown. Section ignored.
### mwldeppc.exe Linker Warning:
#   Section '.ignored' is unknown. Section ignored.
### mwldeppc.exe Linker Warning:
#   Section '.ignored' is unknown. Section ignored.
### mwldeppc.exe Linker Warning:
#   Section '.ignored' is unknown. Section ignored.
### mwldeppc.exe Linker Warning:
#   Section '.ignored' is unknown. Section ignored.
### mwldeppc.exe Linker Warning:
#   Section '.ignored' is unknown. Section ignored.
### mwldeppc.exe Linker Warning:
#   Section '.ignored' is unknown. Section ignored.
### mwldeppc.exe Linker Warning:
#   Section '.ignored' is unknown. Section ignored.
### mwldeppc.exe Linker Warning:
#   Section '.ignored' is unknown. Section ignored.
### mwldeppc.exe Linker Warning:
#   Section '.ignored' is unknown. Section ignored.
### mwldeppc.exe Linker Warning:
#   Section '.ignored' is unknown. Section ignored.
### mwldeppc.exe Linker Warning:
#   Section '.ignored' is unknown. Section ignored.
### mwldeppc.exe Linker Warning:
#   Section '.ignored' is unknown. Section ignored.
### mwldeppc.exe Linker Warning:
#   Section '.ignored' is unknown. Section ignored.
### mwldeppc.exe Linker Warning:
#   Section '.ignored' is unknown. Section ignored.
### mwldeppc.exe Linker Warning:
#   Section '.ignored' is unknown. Section ignored.
### mwldeppc.exe Linker Warning:
#   Section '.ignored' is unknown. Section ignored.
### mwldeppc.exe Linker Warning:
#   Section '.ignored' is unknown. Section ignored.
### mwldeppc.exe Linker Warning:
#   Section '.ignored' is unknown. Section ignored.
### mwldeppc.exe Linker Warning:
#   Section '.ignored' is unknown. Section ignored.
### mwldeppc.exe Linker Warning:
#   Section '.ignored' is unknown. Section ignored.
### mwldeppc.exe Linker Warning:
#   Section '.ignored' is unknown. Section ignored.
### mwldeppc.exe Linker Warning:
#   Section '.ignored' is unknown. Section ignored.
### mwldeppc.exe Linker Warning:
#   Section '.ignored' is unknown. Section ignored.
### mwldeppc.exe Linker Warning:
#   Section '.ignored' is unknown. Section ignored.
### mwldeppc.exe Linker Warning:
#   Section '.ignored' is unknown. Section ignored.
### mwldeppc.exe Linker Warning:
#   Section '.ignored' is unknown. Section ignored.
### mwldeppc.exe Linker Warning:
#   Section '.ignored' is unknown. Section ignored.
### mwldeppc.exe Linker Warning:
#   Section '.ignored' is unknown. Section ignored.
### mwldeppc.exe Linker Warning:
#   Section '.ignored' is unknown. Section ignored.
### mwldeppc.exe Linker Warning:
#   Section '.ignored' is unknown. Section ignored.
### mwldeppc.exe Linker Warning:
#   Section '.ignored' is unknown. Section ignored.
### mwldeppc.exe Linker Warning:
#   Section '.ignored' is unknown. Section ignored.
### mwldeppc.exe Linker Warning:
#   Section '.ignored' is unknown. Section ignored.
### mwldeppc.exe Linker Warning:
#   Section '.ignored' is unknown. Section ignored.
### mwldeppc.exe Linker Warning:
#   Section '.ignored' is unknown. Section ignored.
### mwldeppc.exe Linker Warning:
#   Section '.ignored' is unknown. Section ignored.
### mwldeppc.exe Linker Warning:
#   Section '.ignored' is unknown. Section ignored.
### mwldeppc.exe Linker Warning:
#   Section '.ignored' is unknown. Section ignored.
### mwldeppc.exe Linker Warning:
#   Section '.ignored' is unknown. Section ignored.
### mwldeppc.exe Linker Warning:
#   Section '.ignored' is unknown. Section ignored.
### mwldeppc.exe Linker Warning:
#   Section '.ignored' is unknown. Section ignored.
### mwldeppc.exe Linker Warning:
#   Section '.ignored' is unknown. Section ignored.
### mwldeppc.exe Linker Warning:
#   Section '.ignored' is unknown. Section ignored.
### mwldeppc.exe Linker Warning:
#   Section '.ignored' is unknown. Section ignored.
### mwldeppc.exe Linker Warning:
#   Section '.ignored' is unknown. Section ignored.
### mwldeppc.exe Linker Warning:
#   Section '.ignored' is unknown. Section ignored.
### mwldeppc.exe Linker Warning:
#   Section '.ignored' is unknown. Section ignored.
### mwldeppc.exe Linker Warning:
#   Section '.ignored' is unknown. Section ignored.
### mwldeppc.exe Linker Warning:
#   Section '.ignored' is unknown. Section ignored.
### mwldeppc.exe Linker Warning:
#   Section '.ignored' is unknown. Section ignored.
### mwldeppc.exe Linker Warning:
#   Section '.ignored' is unknown. Section ignored.
### mwldeppc.exe Linker Warning:
#   Section '.ignored' is unknown. Section ignored.
### mwldeppc.exe Linker Warning:
#   Section '.ignored' is unknown. Section ignored.
### mwldeppc.exe Linker Warning:
#   Section '.ignored' is unknown. Section ignored.
### mwldeppc.exe Linker Warning:
#   Section '.ignored' is unknown. Section ignored.
### mwldeppc.exe Linker Warning:
#   Section '.ignored' is unknown. Section ignored.
### mwldeppc.exe Linker Warning:
#   Section '.ignored' is unknown. Section ignored.
### mwldeppc.exe Linker Warning:
#   Section '.ignored' is unknown. Section ignored.
### mwldeppc.exe Linker Warning:
#   Section '.ignored' is unknown. Section ignored.
### mwldeppc.exe Linker Warning:
#   Section '.ignored' is unknown. Section ignored.
### mwldeppc.exe Linker Warning:
#   Section '.ignored' is unknown. Section ignored.
### mwldeppc.exe Linker Warning:
#   Section '.ignored' is unknown. Section ignored.
### mwldeppc.exe Linker Warning:
#   Section '.ignored' is unknown. Section ignored.
### mwldeppc.exe Linker Warning:
#   Section '.ignored' is unknown. Section ignored.
### mwldeppc.exe Linker Warning:
#   Section '.ignored' is unknown. Section ignored.
### mwldeppc.exe Linker Warning:
#   Section '.ignored' is unknown. Section ignored.
### mwldeppc.exe Linker Warning:
#   Section '.ignored' is unknown. Section ignored.
### mwldeppc.exe Linker Warning:
#   Section '.ignored' is unknown. Section ignored.
### mwldeppc.exe Linker Warning:
#   Section '.ignored' is unknown. Section ignored.
### mwldeppc.exe Linker Warning:
#   Section '.ignored' is unknown. Section ignored.
### mwldeppc.exe Linker Warning:
#   Section '.ignored' is unknown. Section ignored.
### mwldeppc.exe Linker Warning:
#   Section '.ignored' is unknown. Section ignored.
### mwldeppc.exe Linker Warning:
#   Section '.ignored' is unknown. Section ignored.
### mwldeppc.exe Linker Warning:
#   Section '.ignored' is unknown. Section ignored.
### mwldeppc.exe Linker Warning:
#   Section '.ignored' is unknown. Section ignored.
### mwldeppc.exe Linker Warning:
#   Section '.ignored' is unknown. Section ignored.
### mwldeppc.exe Linker Warning:
#   Section '.ignored' is unknown. Section ignored.
### mwldeppc.exe Linker Warning:
#   Section '.ignored' is unknown. Section ignored.
### mwldeppc.exe Linker Warning:
#   Section '.ignored' is unknown. Section ignored.
### mwldeppc.exe Linker Warning:
#   Section '.ignored' is unknown. Section ignored.
### mwldeppc.exe Linker Warning:
#   Section '.ignored' is unknown. Section ignored.
### mwldeppc.exe Linker Warning:
#   Section '.ignored' is unknown. Section ignored.
### mwldeppc.exe Linker Warning:
#   Section '.ignored' is unknown. Section ignored.
### mwldeppc.exe Linker Warning:
#   Section '.ignored' is unknown. Section ignored.
### mwldeppc.exe Linker Warning:
#   Section '.ignored' is unknown. Section ignored.
### mwldeppc.exe Linker Warning:
#   Section '.ignored' is unknown. Section ignored.
### mwldeppc.exe Linker Warning:
#   Section '.ignored' is unknown. Section ignored.
### mwldeppc.exe Linker Warning:
#   Section '.ignored' is unknown. Section ignored.
### mwldeppc.exe Linker Warning:
#   Section '.ignored' is unknown. Section ignored.
### mwldeppc.exe Linker Warning:
#   Section '.ignored' is unknown. Section ignored.
### mwldeppc.exe Linker Warning:
#   Section '.ignored' is unknown. Section ignored.
### mwldeppc.exe Linker Warning:
#   Section '.ignored' is unknown. Section ignored.
### mwldeppc.exe Linker Warning:
#   Section '.ignored' is unknown. Section ignored.
### mwldeppc.exe Linker Warning:
#   Section '.ignored' is unknown. Section ignored.
### mwldeppc.exe Linker Warning:
#   Section '.ignored' is unknown. Section ignored.
### mwldeppc.exe Linker Warning:
#   Section '.ignored' is unknown. Section ignored.
### mwldeppc.exe Linker Warning:
#   Section '.ignored' is unknown. Section ignored.
### mwldeppc.exe Linker Warning:
#   Section '.ignored' is unknown. Section ignored.
### mwldeppc.exe Linker Warning:
#   Section '.ignored' is unknown. Section ignored.
### mwldeppc.exe Linker Warning:
#   Section '.ignored' is unknown. Section ignored.
### mwldeppc.exe Linker Warning:
#   Section '.ignored' is unknown. Section ignored.
### mwldeppc.exe Linker Warning:
#   Section '.ignored' is unknown. Section ignored.
### mwldeppc.exe Linker Warning:
#   Section '.ignored' is unknown. Section ignored.
### mwldeppc.exe Linker Warning:
#   Section '.ignored' is unknown. Section ignored.
### mwldeppc.exe Linker Warning:
#   Section '.ignored' is unknown. Section ignored.
### mwldeppc.exe Linker Warning:
#   Section '.ignored' is unknown. Section ignored.
### mwldeppc.exe Linker Warning:
#   Section '.ignored' is unknown. Section ignored.
### mwldeppc.exe Linker Warning:
#   Section '.ignored' is unknown. Section ignored.
### mwldeppc.exe Linker Warning:
#   Section '.ignored' is unknown. Section ignored.
### mwldeppc.exe Linker Warning:
#   Section '.ignored' is unknown. Section ignored.
### mwldeppc.exe Linker Warning:
#   Section '.ignored' is unknown. Section ignored.
### mwldeppc.exe Linker Warning:
#   Section '.ignored' is unknown. Section ignored.
### mwldeppc.exe Linker Warning:
#   Section '.ignored' is unknown. Section ignored.
### mwldeppc.exe Linker Warning:
#   Section '.ignored' is unknown. Section ignored.
### mwldeppc.exe Linker Warning:
#   Section '.ignored' is unknown. Section ignored.
### mwldeppc.exe Linker Warning:
#   Section '.ignored' is unknown. Section ignored.
### mwldeppc.exe Linker Warning:
#   Section '.ignored' is unknown. Section ignored.
### mwldeppc.exe Linker Warning:
#   Section '.ignored' is unknown. Section ignored.
### mwldeppc.exe Linker Warning:
#   Section '.ignored' is unknown. Section ignored.
### mwldeppc.exe Linker Warning:
#   Section '.ignored' is unknown. Section ignored.
### mwldeppc.exe Linker Warning:
#   Section '.ignored' is unknown. Section ignored.
### mwldeppc.exe Linker Warning:
#   Section '.ignored' is unknown. Section ignored.
### mwldeppc.exe Linker Warning:
#   Section '.ignored' is unknown. Section ignored.
### mwldeppc.exe Linker Warning:
#   Section '.ignored' is unknown. Section ignored.
### mwldeppc.exe Linker Warning:
#   Section '.ignored' is unknown. Section ignored.
### mwldeppc.exe Linker Warning:
#   Section '.ignored' is unknown. Section ignored.
### mwldeppc.exe Linker Warning:
#   Section '.ignored' is unknown. Section ignored.
### mwldeppc.exe Linker Warning:
#   Section '.ignored' is unknown. Section ignored.
### mwldeppc.exe Linker Warning:
#   Section '.ignored' is unknown. Section ignored.
### mwldeppc.exe Linker Warning:
#   Section '.ignored' is unknown. Section ignored.
### mwldeppc.exe Linker Warning:
#   Section '.ignored' is unknown. Section ignored.
### mwldeppc.exe Linker Warning:
#   Section '.ignored' is unknown. Section ignored.
### mwldeppc.exe Linker Warning:
#   Section '.ignored' is unknown. Section ignored.
### mwldeppc.exe Linker Warning:
#   Section '.ignored' is unknown. Section ignored.
### mwldeppc.exe Linker Warning:
#   Section '.ignored' is unknown. Section ignored.
### mwldeppc.exe Linker Warning:
#   Section '.ignored' is unknown. Section ignored.
### mwldeppc.exe Linker Warning:
#   Section '.ignored' is unknown. Section ignored.
### mwldeppc.exe Linker Warning:
#   Section '.ignored' is unknown. Section ignored.
### mwldeppc.exe Linker Warning:
#   Section '.ignored' is unknown. Section ignored.
### mwldeppc.exe Linker Warning:
#   Section '.ignored' is unknown. Section ignored.
### mwldeppc.exe Linker Warning:
#   Section '.ignored' is unknown. Section ignored.
### mwldeppc.exe Linker Warning:
#   Section '.ignored' is unknown. Section ignored.
### mwldeppc.exe Linker Warning:
#   Section '.ignored' is unknown. Section ignored.
### mwldeppc.exe Linker Warning:
#   Section '.ignored' is unknown. Section ignored.
### mwldeppc.exe Linker Warning:
#   Section '.ignored' is unknown. Section ignored.
### mwldeppc.exe Linker Warning:
#   Section '.ignored' is unknown. Section ignored.
### mwldeppc.exe Linker Warning:
#   Section '.ignored' is unknown. Section ignored.
### mwldeppc.exe Linker Warning:
#   Section '.ignored' is unknown. Section ignored.
### mwldeppc.exe Linker Warning:
#   Section '.ignored' is unknown. Section ignored.
### mwldeppc.exe Linker Warning:
#   Section '.ignored' is unknown. Section ignored.
### mwldeppc.exe Linker Warning:
#   Section '.ignored' is unknown. Section ignored.
### mwldeppc.exe Linker Warning:
#   Section '.ignored' is unknown. Section ignored.
### mwldeppc.exe Linker Warning:
#   Section '.ignored' is unknown. Section ignored.
### mwldeppc.exe Linker Warning:
#   Section '.ignored' is unknown. Section ignored.
### mwldeppc.exe Linker Warning:
#   Section '.ignored' is unknown. Section ignored.
### mwldeppc.exe Linker Warning:
#   Section '.ignored' is unknown. Section ignored.
### mwldeppc.exe Linker Warning:
#   Section '.ignored' is unknown. Section ignored.
### mwldeppc.exe Linker Warning:
#   Section '.ignored' is unknown. Section ignored.
### mwldeppc.exe Linker Warning:
#   Section '.ignored' is unknown. Section ignored.
### mwldeppc.exe Linker Warning:
#   Section '.ignored' is unknown. Section ignored.
### mwldeppc.exe Linker Warning:
#   Section '.ignored' is unknown. Section ignored.
### mwldeppc.exe Linker Warning:
#   Section '.ignored' is unknown. Section ignored.
### mwldeppc.exe Linker Warning:
#   Section '.ignored' is unknown. Section ignored.
### mwldeppc.exe Linker Warning:
#   Section '.ignored' is unknown. Section ignored.
### mwldeppc.exe Linker Warning:
#   Section '.ignored' is unknown. Section ignored.
### mwldeppc.exe Linker Warning:
#   Section '.ignored' is unknown. Section ignored.
### mwldeppc.exe Linker Warning:
#   Section '.ignored' is unknown. Section ignored.
### mwldeppc.exe Linker Warning:
#   Section '.ignored' is unknown. Section ignored.
### mwldeppc.exe Linker Warning:
#   Section '.ignored' is unknown. Section ignored.
### mwldeppc.exe Linker Warning:
#   Section '.ignored' is unknown. Section ignored.
### mwldeppc.exe Linker Warning:
#   Section '.ignored' is unknown. Section ignored.
### mwldeppc.exe Linker Warning:
#   Section '.ignored' is unknown. Section ignored.
### mwldeppc.exe Linker Warning:
#   Section '.ignored' is unknown. Section ignored.
### mwldeppc.exe Linker Warning:
#   Section '.ignored' is unknown. Section ignored.
### mwldeppc.exe Linker Warning:
#   Section '.ignored' is unknown. Section ignored.
### mwldeppc.exe Linker Warning:
#   Section '.ignored' is unknown. Section ignored.
### mwldeppc.exe Linker Warning:
#   Section '.ignored' is unknown. Section ignored.
### mwldeppc.exe Linker Warning:
#   Section '.ignored' is unknown. Section ignored.
### mwldeppc.exe Linker Warning:
#   Section '.ignored' is unknown. Section ignored.
### mwldeppc.exe Linker Warning:
#   Section '.ignored' is unknown. Section ignored.
### mwldeppc.exe Linker Warning:
#   Section '.ignored' is unknown. Section ignored.
### mwldeppc.exe Linker Warning:
#   Section '.ignored' is unknown. Section ignored.
### mwldeppc.exe Linker Warning:
#   Section '.ignored' is unknown. Section ignored.
### mwldeppc.exe Linker Warning:
#   Section '.ignored' is unknown. Section ignored.
### mwldeppc.exe Linker Warning:
#   Section '.ignored' is unknown. Section ignored.
### mwldeppc.exe Linker Warning:
#   Section '.ignored' is unknown. Section ignored.
### mwldeppc.exe Linker Warning:
#   Section '.ignored' is unknown. Section ignored.
### mwldeppc.exe Linker Warning:
#   Section '.ignored' is unknown. Section ignored.
### mwldeppc.exe Linker Warning:
#   Section '.ignored' is unknown. Section ignored.
### mwldeppc.exe Linker Warning:
#   Section '.ignored' is unknown. Section ignored.
### mwldeppc.exe Linker Warning:
#   Section '.ignored' is unknown. Section ignored.
### mwldeppc.exe Linker Warning:
#   Section '.ignored' is unknown. Section ignored.
### mwldeppc.exe Linker Warning:
#   Section '.ignored' is unknown. Section ignored.
### mwldeppc.exe Linker Warning:
#   Section '.ignored' is unknown. Section ignored.
### mwldeppc.exe Linker Warning:
#   Section '.ignored' is unknown. Section ignored.
### mwldeppc.exe Linker Warning:
#   Section '.ignored' is unknown. Section ignored.
### mwldeppc.exe Linker Warning:
#   Section '.ignored' is unknown. Section ignored.
### mwldeppc.exe Linker Warning:
#   Section '.ignored' is unknown. Section ignored.
### mwldeppc.exe Linker Warning:
#   Section '.ignored' is unknown. Section ignored.
### mwldeppc.exe Linker Warning:
#   Section '.ignored' is unknown. Section ignored.
### mwldeppc.exe Linker Warning:
#   Section '.ignored' is unknown. Section ignored.
### mwldeppc.exe Linker Warning:
#   Section '.ignored' is unknown. Section ignored.
### mwldeppc.exe Linker Warning:
#   Section '.ignored' is unknown. Section ignored.
### mwldeppc.exe Linker Warning:
#   Section '.ignored' is unknown. Section ignored.
### mwldeppc.exe Linker Warning:
#   Section '.ignored' is unknown. Section ignored.
### mwldeppc.exe Linker Warning:
#   Section '.ignored' is unknown. Section ignored.
### mwldeppc.exe Linker Warning:
#   Section '.ignored' is unknown. Section ignored.
### mwldeppc.exe Linker Warning:
#   Section '.ignored' is unknown. Section ignored.
### mwldeppc.exe Linker Warning:
#   Section '.ignored' is unknown. Section ignored.
### mwldeppc.exe Linker Warning:
#   Section '.ignored' is unknown. Section ignored.
### mwldeppc.exe Linker Warning:
#   Section '.ignored' is unknown. Section ignored.
### mwldeppc.exe Linker Warning:
#   Section '.ignored' is unknown. Section ignored.
### mwldeppc.exe Linker Warning:
#   Section '.ignored' is unknown. Section ignored.
### mwldeppc.exe Linker Warning:
#   Section '.ignored' is unknown. Section ignored.
### mwldeppc.exe Linker Warning:
#   Section '.ignored' is unknown. Section ignored.
### mwldeppc.exe Linker Warning:
#   Section '.ignored' is unknown. Section ignored.
### mwldeppc.exe Linker Warning:
#   Section '.ignored' is unknown. Section ignored.
### mwldeppc.exe Linker Warning:
#   Section '.ignored' is unknown. Section ignored.
### mwldeppc.exe Linker Warning:
#   Section '.ignored' is unknown. Section ignored.
### mwldeppc.exe Linker Warning:
#   Section '.ignored' is unknown. Section ignored.
### mwldeppc.exe Linker Warning:
#   Section '.ignored' is unknown. Section ignored.
### mwldeppc.exe Linker Warning:
#   Section '.ignored' is unknown. Section ignored.
### mwldeppc.exe Linker Warning:
#   Section '.ignored' is unknown. Section ignored.
### mwldeppc.exe Linker Warning:
#   Section '.ignored' is unknown. Section ignored.
### mwldeppc.exe Linker Warning:
#   Section '.ignored' is unknown. Section ignored.
### mwldeppc.exe Linker Warning:
#   Section '.ignored' is unknown. Section ignored.
### mwldeppc.exe Linker Warning:
#   Section '.ignored' is unknown. Section ignored.
### mwldeppc.exe Linker Warning:
#   Section '.ignored' is unknown. Section ignored.
### mwldeppc.exe Linker Warning:
#   Section '.ignored' is unknown. Section ignored.
### mwldeppc.exe Linker Warning:
#   Section '.ignored' is unknown. Section ignored.
### mwldeppc.exe Linker Warning:
#   Section '.ignored' is unknown. Section ignored.
### mwldeppc.exe Linker Warning:
#   Section '.ignored' is unknown. Section ignored.
### mwldeppc.exe Linker Warning:
#   Section '.ignored' is unknown. Section ignored.
### mwldeppc.exe Linker Warning:
#   Section '.ignored' is unknown. Section ignored.
### mwldeppc.exe Linker Warning:
#   Section '.ignored' is unknown. Section ignored.
### mwldeppc.exe Linker Warning:
#   Section '.ignored' is unknown. Section ignored.
### mwldeppc.exe Linker Warning:
#   Section '.ignored' is unknown. Section ignored.
### mwldeppc.exe Linker Warning:
#   Section '.ignored' is unknown. Section ignored.
### mwldeppc.exe Linker Warning:
#   Section '.ignored' is unknown. Section ignored.
### mwldeppc.exe Linker Warning:
#   Section '.ignored' is unknown. Section ignored.
### mwldeppc.exe Linker Warning:
#   Section '.ignored' is unknown. Section ignored.
### mwldeppc.exe Linker Warning:
#   Section '.ignored' is unknown. Section ignored.
### mwldeppc.exe Linker Warning:
#   Section '.ignored' is unknown. Section ignored.
### mwldeppc.exe Linker Warning:
#   Section '.ignored' is unknown. Section ignored.
### mwldeppc.exe Linker Warning:
#   Section '.ignored' is unknown. Section ignored.
### mwldeppc.exe Linker Warning:
#   Section '.ignored' is unknown. Section ignored.
### mwldeppc.exe Linker Warning:
#   Section '.ignored' is unknown. Section ignored.
### mwldeppc.exe Linker Warning:
#   Section '.ignored' is unknown. Section ignored.
### mwldeppc.exe Linker Warning:
#   Section '.ignored' is unknown. Section ignored.
### mwldeppc.exe Linker Warning:
#   Section '.ignored' is unknown. Section ignored.
### mwldeppc.exe Linker Warning:
#   Section '.ignored' is unknown. Section ignored.
### mwldeppc.exe Linker Warning:
#   Section '.ignored' is unknown. Section ignored.
### mwldeppc.exe Linker Warning:
#   Section '.ignored' is unknown. Section ignored.
### mwldeppc.exe Linker Warning:
#   Section '.ignored' is unknown. Section ignored.
### mwldeppc.exe Linker Warning:
#   Section '.ignored' is unknown. Section ignored.
### mwldeppc.exe Linker Warning:
#   Section '.ignored' is unknown. Section ignored.
### mwldeppc.exe Linker Warning:
#   Section '.ignored' is unknown. Section ignored.
### mwldeppc.exe Linker Warning:
#   Section '.ignored' is unknown. Section ignored.
### mwldeppc.exe Linker Warning:
#   Section '.ignored' is unknown. Section ignored.
### mwldeppc.exe Linker Warning:
#   Section '.ignored' is unknown. Section ignored.
### mwldeppc.exe Linker Warning:
#   Section '.ignored' is unknown. Section ignored.
### mwldeppc.exe Linker Warning:
#   Section '.ignored' is unknown. Section ignored.
### mwldeppc.exe Linker Warning:
#   Section '.ignored' is unknown. Section ignored.
### mwldeppc.exe Linker Warning:
#   Section '.ignored' is unknown. Section ignored.
### mwldeppc.exe Linker Warning:
#   Section '.ignored' is unknown. Section ignored.
### mwldeppc.exe Linker Warning:
#   Section '.ignored' is unknown. Section ignored.
### mwldeppc.exe Linker Warning:
#   Section '.ignored' is unknown. Section ignored.
### mwldeppc.exe Linker Warning:
#   Section '.ignored' is unknown. Section ignored.
### mwldeppc.exe Linker Warning:
#   Section '.ignored' is unknown. Section ignored.
### mwldeppc.exe Linker Warning:
#   Section '.ignored' is unknown. Section ignored.
### mwldeppc.exe Linker Warning:
#   Section '.ignored' is unknown. Section ignored.
### mwldeppc.exe Linker Warning:
#   Section '.ignored' is unknown. Section ignored.
### mwldeppc.exe Linker Warning:
#   Section '.ignored' is unknown. Section ignored.
### mwldeppc.exe Linker Warning:
#   Section '.ignored' is unknown. Section ignored.
### mwldeppc.exe Linker Warning:
#   Section '.ignored' is unknown. Section ignored.
### mwldeppc.exe Linker Warning:
#   Section '.ignored' is unknown. Section ignored.
### mwldeppc.exe Linker Warning:
#   Section '.ignored' is unknown. Section ignored.
### mwldeppc.exe Linker Warning:
#   Section '.ignored' is unknown. Section ignored.
### mwldeppc.exe Linker Warning:
#   Section '.ignored' is unknown. Section ignored.
### mwldeppc.exe Linker Warning:
#   Section '.ignored' is unknown. Section ignored.
### mwldeppc.exe Linker Warning:
#   Section '.ignored' is unknown. Section ignored.
### mwldeppc.exe Linker Warning:
#   Section '.ignored' is unknown. Section ignored.
### mwldeppc.exe Linker Warning:
#   Section '.ignored' is unknown. Section ignored.
### mwldeppc.exe Linker Warning:
#   Section '.ignored' is unknown. Section ignored.
### mwldeppc.exe Linker Warning:
#   Section '.ignored' is unknown. Section ignored.
### mwldeppc.exe Linker Warning:
#   Section '.ignored' is unknown. Section ignored.
### mwldeppc.exe Linker Warning:
#   Section '.ignored' is unknown. Section ignored.
### mwldeppc.exe Linker Warning:
#   Section '.ignored' is unknown. Section ignored.
### mwldeppc.exe Linker Warning:
#   Section '.ignored' is unknown. Section ignored.
### mwldeppc.exe Linker Warning:
#   Section '.ignored' is unknown. Section ignored.
### mwldeppc.exe Linker Warning:
#   Section '.ignored' is unknown. Section ignored.
### mwldeppc.exe Linker Warning:
#   Section '.ignored' is unknown. Section ignored.
### mwldeppc.exe Linker Warning:
#   Section '.ignored' is unknown. Section ignored.
### mwldeppc.exe Linker Warning:
#   Section '.ignored' is unknown. Section ignored.
### mwldeppc.exe Linker Warning:
#   Section '.ignored' is unknown. Section ignored.
### mwldeppc.exe Linker Warning:
#   Section '.ignored' is unknown. Section ignored.
### mwldeppc.exe Linker Warning:
#   Section '.ignored' is unknown. Section ignored.
### mwldeppc.exe Linker Warning:
#   Section '.ignored' is unknown. Section ignored.
### mwldeppc.exe Linker Warning:
#   Section '.ignored' is unknown. Section ignored.
### mwldeppc.exe Linker Warning:
#   Section '.ignored' is unknown. Section ignored.
### mwldeppc.exe Linker Warning:
#   Section '.ignored' is unknown. Section ignored.
### mwldeppc.exe Linker Warning:
#   Section '.ignored' is unknown. Section ignored.
### mwldeppc.exe Linker Warning:
#   Section '.ignored' is unknown. Section ignored.
### mwldeppc.exe Linker Warning:
#   Section '.ignored' is unknown. Section ignored.
### mwldeppc.exe Linker Warning:
#   Section '.ignored' is unknown. Section ignored.
### mwldeppc.exe Linker Warning:
#   Section '.ignored' is unknown. Section ignored.
### mwldeppc.exe Linker Warning:
#   Section '.ignored' is unknown. Section ignored.
### mwldeppc.exe Linker Warning:
#   Section '.ignored' is unknown. Section ignored.
### mwldeppc.exe Linker Warning:
#   Section '.ignored' is unknown. Section ignored.
### mwldeppc.exe Linker Warning:
#   Section '.ignored' is unknown. Section ignored.
### mwldeppc.exe Linker Warning:
#   Section '.ignored' is unknown. Section ignored.
### mwldeppc.exe Linker Warning:
#   Section '.ignored' is unknown. Section ignored.
### mwldeppc.exe Linker Warning:
#   Section '.ignored' is unknown. Section ignored.
### mwldeppc.exe Linker Warning:
#   Section '.ignored' is unknown. Section ignored.
### mwldeppc.exe Linker Warning:
#   Section '.ignored' is unknown. Section ignored.
### mwldeppc.exe Linker Warning:
#   Section '.ignored' is unknown. Section ignored.
### mwldeppc.exe Linker Warning:
#   Section '.ignored' is unknown. Section ignored.
### mwldeppc.exe Linker Warning:
#   Section '.ignored' is unknown. Section ignored.
### mwldeppc.exe Linker Warning:
#   Section '.ignored' is unknown. Section ignored.
### mwldeppc.exe Linker Warning:
#   Section '.ignored' is unknown. Section ignored.
### mwldeppc.exe Linker Warning:
#   Section '.ignored' is unknown. Section ignored.
### mwldeppc.exe Linker Warning:
#   Section '.ignored' is unknown. Section ignored.
### mwldeppc.exe Linker Warning:
#   Section '.ignored' is unknown. Section ignored.
### mwldeppc.exe Linker Warning:
#   Section '.ignored' is unknown. Section ignored.
### mwldeppc.exe Linker Warning:
#   Section '.ignored' is unknown. Section ignored.
### mwldeppc.exe Linker Warning:
#   Section '.ignored' is unknown. Section ignored.
### mwldeppc.exe Linker Warning:
#   Section '.ignored' is unknown. Section ignored.
### mwldeppc.exe Linker Warning:
#   Section '.ignored' is unknown. Section ignored.
### mwldeppc.exe Linker Warning:
#   Section '.ignored' is unknown. Section ignored.
### mwldeppc.exe Linker Warning:
#   Section '.ignored' is unknown. Section ignored.
### mwldeppc.exe Linker Warning:
#   Section '.ignored' is unknown. Section ignored.
### mwldeppc.exe Linker Warning:
#   Section '.ignored' is unknown. Section ignored.
### mwldeppc.exe Linker Warning:
#   Section '.ignored' is unknown. Section ignored.
### mwldeppc.exe Linker Warning:
#   Section '.ignored' is unknown. Section ignored.
### mwldeppc.exe Linker Warning:
#   Section '.ignored' is unknown. Section ignored.
### mwldeppc.exe Linker Warning:
#   Section '.ignored' is unknown. Section ignored.
### mwldeppc.exe Linker Warning:
#   Section '.ignored' is unknown. Section ignored.
### mwldeppc.exe Linker Warning:
#   Section '.ignored' is unknown. Section ignored.
### mwldeppc.exe Linker Warning:
#   Section '.ignored' is unknown. Section ignored.
### mwldeppc.exe Linker Warning:
#   Section '.ignored' is unknown. Section ignored.
### mwldeppc.exe Linker Warning:
#   Section '.ignored' is unknown. Section ignored.
### mwldeppc.exe Linker Warning:
#   Section '.ignored' is unknown. Section ignored.
### mwldeppc.exe Linker Warning:
#   Section '.ignored' is unknown. Section ignored.
### mwldeppc.exe Linker Warning:
#   Section '.ignored' is unknown. Section ignored.
### mwldeppc.exe Linker Warning:
#   Section '.ignored' is unknown. Section ignored.
### mwldeppc.exe Linker Warning:
#   Section '.ignored' is unknown. Section ignored.
### mwldeppc.exe Linker Warning:
#   Section '.ignored' is unknown. Section ignored.
### mwldeppc.exe Linker Warning:
#   Section '.ignored' is unknown. Section ignored.
### mwldeppc.exe Linker Warning:
#   Section '.ignored' is unknown. Section ignored.
### mwldeppc.exe Linker Warning:
#   Section '.ignored' is unknown. Section ignored.
### mwldeppc.exe Linker Warning:
#   Section '.ignored' is unknown. Section ignored.
### mwldeppc.exe Linker Warning:
#   Section '.ignored' is unknown. Section ignored.
### mwldeppc.exe Linker Warning:
#   Section '.ignored' is unknown. Section ignored.
### mwldeppc.exe Linker Warning:
#   Section '.ignored' is unknown. Section ignored.
### mwldeppc.exe Linker Warning:
#   Section '.ignored' is unknown. Section ignored.
### mwldeppc.exe Linker Warning:
#   Section '.ignored' is unknown. Section ignored.
### mwldeppc.exe Linker Warning:
#   Section '.ignored' is unknown. Section ignored.
### mwldeppc.exe Linker Warning:
#   Section '.ignored' is unknown. Section ignored.
### mwldeppc.exe Linker Warning:
#   Section '.ignored' is unknown. Section ignored.
### mwldeppc.exe Linker Warning:
#   Section '.ignored' is unknown. Section ignored.
### mwldeppc.exe Linker Warning:
#   Section '.ignored' is unknown. Section ignored.
### mwldeppc.exe Linker Warning:
#   Section '.ignored' is unknown. Section ignored.
### mwldeppc.exe Linker Warning:
#   Section '.ignored' is unknown. Section ignored.
### mwldeppc.exe Linker Warning:
#   Section '.ignored' is unknown. Section ignored.
### mwldeppc.exe Linker Warning:
#   Section '.ignored' is unknown. Section ignored.
### mwldeppc.exe Linker Warning:
#   Section '.ignored' is unknown. Section ignored.
### mwldeppc.exe Linker Warning:
#   Section '.ignored' is unknown. Section ignored.
### mwldeppc.exe Linker Warning:
#   Section '.ignored' is unknown. Section ignored.
### mwldeppc.exe Linker Warning:
#   Section '.ignored' is unknown. Section ignored.
### mwldeppc.exe Linker Warning:
#   Section '.ignored' is unknown. Section ignored.
### mwldeppc.exe Linker Warning:
#   Section '.ignored' is unknown. Section ignored.
### mwldeppc.exe Linker Warning:
#   Section '.ignored' is unknown. Section ignored.
### mwldeppc.exe Linker Warning:
#   Section '.ignored' is unknown. Section ignored.
### mwldeppc.exe Linker Warning:
#   Section '.ignored' is unknown. Section ignored.
### mwldeppc.exe Linker Warning:
#   Section '.ignored' is unknown. Section ignored.
### mwldeppc.exe Linker Warning:
#   Section '.ignored' is unknown. Section ignored.
### mwldeppc.exe Linker Warning:
#   Section '.ignored' is unknown. Section ignored.
### mwldeppc.exe Linker Warning:
#   Section '.ignored' is unknown. Section ignored.
### mwldeppc.exe Linker Warning:
#   Section '.ignored' is unknown. Section ignored.
### mwldeppc.exe Linker Warning:
#   Section '.ignored' is unknown. Section ignored.
### mwldeppc.exe Linker Warning:
#   Section '.ignored' is unknown. Section ignored.
### mwldeppc.exe Linker Warning:
#   Section '.ignored' is unknown. Section ignored.
### mwldeppc.exe Linker Warning:
#   Section '.ignored' is unknown. Section ignored.
### mwldeppc.exe Linker Warning:
#   Section '.ignored' is unknown. Section ignored.
### mwldeppc.exe Linker Warning:
#   Section '.ignored' is unknown. Section ignored.
### mwldeppc.exe Linker Warning:
#   Section '.ignored' is unknown. Section ignored.
### mwldeppc.exe Linker Warning:
#   Section '.ignored' is unknown. Section ignored.
### mwldeppc.exe Linker Warning:
#   Section '.ignored' is unknown. Section ignored.
### mwldeppc.exe Linker Warning:
#   Section '.ignored' is unknown. Section ignored.
### mwldeppc.exe Linker Warning:
#   Section '.ignored' is unknown. Section ignored.
### mwldeppc.exe Linker Warning:
#   Section '.ignored' is unknown. Section ignored.
### mwldeppc.exe Linker Warning:
#   Section '.ignored' is unknown. Section ignored.
### mwldeppc.exe Linker Warning:
#   Section '.ignored' is unknown. Section ignored.
### mwldeppc.exe Linker Warning:
#   Section '.ignored' is unknown. Section ignored.
### mwldeppc.exe Linker Warning:
#   Section '.ignored' is unknown. Section ignored.
### mwldeppc.exe Linker Warning:
#   Section '.ignored' is unknown. Section ignored.
### mwldeppc.exe Linker Warning:
#   Section '.ignored' is unknown. Section ignored.
### mwldeppc.exe Linker Warning:
#   Section '.ignored' is unknown. Section ignored.
### mwldeppc.exe Linker Warning:
#   Section '.ignored' is unknown. Section ignored.
### mwldeppc.exe Linker Warning:
#   Section '.ignored' is unknown. Section ignored.
### mwldeppc.exe Linker Warning:
#   Section '.ignored' is unknown. Section ignored.
### mwldeppc.exe Linker Warning:
#   Section '.ignored' is unknown. Section ignored.
### mwldeppc.exe Linker Warning:
#   Section '.ignored' is unknown. Section ignored.
### mwldeppc.exe Linker Warning:
#   Section '.ignored' is unknown. Section ignored.
### mwldeppc.exe Linker Warning:
#   Section '.ignored' is unknown. Section ignored.
### mwldeppc.exe Linker Warning:
#   Section '.ignored' is unknown. Section ignored.
### mwldeppc.exe Linker Warning:
#   Section '.ignored' is unknown. Section ignored.
### mwldeppc.exe Linker Warning:
#   Section '.ignored' is unknown. Section ignored.
### mwldeppc.exe Linker Warning:
#   Section '.ignored' is unknown. Section ignored.
### mwldeppc.exe Linker Warning:
#   Section '.ignored' is unknown. Section ignored.
### mwldeppc.exe Linker Warning:
#   Section '.ignored' is unknown. Section ignored.
### mwldeppc.exe Linker Warning:
#   Section '.ignored' is unknown. Section ignored.
### mwldeppc.exe Linker Warning:
#   Section '.ignored' is unknown. Section ignored.
### mwldeppc.exe Linker Warning:
#   Section '.ignored' is unknown. Section ignored.
### mwldeppc.exe Linker Warning:
#   Section '.ignored' is unknown. Section ignored.
### mwldeppc.exe Linker Warning:
#   Section '.ignored' is unknown. Section ignored.
### mwldeppc.exe Linker Warning:
#   Section '.ignored' is unknown. Section ignored.
### mwldeppc.exe Linker Warning:
#   Section '.ignored' is unknown. Section ignored.
### mwldeppc.exe Linker Warning:
#   Section '.ignored' is unknown. Section ignored.
### mwldeppc.exe Linker Warning:
#   Section '.ignored' is unknown. Section ignored.
### mwldeppc.exe Linker Warning:
#   Section '.ignored' is unknown. Section ignored.
### mwldeppc.exe Linker Warning:
#   Section '.ignored' is unknown. Section ignored.
### mwldeppc.exe Linker Warning:
#   Section '.ignored' is unknown. Section ignored.
### mwldeppc.exe Linker Warning:
#   Section '.ignored' is unknown. Section ignored.
### mwldeppc.exe Linker Warning:
#   Section '.ignored' is unknown. Section ignored.
### mwldeppc.exe Linker Warning:
#   Section '.ignored' is unknown. Section ignored.
### mwldeppc.exe Linker Warning:
#   Section '.ignored' is unknown. Section ignored.
### mwldeppc.exe Linker Warning:
#   Section '.ignored' is unknown. Section ignored.
### mwldeppc.exe Linker Warning:
#   Section '.ignored' is unknown. Section ignored.
### mwldeppc.exe Linker Warning:
#   Section '.ignored' is unknown. Section ignored.
### mwldeppc.exe Linker Warning:
#   Section '.ignored' is unknown. Section ignored.
### mwldeppc.exe Linker Warning:
#   Section '.ignored' is unknown. Section ignored.
### mwldeppc.exe Linker Warning:
#   Section '.ignored' is unknown. Section ignored.
### mwldeppc.exe Linker Warning:
#   Section '.ignored' is unknown. Section ignored.
### mwldeppc.exe Linker Warning:
#   Section '.ignored' is unknown. Section ignored.
### mwldeppc.exe Linker Warning:
#   Section '.ignored' is unknown. Section ignored.
### mwldeppc.exe Linker Warning:
#   Section '.ignored' is unknown. Section ignored.
### mwldeppc.exe Linker Warning:
#   Section '.ignored' is unknown. Section ignored.
### mwldeppc.exe Linker Warning:
#   Section '.ignored' is unknown. Section ignored.
### mwldeppc.exe Linker Warning:
#   Section '.ignored' is unknown. Section ignored.
### mwldeppc.exe Linker Warning:
#   Section '.ignored' is unknown. Section ignored.
### mwldeppc.exe Linker Warning:
#   Section '.ignored' is unknown. Section ignored.
### mwldeppc.exe Linker Warning:
#   Section '.ignored' is unknown. Section ignored.
### mwldeppc.exe Linker Warning:
#   Section '.ignored' is unknown. Section ignored.
### mwldeppc.exe Linker Warning:
#   Section '.ignored' is unknown. Section ignored.
### mwldeppc.exe Linker Warning:
#   Section '.ignored' is unknown. Section ignored.
### mwldeppc.exe Linker Warning:
#   Section '.ignored' is unknown. Section ignored.
### mwldeppc.exe Linker Warning:
#   Section '.ignored' is unknown. Section ignored.
### mwldeppc.exe Linker Warning:
#   Section '.ignored' is unknown. Section ignored.
### mwldeppc.exe Linker Warning:
#   Section '.ignored' is unknown. Section ignored.
### mwldeppc.exe Linker Warning:
#   Section '.ignored' is unknown. Section ignored.
### mwldeppc.exe Linker Warning:
#   Section '.ignored' is unknown. Section ignored.
### mwldeppc.exe Linker Warning:
#   Section '.ignored' is unknown. Section ignored.
### mwldeppc.exe Linker Warning:
#   Section '.ignored' is unknown. Section ignored.
### mwldeppc.exe Linker Warning:
#   Section '.ignored' is unknown. Section ignored.
### mwldeppc.exe Linker Warning:
#   Section '.ignored' is unknown. Section ignored.
### mwldeppc.exe Linker Warning:
#   Section '.ignored' is unknown. Section ignored.
### mwldeppc.exe Linker Warning:
#   Section '.ignored' is unknown. Section ignored.
### mwldeppc.exe Linker Warning:
#   Section '.ignored' is unknown. Section ignored.
### mwldeppc.exe Linker Warning:
#   Section '.ignored' is unknown. Section ignored.
### mwldeppc.exe Linker Warning:
#   Section '.ignored' is unknown. Section ignored.
### mwldeppc.exe Linker Warning:
#   Section '.ignored' is unknown. Section ignored.
### mwldeppc.exe Linker Warning:
#   Section '.ignored' is unknown. Section ignored.
### mwldeppc.exe Linker Warning:
#   Section '.ignored' is unknown. Section ignored.
### mwldeppc.exe Linker Warning:
#   Section '.ignored' is unknown. Section ignored.
### mwldeppc.exe Linker Warning:
#   Section '.ignored' is unknown. Section ignored.
### mwldeppc.exe Linker Warning:
#   Section '.ignored' is unknown. Section ignored.
### mwldeppc.exe Linker Warning:
#   Section '.ignored' is unknown. Section ignored.
### mwldeppc.exe Linker Warning:
#   Section '.ignored' is unknown. Section ignored.
### mwldeppc.exe Linker Warning:
#   Section '.ignored' is unknown. Section ignored.
### mwldeppc.exe Linker Warning:
#   Section '.ignored' is unknown. Section ignored.
### mwldeppc.exe Linker Warning:
#   Section '.ignored' is unknown. Section ignored.
### mwldeppc.exe Linker Warning:
#   Section '.ignored' is unknown. Section ignored.
### mwldeppc.exe Linker Warning:
#   Section '.ignored' is unknown. Section ignored.
### mwldeppc.exe Linker Warning:
#   Section '.ignored' is unknown. Section ignored.
### mwldeppc.exe Linker Warning:
#   Section '.ignored' is unknown. Section ignored.
[868/870] DOL build/GEDE01/main.dol
[869/870] CHECK config/GEDE01/build.sha1
build/GEDE01/main.dol: OK
[870/870] PROGRESS
Progress:
  All: 56.30% fuzzy, 45.25% matched, 45.25% linked (6181 / 7068 files)
    Code: 1040976 / 2300692 bytes (5946 / 8214 functions)
    Data: 39482 / 4305642 bytes (0.92%)
  Game Code: 90.68% fuzzy, 72.83% matched, 72.83% linked (6163 / 6633 files)
    Code: 1037948 / 1425104 bytes (5884 / 6354 functions)
    Data: 39258 / 40426 bytes (97.11%)
  SDK/Runtime: 100.00% fuzzy, 100.00% matched, 100.00% linked (18 / 18 files)
    Code: 3028 / 3028 bytes (62 / 62 functions)
    Data: 224 / 224 bytes (100.00%)
