[1/885] MWCC build/GEDE01/src/game/game_fn_80008014.o
[2/885] MWCC build/GEDE01/src/game/game_fn_800094C0.o
[3/885] MWCC build/GEDE01/src/game/game_fn_800098C0.o
[4/885] MWCC build/GEDE01/src/game/game_fn_800096E0.o
[5/885] MWCC build/GEDE01/src/game/game_fn_800099D8.o
[6/885] MWCC build/GEDE01/src/game/game_fn_80009AB4.o
[7/885] MWCC build/GEDE01/src/game/game_fn_8000A26C.o
[8/885] MWCC build/GEDE01/src/game/game_fn_8000AC88.o
[9/885] MWCC build/GEDE01/src/game/game_fn_8000AEB4.o
[10/885] MWCC build/GEDE01/src/game/game_fn_8000AFB4.o
[11/885] MWCC build/GEDE01/src/game/game_fn_8000B1B8.o
[12/885] MWCC build/GEDE01/src/game/game_fn_8000B36C.o
[13/885] MWCC build/GEDE01/src/game/game_fn_8000B7FC.o
[14/885] MWCC build/GEDE01/src/game/game_fn_8000B630.o
[15/885] MWCC build/GEDE01/src/game/game_fn_8000B900.o
[16/885] MWCC build/GEDE01/src/game/game_fn_8000BA0C.o
[17/885] MWCC build/GEDE01/src/game/game_fn_8000BAA0.o
[18/885] MWCC build/GEDE01/src/game/game_fn_8000BC40.o
[19/885] MWCC build/GEDE01/src/game/game_fn_8000C17C.o
[20/885] MWCC build/GEDE01/src/game/game_fn_8000C06C.o
[21/885] MWCC build/GEDE01/src/game/game_fn_8000C400.o
[22/885] MWCC build/GEDE01/src/game/game_fn_8000C848.o
[23/885] MWCC build/GEDE01/src/game/game_fn_8000D0BC.o
[24/885] MWCC build/GEDE01/src/game/game_fn_8000C91C.o
[25/885] MWCC build/GEDE01/src/game/game_fn_8000D3D4.o
[26/885] MWCC build/GEDE01/src/game/game_fn_8000D590.o
[27/885] MWCC build/GEDE01/src/game/game_fn_8000D8A4.o
[28/885] MWCC build/GEDE01/src/game/game_fn_8000DA50.o
[29/885] MWCC build/GEDE01/src/game/game_fn_8000DAF4.o
[30/885] MWCC build/GEDE01/src/game/game_fn_8000E054.o
[31/885] MWCC build/GEDE01/src/game/game_fn_8000E0AC.o
[32/885] MWCC build/GEDE01/src/game/game_fn_8000E138.o
[33/885] MWCC build/GEDE01/src/game/game_fn_8000E1C4.o
[34/885] MWCC build/GEDE01/src/game/game_fn_8000E96C.o
[35/885] MWCC build/GEDE01/src/game/game_fn_8000EB14.o
[36/885] MWCC build/GEDE01/src/game/game_fn_8000EBD4.o
[37/885] MWCC build/GEDE01/src/game/game_fn_8000ED44.o
[38/885] MWCC build/GEDE01/src/game/game_fn_8000EFC4.o
[39/885] MWCC build/GEDE01/src/game/game_fn_8000F4B0.o
[40/885] MWCC build/GEDE01/src/game/game_fn_8000F774.o
[41/885] MWCC build/GEDE01/src/game/game_fn_8000FDE8.o
[42/885] MWCC build/GEDE01/src/game/game_fn_8000FFD8.o
[43/885] MWCC build/GEDE01/src/game/game_fn_800119FC.o
[44/885] MWCC build/GEDE01/src/game/game_fn_80012DA8.o
[45/885] MWCC build/GEDE01/src/game/game_fn_80012F40.o
[46/885] MWCC build/GEDE01/src/game/game_fn_80012FD0.o
[47/885] MWCC build/GEDE01/src/game/game_fn_800131E8.o
[48/885] MWCC build/GEDE01/src/game/game_fn_80013340.o
[49/885] MWCC build/GEDE01/src/game/game_fn_80013870.o
[50/885] MWCC build/GEDE01/src/game/game_fn_80013CB0.o
[51/885] MWCC build/GEDE01/src/game/game_fn_80013D54.o
[52/885] MWCC build/GEDE01/src/game/game_fn_800142DC.o
[53/885] MWCC build/GEDE01/src/game/game_fn_800144CC.o
[54/885] MWCC build/GEDE01/src/game/game_fn_80014784.o
[55/885] MWCC build/GEDE01/src/game/game_fn_800149D4.o
[56/885] MWCC build/GEDE01/src/game/game_fn_80015058.o
[57/885] MWCC build/GEDE01/src/game/game_fn_80015320.o
[58/885] MWCC build/GEDE01/src/game/game_fn_80015568.o
[59/885] MWCC build/GEDE01/src/game/game_fn_800156FC.o
[60/885] MWCC build/GEDE01/src/game/game_fn_80015BE0.o
[61/885] MWCC build/GEDE01/src/game/game_fn_80015D40.o
[62/885] MWCC build/GEDE01/src/game/game_fn_80015F04.o
[63/885] MWCC build/GEDE01/src/game/game_fn_80016128.o
[64/885] MWCC build/GEDE01/src/game/game_fn_80016270.o
[65/885] MWCC build/GEDE01/src/game/game_fn_80016904.o
[66/885] MWCC build/GEDE01/src/game/game_fn_80016B24.o
[67/885] MWCC build/GEDE01/src/game/game_fn_800171C0.o
[68/885] MWCC build/GEDE01/src/game/game_fn_800173CC.o
[69/885] MWCC build/GEDE01/src/game/game_fn_800176F0.o
[70/885] MWCC build/GEDE01/src/game/game_fn_80017910.o
[71/885] MWCC build/GEDE01/src/game/game_fn_800179AC.o
[72/885] MWCC build/GEDE01/src/game/game_fn_80017A3C.o
[73/885] MWCC build/GEDE01/src/game/game_fn_80017AE4.o
[74/885] MWCC build/GEDE01/src/game/game_fn_80017C3C.o
[75/885] MWCC build/GEDE01/src/game/game_fn_80017CC8.o
[76/885] MWCC build/GEDE01/src/game/game_fn_80017DB0.o
[77/885] MWCC build/GEDE01/src/game/game_fn_80018EF4.o
[78/885] MWCC build/GEDE01/src/game/game_fn_80019054.o
[79/885] MWCC build/GEDE01/src/game/game_fn_80019244.o
[80/885] MWCC build/GEDE01/src/game/game_fn_800194D0.o
[81/885] MWCC build/GEDE01/src/game/game_fn_80019940.o
[82/885] MWCC build/GEDE01/src/game/game_fn_80019C10.o
[83/885] MWCC build/GEDE01/src/game/game_fn_80019D2C.o
[84/885] MWCC build/GEDE01/src/game/game_fn_80019F98.o
[85/885] MWCC build/GEDE01/src/game/game_fn_8001AAB8.o
[86/885] MWCC build/GEDE01/src/game/game_fn_8001A6C4.o
[87/885] MWCC build/GEDE01/src/game/game_fn_8001ADF8.o
[88/885] MWCC build/GEDE01/src/game/game_fn_8001AF68.o
[89/885] MWCC build/GEDE01/src/game/game_fn_8001B124.o
[90/885] MWCC build/GEDE01/src/game/game_fn_8001B294.o
[91/885] MWCC build/GEDE01/src/game/game_fn_8001B808.o
[92/885] MWCC build/GEDE01/src/game/game_fn_8001B874.o
[93/885] MWCC build/GEDE01/src/game/game_fn_8001CA04.o
[94/885] MWCC build/GEDE01/src/game/game_fn_8001C078.o
[95/885] MWCC build/GEDE01/src/game/game_fn_8001CD58.o
[96/885] MWCC build/GEDE01/src/game/game_fn_8001CE94.o
[97/885] MWCC build/GEDE01/src/game/game_fn_8001E644.o
[98/885] MWCC build/GEDE01/src/game/game_fn_8001FE1C.o
[99/885] MWCC build/GEDE01/src/game/game_fn_80020E94.o
[100/885] MWCC build/GEDE01/src/game/game_fn_80024F28.o
[101/885] MWCC build/GEDE01/src/game/game_fn_800272B4.o
[102/885] MWCC build/GEDE01/src/game/game_fn_8002B748.o
[103/885] MWCC build/GEDE01/src/game/game_fn_8002DAE0.o
[104/885] MWCC build/GEDE01/src/game/game_fn_8002E3F0.o
[105/885] MWCC build/GEDE01/src/game/game_fn_8002EA68.o
[106/885] MWCC build/GEDE01/src/game/game_fn_8002F428.o
[107/885] MWCC build/GEDE01/src/game/game_fn_80031544.o
[108/885] MWCC build/GEDE01/src/game/game_fn_8003232C.o
[109/885] MWCC build/GEDE01/src/game/game_fn_80032B84.o
[110/885] MWCC build/GEDE01/src/game/game_fn_80033038.o
[111/885] MWCC build/GEDE01/src/game/game_fn_80033180.o
[112/885] MWCC build/GEDE01/src/game/game_fn_800359A0.o
[113/885] MWCC build/GEDE01/src/game/game_fn_800361F8.o
[114/885] MWCC build/GEDE01/src/game/game_fn_80036C40.o
[115/885] MWCC build/GEDE01/src/game/game_fn_80038878.o
[116/885] MWCC build/GEDE01/src/game/game_fn_80048ADC.o
[117/885] MWCC build/GEDE01/src/game/game_fn_80048B24.o
[118/885] MWCC build/GEDE01/src/game/game_fn_8004998C.o
[119/885] MWCC build/GEDE01/src/game/game_fn_80052310.o
[120/885] MWCC build/GEDE01/src/game/game_fn_800542D0.o
[121/885] MWCC build/GEDE01/src/game/game_fn_8005EC6C.o
[122/885] MWCC build/GEDE01/src/game/game_fn_8005EE9C.o
[123/885] MWCC build/GEDE01/src/game/game_data_80239E10.o
[124/885] MWCC build/GEDE01/src/game/game_data_80239E18.o
[125/885] MWCC build/GEDE01/src/game/game_fn_8005FD84.o
[126/885] MWCC build/GEDE01/src/game/game_fn_80066888.o
[127/885] MWCC build/GEDE01/src/game/game_fn_80066E78.o
[128/885] MWCC build/GEDE01/src/game/game_fn_8006B0F0.o
[129/885] MWCC build/GEDE01/src/game/game_fn_8006B620.o
[130/885] MWCC build/GEDE01/src/game/game_fn_8006E53C.o
[131/885] MWCC build/GEDE01/src/game/game_fn_80071A58.o
[132/885] MWCC build/GEDE01/src/game/game_fn_80074310.o
[133/885] MWCC build/GEDE01/src/game/game_fn_80078500.o
[134/885] MWCC build/GEDE01/src/game/game_fn_80079908.o
[135/885] MWCC build/GEDE01/src/game/game_fn_80079AA4.o
[136/885] MWCC build/GEDE01/src/game/game_fn_8007B2F4.o
[137/885] MWCC build/GEDE01/src/game/game_fn_8007B540.o
[138/885] MWCC build/GEDE01/src/game/game_fn_8007B640.o
[139/885] MWCC build/GEDE01/src/game/game_fn_8007B828.o
[140/885] MWCC build/GEDE01/src/game/game_fn_8007BA3C.o
[141/885] MWCC build/GEDE01/src/game/game_fn_8007D4D8.o
[142/885] MWCC build/GEDE01/src/game/game_fn_8007F770.o
[143/885] MWCC build/GEDE01/src/game/game_fn_800886D8.o
[144/885] MWCC build/GEDE01/src/game/game_fn_80088F4C.o
[145/885] MWCC build/GEDE01/src/game/game_fn_8008A2E0.o
[146/885] MWCC build/GEDE01/src/game/game_fn_8008F224.o
[147/885] MWCC build/GEDE01/src/game/game_fn_8008F890.o
[148/885] MWCC build/GEDE01/src/game/game_fn_80090004.o
[149/885] MWCC build/GEDE01/src/game/game_fn_800934A0.o
[150/885] MWCC build/GEDE01/src/game/game_fn_80095D10.o
[151/885] MWCC build/GEDE01/src/game/game_fn_80095FDC.o
[152/885] MWCC build/GEDE01/src/game/game_fn_80096830.o
[153/885] MWCC build/GEDE01/src/game/game_fn_8009C424.o
[154/885] MWCC build/GEDE01/src/game/game_fn_8009E808.o
[155/885] MWCC build/GEDE01/src/game/game_fn_800A2130.o
[156/885] MWCC build/GEDE01/src/game/game_fn_800A2FCC.o
[157/885] MWCC build/GEDE01/src/game/game_fn_800A3180.o
[158/885] MWCC build/GEDE01/src/game/game_fn_800A3894.o
[159/885] MWCC build/GEDE01/src/game/game_fn_800A4428.o
[160/885] MWCC build/GEDE01/src/game/game_fn_800A4798.o
[161/885] MWCC build/GEDE01/src/game/game_fn_800A7E88.o
[162/885] MWCC build/GEDE01/src/game/game_fn_800AF230.o
[163/885] MWCC build/GEDE01/src/game/game_fn_800B2EC0.o
[164/885] MWCC build/GEDE01/src/game/game_fn_800BB5C4.o
[165/885] MWCC build/GEDE01/src/game/game_fn_800BB7A8.o
[166/885] MWCC build/GEDE01/src/game/game_fn_800BB9A4.o
[167/885] MWCC build/GEDE01/src/game/game_fn_800BBAF0.o
[168/885] MWCC build/GEDE01/src/game/game_fn_800C17EC.o
[169/885] MWCC build/GEDE01/src/game/game_fn_800C59F0.o
[170/885] MWCC build/GEDE01/src/game/game_fn_800C644C.o
[171/885] MWCC build/GEDE01/src/game/game_fn_800C65FC.o
[172/885] MWCC build/GEDE01/src/game/game_fn_800C9C60.o
[173/885] MWCC build/GEDE01/src/game/game_fn_800CB760.o
[174/885] MWCC build/GEDE01/src/game/game_fn_800CB8F4.o
[175/885] MWCC build/GEDE01/src/game/game_fn_800CF598.o
[176/885] MWCC build/GEDE01/src/game/game_fn_800D9064.o
[177/885] MWCC build/GEDE01/src/game/game_fn_800D9E10.o
[178/885] MWCC build/GEDE01/src/game/game_fn_800E4980.o
[179/885] MWCC build/GEDE01/src/game/game_TRKNubWelcome.o
[180/885] MWCC build/GEDE01/src/game/game_TRK_main.o
[181/885] MWCC build/GEDE01/src/game/game_InitMetroTRKCommTable.o
[182/885] MWCC build/GEDE01/src/game/game_fn_800FD0C8.o
[183/885] MWCC build/GEDE01/src/game/game_fn_8010242C.o
[184/885] MWCC build/GEDE01/src/game/game_fn_801098C0.o
[185/885] MWCC build/GEDE01/src/game/game_fn_8010F184.o
[186/885] MWCC build/GEDE01/src/game/game_fn_801126E0.o
[187/885] MWCC build/GEDE01/src/game/game_fn_801128E4.o
[188/885] MWCC build/GEDE01/src/game/game_fn_801141B8.o
[189/885] MWCC build/GEDE01/src/game/game_fn_8011F140.o
[190/885] MWCC build/GEDE01/src/game/game_fn_801247F8.o
[191/885] MWCC build/GEDE01/src/game/game_fn_80126A00.o
[192/885] MWCC build/GEDE01/src/game/game_fn_8012976C.o
[193/885] MWCC build/GEDE01/src/game/game_fn_8012DB28.o
[194/885] MWCC build/GEDE01/src/game/game_fn_8013CBE4.o
[195/885] MWCC build/GEDE01/src/game/game_fn_8013D6A4.o
[196/885] MWCC build/GEDE01/src/game/game_fn_8013DB8C.o
[197/885] MWCC build/GEDE01/src/game/game_fn_8014549C.o
[198/885] MWCC build/GEDE01/src/game/game_fn_8014AF38.o
[199/885] MWCC build/GEDE01/src/game/game_fn_8014B494.o
[200/885] MWCC build/GEDE01/src/game/game_fn_8014CA98.o
[201/885] MWCC build/GEDE01/src/game/game_fn_801535D8.o
[202/885] MWCC build/GEDE01/src/game/game_fn_80153898.o
[203/885] MWCC build/GEDE01/src/game/game_fn_80153A24.o
[204/885] MWCC build/GEDE01/src/game/game_fn_80154F74.o
[205/885] MWCC build/GEDE01/src/game/game_fn_80155814.o
[206/885] MWCC build/GEDE01/src/game/game_fn_80157C0C.o
[207/885] MWCC build/GEDE01/src/game/game_fn_80158B20.o
[208/885] MWCC build/GEDE01/src/game/game_fn_80158D38.o
[209/885] MWCC build/GEDE01/src/game/game_fn_8015DB84.o
[210/885] MWCC build/GEDE01/src/game/game_fn_8015DC54.o
[211/885] MWCC build/GEDE01/src/game/game_fn_8015EDC0.o
[212/885] MWCC build/GEDE01/src/game/game_fn_80167454.o
[213/885] MWCC build/GEDE01/src/game/game_fn_80167B5C.o
[214/885] MWCC build/GEDE01/src/game/game_fn_80169650.o
[215/885] MWCC build/GEDE01/src/game/game_fn_8016BD0C.o
[216/885] MWCC build/GEDE01/src/game/game_fn_8016BE1C.o
[217/885] MWCC build/GEDE01/src/game/game_fn_8016BF60.o
[218/885] MWCC build/GEDE01/src/game/game_fn_8016C0BC.o
[219/885] MWCC build/GEDE01/src/game/game_fn_8016C164.o
[220/885] MWCC build/GEDE01/src/game/game_fn_8016C238.o
[221/885] MWCC build/GEDE01/src/game/game_fn_8016C4BC.o
[222/885] MWCC build/GEDE01/src/game/game_fn_8016C774.o
[223/885] MWCC build/GEDE01/src/game/game_fn_8016D040.o
[224/885] MWCC build/GEDE01/src/game/game_fn_8016D1F8.o
[225/885] MWCC build/GEDE01/src/game/game_fn_8016D2B8.o
[226/885] MWCC build/GEDE01/src/game/game_fn_8016D9C0.o
[227/885] MWCC build/GEDE01/src/game/game_fn_8016DF4C.o
[228/885] MWCC build/GEDE01/src/game/game_fn_8016E8F8.o
[229/885] MWCC build/GEDE01/src/game/game_fn_8016FEF8.o
[230/885] MWCC build/GEDE01/src/game/game_fn_8017038C.o
[231/885] MWCC build/GEDE01/src/game/game_fn_801704F8.o
[232/885] MWCC build/GEDE01/src/game/game_fn_801706DC.o
[233/885] MWCC build/GEDE01/src/game/game_fn_80170A40.o
[234/885] MWCC build/GEDE01/src/game/game_fn_80170DF4.o
[235/885] MWCC build/GEDE01/src/game/game_fn_80170E9C.o
[236/885] MWCC build/GEDE01/src/game/game_fn_8017138C.o
[237/885] MWCC build/GEDE01/src/game/game_fn_80171664.o
[238/885] MWCC build/GEDE01/src/game/game_fn_801718F4.o
[239/885] MWCC build/GEDE01/src/game/game_fn_801719B4.o
[240/885] MWCC build/GEDE01/src/game/game_fn_80171F30.o
[241/885] MWCC build/GEDE01/src/game/game_fn_8017250C.o
[242/885] MWCC build/GEDE01/src/game/game_fn_801726EC.o
[243/885] MWCC build/GEDE01/src/game/game_fn_80172BB0.o
[244/885] MWCC build/GEDE01/src/game/game_fn_80172C78.o
[245/885] MWCC build/GEDE01/src/game/game_fn_80172DB8.o
[246/885] MWCC build/GEDE01/src/game/game_fn_80173270.o
[247/885] MWCC build/GEDE01/src/game/game_fn_801734B4.o
[248/885] MWCC build/GEDE01/src/game/game_fn_80173770.o
[249/885] MWCC build/GEDE01/src/game/game_fn_80173D44.o
[250/885] MWCC build/GEDE01/src/game/game_fn_80173F04.o
[251/885] MWCC build/GEDE01/src/game/game_fn_80174184.o
[252/885] MWCC build/GEDE01/src/game/game_fn_80174358.o
[253/885] MWCC build/GEDE01/src/game/game_fn_80174F2C.o
[254/885] MWCC build/GEDE01/src/game/game_fn_8017553C.o
[255/885] MWCC build/GEDE01/src/game/game_fn_80175A08.o
[256/885] MWCC build/GEDE01/src/game/game_fn_80175E64.o
[257/885] MWCC build/GEDE01/src/game/game_fn_80175F0C.o
[258/885] MWCC build/GEDE01/src/game/game_fn_80175FD4.o
[259/885] MWCC build/GEDE01/src/game/game_fn_80176098.o
[260/885] MWCC build/GEDE01/src/game/game_fn_80176160.o
[261/885] MWCC build/GEDE01/src/game/game_fn_80176220.o
[262/885] MWCC build/GEDE01/src/game/game_fn_801762E8.o
[263/885] MWCC build/GEDE01/src/game/game_fn_8017652C.o
[264/885] MWCC build/GEDE01/src/game/game_fn_80176DF4.o
[265/885] MWCC build/GEDE01/src/game/game_fn_80176FA0.o
[266/885] MWCC build/GEDE01/src/game/game_fn_801770F8.o
[267/885] MWCC build/GEDE01/src/game/game_fn_8017718C.o
[268/885] MWCC build/GEDE01/src/game/game_fn_80178F88.o
[269/885] MWCC build/GEDE01/src/game/game_fn_80177434.o
[270/885] MWCC build/GEDE01/src/game/game_fn_80179398.o
[271/885] MWCC build/GEDE01/src/game/game_fn_8017960C.o
[272/885] MWCC build/GEDE01/src/game/game_fn_8017974C.o
[273/885] MWCC build/GEDE01/src/game/game_fn_80179904.o
[274/885] MWCC build/GEDE01/src/game/game_fn_80179A18.o
[275/885] MWCC build/GEDE01/src/game/game_fn_80179A74.o
[276/885] MWCC build/GEDE01/src/game/game_fn_80179EB8.o
[277/885] MWCC build/GEDE01/src/game/game_fn_80179F20.o
[278/885] MWCC build/GEDE01/src/game/game_fn_8017A010.o
[279/885] MWCC build/GEDE01/src/game/game_fn_8017A12C.o
[280/885] MWCC build/GEDE01/src/game/game_fn_8017A1C0.o
[281/885] MWCC build/GEDE01/src/game/game_fn_8017A9B8.o
[282/885] MWCC build/GEDE01/src/game/game_fn_8017AC20.o
[283/885] MWCC build/GEDE01/src/game/game_fn_8017E850.o
[284/885] MWCC build/GEDE01/src/game/game_fn_8017E958.o
[285/885] MWCC build/GEDE01/src/game/game_fn_80180DDC.o
[286/885] MWCC build/GEDE01/src/game/game_fn_801810A0.o
[287/885] MWCC build/GEDE01/src/game/game_fn_801816D4.o
[288/885] MWCC build/GEDE01/src/game/game_fn_801859FC.o
[289/885] MWCC build/GEDE01/src/game/game_fn_80185AE8.o
[290/885] MWCC build/GEDE01/src/game/game_fn_80185F10.o
[291/885] MWCC build/GEDE01/src/game/game_fn_801865EC.o
[292/885] MWCC build/GEDE01/src/game/game_fn_8018680C.o
[293/885] MWCC build/GEDE01/src/game/game_fn_80186E10.o
[294/885] MWCC build/GEDE01/src/game/game_fn_80186F70.o
[295/885] MWCC build/GEDE01/src/game/game_fn_80187120.o
[296/885] MWCC build/GEDE01/src/game/game_fn_80187320.o
[297/885] MWCC build/GEDE01/src/game/game_fn_801875FC.o
[298/885] MWCC build/GEDE01/src/game/game_fn_801878E0.o
[299/885] MWCC build/GEDE01/src/game/game_fn_80187BB4.o
[300/885] MWCC build/GEDE01/src/game/game_fn_80188A7C.o
[301/885] MWCC build/GEDE01/src/game/game_fn_80188B44.o
[302/885] MWCC build/GEDE01/src/game/game_fn_80188C1C.o
[303/885] MWCC build/GEDE01/src/game/game_fn_80188E28.o
[304/885] MWCC build/GEDE01/src/game/game_fn_80189028.o
[305/885] MWCC build/GEDE01/src/game/game_fn_801891D8.o
[306/885] MWCC build/GEDE01/src/game/game_fn_80189390.o
[307/885] MWCC build/GEDE01/src/game/game_fn_801895E8.o
[308/885] MWCC build/GEDE01/src/game/game_fn_801896A0.o
[309/885] MWCC build/GEDE01/src/game/game_fn_80189760.o
[310/885] MWCC build/GEDE01/src/game/game_fn_80189968.o
[311/885] MWCC build/GEDE01/src/game/game_fn_80189C14.o
[312/885] MWCC build/GEDE01/src/game/game_fn_8018C2D0.o
[313/885] MWCC build/GEDE01/src/game/game_fn_8018D1F0.o
[314/885] MWCC build/GEDE01/src/game/game_fn_8018D2E0.o
[315/885] MWCC build/GEDE01/src/game/game_fn_8018D400.o
[316/885] MWCC build/GEDE01/src/game/game_fn_8018D688.o
[317/885] MWCC build/GEDE01/src/game/game_fn_8018E0D8.o
[318/885] MWCC build/GEDE01/src/game/game_fn_8018F1D0.o
[319/885] MWCC build/GEDE01/src/game/game_fn_8018F81C.o
[320/885] MWCC build/GEDE01/src/game/game_fn_8018FEDC.o
[321/885] MWCC build/GEDE01/src/game/game_fn_8019120C.o
[322/885] MWCC build/GEDE01/src/game/game_fn_80191360.o
[323/885] MWCC build/GEDE01/src/game/game_fn_801916D0.o
[324/885] MWCC build/GEDE01/src/game/game_fn_8019197C.o
[325/885] MWCC build/GEDE01/src/game/game_fn_80191F58.o
[326/885] MWCC build/GEDE01/src/game/game_fn_801926EC.o
[327/885] MWCC build/GEDE01/src/game/game_fn_801929A4.o
[328/885] MWCC build/GEDE01/src/game/game_fn_80192F54.o
[329/885] MWCC build/GEDE01/src/game/game_fn_801931C4.o
[330/885] MWCC build/GEDE01/src/game/game_fn_80193E1C.o
[331/885] MWCC build/GEDE01/src/game/game_fn_80193F3C.o
[332/885] MWCC build/GEDE01/src/game/game_fn_80194F80.o
[333/885] MWCC build/GEDE01/src/game/game_fn_80197910.o
[334/885] MWCC build/GEDE01/src/game/game_fn_80198154.o
[335/885] MWCC build/GEDE01/src/game/game_fn_80198AAC.o
[336/885] MWCC build/GEDE01/src/game/game_fn_80198BF4.o
[337/885] MWCC build/GEDE01/src/game/game_fn_801991E0.o
[338/885] MWCC build/GEDE01/src/game/game_fn_8019B1BC.o
[339/885] MWCC build/GEDE01/src/game/game_fn_8019CC28.o
[340/885] MWCC build/GEDE01/src/game/game_fn_8019CFC4.o
[341/885] MWCC build/GEDE01/src/game/game_fn_8019E5E4.o
[342/885] MWCC build/GEDE01/src/game/game_fn_8019E8C8.o
[343/885] MWCC build/GEDE01/src/game/game_fn_801A1F18.o
[344/885] MWCC build/GEDE01/src/game/game_fn_801A2A54.o
[345/885] MWCC build/GEDE01/src/game/game_fn_801A34BC.o
[346/885] MWCC build/GEDE01/src/game/game_fn_801A3A78.o
[347/885] MWCC build/GEDE01/src/game/game_fn_801A4CE0.o
[348/885] MWCC build/GEDE01/src/game/game_fn_801A5FB0.o
[349/885] MWCC build/GEDE01/src/game/game_fn_801A6410.o
[350/885] MWCC build/GEDE01/src/game/game_fn_801A657C.o
[351/885] MWCC build/GEDE01/src/game/game_fn_801A6ADC.o
[352/885] MWCC build/GEDE01/src/game/game_fn_801A6C58.o
[353/885] MWCC build/GEDE01/src/game/game_fn_801A6CB4.o
[354/885] MWCC build/GEDE01/src/game/game_fn_801A7E04.o
[355/885] MWCC build/GEDE01/src/game/game_fn_801A7EA8.o
[356/885] MWCC build/GEDE01/src/game/game_fn_801A93E8.o
[357/885] MWCC build/GEDE01/src/game/game_fn_801AB154.o
[358/885] MWCC build/GEDE01/src/game/game_fn_801ABD3C.o
[359/885] MWCC build/GEDE01/src/game/game_fn_801AC8AC.o
[360/885] MWCC build/GEDE01/src/game/game_fn_801ACFE8.o
[361/885] MWCC build/GEDE01/src/game/game_fn_801AD08C.o
[362/885] MWCC build/GEDE01/src/game/game_fn_801AFA74.o
[363/885] MWCC build/GEDE01/src/game/game_fn_801B02F0.o
[364/885] MWCC build/GEDE01/src/game/game_fn_801B1BA0.o
[365/885] MWCC build/GEDE01/src/game/game_fn_801B35BC.o
[366/885] MWCC build/GEDE01/src/game/game_fn_801B46C8.o
[367/885] MWCC build/GEDE01/src/game/game_fn_801B4FB4.o
[368/885] MWCC build/GEDE01/src/game/game_fn_801B5228.o
[369/885] MWCC build/GEDE01/src/game/game_fn_801B58F0.o
[370/885] MWCC build/GEDE01/src/game/game_fn_801B6F1C.o
[371/885] MWCC build/GEDE01/src/game/game_fn_801B86C0.o
[372/885] MWCC build/GEDE01/src/game/game_fn_801B941C.o
[373/885] MWCC build/GEDE01/src/game/game_fn_801B9E7C.o
[374/885] MWCC build/GEDE01/src/game/game_fn_801BA15C.o
[375/885] MWCC build/GEDE01/src/game/game_fn_801BA708.o
[376/885] MWCC build/GEDE01/src/game/game_fn_801BB1A0.o
[377/885] MWCC build/GEDE01/src/game/game_fn_801BC0D4.o
[378/885] MWCC build/GEDE01/src/game/game_fn_801BC240.o
[379/885] MWCC build/GEDE01/src/game/game_fn_801BC8F4.o
[380/885] MWCC build/GEDE01/src/game/game_fn_801BCC04.o
[381/885] MWCC build/GEDE01/src/game/game_fn_801BD990.o
[382/885] MWCC build/GEDE01/src/game/game_fn_801BDE7C.o
[383/885] MWCC build/GEDE01/src/game/game_fn_801BE0D4.o
[384/885] MWCC build/GEDE01/src/game/game_fn_801C1CB0.o
[385/885] MWCC build/GEDE01/src/game/game_fn_801BEF40.o
[386/885] MWCC build/GEDE01/src/game/game_fn_801C2980.o
[387/885] MWCC build/GEDE01/src/game/game_fn_801C29BC.o
[388/885] MWCC build/GEDE01/src/game/game_fn_801C2AAC.o
[389/885] MWCC build/GEDE01/src/game/game_fn_801C2D9C.o
[390/885] MWCC build/GEDE01/src/game/game_fn_801C8160.o
[391/885] MWCC build/GEDE01/src/game/game_fn_801C8224.o
[392/885] MWCC build/GEDE01/src/game/game_fn_801C8600.o
[393/885] MWCC build/GEDE01/src/game/game_fn_801C4B5C.o
[394/885] MWCC build/GEDE01/src/game/game_fn_801C87DC.o
[395/885] MWCC build/GEDE01/src/game/game_fn_801C8CC0.o
[396/885] MWCC build/GEDE01/src/game/game_fn_801C8F50.o
[397/885] MWCC build/GEDE01/src/game/game_fn_801C90A4.o
[398/885] MWCC build/GEDE01/src/game/game_fn_801C9510.o
[399/885] MWCC build/GEDE01/src/game/game_fn_801C970C.o
[400/885] MWCC build/GEDE01/src/game/game_fn_801C9A08.o
[401/885] MWCC build/GEDE01/src/game/game_fn_801C9B1C.o
[402/885] MWCC build/GEDE01/src/game/game_fn_801CD228.o
[403/885] MWCC build/GEDE01/src/game/game_fn_801CB4F8.o
[404/885] MWCC build/GEDE01/src/game/game_fn_801CE09C.o
[405/885] MWCC build/GEDE01/src/game/game_fn_801CE594.o
[406/885] MWCC build/GEDE01/src/game/game_fn_801D1B10.o
[407/885] MWCC build/GEDE01/src/game/game_fn_801D1F78.o
[408/885] MWCC build/GEDE01/src/game/game_fn_801D3988.o
[409/885] MWCC build/GEDE01/src/game/game_fn_801D76A8.o
[410/885] MWCC build/GEDE01/src/game/game_fn_801D7C24.o
[411/885] MWCC build/GEDE01/src/game/game_fn_801D8050.o
[412/885] MWCC build/GEDE01/src/game/game_fn_801D9FE4.o
[413/885] MWCC build/GEDE01/src/game/game_fn_801E2A48.o
[414/885] MWCC build/GEDE01/src/game/game_fn_801E41AC.o
[415/885] MWCC build/GEDE01/src/game/game_fn_801E6814.o
[416/885] MWCC build/GEDE01/src/game/game_fn_801EB09C.o
[417/885] MWCC build/GEDE01/src/game/game_fn_801E995C.o
[418/885] MWCC build/GEDE01/src/game/game_fn_801EB11C.o
[419/885] MWCC build/GEDE01/src/game/game_fn_801ECD74.o
[420/885] MWCC build/GEDE01/src/game/game_fn_801ECF50.o
[421/885] MWCC build/GEDE01/src/game/game_fn_801ED5F4.o
[422/885] MWCC build/GEDE01/src/game/game_fn_801EF580.o
[423/885] MWCC build/GEDE01/src/game/game_fn_801EF910.o
[424/885] MWCC build/GEDE01/src/game/game_fn_801F10BC.o
[425/885] MWCC build/GEDE01/src/game/game_fn_801F1A38.o
[426/885] MWCC build/GEDE01/src/game/game_fn_801F35A8.o
[427/885] MWCC build/GEDE01/src/game/game_fn_801F55A0.o
[428/885] MWCC build/GEDE01/src/game/game_fn_801F69F0.o
[429/885] MWCC build/GEDE01/src/game/game_fn_801F6BD8.o
[430/885] MWCC build/GEDE01/src/game/game_fn_801F7510.o
[431/885] MWCC build/GEDE01/src/game/game_fn_801F76EC.o
[432/885] MWCC build/GEDE01/src/game/game_fn_801F8264.o
[433/885] MWCC build/GEDE01/src/game/game_fn_801F89B4.o
[434/885] MWCC build/GEDE01/src/game/game_fn_801F9AF8.o
[435/885] MWCC build/GEDE01/src/game/game_fn_801F9CF4.o
[436/885] MWCC build/GEDE01/src/game/game_fn_801FA9C8.o
[437/885] MWCC build/GEDE01/src/game/game_fn_801FB6A4.o
[438/885] MWCC build/GEDE01/src/game/game_fn_801FC034.o
[439/885] MWCC build/GEDE01/src/game/game_fn_801FC204.o
[440/885] EXTERNALIZE build/GEDE01/src/game/game_fn_80175A08.o
[441/885] EXTERNALIZE build/GEDE01/src/game/game_fn_80066E78.o
[442/885] MWCC build/GEDE01/src/game/game_fn_801FFE78.o
[443/885] EXTERNALIZE build/GEDE01/src/game/game_fn_801247F8.o
[444/885] EXTERNALIZE build/GEDE01/src/game/game_fn_801EF910.o
[445/885] EXTERNALIZE build/GEDE01/src/game/game_fn_801ECF50.o
[446/885] EXTERNALIZE build/GEDE01/src/game/game_fn_801EB09C.o
[447/885] EXTERNALIZE build/GEDE01/src/game/game_fn_801FC204.o
[448/885] EXTERNALIZE build/GEDE01/src/game/game_fn_801EB11C.o
[449/885] EXTERNALIZE build/GEDE01/src/game/game_fn_801E41AC.o
[450/885] EXTERNALIZE build/GEDE01/src/game/game_fn_801D9FE4.o
[451/885] EXTERNALIZE build/GEDE01/src/game/game_fn_801D76A8.o
[452/885] EXTERNALIZE build/GEDE01/src/game/game_fn_801D8050.o
[453/885] EXTERNALIZE build/GEDE01/src/game/game_fn_801D7C24.o
[454/885] EXTERNALIZE build/GEDE01/src/game/game_fn_8019B1BC.o
[455/885] EXTERNALIZE build/GEDE01/src/game/game_fn_801CD228.o
[456/885] EXTERNALIZE build/GEDE01/src/game/game_fn_80178F88.o
[457/885] EXTERNALIZE build/GEDE01/src/game/game_fn_801C970C.o
[458/885] EXTERNALIZE build/GEDE01/src/game/game_fn_801BA15C.o
[459/885] EXTERNALIZE build/GEDE01/src/game/game_fn_801C9510.o
[460/885] EXTERNALIZE build/GEDE01/src/game/game_fn_80126A00.o
[461/885] EXTERNALIZE build/GEDE01/src/game/game_fn_8013D6A4.o
[462/885] EXTERNALIZE build/GEDE01/src/game/game_fn_800C9C60.o
[463/885] EXTERNALIZE build/GEDE01/src/game/game_fn_801B5228.o
[464/885] EXTERNALIZE build/GEDE01/src/game/game_fn_801B4FB4.o
[465/885] EXTERNALIZE build/GEDE01/src/game/game_fn_801C87DC.o
[466/885] EXTERNALIZE build/GEDE01/src/game/game_fn_801B6F1C.o
[467/885] EXTERNALIZE build/GEDE01/src/game/game_fn_801C8CC0.o
[468/885] EXTERNALIZE build/GEDE01/src/game/game_fn_800FD0C8.o
[469/885] EXTERNALIZE build/GEDE01/src/game/game_fn_801BDE7C.o
[470/885] EXTERNALIZE build/GEDE01/src/game/game_fn_801BE0D4.o
[471/885] EXTERNALIZE STATIC POOL build/GEDE01/src/game/game_fn_801C9A08.o
build/GEDE01/src/game/game_fn_801C9A08.o: lbl_80629390 now undefined; section 3 emptied
[472/885] EXTERNALIZE build/GEDE01/src/game/game_fn_801B941C.o
[473/885] EXTERNALIZE STATIC POOL build/GEDE01/src/game/game_fn_801C9B1C.o
build/GEDE01/src/game/game_fn_801C9B1C.o: lbl_80629390 now undefined; section 3 emptied
[474/885] EXTERNALIZE STATIC POOL build/GEDE01/src/game/game_fn_801BD990.o
build/GEDE01/src/game/game_fn_801BD990.o: lbl_80626D80 now undefined; section 6 emptied
[475/885] EXTERNALIZE STATIC POOL build/GEDE01/src/game/game_fn_801B58F0.o
build/GEDE01/src/game/game_fn_801B58F0.o: lbl_8060C020 now undefined; section 3 emptied
[476/885] EXTERNALIZE STATIC POOL build/GEDE01/src/game/game_fn_801B9E7C.o
build/GEDE01/src/game/game_fn_801B9E7C.o: 0 relocation(s) moved from streamInfo to ...bss.0
build/GEDE01/src/game/game_fn_801B9E7C.o: lbl_8061AE48 now undefined; section 6 emptied
[477/885] EXTERNALIZE STATIC POOL build/GEDE01/src/game/game_fn_801BB1A0.o
build/GEDE01/src/game/game_fn_801BB1A0.o: 0 relocation(s) moved from streamInfo to ...bss.0
build/GEDE01/src/game/game_fn_801BB1A0.o: lbl_8061AE48 now undefined; section 6 emptied
[478/885] EXTERNALIZE STATIC build/GEDE01/src/game/game_fn_801B35BC.o
build/GEDE01/src/game/game_fn_801B35BC.o: lbl_8060D420 now undefined; section 6 emptied
[479/885] EXTERNALIZE STATIC POOL build/GEDE01/src/game/game_fn_801BA708.o
build/GEDE01/src/game/game_fn_801BA708.o: 0 relocation(s) moved from streamInfo to ...bss.0
build/GEDE01/src/game/game_fn_801BA708.o: lbl_8061AE48 now undefined; section 6 emptied
[480/885] EXTERNALIZE STATIC POOL build/GEDE01/src/game/game_fn_801BC8F4.o
build/GEDE01/src/game/game_fn_801BC8F4.o: lbl_8061C748 now undefined; section 6 emptied
[481/885] EXTERNALIZE STATIC build/GEDE01/src/game/game_fn_801BC240.o
build/GEDE01/src/game/game_fn_801BC240.o: lbl_8061C748 now undefined; section 6 emptied
[482/885] EXTERNALIZE STATIC POOL build/GEDE01/src/game/game_fn_801BCC04.o
build/GEDE01/src/game/game_fn_801BCC04.o: lbl_8061C748 now undefined; section 6 emptied
[483/885] EXTERNALIZE STATIC POOL build/GEDE01/src/game/game_fn_801BC0D4.o
build/GEDE01/src/game/game_fn_801BC0D4.o: lbl_8061C748 now undefined; section 6 emptied
[484/885] EXTERNALIZE STATIC POOL build/GEDE01/src/game/game_fn_801C1CB0.o
build/GEDE01/src/game/game_fn_801C1CB0.o: lbl_80626DA0 now undefined; section 3 emptied
[485/885] RENAME build/GEDE01/src/game/game_InitMetroTRKCommTable.o
[486/885] EXTERNALIZE STATIC POOL build/GEDE01/src/game/game_fn_801CE09C.o
build/GEDE01/src/game/game_fn_801CE09C.o: lbl_80631340 now undefined; section 6 emptied
[487/885] RENAME RUNTIME INTRINSICS build/GEDE01/src/game/game_fn_801CB4F8.o
[488/885] EXTERNALIZE STATIC POOL build/GEDE01/src/game/game_fn_8010242C.o
build/GEDE01/src/game/game_fn_8010242C.o: lbl_8032CC08 now undefined; section 3 emptied
[489/885] EXTERNALIZE build/GEDE01/src/game/game_fn_801D3988.o
[490/885] EXTERNALIZE build/GEDE01/src/game/game_fn_801D1B10.o
[491/885] EXTERNALIZE build/GEDE01/src/game/game_fn_801CE594.o
[492/885] ALIGN DATA build/GEDE01/src/game/game_fn_80008014.o
[493/885] EXTERNALIZE build/GEDE01/src/game/game_fn_8014549C.o
[494/885] EXTERNALIZE build/GEDE01/src/game/game_fn_801C8224.o
[495/885] EXTERNALIZE build/GEDE01/src/game/game_fn_801098C0.o
[496/885] EXTERNALIZE build/GEDE01/src/game/game_fn_8000FDE8.o
[497/885] EXTERNALIZE build/GEDE01/src/game/game_fn_80185F10.o
[498/885] EXTERNALIZE build/GEDE01/src/game/game_fn_801C29BC.o
[499/885] EXTERNALIZE build/GEDE01/src/game/game_fn_8007B828.o
[500/885] EXTERNALIZE build/GEDE01/src/game/game_fn_801C8F50.o
[501/885] EXTERNALIZE build/GEDE01/src/game/game_fn_801C8160.o
[502/885] EXTERNALIZE build/GEDE01/src/game/game_fn_801C90A4.o
[503/885] EXTERNALIZE build/GEDE01/src/game/game_fn_801C2AAC.o
[504/885] EXTERNALIZE build/GEDE01/src/game/game_fn_801C2D9C.o
[505/885] EXTERNALIZE build/GEDE01/src/game/game_fn_801C2980.o
[506/885] EXTERNALIZE build/GEDE01/src/game/game_fn_801B02F0.o
[507/885] EXTERNALIZE build/GEDE01/src/game/game_fn_801AFA74.o
[508/885] EXTERNALIZE build/GEDE01/src/game/game_fn_801AC8AC.o
[509/885] EXTERNALIZE build/GEDE01/src/game/game_fn_801ABD3C.o
[510/885] EXTERNALIZE build/GEDE01/src/game/game_fn_801816D4.o
[511/885] EXTERNALIZE build/GEDE01/src/game/game_fn_8011F140.o
[512/885] EXTERNALIZE build/GEDE01/src/game/game_fn_801AD08C.o
[513/885] EXTERNALIZE build/GEDE01/src/game/game_fn_8004998C.o
[514/885] EXTERNALIZE build/GEDE01/src/game/game_fn_80079AA4.o
[515/885] EXTERNALIZE build/GEDE01/src/game/game_fn_80158D38.o
[516/885] EXTERNALIZE build/GEDE01/src/game/game_fn_801A3A78.o
[517/885] EXTERNALIZE build/GEDE01/src/game/game_fn_8008F224.o
[518/885] EXTERNALIZE build/GEDE01/src/game/game_fn_80167454.o
[519/885] EXTERNALIZE build/GEDE01/src/game/game_fn_800AF230.o
[520/885] EXTERNALIZE build/GEDE01/src/game/game_fn_801A93E8.o
[521/885] EXTERNALIZE build/GEDE01/src/game/game_fn_801AB154.o
[522/885] EXTERNALIZE build/GEDE01/src/game/game_fn_801A7E04.o
[523/885] EXTERNALIZE build/GEDE01/src/game/game_fn_801A7EA8.o
[524/885] EXTERNALIZE build/GEDE01/src/game/game_fn_801A6CB4.o
[525/885] EXTERNALIZE build/GEDE01/src/game/game_fn_801A4CE0.o
[526/885] EXTERNALIZE build/GEDE01/src/game/game_fn_801A6C58.o
[527/885] NAME JUMPTABLE build/GEDE01/src/game/game_fn_801A6ADC.o
[528/885] EXTERNALIZE build/GEDE01/src/game/game_fn_801A6410.o
[529/885] EXTERNALIZE build/GEDE01/src/game/game_fn_801A5FB0.o
[530/885] EXTERNALIZE build/GEDE01/src/game/game_fn_801A1F18.o
[531/885] EXTERNALIZE build/GEDE01/src/game/game_fn_8019E8C8.o
[532/885] EXTERNALIZE build/GEDE01/src/game/game_fn_8019E5E4.o
[533/885] EXTERNALIZE build/GEDE01/src/game/game_fn_8019CFC4.o
[534/885] EXTERNALIZE build/GEDE01/src/game/game_fn_8019CC28.o
[535/885] EXTERNALIZE build/GEDE01/src/game/game_fn_801991E0.o
[536/885] EXTERNALIZE build/GEDE01/src/game/game_fn_80198BF4.o
[537/885] EXTERNALIZE build/GEDE01/src/game/game_fn_80198AAC.o
[538/885] EXTERNALIZE build/GEDE01/src/game/game_fn_80198154.o
[539/885] EXTERNALIZE build/GEDE01/src/game/game_fn_80194F80.o
[540/885] EXTERNALIZE build/GEDE01/src/game/game_fn_80197910.o
[541/885] EXTERNALIZE build/GEDE01/src/game/game_fn_80177434.o
repointed 2 relocations to lbl_80250588
[542/885] EXTERNALIZE build/GEDE01/src/game/game_fn_80193E1C.o
[543/885] EXTERNALIZE build/GEDE01/src/game/game_fn_801931C4.o
[544/885] EXTERNALIZE build/GEDE01/src/game/game_fn_80193F3C.o
[545/885] EXTERNALIZE build/GEDE01/src/game/game_fn_80192F54.o
[546/885] EXTERNALIZE build/GEDE01/src/game/game_fn_80191F58.o
[547/885] EXTERNALIZE build/GEDE01/src/game/game_fn_8019197C.o
[548/885] EXTERNALIZE build/GEDE01/src/game/game_fn_80191360.o
[549/885] GLOBALIZE build/GEDE01/src/game/game_fn_8018F1D0.o
[550/885] EXTERNALIZE build/GEDE01/src/game/game_fn_8018D688.o
[551/885] EXTERNALIZE build/GEDE01/src/game/game_fn_8018F81C.o
[552/885] EXTERNALIZE build/GEDE01/src/game/game_fn_8018D2E0.o
[553/885] EXTERNALIZE build/GEDE01/src/game/game_fn_80189968.o
[554/885] EXTERNALIZE build/GEDE01/src/game/game_fn_80189760.o
[555/885] EXTERNALIZE build/GEDE01/src/game/game_fn_8018D1F0.o
[556/885] EXTERNALIZE build/GEDE01/src/game/game_fn_801896A0.o
[557/885] EXTERNALIZE build/GEDE01/src/game/game_fn_801895E8.o
[558/885] EXTERNALIZE build/GEDE01/src/game/game_fn_80189390.o
[559/885] EXTERNALIZE build/GEDE01/src/game/game_fn_801891D8.o
[560/885] EXTERNALIZE build/GEDE01/src/game/game_fn_80188E28.o
[561/885] EXTERNALIZE build/GEDE01/src/game/game_fn_80189028.o
[562/885] EXTERNALIZE build/GEDE01/src/game/game_fn_80188B44.o
[563/885] EXTERNALIZE build/GEDE01/src/game/game_fn_80188C1C.o
[564/885] EXTERNALIZE build/GEDE01/src/game/game_fn_80188A7C.o
[565/885] EXTERNALIZE build/GEDE01/src/game/game_fn_801878E0.o
[566/885] EXTERNALIZE build/GEDE01/src/game/game_fn_80187120.o
[567/885] EXTERNALIZE build/GEDE01/src/game/game_fn_8018FEDC.o
[568/885] EXTERNALIZE build/GEDE01/src/game/game_fn_80186E10.o
[569/885] EXTERNALIZE build/GEDE01/src/game/game_fn_801865EC.o
[570/885] EXTERNALIZE build/GEDE01/src/game/game_fn_80185AE8.o
[571/885] EXTERNALIZE build/GEDE01/src/game/game_fn_801859FC.o
[572/885] EXTERNALIZE build/GEDE01/src/game/game_fn_80180DDC.o
[573/885] EXTERNALIZE build/GEDE01/src/game/game_fn_8017E958.o
[574/885] EXTERNALIZE build/GEDE01/src/game/game_fn_8017E850.o
[575/885] EXTERNALIZE build/GEDE01/src/game/game_fn_8017718C.o
[576/885] EXTERNALIZE build/GEDE01/src/game/game_fn_801770F8.o
[577/885] EXTERNALIZE build/GEDE01/src/game/game_fn_80176FA0.o
[578/885] EXTERNALIZE build/GEDE01/src/game/game_fn_80176DF4.o
[579/885] EXTERNALIZE build/GEDE01/src/game/game_fn_80173F04.o
[580/885] EXTERNALIZE build/GEDE01/src/game/game_fn_80174358.o
[581/885] EXTERNALIZE build/GEDE01/src/game/game_fn_80174184.o
[582/885] EXTERNALIZE build/GEDE01/src/game/game_fn_8017553C.o
[583/885] EXTERNALIZE build/GEDE01/src/game/game_fn_80173770.o
[584/885] EXTERNALIZE build/GEDE01/src/game/game_fn_80173D44.o
[585/885] EXTERNALIZE build/GEDE01/src/game/game_fn_80173270.o
[586/885] EXTERNALIZE build/GEDE01/src/game/game_fn_801734B4.o
[587/885] EXTERNALIZE build/GEDE01/src/game/game_fn_80172DB8.o
[588/885] EXTERNALIZE build/GEDE01/src/game/game_fn_80172C78.o
[589/885] EXTERNALIZE build/GEDE01/src/game/game_fn_801726EC.o
[590/885] EXTERNALIZE build/GEDE01/src/game/game_fn_80172BB0.o
[591/885] EXTERNALIZE build/GEDE01/src/game/game_fn_8017250C.o
[592/885] EXTERNALIZE build/GEDE01/src/game/game_fn_80171F30.o
[593/885] EXTERNALIZE build/GEDE01/src/game/game_fn_801719B4.o
[594/885] EXTERNALIZE build/GEDE01/src/game/game_fn_801718F4.o
[595/885] EXTERNALIZE build/GEDE01/src/game/game_fn_80171664.o
[596/885] EXTERNALIZE build/GEDE01/src/game/game_fn_8017138C.o
[597/885] EXTERNALIZE build/GEDE01/src/game/game_fn_80170A40.o
[598/885] EXTERNALIZE build/GEDE01/src/game/game_fn_801706DC.o
[599/885] NORMALIZE build/GEDE01/src/game/game_TRKNubWelcome.o
[600/885] NORMALIZE build/GEDE01/src/game/game_TRK_main.o
[601/885] NORMALIZE build/GEDE01/src/game/game_data_80239E10.o
[602/885] NORMALIZE build/GEDE01/src/game/game_data_80239E18.o
[603/885] EXTERNALIZE build/GEDE01/src/game/game_fn_8017652C.o
[604/885] EXTERNALIZE build/GEDE01/src/game/game_fn_80170E9C.o
[605/885] EXTERNALIZE build/GEDE01/src/game/game_fn_80175F0C.o
[606/885] EXTERNALIZE build/GEDE01/src/game/game_fn_80175E64.o
[607/885] EXTERNALIZE build/GEDE01/src/game/game_fn_80176098.o
[608/885] EXTERNALIZE build/GEDE01/src/game/game_fn_80175FD4.o
[609/885] EXTERNALIZE build/GEDE01/src/game/game_fn_80176220.o
[610/885] EXTERNALIZE build/GEDE01/src/game/game_fn_80176160.o
[611/885] EXTERNALIZE build/GEDE01/src/game/game_fn_80170DF4.o
[612/885] EXTERNALIZE build/GEDE01/src/game/game_fn_801762E8.o
[613/885] EXTERNALIZE build/GEDE01/src/game/game_fn_8016E8F8.o
[614/885] EXTERNALIZE build/GEDE01/src/game/game_fn_8016FEF8.o
[615/885] EXTERNALIZE build/GEDE01/src/game/game_fn_801704F8.o
[616/885] EXTERNALIZE build/GEDE01/src/game/game_fn_8016D2B8.o
[617/885] NORMALIZE build/GEDE01/src/game/game_fn_8016DF4C.o
[618/885] EXTERNALIZE build/GEDE01/src/game/game_fn_8016D1F8.o
[619/885] EXTERNALIZE build/GEDE01/src/game/game_fn_8016D040.o
[620/885] EXTERNALIZE build/GEDE01/src/game/game_fn_8016C774.o
[621/885] EXTERNALIZE build/GEDE01/src/game/game_fn_8016C4BC.o
[622/885] EXTERNALIZE build/GEDE01/src/game/game_fn_8016C238.o
[623/885] EXTERNALIZE build/GEDE01/src/game/game_fn_8016C164.o
[624/885] EXTERNALIZE build/GEDE01/src/game/game_fn_8016C0BC.o
[625/885] EXTERNALIZE build/GEDE01/src/game/game_fn_8017038C.o
[626/885] EXTERNALIZE build/GEDE01/src/game/game_fn_8016BE1C.o
[627/885] EXTERNALIZE build/GEDE01/src/game/game_fn_8016BF60.o
[628/885] EXTERNALIZE build/GEDE01/src/game/game_fn_8016BD0C.o
[629/885] EXTERNALIZE build/GEDE01/src/game/game_fn_80169650.o
[630/885] EXTERNALIZE build/GEDE01/src/game/game_fn_80167B5C.o
[631/885] EXTERNALIZE build/GEDE01/src/game/game_fn_8015EDC0.o
[632/885] EXTERNALIZE build/GEDE01/src/game/game_fn_8015DC54.o
[633/885] EXTERNALIZE build/GEDE01/src/game/game_fn_8015DB84.o
[634/885] EXTERNALIZE build/GEDE01/src/game/game_fn_80179398.o
[635/885] EXTERNALIZE build/GEDE01/src/game/game_fn_80158B20.o
[636/885] EXTERNALIZE build/GEDE01/src/game/game_fn_8017960C.o
[637/885] EXTERNALIZE build/GEDE01/src/game/game_fn_8017974C.o
[638/885] EXTERNALIZE build/GEDE01/src/game/game_fn_80179904.o
[639/885] EXTERNALIZE build/GEDE01/src/game/game_fn_8017A9B8.o
[640/885] EXTERNALIZE build/GEDE01/src/game/game_fn_80179A18.o
[641/885] EXTERNALIZE build/GEDE01/src/game/game_fn_80179A74.o
[642/885] EXTERNALIZE build/GEDE01/src/game/game_fn_80179EB8.o
[643/885] EXTERNALIZE build/GEDE01/src/game/game_fn_80179F20.o
[644/885] EXTERNALIZE build/GEDE01/src/game/game_fn_8017A010.o
[645/885] EXTERNALIZE build/GEDE01/src/game/game_fn_8017A12C.o
[646/885] EXTERNALIZE build/GEDE01/src/game/game_fn_80157C0C.o
[647/885] EXTERNALIZE build/GEDE01/src/game/game_fn_8017A1C0.o
[648/885] EXTERNALIZE build/GEDE01/src/game/game_fn_80155814.o
[649/885] EXTERNALIZE build/GEDE01/src/game/game_fn_80153898.o
[650/885] EXTERNALIZE build/GEDE01/src/game/game_fn_8014B494.o
[651/885] EXTERNALIZE build/GEDE01/src/game/game_fn_8014AF38.o
[652/885] EXTERNALIZE build/GEDE01/src/game/game_fn_8012DB28.o
[653/885] EXTERNALIZE build/GEDE01/src/game/game_fn_801141B8.o
[654/885] EXTERNALIZE build/GEDE01/src/game/game_fn_801128E4.o
[655/885] EXTERNALIZE build/GEDE01/src/game/game_fn_801126E0.o
[656/885] EXTERNALIZE build/GEDE01/src/game/game_fn_8010F184.o
[657/885] EXTERNALIZE build/GEDE01/src/game/game_fn_800E4980.o
[658/885] EXTERNALIZE build/GEDE01/src/game/game_fn_800C17EC.o
[659/885] EXTERNALIZE build/GEDE01/src/game/game_fn_800C59F0.o
[660/885] EXTERNALIZE build/GEDE01/src/game/game_fn_800C644C.o
[661/885] EXTERNALIZE build/GEDE01/src/game/game_fn_800C65FC.o
[662/885] EXTERNALIZE build/GEDE01/src/game/game_fn_800CB760.o
[663/885] EXTERNALIZE build/GEDE01/src/game/game_fn_800CB8F4.o
[664/885] EXTERNALIZE build/GEDE01/src/game/game_fn_80078500.o
[665/885] EXTERNALIZE build/GEDE01/src/game/game_fn_80079908.o
[666/885] EXTERNALIZE build/GEDE01/src/game/game_fn_8007B2F4.o
[667/885] EXTERNALIZE build/GEDE01/src/game/game_fn_8007B540.o
[668/885] EXTERNALIZE build/GEDE01/src/game/game_fn_8007B640.o
[669/885] EXTERNALIZE build/GEDE01/src/game/game_fn_800886D8.o
[670/885] EXTERNALIZE build/GEDE01/src/game/game_fn_8007BA3C.o
[671/885] EXTERNALIZE build/GEDE01/src/game/game_fn_800934A0.o
[672/885] EXTERNALIZE build/GEDE01/src/game/game_fn_800A3894.o
[673/885] EXTERNALIZE build/GEDE01/src/game/game_fn_800A7E88.o
[674/885] EXTERNALIZE build/GEDE01/src/game/game_fn_800A4798.o
[675/885] EXTERNALIZE build/GEDE01/src/game/game_fn_800A2FCC.o
[676/885] GLOBALIZE build/GEDE01/src/game/game_fn_800A2130.o
[677/885] EXTERNALIZE build/GEDE01/src/game/game_fn_8009C424.o
[678/885] EXTERNALIZE build/GEDE01/src/game/game_fn_80096830.o
[679/885] GLOBALIZE build/GEDE01/src/game/game_fn_8008F890.o
[680/885] EXTERNALIZE SWITCHES build/GEDE01/src/game/game_fn_80095FDC.o
[681/885] EXTERNALIZE build/GEDE01/src/game/game_fn_800A4428.o
[682/885] EXTERNALIZE build/GEDE01/src/game/game_fn_80074310.o
[683/885] GLOBALIZE build/GEDE01/src/game/game_fn_8005FD84.o
[684/885] EXTERNALIZE build/GEDE01/src/game/game_fn_80066888.o
[685/885] EXTERNALIZE build/GEDE01/src/game/game_fn_8005EC6C.o
[686/885] EXTERNALIZE build/GEDE01/src/game/game_fn_80052310.o
[687/885] EXTERNALIZE build/GEDE01/src/game/game_fn_80048B24.o
[688/885] EXTERNALIZE build/GEDE01/src/game/game_fn_80048ADC.o
[689/885] NAME SWITCH build/GEDE01/src/game/game_fn_80020E94.o
[690/885] NAME SWITCH build/GEDE01/src/game/game_fn_8005EE9C.o
[691/885] NAME SWITCH build/GEDE01/src/game/game_fn_8016D9C0.o
[692/885] NAME SWITCH build/GEDE01/src/game/game_fn_80071A58.o
[693/885] NAME SWITCH build/GEDE01/src/game/game_fn_8006B620.o
[694/885] NAME SWITCH build/GEDE01/src/game/game_fn_8001FE1C.o
[695/885] NAME SWITCH build/GEDE01/src/game/game_fn_8001E644.o
[696/885] EXTERNALIZE build/GEDE01/src/game/game_fn_80038878.o
[697/885] EXTERNALIZE build/GEDE01/src/game/game_fn_801B46C8.o
build/GEDE01/src/game/game_fn_801B46C8.o: lbl_8060C020 now undefined; section 6 emptied
[698/885] EXTERNALIZE build/GEDE01/src/game/game_fn_80036C40.o
[699/885] EXTERNALIZE build/GEDE01/src/game/game_fn_800359A0.o
[700/885] EXTERNALIZE build/GEDE01/src/game/game_fn_80033180.o
[701/885] EXTERNALIZE build/GEDE01/src/game/game_fn_80033038.o
[702/885] EXTERNALIZE build/GEDE01/src/game/game_fn_80032B84.o
[703/885] EXTERNALIZE build/GEDE01/src/game/game_fn_8003232C.o
[704/885] EXTERNALIZE build/GEDE01/src/game/game_fn_8002E3F0.o
[705/885] EXTERNALIZE build/GEDE01/src/game/game_fn_8002DAE0.o
[706/885] EXTERNALIZE build/GEDE01/src/game/game_fn_8002EA68.o
[707/885] GLOBALIZE build/GEDE01/src/game/game_fn_8002B748.o
[708/885] EXTERNALIZE build/GEDE01/src/game/game_fn_8002F428.o
[709/885] NAME SWITCHES build/GEDE01/src/game/game_fn_80024F28.o
[710/885] EXTERNALIZE build/GEDE01/src/game/game_fn_800272B4.o
[711/885] EXTERNALIZE build/GEDE01/src/game/game_fn_8001CD58.o
[712/885] EXTERNALIZE build/GEDE01/src/game/game_fn_8001CE94.o
[713/885] EXTERNALIZE build/GEDE01/src/game/game_fn_8001C078.o
[714/885] EXTERNALIZE build/GEDE01/src/game/game_fn_8001B874.o
[715/885] EXTERNALIZE build/GEDE01/src/game/game_fn_8001B808.o
[716/885] EXTERNALIZE build/GEDE01/src/game/game_fn_8001B294.o
[717/885] EXTERNALIZE build/GEDE01/src/game/game_fn_8001B124.o
[718/885] EXTERNALIZE build/GEDE01/src/game/game_fn_8001AF68.o
[719/885] EXTERNALIZE build/GEDE01/src/game/game_fn_8001ADF8.o
[720/885] EXTERNALIZE build/GEDE01/src/game/game_fn_8001A6C4.o
[721/885] EXTERNALIZE build/GEDE01/src/game/game_fn_8001AAB8.o
[722/885] EXTERNALIZE build/GEDE01/src/game/game_fn_80019D2C.o
[723/885] EXTERNALIZE build/GEDE01/src/game/game_fn_80019F98.o
[724/885] EXTERNALIZE build/GEDE01/src/game/game_fn_80019C10.o
[725/885] EXTERNALIZE build/GEDE01/src/game/game_fn_80019940.o
[726/885] EXTERNALIZE build/GEDE01/src/game/game_fn_800194D0.o
[727/885] EXTERNALIZE build/GEDE01/src/game/game_fn_80019244.o
[728/885] EXTERNALIZE build/GEDE01/src/game/game_fn_80018EF4.o
[729/885] EXTERNALIZE build/GEDE01/src/game/game_fn_80019054.o
[730/885] EXTERNALIZE build/GEDE01/src/game/game_fn_80017DB0.o
[731/885] EXTERNALIZE build/GEDE01/src/game/game_fn_80017CC8.o
[732/885] EXTERNALIZE build/GEDE01/src/game/game_fn_80017C3C.o
[733/885] EXTERNALIZE build/GEDE01/src/game/game_fn_80017AE4.o
[734/885] EXTERNALIZE build/GEDE01/src/game/game_fn_800179AC.o
[735/885] EXTERNALIZE build/GEDE01/src/game/game_fn_80017A3C.o
[736/885] EXTERNALIZE build/GEDE01/src/game/game_fn_80017910.o
[737/885] EXTERNALIZE FLAGS build/GEDE01/src/game/game_fn_800119FC.o
[738/885] EXTERNALIZE build/GEDE01/src/game/game_fn_8000FFD8.o
[739/885] EXTERNALIZE build/GEDE01/src/game/game_fn_8000F4B0.o
[740/885] GLOBALIZE build/GEDE01/src/game/game_fn_800094C0.o
[741/885] EXTERNALIZE build/GEDE01/src/game/game_fn_8000EFC4.o
[742/885] EXTERNALIZE build/GEDE01/src/game/game_fn_800096E0.o
[743/885] EXTERNALIZE build/GEDE01/src/game/game_fn_800098C0.o
[744/885] EXTERNALIZE build/GEDE01/src/game/game_fn_800099D8.o
[745/885] EXTERNALIZE build/GEDE01/src/game/game_fn_8000A26C.o
[746/885] EXTERNALIZE build/GEDE01/src/game/game_fn_80009AB4.o
[747/885] EXTERNALIZE build/GEDE01/src/game/game_fn_800171C0.o
[748/885] EXTERNALIZE build/GEDE01/src/game/game_fn_800176F0.o
[749/885] EXTERNALIZE build/GEDE01/src/game/game_fn_8000AC88.o
[750/885] EXTERNALIZE build/GEDE01/src/game/game_fn_8000AEB4.o
[751/885] EXTERNALIZE build/GEDE01/src/game/game_fn_8000B1B8.o
[752/885] EXTERNALIZE build/GEDE01/src/game/game_fn_8000AFB4.o
[753/885] EXTERNALIZE build/GEDE01/src/game/game_fn_8000B630.o
[754/885] EXTERNALIZE build/GEDE01/src/game/game_fn_8000B36C.o
[755/885] EXTERNALIZE build/GEDE01/src/game/game_fn_8000B900.o
[756/885] EXTERNALIZE build/GEDE01/src/game/game_fn_8000B7FC.o
[757/885] EXTERNALIZE build/GEDE01/src/game/game_fn_8000BAA0.o
[758/885] EXTERNALIZE build/GEDE01/src/game/game_fn_8000BA0C.o
[759/885] EXTERNALIZE build/GEDE01/src/game/game_fn_8000BC40.o
[760/885] EXTERNALIZE build/GEDE01/src/game/game_fn_8000C06C.o
[761/885] EXTERNALIZE build/GEDE01/src/game/game_fn_8000C17C.o
[762/885] EXTERNALIZE build/GEDE01/src/game/game_fn_8000C400.o
[763/885] EXTERNALIZE build/GEDE01/src/game/game_fn_8000C91C.o
[764/885] EXTERNALIZE build/GEDE01/src/game/game_fn_8000C848.o
[765/885] EXTERNALIZE build/GEDE01/src/game/game_fn_8000D3D4.o
[766/885] EXTERNALIZE build/GEDE01/src/game/game_fn_8000D0BC.o
[767/885] NAME SWITCH build/GEDE01/src/game/game_fn_8000D8A4.o
[768/885] EXTERNALIZE build/GEDE01/src/game/game_fn_8000E054.o
[769/885] EXTERNALIZE build/GEDE01/src/game/game_fn_8000E0AC.o
[770/885] EXTERNALIZE build/GEDE01/src/game/game_fn_8000F774.o
[771/885] EXTERNALIZE build/GEDE01/src/game/game_fn_8000E96C.o
[772/885] EXTERNALIZE build/GEDE01/src/game/game_fn_8000EB14.o
[773/885] EXTERNALIZE build/GEDE01/src/game/game_fn_8000EBD4.o
[774/885] EXTERNALIZE build/GEDE01/src/game/game_fn_8000ED44.o
[775/885] EXTERNALIZE build/GEDE01/src/game/game_fn_8000E138.o
[776/885] EXTERNALIZE build/GEDE01/src/game/game_fn_8000E1C4.o
[777/885] EXTERNALIZE build/GEDE01/src/game/game_fn_8000D590.o
[778/885] EXTERNALIZE build/GEDE01/src/game/game_fn_8000DA50.o
[779/885] EXTERNALIZE build/GEDE01/src/game/game_fn_8000DAF4.o
[780/885] EXTERNALIZE build/GEDE01/src/game/game_fn_80012DA8.o
[781/885] EXTERNALIZE build/GEDE01/src/game/game_fn_80012F40.o
[782/885] EXTERNALIZE build/GEDE01/src/game/game_fn_80012FD0.o
[783/885] EXTERNALIZE build/GEDE01/src/game/game_fn_800131E8.o
[784/885] EXTERNALIZE build/GEDE01/src/game/game_fn_80013340.o
[785/885] EXTERNALIZE build/GEDE01/src/game/game_fn_80013870.o
[786/885] EXTERNALIZE build/GEDE01/src/game/game_fn_80013CB0.o
[787/885] EXTERNALIZE build/GEDE01/src/game/game_fn_80013D54.o
[788/885] EXTERNALIZE build/GEDE01/src/game/game_fn_800142DC.o
[789/885] EXTERNALIZE build/GEDE01/src/game/game_fn_800144CC.o
[790/885] EXTERNALIZE build/GEDE01/src/game/game_fn_80014784.o
[791/885] EXTERNALIZE build/GEDE01/src/game/game_fn_800149D4.o
[792/885] EXTERNALIZE build/GEDE01/src/game/game_fn_80015058.o
[793/885] EXTERNALIZE build/GEDE01/src/game/game_fn_80015320.o
[794/885] EXTERNALIZE build/GEDE01/src/game/game_fn_80015568.o
[795/885] EXTERNALIZE build/GEDE01/src/game/game_fn_800156FC.o
[796/885] EXTERNALIZE build/GEDE01/src/game/game_fn_80015BE0.o
[797/885] EXTERNALIZE build/GEDE01/src/game/game_fn_80015D40.o
[798/885] EXTERNALIZE build/GEDE01/src/game/game_fn_80015F04.o
[799/885] EXTERNALIZE build/GEDE01/src/game/game_fn_80016128.o
[800/885] EXTERNALIZE build/GEDE01/src/game/game_fn_80016270.o
[801/885] EXTERNALIZE build/GEDE01/src/game/game_fn_80016904.o
[802/885] EXTERNALIZE build/GEDE01/src/game/game_fn_800173CC.o
[803/885] EXTERNALIZE build/GEDE01/src/game/game_fn_80016B24.o
[804/885] EXTERNALIZE build/GEDE01/src/game/game_fn_801BEF40.o
[805/885] EXTERNALIZE build/GEDE01/src/game/game_fn_801B86C0.o
[806/885] EXTERNALIZE STATIC POOL build/GEDE01/src/game/game_fn_801C4B5C.o
build/GEDE01/src/game/game_fn_801C4B5C.o: lbl_80628CB0 now undefined; section 6 emptied
[807/885] EXTERNALIZE build/GEDE01/src/game/game_fn_800B2EC0.o
[808/885] EXTERNALIZE build/GEDE01/src/game/game_fn_801C8600.o
[809/885] EXTERNALIZE build/GEDE01/src/game/game_fn_8001CA04.o
[810/885] EXTERNALIZE build/GEDE01/src/game/game_fn_80031544.o
[811/885] EXTERNALIZE build/GEDE01/src/game/game_fn_8006B0F0.o
[812/885] EXTERNALIZE build/GEDE01/src/game/game_fn_8007D4D8.o
[813/885] EXTERNALIZE build/GEDE01/src/game/game_fn_8007F770.o
[814/885] EXTERNALIZE build/GEDE01/src/game/game_fn_80088F4C.o
[815/885] EXTERNALIZE build/GEDE01/src/game/game_fn_8008A2E0.o
[816/885] EXTERNALIZE build/GEDE01/src/game/game_fn_80090004.o
[817/885] EXTERNALIZE build/GEDE01/src/game/game_fn_80095D10.o
[818/885] EXTERNALIZE build/GEDE01/src/game/game_fn_800A3180.o
[819/885] EXTERNALIZE build/GEDE01/src/game/game_fn_800BB7A8.o
[820/885] EXTERNALIZE build/GEDE01/src/game/game_fn_800BB5C4.o
[821/885] EXTERNALIZE build/GEDE01/src/game/game_fn_800BB9A4.o
[822/885] EXTERNALIZE build/GEDE01/src/game/game_fn_800BBAF0.o
[823/885] EXTERNALIZE build/GEDE01/src/game/game_fn_800D9064.o
[824/885] EXTERNALIZE build/GEDE01/src/game/game_fn_800D9E10.o
[825/885] EXTERNALIZE build/GEDE01/src/game/game_fn_8012976C.o
[826/885] EXTERNALIZE build/GEDE01/src/game/game_fn_8013DB8C.o
[827/885] EXTERNALIZE build/GEDE01/src/game/game_fn_8013CBE4.o
[828/885] EXTERNALIZE build/GEDE01/src/game/game_fn_8014CA98.o
[829/885] EXTERNALIZE build/GEDE01/src/game/game_fn_80153A24.o
[830/885] EXTERNALIZE build/GEDE01/src/game/game_fn_801535D8.o
[831/885] EXTERNALIZE build/GEDE01/src/game/game_fn_80174F2C.o
[832/885] EXTERNALIZE build/GEDE01/src/game/game_fn_8017AC20.o
[833/885] EXTERNALIZE build/GEDE01/src/game/game_fn_8018680C.o
[834/885] EXTERNALIZE build/GEDE01/src/game/game_fn_80187320.o
[835/885] EXTERNALIZE build/GEDE01/src/game/game_fn_80186F70.o
[836/885] EXTERNALIZE build/GEDE01/src/game/game_fn_801810A0.o
[837/885] EXTERNALIZE build/GEDE01/src/game/game_fn_801875FC.o
[838/885] EXTERNALIZE build/GEDE01/src/game/game_fn_800542D0.o
[839/885] EXTERNALIZE build/GEDE01/src/game/game_fn_80189C14.o
[840/885] EXTERNALIZE build/GEDE01/src/game/game_fn_80187BB4.o
[841/885] EXTERNALIZE build/GEDE01/src/game/game_fn_8018C2D0.o
[842/885] EXTERNALIZE build/GEDE01/src/game/game_fn_8018D400.o
[843/885] EXTERNALIZE build/GEDE01/src/game/game_fn_8018E0D8.o
[844/885] EXTERNALIZE build/GEDE01/src/game/game_fn_8019120C.o
[845/885] EXTERNALIZE build/GEDE01/src/game/game_fn_801916D0.o
[846/885] EXTERNALIZE build/GEDE01/src/game/game_fn_801926EC.o
[847/885] EXTERNALIZE build/GEDE01/src/game/game_fn_801929A4.o
[848/885] EXTERNALIZE build/GEDE01/src/game/game_fn_801A2A54.o
[849/885] EXTERNALIZE build/GEDE01/src/game/game_fn_801A34BC.o
[850/885] EXTERNALIZE build/GEDE01/src/game/game_fn_801A657C.o
[851/885] EXTERNALIZE build/GEDE01/src/game/game_fn_801E2A48.o
[852/885] EXTERNALIZE build/GEDE01/src/game/game_fn_801D1F78.o
[853/885] EXTERNALIZE build/GEDE01/src/game/game_fn_801E6814.o
[854/885] EXTERNALIZE build/GEDE01/src/game/game_fn_801E995C.o
[855/885] EXTERNALIZE build/GEDE01/src/game/game_fn_801F10BC.o
[856/885] EXTERNALIZE build/GEDE01/src/game/game_fn_801EF580.o
[857/885] EXTERNALIZE build/GEDE01/src/game/game_fn_801F35A8.o
[858/885] EXTERNALIZE build/GEDE01/src/game/game_fn_801ECD74.o
[859/885] EXTERNALIZE build/GEDE01/src/game/game_fn_801ED5F4.o
[860/885] EXTERNALIZE build/GEDE01/src/game/game_fn_801F69F0.o
[861/885] EXTERNALIZE build/GEDE01/src/game/game_fn_801F76EC.o
[862/885] EXTERNALIZE build/GEDE01/src/game/game_fn_801F8264.o
[863/885] EXTERNALIZE build/GEDE01/src/game/game_fn_801F89B4.o
[864/885] EXTERNALIZE build/GEDE01/src/game/game_fn_801F9AF8.o
[865/885] EXTERNALIZE build/GEDE01/src/game/game_fn_801F6BD8.o
[866/885] EXTERNALIZE JUMPTABLES build/GEDE01/src/game/game_fn_800361F8.o
[867/885] EXTERNALIZE build/GEDE01/src/game/game_fn_801FB6A4.o
[868/885] EXTERNALIZE JUMPTABLES build/GEDE01/src/game/game_fn_8006E53C.o
[869/885] EXTERNALIZE JUMPTABLES build/GEDE01/src/game/game_fn_800CF598.o
[870/885] EXTERNALIZE JUMPTABLES build/GEDE01/src/game/game_fn_801ACFE8.o
[871/885] EXTERNALIZE build/GEDE01/src/game/game_fn_80154F74.o
[872/885] EXTERNALIZE JUMPTABLES build/GEDE01/src/game/game_fn_801B1BA0.o
[873/885] EXTERNALIZE build/GEDE01/src/game/game_fn_8009E808.o
[874/885] EXTERNALIZE build/GEDE01/src/game/game_fn_801F1A38.o
[875/885] EXTERNALIZE build/GEDE01/src/game/game_fn_801F55A0.o
[876/885] EXTERNALIZE build/GEDE01/src/game/game_fn_801FFE78.o
[877/885] EXTERNALIZE build/GEDE01/src/game/game_fn_801F7510.o
[878/885] EXTERNALIZE build/GEDE01/src/game/game_fn_801F9CF4.o
[879/885] EXTERNALIZE build/GEDE01/src/game/game_fn_801FC034.o
[880/885] EXTERNALIZE build/GEDE01/src/game/game_fn_801FA9C8.o
[881/885] REPORT
 INFO Loading project .
 INFO Generating report for 7068 units (using 8 threads)
 INFO Report generated in 0.177s
 INFO Writing to build/GEDE01/report.json
[882/885] LINK build/GEDE01/main.elf
### mwldeppc.exe Linker Warning:
#   Section '.ignored' is unknown. Section ignored.
### mwldeppc.exe Linker Warning:
#   Section '.ignored' is unknown. Section ignored.
### mwldeppc.exe Linker Warning:
#   Section '.ignored' is unknown. Section ignored.
### mwldeppc.exe Linker Warning:
#   Section '.ignored' is unknown. Section ignored.
### mwldeppc.exe Linker Warning:
#   Section '.ignored' is unknown. Section ignored.
### mwldeppc.exe Linker Warning:
#   Section '.ignored' is unknown. Section ignored.
### mwldeppc.exe Linker Warning:
#   Section '.ignored' is unknown. Section ignored.
### mwldeppc.exe Linker Warning:
#   Section '.ignored' is unknown. Section ignored.
### mwldeppc.exe Linker Warning:
#   Section '.ignored' is unknown. Section ignored.
### mwldeppc.exe Linker Warning:
#   Section '.ignored' is unknown. Section ignored.
### mwldeppc.exe Linker Warning:
#   Section '.ignored' is unknown. Section ignored.
### mwldeppc.exe Linker Warning:
#   Section '.ignored' is unknown. Section ignored.
### mwldeppc.exe Linker Warning:
#   Section '.ignored' is unknown. Section ignored.
### mwldeppc.exe Linker Warning:
#   Section '.ignored' is unknown. Section ignored.
### mwldeppc.exe Linker Warning:
#   Section '.ignored' is unknown. Section ignored.
### mwldeppc.exe Linker Warning:
#   Section '.ignored' is unknown. Section ignored.
### mwldeppc.exe Linker Warning:
#   Section '.ignored' is unknown. Section ignored.
### mwldeppc.exe Linker Warning:
#   Section '.ignored' is unknown. Section ignored.
### mwldeppc.exe Linker Warning:
#   Section '.ignored' is unknown. Section ignored.
### mwldeppc.exe Linker Warning:
#   Section '.ignored' is unknown. Section ignored.
### mwldeppc.exe Linker Warning:
#   Section '.ignored' is unknown. Section ignored.
### mwldeppc.exe Linker Warning:
#   Section '.ignored' is unknown. Section ignored.
### mwldeppc.exe Linker Warning:
#   Section '.ignored' is unknown. Section ignored.
### mwldeppc.exe Linker Warning:
#   Section '.ignored' is unknown. Section ignored.
### mwldeppc.exe Linker Warning:
#   Section '.ignored' is unknown. Section ignored.
### mwldeppc.exe Linker Warning:
#   Section '.ignored' is unknown. Section ignored.
### mwldeppc.exe Linker Warning:
#   Section '.ignored' is unknown. Section ignored.
### mwldeppc.exe Linker Warning:
#   Section '.ignored' is unknown. Section ignored.
### mwldeppc.exe Linker Warning:
#   Section '.ignored' is unknown. Section ignored.
### mwldeppc.exe Linker Warning:
#   Section '.ignored' is unknown. Section ignored.
### mwldeppc.exe Linker Warning:
#   Section '.ignored' is unknown. Section ignored.
### mwldeppc.exe Linker Warning:
#   Section '.ignored' is unknown. Section ignored.
### mwldeppc.exe Linker Warning:
#   Section '.ignored' is unknown. Section ignored.
### mwldeppc.exe Linker Warning:
#   Section '.ignored' is unknown. Section ignored.
### mwldeppc.exe Linker Warning:
#   Section '.ignored' is unknown. Section ignored.
### mwldeppc.exe Linker Warning:
#   Section '.ignored' is unknown. Section ignored.
### mwldeppc.exe Linker Warning:
#   Section '.ignored' is unknown. Section ignored.
### mwldeppc.exe Linker Warning:
#   Section '.ignored' is unknown. Section ignored.
### mwldeppc.exe Linker Warning:
#   Section '.ignored' is unknown. Section ignored.
### mwldeppc.exe Linker Warning:
#   Section '.ignored' is unknown. Section ignored.
### mwldeppc.exe Linker Warning:
#   Section '.ignored' is unknown. Section ignored.
### mwldeppc.exe Linker Warning:
#   Section '.ignored' is unknown. Section ignored.
### mwldeppc.exe Linker Warning:
#   Section '.ignored' is unknown. Section ignored.
### mwldeppc.exe Linker Warning:
#   Section '.ignored' is unknown. Section ignored.
### mwldeppc.exe Linker Warning:
#   Section '.ignored' is unknown. Section ignored.
### mwldeppc.exe Linker Warning:
#   Section '.ignored' is unknown. Section ignored.
### mwldeppc.exe Linker Warning:
#   Section '.ignored' is unknown. Section ignored.
### mwldeppc.exe Linker Warning:
#   Section '.ignored' is unknown. Section ignored.
### mwldeppc.exe Linker Warning:
#   Section '.ignored' is unknown. Section ignored.
### mwldeppc.exe Linker Warning:
#   Section '.ignored' is unknown. Section ignored.
### mwldeppc.exe Linker Warning:
#   Section '.ignored' is unknown. Section ignored.
### mwldeppc.exe Linker Warning:
#   Section '.ignored' is unknown. Section ignored.
### mwldeppc.exe Linker Warning:
#   Section '.ignored' is unknown. Section ignored.
### mwldeppc.exe Linker Warning:
#   Section '.ignored' is unknown. Section ignored.
### mwldeppc.exe Linker Warning:
#   Section '.ignored' is unknown. Section ignored.
### mwldeppc.exe Linker Warning:
#   Section '.ignored' is unknown. Section ignored.
### mwldeppc.exe Linker Warning:
#   Section '.ignored' is unknown. Section ignored.
### mwldeppc.exe Linker Warning:
#   Section '.ignored' is unknown. Section ignored.
### mwldeppc.exe Linker Warning:
#   Section '.ignored' is unknown. Section ignored.
### mwldeppc.exe Linker Warning:
#   Section '.ignored' is unknown. Section ignored.
### mwldeppc.exe Linker Warning:
#   Section '.ignored' is unknown. Section ignored.
### mwldeppc.exe Linker Warning:
#   Section '.ignored' is unknown. Section ignored.
### mwldeppc.exe Linker Warning:
#   Section '.ignored' is unknown. Section ignored.
### mwldeppc.exe Linker Warning:
#   Section '.ignored' is unknown. Section ignored.
### mwldeppc.exe Linker Warning:
#   Section '.ignored' is unknown. Section ignored.
### mwldeppc.exe Linker Warning:
#   Section '.ignored' is unknown. Section ignored.
### mwldeppc.exe Linker Warning:
#   Section '.ignored' is unknown. Section ignored.
### mwldeppc.exe Linker Warning:
#   Section '.ignored' is unknown. Section ignored.
### mwldeppc.exe Linker Warning:
#   Section '.ignored' is unknown. Section ignored.
### mwldeppc.exe Linker Warning:
#   Section '.ignored' is unknown. Section ignored.
### mwldeppc.exe Linker Warning:
#   Section '.ignored' is unknown. Section ignored.
### mwldeppc.exe Linker Warning:
#   Section '.ignored' is unknown. Section ignored.
### mwldeppc.exe Linker Warning:
#   Section '.ignored' is unknown. Section ignored.
### mwldeppc.exe Linker Warning:
#   Section '.ignored' is unknown. Section ignored.
### mwldeppc.exe Linker Warning:
#   Section '.ignored' is unknown. Section ignored.
### mwldeppc.exe Linker Warning:
#   Section '.ignored' is unknown. Section ignored.
### mwldeppc.exe Linker Warning:
#   Section '.ignored' is unknown. Section ignored.
### mwldeppc.exe Linker Warning:
#   Section '.ignored' is unknown. Section ignored.
### mwldeppc.exe Linker Warning:
#   Section '.ignored' is unknown. Section ignored.
### mwldeppc.exe Linker Warning:
#   Section '.ignored' is unknown. Section ignored.
### mwldeppc.exe Linker Warning:
#   Section '.ignored' is unknown. Section ignored.
### mwldeppc.exe Linker Warning:
#   Section '.ignored' is unknown. Section ignored.
### mwldeppc.exe Linker Warning:
#   Section '.ignored' is unknown. Section ignored.
### mwldeppc.exe Linker Warning:
#   Section '.ignored' is unknown. Section ignored.
### mwldeppc.exe Linker Warning:
#   Section '.ignored' is unknown. Section ignored.
### mwldeppc.exe Linker Warning:
#   Section '.ignored' is unknown. Section ignored.
### mwldeppc.exe Linker Warning:
#   Section '.ignored' is unknown. Section ignored.
### mwldeppc.exe Linker Warning:
#   Section '.ignored' is unknown. Section ignored.
### mwldeppc.exe Linker Warning:
#   Section '.ignored' is unknown. Section ignored.
### mwldeppc.exe Linker Warning:
#   Section '.ignored' is unknown. Section ignored.
### mwldeppc.exe Linker Warning:
#   Section '.ignored' is unknown. Section ignored.
### mwldeppc.exe Linker Warning:
#   Section '.ignored' is unknown. Section ignored.
### mwldeppc.exe Linker Warning:
#   Section '.ignored' is unknown. Section ignored.
### mwldeppc.exe Linker Warning:
#   Section '.ignored' is unknown. Section ignored.
### mwldeppc.exe Linker Warning:
#   Section '.ignored' is unknown. Section ignored.
### mwldeppc.exe Linker Warning:
#   Section '.ignored' is unknown. Section ignored.
### mwldeppc.exe Linker Warning:
#   Section '.ignored' is unknown. Section ignored.
### mwldeppc.exe Linker Warning:
#   Section '.ignored' is unknown. Section ignored.
### mwldeppc.exe Linker Warning:
#   Section '.ignored' is unknown. Section ignored.
### mwldeppc.exe Linker Warning:
#   Section '.ignored' is unknown. Section ignored.
### mwldeppc.exe Linker Warning:
#   Section '.ignored' is unknown. Section ignored.
### mwldeppc.exe Linker Warning:
#   Section '.ignored' is unknown. Section ignored.
### mwldeppc.exe Linker Warning:
#   Section '.ignored' is unknown. Section ignored.
### mwldeppc.exe Linker Warning:
#   Section '.ignored' is unknown. Section ignored.
### mwldeppc.exe Linker Warning:
#   Section '.ignored' is unknown. Section ignored.
### mwldeppc.exe Linker Warning:
#   Section '.ignored' is unknown. Section ignored.
### mwldeppc.exe Linker Warning:
#   Section '.ignored' is unknown. Section ignored.
### mwldeppc.exe Linker Warning:
#   Section '.ignored' is unknown. Section ignored.
### mwldeppc.exe Linker Warning:
#   Section '.ignored' is unknown. Section ignored.
### mwldeppc.exe Linker Warning:
#   Section '.ignored' is unknown. Section ignored.
### mwldeppc.exe Linker Warning:
#   Section '.ignored' is unknown. Section ignored.
### mwldeppc.exe Linker Warning:
#   Section '.ignored' is unknown. Section ignored.
### mwldeppc.exe Linker Warning:
#   Section '.ignored' is unknown. Section ignored.
### mwldeppc.exe Linker Warning:
#   Section '.ignored' is unknown. Section ignored.
### mwldeppc.exe Linker Warning:
#   Section '.ignored' is unknown. Section ignored.
### mwldeppc.exe Linker Warning:
#   Section '.ignored' is unknown. Section ignored.
### mwldeppc.exe Linker Warning:
#   Section '.ignored' is unknown. Section ignored.
### mwldeppc.exe Linker Warning:
#   Section '.ignored' is unknown. Section ignored.
### mwldeppc.exe Linker Warning:
#   Section '.ignored' is unknown. Section ignored.
### mwldeppc.exe Linker Warning:
#   Section '.ignored' is unknown. Section ignored.
### mwldeppc.exe Linker Warning:
#   Section '.ignored' is unknown. Section ignored.
### mwldeppc.exe Linker Warning:
#   Section '.ignored' is unknown. Section ignored.
### mwldeppc.exe Linker Warning:
#   Section '.ignored' is unknown. Section ignored.
### mwldeppc.exe Linker Warning:
#   Section '.ignored' is unknown. Section ignored.
### mwldeppc.exe Linker Warning:
#   Section '.ignored' is unknown. Section ignored.
### mwldeppc.exe Linker Warning:
#   Section '.ignored' is unknown. Section ignored.
### mwldeppc.exe Linker Warning:
#   Section '.ignored' is unknown. Section ignored.
### mwldeppc.exe Linker Warning:
#   Section '.ignored' is unknown. Section ignored.
### mwldeppc.exe Linker Warning:
#   Section '.ignored' is unknown. Section ignored.
### mwldeppc.exe Linker Warning:
#   Section '.ignored' is unknown. Section ignored.
### mwldeppc.exe Linker Warning:
#   Section '.ignored' is unknown. Section ignored.
### mwldeppc.exe Linker Warning:
#   Section '.ignored' is unknown. Section ignored.
### mwldeppc.exe Linker Warning:
#   Section '.ignored' is unknown. Section ignored.
### mwldeppc.exe Linker Warning:
#   Section '.ignored' is unknown. Section ignored.
### mwldeppc.exe Linker Warning:
#   Section '.ignored' is unknown. Section ignored.
### mwldeppc.exe Linker Warning:
#   Section '.ignored' is unknown. Section ignored.
### mwldeppc.exe Linker Warning:
#   Section '.ignored' is unknown. Section ignored.
### mwldeppc.exe Linker Warning:
#   Section '.ignored' is unknown. Section ignored.
### mwldeppc.exe Linker Warning:
#   Section '.ignored' is unknown. Section ignored.
### mwldeppc.exe Linker Warning:
#   Section '.ignored' is unknown. Section ignored.
### mwldeppc.exe Linker Warning:
#   Section '.ignored' is unknown. Section ignored.
### mwldeppc.exe Linker Warning:
#   Section '.ignored' is unknown. Section ignored.
### mwldeppc.exe Linker Warning:
#   Section '.ignored' is unknown. Section ignored.
### mwldeppc.exe Linker Warning:
#   Section '.ignored' is unknown. Section ignored.
### mwldeppc.exe Linker Warning:
#   Section '.ignored' is unknown. Section ignored.
### mwldeppc.exe Linker Warning:
#   Section '.ignored' is unknown. Section ignored.
### mwldeppc.exe Linker Warning:
#   Section '.ignored' is unknown. Section ignored.
### mwldeppc.exe Linker Warning:
#   Section '.ignored' is unknown. Section ignored.
### mwldeppc.exe Linker Warning:
#   Section '.ignored' is unknown. Section ignored.
### mwldeppc.exe Linker Warning:
#   Section '.ignored' is unknown. Section ignored.
### mwldeppc.exe Linker Warning:
#   Section '.ignored' is unknown. Section ignored.
### mwldeppc.exe Linker Warning:
#   Section '.ignored' is unknown. Section ignored.
### mwldeppc.exe Linker Warning:
#   Section '.ignored' is unknown. Section ignored.
### mwldeppc.exe Linker Warning:
#   Section '.ignored' is unknown. Section ignored.
### mwldeppc.exe Linker Warning:
#   Section '.ignored' is unknown. Section ignored.
### mwldeppc.exe Linker Warning:
#   Section '.ignored' is unknown. Section ignored.
### mwldeppc.exe Linker Warning:
#   Section '.ignored' is unknown. Section ignored.
### mwldeppc.exe Linker Warning:
#   Section '.ignored' is unknown. Section ignored.
### mwldeppc.exe Linker Warning:
#   Section '.ignored' is unknown. Section ignored.
### mwldeppc.exe Linker Warning:
#   Section '.ignored' is unknown. Section ignored.
### mwldeppc.exe Linker Warning:
#   Section '.ignored' is unknown. Section ignored.
### mwldeppc.exe Linker Warning:
#   Section '.ignored' is unknown. Section ignored.
### mwldeppc.exe Linker Warning:
#   Section '.ignored' is unknown. Section ignored.
### mwldeppc.exe Linker Warning:
#   Section '.ignored' is unknown. Section ignored.
### mwldeppc.exe Linker Warning:
#   Section '.ignored' is unknown. Section ignored.
### mwldeppc.exe Linker Warning:
#   Section '.ignored' is unknown. Section ignored.
### mwldeppc.exe Linker Warning:
#   Section '.ignored' is unknown. Section ignored.
### mwldeppc.exe Linker Warning:
#   Section '.ignored' is unknown. Section ignored.
### mwldeppc.exe Linker Warning:
#   Section '.ignored' is unknown. Section ignored.
### mwldeppc.exe Linker Warning:
#   Section '.ignored' is unknown. Section ignored.
### mwldeppc.exe Linker Warning:
#   Section '.ignored' is unknown. Section ignored.
### mwldeppc.exe Linker Warning:
#   Section '.ignored' is unknown. Section ignored.
### mwldeppc.exe Linker Warning:
#   Section '.ignored' is unknown. Section ignored.
### mwldeppc.exe Linker Warning:
#   Section '.ignored' is unknown. Section ignored.
### mwldeppc.exe Linker Warning:
#   Section '.ignored' is unknown. Section ignored.
### mwldeppc.exe Linker Warning:
#   Section '.ignored' is unknown. Section ignored.
### mwldeppc.exe Linker Warning:
#   Section '.ignored' is unknown. Section ignored.
### mwldeppc.exe Linker Warning:
#   Section '.ignored' is unknown. Section ignored.
### mwldeppc.exe Linker Warning:
#   Section '.ignored' is unknown. Section ignored.
### mwldeppc.exe Linker Warning:
#   Section '.ignored' is unknown. Section ignored.
### mwldeppc.exe Linker Warning:
#   Section '.ignored' is unknown. Section ignored.
### mwldeppc.exe Linker Warning:
#   Section '.ignored' is unknown. Section ignored.
### mwldeppc.exe Linker Warning:
#   Section '.ignored' is unknown. Section ignored.
### mwldeppc.exe Linker Warning:
#   Section '.ignored' is unknown. Section ignored.
### mwldeppc.exe Linker Warning:
#   Section '.ignored' is unknown. Section ignored.
### mwldeppc.exe Linker Warning:
#   Section '.ignored' is unknown. Section ignored.
### mwldeppc.exe Linker Warning:
#   Section '.ignored' is unknown. Section ignored.
### mwldeppc.exe Linker Warning:
#   Section '.ignored' is unknown. Section ignored.
### mwldeppc.exe Linker Warning:
#   Section '.ignored' is unknown. Section ignored.
### mwldeppc.exe Linker Warning:
#   Section '.ignored' is unknown. Section ignored.
### mwldeppc.exe Linker Warning:
#   Section '.ignored' is unknown. Section ignored.
### mwldeppc.exe Linker Warning:
#   Section '.ignored' is unknown. Section ignored.
### mwldeppc.exe Linker Warning:
#   Section '.ignored' is unknown. Section ignored.
### mwldeppc.exe Linker Warning:
#   Section '.ignored' is unknown. Section ignored.
### mwldeppc.exe Linker Warning:
#   Section '.ignored' is unknown. Section ignored.
### mwldeppc.exe Linker Warning:
#   Section '.ignored' is unknown. Section ignored.
### mwldeppc.exe Linker Warning:
#   Section '.ignored' is unknown. Section ignored.
### mwldeppc.exe Linker Warning:
#   Section '.ignored' is unknown. Section ignored.
### mwldeppc.exe Linker Warning:
#   Section '.ignored' is unknown. Section ignored.
### mwldeppc.exe Linker Warning:
#   Section '.ignored' is unknown. Section ignored.
### mwldeppc.exe Linker Warning:
#   Section '.ignored' is unknown. Section ignored.
### mwldeppc.exe Linker Warning:
#   Section '.ignored' is unknown. Section ignored.
### mwldeppc.exe Linker Warning:
#   Section '.ignored' is unknown. Section ignored.
### mwldeppc.exe Linker Warning:
#   Section '.ignored' is unknown. Section ignored.
### mwldeppc.exe Linker Warning:
#   Section '.ignored' is unknown. Section ignored.
### mwldeppc.exe Linker Warning:
#   Section '.ignored' is unknown. Section ignored.
### mwldeppc.exe Linker Warning:
#   Section '.ignored' is unknown. Section ignored.
### mwldeppc.exe Linker Warning:
#   Section '.ignored' is unknown. Section ignored.
### mwldeppc.exe Linker Warning:
#   Section '.ignored' is unknown. Section ignored.
### mwldeppc.exe Linker Warning:
#   Section '.ignored' is unknown. Section ignored.
### mwldeppc.exe Linker Warning:
#   Section '.ignored' is unknown. Section ignored.
### mwldeppc.exe Linker Warning:
#   Section '.ignored' is unknown. Section ignored.
### mwldeppc.exe Linker Warning:
#   Section '.ignored' is unknown. Section ignored.
### mwldeppc.exe Linker Warning:
#   Section '.ignored' is unknown. Section ignored.
### mwldeppc.exe Linker Warning:
#   Section '.ignored' is unknown. Section ignored.
### mwldeppc.exe Linker Warning:
#   Section '.ignored' is unknown. Section ignored.
### mwldeppc.exe Linker Warning:
#   Section '.ignored' is unknown. Section ignored.
### mwldeppc.exe Linker Warning:
#   Section '.ignored' is unknown. Section ignored.
### mwldeppc.exe Linker Warning:
#   Section '.ignored' is unknown. Section ignored.
### mwldeppc.exe Linker Warning:
#   Section '.ignored' is unknown. Section ignored.
### mwldeppc.exe Linker Warning:
#   Section '.ignored' is unknown. Section ignored.
### mwldeppc.exe Linker Warning:
#   Section '.ignored' is unknown. Section ignored.
### mwldeppc.exe Linker Warning:
#   Section '.ignored' is unknown. Section ignored.
### mwldeppc.exe Linker Warning:
#   Section '.ignored' is unknown. Section ignored.
### mwldeppc.exe Linker Warning:
#   Section '.ignored' is unknown. Section ignored.
### mwldeppc.exe Linker Warning:
#   Section '.ignored' is unknown. Section ignored.
### mwldeppc.exe Linker Warning:
#   Section '.ignored' is unknown. Section ignored.
### mwldeppc.exe Linker Warning:
#   Section '.ignored' is unknown. Section ignored.
### mwldeppc.exe Linker Warning:
#   Section '.ignored' is unknown. Section ignored.
### mwldeppc.exe Linker Warning:
#   Section '.ignored' is unknown. Section ignored.
### mwldeppc.exe Linker Warning:
#   Section '.ignored' is unknown. Section ignored.
### mwldeppc.exe Linker Warning:
#   Section '.ignored' is unknown. Section ignored.
### mwldeppc.exe Linker Warning:
#   Section '.ignored' is unknown. Section ignored.
### mwldeppc.exe Linker Warning:
#   Section '.ignored' is unknown. Section ignored.
### mwldeppc.exe Linker Warning:
#   Section '.ignored' is unknown. Section ignored.
### mwldeppc.exe Linker Warning:
#   Section '.ignored' is unknown. Section ignored.
### mwldeppc.exe Linker Warning:
#   Section '.ignored' is unknown. Section ignored.
### mwldeppc.exe Linker Warning:
#   Section '.ignored' is unknown. Section ignored.
### mwldeppc.exe Linker Warning:
#   Section '.ignored' is unknown. Section ignored.
### mwldeppc.exe Linker Warning:
#   Section '.ignored' is unknown. Section ignored.
### mwldeppc.exe Linker Warning:
#   Section '.ignored' is unknown. Section ignored.
### mwldeppc.exe Linker Warning:
#   Section '.ignored' is unknown. Section ignored.
### mwldeppc.exe Linker Warning:
#   Section '.ignored' is unknown. Section ignored.
### mwldeppc.exe Linker Warning:
#   Section '.ignored' is unknown. Section ignored.
### mwldeppc.exe Linker Warning:
#   Section '.ignored' is unknown. Section ignored.
### mwldeppc.exe Linker Warning:
#   Section '.ignored' is unknown. Section ignored.
### mwldeppc.exe Linker Warning:
#   Section '.ignored' is unknown. Section ignored.
### mwldeppc.exe Linker Warning:
#   Section '.ignored' is unknown. Section ignored.
### mwldeppc.exe Linker Warning:
#   Section '.ignored' is unknown. Section ignored.
### mwldeppc.exe Linker Warning:
#   Section '.ignored' is unknown. Section ignored.
### mwldeppc.exe Linker Warning:
#   Section '.ignored' is unknown. Section ignored.
### mwldeppc.exe Linker Warning:
#   Section '.ignored' is unknown. Section ignored.
### mwldeppc.exe Linker Warning:
#   Section '.ignored' is unknown. Section ignored.
### mwldeppc.exe Linker Warning:
#   Section '.ignored' is unknown. Section ignored.
### mwldeppc.exe Linker Warning:
#   Section '.ignored' is unknown. Section ignored.
### mwldeppc.exe Linker Warning:
#   Section '.ignored' is unknown. Section ignored.
### mwldeppc.exe Linker Warning:
#   Section '.ignored' is unknown. Section ignored.
### mwldeppc.exe Linker Warning:
#   Section '.ignored' is unknown. Section ignored.
### mwldeppc.exe Linker Warning:
#   Section '.ignored' is unknown. Section ignored.
### mwldeppc.exe Linker Warning:
#   Section '.ignored' is unknown. Section ignored.
### mwldeppc.exe Linker Warning:
#   Section '.ignored' is unknown. Section ignored.
### mwldeppc.exe Linker Warning:
#   Section '.ignored' is unknown. Section ignored.
### mwldeppc.exe Linker Warning:
#   Section '.ignored' is unknown. Section ignored.
### mwldeppc.exe Linker Warning:
#   Section '.ignored' is unknown. Section ignored.
### mwldeppc.exe Linker Warning:
#   Section '.ignored' is unknown. Section ignored.
### mwldeppc.exe Linker Warning:
#   Section '.ignored' is unknown. Section ignored.
### mwldeppc.exe Linker Warning:
#   Section '.ignored' is unknown. Section ignored.
### mwldeppc.exe Linker Warning:
#   Section '.ignored' is unknown. Section ignored.
### mwldeppc.exe Linker Warning:
#   Section '.ignored' is unknown. Section ignored.
### mwldeppc.exe Linker Warning:
#   Section '.ignored' is unknown. Section ignored.
### mwldeppc.exe Linker Warning:
#   Section '.ignored' is unknown. Section ignored.
### mwldeppc.exe Linker Warning:
#   Section '.ignored' is unknown. Section ignored.
### mwldeppc.exe Linker Warning:
#   Section '.ignored' is unknown. Section ignored.
### mwldeppc.exe Linker Warning:
#   Section '.ignored' is unknown. Section ignored.
### mwldeppc.exe Linker Warning:
#   Section '.ignored' is unknown. Section ignored.
### mwldeppc.exe Linker Warning:
#   Section '.ignored' is unknown. Section ignored.
### mwldeppc.exe Linker Warning:
#   Section '.ignored' is unknown. Section ignored.
### mwldeppc.exe Linker Warning:
#   Section '.ignored' is unknown. Section ignored.
### mwldeppc.exe Linker Warning:
#   Section '.ignored' is unknown. Section ignored.
### mwldeppc.exe Linker Warning:
#   Section '.ignored' is unknown. Section ignored.
### mwldeppc.exe Linker Warning:
#   Section '.ignored' is unknown. Section ignored.
### mwldeppc.exe Linker Warning:
#   Section '.ignored' is unknown. Section ignored.
### mwldeppc.exe Linker Warning:
#   Section '.ignored' is unknown. Section ignored.
### mwldeppc.exe Linker Warning:
#   Section '.ignored' is unknown. Section ignored.
### mwldeppc.exe Linker Warning:
#   Section '.ignored' is unknown. Section ignored.
### mwldeppc.exe Linker Warning:
#   Section '.ignored' is unknown. Section ignored.
### mwldeppc.exe Linker Warning:
#   Section '.ignored' is unknown. Section ignored.
### mwldeppc.exe Linker Warning:
#   Section '.ignored' is unknown. Section ignored.
### mwldeppc.exe Linker Warning:
#   Section '.ignored' is unknown. Section ignored.
### mwldeppc.exe Linker Warning:
#   Section '.ignored' is unknown. Section ignored.
### mwldeppc.exe Linker Warning:
#   Section '.ignored' is unknown. Section ignored.
### mwldeppc.exe Linker Warning:
#   Section '.ignored' is unknown. Section ignored.
### mwldeppc.exe Linker Warning:
#   Section '.ignored' is unknown. Section ignored.
### mwldeppc.exe Linker Warning:
#   Section '.ignored' is unknown. Section ignored.
### mwldeppc.exe Linker Warning:
#   Section '.ignored' is unknown. Section ignored.
### mwldeppc.exe Linker Warning:
#   Section '.ignored' is unknown. Section ignored.
### mwldeppc.exe Linker Warning:
#   Section '.ignored' is unknown. Section ignored.
### mwldeppc.exe Linker Warning:
#   Section '.ignored' is unknown. Section ignored.
### mwldeppc.exe Linker Warning:
#   Section '.ignored' is unknown. Section ignored.
### mwldeppc.exe Linker Warning:
#   Section '.ignored' is unknown. Section ignored.
### mwldeppc.exe Linker Warning:
#   Section '.ignored' is unknown. Section ignored.
### mwldeppc.exe Linker Warning:
#   Section '.ignored' is unknown. Section ignored.
### mwldeppc.exe Linker Warning:
#   Section '.ignored' is unknown. Section ignored.
### mwldeppc.exe Linker Warning:
#   Section '.ignored' is unknown. Section ignored.
### mwldeppc.exe Linker Warning:
#   Section '.ignored' is unknown. Section ignored.
### mwldeppc.exe Linker Warning:
#   Section '.ignored' is unknown. Section ignored.
### mwldeppc.exe Linker Warning:
#   Section '.ignored' is unknown. Section ignored.
### mwldeppc.exe Linker Warning:
#   Section '.ignored' is unknown. Section ignored.
### mwldeppc.exe Linker Warning:
#   Section '.ignored' is unknown. Section ignored.
### mwldeppc.exe Linker Warning:
#   Section '.ignored' is unknown. Section ignored.
### mwldeppc.exe Linker Warning:
#   Section '.ignored' is unknown. Section ignored.
### mwldeppc.exe Linker Warning:
#   Section '.ignored' is unknown. Section ignored.
### mwldeppc.exe Linker Warning:
#   Section '.ignored' is unknown. Section ignored.
### mwldeppc.exe Linker Warning:
#   Section '.ignored' is unknown. Section ignored.
### mwldeppc.exe Linker Warning:
#   Section '.ignored' is unknown. Section ignored.
### mwldeppc.exe Linker Warning:
#   Section '.ignored' is unknown. Section ignored.
### mwldeppc.exe Linker Warning:
#   Section '.ignored' is unknown. Section ignored.
### mwldeppc.exe Linker Warning:
#   Section '.ignored' is unknown. Section ignored.
### mwldeppc.exe Linker Warning:
#   Section '.ignored' is unknown. Section ignored.
### mwldeppc.exe Linker Warning:
#   Section '.ignored' is unknown. Section ignored.
### mwldeppc.exe Linker Warning:
#   Section '.ignored' is unknown. Section ignored.
### mwldeppc.exe Linker Warning:
#   Section '.ignored' is unknown. Section ignored.
### mwldeppc.exe Linker Warning:
#   Section '.ignored' is unknown. Section ignored.
### mwldeppc.exe Linker Warning:
#   Section '.ignored' is unknown. Section ignored.
### mwldeppc.exe Linker Warning:
#   Section '.ignored' is unknown. Section ignored.
### mwldeppc.exe Linker Warning:
#   Section '.ignored' is unknown. Section ignored.
### mwldeppc.exe Linker Warning:
#   Section '.ignored' is unknown. Section ignored.
### mwldeppc.exe Linker Warning:
#   Section '.ignored' is unknown. Section ignored.
### mwldeppc.exe Linker Warning:
#   Section '.ignored' is unknown. Section ignored.
### mwldeppc.exe Linker Warning:
#   Section '.ignored' is unknown. Section ignored.
### mwldeppc.exe Linker Warning:
#   Section '.ignored' is unknown. Section ignored.
### mwldeppc.exe Linker Warning:
#   Section '.ignored' is unknown. Section ignored.
### mwldeppc.exe Linker Warning:
#   Section '.ignored' is unknown. Section ignored.
### mwldeppc.exe Linker Warning:
#   Section '.ignored' is unknown. Section ignored.
### mwldeppc.exe Linker Warning:
#   Section '.ignored' is unknown. Section ignored.
### mwldeppc.exe Linker Warning:
#   Section '.ignored' is unknown. Section ignored.
### mwldeppc.exe Linker Warning:
#   Section '.ignored' is unknown. Section ignored.
### mwldeppc.exe Linker Warning:
#   Section '.ignored' is unknown. Section ignored.
### mwldeppc.exe Linker Warning:
#   Section '.ignored' is unknown. Section ignored.
### mwldeppc.exe Linker Warning:
#   Section '.ignored' is unknown. Section ignored.
### mwldeppc.exe Linker Warning:
#   Section '.ignored' is unknown. Section ignored.
### mwldeppc.exe Linker Warning:
#   Section '.ignored' is unknown. Section ignored.
### mwldeppc.exe Linker Warning:
#   Section '.ignored' is unknown. Section ignored.
### mwldeppc.exe Linker Warning:
#   Section '.ignored' is unknown. Section ignored.
### mwldeppc.exe Linker Warning:
#   Section '.ignored' is unknown. Section ignored.
### mwldeppc.exe Linker Warning:
#   Section '.ignored' is unknown. Section ignored.
### mwldeppc.exe Linker Warning:
#   Section '.ignored' is unknown. Section ignored.
### mwldeppc.exe Linker Warning:
#   Section '.ignored' is unknown. Section ignored.
### mwldeppc.exe Linker Warning:
#   Section '.ignored' is unknown. Section ignored.
### mwldeppc.exe Linker Warning:
#   Section '.ignored' is unknown. Section ignored.
### mwldeppc.exe Linker Warning:
#   Section '.ignored' is unknown. Section ignored.
### mwldeppc.exe Linker Warning:
#   Section '.ignored' is unknown. Section ignored.
### mwldeppc.exe Linker Warning:
#   Section '.ignored' is unknown. Section ignored.
### mwldeppc.exe Linker Warning:
#   Section '.ignored' is unknown. Section ignored.
### mwldeppc.exe Linker Warning:
#   Section '.ignored' is unknown. Section ignored.
### mwldeppc.exe Linker Warning:
#   Section '.ignored' is unknown. Section ignored.
### mwldeppc.exe Linker Warning:
#   Section '.ignored' is unknown. Section ignored.
### mwldeppc.exe Linker Warning:
#   Section '.ignored' is unknown. Section ignored.
### mwldeppc.exe Linker Warning:
#   Section '.ignored' is unknown. Section ignored.
### mwldeppc.exe Linker Warning:
#   Section '.ignored' is unknown. Section ignored.
### mwldeppc.exe Linker Warning:
#   Section '.ignored' is unknown. Section ignored.
### mwldeppc.exe Linker Warning:
#   Section '.ignored' is unknown. Section ignored.
### mwldeppc.exe Linker Warning:
#   Section '.ignored' is unknown. Section ignored.
### mwldeppc.exe Linker Warning:
#   Section '.ignored' is unknown. Section ignored.
### mwldeppc.exe Linker Warning:
#   Section '.ignored' is unknown. Section ignored.
### mwldeppc.exe Linker Warning:
#   Section '.ignored' is unknown. Section ignored.
### mwldeppc.exe Linker Warning:
#   Section '.ignored' is unknown. Section ignored.
### mwldeppc.exe Linker Warning:
#   Section '.ignored' is unknown. Section ignored.
### mwldeppc.exe Linker Warning:
#   Section '.ignored' is unknown. Section ignored.
### mwldeppc.exe Linker Warning:
#   Section '.ignored' is unknown. Section ignored.
### mwldeppc.exe Linker Warning:
#   Section '.ignored' is unknown. Section ignored.
### mwldeppc.exe Linker Warning:
#   Section '.ignored' is unknown. Section ignored.
### mwldeppc.exe Linker Warning:
#   Section '.ignored' is unknown. Section ignored.
### mwldeppc.exe Linker Warning:
#   Section '.ignored' is unknown. Section ignored.
### mwldeppc.exe Linker Warning:
#   Section '.ignored' is unknown. Section ignored.
### mwldeppc.exe Linker Warning:
#   Section '.ignored' is unknown. Section ignored.
### mwldeppc.exe Linker Warning:
#   Section '.ignored' is unknown. Section ignored.
### mwldeppc.exe Linker Warning:
#   Section '.ignored' is unknown. Section ignored.
### mwldeppc.exe Linker Warning:
#   Section '.ignored' is unknown. Section ignored.
### mwldeppc.exe Linker Warning:
#   Section '.ignored' is unknown. Section ignored.
### mwldeppc.exe Linker Warning:
#   Section '.ignored' is unknown. Section ignored.
### mwldeppc.exe Linker Warning:
#   Section '.ignored' is unknown. Section ignored.
### mwldeppc.exe Linker Warning:
#   Section '.ignored' is unknown. Section ignored.
### mwldeppc.exe Linker Warning:
#   Section '.ignored' is unknown. Section ignored.
### mwldeppc.exe Linker Warning:
#   Section '.ignored' is unknown. Section ignored.
### mwldeppc.exe Linker Warning:
#   Section '.ignored' is unknown. Section ignored.
### mwldeppc.exe Linker Warning:
#   Section '.ignored' is unknown. Section ignored.
### mwldeppc.exe Linker Warning:
#   Section '.ignored' is unknown. Section ignored.
### mwldeppc.exe Linker Warning:
#   Section '.ignored' is unknown. Section ignored.
### mwldeppc.exe Linker Warning:
#   Section '.ignored' is unknown. Section ignored.
### mwldeppc.exe Linker Warning:
#   Section '.ignored' is unknown. Section ignored.
### mwldeppc.exe Linker Warning:
#   Section '.ignored' is unknown. Section ignored.
### mwldeppc.exe Linker Warning:
#   Section '.ignored' is unknown. Section ignored.
### mwldeppc.exe Linker Warning:
#   Section '.ignored' is unknown. Section ignored.
### mwldeppc.exe Linker Warning:
#   Section '.ignored' is unknown. Section ignored.
### mwldeppc.exe Linker Warning:
#   Section '.ignored' is unknown. Section ignored.
### mwldeppc.exe Linker Warning:
#   Section '.ignored' is unknown. Section ignored.
### mwldeppc.exe Linker Warning:
#   Section '.ignored' is unknown. Section ignored.
### mwldeppc.exe Linker Warning:
#   Section '.ignored' is unknown. Section ignored.
### mwldeppc.exe Linker Warning:
#   Section '.ignored' is unknown. Section ignored.
### mwldeppc.exe Linker Warning:
#   Section '.ignored' is unknown. Section ignored.
### mwldeppc.exe Linker Warning:
#   Section '.ignored' is unknown. Section ignored.
### mwldeppc.exe Linker Warning:
#   Section '.ignored' is unknown. Section ignored.
### mwldeppc.exe Linker Warning:
#   Section '.ignored' is unknown. Section ignored.
### mwldeppc.exe Linker Warning:
#   Section '.ignored' is unknown. Section ignored.
### mwldeppc.exe Linker Warning:
#   Section '.ignored' is unknown. Section ignored.
### mwldeppc.exe Linker Warning:
#   Section '.ignored' is unknown. Section ignored.
### mwldeppc.exe Linker Warning:
#   Section '.ignored' is unknown. Section ignored.
### mwldeppc.exe Linker Warning:
#   Section '.ignored' is unknown. Section ignored.
### mwldeppc.exe Linker Warning:
#   Section '.ignored' is unknown. Section ignored.
### mwldeppc.exe Linker Warning:
#   Section '.ignored' is unknown. Section ignored.
### mwldeppc.exe Linker Warning:
#   Section '.ignored' is unknown. Section ignored.
### mwldeppc.exe Linker Warning:
#   Section '.ignored' is unknown. Section ignored.
### mwldeppc.exe Linker Warning:
#   Section '.ignored' is unknown. Section ignored.
### mwldeppc.exe Linker Warning:
#   Section '.ignored' is unknown. Section ignored.
### mwldeppc.exe Linker Warning:
#   Section '.ignored' is unknown. Section ignored.
### mwldeppc.exe Linker Warning:
#   Section '.ignored' is unknown. Section ignored.
### mwldeppc.exe Linker Warning:
#   Section '.ignored' is unknown. Section ignored.
### mwldeppc.exe Linker Warning:
#   Section '.ignored' is unknown. Section ignored.
### mwldeppc.exe Linker Warning:
#   Section '.ignored' is unknown. Section ignored.
### mwldeppc.exe Linker Warning:
#   Section '.ignored' is unknown. Section ignored.
### mwldeppc.exe Linker Warning:
#   Section '.ignored' is unknown. Section ignored.
### mwldeppc.exe Linker Warning:
#   Section '.ignored' is unknown. Section ignored.
### mwldeppc.exe Linker Warning:
#   Section '.ignored' is unknown. Section ignored.
### mwldeppc.exe Linker Warning:
#   Section '.ignored' is unknown. Section ignored.
### mwldeppc.exe Linker Warning:
#   Section '.ignored' is unknown. Section ignored.
### mwldeppc.exe Linker Warning:
#   Section '.ignored' is unknown. Section ignored.
### mwldeppc.exe Linker Warning:
#   Section '.ignored' is unknown. Section ignored.
### mwldeppc.exe Linker Warning:
#   Section '.ignored' is unknown. Section ignored.
### mwldeppc.exe Linker Warning:
#   Section '.ignored' is unknown. Section ignored.
### mwldeppc.exe Linker Warning:
#   Section '.ignored' is unknown. Section ignored.
### mwldeppc.exe Linker Warning:
#   Section '.ignored' is unknown. Section ignored.
### mwldeppc.exe Linker Warning:
#   Section '.ignored' is unknown. Section ignored.
### mwldeppc.exe Linker Warning:
#   Section '.ignored' is unknown. Section ignored.
### mwldeppc.exe Linker Warning:
#   Section '.ignored' is unknown. Section ignored.
### mwldeppc.exe Linker Warning:
#   Section '.ignored' is unknown. Section ignored.
### mwldeppc.exe Linker Warning:
#   Section '.ignored' is unknown. Section ignored.
### mwldeppc.exe Linker Warning:
#   Section '.ignored' is unknown. Section ignored.
### mwldeppc.exe Linker Warning:
#   Section '.ignored' is unknown. Section ignored.
### mwldeppc.exe Linker Warning:
#   Section '.ignored' is unknown. Section ignored.
### mwldeppc.exe Linker Warning:
#   Section '.ignored' is unknown. Section ignored.
### mwldeppc.exe Linker Warning:
#   Section '.ignored' is unknown. Section ignored.
### mwldeppc.exe Linker Warning:
#   Section '.ignored' is unknown. Section ignored.
### mwldeppc.exe Linker Warning:
#   Section '.ignored' is unknown. Section ignored.
### mwldeppc.exe Linker Warning:
#   Section '.ignored' is unknown. Section ignored.
### mwldeppc.exe Linker Warning:
#   Section '.ignored' is unknown. Section ignored.
### mwldeppc.exe Linker Warning:
#   Section '.ignored' is unknown. Section ignored.
### mwldeppc.exe Linker Warning:
#   Section '.ignored' is unknown. Section ignored.
### mwldeppc.exe Linker Warning:
#   Section '.ignored' is unknown. Section ignored.
### mwldeppc.exe Linker Warning:
#   Section '.ignored' is unknown. Section ignored.
### mwldeppc.exe Linker Warning:
#   Section '.ignored' is unknown. Section ignored.
### mwldeppc.exe Linker Warning:
#   Section '.ignored' is unknown. Section ignored.
### mwldeppc.exe Linker Warning:
#   Section '.ignored' is unknown. Section ignored.
### mwldeppc.exe Linker Warning:
#   Section '.ignored' is unknown. Section ignored.
### mwldeppc.exe Linker Warning:
#   Section '.ignored' is unknown. Section ignored.
### mwldeppc.exe Linker Warning:
#   Section '.ignored' is unknown. Section ignored.
### mwldeppc.exe Linker Warning:
#   Section '.ignored' is unknown. Section ignored.
### mwldeppc.exe Linker Warning:
#   Section '.ignored' is unknown. Section ignored.
### mwldeppc.exe Linker Warning:
#   Section '.ignored' is unknown. Section ignored.
### mwldeppc.exe Linker Warning:
#   Section '.ignored' is unknown. Section ignored.
### mwldeppc.exe Linker Warning:
#   Section '.ignored' is unknown. Section ignored.
### mwldeppc.exe Linker Warning:
#   Section '.ignored' is unknown. Section ignored.
### mwldeppc.exe Linker Warning:
#   Section '.ignored' is unknown. Section ignored.
### mwldeppc.exe Linker Warning:
#   Section '.ignored' is unknown. Section ignored.
### mwldeppc.exe Linker Warning:
#   Section '.ignored' is unknown. Section ignored.
### mwldeppc.exe Linker Warning:
#   Section '.ignored' is unknown. Section ignored.
### mwldeppc.exe Linker Warning:
#   Section '.ignored' is unknown. Section ignored.
### mwldeppc.exe Linker Warning:
#   Section '.ignored' is unknown. Section ignored.
### mwldeppc.exe Linker Warning:
#   Section '.ignored' is unknown. Section ignored.
### mwldeppc.exe Linker Warning:
#   Section '.ignored' is unknown. Section ignored.
### mwldeppc.exe Linker Warning:
#   Section '.ignored' is unknown. Section ignored.
### mwldeppc.exe Linker Warning:
#   Section '.ignored' is unknown. Section ignored.
### mwldeppc.exe Linker Warning:
#   Section '.ignored' is unknown. Section ignored.
### mwldeppc.exe Linker Warning:
#   Section '.ignored' is unknown. Section ignored.
### mwldeppc.exe Linker Warning:
#   Section '.ignored' is unknown. Section ignored.
### mwldeppc.exe Linker Warning:
#   Section '.ignored' is unknown. Section ignored.
### mwldeppc.exe Linker Warning:
#   Section '.ignored' is unknown. Section ignored.
### mwldeppc.exe Linker Warning:
#   Section '.ignored' is unknown. Section ignored.
### mwldeppc.exe Linker Warning:
#   Section '.ignored' is unknown. Section ignored.
### mwldeppc.exe Linker Warning:
#   Section '.ignored' is unknown. Section ignored.
### mwldeppc.exe Linker Warning:
#   Section '.ignored' is unknown. Section ignored.
### mwldeppc.exe Linker Warning:
#   Section '.ignored' is unknown. Section ignored.
### mwldeppc.exe Linker Warning:
#   Section '.ignored' is unknown. Section ignored.
### mwldeppc.exe Linker Warning:
#   Section '.ignored' is unknown. Section ignored.
### mwldeppc.exe Linker Warning:
#   Section '.ignored' is unknown. Section ignored.
### mwldeppc.exe Linker Warning:
#   Section '.ignored' is unknown. Section ignored.
### mwldeppc.exe Linker Warning:
#   Section '.ignored' is unknown. Section ignored.
### mwldeppc.exe Linker Warning:
#   Section '.ignored' is unknown. Section ignored.
### mwldeppc.exe Linker Warning:
#   Section '.ignored' is unknown. Section ignored.
### mwldeppc.exe Linker Warning:
#   Section '.ignored' is unknown. Section ignored.
### mwldeppc.exe Linker Warning:
#   Section '.ignored' is unknown. Section ignored.
### mwldeppc.exe Linker Warning:
#   Section '.ignored' is unknown. Section ignored.
### mwldeppc.exe Linker Warning:
#   Section '.ignored' is unknown. Section ignored.
### mwldeppc.exe Linker Warning:
#   Section '.ignored' is unknown. Section ignored.
### mwldeppc.exe Linker Warning:
#   Section '.ignored' is unknown. Section ignored.
### mwldeppc.exe Linker Warning:
#   Section '.ignored' is unknown. Section ignored.
### mwldeppc.exe Linker Warning:
#   Section '.ignored' is unknown. Section ignored.
### mwldeppc.exe Linker Warning:
#   Section '.ignored' is unknown. Section ignored.
### mwldeppc.exe Linker Warning:
#   Section '.ignored' is unknown. Section ignored.
### mwldeppc.exe Linker Warning:
#   Section '.ignored' is unknown. Section ignored.
### mwldeppc.exe Linker Warning:
#   Section '.ignored' is unknown. Section ignored.
### mwldeppc.exe Linker Warning:
#   Section '.ignored' is unknown. Section ignored.
### mwldeppc.exe Linker Warning:
#   Section '.ignored' is unknown. Section ignored.
### mwldeppc.exe Linker Warning:
#   Section '.ignored' is unknown. Section ignored.
### mwldeppc.exe Linker Warning:
#   Section '.ignored' is unknown. Section ignored.
### mwldeppc.exe Linker Warning:
#   Section '.ignored' is unknown. Section ignored.
### mwldeppc.exe Linker Warning:
#   Section '.ignored' is unknown. Section ignored.
### mwldeppc.exe Linker Warning:
#   Section '.ignored' is unknown. Section ignored.
### mwldeppc.exe Linker Warning:
#   Section '.ignored' is unknown. Section ignored.
### mwldeppc.exe Linker Warning:
#   Section '.ignored' is unknown. Section ignored.
### mwldeppc.exe Linker Warning:
#   Section '.ignored' is unknown. Section ignored.
### mwldeppc.exe Linker Warning:
#   Section '.ignored' is unknown. Section ignored.
### mwldeppc.exe Linker Warning:
#   Section '.ignored' is unknown. Section ignored.
### mwldeppc.exe Linker Warning:
#   Section '.ignored' is unknown. Section ignored.
### mwldeppc.exe Linker Warning:
#   Section '.ignored' is unknown. Section ignored.
### mwldeppc.exe Linker Warning:
#   Section '.ignored' is unknown. Section ignored.
### mwldeppc.exe Linker Warning:
#   Section '.ignored' is unknown. Section ignored.
### mwldeppc.exe Linker Warning:
#   Section '.ignored' is unknown. Section ignored.
### mwldeppc.exe Linker Warning:
#   Section '.ignored' is unknown. Section ignored.
### mwldeppc.exe Linker Warning:
#   Section '.ignored' is unknown. Section ignored.
[883/885] DOL build/GEDE01/main.dol
[884/885] CHECK config/GEDE01/build.sha1
build/GEDE01/main.dol: OK
[885/885] PROGRESS
Progress:
  All: 58.12% fuzzy, 47.57% matched, 47.54% linked (6264 / 7068 files)
    Code: 1094360 / 2300692 bytes (6030 / 8214 functions)
    Data: 39594 / 4305642 bytes (0.92%)
  Game Code: 93.62% fuzzy, 76.58% matched, 76.53% linked (6246 / 6633 files)
    Code: 1091332 / 1425104 bytes (5968 / 6354 functions)
    Data: 39370 / 40426 bytes (97.39%)
  SDK/Runtime: 100.00% fuzzy, 100.00% matched, 100.00% linked (18 / 18 files)
    Code: 3028 / 3028 bytes (62 / 62 functions)
    Data: 224 / 224 bytes (100.00%)
