[1/862] MWCC build/GEDE01/src/game/game_fn_80008014.o
[2/862] MWCC build/GEDE01/src/game/game_fn_800094C0.o
[3/862] MWCC build/GEDE01/src/game/game_fn_800096E0.o
[4/862] MWCC build/GEDE01/src/game/game_fn_800098C0.o
[5/862] MWCC build/GEDE01/src/game/game_fn_80009AB4.o
[6/862] MWCC build/GEDE01/src/game/game_fn_800099D8.o
[7/862] MWCC build/GEDE01/src/game/game_fn_8000A26C.o
[8/862] MWCC build/GEDE01/src/game/game_fn_8000AC88.o
[9/862] MWCC build/GEDE01/src/game/game_fn_8000AEB4.o
[10/862] MWCC build/GEDE01/src/game/game_fn_8000AFB4.o
[11/862] MWCC build/GEDE01/src/game/game_fn_8000B1B8.o
[12/862] MWCC build/GEDE01/src/game/game_fn_8000B36C.o
[13/862] MWCC build/GEDE01/src/game/game_fn_8000B630.o
[14/862] MWCC build/GEDE01/src/game/game_fn_8000B7FC.o
[15/862] MWCC build/GEDE01/src/game/game_fn_8000B900.o
[16/862] MWCC build/GEDE01/src/game/game_fn_8000BA0C.o
[17/862] MWCC build/GEDE01/src/game/game_fn_8000BAA0.o
[18/862] MWCC build/GEDE01/src/game/game_fn_8000BC40.o
[19/862] MWCC build/GEDE01/src/game/game_fn_8000C06C.o
[20/862] MWCC build/GEDE01/src/game/game_fn_8000C17C.o
[21/862] MWCC build/GEDE01/src/game/game_fn_8000C400.o
[22/862] MWCC build/GEDE01/src/game/game_fn_8000C848.o
[23/862] MWCC build/GEDE01/src/game/game_fn_8000C91C.o
[24/862] MWCC build/GEDE01/src/game/game_fn_8000D0BC.o
[25/862] MWCC build/GEDE01/src/game/game_fn_8000D3D4.o
[26/862] MWCC build/GEDE01/src/game/game_fn_8000D590.o
[27/862] MWCC build/GEDE01/src/game/game_fn_8000D8A4.o
[28/862] MWCC build/GEDE01/src/game/game_fn_8000DA50.o
[29/862] MWCC build/GEDE01/src/game/game_fn_8000DAF4.o
[30/862] MWCC build/GEDE01/src/game/game_fn_8000E054.o
[31/862] MWCC build/GEDE01/src/game/game_fn_8000E0AC.o
[32/862] MWCC build/GEDE01/src/game/game_fn_8000E138.o
[33/862] MWCC build/GEDE01/src/game/game_fn_8000E1C4.o
[34/862] MWCC build/GEDE01/src/game/game_fn_8000E96C.o
[35/862] MWCC build/GEDE01/src/game/game_fn_8000EB14.o
[36/862] MWCC build/GEDE01/src/game/game_fn_8000EBD4.o
[37/862] MWCC build/GEDE01/src/game/game_fn_8000ED44.o
[38/862] MWCC build/GEDE01/src/game/game_fn_8000EFC4.o
[39/862] MWCC build/GEDE01/src/game/game_fn_8000F4B0.o
[40/862] MWCC build/GEDE01/src/game/game_fn_8000F774.o
[41/862] MWCC build/GEDE01/src/game/game_fn_8000FDE8.o
[42/862] MWCC build/GEDE01/src/game/game_fn_8000FFD8.o
[43/862] MWCC build/GEDE01/src/game/game_fn_800119FC.o
[44/862] MWCC build/GEDE01/src/game/game_fn_80012DA8.o
[45/862] MWCC build/GEDE01/src/game/game_fn_80012F40.o
[46/862] MWCC build/GEDE01/src/game/game_fn_80012FD0.o
[47/862] MWCC build/GEDE01/src/game/game_fn_800131E8.o
[48/862] MWCC build/GEDE01/src/game/game_fn_80013340.o
[49/862] MWCC build/GEDE01/src/game/game_fn_80013870.o
[50/862] MWCC build/GEDE01/src/game/game_fn_80013CB0.o
[51/862] MWCC build/GEDE01/src/game/game_fn_80013D54.o
[52/862] MWCC build/GEDE01/src/game/game_fn_800142DC.o
[53/862] MWCC build/GEDE01/src/game/game_fn_800144CC.o
[54/862] MWCC build/GEDE01/src/game/game_fn_80014784.o
[55/862] MWCC build/GEDE01/src/game/game_fn_800149D4.o
[56/862] MWCC build/GEDE01/src/game/game_fn_80015058.o
[57/862] MWCC build/GEDE01/src/game/game_fn_80015320.o
[58/862] MWCC build/GEDE01/src/game/game_fn_80015568.o
[59/862] MWCC build/GEDE01/src/game/game_fn_800156FC.o
[60/862] MWCC build/GEDE01/src/game/game_fn_80015BE0.o
[61/862] MWCC build/GEDE01/src/game/game_fn_80015D40.o
[62/862] MWCC build/GEDE01/src/game/game_fn_80015F04.o
[63/862] MWCC build/GEDE01/src/game/game_fn_80016128.o
[64/862] MWCC build/GEDE01/src/game/game_fn_80016270.o
[65/862] MWCC build/GEDE01/src/game/game_fn_80016904.o
[66/862] MWCC build/GEDE01/src/game/game_fn_80016B24.o
[67/862] MWCC build/GEDE01/src/game/game_fn_800171C0.o
[68/862] MWCC build/GEDE01/src/game/game_fn_800173CC.o
[69/862] MWCC build/GEDE01/src/game/game_fn_800176F0.o
[70/862] MWCC build/GEDE01/src/game/game_fn_80017910.o
[71/862] MWCC build/GEDE01/src/game/game_fn_800179AC.o
[72/862] MWCC build/GEDE01/src/game/game_fn_80017A3C.o
[73/862] MWCC build/GEDE01/src/game/game_fn_80017AE4.o
[74/862] MWCC build/GEDE01/src/game/game_fn_80017C3C.o
[75/862] MWCC build/GEDE01/src/game/game_fn_80017CC8.o
[76/862] MWCC build/GEDE01/src/game/game_fn_80017DB0.o
[77/862] MWCC build/GEDE01/src/game/game_fn_80018EF4.o
[78/862] MWCC build/GEDE01/src/game/game_fn_80019054.o
[79/862] MWCC build/GEDE01/src/game/game_fn_80019244.o
[80/862] MWCC build/GEDE01/src/game/game_fn_800194D0.o
[81/862] MWCC build/GEDE01/src/game/game_fn_80019940.o
[82/862] MWCC build/GEDE01/src/game/game_fn_80019C10.o
[83/862] MWCC build/GEDE01/src/game/game_fn_80019D2C.o
[84/862] MWCC build/GEDE01/src/game/game_fn_80019F98.o
[85/862] MWCC build/GEDE01/src/game/game_fn_8001A6C4.o
[86/862] MWCC build/GEDE01/src/game/game_fn_8001AAB8.o
[87/862] MWCC build/GEDE01/src/game/game_fn_8001ADF8.o
[88/862] MWCC build/GEDE01/src/game/game_fn_8001AF68.o
[89/862] MWCC build/GEDE01/src/game/game_fn_8001B124.o
[90/862] MWCC build/GEDE01/src/game/game_fn_8001B294.o
[91/862] MWCC build/GEDE01/src/game/game_fn_8001B808.o
[92/862] MWCC build/GEDE01/src/game/game_fn_8001C078.o
[93/862] MWCC build/GEDE01/src/game/game_fn_8001B874.o
[94/862] MWCC build/GEDE01/src/game/game_fn_8001CD58.o
[95/862] MWCC build/GEDE01/src/game/game_fn_8001CA04.o
[96/862] MWCC build/GEDE01/src/game/game_fn_8001E644.o
[97/862] MWCC build/GEDE01/src/game/game_fn_8001CE94.o
[98/862] MWCC build/GEDE01/src/game/game_fn_80020E94.o
[99/862] MWCC build/GEDE01/src/game/game_fn_8001FE1C.o
[100/862] MWCC build/GEDE01/src/game/game_fn_800272B4.o
[101/862] MWCC build/GEDE01/src/game/game_fn_80024F28.o
[102/862] MWCC build/GEDE01/src/game/game_fn_8002B748.o
[103/862] MWCC build/GEDE01/src/game/game_fn_8002DAE0.o
[104/862] MWCC build/GEDE01/src/game/game_fn_8002E3F0.o
[105/862] MWCC build/GEDE01/src/game/game_fn_8002EA68.o
[106/862] MWCC build/GEDE01/src/game/game_fn_8002F428.o
[107/862] MWCC build/GEDE01/src/game/game_fn_80031544.o
[108/862] MWCC build/GEDE01/src/game/game_fn_8003232C.o
[109/862] MWCC build/GEDE01/src/game/game_fn_80032B84.o
[110/862] MWCC build/GEDE01/src/game/game_fn_80033038.o
[111/862] MWCC build/GEDE01/src/game/game_fn_80033180.o
[112/862] MWCC build/GEDE01/src/game/game_fn_800359A0.o
[113/862] MWCC build/GEDE01/src/game/game_fn_800361F8.o
[114/862] MWCC build/GEDE01/src/game/game_fn_80036C40.o
[115/862] MWCC build/GEDE01/src/game/game_fn_80038878.o
[116/862] MWCC build/GEDE01/src/game/game_fn_80048ADC.o
[117/862] MWCC build/GEDE01/src/game/game_fn_80048B24.o
[118/862] MWCC build/GEDE01/src/game/game_fn_8004998C.o
[119/862] MWCC build/GEDE01/src/game/game_fn_80052310.o
[120/862] MWCC build/GEDE01/src/game/game_fn_800542D0.o
[121/862] MWCC build/GEDE01/src/game/game_fn_8005EC6C.o
[122/862] MWCC build/GEDE01/src/game/game_fn_8005EE9C.o
[123/862] MWCC build/GEDE01/src/game/game_data_80239E10.o
[124/862] MWCC build/GEDE01/src/game/game_data_80239E18.o
[125/862] MWCC build/GEDE01/src/game/game_fn_8005FD84.o
[126/862] MWCC build/GEDE01/src/game/game_fn_80066888.o
[127/862] MWCC build/GEDE01/src/game/game_fn_8006B0F0.o
[128/862] MWCC build/GEDE01/src/game/game_fn_8006B620.o
[129/862] MWCC build/GEDE01/src/game/game_fn_8006E53C.o
[130/862] MWCC build/GEDE01/src/game/game_fn_80071A58.o
[131/862] MWCC build/GEDE01/src/game/game_fn_80074310.o
[132/862] MWCC build/GEDE01/src/game/game_fn_80078500.o
[133/862] MWCC build/GEDE01/src/game/game_fn_80079908.o
[134/862] MWCC build/GEDE01/src/game/game_fn_80079AA4.o
[135/862] MWCC build/GEDE01/src/game/game_fn_8007B2F4.o
[136/862] MWCC build/GEDE01/src/game/game_fn_8007B540.o
[137/862] MWCC build/GEDE01/src/game/game_fn_8007B640.o
[138/862] MWCC build/GEDE01/src/game/game_fn_8007B828.o
[139/862] MWCC build/GEDE01/src/game/game_fn_8007BA3C.o
[140/862] MWCC build/GEDE01/src/game/game_fn_8007D4D8.o
[141/862] MWCC build/GEDE01/src/game/game_fn_8007F770.o
[142/862] MWCC build/GEDE01/src/game/game_fn_80088F4C.o
[143/862] MWCC build/GEDE01/src/game/game_fn_800886D8.o
[144/862] MWCC build/GEDE01/src/game/game_fn_8008A2E0.o
[145/862] MWCC build/GEDE01/src/game/game_fn_8008F224.o
[146/862] MWCC build/GEDE01/src/game/game_fn_8008F890.o
[147/862] MWCC build/GEDE01/src/game/game_fn_80090004.o
[148/862] MWCC build/GEDE01/src/game/game_fn_80095D10.o
[149/862] MWCC build/GEDE01/src/game/game_fn_800934A0.o
[150/862] MWCC build/GEDE01/src/game/game_fn_80095FDC.o
[151/862] MWCC build/GEDE01/src/game/game_fn_80096830.o
[152/862] MWCC build/GEDE01/src/game/game_fn_8009C424.o
[153/862] MWCC build/GEDE01/src/game/game_fn_8009E808.o
[154/862] MWCC build/GEDE01/src/game/game_fn_800A2130.o
[155/862] MWCC build/GEDE01/src/game/game_fn_800A2FCC.o
[156/862] MWCC build/GEDE01/src/game/game_fn_800A3894.o
[157/862] MWCC build/GEDE01/src/game/game_fn_800A3180.o
[158/862] MWCC build/GEDE01/src/game/game_fn_800A4428.o
[159/862] MWCC build/GEDE01/src/game/game_fn_800A4798.o
[160/862] MWCC build/GEDE01/src/game/game_fn_800A7E88.o
[161/862] MWCC build/GEDE01/src/game/game_fn_800AF230.o
[162/862] MWCC build/GEDE01/src/game/game_fn_800BB5C4.o
[163/862] MWCC build/GEDE01/src/game/game_fn_800BB7A8.o
[164/862] MWCC build/GEDE01/src/game/game_fn_800BB9A4.o
[165/862] MWCC build/GEDE01/src/game/game_fn_800BBAF0.o
[166/862] MWCC build/GEDE01/src/game/game_fn_800C17EC.o
[167/862] MWCC build/GEDE01/src/game/game_fn_800C59F0.o
[168/862] MWCC build/GEDE01/src/game/game_fn_800C644C.o
[169/862] MWCC build/GEDE01/src/game/game_fn_800C65FC.o
[170/862] MWCC build/GEDE01/src/game/game_fn_800C9C60.o
[171/862] MWCC build/GEDE01/src/game/game_fn_800CB760.o
[172/862] MWCC build/GEDE01/src/game/game_fn_800CB8F4.o
[173/862] MWCC build/GEDE01/src/game/game_fn_800CF598.o
[174/862] MWCC build/GEDE01/src/game/game_fn_800D9E10.o
[175/862] MWCC build/GEDE01/src/game/game_fn_800E4980.o
[176/862] MWCC build/GEDE01/src/game/game_TRKNubWelcome.o
[177/862] MWCC build/GEDE01/src/game/game_TRK_main.o
[178/862] MWCC build/GEDE01/src/game/game_InitMetroTRKCommTable.o
[179/862] MWCC build/GEDE01/src/game/game_fn_800FD0C8.o
[180/862] MWCC build/GEDE01/src/game/game_fn_8010242C.o
[181/862] MWCC build/GEDE01/src/game/game_fn_801098C0.o
[182/862] MWCC build/GEDE01/src/game/game_fn_8010F184.o
[183/862] MWCC build/GEDE01/src/game/game_fn_801126E0.o
[184/862] MWCC build/GEDE01/src/game/game_fn_801128E4.o
[185/862] MWCC build/GEDE01/src/game/game_fn_801141B8.o
[186/862] MWCC build/GEDE01/src/game/game_fn_8011F140.o
[187/862] MWCC build/GEDE01/src/game/game_fn_801247F8.o
[188/862] MWCC build/GEDE01/src/game/game_fn_80126A00.o
[189/862] MWCC build/GEDE01/src/game/game_fn_8012976C.o
[190/862] MWCC build/GEDE01/src/game/game_fn_8012DB28.o
[191/862] MWCC build/GEDE01/src/game/game_fn_8013CBE4.o
[192/862] MWCC build/GEDE01/src/game/game_fn_8013D6A4.o
[193/862] MWCC build/GEDE01/src/game/game_fn_8013DB8C.o
[194/862] MWCC build/GEDE01/src/game/game_fn_8014549C.o
[195/862] MWCC build/GEDE01/src/game/game_fn_8014AF38.o
[196/862] MWCC build/GEDE01/src/game/game_fn_8014B494.o
[197/862] MWCC build/GEDE01/src/game/game_fn_8014CA98.o
[198/862] MWCC build/GEDE01/src/game/game_fn_801535D8.o
[199/862] MWCC build/GEDE01/src/game/game_fn_80153898.o
[200/862] MWCC build/GEDE01/src/game/game_fn_80153A24.o
[201/862] MWCC build/GEDE01/src/game/game_fn_80155814.o
[202/862] MWCC build/GEDE01/src/game/game_fn_80157C0C.o
[203/862] MWCC build/GEDE01/src/game/game_fn_80158B20.o
[204/862] MWCC build/GEDE01/src/game/game_fn_80158D38.o
[205/862] MWCC build/GEDE01/src/game/game_fn_8015DC54.o
[206/862] MWCC build/GEDE01/src/game/game_fn_8015EDC0.o
[207/862] MWCC build/GEDE01/src/game/game_fn_80167454.o
[208/862] MWCC build/GEDE01/src/game/game_fn_80167B5C.o
[209/862] MWCC build/GEDE01/src/game/game_fn_80169650.o
[210/862] MWCC build/GEDE01/src/game/game_fn_8016BD0C.o
[211/862] MWCC build/GEDE01/src/game/game_fn_8016BE1C.o
[212/862] MWCC build/GEDE01/src/game/game_fn_8016BF60.o
[213/862] MWCC build/GEDE01/src/game/game_fn_8016C0BC.o
[214/862] MWCC build/GEDE01/src/game/game_fn_8016C164.o
[215/862] MWCC build/GEDE01/src/game/game_fn_8016C238.o
[216/862] MWCC build/GEDE01/src/game/game_fn_8016C4BC.o
[217/862] MWCC build/GEDE01/src/game/game_fn_8016C774.o
[218/862] MWCC build/GEDE01/src/game/game_fn_8016D040.o
[219/862] MWCC build/GEDE01/src/game/game_fn_8016D1F8.o
[220/862] MWCC build/GEDE01/src/game/game_fn_8016D2B8.o
[221/862] MWCC build/GEDE01/src/game/game_fn_8016D9C0.o
[222/862] MWCC build/GEDE01/src/game/game_fn_8016DF4C.o
[223/862] MWCC build/GEDE01/src/game/game_fn_8016E8F8.o
[224/862] MWCC build/GEDE01/src/game/game_fn_8016FEF8.o
[225/862] MWCC build/GEDE01/src/game/game_fn_8017038C.o
[226/862] MWCC build/GEDE01/src/game/game_fn_801704F8.o
[227/862] MWCC build/GEDE01/src/game/game_fn_801706DC.o
[228/862] MWCC build/GEDE01/src/game/game_fn_80170A40.o
[229/862] MWCC build/GEDE01/src/game/game_fn_80170DF4.o
[230/862] MWCC build/GEDE01/src/game/game_fn_80170E9C.o
[231/862] MWCC build/GEDE01/src/game/game_fn_8017138C.o
[232/862] MWCC build/GEDE01/src/game/game_fn_80171664.o
[233/862] MWCC build/GEDE01/src/game/game_fn_801718F4.o
[234/862] MWCC build/GEDE01/src/game/game_fn_801719B4.o
[235/862] MWCC build/GEDE01/src/game/game_fn_80171F30.o
[236/862] MWCC build/GEDE01/src/game/game_fn_8017250C.o
[237/862] MWCC build/GEDE01/src/game/game_fn_801726EC.o
[238/862] MWCC build/GEDE01/src/game/game_fn_80172BB0.o
[239/862] MWCC build/GEDE01/src/game/game_fn_80172C78.o
[240/862] MWCC build/GEDE01/src/game/game_fn_80172DB8.o
[241/862] MWCC build/GEDE01/src/game/game_fn_80173270.o
[242/862] MWCC build/GEDE01/src/game/game_fn_801734B4.o
[243/862] MWCC build/GEDE01/src/game/game_fn_80173770.o
[244/862] MWCC build/GEDE01/src/game/game_fn_80173D44.o
[245/862] MWCC build/GEDE01/src/game/game_fn_80173F04.o
[246/862] MWCC build/GEDE01/src/game/game_fn_80174184.o
[247/862] MWCC build/GEDE01/src/game/game_fn_80174358.o
[248/862] MWCC build/GEDE01/src/game/game_fn_80174F2C.o
[249/862] MWCC build/GEDE01/src/game/game_fn_8017553C.o
[250/862] MWCC build/GEDE01/src/game/game_fn_80175E64.o
[251/862] MWCC build/GEDE01/src/game/game_fn_80175F0C.o
[252/862] MWCC build/GEDE01/src/game/game_fn_80175FD4.o
[253/862] MWCC build/GEDE01/src/game/game_fn_80176098.o
[254/862] MWCC build/GEDE01/src/game/game_fn_80176160.o
[255/862] MWCC build/GEDE01/src/game/game_fn_80176220.o
[256/862] MWCC build/GEDE01/src/game/game_fn_801762E8.o
[257/862] MWCC build/GEDE01/src/game/game_fn_8017652C.o
[258/862] MWCC build/GEDE01/src/game/game_fn_80176DF4.o
[259/862] MWCC build/GEDE01/src/game/game_fn_80176FA0.o
[260/862] MWCC build/GEDE01/src/game/game_fn_801770F8.o
[261/862] MWCC build/GEDE01/src/game/game_fn_8017718C.o
[262/862] MWCC build/GEDE01/src/game/game_fn_80177434.o
[263/862] MWCC build/GEDE01/src/game/game_fn_80178F88.o
[264/862] MWCC build/GEDE01/src/game/game_fn_8017960C.o
[265/862] MWCC build/GEDE01/src/game/game_fn_80179398.o
[266/862] MWCC build/GEDE01/src/game/game_fn_8017974C.o
[267/862] MWCC build/GEDE01/src/game/game_fn_80179904.o
[268/862] MWCC build/GEDE01/src/game/game_fn_80179A18.o
[269/862] MWCC build/GEDE01/src/game/game_fn_80179A74.o
[270/862] MWCC build/GEDE01/src/game/game_fn_80179EB8.o
[271/862] MWCC build/GEDE01/src/game/game_fn_80179F20.o
[272/862] MWCC build/GEDE01/src/game/game_fn_8017A010.o
[273/862] MWCC build/GEDE01/src/game/game_fn_8017A12C.o
[274/862] MWCC build/GEDE01/src/game/game_fn_8017A1C0.o
[275/862] MWCC build/GEDE01/src/game/game_fn_8017A9B8.o
[276/862] MWCC build/GEDE01/src/game/game_fn_8017AC20.o
[277/862] MWCC build/GEDE01/src/game/game_fn_8017E850.o
[278/862] MWCC build/GEDE01/src/game/game_fn_8017E958.o
[279/862] MWCC build/GEDE01/src/game/game_fn_80180DDC.o
[280/862] MWCC build/GEDE01/src/game/game_fn_801810A0.o
[281/862] MWCC build/GEDE01/src/game/game_fn_801816D4.o
[282/862] MWCC build/GEDE01/src/game/game_fn_801859FC.o
[283/862] MWCC build/GEDE01/src/game/game_fn_80185AE8.o
[284/862] MWCC build/GEDE01/src/game/game_fn_80185F10.o
[285/862] MWCC build/GEDE01/src/game/game_fn_801865EC.o
[286/862] MWCC build/GEDE01/src/game/game_fn_8018680C.o
[287/862] MWCC build/GEDE01/src/game/game_fn_80186E10.o
[288/862] MWCC build/GEDE01/src/game/game_fn_80186F70.o
[289/862] MWCC build/GEDE01/src/game/game_fn_80187120.o
[290/862] MWCC build/GEDE01/src/game/game_fn_80187320.o
[291/862] MWCC build/GEDE01/src/game/game_fn_801875FC.o
[292/862] MWCC build/GEDE01/src/game/game_fn_801878E0.o
[293/862] MWCC build/GEDE01/src/game/game_fn_80187BB4.o
[294/862] MWCC build/GEDE01/src/game/game_fn_80188A7C.o
[295/862] MWCC build/GEDE01/src/game/game_fn_80188B44.o
[296/862] MWCC build/GEDE01/src/game/game_fn_80188C1C.o
[297/862] MWCC build/GEDE01/src/game/game_fn_80188E28.o
[298/862] MWCC build/GEDE01/src/game/game_fn_80189028.o
[299/862] MWCC build/GEDE01/src/game/game_fn_801891D8.o
[300/862] MWCC build/GEDE01/src/game/game_fn_80189390.o
[301/862] MWCC build/GEDE01/src/game/game_fn_801895E8.o
[302/862] MWCC build/GEDE01/src/game/game_fn_801896A0.o
[303/862] MWCC build/GEDE01/src/game/game_fn_80189760.o
[304/862] MWCC build/GEDE01/src/game/game_fn_80189968.o
[305/862] MWCC build/GEDE01/src/game/game_fn_8018D1F0.o
[306/862] MWCC build/GEDE01/src/game/game_fn_8018D2E0.o
[307/862] MWCC build/GEDE01/src/game/game_fn_8018D400.o
[308/862] MWCC build/GEDE01/src/game/game_fn_8018D688.o
[309/862] MWCC build/GEDE01/src/game/game_fn_8018E0D8.o
[310/862] MWCC build/GEDE01/src/game/game_fn_8018F1D0.o
[311/862] MWCC build/GEDE01/src/game/game_fn_8018F81C.o
[312/862] MWCC build/GEDE01/src/game/game_fn_8018FEDC.o
[313/862] MWCC build/GEDE01/src/game/game_fn_8019120C.o
[314/862] MWCC build/GEDE01/src/game/game_fn_80191360.o
[315/862] MWCC build/GEDE01/src/game/game_fn_801916D0.o
[316/862] MWCC build/GEDE01/src/game/game_fn_8019197C.o
[317/862] MWCC build/GEDE01/src/game/game_fn_80191F58.o
[318/862] MWCC build/GEDE01/src/game/game_fn_801926EC.o
[319/862] MWCC build/GEDE01/src/game/game_fn_801929A4.o
[320/862] MWCC build/GEDE01/src/game/game_fn_80192F54.o
[321/862] MWCC build/GEDE01/src/game/game_fn_801931C4.o
[322/862] MWCC build/GEDE01/src/game/game_fn_80193E1C.o
[323/862] MWCC build/GEDE01/src/game/game_fn_80193F3C.o
[324/862] MWCC build/GEDE01/src/game/game_fn_80194F80.o
[325/862] MWCC build/GEDE01/src/game/game_fn_80198154.o
[326/862] MWCC build/GEDE01/src/game/game_fn_80197910.o
[327/862] MWCC build/GEDE01/src/game/game_fn_80198AAC.o
[328/862] MWCC build/GEDE01/src/game/game_fn_80198BF4.o
[329/862] MWCC build/GEDE01/src/game/game_fn_801991E0.o
[330/862] MWCC build/GEDE01/src/game/game_fn_8019B1BC.o
[331/862] MWCC build/GEDE01/src/game/game_fn_8019CC28.o
[332/862] MWCC build/GEDE01/src/game/game_fn_8019CFC4.o
[333/862] MWCC build/GEDE01/src/game/game_fn_8019E5E4.o
[334/862] MWCC build/GEDE01/src/game/game_fn_8019E8C8.o
[335/862] MWCC build/GEDE01/src/game/game_fn_801A1F18.o
[336/862] MWCC build/GEDE01/src/game/game_fn_801A2A54.o
[337/862] MWCC build/GEDE01/src/game/game_fn_801A34BC.o
[338/862] MWCC build/GEDE01/src/game/game_fn_801A3A78.o
[339/862] MWCC build/GEDE01/src/game/game_fn_801A4CE0.o
[340/862] MWCC build/GEDE01/src/game/game_fn_801A5FB0.o
[341/862] MWCC build/GEDE01/src/game/game_fn_801A6410.o
[342/862] MWCC build/GEDE01/src/game/game_fn_801A657C.o
[343/862] MWCC build/GEDE01/src/game/game_fn_801A6ADC.o
[344/862] MWCC build/GEDE01/src/game/game_fn_801A6C58.o
[345/862] MWCC build/GEDE01/src/game/game_fn_801A6CB4.o
[346/862] MWCC build/GEDE01/src/game/game_fn_801A7E04.o
[347/862] MWCC build/GEDE01/src/game/game_fn_801A7EA8.o
[348/862] MWCC build/GEDE01/src/game/game_fn_801A93E8.o
[349/862] MWCC build/GEDE01/src/game/game_fn_801AB154.o
[350/862] MWCC build/GEDE01/src/game/game_fn_801ABD3C.o
[351/862] MWCC build/GEDE01/src/game/game_fn_801AC8AC.o
[352/862] MWCC build/GEDE01/src/game/game_fn_801ACFE8.o
[353/862] MWCC build/GEDE01/src/game/game_fn_801AD08C.o
[354/862] MWCC build/GEDE01/src/game/game_fn_801AFA74.o
[355/862] MWCC build/GEDE01/src/game/game_fn_801B02F0.o
[356/862] MWCC build/GEDE01/src/game/game_fn_801B1BA0.o
[357/862] MWCC build/GEDE01/src/game/game_fn_801B35BC.o
[358/862] MWCC build/GEDE01/src/game/game_fn_801B46C8.o
[359/862] MWCC build/GEDE01/src/game/game_fn_801B4FB4.o
[360/862] MWCC build/GEDE01/src/game/game_fn_801B5228.o
[361/862] MWCC build/GEDE01/src/game/game_fn_801B58F0.o
[362/862] MWCC build/GEDE01/src/game/game_fn_801B6F1C.o
[363/862] MWCC build/GEDE01/src/game/game_fn_801B86C0.o
[364/862] MWCC build/GEDE01/src/game/game_fn_801B941C.o
[365/862] MWCC build/GEDE01/src/game/game_fn_801B9E7C.o
[366/862] MWCC build/GEDE01/src/game/game_fn_801BA15C.o
[367/862] MWCC build/GEDE01/src/game/game_fn_801BA708.o
[368/862] MWCC build/GEDE01/src/game/game_fn_801BB1A0.o
[369/862] MWCC build/GEDE01/src/game/game_fn_801BC0D4.o
[370/862] MWCC build/GEDE01/src/game/game_fn_801BC240.o
[371/862] MWCC build/GEDE01/src/game/game_fn_801BC8F4.o
[372/862] MWCC build/GEDE01/src/game/game_fn_801BCC04.o
[373/862] MWCC build/GEDE01/src/game/game_fn_801BD990.o
[374/862] MWCC build/GEDE01/src/game/game_fn_801BDE7C.o
[375/862] MWCC build/GEDE01/src/game/game_fn_801BE0D4.o
[376/862] MWCC build/GEDE01/src/game/game_fn_801C1CB0.o
[377/862] MWCC build/GEDE01/src/game/game_fn_801BEF40.o
[378/862] MWCC build/GEDE01/src/game/game_fn_801C2980.o
[379/862] MWCC build/GEDE01/src/game/game_fn_801C29BC.o
[380/862] MWCC build/GEDE01/src/game/game_fn_801C2AAC.o
[381/862] MWCC build/GEDE01/src/game/game_fn_801C2D9C.o
[382/862] MWCC build/GEDE01/src/game/game_fn_801C8160.o
[383/862] MWCC build/GEDE01/src/game/game_fn_801C8224.o
[384/862] MWCC build/GEDE01/src/game/game_fn_801C4B5C.o
[385/862] MWCC build/GEDE01/src/game/game_fn_801C8600.o
[386/862] MWCC build/GEDE01/src/game/game_fn_801C87DC.o
[387/862] MWCC build/GEDE01/src/game/game_fn_801C8CC0.o
[388/862] MWCC build/GEDE01/src/game/game_fn_801C8F50.o
[389/862] MWCC build/GEDE01/src/game/game_fn_801C90A4.o
[390/862] MWCC build/GEDE01/src/game/game_fn_801C9510.o
[391/862] MWCC build/GEDE01/src/game/game_fn_801C970C.o
[392/862] MWCC build/GEDE01/src/game/game_fn_801C9A08.o
[393/862] MWCC build/GEDE01/src/game/game_fn_801C9B1C.o
[394/862] MWCC build/GEDE01/src/game/game_fn_801CB4F8.o
[395/862] MWCC build/GEDE01/src/game/game_fn_801CD228.o
[396/862] MWCC build/GEDE01/src/game/game_fn_801CE09C.o
[397/862] MWCC build/GEDE01/src/game/game_fn_801CE594.o
[398/862] MWCC build/GEDE01/src/game/game_fn_801D1B10.o
[399/862] MWCC build/GEDE01/src/game/game_fn_801D1F78.o
[400/862] MWCC build/GEDE01/src/game/game_fn_801D3988.o
[401/862] MWCC build/GEDE01/src/game/game_fn_801D76A8.o
[402/862] MWCC build/GEDE01/src/game/game_fn_801D7C24.o
[403/862] MWCC build/GEDE01/src/game/game_fn_801D8050.o
[404/862] MWCC build/GEDE01/src/game/game_fn_801E2A48.o
[405/862] MWCC build/GEDE01/src/game/game_fn_801D9FE4.o
[406/862] MWCC build/GEDE01/src/game/game_fn_801E41AC.o
[407/862] MWCC build/GEDE01/src/game/game_fn_801EB09C.o
[408/862] MWCC build/GEDE01/src/game/game_fn_801EB11C.o
[409/862] MWCC build/GEDE01/src/game/game_fn_801ECD74.o
[410/862] MWCC build/GEDE01/src/game/game_fn_801ECF50.o
[411/862] MWCC build/GEDE01/src/game/game_fn_801ED5F4.o
[412/862] MWCC build/GEDE01/src/game/game_fn_801EF580.o
[413/862] MWCC build/GEDE01/src/game/game_fn_801EF910.o
[414/862] MWCC build/GEDE01/src/game/game_fn_801F10BC.o
[415/862] MWCC build/GEDE01/src/game/game_fn_801F35A8.o
[416/862] MWCC build/GEDE01/src/game/game_fn_801F69F0.o
[417/862] MWCC build/GEDE01/src/game/game_fn_801F55A0.o
[418/862] MWCC build/GEDE01/src/game/game_fn_801F6BD8.o
[419/862] MWCC build/GEDE01/src/game/game_fn_801F7510.o
[420/862] MWCC build/GEDE01/src/game/game_fn_801F8264.o
[421/862] MWCC build/GEDE01/src/game/game_fn_801F76EC.o
[422/862] MWCC build/GEDE01/src/game/game_fn_801F9AF8.o
[423/862] MWCC build/GEDE01/src/game/game_fn_801F89B4.o
[424/862] MWCC build/GEDE01/src/game/game_fn_801FA9C8.o
[425/862] MWCC build/GEDE01/src/game/game_fn_801FB6A4.o
[426/862] MWCC build/GEDE01/src/game/game_fn_801FC034.o
[427/862] MWCC build/GEDE01/src/game/game_fn_801FC204.o
[428/862] EXTERNALIZE build/GEDE01/src/game/game_fn_801247F8.o
[429/862] EXTERNALIZE build/GEDE01/src/game/game_fn_801EF910.o
[430/862] MWCC build/GEDE01/src/game/game_fn_801FFE78.o
[431/862] EXTERNALIZE build/GEDE01/src/game/game_fn_801ECF50.o
[432/862] EXTERNALIZE build/GEDE01/src/game/game_fn_801EB09C.o
[433/862] EXTERNALIZE build/GEDE01/src/game/game_fn_801FC204.o
[434/862] EXTERNALIZE build/GEDE01/src/game/game_fn_801EB11C.o
[435/862] EXTERNALIZE build/GEDE01/src/game/game_fn_801D9FE4.o
[436/862] EXTERNALIZE build/GEDE01/src/game/game_fn_801E41AC.o
[437/862] EXTERNALIZE build/GEDE01/src/game/game_fn_801D76A8.o
[438/862] EXTERNALIZE build/GEDE01/src/game/game_fn_801D8050.o
[439/862] EXTERNALIZE build/GEDE01/src/game/game_fn_801D7C24.o
[440/862] EXTERNALIZE build/GEDE01/src/game/game_fn_8019B1BC.o
[441/862] EXTERNALIZE build/GEDE01/src/game/game_fn_80178F88.o
[442/862] EXTERNALIZE build/GEDE01/src/game/game_fn_801CD228.o
[443/862] EXTERNALIZE build/GEDE01/src/game/game_fn_801C970C.o
[444/862] EXTERNALIZE build/GEDE01/src/game/game_fn_801BA15C.o
[445/862] EXTERNALIZE build/GEDE01/src/game/game_fn_801C9510.o
[446/862] EXTERNALIZE build/GEDE01/src/game/game_fn_80126A00.o
[447/862] EXTERNALIZE build/GEDE01/src/game/game_fn_8013D6A4.o
[448/862] EXTERNALIZE build/GEDE01/src/game/game_fn_800C9C60.o
[449/862] EXTERNALIZE build/GEDE01/src/game/game_fn_801B5228.o
[450/862] EXTERNALIZE build/GEDE01/src/game/game_fn_801B4FB4.o
[451/862] EXTERNALIZE build/GEDE01/src/game/game_fn_801C87DC.o
[452/862] EXTERNALIZE build/GEDE01/src/game/game_fn_801B6F1C.o
[453/862] EXTERNALIZE build/GEDE01/src/game/game_fn_801C8CC0.o
[454/862] EXTERNALIZE build/GEDE01/src/game/game_fn_800FD0C8.o
[455/862] EXTERNALIZE build/GEDE01/src/game/game_fn_801BDE7C.o
[456/862] EXTERNALIZE build/GEDE01/src/game/game_fn_801BE0D4.o
[457/862] EXTERNALIZE STATIC POOL build/GEDE01/src/game/game_fn_801C9A08.o
build/GEDE01/src/game/game_fn_801C9A08.o: lbl_80629390 now undefined; section 3 emptied
[458/862] EXTERNALIZE build/GEDE01/src/game/game_fn_801B941C.o
[459/862] EXTERNALIZE STATIC POOL build/GEDE01/src/game/game_fn_801C9B1C.o
build/GEDE01/src/game/game_fn_801C9B1C.o: lbl_80629390 now undefined; section 3 emptied
[460/862] EXTERNALIZE STATIC POOL build/GEDE01/src/game/game_fn_801BD990.o
build/GEDE01/src/game/game_fn_801BD990.o: lbl_80626D80 now undefined; section 6 emptied
[461/862] EXTERNALIZE STATIC POOL build/GEDE01/src/game/game_fn_801B58F0.o
build/GEDE01/src/game/game_fn_801B58F0.o: lbl_8060C020 now undefined; section 3 emptied
[462/862] EXTERNALIZE STATIC POOL build/GEDE01/src/game/game_fn_801B9E7C.o
build/GEDE01/src/game/game_fn_801B9E7C.o: 0 relocation(s) moved from streamInfo to ...bss.0
build/GEDE01/src/game/game_fn_801B9E7C.o: lbl_8061AE48 now undefined; section 6 emptied
[463/862] EXTERNALIZE STATIC POOL build/GEDE01/src/game/game_fn_801BB1A0.o
build/GEDE01/src/game/game_fn_801BB1A0.o: 0 relocation(s) moved from streamInfo to ...bss.0
build/GEDE01/src/game/game_fn_801BB1A0.o: lbl_8061AE48 now undefined; section 6 emptied
[464/862] EXTERNALIZE STATIC POOL build/GEDE01/src/game/game_fn_801BA708.o
build/GEDE01/src/game/game_fn_801BA708.o: 0 relocation(s) moved from streamInfo to ...bss.0
build/GEDE01/src/game/game_fn_801BA708.o: lbl_8061AE48 now undefined; section 6 emptied
[465/862] EXTERNALIZE STATIC build/GEDE01/src/game/game_fn_801B35BC.o
build/GEDE01/src/game/game_fn_801B35BC.o: lbl_8060D420 now undefined; section 6 emptied
[466/862] EXTERNALIZE STATIC POOL build/GEDE01/src/game/game_fn_801BC8F4.o
build/GEDE01/src/game/game_fn_801BC8F4.o: lbl_8061C748 now undefined; section 6 emptied
[467/862] EXTERNALIZE STATIC build/GEDE01/src/game/game_fn_801BC240.o
build/GEDE01/src/game/game_fn_801BC240.o: lbl_8061C748 now undefined; section 6 emptied
[468/862] EXTERNALIZE STATIC POOL build/GEDE01/src/game/game_fn_801BCC04.o
build/GEDE01/src/game/game_fn_801BCC04.o: lbl_8061C748 now undefined; section 6 emptied
[469/862] EXTERNALIZE STATIC POOL build/GEDE01/src/game/game_fn_801BC0D4.o
build/GEDE01/src/game/game_fn_801BC0D4.o: lbl_8061C748 now undefined; section 6 emptied
[470/862] EXTERNALIZE STATIC POOL build/GEDE01/src/game/game_fn_801C1CB0.o
build/GEDE01/src/game/game_fn_801C1CB0.o: lbl_80626DA0 now undefined; section 3 emptied
[471/862] EXTERNALIZE STATIC POOL build/GEDE01/src/game/game_fn_801CE09C.o
build/GEDE01/src/game/game_fn_801CE09C.o: lbl_80631340 now undefined; section 6 emptied
[472/862] RENAME build/GEDE01/src/game/game_InitMetroTRKCommTable.o
[473/862] RENAME RUNTIME INTRINSICS build/GEDE01/src/game/game_fn_801CB4F8.o
[474/862] EXTERNALIZE build/GEDE01/src/game/game_fn_801D3988.o
[475/862] EXTERNALIZE STATIC POOL build/GEDE01/src/game/game_fn_8010242C.o
build/GEDE01/src/game/game_fn_8010242C.o: lbl_8032CC08 now undefined; section 3 emptied
[476/862] EXTERNALIZE build/GEDE01/src/game/game_fn_801D1B10.o
[477/862] ALIGN DATA build/GEDE01/src/game/game_fn_80008014.o
[478/862] EXTERNALIZE build/GEDE01/src/game/game_fn_801CE594.o
[479/862] EXTERNALIZE build/GEDE01/src/game/game_fn_8014549C.o
[480/862] EXTERNALIZE build/GEDE01/src/game/game_fn_801C8224.o
[481/862] EXTERNALIZE build/GEDE01/src/game/game_fn_801098C0.o
[482/862] EXTERNALIZE build/GEDE01/src/game/game_fn_8000FDE8.o
[483/862] EXTERNALIZE build/GEDE01/src/game/game_fn_80185F10.o
[484/862] EXTERNALIZE build/GEDE01/src/game/game_fn_801C29BC.o
[485/862] EXTERNALIZE build/GEDE01/src/game/game_fn_801C8F50.o
[486/862] EXTERNALIZE build/GEDE01/src/game/game_fn_8007B828.o
[487/862] EXTERNALIZE build/GEDE01/src/game/game_fn_801C90A4.o
[488/862] EXTERNALIZE build/GEDE01/src/game/game_fn_801C8160.o
[489/862] EXTERNALIZE build/GEDE01/src/game/game_fn_801C2AAC.o
[490/862] EXTERNALIZE build/GEDE01/src/game/game_fn_801C2D9C.o
[491/862] EXTERNALIZE build/GEDE01/src/game/game_fn_801C2980.o
[492/862] EXTERNALIZE build/GEDE01/src/game/game_fn_801B02F0.o
[493/862] EXTERNALIZE build/GEDE01/src/game/game_fn_801AFA74.o
[494/862] EXTERNALIZE build/GEDE01/src/game/game_fn_801AC8AC.o
[495/862] EXTERNALIZE build/GEDE01/src/game/game_fn_801ABD3C.o
[496/862] EXTERNALIZE build/GEDE01/src/game/game_fn_801816D4.o
[497/862] EXTERNALIZE build/GEDE01/src/game/game_fn_8011F140.o
[498/862] EXTERNALIZE build/GEDE01/src/game/game_fn_801AD08C.o
[499/862] EXTERNALIZE build/GEDE01/src/game/game_fn_8004998C.o
[500/862] EXTERNALIZE build/GEDE01/src/game/game_fn_80079AA4.o
[501/862] EXTERNALIZE build/GEDE01/src/game/game_fn_801A3A78.o
[502/862] EXTERNALIZE build/GEDE01/src/game/game_fn_80158D38.o
[503/862] EXTERNALIZE build/GEDE01/src/game/game_fn_8008F224.o
[504/862] EXTERNALIZE build/GEDE01/src/game/game_fn_80167454.o
[505/862] EXTERNALIZE build/GEDE01/src/game/game_fn_800AF230.o
[506/862] EXTERNALIZE build/GEDE01/src/game/game_fn_801A93E8.o
[507/862] EXTERNALIZE build/GEDE01/src/game/game_fn_801AB154.o
[508/862] EXTERNALIZE build/GEDE01/src/game/game_fn_801A7E04.o
[509/862] EXTERNALIZE build/GEDE01/src/game/game_fn_801A7EA8.o
[510/862] EXTERNALIZE build/GEDE01/src/game/game_fn_801A6CB4.o
[511/862] EXTERNALIZE build/GEDE01/src/game/game_fn_801A4CE0.o
[512/862] EXTERNALIZE build/GEDE01/src/game/game_fn_801A6C58.o
[513/862] NAME JUMPTABLE build/GEDE01/src/game/game_fn_801A6ADC.o
[514/862] EXTERNALIZE build/GEDE01/src/game/game_fn_801A6410.o
[515/862] EXTERNALIZE build/GEDE01/src/game/game_fn_801A5FB0.o
[516/862] EXTERNALIZE build/GEDE01/src/game/game_fn_801A1F18.o
[517/862] EXTERNALIZE build/GEDE01/src/game/game_fn_8019E8C8.o
[518/862] EXTERNALIZE build/GEDE01/src/game/game_fn_8019E5E4.o
[519/862] EXTERNALIZE build/GEDE01/src/game/game_fn_8019CFC4.o
[520/862] EXTERNALIZE build/GEDE01/src/game/game_fn_8019CC28.o
[521/862] EXTERNALIZE build/GEDE01/src/game/game_fn_801991E0.o
[522/862] EXTERNALIZE build/GEDE01/src/game/game_fn_80198BF4.o
[523/862] EXTERNALIZE build/GEDE01/src/game/game_fn_80198AAC.o
[524/862] EXTERNALIZE build/GEDE01/src/game/game_fn_80198154.o
[525/862] EXTERNALIZE build/GEDE01/src/game/game_fn_80194F80.o
[526/862] EXTERNALIZE build/GEDE01/src/game/game_fn_80197910.o
[527/862] EXTERNALIZE build/GEDE01/src/game/game_fn_80177434.o
repointed 2 relocations to lbl_80250588
[528/862] EXTERNALIZE build/GEDE01/src/game/game_fn_80193E1C.o
[529/862] EXTERNALIZE build/GEDE01/src/game/game_fn_801931C4.o
[530/862] EXTERNALIZE build/GEDE01/src/game/game_fn_80193F3C.o
[531/862] EXTERNALIZE build/GEDE01/src/game/game_fn_80192F54.o
[532/862] EXTERNALIZE build/GEDE01/src/game/game_fn_80191F58.o
[533/862] EXTERNALIZE build/GEDE01/src/game/game_fn_8019197C.o
[534/862] EXTERNALIZE build/GEDE01/src/game/game_fn_80191360.o
[535/862] GLOBALIZE build/GEDE01/src/game/game_fn_8018F1D0.o
[536/862] EXTERNALIZE build/GEDE01/src/game/game_fn_8018D688.o
[537/862] EXTERNALIZE build/GEDE01/src/game/game_fn_8018F81C.o
[538/862] EXTERNALIZE build/GEDE01/src/game/game_fn_8018D2E0.o
[539/862] EXTERNALIZE build/GEDE01/src/game/game_fn_80189968.o
[540/862] EXTERNALIZE build/GEDE01/src/game/game_fn_80189760.o
[541/862] EXTERNALIZE build/GEDE01/src/game/game_fn_8018D1F0.o
[542/862] EXTERNALIZE build/GEDE01/src/game/game_fn_801896A0.o
[543/862] EXTERNALIZE build/GEDE01/src/game/game_fn_801895E8.o
[544/862] EXTERNALIZE build/GEDE01/src/game/game_fn_80189390.o
[545/862] EXTERNALIZE build/GEDE01/src/game/game_fn_801891D8.o
[546/862] EXTERNALIZE build/GEDE01/src/game/game_fn_80188E28.o
[547/862] EXTERNALIZE build/GEDE01/src/game/game_fn_80189028.o
[548/862] EXTERNALIZE build/GEDE01/src/game/game_fn_80188B44.o
[549/862] EXTERNALIZE build/GEDE01/src/game/game_fn_80188C1C.o
[550/862] EXTERNALIZE build/GEDE01/src/game/game_fn_80188A7C.o
[551/862] EXTERNALIZE build/GEDE01/src/game/game_fn_801878E0.o
[552/862] EXTERNALIZE build/GEDE01/src/game/game_fn_80187120.o
[553/862] EXTERNALIZE build/GEDE01/src/game/game_fn_8018FEDC.o
[554/862] EXTERNALIZE build/GEDE01/src/game/game_fn_80186E10.o
[555/862] EXTERNALIZE build/GEDE01/src/game/game_fn_801865EC.o
[556/862] EXTERNALIZE build/GEDE01/src/game/game_fn_80185AE8.o
[557/862] EXTERNALIZE build/GEDE01/src/game/game_fn_801859FC.o
[558/862] EXTERNALIZE build/GEDE01/src/game/game_fn_80180DDC.o
[559/862] EXTERNALIZE build/GEDE01/src/game/game_fn_8017E958.o
[560/862] EXTERNALIZE build/GEDE01/src/game/game_fn_8017E850.o
[561/862] EXTERNALIZE build/GEDE01/src/game/game_fn_8017718C.o
[562/862] EXTERNALIZE build/GEDE01/src/game/game_fn_801770F8.o
[563/862] EXTERNALIZE build/GEDE01/src/game/game_fn_80176FA0.o
[564/862] EXTERNALIZE build/GEDE01/src/game/game_fn_80176DF4.o
[565/862] EXTERNALIZE build/GEDE01/src/game/game_fn_80174358.o
[566/862] EXTERNALIZE build/GEDE01/src/game/game_fn_80173F04.o
[567/862] EXTERNALIZE build/GEDE01/src/game/game_fn_80174184.o
[568/862] EXTERNALIZE build/GEDE01/src/game/game_fn_8017553C.o
[569/862] EXTERNALIZE build/GEDE01/src/game/game_fn_80173D44.o
[570/862] EXTERNALIZE build/GEDE01/src/game/game_fn_80173770.o
[571/862] EXTERNALIZE build/GEDE01/src/game/game_fn_801734B4.o
[572/862] EXTERNALIZE build/GEDE01/src/game/game_fn_80173270.o
[573/862] EXTERNALIZE build/GEDE01/src/game/game_fn_80172C78.o
[574/862] EXTERNALIZE build/GEDE01/src/game/game_fn_80172DB8.o
[575/862] EXTERNALIZE build/GEDE01/src/game/game_fn_80172BB0.o
[576/862] EXTERNALIZE build/GEDE01/src/game/game_fn_801726EC.o
[577/862] EXTERNALIZE build/GEDE01/src/game/game_fn_8017250C.o
[578/862] EXTERNALIZE build/GEDE01/src/game/game_fn_80171F30.o
[579/862] EXTERNALIZE build/GEDE01/src/game/game_fn_801719B4.o
[580/862] EXTERNALIZE build/GEDE01/src/game/game_fn_801718F4.o
[581/862] EXTERNALIZE build/GEDE01/src/game/game_fn_8017138C.o
[582/862] EXTERNALIZE build/GEDE01/src/game/game_fn_80171664.o
[583/862] EXTERNALIZE build/GEDE01/src/game/game_fn_80170A40.o
[584/862] EXTERNALIZE build/GEDE01/src/game/game_fn_801706DC.o
[585/862] NORMALIZE build/GEDE01/src/game/game_TRKNubWelcome.o
[586/862] NORMALIZE build/GEDE01/src/game/game_TRK_main.o
[587/862] NORMALIZE build/GEDE01/src/game/game_data_80239E10.o
[588/862] NORMALIZE build/GEDE01/src/game/game_data_80239E18.o
[589/862] EXTERNALIZE build/GEDE01/src/game/game_fn_80170E9C.o
[590/862] EXTERNALIZE build/GEDE01/src/game/game_fn_8017652C.o
[591/862] EXTERNALIZE build/GEDE01/src/game/game_fn_80175E64.o
[592/862] EXTERNALIZE build/GEDE01/src/game/game_fn_80175F0C.o
[593/862] EXTERNALIZE build/GEDE01/src/game/game_fn_80176098.o
[594/862] EXTERNALIZE build/GEDE01/src/game/game_fn_80175FD4.o
[595/862] EXTERNALIZE build/GEDE01/src/game/game_fn_80176220.o
[596/862] EXTERNALIZE build/GEDE01/src/game/game_fn_80176160.o
[597/862] EXTERNALIZE build/GEDE01/src/game/game_fn_80170DF4.o
[598/862] EXTERNALIZE build/GEDE01/src/game/game_fn_801762E8.o
[599/862] EXTERNALIZE build/GEDE01/src/game/game_fn_8016E8F8.o
[600/862] EXTERNALIZE build/GEDE01/src/game/game_fn_8016FEF8.o
[601/862] EXTERNALIZE build/GEDE01/src/game/game_fn_801704F8.o
[602/862] EXTERNALIZE build/GEDE01/src/game/game_fn_8016D2B8.o
[603/862] NORMALIZE build/GEDE01/src/game/game_fn_8016DF4C.o
[604/862] EXTERNALIZE build/GEDE01/src/game/game_fn_8016D040.o
[605/862] EXTERNALIZE build/GEDE01/src/game/game_fn_8016D1F8.o
[606/862] EXTERNALIZE build/GEDE01/src/game/game_fn_8016C774.o
[607/862] EXTERNALIZE build/GEDE01/src/game/game_fn_8016C4BC.o
[608/862] EXTERNALIZE build/GEDE01/src/game/game_fn_8016C238.o
[609/862] EXTERNALIZE build/GEDE01/src/game/game_fn_8016C164.o
[610/862] EXTERNALIZE build/GEDE01/src/game/game_fn_8016C0BC.o
[611/862] EXTERNALIZE build/GEDE01/src/game/game_fn_8017038C.o
[612/862] EXTERNALIZE build/GEDE01/src/game/game_fn_8016BE1C.o
[613/862] EXTERNALIZE build/GEDE01/src/game/game_fn_8016BF60.o
[614/862] EXTERNALIZE build/GEDE01/src/game/game_fn_8016BD0C.o
[615/862] EXTERNALIZE build/GEDE01/src/game/game_fn_80169650.o
[616/862] EXTERNALIZE build/GEDE01/src/game/game_fn_80167B5C.o
[617/862] EXTERNALIZE build/GEDE01/src/game/game_fn_8015EDC0.o
[618/862] EXTERNALIZE build/GEDE01/src/game/game_fn_8015DC54.o
[619/862] EXTERNALIZE build/GEDE01/src/game/game_fn_80158B20.o
[620/862] EXTERNALIZE build/GEDE01/src/game/game_fn_80179398.o
[621/862] EXTERNALIZE build/GEDE01/src/game/game_fn_8017960C.o
[622/862] EXTERNALIZE build/GEDE01/src/game/game_fn_8017974C.o
[623/862] EXTERNALIZE build/GEDE01/src/game/game_fn_80179904.o
[624/862] EXTERNALIZE build/GEDE01/src/game/game_fn_8017A9B8.o
[625/862] EXTERNALIZE build/GEDE01/src/game/game_fn_80179A74.o
[626/862] EXTERNALIZE build/GEDE01/src/game/game_fn_80179A18.o
[627/862] EXTERNALIZE build/GEDE01/src/game/game_fn_80179EB8.o
[628/862] EXTERNALIZE build/GEDE01/src/game/game_fn_80179F20.o
[629/862] EXTERNALIZE build/GEDE01/src/game/game_fn_8017A010.o
[630/862] EXTERNALIZE build/GEDE01/src/game/game_fn_8017A12C.o
[631/862] EXTERNALIZE build/GEDE01/src/game/game_fn_80157C0C.o
[632/862] EXTERNALIZE build/GEDE01/src/game/game_fn_8017A1C0.o
[633/862] EXTERNALIZE build/GEDE01/src/game/game_fn_80155814.o
[634/862] EXTERNALIZE build/GEDE01/src/game/game_fn_80153898.o
[635/862] EXTERNALIZE build/GEDE01/src/game/game_fn_8014B494.o
[636/862] EXTERNALIZE build/GEDE01/src/game/game_fn_8014AF38.o
[637/862] EXTERNALIZE build/GEDE01/src/game/game_fn_8012DB28.o
[638/862] EXTERNALIZE build/GEDE01/src/game/game_fn_801141B8.o
[639/862] EXTERNALIZE build/GEDE01/src/game/game_fn_801128E4.o
[640/862] EXTERNALIZE build/GEDE01/src/game/game_fn_801126E0.o
[641/862] EXTERNALIZE build/GEDE01/src/game/game_fn_8010F184.o
[642/862] EXTERNALIZE build/GEDE01/src/game/game_fn_800C17EC.o
[643/862] EXTERNALIZE build/GEDE01/src/game/game_fn_800E4980.o
[644/862] EXTERNALIZE build/GEDE01/src/game/game_fn_800C59F0.o
[645/862] EXTERNALIZE build/GEDE01/src/game/game_fn_800C644C.o
[646/862] EXTERNALIZE build/GEDE01/src/game/game_fn_800C65FC.o
[647/862] EXTERNALIZE build/GEDE01/src/game/game_fn_800CB760.o
[648/862] EXTERNALIZE build/GEDE01/src/game/game_fn_800CB8F4.o
[649/862] EXTERNALIZE build/GEDE01/src/game/game_fn_80078500.o
[650/862] EXTERNALIZE build/GEDE01/src/game/game_fn_80079908.o
[651/862] EXTERNALIZE build/GEDE01/src/game/game_fn_8007B2F4.o
[652/862] EXTERNALIZE build/GEDE01/src/game/game_fn_8007B540.o
[653/862] EXTERNALIZE build/GEDE01/src/game/game_fn_8007B640.o
[654/862] EXTERNALIZE build/GEDE01/src/game/game_fn_800886D8.o
[655/862] EXTERNALIZE build/GEDE01/src/game/game_fn_8007BA3C.o
[656/862] EXTERNALIZE build/GEDE01/src/game/game_fn_800934A0.o
[657/862] EXTERNALIZE build/GEDE01/src/game/game_fn_800A3894.o
[658/862] EXTERNALIZE build/GEDE01/src/game/game_fn_800A7E88.o
[659/862] EXTERNALIZE build/GEDE01/src/game/game_fn_800A4798.o
[660/862] GLOBALIZE build/GEDE01/src/game/game_fn_800A2130.o
[661/862] EXTERNALIZE build/GEDE01/src/game/game_fn_8009C424.o
[662/862] EXTERNALIZE build/GEDE01/src/game/game_fn_800A2FCC.o
[663/862] EXTERNALIZE SWITCHES build/GEDE01/src/game/game_fn_80095FDC.o
[664/862] GLOBALIZE build/GEDE01/src/game/game_fn_8008F890.o
[665/862] EXTERNALIZE build/GEDE01/src/game/game_fn_80096830.o
[666/862] EXTERNALIZE build/GEDE01/src/game/game_fn_800A4428.o
[667/862] EXTERNALIZE build/GEDE01/src/game/game_fn_80074310.o
[668/862] GLOBALIZE build/GEDE01/src/game/game_fn_8005FD84.o
[669/862] EXTERNALIZE build/GEDE01/src/game/game_fn_80066888.o
[670/862] EXTERNALIZE build/GEDE01/src/game/game_fn_8005EC6C.o
[671/862] EXTERNALIZE build/GEDE01/src/game/game_fn_80052310.o
[672/862] EXTERNALIZE build/GEDE01/src/game/game_fn_80048B24.o
[673/862] NAME SWITCH build/GEDE01/src/game/game_fn_80020E94.o
[674/862] NAME SWITCH build/GEDE01/src/game/game_fn_8005EE9C.o
[675/862] NAME SWITCH build/GEDE01/src/game/game_fn_8016D9C0.o
[676/862] NAME SWITCH build/GEDE01/src/game/game_fn_80071A58.o
[677/862] EXTERNALIZE build/GEDE01/src/game/game_fn_80048ADC.o
[678/862] NAME SWITCH build/GEDE01/src/game/game_fn_8006B620.o
[679/862] NAME SWITCH build/GEDE01/src/game/game_fn_8001FE1C.o
[680/862] NAME SWITCH build/GEDE01/src/game/game_fn_8001E644.o
[681/862] EXTERNALIZE build/GEDE01/src/game/game_fn_80038878.o
[682/862] EXTERNALIZE build/GEDE01/src/game/game_fn_801B46C8.o
build/GEDE01/src/game/game_fn_801B46C8.o: lbl_8060C020 now undefined; section 6 emptied
[683/862] EXTERNALIZE build/GEDE01/src/game/game_fn_80036C40.o
[684/862] EXTERNALIZE build/GEDE01/src/game/game_fn_800359A0.o
[685/862] EXTERNALIZE build/GEDE01/src/game/game_fn_80033180.o
[686/862] EXTERNALIZE build/GEDE01/src/game/game_fn_80033038.o
[687/862] EXTERNALIZE build/GEDE01/src/game/game_fn_80032B84.o
[688/862] EXTERNALIZE build/GEDE01/src/game/game_fn_8003232C.o
[689/862] EXTERNALIZE build/GEDE01/src/game/game_fn_8002E3F0.o
[690/862] EXTERNALIZE build/GEDE01/src/game/game_fn_8002DAE0.o
[691/862] EXTERNALIZE build/GEDE01/src/game/game_fn_8002EA68.o
[692/862] GLOBALIZE build/GEDE01/src/game/game_fn_8002B748.o
[693/862] EXTERNALIZE build/GEDE01/src/game/game_fn_8002F428.o
[694/862] NAME SWITCHES build/GEDE01/src/game/game_fn_80024F28.o
[695/862] EXTERNALIZE build/GEDE01/src/game/game_fn_800272B4.o
[696/862] EXTERNALIZE build/GEDE01/src/game/game_fn_8001CE94.o
[697/862] EXTERNALIZE build/GEDE01/src/game/game_fn_8001CD58.o
[698/862] EXTERNALIZE build/GEDE01/src/game/game_fn_8001C078.o
[699/862] EXTERNALIZE build/GEDE01/src/game/game_fn_8001B808.o
[700/862] EXTERNALIZE build/GEDE01/src/game/game_fn_8001B874.o
[701/862] EXTERNALIZE build/GEDE01/src/game/game_fn_8001B124.o
[702/862] EXTERNALIZE build/GEDE01/src/game/game_fn_8001B294.o
[703/862] EXTERNALIZE build/GEDE01/src/game/game_fn_8001ADF8.o
[704/862] EXTERNALIZE build/GEDE01/src/game/game_fn_8001AF68.o
[705/862] EXTERNALIZE build/GEDE01/src/game/game_fn_8001AAB8.o
[706/862] EXTERNALIZE build/GEDE01/src/game/game_fn_80019F98.o
[707/862] EXTERNALIZE build/GEDE01/src/game/game_fn_8001A6C4.o
[708/862] EXTERNALIZE build/GEDE01/src/game/game_fn_80019D2C.o
[709/862] EXTERNALIZE build/GEDE01/src/game/game_fn_80019C10.o
[710/862] EXTERNALIZE build/GEDE01/src/game/game_fn_800194D0.o
[711/862] EXTERNALIZE build/GEDE01/src/game/game_fn_80019940.o
[712/862] EXTERNALIZE build/GEDE01/src/game/game_fn_80019244.o
[713/862] EXTERNALIZE build/GEDE01/src/game/game_fn_80019054.o
[714/862] EXTERNALIZE build/GEDE01/src/game/game_fn_80017DB0.o
[715/862] EXTERNALIZE build/GEDE01/src/game/game_fn_80018EF4.o
[716/862] EXTERNALIZE build/GEDE01/src/game/game_fn_80017C3C.o
[717/862] EXTERNALIZE build/GEDE01/src/game/game_fn_80017CC8.o
[718/862] EXTERNALIZE build/GEDE01/src/game/game_fn_80017A3C.o
[719/862] EXTERNALIZE build/GEDE01/src/game/game_fn_80017AE4.o
[720/862] EXTERNALIZE build/GEDE01/src/game/game_fn_800179AC.o
[721/862] EXTERNALIZE build/GEDE01/src/game/game_fn_80017910.o
[722/862] EXTERNALIZE FLAGS build/GEDE01/src/game/game_fn_800119FC.o
[723/862] EXTERNALIZE build/GEDE01/src/game/game_fn_8000FFD8.o
[724/862] EXTERNALIZE build/GEDE01/src/game/game_fn_8000F4B0.o
[725/862] GLOBALIZE build/GEDE01/src/game/game_fn_800094C0.o
[726/862] EXTERNALIZE build/GEDE01/src/game/game_fn_8000EFC4.o
[727/862] EXTERNALIZE build/GEDE01/src/game/game_fn_800096E0.o
[728/862] EXTERNALIZE build/GEDE01/src/game/game_fn_800098C0.o
[729/862] EXTERNALIZE build/GEDE01/src/game/game_fn_800099D8.o
[730/862] EXTERNALIZE build/GEDE01/src/game/game_fn_80009AB4.o
[731/862] EXTERNALIZE build/GEDE01/src/game/game_fn_8000A26C.o
[732/862] EXTERNALIZE build/GEDE01/src/game/game_fn_800171C0.o
[733/862] EXTERNALIZE build/GEDE01/src/game/game_fn_800176F0.o
[734/862] EXTERNALIZE build/GEDE01/src/game/game_fn_8000AC88.o
[735/862] EXTERNALIZE build/GEDE01/src/game/game_fn_8000AFB4.o
[736/862] EXTERNALIZE build/GEDE01/src/game/game_fn_8000AEB4.o
[737/862] EXTERNALIZE build/GEDE01/src/game/game_fn_8000B1B8.o
[738/862] EXTERNALIZE build/GEDE01/src/game/game_fn_8000B36C.o
[739/862] EXTERNALIZE build/GEDE01/src/game/game_fn_8000B630.o
[740/862] EXTERNALIZE build/GEDE01/src/game/game_fn_8000B7FC.o
[741/862] EXTERNALIZE build/GEDE01/src/game/game_fn_8000B900.o
[742/862] EXTERNALIZE build/GEDE01/src/game/game_fn_8000BA0C.o
[743/862] EXTERNALIZE build/GEDE01/src/game/game_fn_8000BAA0.o
[744/862] EXTERNALIZE build/GEDE01/src/game/game_fn_8000BC40.o
[745/862] EXTERNALIZE build/GEDE01/src/game/game_fn_8000C06C.o
[746/862] EXTERNALIZE build/GEDE01/src/game/game_fn_8000C17C.o
[747/862] EXTERNALIZE build/GEDE01/src/game/game_fn_8000C400.o
[748/862] EXTERNALIZE build/GEDE01/src/game/game_fn_8000C848.o
[749/862] EXTERNALIZE build/GEDE01/src/game/game_fn_8000C91C.o
[750/862] EXTERNALIZE build/GEDE01/src/game/game_fn_8000D0BC.o
[751/862] NAME SWITCH build/GEDE01/src/game/game_fn_8000D8A4.o
[752/862] EXTERNALIZE build/GEDE01/src/game/game_fn_8000D3D4.o
[753/862] EXTERNALIZE build/GEDE01/src/game/game_fn_8000E054.o
[754/862] EXTERNALIZE build/GEDE01/src/game/game_fn_8000E0AC.o
[755/862] EXTERNALIZE build/GEDE01/src/game/game_fn_8000E96C.o
[756/862] EXTERNALIZE build/GEDE01/src/game/game_fn_8000F774.o
[757/862] EXTERNALIZE build/GEDE01/src/game/game_fn_8000EB14.o
[758/862] EXTERNALIZE build/GEDE01/src/game/game_fn_8000EBD4.o
[759/862] EXTERNALIZE build/GEDE01/src/game/game_fn_8000ED44.o
[760/862] EXTERNALIZE build/GEDE01/src/game/game_fn_8000E138.o
[761/862] EXTERNALIZE build/GEDE01/src/game/game_fn_8000E1C4.o
[762/862] EXTERNALIZE build/GEDE01/src/game/game_fn_8000D590.o
[763/862] EXTERNALIZE build/GEDE01/src/game/game_fn_8000DA50.o
[764/862] EXTERNALIZE build/GEDE01/src/game/game_fn_8000DAF4.o
[765/862] EXTERNALIZE build/GEDE01/src/game/game_fn_80012DA8.o
[766/862] EXTERNALIZE build/GEDE01/src/game/game_fn_80012F40.o
[767/862] EXTERNALIZE build/GEDE01/src/game/game_fn_80012FD0.o
[768/862] EXTERNALIZE build/GEDE01/src/game/game_fn_800131E8.o
[769/862] EXTERNALIZE build/GEDE01/src/game/game_fn_80013340.o
[770/862] EXTERNALIZE build/GEDE01/src/game/game_fn_80013CB0.o
[771/862] EXTERNALIZE build/GEDE01/src/game/game_fn_80013870.o
[772/862] EXTERNALIZE build/GEDE01/src/game/game_fn_800142DC.o
[773/862] EXTERNALIZE build/GEDE01/src/game/game_fn_80013D54.o
[774/862] EXTERNALIZE build/GEDE01/src/game/game_fn_80014784.o
[775/862] EXTERNALIZE build/GEDE01/src/game/game_fn_800144CC.o
[776/862] EXTERNALIZE build/GEDE01/src/game/game_fn_800149D4.o
[777/862] EXTERNALIZE build/GEDE01/src/game/game_fn_80015058.o
[778/862] EXTERNALIZE build/GEDE01/src/game/game_fn_80015568.o
[779/862] EXTERNALIZE build/GEDE01/src/game/game_fn_80015320.o
[780/862] EXTERNALIZE build/GEDE01/src/game/game_fn_800156FC.o
[781/862] EXTERNALIZE build/GEDE01/src/game/game_fn_80015BE0.o
[782/862] EXTERNALIZE build/GEDE01/src/game/game_fn_80015D40.o
[783/862] EXTERNALIZE build/GEDE01/src/game/game_fn_80015F04.o
[784/862] EXTERNALIZE build/GEDE01/src/game/game_fn_80016128.o
[785/862] EXTERNALIZE build/GEDE01/src/game/game_fn_80016270.o
[786/862] EXTERNALIZE build/GEDE01/src/game/game_fn_80016904.o
[787/862] EXTERNALIZE build/GEDE01/src/game/game_fn_800173CC.o
[788/862] EXTERNALIZE build/GEDE01/src/game/game_fn_80016B24.o
[789/862] EXTERNALIZE build/GEDE01/src/game/game_fn_801BEF40.o
[790/862] EXTERNALIZE build/GEDE01/src/game/game_fn_801B86C0.o
[791/862] EXTERNALIZE STATIC POOL build/GEDE01/src/game/game_fn_801C4B5C.o
build/GEDE01/src/game/game_fn_801C4B5C.o: lbl_80628CB0 now undefined; section 6 emptied
[792/862] EXTERNALIZE build/GEDE01/src/game/game_fn_8001CA04.o
[793/862] EXTERNALIZE build/GEDE01/src/game/game_fn_801C8600.o
[794/862] EXTERNALIZE build/GEDE01/src/game/game_fn_80031544.o
[795/862] EXTERNALIZE build/GEDE01/src/game/game_fn_8006B0F0.o
[796/862] EXTERNALIZE build/GEDE01/src/game/game_fn_8007D4D8.o
[797/862] EXTERNALIZE build/GEDE01/src/game/game_fn_8007F770.o
[798/862] EXTERNALIZE build/GEDE01/src/game/game_fn_80088F4C.o
[799/862] EXTERNALIZE build/GEDE01/src/game/game_fn_8008A2E0.o
[800/862] EXTERNALIZE build/GEDE01/src/game/game_fn_80090004.o
[801/862] EXTERNALIZE build/GEDE01/src/game/game_fn_80095D10.o
[802/862] EXTERNALIZE build/GEDE01/src/game/game_fn_800A3180.o
[803/862] EXTERNALIZE build/GEDE01/src/game/game_fn_800BB7A8.o
[804/862] EXTERNALIZE build/GEDE01/src/game/game_fn_800BB5C4.o
[805/862] EXTERNALIZE build/GEDE01/src/game/game_fn_800BB9A4.o
[806/862] EXTERNALIZE build/GEDE01/src/game/game_fn_800BBAF0.o
[807/862] EXTERNALIZE build/GEDE01/src/game/game_fn_800D9E10.o
[808/862] EXTERNALIZE build/GEDE01/src/game/game_fn_8012976C.o
[809/862] EXTERNALIZE build/GEDE01/src/game/game_fn_8013DB8C.o
[810/862] EXTERNALIZE build/GEDE01/src/game/game_fn_8013CBE4.o
[811/862] EXTERNALIZE build/GEDE01/src/game/game_fn_8014CA98.o
[812/862] EXTERNALIZE build/GEDE01/src/game/game_fn_80153A24.o
[813/862] EXTERNALIZE build/GEDE01/src/game/game_fn_80174F2C.o
[814/862] EXTERNALIZE build/GEDE01/src/game/game_fn_801535D8.o
[815/862] EXTERNALIZE build/GEDE01/src/game/game_fn_8017AC20.o
[816/862] EXTERNALIZE build/GEDE01/src/game/game_fn_8018680C.o
[817/862] EXTERNALIZE build/GEDE01/src/game/game_fn_80186F70.o
[818/862] EXTERNALIZE build/GEDE01/src/game/game_fn_80187320.o
[819/862] EXTERNALIZE build/GEDE01/src/game/game_fn_801810A0.o
[820/862] EXTERNALIZE build/GEDE01/src/game/game_fn_801875FC.o
[821/862] EXTERNALIZE build/GEDE01/src/game/game_fn_800542D0.o
[822/862] EXTERNALIZE build/GEDE01/src/game/game_fn_80187BB4.o
[823/862] EXTERNALIZE build/GEDE01/src/game/game_fn_8018E0D8.o
[824/862] EXTERNALIZE build/GEDE01/src/game/game_fn_8019120C.o
[825/862] EXTERNALIZE build/GEDE01/src/game/game_fn_8018D400.o
[826/862] EXTERNALIZE build/GEDE01/src/game/game_fn_801926EC.o
[827/862] EXTERNALIZE build/GEDE01/src/game/game_fn_801916D0.o
[828/862] EXTERNALIZE build/GEDE01/src/game/game_fn_801929A4.o
[829/862] EXTERNALIZE build/GEDE01/src/game/game_fn_801A2A54.o
[830/862] EXTERNALIZE build/GEDE01/src/game/game_fn_801A34BC.o
[831/862] EXTERNALIZE build/GEDE01/src/game/game_fn_801A657C.o
[832/862] EXTERNALIZE build/GEDE01/src/game/game_fn_801D1F78.o
[833/862] EXTERNALIZE build/GEDE01/src/game/game_fn_801E2A48.o
[834/862] EXTERNALIZE build/GEDE01/src/game/game_fn_801EF580.o
[835/862] EXTERNALIZE build/GEDE01/src/game/game_fn_801F10BC.o
[836/862] EXTERNALIZE build/GEDE01/src/game/game_fn_801F35A8.o
[837/862] EXTERNALIZE build/GEDE01/src/game/game_fn_801ECD74.o
[838/862] EXTERNALIZE build/GEDE01/src/game/game_fn_801F69F0.o
[839/862] EXTERNALIZE build/GEDE01/src/game/game_fn_801ED5F4.o
[840/862] EXTERNALIZE build/GEDE01/src/game/game_fn_801F76EC.o
[841/862] EXTERNALIZE build/GEDE01/src/game/game_fn_801F8264.o
[842/862] EXTERNALIZE build/GEDE01/src/game/game_fn_801F89B4.o
[843/862] EXTERNALIZE build/GEDE01/src/game/game_fn_801F9AF8.o
[844/862] EXTERNALIZE build/GEDE01/src/game/game_fn_801F6BD8.o
[845/862] EXTERNALIZE build/GEDE01/src/game/game_fn_801FB6A4.o
[846/862] EXTERNALIZE JUMPTABLES build/GEDE01/src/game/game_fn_800361F8.o
[847/862] EXTERNALIZE JUMPTABLES build/GEDE01/src/game/game_fn_8006E53C.o
[848/862] EXTERNALIZE JUMPTABLES build/GEDE01/src/game/game_fn_800CF598.o
[849/862] EXTERNALIZE JUMPTABLES build/GEDE01/src/game/game_fn_801ACFE8.o
[850/862] EXTERNALIZE JUMPTABLES build/GEDE01/src/game/game_fn_801B1BA0.o
[851/862] EXTERNALIZE build/GEDE01/src/game/game_fn_8009E808.o
[852/862] EXTERNALIZE build/GEDE01/src/game/game_fn_801F55A0.o
[853/862] EXTERNALIZE build/GEDE01/src/game/game_fn_801FFE78.o
[854/862] EXTERNALIZE build/GEDE01/src/game/game_fn_801F7510.o
[855/862] EXTERNALIZE build/GEDE01/src/game/game_fn_801FC034.o
[856/862] EXTERNALIZE build/GEDE01/src/game/game_fn_801FA9C8.o
[857/862] MWCC build/GEDE01/src/game/game_fn_801D88D4.o
[858/862] REPORT
 INFO Loading project .
 INFO Generating report for 7068 units (using 8 threads)
 INFO Report generated in 0.200s
 INFO Writing to build/GEDE01/report.json
[859/862] LINK build/GEDE01/main.elf
### mwldeppc.exe Linker Warning:
#   Section '.ignored' is unknown. Section ignored.
### mwldeppc.exe Linker Warning:
#   Section '.ignored' is unknown. Section ignored.
### mwldeppc.exe Linker Warning:
#   Section '.ignored' is unknown. Section ignored.
### mwldeppc.exe Linker Warning:
#   Section '.ignored' is unknown. Section ignored.
### mwldeppc.exe Linker Warning:
#   Section '.ignored' is unknown. Section ignored.
### mwldeppc.exe Linker Warning:
#   Section '.ignored' is unknown. Section ignored.
### mwldeppc.exe Linker Warning:
#   Section '.ignored' is unknown. Section ignored.
### mwldeppc.exe Linker Warning:
#   Section '.ignored' is unknown. Section ignored.
### mwldeppc.exe Linker Warning:
#   Section '.ignored' is unknown. Section ignored.
### mwldeppc.exe Linker Warning:
#   Section '.ignored' is unknown. Section ignored.
### mwldeppc.exe Linker Warning:
#   Section '.ignored' is unknown. Section ignored.
### mwldeppc.exe Linker Warning:
#   Section '.ignored' is unknown. Section ignored.
### mwldeppc.exe Linker Warning:
#   Section '.ignored' is unknown. Section ignored.
### mwldeppc.exe Linker Warning:
#   Section '.ignored' is unknown. Section ignored.
### mwldeppc.exe Linker Warning:
#   Section '.ignored' is unknown. Section ignored.
### mwldeppc.exe Linker Warning:
#   Section '.ignored' is unknown. Section ignored.
### mwldeppc.exe Linker Warning:
#   Section '.ignored' is unknown. Section ignored.
### mwldeppc.exe Linker Warning:
#   Section '.ignored' is unknown. Section ignored.
### mwldeppc.exe Linker Warning:
#   Section '.ignored' is unknown. Section ignored.
### mwldeppc.exe Linker Warning:
#   Section '.ignored' is unknown. Section ignored.
### mwldeppc.exe Linker Warning:
#   Section '.ignored' is unknown. Section ignored.
### mwldeppc.exe Linker Warning:
#   Section '.ignored' is unknown. Section ignored.
### mwldeppc.exe Linker Warning:
#   Section '.ignored' is unknown. Section ignored.
### mwldeppc.exe Linker Warning:
#   Section '.ignored' is unknown. Section ignored.
### mwldeppc.exe Linker Warning:
#   Section '.ignored' is unknown. Section ignored.
### mwldeppc.exe Linker Warning:
#   Section '.ignored' is unknown. Section ignored.
### mwldeppc.exe Linker Warning:
#   Section '.ignored' is unknown. Section ignored.
### mwldeppc.exe Linker Warning:
#   Section '.ignored' is unknown. Section ignored.
### mwldeppc.exe Linker Warning:
#   Section '.ignored' is unknown. Section ignored.
### mwldeppc.exe Linker Warning:
#   Section '.ignored' is unknown. Section ignored.
### mwldeppc.exe Linker Warning:
#   Section '.ignored' is unknown. Section ignored.
### mwldeppc.exe Linker Warning:
#   Section '.ignored' is unknown. Section ignored.
### mwldeppc.exe Linker Warning:
#   Section '.ignored' is unknown. Section ignored.
### mwldeppc.exe Linker Warning:
#   Section '.ignored' is unknown. Section ignored.
### mwldeppc.exe Linker Warning:
#   Section '.ignored' is unknown. Section ignored.
### mwldeppc.exe Linker Warning:
#   Section '.ignored' is unknown. Section ignored.
### mwldeppc.exe Linker Warning:
#   Section '.ignored' is unknown. Section ignored.
### mwldeppc.exe Linker Warning:
#   Section '.ignored' is unknown. Section ignored.
### mwldeppc.exe Linker Warning:
#   Section '.ignored' is unknown. Section ignored.
### mwldeppc.exe Linker Warning:
#   Section '.ignored' is unknown. Section ignored.
### mwldeppc.exe Linker Warning:
#   Section '.ignored' is unknown. Section ignored.
### mwldeppc.exe Linker Warning:
#   Section '.ignored' is unknown. Section ignored.
### mwldeppc.exe Linker Warning:
#   Section '.ignored' is unknown. Section ignored.
### mwldeppc.exe Linker Warning:
#   Section '.ignored' is unknown. Section ignored.
### mwldeppc.exe Linker Warning:
#   Section '.ignored' is unknown. Section ignored.
### mwldeppc.exe Linker Warning:
#   Section '.ignored' is unknown. Section ignored.
### mwldeppc.exe Linker Warning:
#   Section '.ignored' is unknown. Section ignored.
### mwldeppc.exe Linker Warning:
#   Section '.ignored' is unknown. Section ignored.
### mwldeppc.exe Linker Warning:
#   Section '.ignored' is unknown. Section ignored.
### mwldeppc.exe Linker Warning:
#   Section '.ignored' is unknown. Section ignored.
### mwldeppc.exe Linker Warning:
#   Section '.ignored' is unknown. Section ignored.
### mwldeppc.exe Linker Warning:
#   Section '.ignored' is unknown. Section ignored.
### mwldeppc.exe Linker Warning:
#   Section '.ignored' is unknown. Section ignored.
### mwldeppc.exe Linker Warning:
#   Section '.ignored' is unknown. Section ignored.
### mwldeppc.exe Linker Warning:
#   Section '.ignored' is unknown. Section ignored.
### mwldeppc.exe Linker Warning:
#   Section '.ignored' is unknown. Section ignored.
### mwldeppc.exe Linker Warning:
#   Section '.ignored' is unknown. Section ignored.
### mwldeppc.exe Linker Warning:
#   Section '.ignored' is unknown. Section ignored.
### mwldeppc.exe Linker Warning:
#   Section '.ignored' is unknown. Section ignored.
### mwldeppc.exe Linker Warning:
#   Section '.ignored' is unknown. Section ignored.
### mwldeppc.exe Linker Warning:
#   Section '.ignored' is unknown. Section ignored.
### mwldeppc.exe Linker Warning:
#   Section '.ignored' is unknown. Section ignored.
### mwldeppc.exe Linker Warning:
#   Section '.ignored' is unknown. Section ignored.
### mwldeppc.exe Linker Warning:
#   Section '.ignored' is unknown. Section ignored.
### mwldeppc.exe Linker Warning:
#   Section '.ignored' is unknown. Section ignored.
### mwldeppc.exe Linker Warning:
#   Section '.ignored' is unknown. Section ignored.
### mwldeppc.exe Linker Warning:
#   Section '.ignored' is unknown. Section ignored.
### mwldeppc.exe Linker Warning:
#   Section '.ignored' is unknown. Section ignored.
### mwldeppc.exe Linker Warning:
#   Section '.ignored' is unknown. Section ignored.
### mwldeppc.exe Linker Warning:
#   Section '.ignored' is unknown. Section ignored.
### mwldeppc.exe Linker Warning:
#   Section '.ignored' is unknown. Section ignored.
### mwldeppc.exe Linker Warning:
#   Section '.ignored' is unknown. Section ignored.
### mwldeppc.exe Linker Warning:
#   Section '.ignored' is unknown. Section ignored.
### mwldeppc.exe Linker Warning:
#   Section '.ignored' is unknown. Section ignored.
### mwldeppc.exe Linker Warning:
#   Section '.ignored' is unknown. Section ignored.
### mwldeppc.exe Linker Warning:
#   Section '.ignored' is unknown. Section ignored.
### mwldeppc.exe Linker Warning:
#   Section '.ignored' is unknown. Section ignored.
### mwldeppc.exe Linker Warning:
#   Section '.ignored' is unknown. Section ignored.
### mwldeppc.exe Linker Warning:
#   Section '.ignored' is unknown. Section ignored.
### mwldeppc.exe Linker Warning:
#   Section '.ignored' is unknown. Section ignored.
### mwldeppc.exe Linker Warning:
#   Section '.ignored' is unknown. Section ignored.
### mwldeppc.exe Linker Warning:
#   Section '.ignored' is unknown. Section ignored.
### mwldeppc.exe Linker Warning:
#   Section '.ignored' is unknown. Section ignored.
### mwldeppc.exe Linker Warning:
#   Section '.ignored' is unknown. Section ignored.
### mwldeppc.exe Linker Warning:
#   Section '.ignored' is unknown. Section ignored.
### mwldeppc.exe Linker Warning:
#   Section '.ignored' is unknown. Section ignored.
### mwldeppc.exe Linker Warning:
#   Section '.ignored' is unknown. Section ignored.
### mwldeppc.exe Linker Warning:
#   Section '.ignored' is unknown. Section ignored.
### mwldeppc.exe Linker Warning:
#   Section '.ignored' is unknown. Section ignored.
### mwldeppc.exe Linker Warning:
#   Section '.ignored' is unknown. Section ignored.
### mwldeppc.exe Linker Warning:
#   Section '.ignored' is unknown. Section ignored.
### mwldeppc.exe Linker Warning:
#   Section '.ignored' is unknown. Section ignored.
### mwldeppc.exe Linker Warning:
#   Section '.ignored' is unknown. Section ignored.
### mwldeppc.exe Linker Warning:
#   Section '.ignored' is unknown. Section ignored.
### mwldeppc.exe Linker Warning:
#   Section '.ignored' is unknown. Section ignored.
### mwldeppc.exe Linker Warning:
#   Section '.ignored' is unknown. Section ignored.
### mwldeppc.exe Linker Warning:
#   Section '.ignored' is unknown. Section ignored.
### mwldeppc.exe Linker Warning:
#   Section '.ignored' is unknown. Section ignored.
### mwldeppc.exe Linker Warning:
#   Section '.ignored' is unknown. Section ignored.
### mwldeppc.exe Linker Warning:
#   Section '.ignored' is unknown. Section ignored.
### mwldeppc.exe Linker Warning:
#   Section '.ignored' is unknown. Section ignored.
### mwldeppc.exe Linker Warning:
#   Section '.ignored' is unknown. Section ignored.
### mwldeppc.exe Linker Warning:
#   Section '.ignored' is unknown. Section ignored.
### mwldeppc.exe Linker Warning:
#   Section '.ignored' is unknown. Section ignored.
### mwldeppc.exe Linker Warning:
#   Section '.ignored' is unknown. Section ignored.
### mwldeppc.exe Linker Warning:
#   Section '.ignored' is unknown. Section ignored.
### mwldeppc.exe Linker Warning:
#   Section '.ignored' is unknown. Section ignored.
### mwldeppc.exe Linker Warning:
#   Section '.ignored' is unknown. Section ignored.
### mwldeppc.exe Linker Warning:
#   Section '.ignored' is unknown. Section ignored.
### mwldeppc.exe Linker Warning:
#   Section '.ignored' is unknown. Section ignored.
### mwldeppc.exe Linker Warning:
#   Section '.ignored' is unknown. Section ignored.
### mwldeppc.exe Linker Warning:
#   Section '.ignored' is unknown. Section ignored.
### mwldeppc.exe Linker Warning:
#   Section '.ignored' is unknown. Section ignored.
### mwldeppc.exe Linker Warning:
#   Section '.ignored' is unknown. Section ignored.
### mwldeppc.exe Linker Warning:
#   Section '.ignored' is unknown. Section ignored.
### mwldeppc.exe Linker Warning:
#   Section '.ignored' is unknown. Section ignored.
### mwldeppc.exe Linker Warning:
#   Section '.ignored' is unknown. Section ignored.
### mwldeppc.exe Linker Warning:
#   Section '.ignored' is unknown. Section ignored.
### mwldeppc.exe Linker Warning:
#   Section '.ignored' is unknown. Section ignored.
### mwldeppc.exe Linker Warning:
#   Section '.ignored' is unknown. Section ignored.
### mwldeppc.exe Linker Warning:
#   Section '.ignored' is unknown. Section ignored.
### mwldeppc.exe Linker Warning:
#   Section '.ignored' is unknown. Section ignored.
### mwldeppc.exe Linker Warning:
#   Section '.ignored' is unknown. Section ignored.
### mwldeppc.exe Linker Warning:
#   Section '.ignored' is unknown. Section ignored.
### mwldeppc.exe Linker Warning:
#   Section '.ignored' is unknown. Section ignored.
### mwldeppc.exe Linker Warning:
#   Section '.ignored' is unknown. Section ignored.
### mwldeppc.exe Linker Warning:
#   Section '.ignored' is unknown. Section ignored.
### mwldeppc.exe Linker Warning:
#   Section '.ignored' is unknown. Section ignored.
### mwldeppc.exe Linker Warning:
#   Section '.ignored' is unknown. Section ignored.
### mwldeppc.exe Linker Warning:
#   Section '.ignored' is unknown. Section ignored.
### mwldeppc.exe Linker Warning:
#   Section '.ignored' is unknown. Section ignored.
### mwldeppc.exe Linker Warning:
#   Section '.ignored' is unknown. Section ignored.
### mwldeppc.exe Linker Warning:
#   Section '.ignored' is unknown. Section ignored.
### mwldeppc.exe Linker Warning:
#   Section '.ignored' is unknown. Section ignored.
### mwldeppc.exe Linker Warning:
#   Section '.ignored' is unknown. Section ignored.
### mwldeppc.exe Linker Warning:
#   Section '.ignored' is unknown. Section ignored.
### mwldeppc.exe Linker Warning:
#   Section '.ignored' is unknown. Section ignored.
### mwldeppc.exe Linker Warning:
#   Section '.ignored' is unknown. Section ignored.
### mwldeppc.exe Linker Warning:
#   Section '.ignored' is unknown. Section ignored.
### mwldeppc.exe Linker Warning:
#   Section '.ignored' is unknown. Section ignored.
### mwldeppc.exe Linker Warning:
#   Section '.ignored' is unknown. Section ignored.
### mwldeppc.exe Linker Warning:
#   Section '.ignored' is unknown. Section ignored.
### mwldeppc.exe Linker Warning:
#   Section '.ignored' is unknown. Section ignored.
### mwldeppc.exe Linker Warning:
#   Section '.ignored' is unknown. Section ignored.
### mwldeppc.exe Linker Warning:
#   Section '.ignored' is unknown. Section ignored.
### mwldeppc.exe Linker Warning:
#   Section '.ignored' is unknown. Section ignored.
### mwldeppc.exe Linker Warning:
#   Section '.ignored' is unknown. Section ignored.
### mwldeppc.exe Linker Warning:
#   Section '.ignored' is unknown. Section ignored.
### mwldeppc.exe Linker Warning:
#   Section '.ignored' is unknown. Section ignored.
### mwldeppc.exe Linker Warning:
#   Section '.ignored' is unknown. Section ignored.
### mwldeppc.exe Linker Warning:
#   Section '.ignored' is unknown. Section ignored.
### mwldeppc.exe Linker Warning:
#   Section '.ignored' is unknown. Section ignored.
### mwldeppc.exe Linker Warning:
#   Section '.ignored' is unknown. Section ignored.
### mwldeppc.exe Linker Warning:
#   Section '.ignored' is unknown. Section ignored.
### mwldeppc.exe Linker Warning:
#   Section '.ignored' is unknown. Section ignored.
### mwldeppc.exe Linker Warning:
#   Section '.ignored' is unknown. Section ignored.
### mwldeppc.exe Linker Warning:
#   Section '.ignored' is unknown. Section ignored.
### mwldeppc.exe Linker Warning:
#   Section '.ignored' is unknown. Section ignored.
### mwldeppc.exe Linker Warning:
#   Section '.ignored' is unknown. Section ignored.
### mwldeppc.exe Linker Warning:
#   Section '.ignored' is unknown. Section ignored.
### mwldeppc.exe Linker Warning:
#   Section '.ignored' is unknown. Section ignored.
### mwldeppc.exe Linker Warning:
#   Section '.ignored' is unknown. Section ignored.
### mwldeppc.exe Linker Warning:
#   Section '.ignored' is unknown. Section ignored.
### mwldeppc.exe Linker Warning:
#   Section '.ignored' is unknown. Section ignored.
### mwldeppc.exe Linker Warning:
#   Section '.ignored' is unknown. Section ignored.
### mwldeppc.exe Linker Warning:
#   Section '.ignored' is unknown. Section ignored.
### mwldeppc.exe Linker Warning:
#   Section '.ignored' is unknown. Section ignored.
### mwldeppc.exe Linker Warning:
#   Section '.ignored' is unknown. Section ignored.
### mwldeppc.exe Linker Warning:
#   Section '.ignored' is unknown. Section ignored.
### mwldeppc.exe Linker Warning:
#   Section '.ignored' is unknown. Section ignored.
### mwldeppc.exe Linker Warning:
#   Section '.ignored' is unknown. Section ignored.
### mwldeppc.exe Linker Warning:
#   Section '.ignored' is unknown. Section ignored.
### mwldeppc.exe Linker Warning:
#   Section '.ignored' is unknown. Section ignored.
### mwldeppc.exe Linker Warning:
#   Section '.ignored' is unknown. Section ignored.
### mwldeppc.exe Linker Warning:
#   Section '.ignored' is unknown. Section ignored.
### mwldeppc.exe Linker Warning:
#   Section '.ignored' is unknown. Section ignored.
### mwldeppc.exe Linker Warning:
#   Section '.ignored' is unknown. Section ignored.
### mwldeppc.exe Linker Warning:
#   Section '.ignored' is unknown. Section ignored.
### mwldeppc.exe Linker Warning:
#   Section '.ignored' is unknown. Section ignored.
### mwldeppc.exe Linker Warning:
#   Section '.ignored' is unknown. Section ignored.
### mwldeppc.exe Linker Warning:
#   Section '.ignored' is unknown. Section ignored.
### mwldeppc.exe Linker Warning:
#   Section '.ignored' is unknown. Section ignored.
### mwldeppc.exe Linker Warning:
#   Section '.ignored' is unknown. Section ignored.
### mwldeppc.exe Linker Warning:
#   Section '.ignored' is unknown. Section ignored.
### mwldeppc.exe Linker Warning:
#   Section '.ignored' is unknown. Section ignored.
### mwldeppc.exe Linker Warning:
#   Section '.ignored' is unknown. Section ignored.
### mwldeppc.exe Linker Warning:
#   Section '.ignored' is unknown. Section ignored.
### mwldeppc.exe Linker Warning:
#   Section '.ignored' is unknown. Section ignored.
### mwldeppc.exe Linker Warning:
#   Section '.ignored' is unknown. Section ignored.
### mwldeppc.exe Linker Warning:
#   Section '.ignored' is unknown. Section ignored.
### mwldeppc.exe Linker Warning:
#   Section '.ignored' is unknown. Section ignored.
### mwldeppc.exe Linker Warning:
#   Section '.ignored' is unknown. Section ignored.
### mwldeppc.exe Linker Warning:
#   Section '.ignored' is unknown. Section ignored.
### mwldeppc.exe Linker Warning:
#   Section '.ignored' is unknown. Section ignored.
### mwldeppc.exe Linker Warning:
#   Section '.ignored' is unknown. Section ignored.
### mwldeppc.exe Linker Warning:
#   Section '.ignored' is unknown. Section ignored.
### mwldeppc.exe Linker Warning:
#   Section '.ignored' is unknown. Section ignored.
### mwldeppc.exe Linker Warning:
#   Section '.ignored' is unknown. Section ignored.
### mwldeppc.exe Linker Warning:
#   Section '.ignored' is unknown. Section ignored.
### mwldeppc.exe Linker Warning:
#   Section '.ignored' is unknown. Section ignored.
### mwldeppc.exe Linker Warning:
#   Section '.ignored' is unknown. Section ignored.
### mwldeppc.exe Linker Warning:
#   Section '.ignored' is unknown. Section ignored.
### mwldeppc.exe Linker Warning:
#   Section '.ignored' is unknown. Section ignored.
### mwldeppc.exe Linker Warning:
#   Section '.ignored' is unknown. Section ignored.
### mwldeppc.exe Linker Warning:
#   Section '.ignored' is unknown. Section ignored.
### mwldeppc.exe Linker Warning:
#   Section '.ignored' is unknown. Section ignored.
### mwldeppc.exe Linker Warning:
#   Section '.ignored' is unknown. Section ignored.
### mwldeppc.exe Linker Warning:
#   Section '.ignored' is unknown. Section ignored.
### mwldeppc.exe Linker Warning:
#   Section '.ignored' is unknown. Section ignored.
### mwldeppc.exe Linker Warning:
#   Section '.ignored' is unknown. Section ignored.
### mwldeppc.exe Linker Warning:
#   Section '.ignored' is unknown. Section ignored.
### mwldeppc.exe Linker Warning:
#   Section '.ignored' is unknown. Section ignored.
### mwldeppc.exe Linker Warning:
#   Section '.ignored' is unknown. Section ignored.
### mwldeppc.exe Linker Warning:
#   Section '.ignored' is unknown. Section ignored.
### mwldeppc.exe Linker Warning:
#   Section '.ignored' is unknown. Section ignored.
### mwldeppc.exe Linker Warning:
#   Section '.ignored' is unknown. Section ignored.
### mwldeppc.exe Linker Warning:
#   Section '.ignored' is unknown. Section ignored.
### mwldeppc.exe Linker Warning:
#   Section '.ignored' is unknown. Section ignored.
### mwldeppc.exe Linker Warning:
#   Section '.ignored' is unknown. Section ignored.
### mwldeppc.exe Linker Warning:
#   Section '.ignored' is unknown. Section ignored.
### mwldeppc.exe Linker Warning:
#   Section '.ignored' is unknown. Section ignored.
### mwldeppc.exe Linker Warning:
#   Section '.ignored' is unknown. Section ignored.
### mwldeppc.exe Linker Warning:
#   Section '.ignored' is unknown. Section ignored.
### mwldeppc.exe Linker Warning:
#   Section '.ignored' is unknown. Section ignored.
### mwldeppc.exe Linker Warning:
#   Section '.ignored' is unknown. Section ignored.
### mwldeppc.exe Linker Warning:
#   Section '.ignored' is unknown. Section ignored.
### mwldeppc.exe Linker Warning:
#   Section '.ignored' is unknown. Section ignored.
### mwldeppc.exe Linker Warning:
#   Section '.ignored' is unknown. Section ignored.
### mwldeppc.exe Linker Warning:
#   Section '.ignored' is unknown. Section ignored.
### mwldeppc.exe Linker Warning:
#   Section '.ignored' is unknown. Section ignored.
### mwldeppc.exe Linker Warning:
#   Section '.ignored' is unknown. Section ignored.
### mwldeppc.exe Linker Warning:
#   Section '.ignored' is unknown. Section ignored.
### mwldeppc.exe Linker Warning:
#   Section '.ignored' is unknown. Section ignored.
### mwldeppc.exe Linker Warning:
#   Section '.ignored' is unknown. Section ignored.
### mwldeppc.exe Linker Warning:
#   Section '.ignored' is unknown. Section ignored.
### mwldeppc.exe Linker Warning:
#   Section '.ignored' is unknown. Section ignored.
### mwldeppc.exe Linker Warning:
#   Section '.ignored' is unknown. Section ignored.
### mwldeppc.exe Linker Warning:
#   Section '.ignored' is unknown. Section ignored.
### mwldeppc.exe Linker Warning:
#   Section '.ignored' is unknown. Section ignored.
### mwldeppc.exe Linker Warning:
#   Section '.ignored' is unknown. Section ignored.
### mwldeppc.exe Linker Warning:
#   Section '.ignored' is unknown. Section ignored.
### mwldeppc.exe Linker Warning:
#   Section '.ignored' is unknown. Section ignored.
### mwldeppc.exe Linker Warning:
#   Section '.ignored' is unknown. Section ignored.
### mwldeppc.exe Linker Warning:
#   Section '.ignored' is unknown. Section ignored.
### mwldeppc.exe Linker Warning:
#   Section '.ignored' is unknown. Section ignored.
### mwldeppc.exe Linker Warning:
#   Section '.ignored' is unknown. Section ignored.
### mwldeppc.exe Linker Warning:
#   Section '.ignored' is unknown. Section ignored.
### mwldeppc.exe Linker Warning:
#   Section '.ignored' is unknown. Section ignored.
### mwldeppc.exe Linker Warning:
#   Section '.ignored' is unknown. Section ignored.
### mwldeppc.exe Linker Warning:
#   Section '.ignored' is unknown. Section ignored.
### mwldeppc.exe Linker Warning:
#   Section '.ignored' is unknown. Section ignored.
### mwldeppc.exe Linker Warning:
#   Section '.ignored' is unknown. Section ignored.
### mwldeppc.exe Linker Warning:
#   Section '.ignored' is unknown. Section ignored.
### mwldeppc.exe Linker Warning:
#   Section '.ignored' is unknown. Section ignored.
### mwldeppc.exe Linker Warning:
#   Section '.ignored' is unknown. Section ignored.
### mwldeppc.exe Linker Warning:
#   Section '.ignored' is unknown. Section ignored.
### mwldeppc.exe Linker Warning:
#   Section '.ignored' is unknown. Section ignored.
### mwldeppc.exe Linker Warning:
#   Section '.ignored' is unknown. Section ignored.
### mwldeppc.exe Linker Warning:
#   Section '.ignored' is unknown. Section ignored.
### mwldeppc.exe Linker Warning:
#   Section '.ignored' is unknown. Section ignored.
### mwldeppc.exe Linker Warning:
#   Section '.ignored' is unknown. Section ignored.
### mwldeppc.exe Linker Warning:
#   Section '.ignored' is unknown. Section ignored.
### mwldeppc.exe Linker Warning:
#   Section '.ignored' is unknown. Section ignored.
### mwldeppc.exe Linker Warning:
#   Section '.ignored' is unknown. Section ignored.
### mwldeppc.exe Linker Warning:
#   Section '.ignored' is unknown. Section ignored.
### mwldeppc.exe Linker Warning:
#   Section '.ignored' is unknown. Section ignored.
### mwldeppc.exe Linker Warning:
#   Section '.ignored' is unknown. Section ignored.
### mwldeppc.exe Linker Warning:
#   Section '.ignored' is unknown. Section ignored.
### mwldeppc.exe Linker Warning:
#   Section '.ignored' is unknown. Section ignored.
### mwldeppc.exe Linker Warning:
#   Section '.ignored' is unknown. Section ignored.
### mwldeppc.exe Linker Warning:
#   Section '.ignored' is unknown. Section ignored.
### mwldeppc.exe Linker Warning:
#   Section '.ignored' is unknown. Section ignored.
### mwldeppc.exe Linker Warning:
#   Section '.ignored' is unknown. Section ignored.
### mwldeppc.exe Linker Warning:
#   Section '.ignored' is unknown. Section ignored.
### mwldeppc.exe Linker Warning:
#   Section '.ignored' is unknown. Section ignored.
### mwldeppc.exe Linker Warning:
#   Section '.ignored' is unknown. Section ignored.
### mwldeppc.exe Linker Warning:
#   Section '.ignored' is unknown. Section ignored.
### mwldeppc.exe Linker Warning:
#   Section '.ignored' is unknown. Section ignored.
### mwldeppc.exe Linker Warning:
#   Section '.ignored' is unknown. Section ignored.
### mwldeppc.exe Linker Warning:
#   Section '.ignored' is unknown. Section ignored.
### mwldeppc.exe Linker Warning:
#   Section '.ignored' is unknown. Section ignored.
### mwldeppc.exe Linker Warning:
#   Section '.ignored' is unknown. Section ignored.
### mwldeppc.exe Linker Warning:
#   Section '.ignored' is unknown. Section ignored.
### mwldeppc.exe Linker Warning:
#   Section '.ignored' is unknown. Section ignored.
### mwldeppc.exe Linker Warning:
#   Section '.ignored' is unknown. Section ignored.
### mwldeppc.exe Linker Warning:
#   Section '.ignored' is unknown. Section ignored.
### mwldeppc.exe Linker Warning:
#   Section '.ignored' is unknown. Section ignored.
### mwldeppc.exe Linker Warning:
#   Section '.ignored' is unknown. Section ignored.
### mwldeppc.exe Linker Warning:
#   Section '.ignored' is unknown. Section ignored.
### mwldeppc.exe Linker Warning:
#   Section '.ignored' is unknown. Section ignored.
### mwldeppc.exe Linker Warning:
#   Section '.ignored' is unknown. Section ignored.
### mwldeppc.exe Linker Warning:
#   Section '.ignored' is unknown. Section ignored.
### mwldeppc.exe Linker Warning:
#   Section '.ignored' is unknown. Section ignored.
### mwldeppc.exe Linker Warning:
#   Section '.ignored' is unknown. Section ignored.
### mwldeppc.exe Linker Warning:
#   Section '.ignored' is unknown. Section ignored.
### mwldeppc.exe Linker Warning:
#   Section '.ignored' is unknown. Section ignored.
### mwldeppc.exe Linker Warning:
#   Section '.ignored' is unknown. Section ignored.
### mwldeppc.exe Linker Warning:
#   Section '.ignored' is unknown. Section ignored.
### mwldeppc.exe Linker Warning:
#   Section '.ignored' is unknown. Section ignored.
### mwldeppc.exe Linker Warning:
#   Section '.ignored' is unknown. Section ignored.
### mwldeppc.exe Linker Warning:
#   Section '.ignored' is unknown. Section ignored.
### mwldeppc.exe Linker Warning:
#   Section '.ignored' is unknown. Section ignored.
### mwldeppc.exe Linker Warning:
#   Section '.ignored' is unknown. Section ignored.
### mwldeppc.exe Linker Warning:
#   Section '.ignored' is unknown. Section ignored.
### mwldeppc.exe Linker Warning:
#   Section '.ignored' is unknown. Section ignored.
### mwldeppc.exe Linker Warning:
#   Section '.ignored' is unknown. Section ignored.
### mwldeppc.exe Linker Warning:
#   Section '.ignored' is unknown. Section ignored.
### mwldeppc.exe Linker Warning:
#   Section '.ignored' is unknown. Section ignored.
### mwldeppc.exe Linker Warning:
#   Section '.ignored' is unknown. Section ignored.
### mwldeppc.exe Linker Warning:
#   Section '.ignored' is unknown. Section ignored.
### mwldeppc.exe Linker Warning:
#   Section '.ignored' is unknown. Section ignored.
### mwldeppc.exe Linker Warning:
#   Section '.ignored' is unknown. Section ignored.
### mwldeppc.exe Linker Warning:
#   Section '.ignored' is unknown. Section ignored.
### mwldeppc.exe Linker Warning:
#   Section '.ignored' is unknown. Section ignored.
### mwldeppc.exe Linker Warning:
#   Section '.ignored' is unknown. Section ignored.
### mwldeppc.exe Linker Warning:
#   Section '.ignored' is unknown. Section ignored.
### mwldeppc.exe Linker Warning:
#   Section '.ignored' is unknown. Section ignored.
### mwldeppc.exe Linker Warning:
#   Section '.ignored' is unknown. Section ignored.
### mwldeppc.exe Linker Warning:
#   Section '.ignored' is unknown. Section ignored.
### mwldeppc.exe Linker Warning:
#   Section '.ignored' is unknown. Section ignored.
### mwldeppc.exe Linker Warning:
#   Section '.ignored' is unknown. Section ignored.
### mwldeppc.exe Linker Warning:
#   Section '.ignored' is unknown. Section ignored.
### mwldeppc.exe Linker Warning:
#   Section '.ignored' is unknown. Section ignored.
### mwldeppc.exe Linker Warning:
#   Section '.ignored' is unknown. Section ignored.
### mwldeppc.exe Linker Warning:
#   Section '.ignored' is unknown. Section ignored.
### mwldeppc.exe Linker Warning:
#   Section '.ignored' is unknown. Section ignored.
### mwldeppc.exe Linker Warning:
#   Section '.ignored' is unknown. Section ignored.
### mwldeppc.exe Linker Warning:
#   Section '.ignored' is unknown. Section ignored.
### mwldeppc.exe Linker Warning:
#   Section '.ignored' is unknown. Section ignored.
### mwldeppc.exe Linker Warning:
#   Section '.ignored' is unknown. Section ignored.
### mwldeppc.exe Linker Warning:
#   Section '.ignored' is unknown. Section ignored.
### mwldeppc.exe Linker Warning:
#   Section '.ignored' is unknown. Section ignored.
### mwldeppc.exe Linker Warning:
#   Section '.ignored' is unknown. Section ignored.
### mwldeppc.exe Linker Warning:
#   Section '.ignored' is unknown. Section ignored.
### mwldeppc.exe Linker Warning:
#   Section '.ignored' is unknown. Section ignored.
### mwldeppc.exe Linker Warning:
#   Section '.ignored' is unknown. Section ignored.
### mwldeppc.exe Linker Warning:
#   Section '.ignored' is unknown. Section ignored.
### mwldeppc.exe Linker Warning:
#   Section '.ignored' is unknown. Section ignored.
### mwldeppc.exe Linker Warning:
#   Section '.ignored' is unknown. Section ignored.
### mwldeppc.exe Linker Warning:
#   Section '.ignored' is unknown. Section ignored.
### mwldeppc.exe Linker Warning:
#   Section '.ignored' is unknown. Section ignored.
### mwldeppc.exe Linker Warning:
#   Section '.ignored' is unknown. Section ignored.
### mwldeppc.exe Linker Warning:
#   Section '.ignored' is unknown. Section ignored.
### mwldeppc.exe Linker Warning:
#   Section '.ignored' is unknown. Section ignored.
### mwldeppc.exe Linker Warning:
#   Section '.ignored' is unknown. Section ignored.
### mwldeppc.exe Linker Warning:
#   Section '.ignored' is unknown. Section ignored.
### mwldeppc.exe Linker Warning:
#   Section '.ignored' is unknown. Section ignored.
### mwldeppc.exe Linker Warning:
#   Section '.ignored' is unknown. Section ignored.
### mwldeppc.exe Linker Warning:
#   Section '.ignored' is unknown. Section ignored.
### mwldeppc.exe Linker Warning:
#   Section '.ignored' is unknown. Section ignored.
### mwldeppc.exe Linker Warning:
#   Section '.ignored' is unknown. Section ignored.
### mwldeppc.exe Linker Warning:
#   Section '.ignored' is unknown. Section ignored.
### mwldeppc.exe Linker Warning:
#   Section '.ignored' is unknown. Section ignored.
### mwldeppc.exe Linker Warning:
#   Section '.ignored' is unknown. Section ignored.
### mwldeppc.exe Linker Warning:
#   Section '.ignored' is unknown. Section ignored.
### mwldeppc.exe Linker Warning:
#   Section '.ignored' is unknown. Section ignored.
### mwldeppc.exe Linker Warning:
#   Section '.ignored' is unknown. Section ignored.
### mwldeppc.exe Linker Warning:
#   Section '.ignored' is unknown. Section ignored.
### mwldeppc.exe Linker Warning:
#   Section '.ignored' is unknown. Section ignored.
### mwldeppc.exe Linker Warning:
#   Section '.ignored' is unknown. Section ignored.
### mwldeppc.exe Linker Warning:
#   Section '.ignored' is unknown. Section ignored.
### mwldeppc.exe Linker Warning:
#   Section '.ignored' is unknown. Section ignored.
### mwldeppc.exe Linker Warning:
#   Section '.ignored' is unknown. Section ignored.
### mwldeppc.exe Linker Warning:
#   Section '.ignored' is unknown. Section ignored.
### mwldeppc.exe Linker Warning:
#   Section '.ignored' is unknown. Section ignored.
### mwldeppc.exe Linker Warning:
#   Section '.ignored' is unknown. Section ignored.
### mwldeppc.exe Linker Warning:
#   Section '.ignored' is unknown. Section ignored.
### mwldeppc.exe Linker Warning:
#   Section '.ignored' is unknown. Section ignored.
### mwldeppc.exe Linker Warning:
#   Section '.ignored' is unknown. Section ignored.
### mwldeppc.exe Linker Warning:
#   Section '.ignored' is unknown. Section ignored.
### mwldeppc.exe Linker Warning:
#   Section '.ignored' is unknown. Section ignored.
### mwldeppc.exe Linker Warning:
#   Section '.ignored' is unknown. Section ignored.
### mwldeppc.exe Linker Warning:
#   Section '.ignored' is unknown. Section ignored.
### mwldeppc.exe Linker Warning:
#   Section '.ignored' is unknown. Section ignored.
### mwldeppc.exe Linker Warning:
#   Section '.ignored' is unknown. Section ignored.
### mwldeppc.exe Linker Warning:
#   Section '.ignored' is unknown. Section ignored.
### mwldeppc.exe Linker Warning:
#   Section '.ignored' is unknown. Section ignored.
### mwldeppc.exe Linker Warning:
#   Section '.ignored' is unknown. Section ignored.
### mwldeppc.exe Linker Warning:
#   Section '.ignored' is unknown. Section ignored.
### mwldeppc.exe Linker Warning:
#   Section '.ignored' is unknown. Section ignored.
### mwldeppc.exe Linker Warning:
#   Section '.ignored' is unknown. Section ignored.
### mwldeppc.exe Linker Warning:
#   Section '.ignored' is unknown. Section ignored.
### mwldeppc.exe Linker Warning:
#   Section '.ignored' is unknown. Section ignored.
### mwldeppc.exe Linker Warning:
#   Section '.ignored' is unknown. Section ignored.
### mwldeppc.exe Linker Warning:
#   Section '.ignored' is unknown. Section ignored.
### mwldeppc.exe Linker Warning:
#   Section '.ignored' is unknown. Section ignored.
### mwldeppc.exe Linker Warning:
#   Section '.ignored' is unknown. Section ignored.
### mwldeppc.exe Linker Warning:
#   Section '.ignored' is unknown. Section ignored.
### mwldeppc.exe Linker Warning:
#   Section '.ignored' is unknown. Section ignored.
### mwldeppc.exe Linker Warning:
#   Section '.ignored' is unknown. Section ignored.
### mwldeppc.exe Linker Warning:
#   Section '.ignored' is unknown. Section ignored.
### mwldeppc.exe Linker Warning:
#   Section '.ignored' is unknown. Section ignored.
### mwldeppc.exe Linker Warning:
#   Section '.ignored' is unknown. Section ignored.
### mwldeppc.exe Linker Warning:
#   Section '.ignored' is unknown. Section ignored.
### mwldeppc.exe Linker Warning:
#   Section '.ignored' is unknown. Section ignored.
### mwldeppc.exe Linker Warning:
#   Section '.ignored' is unknown. Section ignored.
### mwldeppc.exe Linker Warning:
#   Section '.ignored' is unknown. Section ignored.
### mwldeppc.exe Linker Warning:
#   Section '.ignored' is unknown. Section ignored.
### mwldeppc.exe Linker Warning:
#   Section '.ignored' is unknown. Section ignored.
### mwldeppc.exe Linker Warning:
#   Section '.ignored' is unknown. Section ignored.
### mwldeppc.exe Linker Warning:
#   Section '.ignored' is unknown. Section ignored.
### mwldeppc.exe Linker Warning:
#   Section '.ignored' is unknown. Section ignored.
### mwldeppc.exe Linker Warning:
#   Section '.ignored' is unknown. Section ignored.
### mwldeppc.exe Linker Warning:
#   Section '.ignored' is unknown. Section ignored.
### mwldeppc.exe Linker Warning:
#   Section '.ignored' is unknown. Section ignored.
### mwldeppc.exe Linker Warning:
#   Section '.ignored' is unknown. Section ignored.
### mwldeppc.exe Linker Warning:
#   Section '.ignored' is unknown. Section ignored.
### mwldeppc.exe Linker Warning:
#   Section '.ignored' is unknown. Section ignored.
### mwldeppc.exe Linker Warning:
#   Section '.ignored' is unknown. Section ignored.
### mwldeppc.exe Linker Warning:
#   Section '.ignored' is unknown. Section ignored.
### mwldeppc.exe Linker Warning:
#   Section '.ignored' is unknown. Section ignored.
### mwldeppc.exe Linker Warning:
#   Section '.ignored' is unknown. Section ignored.
### mwldeppc.exe Linker Warning:
#   Section '.ignored' is unknown. Section ignored.
### mwldeppc.exe Linker Warning:
#   Section '.ignored' is unknown. Section ignored.
### mwldeppc.exe Linker Warning:
#   Section '.ignored' is unknown. Section ignored.
### mwldeppc.exe Linker Warning:
#   Section '.ignored' is unknown. Section ignored.
### mwldeppc.exe Linker Warning:
#   Section '.ignored' is unknown. Section ignored.
### mwldeppc.exe Linker Warning:
#   Section '.ignored' is unknown. Section ignored.
### mwldeppc.exe Linker Warning:
#   Section '.ignored' is unknown. Section ignored.
### mwldeppc.exe Linker Warning:
#   Section '.ignored' is unknown. Section ignored.
### mwldeppc.exe Linker Warning:
#   Section '.ignored' is unknown. Section ignored.
### mwldeppc.exe Linker Warning:
#   Section '.ignored' is unknown. Section ignored.
### mwldeppc.exe Linker Warning:
#   Section '.ignored' is unknown. Section ignored.
### mwldeppc.exe Linker Warning:
#   Section '.ignored' is unknown. Section ignored.
### mwldeppc.exe Linker Warning:
#   Section '.ignored' is unknown. Section ignored.
### mwldeppc.exe Linker Warning:
#   Section '.ignored' is unknown. Section ignored.
### mwldeppc.exe Linker Warning:
#   Section '.ignored' is unknown. Section ignored.
### mwldeppc.exe Linker Warning:
#   Section '.ignored' is unknown. Section ignored.
### mwldeppc.exe Linker Warning:
#   Section '.ignored' is unknown. Section ignored.
### mwldeppc.exe Linker Warning:
#   Section '.ignored' is unknown. Section ignored.
### mwldeppc.exe Linker Warning:
#   Section '.ignored' is unknown. Section ignored.
### mwldeppc.exe Linker Warning:
#   Section '.ignored' is unknown. Section ignored.
### mwldeppc.exe Linker Warning:
#   Section '.ignored' is unknown. Section ignored.
### mwldeppc.exe Linker Warning:
#   Section '.ignored' is unknown. Section ignored.
### mwldeppc.exe Linker Warning:
#   Section '.ignored' is unknown. Section ignored.
### mwldeppc.exe Linker Warning:
#   Section '.ignored' is unknown. Section ignored.
### mwldeppc.exe Linker Warning:
#   Section '.ignored' is unknown. Section ignored.
### mwldeppc.exe Linker Warning:
#   Section '.ignored' is unknown. Section ignored.
### mwldeppc.exe Linker Warning:
#   Section '.ignored' is unknown. Section ignored.
### mwldeppc.exe Linker Warning:
#   Section '.ignored' is unknown. Section ignored.
### mwldeppc.exe Linker Warning:
#   Section '.ignored' is unknown. Section ignored.
### mwldeppc.exe Linker Warning:
#   Section '.ignored' is unknown. Section ignored.
### mwldeppc.exe Linker Warning:
#   Section '.ignored' is unknown. Section ignored.
### mwldeppc.exe Linker Warning:
#   Section '.ignored' is unknown. Section ignored.
### mwldeppc.exe Linker Warning:
#   Section '.ignored' is unknown. Section ignored.
### mwldeppc.exe Linker Warning:
#   Section '.ignored' is unknown. Section ignored.
### mwldeppc.exe Linker Warning:
#   Section '.ignored' is unknown. Section ignored.
### mwldeppc.exe Linker Warning:
#   Section '.ignored' is unknown. Section ignored.
### mwldeppc.exe Linker Warning:
#   Section '.ignored' is unknown. Section ignored.
### mwldeppc.exe Linker Warning:
#   Section '.ignored' is unknown. Section ignored.
### mwldeppc.exe Linker Warning:
#   Section '.ignored' is unknown. Section ignored.
### mwldeppc.exe Linker Warning:
#   Section '.ignored' is unknown. Section ignored.
### mwldeppc.exe Linker Warning:
#   Section '.ignored' is unknown. Section ignored.
### mwldeppc.exe Linker Warning:
#   Section '.ignored' is unknown. Section ignored.
### mwldeppc.exe Linker Warning:
#   Section '.ignored' is unknown. Section ignored.
### mwldeppc.exe Linker Warning:
#   Section '.ignored' is unknown. Section ignored.
### mwldeppc.exe Linker Warning:
#   Section '.ignored' is unknown. Section ignored.
### mwldeppc.exe Linker Warning:
#   Section '.ignored' is unknown. Section ignored.
### mwldeppc.exe Linker Warning:
#   Section '.ignored' is unknown. Section ignored.
### mwldeppc.exe Linker Warning:
#   Section '.ignored' is unknown. Section ignored.
### mwldeppc.exe Linker Warning:
#   Section '.ignored' is unknown. Section ignored.
### mwldeppc.exe Linker Warning:
#   Section '.ignored' is unknown. Section ignored.
### mwldeppc.exe Linker Warning:
#   Section '.ignored' is unknown. Section ignored.
### mwldeppc.exe Linker Warning:
#   Section '.ignored' is unknown. Section ignored.
### mwldeppc.exe Linker Warning:
#   Section '.ignored' is unknown. Section ignored.
### mwldeppc.exe Linker Warning:
#   Section '.ignored' is unknown. Section ignored.
### mwldeppc.exe Linker Warning:
#   Section '.ignored' is unknown. Section ignored.
### mwldeppc.exe Linker Warning:
#   Section '.ignored' is unknown. Section ignored.
### mwldeppc.exe Linker Warning:
#   Section '.ignored' is unknown. Section ignored.
### mwldeppc.exe Linker Warning:
#   Section '.ignored' is unknown. Section ignored.
### mwldeppc.exe Linker Warning:
#   Section '.ignored' is unknown. Section ignored.
### mwldeppc.exe Linker Warning:
#   Section '.ignored' is unknown. Section ignored.
### mwldeppc.exe Linker Warning:
#   Section '.ignored' is unknown. Section ignored.
### mwldeppc.exe Linker Warning:
#   Section '.ignored' is unknown. Section ignored.
### mwldeppc.exe Linker Warning:
#   Section '.ignored' is unknown. Section ignored.
### mwldeppc.exe Linker Warning:
#   Section '.ignored' is unknown. Section ignored.
### mwldeppc.exe Linker Warning:
#   Section '.ignored' is unknown. Section ignored.
### mwldeppc.exe Linker Warning:
#   Section '.ignored' is unknown. Section ignored.
### mwldeppc.exe Linker Warning:
#   Section '.ignored' is unknown. Section ignored.
### mwldeppc.exe Linker Warning:
#   Section '.ignored' is unknown. Section ignored.
### mwldeppc.exe Linker Warning:
#   Section '.ignored' is unknown. Section ignored.
### mwldeppc.exe Linker Warning:
#   Section '.ignored' is unknown. Section ignored.
### mwldeppc.exe Linker Warning:
#   Section '.ignored' is unknown. Section ignored.
### mwldeppc.exe Linker Warning:
#   Section '.ignored' is unknown. Section ignored.
### mwldeppc.exe Linker Warning:
#   Section '.ignored' is unknown. Section ignored.
### mwldeppc.exe Linker Warning:
#   Section '.ignored' is unknown. Section ignored.
### mwldeppc.exe Linker Warning:
#   Section '.ignored' is unknown. Section ignored.
### mwldeppc.exe Linker Warning:
#   Section '.ignored' is unknown. Section ignored.
### mwldeppc.exe Linker Warning:
#   Section '.ignored' is unknown. Section ignored.
### mwldeppc.exe Linker Warning:
#   Section '.ignored' is unknown. Section ignored.
### mwldeppc.exe Linker Warning:
#   Section '.ignored' is unknown. Section ignored.
### mwldeppc.exe Linker Warning:
#   Section '.ignored' is unknown. Section ignored.
### mwldeppc.exe Linker Warning:
#   Section '.ignored' is unknown. Section ignored.
### mwldeppc.exe Linker Warning:
#   Section '.ignored' is unknown. Section ignored.
### mwldeppc.exe Linker Warning:
#   Section '.ignored' is unknown. Section ignored.
### mwldeppc.exe Linker Warning:
#   Section '.ignored' is unknown. Section ignored.
### mwldeppc.exe Linker Warning:
#   Section '.ignored' is unknown. Section ignored.
### mwldeppc.exe Linker Warning:
#   Section '.ignored' is unknown. Section ignored.
### mwldeppc.exe Linker Warning:
#   Section '.ignored' is unknown. Section ignored.
### mwldeppc.exe Linker Warning:
#   Section '.ignored' is unknown. Section ignored.
### mwldeppc.exe Linker Warning:
#   Section '.ignored' is unknown. Section ignored.
### mwldeppc.exe Linker Warning:
#   Section '.ignored' is unknown. Section ignored.
### mwldeppc.exe Linker Warning:
#   Section '.ignored' is unknown. Section ignored.
### mwldeppc.exe Linker Warning:
#   Section '.ignored' is unknown. Section ignored.
### mwldeppc.exe Linker Warning:
#   Section '.ignored' is unknown. Section ignored.
### mwldeppc.exe Linker Warning:
#   Section '.ignored' is unknown. Section ignored.
### mwldeppc.exe Linker Warning:
#   Section '.ignored' is unknown. Section ignored.
### mwldeppc.exe Linker Warning:
#   Section '.ignored' is unknown. Section ignored.
### mwldeppc.exe Linker Warning:
#   Section '.ignored' is unknown. Section ignored.
### mwldeppc.exe Linker Warning:
#   Section '.ignored' is unknown. Section ignored.
[860/862] DOL build/GEDE01/main.dol
[861/862] CHECK config/GEDE01/build.sha1
build/GEDE01/main.dol: OK
[862/862] PROGRESS
Progress:
  All: 56.30% fuzzy, 45.25% matched, 45.25% linked (6181 / 7068 files)
    Code: 1040976 / 2300692 bytes (5946 / 8214 functions)
    Data: 39482 / 4305642 bytes (0.92%)
  Game Code: 90.68% fuzzy, 72.83% matched, 72.83% linked (6163 / 6633 files)
    Code: 1037948 / 1425104 bytes (5884 / 6354 functions)
    Data: 39258 / 40426 bytes (97.11%)
  SDK/Runtime: 100.00% fuzzy, 100.00% matched, 100.00% linked (18 / 18 files)
    Code: 3028 / 3028 bytes (62 / 62 functions)
    Data: 224 / 224 bytes (100.00%)
