[1/1] RUN configure.py
[1/613] MWCC build/GEDE01/src/game/game_fn_8017718C.o
[2/613] MWCC build/GEDE01/src/game/game_fn_80178F88.o
[3/613] MWCC build/GEDE01/src/game/game_fn_80177434.o
[4/613] MWCC build/GEDE01/src/game/game_fn_8017960C.o
[5/613] MWCC build/GEDE01/src/game/game_fn_80179398.o
[6/613] MWCC build/GEDE01/src/game/game_fn_8017974C.o
[7/613] MWCC build/GEDE01/src/game/game_fn_80179A18.o
[8/613] MWCC build/GEDE01/src/game/game_fn_80179904.o
[9/613] MWCC build/GEDE01/src/game/game_fn_80179A74.o
[10/613] MWCC build/GEDE01/src/game/game_fn_80179F20.o
[11/613] MWCC build/GEDE01/src/game/game_fn_80179EB8.o
[12/613] MWCC build/GEDE01/src/game/game_fn_8017A12C.o
[13/613] MWCC build/GEDE01/src/game/game_fn_8017A010.o
[14/613] MWCC build/GEDE01/src/game/game_fn_8017A1C0.o
[15/613] MWCC build/GEDE01/src/game/game_fn_8017AC20.o
[16/613] MWCC build/GEDE01/src/game/game_fn_8017A9B8.o
[17/613] MWCC build/GEDE01/src/game/game_fn_8017E850.o
[18/613] MWCC build/GEDE01/src/game/game_fn_8017E958.o
[19/613] MWCC build/GEDE01/src/game/game_fn_801810A0.o
[20/613] MWCC build/GEDE01/src/game/game_fn_80180DDC.o
[21/613] MWCC build/GEDE01/src/game/game_fn_801859FC.o
[22/613] MWCC build/GEDE01/src/game/game_fn_801816D4.o
[23/613] MWCC build/GEDE01/src/game/game_fn_80185AE8.o
[24/613] MWCC build/GEDE01/src/game/game_fn_80185F10.o
[25/613] MWCC build/GEDE01/src/game/game_fn_8018680C.o
[26/613] MWCC build/GEDE01/src/game/game_fn_801865EC.o
[27/613] MWCC build/GEDE01/src/game/game_fn_80186E10.o
[28/613] MWCC build/GEDE01/src/game/game_fn_80186F70.o
[29/613] MWCC build/GEDE01/src/game/game_fn_80187120.o
[30/613] MWCC build/GEDE01/src/game/game_fn_801875FC.o
[31/613] MWCC build/GEDE01/src/game/game_fn_80187320.o
[32/613] MWCC build/GEDE01/src/game/game_fn_801878E0.o
[33/613] MWCC build/GEDE01/src/game/game_fn_80187BB4.o
[34/613] MWCC build/GEDE01/src/game/game_fn_80188A7C.o
[35/613] MWCC build/GEDE01/src/game/game_fn_80188B44.o
[36/613] MWCC build/GEDE01/src/game/game_fn_80188C1C.o
[37/613] MWCC build/GEDE01/src/game/game_fn_80188E28.o
[38/613] MWCC build/GEDE01/src/game/game_fn_80189028.o
[39/613] MWCC build/GEDE01/src/game/game_fn_801891D8.o
[40/613] MWCC build/GEDE01/src/game/game_fn_80189390.o
[41/613] MWCC build/GEDE01/src/game/game_fn_801895E8.o
[42/613] MWCC build/GEDE01/src/game/game_fn_801896A0.o
[43/613] MWCC build/GEDE01/src/game/game_fn_80189760.o
[44/613] MWCC build/GEDE01/src/game/game_fn_80189968.o
[45/613] MWCC build/GEDE01/src/game/game_fn_8018D1F0.o
[46/613] MWCC build/GEDE01/src/game/game_fn_8018D2E0.o
[47/613] MWCC build/GEDE01/src/game/game_fn_8018D400.o
[48/613] MWCC build/GEDE01/src/game/game_fn_8018D688.o
[49/613] MWCC build/GEDE01/src/game/game_fn_8018E0D8.o
[50/613] MWCC build/GEDE01/src/game/game_fn_8018F1D0.o
[51/613] MWCC build/GEDE01/src/game/game_fn_8018F81C.o
[52/613] MWCC build/GEDE01/src/game/game_fn_8018FEDC.o
[53/613] MWCC build/GEDE01/src/game/game_fn_8019120C.o
[54/613] MWCC build/GEDE01/src/game/game_fn_80191360.o
[55/613] MWCC build/GEDE01/src/game/game_fn_801916D0.o
[56/613] MWCC build/GEDE01/src/game/game_fn_8019197C.o
[57/613] MWCC build/GEDE01/src/game/game_fn_80191F58.o
[58/613] MWCC build/GEDE01/src/game/game_fn_801929A4.o
[59/613] MWCC build/GEDE01/src/game/game_fn_801926EC.o
[60/613] MWCC build/GEDE01/src/game/game_fn_80192F54.o
[61/613] MWCC build/GEDE01/src/game/game_fn_801931C4.o
[62/613] MWCC build/GEDE01/src/game/game_fn_80193E1C.o
[63/613] MWCC build/GEDE01/src/game/game_fn_80193F3C.o
[64/613] MWCC build/GEDE01/src/game/game_fn_80194F80.o
[65/613] MWCC build/GEDE01/src/game/game_fn_80197910.o
[66/613] MWCC build/GEDE01/src/game/game_fn_80198154.o
[67/613] MWCC build/GEDE01/src/game/game_fn_80198AAC.o
[68/613] MWCC build/GEDE01/src/game/game_fn_80198BF4.o
[69/613] MWCC build/GEDE01/src/game/game_fn_8019B1BC.o
[70/613] MWCC build/GEDE01/src/game/game_fn_801991E0.o
[71/613] MWCC build/GEDE01/src/game/game_fn_8019CFC4.o
[72/613] MWCC build/GEDE01/src/game/game_fn_8019CC28.o
[73/613] MWCC build/GEDE01/src/game/game_fn_8019E8C8.o
[74/613] MWCC build/GEDE01/src/game/game_fn_8019E5E4.o
[75/613] MWCC build/GEDE01/src/game/game_fn_801A1F18.o
[76/613] MWCC build/GEDE01/src/game/game_fn_801A2A54.o
[77/613] MWCC build/GEDE01/src/game/game_fn_801A3A78.o
[78/613] MWCC build/GEDE01/src/game/game_fn_801A34BC.o
[79/613] MWCC build/GEDE01/src/game/game_fn_801A4CE0.o
[80/613] MWCC build/GEDE01/src/game/game_fn_801A5FB0.o
[81/613] MWCC build/GEDE01/src/game/game_fn_801A657C.o
[82/613] MWCC build/GEDE01/src/game/game_fn_801A6410.o
[83/613] MWCC build/GEDE01/src/game/game_fn_801A6ADC.o
[84/613] MWCC build/GEDE01/src/game/game_fn_801A6C58.o
[85/613] MWCC build/GEDE01/src/game/game_fn_801A7E04.o
[86/613] MWCC build/GEDE01/src/game/game_fn_801A6CB4.o
[87/613] MWCC build/GEDE01/src/game/game_fn_801A93E8.o
[88/613] MWCC build/GEDE01/src/game/game_fn_801A7EA8.o
[89/613] MWCC build/GEDE01/src/game/game_fn_801ABD3C.o
[90/613] MWCC build/GEDE01/src/game/game_fn_801AB154.o
[91/613] MWCC build/GEDE01/src/game/game_fn_801AC8AC.o
[92/613] MWCC build/GEDE01/src/game/game_fn_801ACFE8.o
[93/613] MWCC build/GEDE01/src/game/game_fn_801AD08C.o
[94/613] MWCC build/GEDE01/src/game/game_fn_801AFA74.o
[95/613] MWCC build/GEDE01/src/game/game_fn_801B02F0.o
[96/613] MWCC build/GEDE01/src/game/game_fn_801B1BA0.o
[97/613] MWCC build/GEDE01/src/game/game_fn_801B35BC.o
[98/613] MWCC build/GEDE01/src/game/game_fn_801B46C8.o
[99/613] MWCC build/GEDE01/src/game/game_fn_801B5228.o
[100/613] MWCC build/GEDE01/src/game/game_fn_801B4FB4.o
[101/613] MWCC build/GEDE01/src/game/game_fn_801B6F1C.o
[102/613] MWCC build/GEDE01/src/game/game_fn_801B58F0.o
[103/613] MWCC build/GEDE01/src/game/game_fn_801B86C0.o
[104/613] MWCC build/GEDE01/src/game/game_fn_801B941C.o
[105/613] MWCC build/GEDE01/src/game/game_fn_801B9E7C.o
[106/613] MWCC build/GEDE01/src/game/game_fn_801BA15C.o
[107/613] MWCC build/GEDE01/src/game/game_fn_801BB1A0.o
[108/613] MWCC build/GEDE01/src/game/game_fn_801BA708.o
[109/613] MWCC build/GEDE01/src/game/game_fn_801BC240.o
[110/613] MWCC build/GEDE01/src/game/game_fn_801BC0D4.o
[111/613] MWCC build/GEDE01/src/game/game_fn_801BC8F4.o
[112/613] MWCC build/GEDE01/src/game/game_fn_801BCC04.o
[113/613] MWCC build/GEDE01/src/game/game_fn_801BD990.o
[114/613] MWCC build/GEDE01/src/game/game_fn_801BDE7C.o
[115/613] MWCC build/GEDE01/src/game/game_fn_801BE0D4.o
[116/613] MWCC build/GEDE01/src/game/game_fn_801BEF40.o
[117/613] MWCC build/GEDE01/src/game/game_fn_801C2980.o
[118/613] MWCC build/GEDE01/src/game/game_fn_801C1CB0.o
[119/613] MWCC build/GEDE01/src/game/game_fn_801C2AAC.o
[120/613] MWCC build/GEDE01/src/game/game_fn_801C29BC.o
[121/613] MWCC build/GEDE01/src/game/game_fn_801C2D9C.o
[122/613] MWCC build/GEDE01/src/game/game_fn_801C8160.o
[123/613] MWCC build/GEDE01/src/game/game_fn_801C4B5C.o
[124/613] MWCC build/GEDE01/src/game/game_fn_801C8224.o
[125/613] MWCC build/GEDE01/src/game/game_fn_801C8600.o
[126/613] MWCC build/GEDE01/src/game/game_fn_801C87DC.o
[127/613] MWCC build/GEDE01/src/game/game_fn_801C8CC0.o
[128/613] MWCC build/GEDE01/src/game/game_fn_801C8F50.o
[129/613] MWCC build/GEDE01/src/game/game_fn_801C90A4.o
[130/613] MWCC build/GEDE01/src/game/game_fn_801C9510.o
[131/613] MWCC build/GEDE01/src/game/game_fn_801C970C.o
[132/613] MWCC build/GEDE01/src/game/game_fn_801C9A08.o
[133/613] MWCC build/GEDE01/src/game/game_fn_801C9B1C.o
[134/613] MWCC build/GEDE01/src/game/game_fn_801CB4F8.o
[135/613] MWCC build/GEDE01/src/game/game_fn_801CD228.o
[136/613] MWCC build/GEDE01/src/game/game_fn_801CE09C.o
[137/613] MWCC build/GEDE01/src/game/game_fn_801CE594.o
[138/613] MWCC build/GEDE01/src/game/game_fn_801D1B10.o
[139/613] MWCC build/GEDE01/src/game/game_fn_801D1F78.o
[140/613] MWCC build/GEDE01/src/game/game_fn_801D3988.o
[141/613] MWCC build/GEDE01/src/game/game_fn_801D76A8.o
[142/613] MWCC build/GEDE01/src/game/game_fn_801D7C24.o
[143/613] MWCC build/GEDE01/src/game/game_fn_801D8050.o
[144/613] MWCC build/GEDE01/src/game/game_fn_801D9FE4.o
[145/613] MWCC build/GEDE01/src/game/game_fn_801E2A48.o
[146/613] MWCC build/GEDE01/src/game/game_fn_801E41AC.o
[147/613] MWCC build/GEDE01/src/game/game_fn_801E6814.o
[148/613] MWCC build/GEDE01/src/game/game_fn_801EB11C.o
[149/613] MWCC build/GEDE01/src/game/game_fn_801EB09C.o
[150/613] MWCC build/GEDE01/src/game/game_fn_801ECF50.o
[151/613] MWCC build/GEDE01/src/game/game_fn_801ECD74.o
[152/613] MWCC build/GEDE01/src/game/game_fn_801ED5F4.o
[153/613] MWCC build/GEDE01/src/game/game_fn_801EF580.o
[154/613] MWCC build/GEDE01/src/game/game_fn_801EF910.o
[155/613] MWCC build/GEDE01/src/game/game_fn_801F10BC.o
[156/613] MWCC build/GEDE01/src/game/game_fn_801F1A38.o
[157/613] MWCC build/GEDE01/src/game/game_fn_801F35A8.o
[158/613] MWCC build/GEDE01/src/game/game_fn_801F55A0.o
[159/613] MWCC build/GEDE01/src/game/game_fn_801F69F0.o
[160/613] MWCC build/GEDE01/src/game/game_fn_801F6BD8.o
[161/613] MWCC build/GEDE01/src/game/game_fn_801F7510.o
[162/613] MWCC build/GEDE01/src/game/game_fn_801F76EC.o
[163/613] MWCC build/GEDE01/src/game/game_fn_801F8264.o
[164/613] MWCC build/GEDE01/src/game/game_fn_801F89B4.o
[165/613] MWCC build/GEDE01/src/game/game_fn_801F9AF8.o
[166/613] MWCC build/GEDE01/src/game/game_fn_801FA9C8.o
[167/613] MWCC build/GEDE01/src/game/game_fn_801F9CF4.o
[168/613] MWCC build/GEDE01/src/game/game_fn_801FB6A4.o
[169/613] MWCC build/GEDE01/src/game/game_fn_801FC034.o
[170/613] MWCC build/GEDE01/src/game/game_fn_801FC204.o
[171/613] MWCC build/GEDE01/src/game/game_fn_801FFE78.o
[172/613] MWCC build/GEDE01/src/game/game_fn_8018D7DC.o
[173/613] EXTERNALIZE build/GEDE01/src/game/game_fn_801247F8.o
[174/613] EXTERNALIZE build/GEDE01/src/game/game_fn_801EF910.o
[175/613] EXTERNALIZE build/GEDE01/src/game/game_fn_801ECF50.o
[176/613] EXTERNALIZE build/GEDE01/src/game/game_fn_801EB09C.o
[177/613] EXTERNALIZE build/GEDE01/src/game/game_fn_801FC204.o
[178/613] EXTERNALIZE build/GEDE01/src/game/game_fn_801EB11C.o
[179/613] EXTERNALIZE build/GEDE01/src/game/game_fn_801D9FE4.o
[180/613] EXTERNALIZE build/GEDE01/src/game/game_fn_801E41AC.o
[181/613] EXTERNALIZE build/GEDE01/src/game/game_fn_801D76A8.o
[182/613] EXTERNALIZE build/GEDE01/src/game/game_fn_801D7C24.o
[183/613] EXTERNALIZE build/GEDE01/src/game/game_fn_801D8050.o
[184/613] EXTERNALIZE build/GEDE01/src/game/game_fn_8019B1BC.o
[185/613] EXTERNALIZE build/GEDE01/src/game/game_fn_80178F88.o
[186/613] EXTERNALIZE build/GEDE01/src/game/game_fn_801CD228.o
[187/613] EXTERNALIZE build/GEDE01/src/game/game_fn_801BA15C.o
[188/613] EXTERNALIZE build/GEDE01/src/game/game_fn_801C970C.o
[189/613] EXTERNALIZE build/GEDE01/src/game/game_fn_801C9510.o
[190/613] EXTERNALIZE build/GEDE01/src/game/game_fn_80126A00.o
[191/613] EXTERNALIZE build/GEDE01/src/game/game_fn_8013D6A4.o
[192/613] EXTERNALIZE build/GEDE01/src/game/game_fn_800C9C60.o
[193/613] EXTERNALIZE build/GEDE01/src/game/game_fn_801B5228.o
[194/613] EXTERNALIZE build/GEDE01/src/game/game_fn_801B4FB4.o
[195/613] EXTERNALIZE build/GEDE01/src/game/game_fn_801C87DC.o
[196/613] EXTERNALIZE build/GEDE01/src/game/game_fn_801B6F1C.o
[197/613] EXTERNALIZE build/GEDE01/src/game/game_fn_801C8CC0.o
[198/613] EXTERNALIZE build/GEDE01/src/game/game_fn_801BDE7C.o
[199/613] EXTERNALIZE build/GEDE01/src/game/game_fn_800FD0C8.o
[200/613] EXTERNALIZE build/GEDE01/src/game/game_fn_801B941C.o
[201/613] EXTERNALIZE build/GEDE01/src/game/game_fn_801BE0D4.o
[202/613] EXTERNALIZE STATIC POOL build/GEDE01/src/game/game_fn_801C9A08.o
build/GEDE01/src/game/game_fn_801C9A08.o: lbl_80629390 now undefined; section 3 emptied
[203/613] EXTERNALIZE STATIC POOL build/GEDE01/src/game/game_fn_801C9B1C.o
build/GEDE01/src/game/game_fn_801C9B1C.o: lbl_80629390 now undefined; section 3 emptied
[204/613] EXTERNALIZE STATIC POOL build/GEDE01/src/game/game_fn_801BD990.o
build/GEDE01/src/game/game_fn_801BD990.o: lbl_80626D80 now undefined; section 6 emptied
[205/613] EXTERNALIZE STATIC POOL build/GEDE01/src/game/game_fn_801B58F0.o
build/GEDE01/src/game/game_fn_801B58F0.o: lbl_8060C020 now undefined; section 3 emptied
[206/613] EXTERNALIZE STATIC POOL build/GEDE01/src/game/game_fn_801B9E7C.o
build/GEDE01/src/game/game_fn_801B9E7C.o: 0 relocation(s) moved from streamInfo to ...bss.0
build/GEDE01/src/game/game_fn_801B9E7C.o: lbl_8061AE48 now undefined; section 6 emptied
[207/613] EXTERNALIZE STATIC POOL build/GEDE01/src/game/game_fn_801BB1A0.o
build/GEDE01/src/game/game_fn_801BB1A0.o: 0 relocation(s) moved from streamInfo to ...bss.0
build/GEDE01/src/game/game_fn_801BB1A0.o: lbl_8061AE48 now undefined; section 6 emptied
[208/613] EXTERNALIZE STATIC build/GEDE01/src/game/game_fn_801B35BC.o
build/GEDE01/src/game/game_fn_801B35BC.o: lbl_8060D420 now undefined; section 6 emptied
[209/613] EXTERNALIZE STATIC POOL build/GEDE01/src/game/game_fn_801BA708.o
build/GEDE01/src/game/game_fn_801BA708.o: 0 relocation(s) moved from streamInfo to ...bss.0
build/GEDE01/src/game/game_fn_801BA708.o: lbl_8061AE48 now undefined; section 6 emptied
[210/613] EXTERNALIZE STATIC POOL build/GEDE01/src/game/game_fn_801BC8F4.o
build/GEDE01/src/game/game_fn_801BC8F4.o: lbl_8061C748 now undefined; section 6 emptied
[211/613] EXTERNALIZE STATIC build/GEDE01/src/game/game_fn_801BC240.o
build/GEDE01/src/game/game_fn_801BC240.o: lbl_8061C748 now undefined; section 6 emptied
[212/613] EXTERNALIZE STATIC POOL build/GEDE01/src/game/game_fn_801BCC04.o
build/GEDE01/src/game/game_fn_801BCC04.o: lbl_8061C748 now undefined; section 6 emptied
[213/613] EXTERNALIZE STATIC POOL build/GEDE01/src/game/game_fn_801BC0D4.o
build/GEDE01/src/game/game_fn_801BC0D4.o: lbl_8061C748 now undefined; section 6 emptied
[214/613] EXTERNALIZE STATIC POOL build/GEDE01/src/game/game_fn_801C1CB0.o
build/GEDE01/src/game/game_fn_801C1CB0.o: lbl_80626DA0 now undefined; section 3 emptied
[215/613] EXTERNALIZE STATIC POOL build/GEDE01/src/game/game_fn_801CE09C.o
build/GEDE01/src/game/game_fn_801CE09C.o: lbl_80631340 now undefined; section 6 emptied
[216/613] RENAME build/GEDE01/src/game/game_InitMetroTRKCommTable.o
[217/613] RENAME RUNTIME INTRINSICS build/GEDE01/src/game/game_fn_801CB4F8.o
[218/613] EXTERNALIZE STATIC POOL build/GEDE01/src/game/game_fn_8010242C.o
build/GEDE01/src/game/game_fn_8010242C.o: lbl_8032CC08 now undefined; section 3 emptied
[219/613] EXTERNALIZE build/GEDE01/src/game/game_fn_801D3988.o
[220/613] EXTERNALIZE build/GEDE01/src/game/game_fn_801D1B10.o
[221/613] EXTERNALIZE build/GEDE01/src/game/game_fn_801CE594.o
[222/613] ALIGN DATA build/GEDE01/src/game/game_fn_80008014.o
[223/613] EXTERNALIZE build/GEDE01/src/game/game_fn_801C8224.o
[224/613] EXTERNALIZE build/GEDE01/src/game/game_fn_8014549C.o
[225/613] EXTERNALIZE build/GEDE01/src/game/game_fn_801098C0.o
[226/613] EXTERNALIZE build/GEDE01/src/game/game_fn_80185F10.o
[227/613] EXTERNALIZE build/GEDE01/src/game/game_fn_8000FDE8.o
[228/613] EXTERNALIZE build/GEDE01/src/game/game_fn_801C29BC.o
[229/613] EXTERNALIZE build/GEDE01/src/game/game_fn_801C8F50.o
[230/613] EXTERNALIZE build/GEDE01/src/game/game_fn_801C90A4.o
[231/613] EXTERNALIZE build/GEDE01/src/game/game_fn_8007B828.o
[232/613] EXTERNALIZE build/GEDE01/src/game/game_fn_801C8160.o
[233/613] EXTERNALIZE build/GEDE01/src/game/game_fn_801C2D9C.o
[234/613] EXTERNALIZE build/GEDE01/src/game/game_fn_801C2AAC.o
[235/613] EXTERNALIZE build/GEDE01/src/game/game_fn_801C2980.o
[236/613] EXTERNALIZE build/GEDE01/src/game/game_fn_801B02F0.o
[237/613] EXTERNALIZE build/GEDE01/src/game/game_fn_801AC8AC.o
[238/613] EXTERNALIZE build/GEDE01/src/game/game_fn_801AFA74.o
[239/613] EXTERNALIZE build/GEDE01/src/game/game_fn_801ABD3C.o
[240/613] EXTERNALIZE build/GEDE01/src/game/game_fn_801816D4.o
[241/613] EXTERNALIZE build/GEDE01/src/game/game_fn_8004998C.o
[242/613] EXTERNALIZE build/GEDE01/src/game/game_fn_8011F140.o
[243/613] EXTERNALIZE build/GEDE01/src/game/game_fn_801AD08C.o
[244/613] EXTERNALIZE build/GEDE01/src/game/game_fn_80079AA4.o
[245/613] EXTERNALIZE build/GEDE01/src/game/game_fn_801A3A78.o
[246/613] EXTERNALIZE build/GEDE01/src/game/game_fn_80158D38.o
[247/613] EXTERNALIZE build/GEDE01/src/game/game_fn_8008F224.o
[248/613] EXTERNALIZE build/GEDE01/src/game/game_fn_80167454.o
[249/613] EXTERNALIZE build/GEDE01/src/game/game_fn_801AB154.o
[250/613] EXTERNALIZE build/GEDE01/src/game/game_fn_800AF230.o
[251/613] EXTERNALIZE build/GEDE01/src/game/game_fn_801A93E8.o
[252/613] EXTERNALIZE build/GEDE01/src/game/game_fn_801A7E04.o
[253/613] EXTERNALIZE build/GEDE01/src/game/game_fn_801A7EA8.o
[254/613] EXTERNALIZE build/GEDE01/src/game/game_fn_801A6CB4.o
[255/613] EXTERNALIZE build/GEDE01/src/game/game_fn_801A4CE0.o
[256/613] EXTERNALIZE build/GEDE01/src/game/game_fn_801A6C58.o
[257/613] NAME JUMPTABLE build/GEDE01/src/game/game_fn_801A6ADC.o
[258/613] EXTERNALIZE build/GEDE01/src/game/game_fn_801A6410.o
[259/613] EXTERNALIZE build/GEDE01/src/game/game_fn_801A5FB0.o
[260/613] EXTERNALIZE build/GEDE01/src/game/game_fn_801A1F18.o
[261/613] EXTERNALIZE build/GEDE01/src/game/game_fn_8019E8C8.o
[262/613] EXTERNALIZE build/GEDE01/src/game/game_fn_8019E5E4.o
[263/613] EXTERNALIZE build/GEDE01/src/game/game_fn_8019CFC4.o
[264/613] EXTERNALIZE build/GEDE01/src/game/game_fn_8019CC28.o
[265/613] EXTERNALIZE build/GEDE01/src/game/game_fn_801991E0.o
[266/613] EXTERNALIZE build/GEDE01/src/game/game_fn_80198BF4.o
[267/613] EXTERNALIZE build/GEDE01/src/game/game_fn_80198AAC.o
[268/613] EXTERNALIZE build/GEDE01/src/game/game_fn_80198154.o
[269/613] EXTERNALIZE build/GEDE01/src/game/game_fn_80197910.o
[270/613] EXTERNALIZE build/GEDE01/src/game/game_fn_80194F80.o
[271/613] EXTERNALIZE build/GEDE01/src/game/game_fn_80177434.o
repointed 2 relocations to lbl_80250588
[272/613] EXTERNALIZE build/GEDE01/src/game/game_fn_80193F3C.o
[273/613] EXTERNALIZE build/GEDE01/src/game/game_fn_80193E1C.o
[274/613] EXTERNALIZE build/GEDE01/src/game/game_fn_80192F54.o
[275/613] EXTERNALIZE build/GEDE01/src/game/game_fn_801931C4.o
[276/613] EXTERNALIZE build/GEDE01/src/game/game_fn_8019197C.o
[277/613] EXTERNALIZE build/GEDE01/src/game/game_fn_80191F58.o
[278/613] EXTERNALIZE build/GEDE01/src/game/game_fn_80191360.o
[279/613] GLOBALIZE build/GEDE01/src/game/game_fn_8018F1D0.o
[280/613] EXTERNALIZE build/GEDE01/src/game/game_fn_8018D688.o
[281/613] EXTERNALIZE build/GEDE01/src/game/game_fn_8018F81C.o
[282/613] EXTERNALIZE build/GEDE01/src/game/game_fn_8018D2E0.o
[283/613] EXTERNALIZE build/GEDE01/src/game/game_fn_80189968.o
[284/613] EXTERNALIZE build/GEDE01/src/game/game_fn_8018D1F0.o
[285/613] EXTERNALIZE build/GEDE01/src/game/game_fn_80189760.o
[286/613] EXTERNALIZE build/GEDE01/src/game/game_fn_801896A0.o
[287/613] EXTERNALIZE build/GEDE01/src/game/game_fn_801895E8.o
[288/613] EXTERNALIZE build/GEDE01/src/game/game_fn_801891D8.o
[289/613] EXTERNALIZE build/GEDE01/src/game/game_fn_80189390.o
[290/613] EXTERNALIZE build/GEDE01/src/game/game_fn_80188E28.o
[291/613] EXTERNALIZE build/GEDE01/src/game/game_fn_80189028.o
[292/613] EXTERNALIZE build/GEDE01/src/game/game_fn_80188B44.o
[293/613] EXTERNALIZE build/GEDE01/src/game/game_fn_80188C1C.o
[294/613] EXTERNALIZE build/GEDE01/src/game/game_fn_80188A7C.o
[295/613] EXTERNALIZE build/GEDE01/src/game/game_fn_801878E0.o
[296/613] EXTERNALIZE build/GEDE01/src/game/game_fn_80187120.o
[297/613] EXTERNALIZE build/GEDE01/src/game/game_fn_8018FEDC.o
[298/613] EXTERNALIZE build/GEDE01/src/game/game_fn_80186E10.o
[299/613] EXTERNALIZE build/GEDE01/src/game/game_fn_801865EC.o
[300/613] EXTERNALIZE build/GEDE01/src/game/game_fn_80185AE8.o
[301/613] EXTERNALIZE build/GEDE01/src/game/game_fn_801859FC.o
[302/613] EXTERNALIZE build/GEDE01/src/game/game_fn_80180DDC.o
[303/613] EXTERNALIZE build/GEDE01/src/game/game_fn_8017E958.o
[304/613] EXTERNALIZE build/GEDE01/src/game/game_fn_8017E850.o
[305/613] EXTERNALIZE build/GEDE01/src/game/game_fn_8017718C.o
[306/613] EXTERNALIZE build/GEDE01/src/game/game_fn_801770F8.o
[307/613] EXTERNALIZE build/GEDE01/src/game/game_fn_80176FA0.o
[308/613] EXTERNALIZE build/GEDE01/src/game/game_fn_80174358.o
[309/613] EXTERNALIZE build/GEDE01/src/game/game_fn_80176DF4.o
[310/613] EXTERNALIZE build/GEDE01/src/game/game_fn_80174184.o
[311/613] EXTERNALIZE build/GEDE01/src/game/game_fn_80173F04.o
[312/613] EXTERNALIZE build/GEDE01/src/game/game_fn_8017553C.o
[313/613] EXTERNALIZE build/GEDE01/src/game/game_fn_80173D44.o
[314/613] EXTERNALIZE build/GEDE01/src/game/game_fn_80173770.o
[315/613] EXTERNALIZE build/GEDE01/src/game/game_fn_801734B4.o
[316/613] EXTERNALIZE build/GEDE01/src/game/game_fn_80173270.o
[317/613] EXTERNALIZE build/GEDE01/src/game/game_fn_80172DB8.o
[318/613] EXTERNALIZE build/GEDE01/src/game/game_fn_80172C78.o
[319/613] EXTERNALIZE build/GEDE01/src/game/game_fn_80172BB0.o
[320/613] EXTERNALIZE build/GEDE01/src/game/game_fn_801726EC.o
[321/613] EXTERNALIZE build/GEDE01/src/game/game_fn_8017250C.o
[322/613] EXTERNALIZE build/GEDE01/src/game/game_fn_80171F30.o
[323/613] EXTERNALIZE build/GEDE01/src/game/game_fn_801719B4.o
[324/613] EXTERNALIZE build/GEDE01/src/game/game_fn_801718F4.o
[325/613] EXTERNALIZE build/GEDE01/src/game/game_fn_80171664.o
[326/613] EXTERNALIZE build/GEDE01/src/game/game_fn_80170A40.o
[327/613] EXTERNALIZE build/GEDE01/src/game/game_fn_8017138C.o
[328/613] NORMALIZE build/GEDE01/src/game/game_TRKNubWelcome.o
[329/613] NORMALIZE build/GEDE01/src/game/game_TRK_main.o
[330/613] NORMALIZE build/GEDE01/src/game/game_data_80239E10.o
[331/613] NORMALIZE build/GEDE01/src/game/game_data_80239E18.o
[332/613] EXTERNALIZE build/GEDE01/src/game/game_fn_801706DC.o
[333/613] EXTERNALIZE build/GEDE01/src/game/game_fn_8017652C.o
[334/613] EXTERNALIZE build/GEDE01/src/game/game_fn_80175E64.o
[335/613] EXTERNALIZE build/GEDE01/src/game/game_fn_80170E9C.o
[336/613] EXTERNALIZE build/GEDE01/src/game/game_fn_80175F0C.o
[337/613] EXTERNALIZE build/GEDE01/src/game/game_fn_80175FD4.o
[338/613] EXTERNALIZE build/GEDE01/src/game/game_fn_80176098.o
[339/613] EXTERNALIZE build/GEDE01/src/game/game_fn_80176160.o
[340/613] EXTERNALIZE build/GEDE01/src/game/game_fn_80176220.o
[341/613] EXTERNALIZE build/GEDE01/src/game/game_fn_801762E8.o
[342/613] EXTERNALIZE build/GEDE01/src/game/game_fn_80170DF4.o
[343/613] EXTERNALIZE build/GEDE01/src/game/game_fn_8016E8F8.o
[344/613] EXTERNALIZE build/GEDE01/src/game/game_fn_8016FEF8.o
[345/613] EXTERNALIZE build/GEDE01/src/game/game_fn_801704F8.o
[346/613] NORMALIZE build/GEDE01/src/game/game_fn_8016DF4C.o
[347/613] EXTERNALIZE build/GEDE01/src/game/game_fn_8016D2B8.o
[348/613] EXTERNALIZE build/GEDE01/src/game/game_fn_8016D040.o
[349/613] EXTERNALIZE build/GEDE01/src/game/game_fn_8016D1F8.o
[350/613] EXTERNALIZE build/GEDE01/src/game/game_fn_8016C774.o
[351/613] EXTERNALIZE build/GEDE01/src/game/game_fn_8016C4BC.o
[352/613] EXTERNALIZE build/GEDE01/src/game/game_fn_8016C238.o
[353/613] EXTERNALIZE build/GEDE01/src/game/game_fn_8016C164.o
[354/613] EXTERNALIZE build/GEDE01/src/game/game_fn_8016C0BC.o
[355/613] EXTERNALIZE build/GEDE01/src/game/game_fn_8017038C.o
[356/613] EXTERNALIZE build/GEDE01/src/game/game_fn_8016BE1C.o
[357/613] EXTERNALIZE build/GEDE01/src/game/game_fn_8016BF60.o
[358/613] EXTERNALIZE build/GEDE01/src/game/game_fn_8016BD0C.o
[359/613] EXTERNALIZE build/GEDE01/src/game/game_fn_80169650.o
[360/613] EXTERNALIZE build/GEDE01/src/game/game_fn_8015EDC0.o
[361/613] EXTERNALIZE build/GEDE01/src/game/game_fn_80167B5C.o
[362/613] EXTERNALIZE build/GEDE01/src/game/game_fn_8015DC54.o
[363/613] EXTERNALIZE build/GEDE01/src/game/game_fn_8015DB84.o
[364/613] EXTERNALIZE build/GEDE01/src/game/game_fn_80179398.o
[365/613] EXTERNALIZE build/GEDE01/src/game/game_fn_80158B20.o
[366/613] EXTERNALIZE build/GEDE01/src/game/game_fn_8017960C.o
[367/613] EXTERNALIZE build/GEDE01/src/game/game_fn_8017974C.o
[368/613] EXTERNALIZE build/GEDE01/src/game/game_fn_80179904.o
[369/613] EXTERNALIZE build/GEDE01/src/game/game_fn_8017A9B8.o
[370/613] EXTERNALIZE build/GEDE01/src/game/game_fn_80179A18.o
[371/613] EXTERNALIZE build/GEDE01/src/game/game_fn_80179A74.o
[372/613] EXTERNALIZE build/GEDE01/src/game/game_fn_80179EB8.o
[373/613] EXTERNALIZE build/GEDE01/src/game/game_fn_80179F20.o
[374/613] EXTERNALIZE build/GEDE01/src/game/game_fn_8017A010.o
[375/613] EXTERNALIZE build/GEDE01/src/game/game_fn_8017A12C.o
[376/613] EXTERNALIZE build/GEDE01/src/game/game_fn_80157C0C.o
[377/613] EXTERNALIZE build/GEDE01/src/game/game_fn_8017A1C0.o
[378/613] EXTERNALIZE build/GEDE01/src/game/game_fn_80155814.o
[379/613] EXTERNALIZE build/GEDE01/src/game/game_fn_8014B494.o
[380/613] EXTERNALIZE build/GEDE01/src/game/game_fn_80153898.o
[381/613] EXTERNALIZE build/GEDE01/src/game/game_fn_8012DB28.o
[382/613] EXTERNALIZE build/GEDE01/src/game/game_fn_8014AF38.o
[383/613] EXTERNALIZE build/GEDE01/src/game/game_fn_801141B8.o
[384/613] EXTERNALIZE build/GEDE01/src/game/game_fn_801128E4.o
[385/613] EXTERNALIZE build/GEDE01/src/game/game_fn_801126E0.o
[386/613] EXTERNALIZE build/GEDE01/src/game/game_fn_8010F184.o
[387/613] EXTERNALIZE build/GEDE01/src/game/game_fn_800E4980.o
[388/613] EXTERNALIZE build/GEDE01/src/game/game_fn_800C17EC.o
[389/613] EXTERNALIZE build/GEDE01/src/game/game_fn_800C59F0.o
[390/613] EXTERNALIZE build/GEDE01/src/game/game_fn_800C644C.o
[391/613] EXTERNALIZE build/GEDE01/src/game/game_fn_800C65FC.o
[392/613] EXTERNALIZE build/GEDE01/src/game/game_fn_800CB8F4.o
[393/613] EXTERNALIZE build/GEDE01/src/game/game_fn_800CB760.o
[394/613] EXTERNALIZE build/GEDE01/src/game/game_fn_80079908.o
[395/613] EXTERNALIZE build/GEDE01/src/game/game_fn_80078500.o
[396/613] EXTERNALIZE build/GEDE01/src/game/game_fn_8007B2F4.o
[397/613] EXTERNALIZE build/GEDE01/src/game/game_fn_8007B540.o
[398/613] EXTERNALIZE build/GEDE01/src/game/game_fn_8007B640.o
[399/613] EXTERNALIZE build/GEDE01/src/game/game_fn_800886D8.o
[400/613] EXTERNALIZE build/GEDE01/src/game/game_fn_8007BA3C.o
[401/613] EXTERNALIZE build/GEDE01/src/game/game_fn_800934A0.o
[402/613] EXTERNALIZE build/GEDE01/src/game/game_fn_800A3894.o
[403/613] EXTERNALIZE build/GEDE01/src/game/game_fn_800A7E88.o
[404/613] EXTERNALIZE build/GEDE01/src/game/game_fn_800A4798.o
[405/613] GLOBALIZE build/GEDE01/src/game/game_fn_800A2130.o
[406/613] EXTERNALIZE build/GEDE01/src/game/game_fn_800A2FCC.o
[407/613] EXTERNALIZE build/GEDE01/src/game/game_fn_8009C424.o
[408/613] EXTERNALIZE build/GEDE01/src/game/game_fn_80096830.o
[409/613] GLOBALIZE build/GEDE01/src/game/game_fn_8008F890.o
[410/613] EXTERNALIZE SWITCHES build/GEDE01/src/game/game_fn_80095FDC.o
[411/613] EXTERNALIZE build/GEDE01/src/game/game_fn_80074310.o
[412/613] EXTERNALIZE build/GEDE01/src/game/game_fn_800A4428.o
[413/613] GLOBALIZE build/GEDE01/src/game/game_fn_8005FD84.o
[414/613] EXTERNALIZE build/GEDE01/src/game/game_fn_8005EC6C.o
[415/613] EXTERNALIZE build/GEDE01/src/game/game_fn_80066888.o
[416/613] EXTERNALIZE build/GEDE01/src/game/game_fn_80052310.o
[417/613] EXTERNALIZE build/GEDE01/src/game/game_fn_80048B24.o
[418/613] NAME SWITCH build/GEDE01/src/game/game_fn_80020E94.o
[419/613] NAME SWITCH build/GEDE01/src/game/game_fn_8005EE9C.o
[420/613] NAME SWITCH build/GEDE01/src/game/game_fn_8016D9C0.o
[421/613] NAME SWITCH build/GEDE01/src/game/game_fn_80071A58.o
[422/613] EXTERNALIZE build/GEDE01/src/game/game_fn_80048ADC.o
[423/613] NAME SWITCH build/GEDE01/src/game/game_fn_8006B620.o
[424/613] NAME SWITCH build/GEDE01/src/game/game_fn_8001FE1C.o
[425/613] NAME SWITCH build/GEDE01/src/game/game_fn_8001E644.o
[426/613] EXTERNALIZE build/GEDE01/src/game/game_fn_801B46C8.o
build/GEDE01/src/game/game_fn_801B46C8.o: lbl_8060C020 now undefined; section 6 emptied
[427/613] EXTERNALIZE build/GEDE01/src/game/game_fn_80038878.o
[428/613] EXTERNALIZE build/GEDE01/src/game/game_fn_800359A0.o
[429/613] EXTERNALIZE build/GEDE01/src/game/game_fn_80036C40.o
[430/613] EXTERNALIZE build/GEDE01/src/game/game_fn_80033180.o
[431/613] EXTERNALIZE build/GEDE01/src/game/game_fn_80033038.o
[432/613] EXTERNALIZE build/GEDE01/src/game/game_fn_80032B84.o
[433/613] EXTERNALIZE build/GEDE01/src/game/game_fn_8003232C.o
[434/613] EXTERNALIZE build/GEDE01/src/game/game_fn_8002E3F0.o
[435/613] EXTERNALIZE build/GEDE01/src/game/game_fn_8002DAE0.o
[436/613] EXTERNALIZE build/GEDE01/src/game/game_fn_8002EA68.o
[437/613] GLOBALIZE build/GEDE01/src/game/game_fn_8002B748.o
[438/613] EXTERNALIZE build/GEDE01/src/game/game_fn_8002F428.o
[439/613] EXTERNALIZE build/GEDE01/src/game/game_fn_800272B4.o
[440/613] NAME SWITCHES build/GEDE01/src/game/game_fn_80024F28.o
[441/613] EXTERNALIZE build/GEDE01/src/game/game_fn_8001CE94.o
[442/613] EXTERNALIZE build/GEDE01/src/game/game_fn_8001CD58.o
[443/613] EXTERNALIZE build/GEDE01/src/game/game_fn_8001C078.o
[444/613] EXTERNALIZE build/GEDE01/src/game/game_fn_8001B874.o
[445/613] EXTERNALIZE build/GEDE01/src/game/game_fn_8001B808.o
[446/613] EXTERNALIZE build/GEDE01/src/game/game_fn_8001B294.o
[447/613] EXTERNALIZE build/GEDE01/src/game/game_fn_8001B124.o
[448/613] EXTERNALIZE build/GEDE01/src/game/game_fn_8001ADF8.o
[449/613] EXTERNALIZE build/GEDE01/src/game/game_fn_8001AF68.o
[450/613] EXTERNALIZE build/GEDE01/src/game/game_fn_8001AAB8.o
[451/613] EXTERNALIZE build/GEDE01/src/game/game_fn_8001A6C4.o
[452/613] EXTERNALIZE build/GEDE01/src/game/game_fn_80019F98.o
[453/613] EXTERNALIZE build/GEDE01/src/game/game_fn_80019D2C.o
[454/613] EXTERNALIZE build/GEDE01/src/game/game_fn_80019C10.o
[455/613] EXTERNALIZE build/GEDE01/src/game/game_fn_80019940.o
[456/613] EXTERNALIZE build/GEDE01/src/game/game_fn_800194D0.o
[457/613] EXTERNALIZE build/GEDE01/src/game/game_fn_80019244.o
[458/613] EXTERNALIZE build/GEDE01/src/game/game_fn_80018EF4.o
[459/613] EXTERNALIZE build/GEDE01/src/game/game_fn_80019054.o
[460/613] EXTERNALIZE build/GEDE01/src/game/game_fn_80017CC8.o
[461/613] EXTERNALIZE build/GEDE01/src/game/game_fn_80017DB0.o
[462/613] EXTERNALIZE build/GEDE01/src/game/game_fn_80017C3C.o
[463/613] EXTERNALIZE build/GEDE01/src/game/game_fn_80017AE4.o
[464/613] EXTERNALIZE build/GEDE01/src/game/game_fn_80017A3C.o
[465/613] EXTERNALIZE build/GEDE01/src/game/game_fn_800179AC.o
[466/613] EXTERNALIZE build/GEDE01/src/game/game_fn_80017910.o
[467/613] EXTERNALIZE FLAGS build/GEDE01/src/game/game_fn_800119FC.o
[468/613] EXTERNALIZE build/GEDE01/src/game/game_fn_8000F4B0.o
[469/613] EXTERNALIZE build/GEDE01/src/game/game_fn_8000FFD8.o
[470/613] GLOBALIZE build/GEDE01/src/game/game_fn_800094C0.o
[471/613] EXTERNALIZE build/GEDE01/src/game/game_fn_8000EFC4.o
[472/613] EXTERNALIZE build/GEDE01/src/game/game_fn_800096E0.o
[473/613] EXTERNALIZE build/GEDE01/src/game/game_fn_800098C0.o
[474/613] EXTERNALIZE build/GEDE01/src/game/game_fn_800099D8.o
[475/613] EXTERNALIZE build/GEDE01/src/game/game_fn_80009AB4.o
[476/613] EXTERNALIZE build/GEDE01/src/game/game_fn_8000A26C.o
[477/613] EXTERNALIZE build/GEDE01/src/game/game_fn_800171C0.o
[478/613] EXTERNALIZE build/GEDE01/src/game/game_fn_800176F0.o
[479/613] EXTERNALIZE build/GEDE01/src/game/game_fn_8000AC88.o
[480/613] EXTERNALIZE build/GEDE01/src/game/game_fn_8000AEB4.o
[481/613] EXTERNALIZE build/GEDE01/src/game/game_fn_8000AFB4.o
[482/613] EXTERNALIZE build/GEDE01/src/game/game_fn_8000B1B8.o
[483/613] EXTERNALIZE build/GEDE01/src/game/game_fn_8000B36C.o
[484/613] EXTERNALIZE build/GEDE01/src/game/game_fn_8000B630.o
[485/613] EXTERNALIZE build/GEDE01/src/game/game_fn_8000B7FC.o
[486/613] EXTERNALIZE build/GEDE01/src/game/game_fn_8000B900.o
[487/613] EXTERNALIZE build/GEDE01/src/game/game_fn_8000BA0C.o
[488/613] EXTERNALIZE build/GEDE01/src/game/game_fn_8000BAA0.o
[489/613] EXTERNALIZE build/GEDE01/src/game/game_fn_8000BC40.o
[490/613] EXTERNALIZE build/GEDE01/src/game/game_fn_8000C06C.o
[491/613] EXTERNALIZE build/GEDE01/src/game/game_fn_8000C17C.o
[492/613] EXTERNALIZE build/GEDE01/src/game/game_fn_8000C400.o
[493/613] EXTERNALIZE build/GEDE01/src/game/game_fn_8000C848.o
[494/613] EXTERNALIZE build/GEDE01/src/game/game_fn_8000C91C.o
[495/613] EXTERNALIZE build/GEDE01/src/game/game_fn_8000D0BC.o
[496/613] NAME SWITCH build/GEDE01/src/game/game_fn_8000D8A4.o
[497/613] EXTERNALIZE build/GEDE01/src/game/game_fn_8000D3D4.o
[498/613] EXTERNALIZE build/GEDE01/src/game/game_fn_8000E054.o
[499/613] EXTERNALIZE build/GEDE01/src/game/game_fn_8000E0AC.o
[500/613] EXTERNALIZE build/GEDE01/src/game/game_fn_8000E96C.o
[501/613] EXTERNALIZE build/GEDE01/src/game/game_fn_8000F774.o
[502/613] EXTERNALIZE build/GEDE01/src/game/game_fn_8000EB14.o
[503/613] EXTERNALIZE build/GEDE01/src/game/game_fn_8000EBD4.o
[504/613] EXTERNALIZE build/GEDE01/src/game/game_fn_8000ED44.o
[505/613] EXTERNALIZE build/GEDE01/src/game/game_fn_8000E138.o
[506/613] EXTERNALIZE build/GEDE01/src/game/game_fn_8000E1C4.o
[507/613] EXTERNALIZE build/GEDE01/src/game/game_fn_8000D590.o
[508/613] EXTERNALIZE build/GEDE01/src/game/game_fn_8000DA50.o
[509/613] EXTERNALIZE build/GEDE01/src/game/game_fn_8000DAF4.o
[510/613] EXTERNALIZE build/GEDE01/src/game/game_fn_80012DA8.o
[511/613] EXTERNALIZE build/GEDE01/src/game/game_fn_80012F40.o
[512/613] EXTERNALIZE build/GEDE01/src/game/game_fn_80012FD0.o
[513/613] EXTERNALIZE build/GEDE01/src/game/game_fn_800131E8.o
[514/613] EXTERNALIZE build/GEDE01/src/game/game_fn_80013340.o
[515/613] EXTERNALIZE build/GEDE01/src/game/game_fn_80013870.o
[516/613] EXTERNALIZE build/GEDE01/src/game/game_fn_80013CB0.o
[517/613] EXTERNALIZE build/GEDE01/src/game/game_fn_80013D54.o
[518/613] EXTERNALIZE build/GEDE01/src/game/game_fn_800142DC.o
[519/613] EXTERNALIZE build/GEDE01/src/game/game_fn_800144CC.o
[520/613] EXTERNALIZE build/GEDE01/src/game/game_fn_800149D4.o
[521/613] EXTERNALIZE build/GEDE01/src/game/game_fn_80014784.o
[522/613] EXTERNALIZE build/GEDE01/src/game/game_fn_80015058.o
[523/613] EXTERNALIZE build/GEDE01/src/game/game_fn_80015320.o
[524/613] EXTERNALIZE build/GEDE01/src/game/game_fn_80015568.o
[525/613] EXTERNALIZE build/GEDE01/src/game/game_fn_800156FC.o
[526/613] EXTERNALIZE build/GEDE01/src/game/game_fn_80015BE0.o
[527/613] EXTERNALIZE build/GEDE01/src/game/game_fn_80015F04.o
[528/613] EXTERNALIZE build/GEDE01/src/game/game_fn_80015D40.o
[529/613] EXTERNALIZE build/GEDE01/src/game/game_fn_80016128.o
[530/613] EXTERNALIZE build/GEDE01/src/game/game_fn_80016270.o
[531/613] EXTERNALIZE build/GEDE01/src/game/game_fn_800173CC.o
[532/613] EXTERNALIZE build/GEDE01/src/game/game_fn_80016904.o
[533/613] EXTERNALIZE build/GEDE01/src/game/game_fn_80016B24.o
[534/613] EXTERNALIZE build/GEDE01/src/game/game_fn_801BEF40.o
[535/613] EXTERNALIZE build/GEDE01/src/game/game_fn_801B86C0.o
[536/613] EXTERNALIZE STATIC POOL build/GEDE01/src/game/game_fn_801C4B5C.o
build/GEDE01/src/game/game_fn_801C4B5C.o: lbl_80628CB0 now undefined; section 6 emptied
[537/613] EXTERNALIZE build/GEDE01/src/game/game_fn_8001CA04.o
[538/613] EXTERNALIZE build/GEDE01/src/game/game_fn_801C8600.o
[539/613] EXTERNALIZE build/GEDE01/src/game/game_fn_80031544.o
[540/613] EXTERNALIZE build/GEDE01/src/game/game_fn_8006B0F0.o
[541/613] EXTERNALIZE build/GEDE01/src/game/game_fn_8007D4D8.o
[542/613] EXTERNALIZE build/GEDE01/src/game/game_fn_8007F770.o
[543/613] EXTERNALIZE build/GEDE01/src/game/game_fn_80088F4C.o
[544/613] EXTERNALIZE build/GEDE01/src/game/game_fn_8008A2E0.o
[545/613] EXTERNALIZE build/GEDE01/src/game/game_fn_80090004.o
[546/613] EXTERNALIZE build/GEDE01/src/game/game_fn_80095D10.o
[547/613] EXTERNALIZE build/GEDE01/src/game/game_fn_800A3180.o
[548/613] EXTERNALIZE build/GEDE01/src/game/game_fn_800BB7A8.o
[549/613] EXTERNALIZE build/GEDE01/src/game/game_fn_800BB5C4.o
[550/613] EXTERNALIZE build/GEDE01/src/game/game_fn_800BBAF0.o
[551/613] EXTERNALIZE build/GEDE01/src/game/game_fn_800BB9A4.o
[552/613] EXTERNALIZE build/GEDE01/src/game/game_fn_800D9E10.o
[553/613] EXTERNALIZE build/GEDE01/src/game/game_fn_8012976C.o
[554/613] EXTERNALIZE build/GEDE01/src/game/game_fn_8013DB8C.o
[555/613] EXTERNALIZE build/GEDE01/src/game/game_fn_8013CBE4.o
[556/613] EXTERNALIZE build/GEDE01/src/game/game_fn_8014CA98.o
[557/613] EXTERNALIZE build/GEDE01/src/game/game_fn_80153A24.o
[558/613] EXTERNALIZE build/GEDE01/src/game/game_fn_801535D8.o
[559/613] EXTERNALIZE build/GEDE01/src/game/game_fn_80174F2C.o
[560/613] EXTERNALIZE build/GEDE01/src/game/game_fn_8017AC20.o
[561/613] EXTERNALIZE build/GEDE01/src/game/game_fn_8018680C.o
[562/613] EXTERNALIZE build/GEDE01/src/game/game_fn_80186F70.o
[563/613] EXTERNALIZE build/GEDE01/src/game/game_fn_80187320.o
[564/613] EXTERNALIZE build/GEDE01/src/game/game_fn_801810A0.o
[565/613] EXTERNALIZE build/GEDE01/src/game/game_fn_800542D0.o
[566/613] EXTERNALIZE build/GEDE01/src/game/game_fn_801875FC.o
[567/613] EXTERNALIZE build/GEDE01/src/game/game_fn_80187BB4.o
[568/613] EXTERNALIZE build/GEDE01/src/game/game_fn_8018E0D8.o
[569/613] EXTERNALIZE build/GEDE01/src/game/game_fn_8018D400.o
[570/613] EXTERNALIZE build/GEDE01/src/game/game_fn_8019120C.o
[571/613] EXTERNALIZE build/GEDE01/src/game/game_fn_801926EC.o
[572/613] EXTERNALIZE build/GEDE01/src/game/game_fn_801916D0.o
[573/613] EXTERNALIZE build/GEDE01/src/game/game_fn_801929A4.o
[574/613] EXTERNALIZE build/GEDE01/src/game/game_fn_801A2A54.o
[575/613] EXTERNALIZE build/GEDE01/src/game/game_fn_801A34BC.o
[576/613] EXTERNALIZE build/GEDE01/src/game/game_fn_801A657C.o
[577/613] EXTERNALIZE build/GEDE01/src/game/game_fn_801D1F78.o
[578/613] EXTERNALIZE build/GEDE01/src/game/game_fn_801E2A48.o
[579/613] EXTERNALIZE build/GEDE01/src/game/game_fn_801E6814.o
[580/613] EXTERNALIZE build/GEDE01/src/game/game_fn_801EF580.o
[581/613] EXTERNALIZE build/GEDE01/src/game/game_fn_801F10BC.o
[582/613] EXTERNALIZE build/GEDE01/src/game/game_fn_801F35A8.o
[583/613] EXTERNALIZE build/GEDE01/src/game/game_fn_801ECD74.o
[584/613] EXTERNALIZE build/GEDE01/src/game/game_fn_801ED5F4.o
[585/613] EXTERNALIZE build/GEDE01/src/game/game_fn_801F69F0.o
[586/613] EXTERNALIZE build/GEDE01/src/game/game_fn_801F76EC.o
[587/613] EXTERNALIZE build/GEDE01/src/game/game_fn_801F8264.o
[588/613] EXTERNALIZE build/GEDE01/src/game/game_fn_801F89B4.o
[589/613] EXTERNALIZE build/GEDE01/src/game/game_fn_801F9AF8.o
[590/613] EXTERNALIZE build/GEDE01/src/game/game_fn_801F6BD8.o
[591/613] EXTERNALIZE JUMPTABLES build/GEDE01/src/game/game_fn_800361F8.o
[592/613] EXTERNALIZE build/GEDE01/src/game/game_fn_801FB6A4.o
[593/613] EXTERNALIZE JUMPTABLES build/GEDE01/src/game/game_fn_8006E53C.o
[594/613] EXTERNALIZE JUMPTABLES build/GEDE01/src/game/game_fn_800CF598.o
[595/613] EXTERNALIZE JUMPTABLES build/GEDE01/src/game/game_fn_801ACFE8.o
[596/613] EXTERNALIZE build/GEDE01/src/game/game_fn_80154F74.o
[597/613] EXTERNALIZE JUMPTABLES build/GEDE01/src/game/game_fn_801B1BA0.o
[598/613] EXTERNALIZE build/GEDE01/src/game/game_fn_8009E808.o
[599/613] EXTERNALIZE build/GEDE01/src/game/game_fn_801F1A38.o
[600/613] EXTERNALIZE build/GEDE01/src/game/game_fn_801F55A0.o
[601/613] EXTERNALIZE build/GEDE01/src/game/game_fn_801FFE78.o
[602/613] EXTERNALIZE build/GEDE01/src/game/game_fn_801F7510.o
[603/613] EXTERNALIZE build/GEDE01/src/game/game_fn_801F9CF4.o
[604/613] EXTERNALIZE build/GEDE01/src/game/game_fn_801FC034.o
[605/613] EXTERNALIZE build/GEDE01/src/game/game_fn_801FA9C8.o
[606/613] MWCC build/GEDE01/src/game/game_fn_80068674.o
[607/613] MWCC build/GEDE01/src/game/game_fn_80187488.o
[608/613] REPORT
 INFO Loading project .
 INFO Generating report for 7068 units (using 8 threads)
 INFO Report generated in 0.270s
 INFO Writing to build/GEDE01/report.json
[609/613] LINK build/GEDE01/main.elf
### mwldeppc.exe Linker Warning:
#   Section '.ignored' is unknown. Section ignored.
### mwldeppc.exe Linker Warning:
#   Section '.ignored' is unknown. Section ignored.
### mwldeppc.exe Linker Warning:
#   Section '.ignored' is unknown. Section ignored.
### mwldeppc.exe Linker Warning:
#   Section '.ignored' is unknown. Section ignored.
### mwldeppc.exe Linker Warning:
#   Section '.ignored' is unknown. Section ignored.
### mwldeppc.exe Linker Warning:
#   Section '.ignored' is unknown. Section ignored.
### mwldeppc.exe Linker Warning:
#   Section '.ignored' is unknown. Section ignored.
### mwldeppc.exe Linker Warning:
#   Section '.ignored' is unknown. Section ignored.
### mwldeppc.exe Linker Warning:
#   Section '.ignored' is unknown. Section ignored.
### mwldeppc.exe Linker Warning:
#   Section '.ignored' is unknown. Section ignored.
### mwldeppc.exe Linker Warning:
#   Section '.ignored' is unknown. Section ignored.
### mwldeppc.exe Linker Warning:
#   Section '.ignored' is unknown. Section ignored.
### mwldeppc.exe Linker Warning:
#   Section '.ignored' is unknown. Section ignored.
### mwldeppc.exe Linker Warning:
#   Section '.ignored' is unknown. Section ignored.
### mwldeppc.exe Linker Warning:
#   Section '.ignored' is unknown. Section ignored.
### mwldeppc.exe Linker Warning:
#   Section '.ignored' is unknown. Section ignored.
### mwldeppc.exe Linker Warning:
#   Section '.ignored' is unknown. Section ignored.
### mwldeppc.exe Linker Warning:
#   Section '.ignored' is unknown. Section ignored.
### mwldeppc.exe Linker Warning:
#   Section '.ignored' is unknown. Section ignored.
### mwldeppc.exe Linker Warning:
#   Section '.ignored' is unknown. Section ignored.
### mwldeppc.exe Linker Warning:
#   Section '.ignored' is unknown. Section ignored.
### mwldeppc.exe Linker Warning:
#   Section '.ignored' is unknown. Section ignored.
### mwldeppc.exe Linker Warning:
#   Section '.ignored' is unknown. Section ignored.
### mwldeppc.exe Linker Warning:
#   Section '.ignored' is unknown. Section ignored.
### mwldeppc.exe Linker Warning:
#   Section '.ignored' is unknown. Section ignored.
### mwldeppc.exe Linker Warning:
#   Section '.ignored' is unknown. Section ignored.
### mwldeppc.exe Linker Warning:
#   Section '.ignored' is unknown. Section ignored.
### mwldeppc.exe Linker Warning:
#   Section '.ignored' is unknown. Section ignored.
### mwldeppc.exe Linker Warning:
#   Section '.ignored' is unknown. Section ignored.
### mwldeppc.exe Linker Warning:
#   Section '.ignored' is unknown. Section ignored.
### mwldeppc.exe Linker Warning:
#   Section '.ignored' is unknown. Section ignored.
### mwldeppc.exe Linker Warning:
#   Section '.ignored' is unknown. Section ignored.
### mwldeppc.exe Linker Warning:
#   Section '.ignored' is unknown. Section ignored.
### mwldeppc.exe Linker Warning:
#   Section '.ignored' is unknown. Section ignored.
### mwldeppc.exe Linker Warning:
#   Section '.ignored' is unknown. Section ignored.
### mwldeppc.exe Linker Warning:
#   Section '.ignored' is unknown. Section ignored.
### mwldeppc.exe Linker Warning:
#   Section '.ignored' is unknown. Section ignored.
### mwldeppc.exe Linker Warning:
#   Section '.ignored' is unknown. Section ignored.
### mwldeppc.exe Linker Warning:
#   Section '.ignored' is unknown. Section ignored.
### mwldeppc.exe Linker Warning:
#   Section '.ignored' is unknown. Section ignored.
### mwldeppc.exe Linker Warning:
#   Section '.ignored' is unknown. Section ignored.
### mwldeppc.exe Linker Warning:
#   Section '.ignored' is unknown. Section ignored.
### mwldeppc.exe Linker Warning:
#   Section '.ignored' is unknown. Section ignored.
### mwldeppc.exe Linker Warning:
#   Section '.ignored' is unknown. Section ignored.
### mwldeppc.exe Linker Warning:
#   Section '.ignored' is unknown. Section ignored.
### mwldeppc.exe Linker Warning:
#   Section '.ignored' is unknown. Section ignored.
### mwldeppc.exe Linker Warning:
#   Section '.ignored' is unknown. Section ignored.
### mwldeppc.exe Linker Warning:
#   Section '.ignored' is unknown. Section ignored.
### mwldeppc.exe Linker Warning:
#   Section '.ignored' is unknown. Section ignored.
### mwldeppc.exe Linker Warning:
#   Section '.ignored' is unknown. Section ignored.
### mwldeppc.exe Linker Warning:
#   Section '.ignored' is unknown. Section ignored.
### mwldeppc.exe Linker Warning:
#   Section '.ignored' is unknown. Section ignored.
### mwldeppc.exe Linker Warning:
#   Section '.ignored' is unknown. Section ignored.
### mwldeppc.exe Linker Warning:
#   Section '.ignored' is unknown. Section ignored.
### mwldeppc.exe Linker Warning:
#   Section '.ignored' is unknown. Section ignored.
### mwldeppc.exe Linker Warning:
#   Section '.ignored' is unknown. Section ignored.
### mwldeppc.exe Linker Warning:
#   Section '.ignored' is unknown. Section ignored.
### mwldeppc.exe Linker Warning:
#   Section '.ignored' is unknown. Section ignored.
### mwldeppc.exe Linker Warning:
#   Section '.ignored' is unknown. Section ignored.
### mwldeppc.exe Linker Warning:
#   Section '.ignored' is unknown. Section ignored.
### mwldeppc.exe Linker Warning:
#   Section '.ignored' is unknown. Section ignored.
### mwldeppc.exe Linker Warning:
#   Section '.ignored' is unknown. Section ignored.
### mwldeppc.exe Linker Warning:
#   Section '.ignored' is unknown. Section ignored.
### mwldeppc.exe Linker Warning:
#   Section '.ignored' is unknown. Section ignored.
### mwldeppc.exe Linker Warning:
#   Section '.ignored' is unknown. Section ignored.
### mwldeppc.exe Linker Warning:
#   Section '.ignored' is unknown. Section ignored.
### mwldeppc.exe Linker Warning:
#   Section '.ignored' is unknown. Section ignored.
### mwldeppc.exe Linker Warning:
#   Section '.ignored' is unknown. Section ignored.
### mwldeppc.exe Linker Warning:
#   Section '.ignored' is unknown. Section ignored.
### mwldeppc.exe Linker Warning:
#   Section '.ignored' is unknown. Section ignored.
### mwldeppc.exe Linker Warning:
#   Section '.ignored' is unknown. Section ignored.
### mwldeppc.exe Linker Warning:
#   Section '.ignored' is unknown. Section ignored.
### mwldeppc.exe Linker Warning:
#   Section '.ignored' is unknown. Section ignored.
### mwldeppc.exe Linker Warning:
#   Section '.ignored' is unknown. Section ignored.
### mwldeppc.exe Linker Warning:
#   Section '.ignored' is unknown. Section ignored.
### mwldeppc.exe Linker Warning:
#   Section '.ignored' is unknown. Section ignored.
### mwldeppc.exe Linker Warning:
#   Section '.ignored' is unknown. Section ignored.
### mwldeppc.exe Linker Warning:
#   Section '.ignored' is unknown. Section ignored.
### mwldeppc.exe Linker Warning:
#   Section '.ignored' is unknown. Section ignored.
### mwldeppc.exe Linker Warning:
#   Section '.ignored' is unknown. Section ignored.
### mwldeppc.exe Linker Warning:
#   Section '.ignored' is unknown. Section ignored.
### mwldeppc.exe Linker Warning:
#   Section '.ignored' is unknown. Section ignored.
### mwldeppc.exe Linker Warning:
#   Section '.ignored' is unknown. Section ignored.
### mwldeppc.exe Linker Warning:
#   Section '.ignored' is unknown. Section ignored.
### mwldeppc.exe Linker Warning:
#   Section '.ignored' is unknown. Section ignored.
### mwldeppc.exe Linker Warning:
#   Section '.ignored' is unknown. Section ignored.
### mwldeppc.exe Linker Warning:
#   Section '.ignored' is unknown. Section ignored.
### mwldeppc.exe Linker Warning:
#   Section '.ignored' is unknown. Section ignored.
### mwldeppc.exe Linker Warning:
#   Section '.ignored' is unknown. Section ignored.
### mwldeppc.exe Linker Warning:
#   Section '.ignored' is unknown. Section ignored.
### mwldeppc.exe Linker Warning:
#   Section '.ignored' is unknown. Section ignored.
### mwldeppc.exe Linker Warning:
#   Section '.ignored' is unknown. Section ignored.
### mwldeppc.exe Linker Warning:
#   Section '.ignored' is unknown. Section ignored.
### mwldeppc.exe Linker Warning:
#   Section '.ignored' is unknown. Section ignored.
### mwldeppc.exe Linker Warning:
#   Section '.ignored' is unknown. Section ignored.
### mwldeppc.exe Linker Warning:
#   Section '.ignored' is unknown. Section ignored.
### mwldeppc.exe Linker Warning:
#   Section '.ignored' is unknown. Section ignored.
### mwldeppc.exe Linker Warning:
#   Section '.ignored' is unknown. Section ignored.
### mwldeppc.exe Linker Warning:
#   Section '.ignored' is unknown. Section ignored.
### mwldeppc.exe Linker Warning:
#   Section '.ignored' is unknown. Section ignored.
### mwldeppc.exe Linker Warning:
#   Section '.ignored' is unknown. Section ignored.
### mwldeppc.exe Linker Warning:
#   Section '.ignored' is unknown. Section ignored.
### mwldeppc.exe Linker Warning:
#   Section '.ignored' is unknown. Section ignored.
### mwldeppc.exe Linker Warning:
#   Section '.ignored' is unknown. Section ignored.
### mwldeppc.exe Linker Warning:
#   Section '.ignored' is unknown. Section ignored.
### mwldeppc.exe Linker Warning:
#   Section '.ignored' is unknown. Section ignored.
### mwldeppc.exe Linker Warning:
#   Section '.ignored' is unknown. Section ignored.
### mwldeppc.exe Linker Warning:
#   Section '.ignored' is unknown. Section ignored.
### mwldeppc.exe Linker Warning:
#   Section '.ignored' is unknown. Section ignored.
### mwldeppc.exe Linker Warning:
#   Section '.ignored' is unknown. Section ignored.
### mwldeppc.exe Linker Warning:
#   Section '.ignored' is unknown. Section ignored.
### mwldeppc.exe Linker Warning:
#   Section '.ignored' is unknown. Section ignored.
### mwldeppc.exe Linker Warning:
#   Section '.ignored' is unknown. Section ignored.
### mwldeppc.exe Linker Warning:
#   Section '.ignored' is unknown. Section ignored.
### mwldeppc.exe Linker Warning:
#   Section '.ignored' is unknown. Section ignored.
### mwldeppc.exe Linker Warning:
#   Section '.ignored' is unknown. Section ignored.
### mwldeppc.exe Linker Warning:
#   Section '.ignored' is unknown. Section ignored.
### mwldeppc.exe Linker Warning:
#   Section '.ignored' is unknown. Section ignored.
### mwldeppc.exe Linker Warning:
#   Section '.ignored' is unknown. Section ignored.
### mwldeppc.exe Linker Warning:
#   Section '.ignored' is unknown. Section ignored.
### mwldeppc.exe Linker Warning:
#   Section '.ignored' is unknown. Section ignored.
### mwldeppc.exe Linker Warning:
#   Section '.ignored' is unknown. Section ignored.
### mwldeppc.exe Linker Warning:
#   Section '.ignored' is unknown. Section ignored.
### mwldeppc.exe Linker Warning:
#   Section '.ignored' is unknown. Section ignored.
### mwldeppc.exe Linker Warning:
#   Section '.ignored' is unknown. Section ignored.
### mwldeppc.exe Linker Warning:
#   Section '.ignored' is unknown. Section ignored.
### mwldeppc.exe Linker Warning:
#   Section '.ignored' is unknown. Section ignored.
### mwldeppc.exe Linker Warning:
#   Section '.ignored' is unknown. Section ignored.
### mwldeppc.exe Linker Warning:
#   Section '.ignored' is unknown. Section ignored.
### mwldeppc.exe Linker Warning:
#   Section '.ignored' is unknown. Section ignored.
### mwldeppc.exe Linker Warning:
#   Section '.ignored' is unknown. Section ignored.
### mwldeppc.exe Linker Warning:
#   Section '.ignored' is unknown. Section ignored.
### mwldeppc.exe Linker Warning:
#   Section '.ignored' is unknown. Section ignored.
### mwldeppc.exe Linker Warning:
#   Section '.ignored' is unknown. Section ignored.
### mwldeppc.exe Linker Warning:
#   Section '.ignored' is unknown. Section ignored.
### mwldeppc.exe Linker Warning:
#   Section '.ignored' is unknown. Section ignored.
### mwldeppc.exe Linker Warning:
#   Section '.ignored' is unknown. Section ignored.
### mwldeppc.exe Linker Warning:
#   Section '.ignored' is unknown. Section ignored.
### mwldeppc.exe Linker Warning:
#   Section '.ignored' is unknown. Section ignored.
### mwldeppc.exe Linker Warning:
#   Section '.ignored' is unknown. Section ignored.
### mwldeppc.exe Linker Warning:
#   Section '.ignored' is unknown. Section ignored.
### mwldeppc.exe Linker Warning:
#   Section '.ignored' is unknown. Section ignored.
### mwldeppc.exe Linker Warning:
#   Section '.ignored' is unknown. Section ignored.
### mwldeppc.exe Linker Warning:
#   Section '.ignored' is unknown. Section ignored.
### mwldeppc.exe Linker Warning:
#   Section '.ignored' is unknown. Section ignored.
### mwldeppc.exe Linker Warning:
#   Section '.ignored' is unknown. Section ignored.
### mwldeppc.exe Linker Warning:
#   Section '.ignored' is unknown. Section ignored.
### mwldeppc.exe Linker Warning:
#   Section '.ignored' is unknown. Section ignored.
### mwldeppc.exe Linker Warning:
#   Section '.ignored' is unknown. Section ignored.
### mwldeppc.exe Linker Warning:
#   Section '.ignored' is unknown. Section ignored.
### mwldeppc.exe Linker Warning:
#   Section '.ignored' is unknown. Section ignored.
### mwldeppc.exe Linker Warning:
#   Section '.ignored' is unknown. Section ignored.
### mwldeppc.exe Linker Warning:
#   Section '.ignored' is unknown. Section ignored.
### mwldeppc.exe Linker Warning:
#   Section '.ignored' is unknown. Section ignored.
### mwldeppc.exe Linker Warning:
#   Section '.ignored' is unknown. Section ignored.
### mwldeppc.exe Linker Warning:
#   Section '.ignored' is unknown. Section ignored.
### mwldeppc.exe Linker Warning:
#   Section '.ignored' is unknown. Section ignored.
### mwldeppc.exe Linker Warning:
#   Section '.ignored' is unknown. Section ignored.
### mwldeppc.exe Linker Warning:
#   Section '.ignored' is unknown. Section ignored.
### mwldeppc.exe Linker Warning:
#   Section '.ignored' is unknown. Section ignored.
### mwldeppc.exe Linker Warning:
#   Section '.ignored' is unknown. Section ignored.
### mwldeppc.exe Linker Warning:
#   Section '.ignored' is unknown. Section ignored.
### mwldeppc.exe Linker Warning:
#   Section '.ignored' is unknown. Section ignored.
### mwldeppc.exe Linker Warning:
#   Section '.ignored' is unknown. Section ignored.
### mwldeppc.exe Linker Warning:
#   Section '.ignored' is unknown. Section ignored.
### mwldeppc.exe Linker Warning:
#   Section '.ignored' is unknown. Section ignored.
### mwldeppc.exe Linker Warning:
#   Section '.ignored' is unknown. Section ignored.
### mwldeppc.exe Linker Warning:
#   Section '.ignored' is unknown. Section ignored.
### mwldeppc.exe Linker Warning:
#   Section '.ignored' is unknown. Section ignored.
### mwldeppc.exe Linker Warning:
#   Section '.ignored' is unknown. Section ignored.
### mwldeppc.exe Linker Warning:
#   Section '.ignored' is unknown. Section ignored.
### mwldeppc.exe Linker Warning:
#   Section '.ignored' is unknown. Section ignored.
### mwldeppc.exe Linker Warning:
#   Section '.ignored' is unknown. Section ignored.
### mwldeppc.exe Linker Warning:
#   Section '.ignored' is unknown. Section ignored.
### mwldeppc.exe Linker Warning:
#   Section '.ignored' is unknown. Section ignored.
### mwldeppc.exe Linker Warning:
#   Section '.ignored' is unknown. Section ignored.
### mwldeppc.exe Linker Warning:
#   Section '.ignored' is unknown. Section ignored.
### mwldeppc.exe Linker Warning:
#   Section '.ignored' is unknown. Section ignored.
### mwldeppc.exe Linker Warning:
#   Section '.ignored' is unknown. Section ignored.
### mwldeppc.exe Linker Warning:
#   Section '.ignored' is unknown. Section ignored.
### mwldeppc.exe Linker Warning:
#   Section '.ignored' is unknown. Section ignored.
### mwldeppc.exe Linker Warning:
#   Section '.ignored' is unknown. Section ignored.
### mwldeppc.exe Linker Warning:
#   Section '.ignored' is unknown. Section ignored.
### mwldeppc.exe Linker Warning:
#   Section '.ignored' is unknown. Section ignored.
### mwldeppc.exe Linker Warning:
#   Section '.ignored' is unknown. Section ignored.
### mwldeppc.exe Linker Warning:
#   Section '.ignored' is unknown. Section ignored.
### mwldeppc.exe Linker Warning:
#   Section '.ignored' is unknown. Section ignored.
### mwldeppc.exe Linker Warning:
#   Section '.ignored' is unknown. Section ignored.
### mwldeppc.exe Linker Warning:
#   Section '.ignored' is unknown. Section ignored.
### mwldeppc.exe Linker Warning:
#   Section '.ignored' is unknown. Section ignored.
### mwldeppc.exe Linker Warning:
#   Section '.ignored' is unknown. Section ignored.
### mwldeppc.exe Linker Warning:
#   Section '.ignored' is unknown. Section ignored.
### mwldeppc.exe Linker Warning:
#   Section '.ignored' is unknown. Section ignored.
### mwldeppc.exe Linker Warning:
#   Section '.ignored' is unknown. Section ignored.
### mwldeppc.exe Linker Warning:
#   Section '.ignored' is unknown. Section ignored.
### mwldeppc.exe Linker Warning:
#   Section '.ignored' is unknown. Section ignored.
### mwldeppc.exe Linker Warning:
#   Section '.ignored' is unknown. Section ignored.
### mwldeppc.exe Linker Warning:
#   Section '.ignored' is unknown. Section ignored.
### mwldeppc.exe Linker Warning:
#   Section '.ignored' is unknown. Section ignored.
### mwldeppc.exe Linker Warning:
#   Section '.ignored' is unknown. Section ignored.
### mwldeppc.exe Linker Warning:
#   Section '.ignored' is unknown. Section ignored.
### mwldeppc.exe Linker Warning:
#   Section '.ignored' is unknown. Section ignored.
### mwldeppc.exe Linker Warning:
#   Section '.ignored' is unknown. Section ignored.
### mwldeppc.exe Linker Warning:
#   Section '.ignored' is unknown. Section ignored.
### mwldeppc.exe Linker Warning:
#   Section '.ignored' is unknown. Section ignored.
### mwldeppc.exe Linker Warning:
#   Section '.ignored' is unknown. Section ignored.
### mwldeppc.exe Linker Warning:
#   Section '.ignored' is unknown. Section ignored.
### mwldeppc.exe Linker Warning:
#   Section '.ignored' is unknown. Section ignored.
### mwldeppc.exe Linker Warning:
#   Section '.ignored' is unknown. Section ignored.
### mwldeppc.exe Linker Warning:
#   Section '.ignored' is unknown. Section ignored.
### mwldeppc.exe Linker Warning:
#   Section '.ignored' is unknown. Section ignored.
### mwldeppc.exe Linker Warning:
#   Section '.ignored' is unknown. Section ignored.
### mwldeppc.exe Linker Warning:
#   Section '.ignored' is unknown. Section ignored.
### mwldeppc.exe Linker Warning:
#   Section '.ignored' is unknown. Section ignored.
### mwldeppc.exe Linker Warning:
#   Section '.ignored' is unknown. Section ignored.
### mwldeppc.exe Linker Warning:
#   Section '.ignored' is unknown. Section ignored.
### mwldeppc.exe Linker Warning:
#   Section '.ignored' is unknown. Section ignored.
### mwldeppc.exe Linker Warning:
#   Section '.ignored' is unknown. Section ignored.
### mwldeppc.exe Linker Warning:
#   Section '.ignored' is unknown. Section ignored.
### mwldeppc.exe Linker Warning:
#   Section '.ignored' is unknown. Section ignored.
### mwldeppc.exe Linker Warning:
#   Section '.ignored' is unknown. Section ignored.
### mwldeppc.exe Linker Warning:
#   Section '.ignored' is unknown. Section ignored.
### mwldeppc.exe Linker Warning:
#   Section '.ignored' is unknown. Section ignored.
### mwldeppc.exe Linker Warning:
#   Section '.ignored' is unknown. Section ignored.
### mwldeppc.exe Linker Warning:
#   Section '.ignored' is unknown. Section ignored.
### mwldeppc.exe Linker Warning:
#   Section '.ignored' is unknown. Section ignored.
### mwldeppc.exe Linker Warning:
#   Section '.ignored' is unknown. Section ignored.
### mwldeppc.exe Linker Warning:
#   Section '.ignored' is unknown. Section ignored.
### mwldeppc.exe Linker Warning:
#   Section '.ignored' is unknown. Section ignored.
### mwldeppc.exe Linker Warning:
#   Section '.ignored' is unknown. Section ignored.
### mwldeppc.exe Linker Warning:
#   Section '.ignored' is unknown. Section ignored.
### mwldeppc.exe Linker Warning:
#   Section '.ignored' is unknown. Section ignored.
### mwldeppc.exe Linker Warning:
#   Section '.ignored' is unknown. Section ignored.
### mwldeppc.exe Linker Warning:
#   Section '.ignored' is unknown. Section ignored.
### mwldeppc.exe Linker Warning:
#   Section '.ignored' is unknown. Section ignored.
### mwldeppc.exe Linker Warning:
#   Section '.ignored' is unknown. Section ignored.
### mwldeppc.exe Linker Warning:
#   Section '.ignored' is unknown. Section ignored.
### mwldeppc.exe Linker Warning:
#   Section '.ignored' is unknown. Section ignored.
### mwldeppc.exe Linker Warning:
#   Section '.ignored' is unknown. Section ignored.
### mwldeppc.exe Linker Warning:
#   Section '.ignored' is unknown. Section ignored.
### mwldeppc.exe Linker Warning:
#   Section '.ignored' is unknown. Section ignored.
### mwldeppc.exe Linker Warning:
#   Section '.ignored' is unknown. Section ignored.
### mwldeppc.exe Linker Warning:
#   Section '.ignored' is unknown. Section ignored.
### mwldeppc.exe Linker Warning:
#   Section '.ignored' is unknown. Section ignored.
### mwldeppc.exe Linker Warning:
#   Section '.ignored' is unknown. Section ignored.
### mwldeppc.exe Linker Warning:
#   Section '.ignored' is unknown. Section ignored.
### mwldeppc.exe Linker Warning:
#   Section '.ignored' is unknown. Section ignored.
### mwldeppc.exe Linker Warning:
#   Section '.ignored' is unknown. Section ignored.
### mwldeppc.exe Linker Warning:
#   Section '.ignored' is unknown. Section ignored.
### mwldeppc.exe Linker Warning:
#   Section '.ignored' is unknown. Section ignored.
### mwldeppc.exe Linker Warning:
#   Section '.ignored' is unknown. Section ignored.
### mwldeppc.exe Linker Warning:
#   Section '.ignored' is unknown. Section ignored.
### mwldeppc.exe Linker Warning:
#   Section '.ignored' is unknown. Section ignored.
### mwldeppc.exe Linker Warning:
#   Section '.ignored' is unknown. Section ignored.
### mwldeppc.exe Linker Warning:
#   Section '.ignored' is unknown. Section ignored.
### mwldeppc.exe Linker Warning:
#   Section '.ignored' is unknown. Section ignored.
### mwldeppc.exe Linker Warning:
#   Section '.ignored' is unknown. Section ignored.
### mwldeppc.exe Linker Warning:
#   Section '.ignored' is unknown. Section ignored.
### mwldeppc.exe Linker Warning:
#   Section '.ignored' is unknown. Section ignored.
### mwldeppc.exe Linker Warning:
#   Section '.ignored' is unknown. Section ignored.
### mwldeppc.exe Linker Warning:
#   Section '.ignored' is unknown. Section ignored.
### mwldeppc.exe Linker Warning:
#   Section '.ignored' is unknown. Section ignored.
### mwldeppc.exe Linker Warning:
#   Section '.ignored' is unknown. Section ignored.
### mwldeppc.exe Linker Warning:
#   Section '.ignored' is unknown. Section ignored.
### mwldeppc.exe Linker Warning:
#   Section '.ignored' is unknown. Section ignored.
### mwldeppc.exe Linker Warning:
#   Section '.ignored' is unknown. Section ignored.
### mwldeppc.exe Linker Warning:
#   Section '.ignored' is unknown. Section ignored.
### mwldeppc.exe Linker Warning:
#   Section '.ignored' is unknown. Section ignored.
### mwldeppc.exe Linker Warning:
#   Section '.ignored' is unknown. Section ignored.
### mwldeppc.exe Linker Warning:
#   Section '.ignored' is unknown. Section ignored.
### mwldeppc.exe Linker Warning:
#   Section '.ignored' is unknown. Section ignored.
### mwldeppc.exe Linker Warning:
#   Section '.ignored' is unknown. Section ignored.
### mwldeppc.exe Linker Warning:
#   Section '.ignored' is unknown. Section ignored.
### mwldeppc.exe Linker Warning:
#   Section '.ignored' is unknown. Section ignored.
### mwldeppc.exe Linker Warning:
#   Section '.ignored' is unknown. Section ignored.
### mwldeppc.exe Linker Warning:
#   Section '.ignored' is unknown. Section ignored.
### mwldeppc.exe Linker Warning:
#   Section '.ignored' is unknown. Section ignored.
### mwldeppc.exe Linker Warning:
#   Section '.ignored' is unknown. Section ignored.
### mwldeppc.exe Linker Warning:
#   Section '.ignored' is unknown. Section ignored.
### mwldeppc.exe Linker Warning:
#   Section '.ignored' is unknown. Section ignored.
### mwldeppc.exe Linker Warning:
#   Section '.ignored' is unknown. Section ignored.
### mwldeppc.exe Linker Warning:
#   Section '.ignored' is unknown. Section ignored.
### mwldeppc.exe Linker Warning:
#   Section '.ignored' is unknown. Section ignored.
### mwldeppc.exe Linker Warning:
#   Section '.ignored' is unknown. Section ignored.
### mwldeppc.exe Linker Warning:
#   Section '.ignored' is unknown. Section ignored.
### mwldeppc.exe Linker Warning:
#   Section '.ignored' is unknown. Section ignored.
### mwldeppc.exe Linker Warning:
#   Section '.ignored' is unknown. Section ignored.
### mwldeppc.exe Linker Warning:
#   Section '.ignored' is unknown. Section ignored.
### mwldeppc.exe Linker Warning:
#   Section '.ignored' is unknown. Section ignored.
### mwldeppc.exe Linker Warning:
#   Section '.ignored' is unknown. Section ignored.
### mwldeppc.exe Linker Warning:
#   Section '.ignored' is unknown. Section ignored.
### mwldeppc.exe Linker Warning:
#   Section '.ignored' is unknown. Section ignored.
### mwldeppc.exe Linker Warning:
#   Section '.ignored' is unknown. Section ignored.
### mwldeppc.exe Linker Warning:
#   Section '.ignored' is unknown. Section ignored.
### mwldeppc.exe Linker Warning:
#   Section '.ignored' is unknown. Section ignored.
### mwldeppc.exe Linker Warning:
#   Section '.ignored' is unknown. Section ignored.
### mwldeppc.exe Linker Warning:
#   Section '.ignored' is unknown. Section ignored.
### mwldeppc.exe Linker Warning:
#   Section '.ignored' is unknown. Section ignored.
### mwldeppc.exe Linker Warning:
#   Section '.ignored' is unknown. Section ignored.
### mwldeppc.exe Linker Warning:
#   Section '.ignored' is unknown. Section ignored.
### mwldeppc.exe Linker Warning:
#   Section '.ignored' is unknown. Section ignored.
### mwldeppc.exe Linker Warning:
#   Section '.ignored' is unknown. Section ignored.
### mwldeppc.exe Linker Warning:
#   Section '.ignored' is unknown. Section ignored.
### mwldeppc.exe Linker Warning:
#   Section '.ignored' is unknown. Section ignored.
### mwldeppc.exe Linker Warning:
#   Section '.ignored' is unknown. Section ignored.
### mwldeppc.exe Linker Warning:
#   Section '.ignored' is unknown. Section ignored.
### mwldeppc.exe Linker Warning:
#   Section '.ignored' is unknown. Section ignored.
### mwldeppc.exe Linker Warning:
#   Section '.ignored' is unknown. Section ignored.
### mwldeppc.exe Linker Warning:
#   Section '.ignored' is unknown. Section ignored.
### mwldeppc.exe Linker Warning:
#   Section '.ignored' is unknown. Section ignored.
### mwldeppc.exe Linker Warning:
#   Section '.ignored' is unknown. Section ignored.
### mwldeppc.exe Linker Warning:
#   Section '.ignored' is unknown. Section ignored.
### mwldeppc.exe Linker Warning:
#   Section '.ignored' is unknown. Section ignored.
### mwldeppc.exe Linker Warning:
#   Section '.ignored' is unknown. Section ignored.
### mwldeppc.exe Linker Warning:
#   Section '.ignored' is unknown. Section ignored.
### mwldeppc.exe Linker Warning:
#   Section '.ignored' is unknown. Section ignored.
### mwldeppc.exe Linker Warning:
#   Section '.ignored' is unknown. Section ignored.
### mwldeppc.exe Linker Warning:
#   Section '.ignored' is unknown. Section ignored.
### mwldeppc.exe Linker Warning:
#   Section '.ignored' is unknown. Section ignored.
### mwldeppc.exe Linker Warning:
#   Section '.ignored' is unknown. Section ignored.
### mwldeppc.exe Linker Warning:
#   Section '.ignored' is unknown. Section ignored.
### mwldeppc.exe Linker Warning:
#   Section '.ignored' is unknown. Section ignored.
### mwldeppc.exe Linker Warning:
#   Section '.ignored' is unknown. Section ignored.
### mwldeppc.exe Linker Warning:
#   Section '.ignored' is unknown. Section ignored.
### mwldeppc.exe Linker Warning:
#   Section '.ignored' is unknown. Section ignored.
### mwldeppc.exe Linker Warning:
#   Section '.ignored' is unknown. Section ignored.
### mwldeppc.exe Linker Warning:
#   Section '.ignored' is unknown. Section ignored.
### mwldeppc.exe Linker Warning:
#   Section '.ignored' is unknown. Section ignored.
### mwldeppc.exe Linker Warning:
#   Section '.ignored' is unknown. Section ignored.
### mwldeppc.exe Linker Warning:
#   Section '.ignored' is unknown. Section ignored.
### mwldeppc.exe Linker Warning:
#   Section '.ignored' is unknown. Section ignored.
### mwldeppc.exe Linker Warning:
#   Section '.ignored' is unknown. Section ignored.
### mwldeppc.exe Linker Warning:
#   Section '.ignored' is unknown. Section ignored.
### mwldeppc.exe Linker Warning:
#   Section '.ignored' is unknown. Section ignored.
### mwldeppc.exe Linker Warning:
#   Section '.ignored' is unknown. Section ignored.
### mwldeppc.exe Linker Warning:
#   Section '.ignored' is unknown. Section ignored.
### mwldeppc.exe Linker Warning:
#   Section '.ignored' is unknown. Section ignored.
### mwldeppc.exe Linker Warning:
#   Section '.ignored' is unknown. Section ignored.
### mwldeppc.exe Linker Warning:
#   Section '.ignored' is unknown. Section ignored.
### mwldeppc.exe Linker Warning:
#   Section '.ignored' is unknown. Section ignored.
### mwldeppc.exe Linker Warning:
#   Section '.ignored' is unknown. Section ignored.
### mwldeppc.exe Linker Warning:
#   Section '.ignored' is unknown. Section ignored.
### mwldeppc.exe Linker Warning:
#   Section '.ignored' is unknown. Section ignored.
### mwldeppc.exe Linker Warning:
#   Section '.ignored' is unknown. Section ignored.
### mwldeppc.exe Linker Warning:
#   Section '.ignored' is unknown. Section ignored.
### mwldeppc.exe Linker Warning:
#   Section '.ignored' is unknown. Section ignored.
### mwldeppc.exe Linker Warning:
#   Section '.ignored' is unknown. Section ignored.
### mwldeppc.exe Linker Warning:
#   Section '.ignored' is unknown. Section ignored.
### mwldeppc.exe Linker Warning:
#   Section '.ignored' is unknown. Section ignored.
### mwldeppc.exe Linker Warning:
#   Section '.ignored' is unknown. Section ignored.
### mwldeppc.exe Linker Warning:
#   Section '.ignored' is unknown. Section ignored.
### mwldeppc.exe Linker Warning:
#   Section '.ignored' is unknown. Section ignored.
### mwldeppc.exe Linker Warning:
#   Section '.ignored' is unknown. Section ignored.
### mwldeppc.exe Linker Warning:
#   Section '.ignored' is unknown. Section ignored.
### mwldeppc.exe Linker Warning:
#   Section '.ignored' is unknown. Section ignored.
### mwldeppc.exe Linker Warning:
#   Section '.ignored' is unknown. Section ignored.
### mwldeppc.exe Linker Warning:
#   Section '.ignored' is unknown. Section ignored.
### mwldeppc.exe Linker Warning:
#   Section '.ignored' is unknown. Section ignored.
### mwldeppc.exe Linker Warning:
#   Section '.ignored' is unknown. Section ignored.
### mwldeppc.exe Linker Warning:
#   Section '.ignored' is unknown. Section ignored.
### mwldeppc.exe Linker Warning:
#   Section '.ignored' is unknown. Section ignored.
### mwldeppc.exe Linker Warning:
#   Section '.ignored' is unknown. Section ignored.
### mwldeppc.exe Linker Warning:
#   Section '.ignored' is unknown. Section ignored.
### mwldeppc.exe Linker Warning:
#   Section '.ignored' is unknown. Section ignored.
### mwldeppc.exe Linker Warning:
#   Section '.ignored' is unknown. Section ignored.
### mwldeppc.exe Linker Warning:
#   Section '.ignored' is unknown. Section ignored.
### mwldeppc.exe Linker Warning:
#   Section '.ignored' is unknown. Section ignored.
### mwldeppc.exe Linker Warning:
#   Section '.ignored' is unknown. Section ignored.
### mwldeppc.exe Linker Warning:
#   Section '.ignored' is unknown. Section ignored.
### mwldeppc.exe Linker Warning:
#   Section '.ignored' is unknown. Section ignored.
### mwldeppc.exe Linker Warning:
#   Section '.ignored' is unknown. Section ignored.
### mwldeppc.exe Linker Warning:
#   Section '.ignored' is unknown. Section ignored.
### mwldeppc.exe Linker Warning:
#   Section '.ignored' is unknown. Section ignored.
### mwldeppc.exe Linker Warning:
#   Section '.ignored' is unknown. Section ignored.
### mwldeppc.exe Linker Warning:
#   Section '.ignored' is unknown. Section ignored.
### mwldeppc.exe Linker Warning:
#   Section '.ignored' is unknown. Section ignored.
### mwldeppc.exe Linker Warning:
#   Section '.ignored' is unknown. Section ignored.
### mwldeppc.exe Linker Warning:
#   Section '.ignored' is unknown. Section ignored.
### mwldeppc.exe Linker Warning:
#   Section '.ignored' is unknown. Section ignored.
### mwldeppc.exe Linker Warning:
#   Section '.ignored' is unknown. Section ignored.
### mwldeppc.exe Linker Warning:
#   Section '.ignored' is unknown. Section ignored.
### mwldeppc.exe Linker Warning:
#   Section '.ignored' is unknown. Section ignored.
### mwldeppc.exe Linker Warning:
#   Section '.ignored' is unknown. Section ignored.
### mwldeppc.exe Linker Warning:
#   Section '.ignored' is unknown. Section ignored.
### mwldeppc.exe Linker Warning:
#   Section '.ignored' is unknown. Section ignored.
### mwldeppc.exe Linker Warning:
#   Section '.ignored' is unknown. Section ignored.
### mwldeppc.exe Linker Warning:
#   Section '.ignored' is unknown. Section ignored.
### mwldeppc.exe Linker Warning:
#   Section '.ignored' is unknown. Section ignored.
### mwldeppc.exe Linker Warning:
#   Section '.ignored' is unknown. Section ignored.
### mwldeppc.exe Linker Warning:
#   Section '.ignored' is unknown. Section ignored.
### mwldeppc.exe Linker Warning:
#   Section '.ignored' is unknown. Section ignored.
### mwldeppc.exe Linker Warning:
#   Section '.ignored' is unknown. Section ignored.
### mwldeppc.exe Linker Warning:
#   Section '.ignored' is unknown. Section ignored.
### mwldeppc.exe Linker Warning:
#   Section '.ignored' is unknown. Section ignored.
### mwldeppc.exe Linker Warning:
#   Section '.ignored' is unknown. Section ignored.
### mwldeppc.exe Linker Warning:
#   Section '.ignored' is unknown. Section ignored.
### mwldeppc.exe Linker Warning:
#   Section '.ignored' is unknown. Section ignored.
### mwldeppc.exe Linker Warning:
#   Section '.ignored' is unknown. Section ignored.
### mwldeppc.exe Linker Warning:
#   Section '.ignored' is unknown. Section ignored.
### mwldeppc.exe Linker Warning:
#   Section '.ignored' is unknown. Section ignored.
### mwldeppc.exe Linker Warning:
#   Section '.ignored' is unknown. Section ignored.
### mwldeppc.exe Linker Warning:
#   Section '.ignored' is unknown. Section ignored.
### mwldeppc.exe Linker Warning:
#   Section '.ignored' is unknown. Section ignored.
### mwldeppc.exe Linker Warning:
#   Section '.ignored' is unknown. Section ignored.
### mwldeppc.exe Linker Warning:
#   Section '.ignored' is unknown. Section ignored.
### mwldeppc.exe Linker Warning:
#   Section '.ignored' is unknown. Section ignored.
### mwldeppc.exe Linker Warning:
#   Section '.ignored' is unknown. Section ignored.
### mwldeppc.exe Linker Warning:
#   Section '.ignored' is unknown. Section ignored.
### mwldeppc.exe Linker Warning:
#   Section '.ignored' is unknown. Section ignored.
### mwldeppc.exe Linker Warning:
#   Section '.ignored' is unknown. Section ignored.
### mwldeppc.exe Linker Warning:
#   Section '.ignored' is unknown. Section ignored.
### mwldeppc.exe Linker Warning:
#   Section '.ignored' is unknown. Section ignored.
### mwldeppc.exe Linker Warning:
#   Section '.ignored' is unknown. Section ignored.
### mwldeppc.exe Linker Warning:
#   Section '.ignored' is unknown. Section ignored.
### mwldeppc.exe Linker Warning:
#   Section '.ignored' is unknown. Section ignored.
### mwldeppc.exe Linker Warning:
#   Section '.ignored' is unknown. Section ignored.
### mwldeppc.exe Linker Warning:
#   Section '.ignored' is unknown. Section ignored.
### mwldeppc.exe Linker Warning:
#   Section '.ignored' is unknown. Section ignored.
### mwldeppc.exe Linker Warning:
#   Section '.ignored' is unknown. Section ignored.
### mwldeppc.exe Linker Warning:
#   Section '.ignored' is unknown. Section ignored.
### mwldeppc.exe Linker Warning:
#   Section '.ignored' is unknown. Section ignored.
### mwldeppc.exe Linker Warning:
#   Section '.ignored' is unknown. Section ignored.
### mwldeppc.exe Linker Warning:
#   Section '.ignored' is unknown. Section ignored.
### mwldeppc.exe Linker Warning:
#   Section '.ignored' is unknown. Section ignored.
### mwldeppc.exe Linker Warning:
#   Section '.ignored' is unknown. Section ignored.
### mwldeppc.exe Linker Warning:
#   Section '.ignored' is unknown. Section ignored.
### mwldeppc.exe Linker Warning:
#   Section '.ignored' is unknown. Section ignored.
### mwldeppc.exe Linker Warning:
#   Section '.ignored' is unknown. Section ignored.
### mwldeppc.exe Linker Warning:
#   Section '.ignored' is unknown. Section ignored.
### mwldeppc.exe Linker Warning:
#   Section '.ignored' is unknown. Section ignored.
### mwldeppc.exe Linker Warning:
#   Section '.ignored' is unknown. Section ignored.
### mwldeppc.exe Linker Warning:
#   Section '.ignored' is unknown. Section ignored.
### mwldeppc.exe Linker Warning:
#   Section '.ignored' is unknown. Section ignored.
### mwldeppc.exe Linker Warning:
#   Section '.ignored' is unknown. Section ignored.
### mwldeppc.exe Linker Warning:
#   Section '.ignored' is unknown. Section ignored.
### mwldeppc.exe Linker Warning:
#   Section '.ignored' is unknown. Section ignored.
### mwldeppc.exe Linker Warning:
#   Section '.ignored' is unknown. Section ignored.
### mwldeppc.exe Linker Warning:
#   Section '.ignored' is unknown. Section ignored.
### mwldeppc.exe Linker Warning:
#   Section '.ignored' is unknown. Section ignored.
### mwldeppc.exe Linker Warning:
#   Section '.ignored' is unknown. Section ignored.
### mwldeppc.exe Linker Warning:
#   Section '.ignored' is unknown. Section ignored.
### mwldeppc.exe Linker Warning:
#   Section '.ignored' is unknown. Section ignored.
### mwldeppc.exe Linker Warning:
#   Section '.ignored' is unknown. Section ignored.
### mwldeppc.exe Linker Warning:
#   Section '.ignored' is unknown. Section ignored.
### mwldeppc.exe Linker Warning:
#   Section '.ignored' is unknown. Section ignored.
### mwldeppc.exe Linker Warning:
#   Section '.ignored' is unknown. Section ignored.
### mwldeppc.exe Linker Warning:
#   Section '.ignored' is unknown. Section ignored.
### mwldeppc.exe Linker Warning:
#   Section '.ignored' is unknown. Section ignored.
### mwldeppc.exe Linker Warning:
#   Section '.ignored' is unknown. Section ignored.
### mwldeppc.exe Linker Warning:
#   Section '.ignored' is unknown. Section ignored.
### mwldeppc.exe Linker Warning:
#   Section '.ignored' is unknown. Section ignored.
### mwldeppc.exe Linker Warning:
#   Section '.ignored' is unknown. Section ignored.
### mwldeppc.exe Linker Warning:
#   Section '.ignored' is unknown. Section ignored.
### mwldeppc.exe Linker Warning:
#   Section '.ignored' is unknown. Section ignored.
### mwldeppc.exe Linker Warning:
#   Section '.ignored' is unknown. Section ignored.
### mwldeppc.exe Linker Warning:
#   Section '.ignored' is unknown. Section ignored.
### mwldeppc.exe Linker Warning:
#   Section '.ignored' is unknown. Section ignored.
### mwldeppc.exe Linker Warning:
#   Section '.ignored' is unknown. Section ignored.
### mwldeppc.exe Linker Warning:
#   Section '.ignored' is unknown. Section ignored.
### mwldeppc.exe Linker Warning:
#   Section '.ignored' is unknown. Section ignored.
### mwldeppc.exe Linker Warning:
#   Section '.ignored' is unknown. Section ignored.
### mwldeppc.exe Linker Warning:
#   Section '.ignored' is unknown. Section ignored.
### mwldeppc.exe Linker Warning:
#   Section '.ignored' is unknown. Section ignored.
### mwldeppc.exe Linker Warning:
#   Section '.ignored' is unknown. Section ignored.
### mwldeppc.exe Linker Warning:
#   Section '.ignored' is unknown. Section ignored.
### mwldeppc.exe Linker Warning:
#   Section '.ignored' is unknown. Section ignored.
### mwldeppc.exe Linker Warning:
#   Section '.ignored' is unknown. Section ignored.
### mwldeppc.exe Linker Warning:
#   Section '.ignored' is unknown. Section ignored.
### mwldeppc.exe Linker Warning:
#   Section '.ignored' is unknown. Section ignored.
### mwldeppc.exe Linker Warning:
#   Section '.ignored' is unknown. Section ignored.
### mwldeppc.exe Linker Warning:
#   Section '.ignored' is unknown. Section ignored.
### mwldeppc.exe Linker Warning:
#   Section '.ignored' is unknown. Section ignored.
### mwldeppc.exe Linker Warning:
#   Section '.ignored' is unknown. Section ignored.
### mwldeppc.exe Linker Warning:
#   Section '.ignored' is unknown. Section ignored.
### mwldeppc.exe Linker Warning:
#   Section '.ignored' is unknown. Section ignored.
### mwldeppc.exe Linker Warning:
#   Section '.ignored' is unknown. Section ignored.
### mwldeppc.exe Linker Warning:
#   Section '.ignored' is unknown. Section ignored.
### mwldeppc.exe Linker Warning:
#   Section '.ignored' is unknown. Section ignored.
### mwldeppc.exe Linker Warning:
#   Section '.ignored' is unknown. Section ignored.
### mwldeppc.exe Linker Warning:
#   Section '.ignored' is unknown. Section ignored.
### mwldeppc.exe Linker Warning:
#   Section '.ignored' is unknown. Section ignored.
### mwldeppc.exe Linker Warning:
#   Section '.ignored' is unknown. Section ignored.
### mwldeppc.exe Linker Warning:
#   Section '.ignored' is unknown. Section ignored.
### mwldeppc.exe Linker Warning:
#   Section '.ignored' is unknown. Section ignored.
### mwldeppc.exe Linker Warning:
#   Section '.ignored' is unknown. Section ignored.
### mwldeppc.exe Linker Warning:
#   Section '.ignored' is unknown. Section ignored.
### mwldeppc.exe Linker Warning:
#   Section '.ignored' is unknown. Section ignored.
### mwldeppc.exe Linker Warning:
#   Section '.ignored' is unknown. Section ignored.
### mwldeppc.exe Linker Warning:
#   Section '.ignored' is unknown. Section ignored.
### mwldeppc.exe Linker Warning:
#   Section '.ignored' is unknown. Section ignored.
### mwldeppc.exe Linker Warning:
#   Section '.ignored' is unknown. Section ignored.
### mwldeppc.exe Linker Warning:
#   Section '.ignored' is unknown. Section ignored.
### mwldeppc.exe Linker Warning:
#   Section '.ignored' is unknown. Section ignored.
### mwldeppc.exe Linker Warning:
#   Section '.ignored' is unknown. Section ignored.
### mwldeppc.exe Linker Warning:
#   Section '.ignored' is unknown. Section ignored.
### mwldeppc.exe Linker Warning:
#   Section '.ignored' is unknown. Section ignored.
### mwldeppc.exe Linker Warning:
#   Section '.ignored' is unknown. Section ignored.
### mwldeppc.exe Linker Warning:
#   Section '.ignored' is unknown. Section ignored.
### mwldeppc.exe Linker Warning:
#   Section '.ignored' is unknown. Section ignored.
### mwldeppc.exe Linker Warning:
#   Section '.ignored' is unknown. Section ignored.
### mwldeppc.exe Linker Warning:
#   Section '.ignored' is unknown. Section ignored.
### mwldeppc.exe Linker Warning:
#   Section '.ignored' is unknown. Section ignored.
### mwldeppc.exe Linker Warning:
#   Section '.ignored' is unknown. Section ignored.
### mwldeppc.exe Linker Warning:
#   Section '.ignored' is unknown. Section ignored.
### mwldeppc.exe Linker Warning:
#   Section '.ignored' is unknown. Section ignored.
### mwldeppc.exe Linker Warning:
#   Section '.ignored' is unknown. Section ignored.
### mwldeppc.exe Linker Warning:
#   Section '.ignored' is unknown. Section ignored.
### mwldeppc.exe Linker Warning:
#   Section '.ignored' is unknown. Section ignored.
### mwldeppc.exe Linker Warning:
#   Section '.ignored' is unknown. Section ignored.
### mwldeppc.exe Linker Warning:
#   Section '.ignored' is unknown. Section ignored.
### mwldeppc.exe Linker Warning:
#   Section '.ignored' is unknown. Section ignored.
[610/613] DOL build/GEDE01/main.dol
[611/613] CHECK config/GEDE01/build.sha1
build/GEDE01/main.dol: OK
[612/613] PROGRESS
Progress:
  All: 56.42% fuzzy, 45.60% matched, 45.60% linked (6198 / 7068 files)
    Code: 1049080 / 2300692 bytes (5963 / 8214 functions)
    Data: 39482 / 4305642 bytes (0.92%)
  Game Code: 90.86% fuzzy, 73.40% matched, 73.40% linked (6180 / 6633 files)
    Code: 1046052 / 1425104 bytes (5901 / 6354 functions)
    Data: 39258 / 40426 bytes (97.11%)
  SDK/Runtime: 100.00% fuzzy, 100.00% matched, 100.00% linked (18 / 18 files)
    Code: 3028 / 3028 bytes (62 / 62 functions)
    Data: 224 / 224 bytes (100.00%)
