[1/1] RUN configure.py
[1/872] MWCC build/GEDE01/src/game/game_fn_80008014.o
[2/872] MWCC build/GEDE01/src/game/game_fn_800094C0.o
[3/872] MWCC build/GEDE01/src/game/game_fn_800096E0.o
[4/872] MWCC build/GEDE01/src/game/game_fn_800098C0.o
[5/872] MWCC build/GEDE01/src/game/game_fn_800099D8.o
[6/872] MWCC build/GEDE01/src/game/game_fn_80009AB4.o
[7/872] MWCC build/GEDE01/src/game/game_fn_8000A26C.o
[8/872] MWCC build/GEDE01/src/game/game_fn_8000AC88.o
[9/872] MWCC build/GEDE01/src/game/game_fn_8000AEB4.o
[10/872] MWCC build/GEDE01/src/game/game_fn_8000AFB4.o
[11/872] MWCC build/GEDE01/src/game/game_fn_8000B1B8.o
[12/872] MWCC build/GEDE01/src/game/game_fn_8000B36C.o
[13/872] MWCC build/GEDE01/src/game/game_fn_8000B630.o
[14/872] MWCC build/GEDE01/src/game/game_fn_8000B7FC.o
[15/872] MWCC build/GEDE01/src/game/game_fn_8000B900.o
[16/872] MWCC build/GEDE01/src/game/game_fn_8000BA0C.o
[17/872] MWCC build/GEDE01/src/game/game_fn_8000BAA0.o
[18/872] MWCC build/GEDE01/src/game/game_fn_8000BC40.o
[19/872] MWCC build/GEDE01/src/game/game_fn_8000C06C.o
[20/872] MWCC build/GEDE01/src/game/game_fn_8000C17C.o
[21/872] MWCC build/GEDE01/src/game/game_fn_8000C848.o
[22/872] MWCC build/GEDE01/src/game/game_fn_8000C400.o
[23/872] MWCC build/GEDE01/src/game/game_fn_8000D0BC.o
[24/872] MWCC build/GEDE01/src/game/game_fn_8000C91C.o
[25/872] MWCC build/GEDE01/src/game/game_fn_8000D3D4.o
[26/872] MWCC build/GEDE01/src/game/game_fn_8000D590.o
[27/872] MWCC build/GEDE01/src/game/game_fn_8000DA50.o
[28/872] MWCC build/GEDE01/src/game/game_fn_8000D8A4.o
[29/872] MWCC build/GEDE01/src/game/game_fn_8000E054.o
[30/872] MWCC build/GEDE01/src/game/game_fn_8000DAF4.o
[31/872] MWCC build/GEDE01/src/game/game_fn_8000E0AC.o
[32/872] MWCC build/GEDE01/src/game/game_fn_8000E138.o
[33/872] MWCC build/GEDE01/src/game/game_fn_8000E1C4.o
[34/872] MWCC build/GEDE01/src/game/game_fn_8000E96C.o
[35/872] MWCC build/GEDE01/src/game/game_fn_8000EB14.o
[36/872] MWCC build/GEDE01/src/game/game_fn_8000EBD4.o
[37/872] MWCC build/GEDE01/src/game/game_fn_8000ED44.o
[38/872] MWCC build/GEDE01/src/game/game_fn_8000EFC4.o
[39/872] MWCC build/GEDE01/src/game/game_fn_8000F4B0.o
[40/872] MWCC build/GEDE01/src/game/game_fn_8000F774.o
[41/872] MWCC build/GEDE01/src/game/game_fn_8000FDE8.o
[42/872] MWCC build/GEDE01/src/game/game_fn_8000FFD8.o
[43/872] MWCC build/GEDE01/src/game/game_fn_800119FC.o
[44/872] MWCC build/GEDE01/src/game/game_fn_80012DA8.o
[45/872] MWCC build/GEDE01/src/game/game_fn_80012F40.o
[46/872] MWCC build/GEDE01/src/game/game_fn_80012FD0.o
[47/872] MWCC build/GEDE01/src/game/game_fn_800131E8.o
[48/872] MWCC build/GEDE01/src/game/game_fn_80013340.o
[49/872] MWCC build/GEDE01/src/game/game_fn_80013870.o
[50/872] MWCC build/GEDE01/src/game/game_fn_80013CB0.o
[51/872] MWCC build/GEDE01/src/game/game_fn_80013D54.o
[52/872] MWCC build/GEDE01/src/game/game_fn_800142DC.o
[53/872] MWCC build/GEDE01/src/game/game_fn_800144CC.o
[54/872] MWCC build/GEDE01/src/game/game_fn_80014784.o
[55/872] MWCC build/GEDE01/src/game/game_fn_800149D4.o
[56/872] MWCC build/GEDE01/src/game/game_fn_80015058.o
[57/872] MWCC build/GEDE01/src/game/game_fn_80015320.o
[58/872] MWCC build/GEDE01/src/game/game_fn_80015568.o
[59/872] MWCC build/GEDE01/src/game/game_fn_800156FC.o
[60/872] MWCC build/GEDE01/src/game/game_fn_80015BE0.o
[61/872] MWCC build/GEDE01/src/game/game_fn_80015D40.o
[62/872] MWCC build/GEDE01/src/game/game_fn_80015F04.o
[63/872] MWCC build/GEDE01/src/game/game_fn_80016128.o
[64/872] MWCC build/GEDE01/src/game/game_fn_80016270.o
[65/872] MWCC build/GEDE01/src/game/game_fn_80016904.o
[66/872] MWCC build/GEDE01/src/game/game_fn_80016B24.o
[67/872] MWCC build/GEDE01/src/game/game_fn_800171C0.o
[68/872] MWCC build/GEDE01/src/game/game_fn_800173CC.o
[69/872] MWCC build/GEDE01/src/game/game_fn_800176F0.o
[70/872] MWCC build/GEDE01/src/game/game_fn_80017910.o
[71/872] MWCC build/GEDE01/src/game/game_fn_800179AC.o
[72/872] MWCC build/GEDE01/src/game/game_fn_80017A3C.o
[73/872] MWCC build/GEDE01/src/game/game_fn_80017AE4.o
[74/872] MWCC build/GEDE01/src/game/game_fn_80017C3C.o
[75/872] MWCC build/GEDE01/src/game/game_fn_80017CC8.o
[76/872] MWCC build/GEDE01/src/game/game_fn_80017DB0.o
[77/872] MWCC build/GEDE01/src/game/game_fn_80018EF4.o
[78/872] MWCC build/GEDE01/src/game/game_fn_80019054.o
[79/872] MWCC build/GEDE01/src/game/game_fn_800194D0.o
[80/872] MWCC build/GEDE01/src/game/game_fn_80019244.o
[81/872] MWCC build/GEDE01/src/game/game_fn_80019C10.o
[82/872] MWCC build/GEDE01/src/game/game_fn_80019940.o
[83/872] MWCC build/GEDE01/src/game/game_fn_80019D2C.o
[84/872] MWCC build/GEDE01/src/game/game_fn_80019F98.o
[85/872] MWCC build/GEDE01/src/game/game_fn_8001AAB8.o
[86/872] MWCC build/GEDE01/src/game/game_fn_8001A6C4.o
[87/872] MWCC build/GEDE01/src/game/game_fn_8001ADF8.o
[88/872] MWCC build/GEDE01/src/game/game_fn_8001AF68.o
[89/872] MWCC build/GEDE01/src/game/game_fn_8001B124.o
[90/872] MWCC build/GEDE01/src/game/game_fn_8001B294.o
[91/872] MWCC build/GEDE01/src/game/game_fn_8001B808.o
[92/872] MWCC build/GEDE01/src/game/game_fn_8001B874.o
[93/872] MWCC build/GEDE01/src/game/game_fn_8001C078.o
[94/872] MWCC build/GEDE01/src/game/game_fn_8001CA04.o
[95/872] MWCC build/GEDE01/src/game/game_fn_8001CD58.o
[96/872] MWCC build/GEDE01/src/game/game_fn_8001CE94.o
[97/872] MWCC build/GEDE01/src/game/game_fn_8001E644.o
[98/872] MWCC build/GEDE01/src/game/game_fn_8001FE1C.o
[99/872] MWCC build/GEDE01/src/game/game_fn_80020E94.o
[100/872] MWCC build/GEDE01/src/game/game_fn_80024F28.o
[101/872] MWCC build/GEDE01/src/game/game_fn_800272B4.o
[102/872] MWCC build/GEDE01/src/game/game_fn_8002B748.o
[103/872] MWCC build/GEDE01/src/game/game_fn_8002DAE0.o
[104/872] MWCC build/GEDE01/src/game/game_fn_8002E3F0.o
[105/872] MWCC build/GEDE01/src/game/game_fn_8002EA68.o
[106/872] MWCC build/GEDE01/src/game/game_fn_8002F428.o
[107/872] MWCC build/GEDE01/src/game/game_fn_80031544.o
[108/872] MWCC build/GEDE01/src/game/game_fn_8003232C.o
[109/872] MWCC build/GEDE01/src/game/game_fn_80032B84.o
[110/872] MWCC build/GEDE01/src/game/game_fn_80033038.o
[111/872] MWCC build/GEDE01/src/game/game_fn_80033180.o
[112/872] MWCC build/GEDE01/src/game/game_fn_800359A0.o
[113/872] MWCC build/GEDE01/src/game/game_fn_800361F8.o
[114/872] MWCC build/GEDE01/src/game/game_fn_80036C40.o
[115/872] MWCC build/GEDE01/src/game/game_fn_80038878.o
[116/872] MWCC build/GEDE01/src/game/game_fn_80048ADC.o
[117/872] MWCC build/GEDE01/src/game/game_fn_80048B24.o
[118/872] MWCC build/GEDE01/src/game/game_fn_8004998C.o
[119/872] MWCC build/GEDE01/src/game/game_fn_80052310.o
[120/872] MWCC build/GEDE01/src/game/game_fn_800542D0.o
[121/872] MWCC build/GEDE01/src/game/game_fn_8005EC6C.o
[122/872] MWCC build/GEDE01/src/game/game_fn_8005EE9C.o
[123/872] MWCC build/GEDE01/src/game/game_data_80239E10.o
[124/872] MWCC build/GEDE01/src/game/game_data_80239E18.o
[125/872] MWCC build/GEDE01/src/game/game_fn_8005FD84.o
[126/872] MWCC build/GEDE01/src/game/game_fn_80066888.o
[127/872] MWCC build/GEDE01/src/game/game_fn_8006B0F0.o
[128/872] MWCC build/GEDE01/src/game/game_fn_8006B620.o
[129/872] MWCC build/GEDE01/src/game/game_fn_8006E53C.o
[130/872] MWCC build/GEDE01/src/game/game_fn_80071A58.o
[131/872] MWCC build/GEDE01/src/game/game_fn_80074310.o
[132/872] MWCC build/GEDE01/src/game/game_fn_80078500.o
[133/872] MWCC build/GEDE01/src/game/game_fn_80079908.o
[134/872] MWCC build/GEDE01/src/game/game_fn_80079AA4.o
[135/872] MWCC build/GEDE01/src/game/game_fn_8007B2F4.o
[136/872] MWCC build/GEDE01/src/game/game_fn_8007B540.o
[137/872] MWCC build/GEDE01/src/game/game_fn_8007B640.o
[138/872] MWCC build/GEDE01/src/game/game_fn_8007B828.o
[139/872] MWCC build/GEDE01/src/game/game_fn_8007BA3C.o
[140/872] MWCC build/GEDE01/src/game/game_fn_8007D4D8.o
[141/872] MWCC build/GEDE01/src/game/game_fn_8007F770.o
[142/872] MWCC build/GEDE01/src/game/game_fn_800886D8.o
[143/872] MWCC build/GEDE01/src/game/game_fn_80088F4C.o
[144/872] MWCC build/GEDE01/src/game/game_fn_8008A2E0.o
[145/872] MWCC build/GEDE01/src/game/game_fn_8008F224.o
[146/872] MWCC build/GEDE01/src/game/game_fn_8008F890.o
[147/872] MWCC build/GEDE01/src/game/game_fn_80090004.o
[148/872] MWCC build/GEDE01/src/game/game_fn_800934A0.o
[149/872] MWCC build/GEDE01/src/game/game_fn_80095D10.o
[150/872] MWCC build/GEDE01/src/game/game_fn_80095FDC.o
[151/872] MWCC build/GEDE01/src/game/game_fn_80096830.o
[152/872] MWCC build/GEDE01/src/game/game_fn_8009C424.o
[153/872] MWCC build/GEDE01/src/game/game_fn_8009E808.o
[154/872] MWCC build/GEDE01/src/game/game_fn_800A2130.o
[155/872] MWCC build/GEDE01/src/game/game_fn_800A2FCC.o
[156/872] MWCC build/GEDE01/src/game/game_fn_800A3180.o
[157/872] MWCC build/GEDE01/src/game/game_fn_800A3894.o
[158/872] MWCC build/GEDE01/src/game/game_fn_800A4428.o
[159/872] MWCC build/GEDE01/src/game/game_fn_800A4798.o
[160/872] MWCC build/GEDE01/src/game/game_fn_800A7E88.o
[161/872] MWCC build/GEDE01/src/game/game_fn_800AF230.o
[162/872] MWCC build/GEDE01/src/game/game_fn_800BB5C4.o
[163/872] MWCC build/GEDE01/src/game/game_fn_800BB7A8.o
[164/872] MWCC build/GEDE01/src/game/game_fn_800BB9A4.o
[165/872] MWCC build/GEDE01/src/game/game_fn_800BBAF0.o
[166/872] MWCC build/GEDE01/src/game/game_fn_800C17EC.o
[167/872] MWCC build/GEDE01/src/game/game_fn_800C59F0.o
[168/872] MWCC build/GEDE01/src/game/game_fn_800C644C.o
[169/872] MWCC build/GEDE01/src/game/game_fn_800C65FC.o
[170/872] MWCC build/GEDE01/src/game/game_fn_800C9C60.o
[171/872] MWCC build/GEDE01/src/game/game_fn_800CB760.o
[172/872] MWCC build/GEDE01/src/game/game_fn_800CB8F4.o
[173/872] MWCC build/GEDE01/src/game/game_fn_800CF598.o
[174/872] MWCC build/GEDE01/src/game/game_fn_800D9E10.o
[175/872] MWCC build/GEDE01/src/game/game_fn_800E4980.o
[176/872] MWCC build/GEDE01/src/game/game_TRKNubWelcome.o
[177/872] MWCC build/GEDE01/src/game/game_TRK_main.o
[178/872] MWCC build/GEDE01/src/game/game_InitMetroTRKCommTable.o
[179/872] MWCC build/GEDE01/src/game/game_fn_800FD0C8.o
[180/872] MWCC build/GEDE01/src/game/game_fn_8010242C.o
[181/872] MWCC build/GEDE01/src/game/game_fn_801098C0.o
[182/872] MWCC build/GEDE01/src/game/game_fn_8010F184.o
[183/872] MWCC build/GEDE01/src/game/game_fn_801126E0.o
[184/872] MWCC build/GEDE01/src/game/game_fn_801128E4.o
[185/872] MWCC build/GEDE01/src/game/game_fn_801141B8.o
[186/872] MWCC build/GEDE01/src/game/game_fn_8011F140.o
[187/872] MWCC build/GEDE01/src/game/game_fn_801247F8.o
[188/872] MWCC build/GEDE01/src/game/game_fn_80126A00.o
[189/872] MWCC build/GEDE01/src/game/game_fn_8012976C.o
[190/872] MWCC build/GEDE01/src/game/game_fn_8012DB28.o
[191/872] MWCC build/GEDE01/src/game/game_fn_8013CBE4.o
[192/872] MWCC build/GEDE01/src/game/game_fn_8013D6A4.o
[193/872] MWCC build/GEDE01/src/game/game_fn_8013DB8C.o
[194/872] MWCC build/GEDE01/src/game/game_fn_8014549C.o
[195/872] MWCC build/GEDE01/src/game/game_fn_8014AF38.o
[196/872] MWCC build/GEDE01/src/game/game_fn_8014B494.o
[197/872] MWCC build/GEDE01/src/game/game_fn_8014CA98.o
[198/872] MWCC build/GEDE01/src/game/game_fn_801535D8.o
[199/872] MWCC build/GEDE01/src/game/game_fn_80153898.o
[200/872] MWCC build/GEDE01/src/game/game_fn_80153A24.o
[201/872] MWCC build/GEDE01/src/game/game_fn_80154F74.o
[202/872] MWCC build/GEDE01/src/game/game_fn_80155814.o
[203/872] MWCC build/GEDE01/src/game/game_fn_80157C0C.o
[204/872] MWCC build/GEDE01/src/game/game_fn_80158B20.o
[205/872] MWCC build/GEDE01/src/game/game_fn_80158D38.o
[206/872] MWCC build/GEDE01/src/game/game_fn_8015DB84.o
[207/872] MWCC build/GEDE01/src/game/game_fn_8015DC54.o
[208/872] MWCC build/GEDE01/src/game/game_fn_8015EDC0.o
[209/872] MWCC build/GEDE01/src/game/game_fn_80167454.o
[210/872] MWCC build/GEDE01/src/game/game_fn_80167B5C.o
[211/872] MWCC build/GEDE01/src/game/game_fn_80169650.o
[212/872] MWCC build/GEDE01/src/game/game_fn_8016BD0C.o
[213/872] MWCC build/GEDE01/src/game/game_fn_8016BE1C.o
[214/872] MWCC build/GEDE01/src/game/game_fn_8016BF60.o
[215/872] MWCC build/GEDE01/src/game/game_fn_8016C0BC.o
[216/872] MWCC build/GEDE01/src/game/game_fn_8016C164.o
[217/872] MWCC build/GEDE01/src/game/game_fn_8016C238.o
[218/872] MWCC build/GEDE01/src/game/game_fn_8016C4BC.o
[219/872] MWCC build/GEDE01/src/game/game_fn_8016D040.o
[220/872] MWCC build/GEDE01/src/game/game_fn_8016C774.o
[221/872] MWCC build/GEDE01/src/game/game_fn_8016D1F8.o
[222/872] MWCC build/GEDE01/src/game/game_fn_8016D2B8.o
[223/872] MWCC build/GEDE01/src/game/game_fn_8016D9C0.o
[224/872] MWCC build/GEDE01/src/game/game_fn_8016DF4C.o
[225/872] MWCC build/GEDE01/src/game/game_fn_8016E8F8.o
[226/872] MWCC build/GEDE01/src/game/game_fn_8016FEF8.o
[227/872] MWCC build/GEDE01/src/game/game_fn_8017038C.o
[228/872] MWCC build/GEDE01/src/game/game_fn_801704F8.o
[229/872] MWCC build/GEDE01/src/game/game_fn_801706DC.o
[230/872] MWCC build/GEDE01/src/game/game_fn_80170A40.o
[231/872] MWCC build/GEDE01/src/game/game_fn_80170DF4.o
[232/872] MWCC build/GEDE01/src/game/game_fn_80170E9C.o
[233/872] MWCC build/GEDE01/src/game/game_fn_8017138C.o
[234/872] MWCC build/GEDE01/src/game/game_fn_80171664.o
[235/872] MWCC build/GEDE01/src/game/game_fn_801718F4.o
[236/872] MWCC build/GEDE01/src/game/game_fn_801719B4.o
[237/872] MWCC build/GEDE01/src/game/game_fn_80171F30.o
[238/872] MWCC build/GEDE01/src/game/game_fn_8017250C.o
[239/872] MWCC build/GEDE01/src/game/game_fn_801726EC.o
[240/872] MWCC build/GEDE01/src/game/game_fn_80172BB0.o
[241/872] MWCC build/GEDE01/src/game/game_fn_80172C78.o
[242/872] MWCC build/GEDE01/src/game/game_fn_80172DB8.o
[243/872] MWCC build/GEDE01/src/game/game_fn_80173270.o
[244/872] MWCC build/GEDE01/src/game/game_fn_801734B4.o
[245/872] MWCC build/GEDE01/src/game/game_fn_80173770.o
[246/872] MWCC build/GEDE01/src/game/game_fn_80173D44.o
[247/872] MWCC build/GEDE01/src/game/game_fn_80173F04.o
[248/872] MWCC build/GEDE01/src/game/game_fn_80174184.o
[249/872] MWCC build/GEDE01/src/game/game_fn_80174358.o
[250/872] MWCC build/GEDE01/src/game/game_fn_80174F2C.o
[251/872] MWCC build/GEDE01/src/game/game_fn_8017553C.o
[252/872] MWCC build/GEDE01/src/game/game_fn_80175E64.o
[253/872] MWCC build/GEDE01/src/game/game_fn_80175F0C.o
[254/872] MWCC build/GEDE01/src/game/game_fn_80175FD4.o
[255/872] MWCC build/GEDE01/src/game/game_fn_80176098.o
[256/872] MWCC build/GEDE01/src/game/game_fn_80176160.o
[257/872] MWCC build/GEDE01/src/game/game_fn_80176220.o
[258/872] MWCC build/GEDE01/src/game/game_fn_801762E8.o
[259/872] MWCC build/GEDE01/src/game/game_fn_8017652C.o
[260/872] MWCC build/GEDE01/src/game/game_fn_80176DF4.o
[261/872] MWCC build/GEDE01/src/game/game_fn_80176FA0.o
[262/872] MWCC build/GEDE01/src/game/game_fn_801770F8.o
[263/872] MWCC build/GEDE01/src/game/game_fn_8017718C.o
[264/872] MWCC build/GEDE01/src/game/game_fn_80178F88.o
[265/872] MWCC build/GEDE01/src/game/game_fn_80177434.o
[266/872] MWCC build/GEDE01/src/game/game_fn_80179398.o
[267/872] MWCC build/GEDE01/src/game/game_fn_8017960C.o
[268/872] MWCC build/GEDE01/src/game/game_fn_8017974C.o
[269/872] MWCC build/GEDE01/src/game/game_fn_80179904.o
[270/872] MWCC build/GEDE01/src/game/game_fn_80179A18.o
[271/872] MWCC build/GEDE01/src/game/game_fn_80179A74.o
[272/872] MWCC build/GEDE01/src/game/game_fn_80179EB8.o
[273/872] MWCC build/GEDE01/src/game/game_fn_80179F20.o
[274/872] MWCC build/GEDE01/src/game/game_fn_8017A010.o
[275/872] MWCC build/GEDE01/src/game/game_fn_8017A12C.o
[276/872] MWCC build/GEDE01/src/game/game_fn_8017A1C0.o
[277/872] MWCC build/GEDE01/src/game/game_fn_8017A9B8.o
[278/872] MWCC build/GEDE01/src/game/game_fn_8017AC20.o
[279/872] MWCC build/GEDE01/src/game/game_fn_8017E850.o
[280/872] MWCC build/GEDE01/src/game/game_fn_8017E958.o
[281/872] MWCC build/GEDE01/src/game/game_fn_80180DDC.o
[282/872] MWCC build/GEDE01/src/game/game_fn_801810A0.o
[283/872] MWCC build/GEDE01/src/game/game_fn_801816D4.o
[284/872] MWCC build/GEDE01/src/game/game_fn_801859FC.o
[285/872] MWCC build/GEDE01/src/game/game_fn_80185AE8.o
[286/872] MWCC build/GEDE01/src/game/game_fn_80185F10.o
[287/872] MWCC build/GEDE01/src/game/game_fn_801865EC.o
[288/872] MWCC build/GEDE01/src/game/game_fn_8018680C.o
[289/872] MWCC build/GEDE01/src/game/game_fn_80186E10.o
[290/872] MWCC build/GEDE01/src/game/game_fn_80186F70.o
[291/872] MWCC build/GEDE01/src/game/game_fn_80187120.o
[292/872] MWCC build/GEDE01/src/game/game_fn_80187320.o
[293/872] MWCC build/GEDE01/src/game/game_fn_801875FC.o
[294/872] MWCC build/GEDE01/src/game/game_fn_801878E0.o
[295/872] MWCC build/GEDE01/src/game/game_fn_80187BB4.o
[296/872] MWCC build/GEDE01/src/game/game_fn_80188A7C.o
[297/872] MWCC build/GEDE01/src/game/game_fn_80188B44.o
[298/872] MWCC build/GEDE01/src/game/game_fn_80188E28.o
[299/872] MWCC build/GEDE01/src/game/game_fn_80188C1C.o
[300/872] MWCC build/GEDE01/src/game/game_fn_801891D8.o
[301/872] MWCC build/GEDE01/src/game/game_fn_80189028.o
[302/872] MWCC build/GEDE01/src/game/game_fn_801895E8.o
[303/872] MWCC build/GEDE01/src/game/game_fn_80189390.o
[304/872] MWCC build/GEDE01/src/game/game_fn_80189760.o
[305/872] MWCC build/GEDE01/src/game/game_fn_801896A0.o
[306/872] MWCC build/GEDE01/src/game/game_fn_80189968.o
[307/872] MWCC build/GEDE01/src/game/game_fn_8018D1F0.o
[308/872] MWCC build/GEDE01/src/game/game_fn_8018D2E0.o
[309/872] MWCC build/GEDE01/src/game/game_fn_8018D400.o
[310/872] MWCC build/GEDE01/src/game/game_fn_8018D688.o
[311/872] MWCC build/GEDE01/src/game/game_fn_8018E0D8.o
[312/872] MWCC build/GEDE01/src/game/game_fn_8018F81C.o
[313/872] MWCC build/GEDE01/src/game/game_fn_8018F1D0.o
[314/872] MWCC build/GEDE01/src/game/game_fn_8018FEDC.o
[315/872] MWCC build/GEDE01/src/game/game_fn_8019120C.o
[316/872] MWCC build/GEDE01/src/game/game_fn_80191360.o
[317/872] MWCC build/GEDE01/src/game/game_fn_801916D0.o
[318/872] MWCC build/GEDE01/src/game/game_fn_8019197C.o
[319/872] MWCC build/GEDE01/src/game/game_fn_80191F58.o
[320/872] MWCC build/GEDE01/src/game/game_fn_801926EC.o
[321/872] MWCC build/GEDE01/src/game/game_fn_801929A4.o
[322/872] MWCC build/GEDE01/src/game/game_fn_80192F54.o
[323/872] MWCC build/GEDE01/src/game/game_fn_801931C4.o
[324/872] MWCC build/GEDE01/src/game/game_fn_80193E1C.o
[325/872] MWCC build/GEDE01/src/game/game_fn_80193F3C.o
[326/872] MWCC build/GEDE01/src/game/game_fn_80194F80.o
[327/872] MWCC build/GEDE01/src/game/game_fn_80197910.o
[328/872] MWCC build/GEDE01/src/game/game_fn_80198154.o
[329/872] MWCC build/GEDE01/src/game/game_fn_80198AAC.o
[330/872] MWCC build/GEDE01/src/game/game_fn_80198BF4.o
[331/872] MWCC build/GEDE01/src/game/game_fn_801991E0.o
[332/872] MWCC build/GEDE01/src/game/game_fn_8019B1BC.o
[333/872] MWCC build/GEDE01/src/game/game_fn_8019CC28.o
[334/872] MWCC build/GEDE01/src/game/game_fn_8019CFC4.o
[335/872] MWCC build/GEDE01/src/game/game_fn_8019E5E4.o
[336/872] MWCC build/GEDE01/src/game/game_fn_8019E8C8.o
[337/872] MWCC build/GEDE01/src/game/game_fn_801A1F18.o
[338/872] MWCC build/GEDE01/src/game/game_fn_801A2A54.o
[339/872] MWCC build/GEDE01/src/game/game_fn_801A34BC.o
[340/872] MWCC build/GEDE01/src/game/game_fn_801A3A78.o
[341/872] MWCC build/GEDE01/src/game/game_fn_801A4CE0.o
[342/872] MWCC build/GEDE01/src/game/game_fn_801A5FB0.o
[343/872] MWCC build/GEDE01/src/game/game_fn_801A6410.o
[344/872] MWCC build/GEDE01/src/game/game_fn_801A657C.o
[345/872] MWCC build/GEDE01/src/game/game_fn_801A6ADC.o
[346/872] MWCC build/GEDE01/src/game/game_fn_801A6C58.o
[347/872] MWCC build/GEDE01/src/game/game_fn_801A6CB4.o
[348/872] MWCC build/GEDE01/src/game/game_fn_801A7E04.o
[349/872] MWCC build/GEDE01/src/game/game_fn_801A7EA8.o
[350/872] MWCC build/GEDE01/src/game/game_fn_801A93E8.o
[351/872] MWCC build/GEDE01/src/game/game_fn_801AB154.o
[352/872] MWCC build/GEDE01/src/game/game_fn_801ABD3C.o
[353/872] MWCC build/GEDE01/src/game/game_fn_801AC8AC.o
[354/872] MWCC build/GEDE01/src/game/game_fn_801ACFE8.o
[355/872] MWCC build/GEDE01/src/game/game_fn_801AD08C.o
[356/872] MWCC build/GEDE01/src/game/game_fn_801AFA74.o
[357/872] MWCC build/GEDE01/src/game/game_fn_801B02F0.o
[358/872] MWCC build/GEDE01/src/game/game_fn_801B1BA0.o
[359/872] MWCC build/GEDE01/src/game/game_fn_801B35BC.o
[360/872] MWCC build/GEDE01/src/game/game_fn_801B46C8.o
[361/872] MWCC build/GEDE01/src/game/game_fn_801B4FB4.o
[362/872] MWCC build/GEDE01/src/game/game_fn_801B5228.o
[363/872] MWCC build/GEDE01/src/game/game_fn_801B58F0.o
[364/872] MWCC build/GEDE01/src/game/game_fn_801B6F1C.o
[365/872] MWCC build/GEDE01/src/game/game_fn_801B86C0.o
[366/872] MWCC build/GEDE01/src/game/game_fn_801B941C.o
[367/872] MWCC build/GEDE01/src/game/game_fn_801B9E7C.o
[368/872] MWCC build/GEDE01/src/game/game_fn_801BA15C.o
[369/872] MWCC build/GEDE01/src/game/game_fn_801BA708.o
[370/872] MWCC build/GEDE01/src/game/game_fn_801BB1A0.o
[371/872] MWCC build/GEDE01/src/game/game_fn_801BC0D4.o
[372/872] MWCC build/GEDE01/src/game/game_fn_801BC240.o
[373/872] MWCC build/GEDE01/src/game/game_fn_801BC8F4.o
[374/872] MWCC build/GEDE01/src/game/game_fn_801BCC04.o
[375/872] MWCC build/GEDE01/src/game/game_fn_801BD990.o
[376/872] MWCC build/GEDE01/src/game/game_fn_801BDE7C.o
[377/872] MWCC build/GEDE01/src/game/game_fn_801BE0D4.o
[378/872] MWCC build/GEDE01/src/game/game_fn_801C1CB0.o
[379/872] MWCC build/GEDE01/src/game/game_fn_801BEF40.o
[380/872] MWCC build/GEDE01/src/game/game_fn_801C2980.o
[381/872] MWCC build/GEDE01/src/game/game_fn_801C29BC.o
[382/872] MWCC build/GEDE01/src/game/game_fn_801C2AAC.o
[383/872] MWCC build/GEDE01/src/game/game_fn_801C2D9C.o
[384/872] MWCC build/GEDE01/src/game/game_fn_801C8160.o
[385/872] MWCC build/GEDE01/src/game/game_fn_801C8224.o
[386/872] MWCC build/GEDE01/src/game/game_fn_801C4B5C.o
[387/872] MWCC build/GEDE01/src/game/game_fn_801C8600.o
[388/872] MWCC build/GEDE01/src/game/game_fn_801C8CC0.o
[389/872] MWCC build/GEDE01/src/game/game_fn_801C87DC.o
[390/872] MWCC build/GEDE01/src/game/game_fn_801C90A4.o
[391/872] MWCC build/GEDE01/src/game/game_fn_801C8F50.o
[392/872] MWCC build/GEDE01/src/game/game_fn_801C970C.o
[393/872] MWCC build/GEDE01/src/game/game_fn_801C9510.o
[394/872] MWCC build/GEDE01/src/game/game_fn_801C9B1C.o
[395/872] MWCC build/GEDE01/src/game/game_fn_801C9A08.o
[396/872] MWCC build/GEDE01/src/game/game_fn_801CD228.o
[397/872] MWCC build/GEDE01/src/game/game_fn_801CB4F8.o
[398/872] MWCC build/GEDE01/src/game/game_fn_801CE09C.o
[399/872] MWCC build/GEDE01/src/game/game_fn_801CE594.o
[400/872] MWCC build/GEDE01/src/game/game_fn_801D1B10.o
[401/872] MWCC build/GEDE01/src/game/game_fn_801D1F78.o
[402/872] MWCC build/GEDE01/src/game/game_fn_801D3988.o
[403/872] MWCC build/GEDE01/src/game/game_fn_801D76A8.o
[404/872] MWCC build/GEDE01/src/game/game_fn_801D7C24.o
[405/872] MWCC build/GEDE01/src/game/game_fn_801D8050.o
[406/872] MWCC build/GEDE01/src/game/game_fn_801D9FE4.o
[407/872] MWCC build/GEDE01/src/game/game_fn_801E2A48.o
[408/872] MWCC build/GEDE01/src/game/game_fn_801E41AC.o
[409/872] MWCC build/GEDE01/src/game/game_fn_801E6814.o
[410/872] MWCC build/GEDE01/src/game/game_fn_801EB09C.o
[411/872] MWCC build/GEDE01/src/game/game_fn_801EB11C.o
[412/872] MWCC build/GEDE01/src/game/game_fn_801ECD74.o
[413/872] MWCC build/GEDE01/src/game/game_fn_801ECF50.o
[414/872] MWCC build/GEDE01/src/game/game_fn_801ED5F4.o
[415/872] MWCC build/GEDE01/src/game/game_fn_801EF580.o
[416/872] MWCC build/GEDE01/src/game/game_fn_801EF910.o
[417/872] MWCC build/GEDE01/src/game/game_fn_801F10BC.o
[418/872] MWCC build/GEDE01/src/game/game_fn_801F1A38.o
[419/872] MWCC build/GEDE01/src/game/game_fn_801F35A8.o
[420/872] MWCC build/GEDE01/src/game/game_fn_801F55A0.o
[421/872] MWCC build/GEDE01/src/game/game_fn_801F69F0.o
[422/872] MWCC build/GEDE01/src/game/game_fn_801F6BD8.o
[423/872] MWCC build/GEDE01/src/game/game_fn_801F7510.o
[424/872] MWCC build/GEDE01/src/game/game_fn_801F76EC.o
[425/872] MWCC build/GEDE01/src/game/game_fn_801F8264.o
[426/872] MWCC build/GEDE01/src/game/game_fn_801F89B4.o
[427/872] MWCC build/GEDE01/src/game/game_fn_801F9AF8.o
[428/872] MWCC build/GEDE01/src/game/game_fn_801F9CF4.o
[429/872] MWCC build/GEDE01/src/game/game_fn_801FA9C8.o
[430/872] MWCC build/GEDE01/src/game/game_fn_801FB6A4.o
[431/872] MWCC build/GEDE01/src/game/game_fn_801FC034.o
[432/872] MWCC build/GEDE01/src/game/game_fn_801FC204.o
[433/872] MWCC build/GEDE01/src/game/game_fn_801FFE78.o
[434/872] EXTERNALIZE build/GEDE01/src/game/game_fn_801247F8.o
[435/872] EXTERNALIZE build/GEDE01/src/game/game_fn_801EF910.o
[436/872] EXTERNALIZE build/GEDE01/src/game/game_fn_801ECF50.o
[437/872] EXTERNALIZE build/GEDE01/src/game/game_fn_801EB09C.o
[438/872] EXTERNALIZE build/GEDE01/src/game/game_fn_801FC204.o
[439/872] EXTERNALIZE build/GEDE01/src/game/game_fn_801EB11C.o
[440/872] EXTERNALIZE build/GEDE01/src/game/game_fn_801D9FE4.o
[441/872] EXTERNALIZE build/GEDE01/src/game/game_fn_801E41AC.o
[442/872] EXTERNALIZE build/GEDE01/src/game/game_fn_801D76A8.o
[443/872] EXTERNALIZE build/GEDE01/src/game/game_fn_801D8050.o
[444/872] EXTERNALIZE build/GEDE01/src/game/game_fn_801D7C24.o
[445/872] EXTERNALIZE build/GEDE01/src/game/game_fn_8019B1BC.o
[446/872] EXTERNALIZE build/GEDE01/src/game/game_fn_80178F88.o
[447/872] EXTERNALIZE build/GEDE01/src/game/game_fn_801CD228.o
[448/872] EXTERNALIZE build/GEDE01/src/game/game_fn_801C970C.o
[449/872] EXTERNALIZE build/GEDE01/src/game/game_fn_801BA15C.o
[450/872] EXTERNALIZE build/GEDE01/src/game/game_fn_801C9510.o
[451/872] EXTERNALIZE build/GEDE01/src/game/game_fn_80126A00.o
[452/872] EXTERNALIZE build/GEDE01/src/game/game_fn_8013D6A4.o
[453/872] EXTERNALIZE build/GEDE01/src/game/game_fn_800C9C60.o
[454/872] EXTERNALIZE build/GEDE01/src/game/game_fn_801B5228.o
[455/872] EXTERNALIZE build/GEDE01/src/game/game_fn_801B4FB4.o
[456/872] EXTERNALIZE build/GEDE01/src/game/game_fn_801C87DC.o
[457/872] EXTERNALIZE build/GEDE01/src/game/game_fn_801B6F1C.o
[458/872] EXTERNALIZE build/GEDE01/src/game/game_fn_801C8CC0.o
[459/872] EXTERNALIZE build/GEDE01/src/game/game_fn_800FD0C8.o
[460/872] EXTERNALIZE build/GEDE01/src/game/game_fn_801BDE7C.o
[461/872] EXTERNALIZE build/GEDE01/src/game/game_fn_801BE0D4.o
[462/872] EXTERNALIZE STATIC POOL build/GEDE01/src/game/game_fn_801C9A08.o
build/GEDE01/src/game/game_fn_801C9A08.o: lbl_80629390 now undefined; section 3 emptied
[463/872] EXTERNALIZE build/GEDE01/src/game/game_fn_801B941C.o
[464/872] EXTERNALIZE STATIC POOL build/GEDE01/src/game/game_fn_801C9B1C.o
build/GEDE01/src/game/game_fn_801C9B1C.o: lbl_80629390 now undefined; section 3 emptied
[465/872] EXTERNALIZE STATIC POOL build/GEDE01/src/game/game_fn_801BD990.o
build/GEDE01/src/game/game_fn_801BD990.o: lbl_80626D80 now undefined; section 6 emptied
[466/872] EXTERNALIZE STATIC POOL build/GEDE01/src/game/game_fn_801B58F0.o
build/GEDE01/src/game/game_fn_801B58F0.o: lbl_8060C020 now undefined; section 3 emptied
[467/872] EXTERNALIZE STATIC POOL build/GEDE01/src/game/game_fn_801B9E7C.o
build/GEDE01/src/game/game_fn_801B9E7C.o: 0 relocation(s) moved from streamInfo to ...bss.0
build/GEDE01/src/game/game_fn_801B9E7C.o: lbl_8061AE48 now undefined; section 6 emptied
[468/872] EXTERNALIZE STATIC POOL build/GEDE01/src/game/game_fn_801BB1A0.o
build/GEDE01/src/game/game_fn_801BB1A0.o: 0 relocation(s) moved from streamInfo to ...bss.0
build/GEDE01/src/game/game_fn_801BB1A0.o: lbl_8061AE48 now undefined; section 6 emptied
[469/872] EXTERNALIZE STATIC POOL build/GEDE01/src/game/game_fn_801BA708.o
build/GEDE01/src/game/game_fn_801BA708.o: 0 relocation(s) moved from streamInfo to ...bss.0
build/GEDE01/src/game/game_fn_801BA708.o: lbl_8061AE48 now undefined; section 6 emptied
[470/872] EXTERNALIZE STATIC build/GEDE01/src/game/game_fn_801B35BC.o
build/GEDE01/src/game/game_fn_801B35BC.o: lbl_8060D420 now undefined; section 6 emptied
[471/872] EXTERNALIZE STATIC build/GEDE01/src/game/game_fn_801BC240.o
build/GEDE01/src/game/game_fn_801BC240.o: lbl_8061C748 now undefined; section 6 emptied
[472/872] EXTERNALIZE STATIC POOL build/GEDE01/src/game/game_fn_801BC8F4.o
build/GEDE01/src/game/game_fn_801BC8F4.o: lbl_8061C748 now undefined; section 6 emptied
[473/872] EXTERNALIZE STATIC POOL build/GEDE01/src/game/game_fn_801BC0D4.o
build/GEDE01/src/game/game_fn_801BC0D4.o: lbl_8061C748 now undefined; section 6 emptied
[474/872] EXTERNALIZE STATIC POOL build/GEDE01/src/game/game_fn_801BCC04.o
build/GEDE01/src/game/game_fn_801BCC04.o: lbl_8061C748 now undefined; section 6 emptied
[475/872] EXTERNALIZE STATIC POOL build/GEDE01/src/game/game_fn_801C1CB0.o
build/GEDE01/src/game/game_fn_801C1CB0.o: lbl_80626DA0 now undefined; section 3 emptied
[476/872] EXTERNALIZE STATIC POOL build/GEDE01/src/game/game_fn_801CE09C.o
build/GEDE01/src/game/game_fn_801CE09C.o: lbl_80631340 now undefined; section 6 emptied
[477/872] RENAME build/GEDE01/src/game/game_InitMetroTRKCommTable.o
[478/872] RENAME RUNTIME INTRINSICS build/GEDE01/src/game/game_fn_801CB4F8.o
[479/872] EXTERNALIZE build/GEDE01/src/game/game_fn_801D3988.o
[480/872] EXTERNALIZE STATIC POOL build/GEDE01/src/game/game_fn_8010242C.o
build/GEDE01/src/game/game_fn_8010242C.o: lbl_8032CC08 now undefined; section 3 emptied
[481/872] EXTERNALIZE build/GEDE01/src/game/game_fn_801D1B10.o
[482/872] ALIGN DATA build/GEDE01/src/game/game_fn_80008014.o
[483/872] EXTERNALIZE build/GEDE01/src/game/game_fn_801CE594.o
[484/872] EXTERNALIZE build/GEDE01/src/game/game_fn_8014549C.o
[485/872] EXTERNALIZE build/GEDE01/src/game/game_fn_801C8224.o
[486/872] EXTERNALIZE build/GEDE01/src/game/game_fn_801098C0.o
[487/872] EXTERNALIZE build/GEDE01/src/game/game_fn_8000FDE8.o
[488/872] EXTERNALIZE build/GEDE01/src/game/game_fn_80185F10.o
[489/872] EXTERNALIZE build/GEDE01/src/game/game_fn_801C29BC.o
[490/872] EXTERNALIZE build/GEDE01/src/game/game_fn_8007B828.o
[491/872] EXTERNALIZE build/GEDE01/src/game/game_fn_801C8F50.o
[492/872] EXTERNALIZE build/GEDE01/src/game/game_fn_801C8160.o
[493/872] EXTERNALIZE build/GEDE01/src/game/game_fn_801C90A4.o
[494/872] EXTERNALIZE build/GEDE01/src/game/game_fn_801C2AAC.o
[495/872] EXTERNALIZE build/GEDE01/src/game/game_fn_801C2D9C.o
[496/872] EXTERNALIZE build/GEDE01/src/game/game_fn_801C2980.o
[497/872] EXTERNALIZE build/GEDE01/src/game/game_fn_801B02F0.o
[498/872] EXTERNALIZE build/GEDE01/src/game/game_fn_801AFA74.o
[499/872] EXTERNALIZE build/GEDE01/src/game/game_fn_801AC8AC.o
[500/872] EXTERNALIZE build/GEDE01/src/game/game_fn_801ABD3C.o
[501/872] EXTERNALIZE build/GEDE01/src/game/game_fn_801816D4.o
[502/872] EXTERNALIZE build/GEDE01/src/game/game_fn_8011F140.o
[503/872] EXTERNALIZE build/GEDE01/src/game/game_fn_801AD08C.o
[504/872] EXTERNALIZE build/GEDE01/src/game/game_fn_8004998C.o
[505/872] EXTERNALIZE build/GEDE01/src/game/game_fn_80079AA4.o
[506/872] EXTERNALIZE build/GEDE01/src/game/game_fn_80158D38.o
[507/872] EXTERNALIZE build/GEDE01/src/game/game_fn_801A3A78.o
[508/872] EXTERNALIZE build/GEDE01/src/game/game_fn_8008F224.o
[509/872] EXTERNALIZE build/GEDE01/src/game/game_fn_80167454.o
[510/872] EXTERNALIZE build/GEDE01/src/game/game_fn_800AF230.o
[511/872] EXTERNALIZE build/GEDE01/src/game/game_fn_801A93E8.o
[512/872] EXTERNALIZE build/GEDE01/src/game/game_fn_801AB154.o
[513/872] EXTERNALIZE build/GEDE01/src/game/game_fn_801A7E04.o
[514/872] EXTERNALIZE build/GEDE01/src/game/game_fn_801A7EA8.o
[515/872] EXTERNALIZE build/GEDE01/src/game/game_fn_801A6CB4.o
[516/872] EXTERNALIZE build/GEDE01/src/game/game_fn_801A4CE0.o
[517/872] EXTERNALIZE build/GEDE01/src/game/game_fn_801A6C58.o
[518/872] NAME JUMPTABLE build/GEDE01/src/game/game_fn_801A6ADC.o
[519/872] EXTERNALIZE build/GEDE01/src/game/game_fn_801A6410.o
[520/872] EXTERNALIZE build/GEDE01/src/game/game_fn_801A5FB0.o
[521/872] EXTERNALIZE build/GEDE01/src/game/game_fn_801A1F18.o
[522/872] EXTERNALIZE build/GEDE01/src/game/game_fn_8019E8C8.o
[523/872] EXTERNALIZE build/GEDE01/src/game/game_fn_8019E5E4.o
[524/872] EXTERNALIZE build/GEDE01/src/game/game_fn_8019CFC4.o
[525/872] EXTERNALIZE build/GEDE01/src/game/game_fn_8019CC28.o
[526/872] EXTERNALIZE build/GEDE01/src/game/game_fn_801991E0.o
[527/872] EXTERNALIZE build/GEDE01/src/game/game_fn_80198BF4.o
[528/872] EXTERNALIZE build/GEDE01/src/game/game_fn_80198AAC.o
[529/872] EXTERNALIZE build/GEDE01/src/game/game_fn_80198154.o
[530/872] EXTERNALIZE build/GEDE01/src/game/game_fn_80194F80.o
[531/872] EXTERNALIZE build/GEDE01/src/game/game_fn_80197910.o
[532/872] EXTERNALIZE build/GEDE01/src/game/game_fn_80177434.o
repointed 2 relocations to lbl_80250588
[533/872] EXTERNALIZE build/GEDE01/src/game/game_fn_80193E1C.o
[534/872] EXTERNALIZE build/GEDE01/src/game/game_fn_801931C4.o
[535/872] EXTERNALIZE build/GEDE01/src/game/game_fn_80193F3C.o
[536/872] EXTERNALIZE build/GEDE01/src/game/game_fn_80192F54.o
[537/872] EXTERNALIZE build/GEDE01/src/game/game_fn_80191F58.o
[538/872] EXTERNALIZE build/GEDE01/src/game/game_fn_8019197C.o
[539/872] EXTERNALIZE build/GEDE01/src/game/game_fn_80191360.o
[540/872] GLOBALIZE build/GEDE01/src/game/game_fn_8018F1D0.o
[541/872] EXTERNALIZE build/GEDE01/src/game/game_fn_8018D688.o
[542/872] EXTERNALIZE build/GEDE01/src/game/game_fn_8018F81C.o
[543/872] EXTERNALIZE build/GEDE01/src/game/game_fn_8018D2E0.o
[544/872] EXTERNALIZE build/GEDE01/src/game/game_fn_80189968.o
[545/872] EXTERNALIZE build/GEDE01/src/game/game_fn_80189760.o
[546/872] EXTERNALIZE build/GEDE01/src/game/game_fn_8018D1F0.o
[547/872] EXTERNALIZE build/GEDE01/src/game/game_fn_801896A0.o
[548/872] EXTERNALIZE build/GEDE01/src/game/game_fn_801895E8.o
[549/872] EXTERNALIZE build/GEDE01/src/game/game_fn_80189390.o
[550/872] EXTERNALIZE build/GEDE01/src/game/game_fn_801891D8.o
[551/872] EXTERNALIZE build/GEDE01/src/game/game_fn_80188E28.o
[552/872] EXTERNALIZE build/GEDE01/src/game/game_fn_80189028.o
[553/872] EXTERNALIZE build/GEDE01/src/game/game_fn_80188B44.o
[554/872] EXTERNALIZE build/GEDE01/src/game/game_fn_80188C1C.o
[555/872] EXTERNALIZE build/GEDE01/src/game/game_fn_80188A7C.o
[556/872] EXTERNALIZE build/GEDE01/src/game/game_fn_801878E0.o
[557/872] EXTERNALIZE build/GEDE01/src/game/game_fn_80187120.o
[558/872] EXTERNALIZE build/GEDE01/src/game/game_fn_8018FEDC.o
[559/872] EXTERNALIZE build/GEDE01/src/game/game_fn_80186E10.o
[560/872] EXTERNALIZE build/GEDE01/src/game/game_fn_801865EC.o
[561/872] EXTERNALIZE build/GEDE01/src/game/game_fn_80185AE8.o
[562/872] EXTERNALIZE build/GEDE01/src/game/game_fn_801859FC.o
[563/872] EXTERNALIZE build/GEDE01/src/game/game_fn_80180DDC.o
[564/872] EXTERNALIZE build/GEDE01/src/game/game_fn_8017E958.o
[565/872] EXTERNALIZE build/GEDE01/src/game/game_fn_8017E850.o
[566/872] EXTERNALIZE build/GEDE01/src/game/game_fn_8017718C.o
[567/872] EXTERNALIZE build/GEDE01/src/game/game_fn_801770F8.o
[568/872] EXTERNALIZE build/GEDE01/src/game/game_fn_80176FA0.o
[569/872] EXTERNALIZE build/GEDE01/src/game/game_fn_80176DF4.o
[570/872] EXTERNALIZE build/GEDE01/src/game/game_fn_80174358.o
[571/872] EXTERNALIZE build/GEDE01/src/game/game_fn_80173F04.o
[572/872] EXTERNALIZE build/GEDE01/src/game/game_fn_80174184.o
[573/872] EXTERNALIZE build/GEDE01/src/game/game_fn_8017553C.o
[574/872] EXTERNALIZE build/GEDE01/src/game/game_fn_80173D44.o
[575/872] EXTERNALIZE build/GEDE01/src/game/game_fn_80173770.o
[576/872] EXTERNALIZE build/GEDE01/src/game/game_fn_801734B4.o
[577/872] EXTERNALIZE build/GEDE01/src/game/game_fn_80173270.o
[578/872] EXTERNALIZE build/GEDE01/src/game/game_fn_80172DB8.o
[579/872] EXTERNALIZE build/GEDE01/src/game/game_fn_80172C78.o
[580/872] EXTERNALIZE build/GEDE01/src/game/game_fn_80172BB0.o
[581/872] EXTERNALIZE build/GEDE01/src/game/game_fn_801726EC.o
[582/872] EXTERNALIZE build/GEDE01/src/game/game_fn_80171F30.o
[583/872] EXTERNALIZE build/GEDE01/src/game/game_fn_8017250C.o
[584/872] EXTERNALIZE build/GEDE01/src/game/game_fn_801719B4.o
[585/872] EXTERNALIZE build/GEDE01/src/game/game_fn_801718F4.o
[586/872] EXTERNALIZE build/GEDE01/src/game/game_fn_80171664.o
[587/872] EXTERNALIZE build/GEDE01/src/game/game_fn_8017138C.o
[588/872] EXTERNALIZE build/GEDE01/src/game/game_fn_80170A40.o
[589/872] EXTERNALIZE build/GEDE01/src/game/game_fn_801706DC.o
[590/872] NORMALIZE build/GEDE01/src/game/game_TRKNubWelcome.o
[591/872] NORMALIZE build/GEDE01/src/game/game_TRK_main.o
[592/872] NORMALIZE build/GEDE01/src/game/game_data_80239E10.o
[593/872] NORMALIZE build/GEDE01/src/game/game_data_80239E18.o
[594/872] EXTERNALIZE build/GEDE01/src/game/game_fn_80170E9C.o
[595/872] EXTERNALIZE build/GEDE01/src/game/game_fn_8017652C.o
[596/872] EXTERNALIZE build/GEDE01/src/game/game_fn_80175F0C.o
[597/872] EXTERNALIZE build/GEDE01/src/game/game_fn_80175E64.o
[598/872] EXTERNALIZE build/GEDE01/src/game/game_fn_80175FD4.o
[599/872] EXTERNALIZE build/GEDE01/src/game/game_fn_80176098.o
[600/872] EXTERNALIZE build/GEDE01/src/game/game_fn_80176160.o
[601/872] EXTERNALIZE build/GEDE01/src/game/game_fn_80176220.o
[602/872] EXTERNALIZE build/GEDE01/src/game/game_fn_80170DF4.o
[603/872] EXTERNALIZE build/GEDE01/src/game/game_fn_801762E8.o
[604/872] EXTERNALIZE build/GEDE01/src/game/game_fn_8016E8F8.o
[605/872] EXTERNALIZE build/GEDE01/src/game/game_fn_8016FEF8.o
[606/872] EXTERNALIZE build/GEDE01/src/game/game_fn_801704F8.o
[607/872] NORMALIZE build/GEDE01/src/game/game_fn_8016DF4C.o
[608/872] EXTERNALIZE build/GEDE01/src/game/game_fn_8016D2B8.o
[609/872] EXTERNALIZE build/GEDE01/src/game/game_fn_8016D040.o
[610/872] EXTERNALIZE build/GEDE01/src/game/game_fn_8016D1F8.o
[611/872] EXTERNALIZE build/GEDE01/src/game/game_fn_8016C774.o
[612/872] EXTERNALIZE build/GEDE01/src/game/game_fn_8016C4BC.o
[613/872] EXTERNALIZE build/GEDE01/src/game/game_fn_8016C238.o
[614/872] EXTERNALIZE build/GEDE01/src/game/game_fn_8016C164.o
[615/872] EXTERNALIZE build/GEDE01/src/game/game_fn_8016C0BC.o
[616/872] EXTERNALIZE build/GEDE01/src/game/game_fn_8017038C.o
[617/872] EXTERNALIZE build/GEDE01/src/game/game_fn_8016BE1C.o
[618/872] EXTERNALIZE build/GEDE01/src/game/game_fn_8016BF60.o
[619/872] EXTERNALIZE build/GEDE01/src/game/game_fn_80169650.o
[620/872] EXTERNALIZE build/GEDE01/src/game/game_fn_8016BD0C.o
[621/872] EXTERNALIZE build/GEDE01/src/game/game_fn_80167B5C.o
[622/872] EXTERNALIZE build/GEDE01/src/game/game_fn_8015EDC0.o
[623/872] EXTERNALIZE build/GEDE01/src/game/game_fn_8015DB84.o
[624/872] EXTERNALIZE build/GEDE01/src/game/game_fn_8015DC54.o
[625/872] EXTERNALIZE build/GEDE01/src/game/game_fn_80158B20.o
[626/872] EXTERNALIZE build/GEDE01/src/game/game_fn_80179398.o
[627/872] EXTERNALIZE build/GEDE01/src/game/game_fn_8017960C.o
[628/872] EXTERNALIZE build/GEDE01/src/game/game_fn_8017974C.o
[629/872] EXTERNALIZE build/GEDE01/src/game/game_fn_80179904.o
[630/872] EXTERNALIZE build/GEDE01/src/game/game_fn_8017A9B8.o
[631/872] EXTERNALIZE build/GEDE01/src/game/game_fn_80179A74.o
[632/872] EXTERNALIZE build/GEDE01/src/game/game_fn_80179A18.o
[633/872] EXTERNALIZE build/GEDE01/src/game/game_fn_80179EB8.o
[634/872] EXTERNALIZE build/GEDE01/src/game/game_fn_80179F20.o
[635/872] EXTERNALIZE build/GEDE01/src/game/game_fn_8017A010.o
[636/872] EXTERNALIZE build/GEDE01/src/game/game_fn_8017A12C.o
[637/872] EXTERNALIZE build/GEDE01/src/game/game_fn_80157C0C.o
[638/872] EXTERNALIZE build/GEDE01/src/game/game_fn_8017A1C0.o
[639/872] EXTERNALIZE build/GEDE01/src/game/game_fn_80155814.o
[640/872] EXTERNALIZE build/GEDE01/src/game/game_fn_8014B494.o
[641/872] EXTERNALIZE build/GEDE01/src/game/game_fn_80153898.o
[642/872] EXTERNALIZE build/GEDE01/src/game/game_fn_8014AF38.o
[643/872] EXTERNALIZE build/GEDE01/src/game/game_fn_8012DB28.o
[644/872] EXTERNALIZE build/GEDE01/src/game/game_fn_801128E4.o
[645/872] EXTERNALIZE build/GEDE01/src/game/game_fn_801141B8.o
[646/872] EXTERNALIZE build/GEDE01/src/game/game_fn_801126E0.o
[647/872] EXTERNALIZE build/GEDE01/src/game/game_fn_8010F184.o
[648/872] EXTERNALIZE build/GEDE01/src/game/game_fn_800E4980.o
[649/872] EXTERNALIZE build/GEDE01/src/game/game_fn_800C17EC.o
[650/872] EXTERNALIZE build/GEDE01/src/game/game_fn_800C59F0.o
[651/872] EXTERNALIZE build/GEDE01/src/game/game_fn_800C644C.o
[652/872] EXTERNALIZE build/GEDE01/src/game/game_fn_800C65FC.o
[653/872] EXTERNALIZE build/GEDE01/src/game/game_fn_800CB760.o
[654/872] EXTERNALIZE build/GEDE01/src/game/game_fn_800CB8F4.o
[655/872] EXTERNALIZE build/GEDE01/src/game/game_fn_80078500.o
[656/872] EXTERNALIZE build/GEDE01/src/game/game_fn_8007B2F4.o
[657/872] EXTERNALIZE build/GEDE01/src/game/game_fn_80079908.o
[658/872] EXTERNALIZE build/GEDE01/src/game/game_fn_8007B640.o
[659/872] EXTERNALIZE build/GEDE01/src/game/game_fn_8007B540.o
[660/872] EXTERNALIZE build/GEDE01/src/game/game_fn_800886D8.o
[661/872] EXTERNALIZE build/GEDE01/src/game/game_fn_8007BA3C.o
[662/872] EXTERNALIZE build/GEDE01/src/game/game_fn_800934A0.o
[663/872] EXTERNALIZE build/GEDE01/src/game/game_fn_800A7E88.o
[664/872] EXTERNALIZE build/GEDE01/src/game/game_fn_800A3894.o
[665/872] EXTERNALIZE build/GEDE01/src/game/game_fn_800A4798.o
[666/872] EXTERNALIZE build/GEDE01/src/game/game_fn_800A2FCC.o
[667/872] GLOBALIZE build/GEDE01/src/game/game_fn_800A2130.o
[668/872] EXTERNALIZE build/GEDE01/src/game/game_fn_8009C424.o
[669/872] EXTERNALIZE build/GEDE01/src/game/game_fn_80096830.o
[670/872] GLOBALIZE build/GEDE01/src/game/game_fn_8008F890.o
[671/872] EXTERNALIZE SWITCHES build/GEDE01/src/game/game_fn_80095FDC.o
[672/872] EXTERNALIZE build/GEDE01/src/game/game_fn_800A4428.o
[673/872] EXTERNALIZE build/GEDE01/src/game/game_fn_80074310.o
[674/872] GLOBALIZE build/GEDE01/src/game/game_fn_8005FD84.o
[675/872] EXTERNALIZE build/GEDE01/src/game/game_fn_80066888.o
[676/872] EXTERNALIZE build/GEDE01/src/game/game_fn_8005EC6C.o
[677/872] EXTERNALIZE build/GEDE01/src/game/game_fn_80052310.o
[678/872] EXTERNALIZE build/GEDE01/src/game/game_fn_80048B24.o
[679/872] EXTERNALIZE build/GEDE01/src/game/game_fn_80048ADC.o
[680/872] NAME SWITCH build/GEDE01/src/game/game_fn_80020E94.o
[681/872] NAME SWITCH build/GEDE01/src/game/game_fn_8005EE9C.o
[682/872] NAME SWITCH build/GEDE01/src/game/game_fn_8016D9C0.o
[683/872] NAME SWITCH build/GEDE01/src/game/game_fn_80071A58.o
[684/872] NAME SWITCH build/GEDE01/src/game/game_fn_8006B620.o
[685/872] NAME SWITCH build/GEDE01/src/game/game_fn_8001FE1C.o
[686/872] NAME SWITCH build/GEDE01/src/game/game_fn_8001E644.o
[687/872] EXTERNALIZE build/GEDE01/src/game/game_fn_80038878.o
[688/872] EXTERNALIZE build/GEDE01/src/game/game_fn_801B46C8.o
build/GEDE01/src/game/game_fn_801B46C8.o: lbl_8060C020 now undefined; section 6 emptied
[689/872] EXTERNALIZE build/GEDE01/src/game/game_fn_80036C40.o
[690/872] EXTERNALIZE build/GEDE01/src/game/game_fn_800359A0.o
[691/872] EXTERNALIZE build/GEDE01/src/game/game_fn_80033180.o
[692/872] EXTERNALIZE build/GEDE01/src/game/game_fn_80033038.o
[693/872] EXTERNALIZE build/GEDE01/src/game/game_fn_80032B84.o
[694/872] EXTERNALIZE build/GEDE01/src/game/game_fn_8003232C.o
[695/872] EXTERNALIZE build/GEDE01/src/game/game_fn_8002E3F0.o
[696/872] EXTERNALIZE build/GEDE01/src/game/game_fn_8002DAE0.o
[697/872] EXTERNALIZE build/GEDE01/src/game/game_fn_8002EA68.o
[698/872] GLOBALIZE build/GEDE01/src/game/game_fn_8002B748.o
[699/872] EXTERNALIZE build/GEDE01/src/game/game_fn_8002F428.o
[700/872] NAME SWITCHES build/GEDE01/src/game/game_fn_80024F28.o
[701/872] EXTERNALIZE build/GEDE01/src/game/game_fn_800272B4.o
[702/872] EXTERNALIZE build/GEDE01/src/game/game_fn_8001CE94.o
[703/872] EXTERNALIZE build/GEDE01/src/game/game_fn_8001CD58.o
[704/872] EXTERNALIZE build/GEDE01/src/game/game_fn_8001C078.o
[705/872] EXTERNALIZE build/GEDE01/src/game/game_fn_8001B874.o
[706/872] EXTERNALIZE build/GEDE01/src/game/game_fn_8001B808.o
[707/872] EXTERNALIZE build/GEDE01/src/game/game_fn_8001B294.o
[708/872] EXTERNALIZE build/GEDE01/src/game/game_fn_8001B124.o
[709/872] EXTERNALIZE build/GEDE01/src/game/game_fn_8001AF68.o
[710/872] EXTERNALIZE build/GEDE01/src/game/game_fn_8001ADF8.o
[711/872] EXTERNALIZE build/GEDE01/src/game/game_fn_8001AAB8.o
[712/872] EXTERNALIZE build/GEDE01/src/game/game_fn_8001A6C4.o
[713/872] EXTERNALIZE build/GEDE01/src/game/game_fn_80019F98.o
[714/872] EXTERNALIZE build/GEDE01/src/game/game_fn_80019D2C.o
[715/872] EXTERNALIZE build/GEDE01/src/game/game_fn_80019C10.o
[716/872] EXTERNALIZE build/GEDE01/src/game/game_fn_80019940.o
[717/872] EXTERNALIZE build/GEDE01/src/game/game_fn_800194D0.o
[718/872] EXTERNALIZE build/GEDE01/src/game/game_fn_80019244.o
[719/872] EXTERNALIZE build/GEDE01/src/game/game_fn_80019054.o
[720/872] EXTERNALIZE build/GEDE01/src/game/game_fn_80018EF4.o
[721/872] EXTERNALIZE build/GEDE01/src/game/game_fn_80017DB0.o
[722/872] EXTERNALIZE build/GEDE01/src/game/game_fn_80017CC8.o
[723/872] EXTERNALIZE build/GEDE01/src/game/game_fn_80017C3C.o
[724/872] EXTERNALIZE build/GEDE01/src/game/game_fn_80017AE4.o
[725/872] EXTERNALIZE build/GEDE01/src/game/game_fn_80017A3C.o
[726/872] EXTERNALIZE build/GEDE01/src/game/game_fn_800179AC.o
[727/872] EXTERNALIZE build/GEDE01/src/game/game_fn_80017910.o
[728/872] EXTERNALIZE FLAGS build/GEDE01/src/game/game_fn_800119FC.o
[729/872] EXTERNALIZE build/GEDE01/src/game/game_fn_8000F4B0.o
[730/872] EXTERNALIZE build/GEDE01/src/game/game_fn_8000FFD8.o
[731/872] GLOBALIZE build/GEDE01/src/game/game_fn_800094C0.o
[732/872] EXTERNALIZE build/GEDE01/src/game/game_fn_8000EFC4.o
[733/872] EXTERNALIZE build/GEDE01/src/game/game_fn_800096E0.o
[734/872] EXTERNALIZE build/GEDE01/src/game/game_fn_800098C0.o
[735/872] EXTERNALIZE build/GEDE01/src/game/game_fn_800099D8.o
[736/872] EXTERNALIZE build/GEDE01/src/game/game_fn_80009AB4.o
[737/872] EXTERNALIZE build/GEDE01/src/game/game_fn_8000A26C.o
[738/872] EXTERNALIZE build/GEDE01/src/game/game_fn_800171C0.o
[739/872] EXTERNALIZE build/GEDE01/src/game/game_fn_800176F0.o
[740/872] EXTERNALIZE build/GEDE01/src/game/game_fn_8000AC88.o
[741/872] EXTERNALIZE build/GEDE01/src/game/game_fn_8000AEB4.o
[742/872] EXTERNALIZE build/GEDE01/src/game/game_fn_8000AFB4.o
[743/872] EXTERNALIZE build/GEDE01/src/game/game_fn_8000B1B8.o
[744/872] EXTERNALIZE build/GEDE01/src/game/game_fn_8000B36C.o
[745/872] EXTERNALIZE build/GEDE01/src/game/game_fn_8000B630.o
[746/872] EXTERNALIZE build/GEDE01/src/game/game_fn_8000B7FC.o
[747/872] EXTERNALIZE build/GEDE01/src/game/game_fn_8000B900.o
[748/872] EXTERNALIZE build/GEDE01/src/game/game_fn_8000BA0C.o
[749/872] EXTERNALIZE build/GEDE01/src/game/game_fn_8000BAA0.o
[750/872] EXTERNALIZE build/GEDE01/src/game/game_fn_8000BC40.o
[751/872] EXTERNALIZE build/GEDE01/src/game/game_fn_8000C06C.o
[752/872] EXTERNALIZE build/GEDE01/src/game/game_fn_8000C17C.o
[753/872] EXTERNALIZE build/GEDE01/src/game/game_fn_8000C400.o
[754/872] EXTERNALIZE build/GEDE01/src/game/game_fn_8000C848.o
[755/872] EXTERNALIZE build/GEDE01/src/game/game_fn_8000C91C.o
[756/872] EXTERNALIZE build/GEDE01/src/game/game_fn_8000D0BC.o
[757/872] NAME SWITCH build/GEDE01/src/game/game_fn_8000D8A4.o
[758/872] EXTERNALIZE build/GEDE01/src/game/game_fn_8000D3D4.o
[759/872] EXTERNALIZE build/GEDE01/src/game/game_fn_8000E054.o
[760/872] EXTERNALIZE build/GEDE01/src/game/game_fn_8000E0AC.o
[761/872] EXTERNALIZE build/GEDE01/src/game/game_fn_8000E96C.o
[762/872] EXTERNALIZE build/GEDE01/src/game/game_fn_8000F774.o
[763/872] EXTERNALIZE build/GEDE01/src/game/game_fn_8000EB14.o
[764/872] EXTERNALIZE build/GEDE01/src/game/game_fn_8000EBD4.o
[765/872] EXTERNALIZE build/GEDE01/src/game/game_fn_8000ED44.o
[766/872] EXTERNALIZE build/GEDE01/src/game/game_fn_8000E138.o
[767/872] EXTERNALIZE build/GEDE01/src/game/game_fn_8000E1C4.o
[768/872] EXTERNALIZE build/GEDE01/src/game/game_fn_8000D590.o
[769/872] EXTERNALIZE build/GEDE01/src/game/game_fn_8000DA50.o
[770/872] EXTERNALIZE build/GEDE01/src/game/game_fn_8000DAF4.o
[771/872] EXTERNALIZE build/GEDE01/src/game/game_fn_80012DA8.o
[772/872] EXTERNALIZE build/GEDE01/src/game/game_fn_80012F40.o
[773/872] EXTERNALIZE build/GEDE01/src/game/game_fn_80012FD0.o
[774/872] EXTERNALIZE build/GEDE01/src/game/game_fn_800131E8.o
[775/872] EXTERNALIZE build/GEDE01/src/game/game_fn_80013340.o
[776/872] EXTERNALIZE build/GEDE01/src/game/game_fn_80013870.o
[777/872] EXTERNALIZE build/GEDE01/src/game/game_fn_80013CB0.o
[778/872] EXTERNALIZE build/GEDE01/src/game/game_fn_80013D54.o
[779/872] EXTERNALIZE build/GEDE01/src/game/game_fn_800142DC.o
[780/872] EXTERNALIZE build/GEDE01/src/game/game_fn_800144CC.o
[781/872] EXTERNALIZE build/GEDE01/src/game/game_fn_80014784.o
[782/872] EXTERNALIZE build/GEDE01/src/game/game_fn_800149D4.o
[783/872] EXTERNALIZE build/GEDE01/src/game/game_fn_80015058.o
[784/872] EXTERNALIZE build/GEDE01/src/game/game_fn_80015320.o
[785/872] EXTERNALIZE build/GEDE01/src/game/game_fn_80015568.o
[786/872] EXTERNALIZE build/GEDE01/src/game/game_fn_800156FC.o
[787/872] EXTERNALIZE build/GEDE01/src/game/game_fn_80015BE0.o
[788/872] EXTERNALIZE build/GEDE01/src/game/game_fn_80015D40.o
[789/872] EXTERNALIZE build/GEDE01/src/game/game_fn_80015F04.o
[790/872] EXTERNALIZE build/GEDE01/src/game/game_fn_80016128.o
[791/872] EXTERNALIZE build/GEDE01/src/game/game_fn_80016270.o
[792/872] EXTERNALIZE build/GEDE01/src/game/game_fn_80016904.o
[793/872] EXTERNALIZE build/GEDE01/src/game/game_fn_800173CC.o
[794/872] EXTERNALIZE build/GEDE01/src/game/game_fn_80016B24.o
[795/872] EXTERNALIZE build/GEDE01/src/game/game_fn_801BEF40.o
[796/872] EXTERNALIZE build/GEDE01/src/game/game_fn_801B86C0.o
[797/872] EXTERNALIZE STATIC POOL build/GEDE01/src/game/game_fn_801C4B5C.o
build/GEDE01/src/game/game_fn_801C4B5C.o: lbl_80628CB0 now undefined; section 6 emptied
[798/872] EXTERNALIZE build/GEDE01/src/game/game_fn_801C8600.o
[799/872] EXTERNALIZE build/GEDE01/src/game/game_fn_8001CA04.o
[800/872] EXTERNALIZE build/GEDE01/src/game/game_fn_80031544.o
[801/872] EXTERNALIZE build/GEDE01/src/game/game_fn_8006B0F0.o
[802/872] EXTERNALIZE build/GEDE01/src/game/game_fn_8007D4D8.o
[803/872] EXTERNALIZE build/GEDE01/src/game/game_fn_8007F770.o
[804/872] EXTERNALIZE build/GEDE01/src/game/game_fn_80088F4C.o
[805/872] EXTERNALIZE build/GEDE01/src/game/game_fn_8008A2E0.o
[806/872] EXTERNALIZE build/GEDE01/src/game/game_fn_80090004.o
[807/872] EXTERNALIZE build/GEDE01/src/game/game_fn_80095D10.o
[808/872] EXTERNALIZE build/GEDE01/src/game/game_fn_800A3180.o
[809/872] EXTERNALIZE build/GEDE01/src/game/game_fn_800BB7A8.o
[810/872] EXTERNALIZE build/GEDE01/src/game/game_fn_800BB5C4.o
[811/872] EXTERNALIZE build/GEDE01/src/game/game_fn_800BB9A4.o
[812/872] EXTERNALIZE build/GEDE01/src/game/game_fn_800BBAF0.o
[813/872] EXTERNALIZE build/GEDE01/src/game/game_fn_800D9E10.o
[814/872] EXTERNALIZE build/GEDE01/src/game/game_fn_8012976C.o
[815/872] EXTERNALIZE build/GEDE01/src/game/game_fn_8013DB8C.o
[816/872] EXTERNALIZE build/GEDE01/src/game/game_fn_8013CBE4.o
[817/872] EXTERNALIZE build/GEDE01/src/game/game_fn_8014CA98.o
[818/872] EXTERNALIZE build/GEDE01/src/game/game_fn_80153A24.o
[819/872] EXTERNALIZE build/GEDE01/src/game/game_fn_801535D8.o
[820/872] EXTERNALIZE build/GEDE01/src/game/game_fn_80174F2C.o
[821/872] EXTERNALIZE build/GEDE01/src/game/game_fn_8017AC20.o
[822/872] EXTERNALIZE build/GEDE01/src/game/game_fn_8018680C.o
[823/872] EXTERNALIZE build/GEDE01/src/game/game_fn_80186F70.o
[824/872] EXTERNALIZE build/GEDE01/src/game/game_fn_80187320.o
[825/872] EXTERNALIZE build/GEDE01/src/game/game_fn_801810A0.o
[826/872] EXTERNALIZE build/GEDE01/src/game/game_fn_801875FC.o
[827/872] EXTERNALIZE build/GEDE01/src/game/game_fn_800542D0.o
[828/872] EXTERNALIZE build/GEDE01/src/game/game_fn_80187BB4.o
[829/872] EXTERNALIZE build/GEDE01/src/game/game_fn_8018E0D8.o
[830/872] EXTERNALIZE build/GEDE01/src/game/game_fn_8019120C.o
[831/872] EXTERNALIZE build/GEDE01/src/game/game_fn_8018D400.o
[832/872] EXTERNALIZE build/GEDE01/src/game/game_fn_801926EC.o
[833/872] EXTERNALIZE build/GEDE01/src/game/game_fn_801916D0.o
[834/872] EXTERNALIZE build/GEDE01/src/game/game_fn_801929A4.o
[835/872] EXTERNALIZE build/GEDE01/src/game/game_fn_801A2A54.o
[836/872] EXTERNALIZE build/GEDE01/src/game/game_fn_801A34BC.o
[837/872] EXTERNALIZE build/GEDE01/src/game/game_fn_801A657C.o
[838/872] EXTERNALIZE build/GEDE01/src/game/game_fn_801D1F78.o
[839/872] EXTERNALIZE build/GEDE01/src/game/game_fn_801E2A48.o
[840/872] EXTERNALIZE build/GEDE01/src/game/game_fn_801E6814.o
[841/872] EXTERNALIZE build/GEDE01/src/game/game_fn_801EF580.o
[842/872] EXTERNALIZE build/GEDE01/src/game/game_fn_801F10BC.o
[843/872] EXTERNALIZE build/GEDE01/src/game/game_fn_801F35A8.o
[844/872] EXTERNALIZE build/GEDE01/src/game/game_fn_801ECD74.o
[845/872] EXTERNALIZE build/GEDE01/src/game/game_fn_801ED5F4.o
[846/872] EXTERNALIZE build/GEDE01/src/game/game_fn_801F69F0.o
[847/872] EXTERNALIZE build/GEDE01/src/game/game_fn_801F76EC.o
[848/872] EXTERNALIZE build/GEDE01/src/game/game_fn_801F8264.o
[849/872] EXTERNALIZE build/GEDE01/src/game/game_fn_801F89B4.o
[850/872] EXTERNALIZE build/GEDE01/src/game/game_fn_801F9AF8.o
[851/872] EXTERNALIZE build/GEDE01/src/game/game_fn_801F6BD8.o
[852/872] EXTERNALIZE build/GEDE01/src/game/game_fn_801FB6A4.o
[853/872] EXTERNALIZE JUMPTABLES build/GEDE01/src/game/game_fn_800361F8.o
[854/872] EXTERNALIZE JUMPTABLES build/GEDE01/src/game/game_fn_8006E53C.o
[855/872] EXTERNALIZE JUMPTABLES build/GEDE01/src/game/game_fn_800CF598.o
[856/872] EXTERNALIZE JUMPTABLES build/GEDE01/src/game/game_fn_801ACFE8.o
[857/872] EXTERNALIZE build/GEDE01/src/game/game_fn_80154F74.o
[858/872] EXTERNALIZE JUMPTABLES build/GEDE01/src/game/game_fn_801B1BA0.o
[859/872] EXTERNALIZE build/GEDE01/src/game/game_fn_8009E808.o
[860/872] EXTERNALIZE build/GEDE01/src/game/game_fn_801F1A38.o
[861/872] EXTERNALIZE build/GEDE01/src/game/game_fn_801F55A0.o
[862/872] EXTERNALIZE build/GEDE01/src/game/game_fn_801FFE78.o
[863/872] EXTERNALIZE build/GEDE01/src/game/game_fn_801F7510.o
[864/872] EXTERNALIZE build/GEDE01/src/game/game_fn_801F9CF4.o
[865/872] EXTERNALIZE build/GEDE01/src/game/game_fn_801FC034.o
[866/872] EXTERNALIZE build/GEDE01/src/game/game_fn_801FA9C8.o
[867/872] REPORT
 INFO Loading project .
 INFO Generating report for 7068 units (using 8 threads)
 INFO Report generated in 0.273s
 INFO Writing to build/GEDE01/report.json
[868/872] LINK build/GEDE01/main.elf
### mwldeppc.exe Linker Warning:
#   Section '.ignored' is unknown. Section ignored.
### mwldeppc.exe Linker Warning:
#   Section '.ignored' is unknown. Section ignored.
### mwldeppc.exe Linker Warning:
#   Section '.ignored' is unknown. Section ignored.
### mwldeppc.exe Linker Warning:
#   Section '.ignored' is unknown. Section ignored.
### mwldeppc.exe Linker Warning:
#   Section '.ignored' is unknown. Section ignored.
### mwldeppc.exe Linker Warning:
#   Section '.ignored' is unknown. Section ignored.
### mwldeppc.exe Linker Warning:
#   Section '.ignored' is unknown. Section ignored.
### mwldeppc.exe Linker Warning:
#   Section '.ignored' is unknown. Section ignored.
### mwldeppc.exe Linker Warning:
#   Section '.ignored' is unknown. Section ignored.
### mwldeppc.exe Linker Warning:
#   Section '.ignored' is unknown. Section ignored.
### mwldeppc.exe Linker Warning:
#   Section '.ignored' is unknown. Section ignored.
### mwldeppc.exe Linker Warning:
#   Section '.ignored' is unknown. Section ignored.
### mwldeppc.exe Linker Warning:
#   Section '.ignored' is unknown. Section ignored.
### mwldeppc.exe Linker Warning:
#   Section '.ignored' is unknown. Section ignored.
### mwldeppc.exe Linker Warning:
#   Section '.ignored' is unknown. Section ignored.
### mwldeppc.exe Linker Warning:
#   Section '.ignored' is unknown. Section ignored.
### mwldeppc.exe Linker Warning:
#   Section '.ignored' is unknown. Section ignored.
### mwldeppc.exe Linker Warning:
#   Section '.ignored' is unknown. Section ignored.
### mwldeppc.exe Linker Warning:
#   Section '.ignored' is unknown. Section ignored.
### mwldeppc.exe Linker Warning:
#   Section '.ignored' is unknown. Section ignored.
### mwldeppc.exe Linker Warning:
#   Section '.ignored' is unknown. Section ignored.
### mwldeppc.exe Linker Warning:
#   Section '.ignored' is unknown. Section ignored.
### mwldeppc.exe Linker Warning:
#   Section '.ignored' is unknown. Section ignored.
### mwldeppc.exe Linker Warning:
#   Section '.ignored' is unknown. Section ignored.
### mwldeppc.exe Linker Warning:
#   Section '.ignored' is unknown. Section ignored.
### mwldeppc.exe Linker Warning:
#   Section '.ignored' is unknown. Section ignored.
### mwldeppc.exe Linker Warning:
#   Section '.ignored' is unknown. Section ignored.
### mwldeppc.exe Linker Warning:
#   Section '.ignored' is unknown. Section ignored.
### mwldeppc.exe Linker Warning:
#   Section '.ignored' is unknown. Section ignored.
### mwldeppc.exe Linker Warning:
#   Section '.ignored' is unknown. Section ignored.
### mwldeppc.exe Linker Warning:
#   Section '.ignored' is unknown. Section ignored.
### mwldeppc.exe Linker Warning:
#   Section '.ignored' is unknown. Section ignored.
### mwldeppc.exe Linker Warning:
#   Section '.ignored' is unknown. Section ignored.
### mwldeppc.exe Linker Warning:
#   Section '.ignored' is unknown. Section ignored.
### mwldeppc.exe Linker Warning:
#   Section '.ignored' is unknown. Section ignored.
### mwldeppc.exe Linker Warning:
#   Section '.ignored' is unknown. Section ignored.
### mwldeppc.exe Linker Warning:
#   Section '.ignored' is unknown. Section ignored.
### mwldeppc.exe Linker Warning:
#   Section '.ignored' is unknown. Section ignored.
### mwldeppc.exe Linker Warning:
#   Section '.ignored' is unknown. Section ignored.
### mwldeppc.exe Linker Warning:
#   Section '.ignored' is unknown. Section ignored.
### mwldeppc.exe Linker Warning:
#   Section '.ignored' is unknown. Section ignored.
### mwldeppc.exe Linker Warning:
#   Section '.ignored' is unknown. Section ignored.
### mwldeppc.exe Linker Warning:
#   Section '.ignored' is unknown. Section ignored.
### mwldeppc.exe Linker Warning:
#   Section '.ignored' is unknown. Section ignored.
### mwldeppc.exe Linker Warning:
#   Section '.ignored' is unknown. Section ignored.
### mwldeppc.exe Linker Warning:
#   Section '.ignored' is unknown. Section ignored.
### mwldeppc.exe Linker Warning:
#   Section '.ignored' is unknown. Section ignored.
### mwldeppc.exe Linker Warning:
#   Section '.ignored' is unknown. Section ignored.
### mwldeppc.exe Linker Warning:
#   Section '.ignored' is unknown. Section ignored.
### mwldeppc.exe Linker Warning:
#   Section '.ignored' is unknown. Section ignored.
### mwldeppc.exe Linker Warning:
#   Section '.ignored' is unknown. Section ignored.
### mwldeppc.exe Linker Warning:
#   Section '.ignored' is unknown. Section ignored.
### mwldeppc.exe Linker Warning:
#   Section '.ignored' is unknown. Section ignored.
### mwldeppc.exe Linker Warning:
#   Section '.ignored' is unknown. Section ignored.
### mwldeppc.exe Linker Warning:
#   Section '.ignored' is unknown. Section ignored.
### mwldeppc.exe Linker Warning:
#   Section '.ignored' is unknown. Section ignored.
### mwldeppc.exe Linker Warning:
#   Section '.ignored' is unknown. Section ignored.
### mwldeppc.exe Linker Warning:
#   Section '.ignored' is unknown. Section ignored.
### mwldeppc.exe Linker Warning:
#   Section '.ignored' is unknown. Section ignored.
### mwldeppc.exe Linker Warning:
#   Section '.ignored' is unknown. Section ignored.
### mwldeppc.exe Linker Warning:
#   Section '.ignored' is unknown. Section ignored.
### mwldeppc.exe Linker Warning:
#   Section '.ignored' is unknown. Section ignored.
### mwldeppc.exe Linker Warning:
#   Section '.ignored' is unknown. Section ignored.
### mwldeppc.exe Linker Warning:
#   Section '.ignored' is unknown. Section ignored.
### mwldeppc.exe Linker Warning:
#   Section '.ignored' is unknown. Section ignored.
### mwldeppc.exe Linker Warning:
#   Section '.ignored' is unknown. Section ignored.
### mwldeppc.exe Linker Warning:
#   Section '.ignored' is unknown. Section ignored.
### mwldeppc.exe Linker Warning:
#   Section '.ignored' is unknown. Section ignored.
### mwldeppc.exe Linker Warning:
#   Section '.ignored' is unknown. Section ignored.
### mwldeppc.exe Linker Warning:
#   Section '.ignored' is unknown. Section ignored.
### mwldeppc.exe Linker Warning:
#   Section '.ignored' is unknown. Section ignored.
### mwldeppc.exe Linker Warning:
#   Section '.ignored' is unknown. Section ignored.
### mwldeppc.exe Linker Warning:
#   Section '.ignored' is unknown. Section ignored.
### mwldeppc.exe Linker Warning:
#   Section '.ignored' is unknown. Section ignored.
### mwldeppc.exe Linker Warning:
#   Section '.ignored' is unknown. Section ignored.
### mwldeppc.exe Linker Warning:
#   Section '.ignored' is unknown. Section ignored.
### mwldeppc.exe Linker Warning:
#   Section '.ignored' is unknown. Section ignored.
### mwldeppc.exe Linker Warning:
#   Section '.ignored' is unknown. Section ignored.
### mwldeppc.exe Linker Warning:
#   Section '.ignored' is unknown. Section ignored.
### mwldeppc.exe Linker Warning:
#   Section '.ignored' is unknown. Section ignored.
### mwldeppc.exe Linker Warning:
#   Section '.ignored' is unknown. Section ignored.
### mwldeppc.exe Linker Warning:
#   Section '.ignored' is unknown. Section ignored.
### mwldeppc.exe Linker Warning:
#   Section '.ignored' is unknown. Section ignored.
### mwldeppc.exe Linker Warning:
#   Section '.ignored' is unknown. Section ignored.
### mwldeppc.exe Linker Warning:
#   Section '.ignored' is unknown. Section ignored.
### mwldeppc.exe Linker Warning:
#   Section '.ignored' is unknown. Section ignored.
### mwldeppc.exe Linker Warning:
#   Section '.ignored' is unknown. Section ignored.
### mwldeppc.exe Linker Warning:
#   Section '.ignored' is unknown. Section ignored.
### mwldeppc.exe Linker Warning:
#   Section '.ignored' is unknown. Section ignored.
### mwldeppc.exe Linker Warning:
#   Section '.ignored' is unknown. Section ignored.
### mwldeppc.exe Linker Warning:
#   Section '.ignored' is unknown. Section ignored.
### mwldeppc.exe Linker Warning:
#   Section '.ignored' is unknown. Section ignored.
### mwldeppc.exe Linker Warning:
#   Section '.ignored' is unknown. Section ignored.
### mwldeppc.exe Linker Warning:
#   Section '.ignored' is unknown. Section ignored.
### mwldeppc.exe Linker Warning:
#   Section '.ignored' is unknown. Section ignored.
### mwldeppc.exe Linker Warning:
#   Section '.ignored' is unknown. Section ignored.
### mwldeppc.exe Linker Warning:
#   Section '.ignored' is unknown. Section ignored.
### mwldeppc.exe Linker Warning:
#   Section '.ignored' is unknown. Section ignored.
### mwldeppc.exe Linker Warning:
#   Section '.ignored' is unknown. Section ignored.
### mwldeppc.exe Linker Warning:
#   Section '.ignored' is unknown. Section ignored.
### mwldeppc.exe Linker Warning:
#   Section '.ignored' is unknown. Section ignored.
### mwldeppc.exe Linker Warning:
#   Section '.ignored' is unknown. Section ignored.
### mwldeppc.exe Linker Warning:
#   Section '.ignored' is unknown. Section ignored.
### mwldeppc.exe Linker Warning:
#   Section '.ignored' is unknown. Section ignored.
### mwldeppc.exe Linker Warning:
#   Section '.ignored' is unknown. Section ignored.
### mwldeppc.exe Linker Warning:
#   Section '.ignored' is unknown. Section ignored.
### mwldeppc.exe Linker Warning:
#   Section '.ignored' is unknown. Section ignored.
### mwldeppc.exe Linker Warning:
#   Section '.ignored' is unknown. Section ignored.
### mwldeppc.exe Linker Warning:
#   Section '.ignored' is unknown. Section ignored.
### mwldeppc.exe Linker Warning:
#   Section '.ignored' is unknown. Section ignored.
### mwldeppc.exe Linker Warning:
#   Section '.ignored' is unknown. Section ignored.
### mwldeppc.exe Linker Warning:
#   Section '.ignored' is unknown. Section ignored.
### mwldeppc.exe Linker Warning:
#   Section '.ignored' is unknown. Section ignored.
### mwldeppc.exe Linker Warning:
#   Section '.ignored' is unknown. Section ignored.
### mwldeppc.exe Linker Warning:
#   Section '.ignored' is unknown. Section ignored.
### mwldeppc.exe Linker Warning:
#   Section '.ignored' is unknown. Section ignored.
### mwldeppc.exe Linker Warning:
#   Section '.ignored' is unknown. Section ignored.
### mwldeppc.exe Linker Warning:
#   Section '.ignored' is unknown. Section ignored.
### mwldeppc.exe Linker Warning:
#   Section '.ignored' is unknown. Section ignored.
### mwldeppc.exe Linker Warning:
#   Section '.ignored' is unknown. Section ignored.
### mwldeppc.exe Linker Warning:
#   Section '.ignored' is unknown. Section ignored.
### mwldeppc.exe Linker Warning:
#   Section '.ignored' is unknown. Section ignored.
### mwldeppc.exe Linker Warning:
#   Section '.ignored' is unknown. Section ignored.
### mwldeppc.exe Linker Warning:
#   Section '.ignored' is unknown. Section ignored.
### mwldeppc.exe Linker Warning:
#   Section '.ignored' is unknown. Section ignored.
### mwldeppc.exe Linker Warning:
#   Section '.ignored' is unknown. Section ignored.
### mwldeppc.exe Linker Warning:
#   Section '.ignored' is unknown. Section ignored.
### mwldeppc.exe Linker Warning:
#   Section '.ignored' is unknown. Section ignored.
### mwldeppc.exe Linker Warning:
#   Section '.ignored' is unknown. Section ignored.
### mwldeppc.exe Linker Warning:
#   Section '.ignored' is unknown. Section ignored.
### mwldeppc.exe Linker Warning:
#   Section '.ignored' is unknown. Section ignored.
### mwldeppc.exe Linker Warning:
#   Section '.ignored' is unknown. Section ignored.
### mwldeppc.exe Linker Warning:
#   Section '.ignored' is unknown. Section ignored.
### mwldeppc.exe Linker Warning:
#   Section '.ignored' is unknown. Section ignored.
### mwldeppc.exe Linker Warning:
#   Section '.ignored' is unknown. Section ignored.
### mwldeppc.exe Linker Warning:
#   Section '.ignored' is unknown. Section ignored.
### mwldeppc.exe Linker Warning:
#   Section '.ignored' is unknown. Section ignored.
### mwldeppc.exe Linker Warning:
#   Section '.ignored' is unknown. Section ignored.
### mwldeppc.exe Linker Warning:
#   Section '.ignored' is unknown. Section ignored.
### mwldeppc.exe Linker Warning:
#   Section '.ignored' is unknown. Section ignored.
### mwldeppc.exe Linker Warning:
#   Section '.ignored' is unknown. Section ignored.
### mwldeppc.exe Linker Warning:
#   Section '.ignored' is unknown. Section ignored.
### mwldeppc.exe Linker Warning:
#   Section '.ignored' is unknown. Section ignored.
### mwldeppc.exe Linker Warning:
#   Section '.ignored' is unknown. Section ignored.
### mwldeppc.exe Linker Warning:
#   Section '.ignored' is unknown. Section ignored.
### mwldeppc.exe Linker Warning:
#   Section '.ignored' is unknown. Section ignored.
### mwldeppc.exe Linker Warning:
#   Section '.ignored' is unknown. Section ignored.
### mwldeppc.exe Linker Warning:
#   Section '.ignored' is unknown. Section ignored.
### mwldeppc.exe Linker Warning:
#   Section '.ignored' is unknown. Section ignored.
### mwldeppc.exe Linker Warning:
#   Section '.ignored' is unknown. Section ignored.
### mwldeppc.exe Linker Warning:
#   Section '.ignored' is unknown. Section ignored.
### mwldeppc.exe Linker Warning:
#   Section '.ignored' is unknown. Section ignored.
### mwldeppc.exe Linker Warning:
#   Section '.ignored' is unknown. Section ignored.
### mwldeppc.exe Linker Warning:
#   Section '.ignored' is unknown. Section ignored.
### mwldeppc.exe Linker Warning:
#   Section '.ignored' is unknown. Section ignored.
### mwldeppc.exe Linker Warning:
#   Section '.ignored' is unknown. Section ignored.
### mwldeppc.exe Linker Warning:
#   Section '.ignored' is unknown. Section ignored.
### mwldeppc.exe Linker Warning:
#   Section '.ignored' is unknown. Section ignored.
### mwldeppc.exe Linker Warning:
#   Section '.ignored' is unknown. Section ignored.
### mwldeppc.exe Linker Warning:
#   Section '.ignored' is unknown. Section ignored.
### mwldeppc.exe Linker Warning:
#   Section '.ignored' is unknown. Section ignored.
### mwldeppc.exe Linker Warning:
#   Section '.ignored' is unknown. Section ignored.
### mwldeppc.exe Linker Warning:
#   Section '.ignored' is unknown. Section ignored.
### mwldeppc.exe Linker Warning:
#   Section '.ignored' is unknown. Section ignored.
### mwldeppc.exe Linker Warning:
#   Section '.ignored' is unknown. Section ignored.
### mwldeppc.exe Linker Warning:
#   Section '.ignored' is unknown. Section ignored.
### mwldeppc.exe Linker Warning:
#   Section '.ignored' is unknown. Section ignored.
### mwldeppc.exe Linker Warning:
#   Section '.ignored' is unknown. Section ignored.
### mwldeppc.exe Linker Warning:
#   Section '.ignored' is unknown. Section ignored.
### mwldeppc.exe Linker Warning:
#   Section '.ignored' is unknown. Section ignored.
### mwldeppc.exe Linker Warning:
#   Section '.ignored' is unknown. Section ignored.
### mwldeppc.exe Linker Warning:
#   Section '.ignored' is unknown. Section ignored.
### mwldeppc.exe Linker Warning:
#   Section '.ignored' is unknown. Section ignored.
### mwldeppc.exe Linker Warning:
#   Section '.ignored' is unknown. Section ignored.
### mwldeppc.exe Linker Warning:
#   Section '.ignored' is unknown. Section ignored.
### mwldeppc.exe Linker Warning:
#   Section '.ignored' is unknown. Section ignored.
### mwldeppc.exe Linker Warning:
#   Section '.ignored' is unknown. Section ignored.
### mwldeppc.exe Linker Warning:
#   Section '.ignored' is unknown. Section ignored.
### mwldeppc.exe Linker Warning:
#   Section '.ignored' is unknown. Section ignored.
### mwldeppc.exe Linker Warning:
#   Section '.ignored' is unknown. Section ignored.
### mwldeppc.exe Linker Warning:
#   Section '.ignored' is unknown. Section ignored.
### mwldeppc.exe Linker Warning:
#   Section '.ignored' is unknown. Section ignored.
### mwldeppc.exe Linker Warning:
#   Section '.ignored' is unknown. Section ignored.
### mwldeppc.exe Linker Warning:
#   Section '.ignored' is unknown. Section ignored.
### mwldeppc.exe Linker Warning:
#   Section '.ignored' is unknown. Section ignored.
### mwldeppc.exe Linker Warning:
#   Section '.ignored' is unknown. Section ignored.
### mwldeppc.exe Linker Warning:
#   Section '.ignored' is unknown. Section ignored.
### mwldeppc.exe Linker Warning:
#   Section '.ignored' is unknown. Section ignored.
### mwldeppc.exe Linker Warning:
#   Section '.ignored' is unknown. Section ignored.
### mwldeppc.exe Linker Warning:
#   Section '.ignored' is unknown. Section ignored.
### mwldeppc.exe Linker Warning:
#   Section '.ignored' is unknown. Section ignored.
### mwldeppc.exe Linker Warning:
#   Section '.ignored' is unknown. Section ignored.
### mwldeppc.exe Linker Warning:
#   Section '.ignored' is unknown. Section ignored.
### mwldeppc.exe Linker Warning:
#   Section '.ignored' is unknown. Section ignored.
### mwldeppc.exe Linker Warning:
#   Section '.ignored' is unknown. Section ignored.
### mwldeppc.exe Linker Warning:
#   Section '.ignored' is unknown. Section ignored.
### mwldeppc.exe Linker Warning:
#   Section '.ignored' is unknown. Section ignored.
### mwldeppc.exe Linker Warning:
#   Section '.ignored' is unknown. Section ignored.
### mwldeppc.exe Linker Warning:
#   Section '.ignored' is unknown. Section ignored.
### mwldeppc.exe Linker Warning:
#   Section '.ignored' is unknown. Section ignored.
### mwldeppc.exe Linker Warning:
#   Section '.ignored' is unknown. Section ignored.
### mwldeppc.exe Linker Warning:
#   Section '.ignored' is unknown. Section ignored.
### mwldeppc.exe Linker Warning:
#   Section '.ignored' is unknown. Section ignored.
### mwldeppc.exe Linker Warning:
#   Section '.ignored' is unknown. Section ignored.
### mwldeppc.exe Linker Warning:
#   Section '.ignored' is unknown. Section ignored.
### mwldeppc.exe Linker Warning:
#   Section '.ignored' is unknown. Section ignored.
### mwldeppc.exe Linker Warning:
#   Section '.ignored' is unknown. Section ignored.
### mwldeppc.exe Linker Warning:
#   Section '.ignored' is unknown. Section ignored.
### mwldeppc.exe Linker Warning:
#   Section '.ignored' is unknown. Section ignored.
### mwldeppc.exe Linker Warning:
#   Section '.ignored' is unknown. Section ignored.
### mwldeppc.exe Linker Warning:
#   Section '.ignored' is unknown. Section ignored.
### mwldeppc.exe Linker Warning:
#   Section '.ignored' is unknown. Section ignored.
### mwldeppc.exe Linker Warning:
#   Section '.ignored' is unknown. Section ignored.
### mwldeppc.exe Linker Warning:
#   Section '.ignored' is unknown. Section ignored.
### mwldeppc.exe Linker Warning:
#   Section '.ignored' is unknown. Section ignored.
### mwldeppc.exe Linker Warning:
#   Section '.ignored' is unknown. Section ignored.
### mwldeppc.exe Linker Warning:
#   Section '.ignored' is unknown. Section ignored.
### mwldeppc.exe Linker Warning:
#   Section '.ignored' is unknown. Section ignored.
### mwldeppc.exe Linker Warning:
#   Section '.ignored' is unknown. Section ignored.
### mwldeppc.exe Linker Warning:
#   Section '.ignored' is unknown. Section ignored.
### mwldeppc.exe Linker Warning:
#   Section '.ignored' is unknown. Section ignored.
### mwldeppc.exe Linker Warning:
#   Section '.ignored' is unknown. Section ignored.
### mwldeppc.exe Linker Warning:
#   Section '.ignored' is unknown. Section ignored.
### mwldeppc.exe Linker Warning:
#   Section '.ignored' is unknown. Section ignored.
### mwldeppc.exe Linker Warning:
#   Section '.ignored' is unknown. Section ignored.
### mwldeppc.exe Linker Warning:
#   Section '.ignored' is unknown. Section ignored.
### mwldeppc.exe Linker Warning:
#   Section '.ignored' is unknown. Section ignored.
### mwldeppc.exe Linker Warning:
#   Section '.ignored' is unknown. Section ignored.
### mwldeppc.exe Linker Warning:
#   Section '.ignored' is unknown. Section ignored.
### mwldeppc.exe Linker Warning:
#   Section '.ignored' is unknown. Section ignored.
### mwldeppc.exe Linker Warning:
#   Section '.ignored' is unknown. Section ignored.
### mwldeppc.exe Linker Warning:
#   Section '.ignored' is unknown. Section ignored.
### mwldeppc.exe Linker Warning:
#   Section '.ignored' is unknown. Section ignored.
### mwldeppc.exe Linker Warning:
#   Section '.ignored' is unknown. Section ignored.
### mwldeppc.exe Linker Warning:
#   Section '.ignored' is unknown. Section ignored.
### mwldeppc.exe Linker Warning:
#   Section '.ignored' is unknown. Section ignored.
### mwldeppc.exe Linker Warning:
#   Section '.ignored' is unknown. Section ignored.
### mwldeppc.exe Linker Warning:
#   Section '.ignored' is unknown. Section ignored.
### mwldeppc.exe Linker Warning:
#   Section '.ignored' is unknown. Section ignored.
### mwldeppc.exe Linker Warning:
#   Section '.ignored' is unknown. Section ignored.
### mwldeppc.exe Linker Warning:
#   Section '.ignored' is unknown. Section ignored.
### mwldeppc.exe Linker Warning:
#   Section '.ignored' is unknown. Section ignored.
### mwldeppc.exe Linker Warning:
#   Section '.ignored' is unknown. Section ignored.
### mwldeppc.exe Linker Warning:
#   Section '.ignored' is unknown. Section ignored.
### mwldeppc.exe Linker Warning:
#   Section '.ignored' is unknown. Section ignored.
### mwldeppc.exe Linker Warning:
#   Section '.ignored' is unknown. Section ignored.
### mwldeppc.exe Linker Warning:
#   Section '.ignored' is unknown. Section ignored.
### mwldeppc.exe Linker Warning:
#   Section '.ignored' is unknown. Section ignored.
### mwldeppc.exe Linker Warning:
#   Section '.ignored' is unknown. Section ignored.
### mwldeppc.exe Linker Warning:
#   Section '.ignored' is unknown. Section ignored.
### mwldeppc.exe Linker Warning:
#   Section '.ignored' is unknown. Section ignored.
### mwldeppc.exe Linker Warning:
#   Section '.ignored' is unknown. Section ignored.
### mwldeppc.exe Linker Warning:
#   Section '.ignored' is unknown. Section ignored.
### mwldeppc.exe Linker Warning:
#   Section '.ignored' is unknown. Section ignored.
### mwldeppc.exe Linker Warning:
#   Section '.ignored' is unknown. Section ignored.
### mwldeppc.exe Linker Warning:
#   Section '.ignored' is unknown. Section ignored.
### mwldeppc.exe Linker Warning:
#   Section '.ignored' is unknown. Section ignored.
### mwldeppc.exe Linker Warning:
#   Section '.ignored' is unknown. Section ignored.
### mwldeppc.exe Linker Warning:
#   Section '.ignored' is unknown. Section ignored.
### mwldeppc.exe Linker Warning:
#   Section '.ignored' is unknown. Section ignored.
### mwldeppc.exe Linker Warning:
#   Section '.ignored' is unknown. Section ignored.
### mwldeppc.exe Linker Warning:
#   Section '.ignored' is unknown. Section ignored.
### mwldeppc.exe Linker Warning:
#   Section '.ignored' is unknown. Section ignored.
### mwldeppc.exe Linker Warning:
#   Section '.ignored' is unknown. Section ignored.
### mwldeppc.exe Linker Warning:
#   Section '.ignored' is unknown. Section ignored.
### mwldeppc.exe Linker Warning:
#   Section '.ignored' is unknown. Section ignored.
### mwldeppc.exe Linker Warning:
#   Section '.ignored' is unknown. Section ignored.
### mwldeppc.exe Linker Warning:
#   Section '.ignored' is unknown. Section ignored.
### mwldeppc.exe Linker Warning:
#   Section '.ignored' is unknown. Section ignored.
### mwldeppc.exe Linker Warning:
#   Section '.ignored' is unknown. Section ignored.
### mwldeppc.exe Linker Warning:
#   Section '.ignored' is unknown. Section ignored.
### mwldeppc.exe Linker Warning:
#   Section '.ignored' is unknown. Section ignored.
### mwldeppc.exe Linker Warning:
#   Section '.ignored' is unknown. Section ignored.
### mwldeppc.exe Linker Warning:
#   Section '.ignored' is unknown. Section ignored.
### mwldeppc.exe Linker Warning:
#   Section '.ignored' is unknown. Section ignored.
### mwldeppc.exe Linker Warning:
#   Section '.ignored' is unknown. Section ignored.
### mwldeppc.exe Linker Warning:
#   Section '.ignored' is unknown. Section ignored.
### mwldeppc.exe Linker Warning:
#   Section '.ignored' is unknown. Section ignored.
### mwldeppc.exe Linker Warning:
#   Section '.ignored' is unknown. Section ignored.
### mwldeppc.exe Linker Warning:
#   Section '.ignored' is unknown. Section ignored.
### mwldeppc.exe Linker Warning:
#   Section '.ignored' is unknown. Section ignored.
### mwldeppc.exe Linker Warning:
#   Section '.ignored' is unknown. Section ignored.
### mwldeppc.exe Linker Warning:
#   Section '.ignored' is unknown. Section ignored.
### mwldeppc.exe Linker Warning:
#   Section '.ignored' is unknown. Section ignored.
### mwldeppc.exe Linker Warning:
#   Section '.ignored' is unknown. Section ignored.
### mwldeppc.exe Linker Warning:
#   Section '.ignored' is unknown. Section ignored.
### mwldeppc.exe Linker Warning:
#   Section '.ignored' is unknown. Section ignored.
### mwldeppc.exe Linker Warning:
#   Section '.ignored' is unknown. Section ignored.
### mwldeppc.exe Linker Warning:
#   Section '.ignored' is unknown. Section ignored.
### mwldeppc.exe Linker Warning:
#   Section '.ignored' is unknown. Section ignored.
### mwldeppc.exe Linker Warning:
#   Section '.ignored' is unknown. Section ignored.
### mwldeppc.exe Linker Warning:
#   Section '.ignored' is unknown. Section ignored.
### mwldeppc.exe Linker Warning:
#   Section '.ignored' is unknown. Section ignored.
### mwldeppc.exe Linker Warning:
#   Section '.ignored' is unknown. Section ignored.
### mwldeppc.exe Linker Warning:
#   Section '.ignored' is unknown. Section ignored.
### mwldeppc.exe Linker Warning:
#   Section '.ignored' is unknown. Section ignored.
### mwldeppc.exe Linker Warning:
#   Section '.ignored' is unknown. Section ignored.
### mwldeppc.exe Linker Warning:
#   Section '.ignored' is unknown. Section ignored.
### mwldeppc.exe Linker Warning:
#   Section '.ignored' is unknown. Section ignored.
### mwldeppc.exe Linker Warning:
#   Section '.ignored' is unknown. Section ignored.
### mwldeppc.exe Linker Warning:
#   Section '.ignored' is unknown. Section ignored.
### mwldeppc.exe Linker Warning:
#   Section '.ignored' is unknown. Section ignored.
### mwldeppc.exe Linker Warning:
#   Section '.ignored' is unknown. Section ignored.
### mwldeppc.exe Linker Warning:
#   Section '.ignored' is unknown. Section ignored.
### mwldeppc.exe Linker Warning:
#   Section '.ignored' is unknown. Section ignored.
### mwldeppc.exe Linker Warning:
#   Section '.ignored' is unknown. Section ignored.
### mwldeppc.exe Linker Warning:
#   Section '.ignored' is unknown. Section ignored.
### mwldeppc.exe Linker Warning:
#   Section '.ignored' is unknown. Section ignored.
### mwldeppc.exe Linker Warning:
#   Section '.ignored' is unknown. Section ignored.
### mwldeppc.exe Linker Warning:
#   Section '.ignored' is unknown. Section ignored.
### mwldeppc.exe Linker Warning:
#   Section '.ignored' is unknown. Section ignored.
### mwldeppc.exe Linker Warning:
#   Section '.ignored' is unknown. Section ignored.
### mwldeppc.exe Linker Warning:
#   Section '.ignored' is unknown. Section ignored.
### mwldeppc.exe Linker Warning:
#   Section '.ignored' is unknown. Section ignored.
### mwldeppc.exe Linker Warning:
#   Section '.ignored' is unknown. Section ignored.
### mwldeppc.exe Linker Warning:
#   Section '.ignored' is unknown. Section ignored.
### mwldeppc.exe Linker Warning:
#   Section '.ignored' is unknown. Section ignored.
### mwldeppc.exe Linker Warning:
#   Section '.ignored' is unknown. Section ignored.
### mwldeppc.exe Linker Warning:
#   Section '.ignored' is unknown. Section ignored.
### mwldeppc.exe Linker Warning:
#   Section '.ignored' is unknown. Section ignored.
### mwldeppc.exe Linker Warning:
#   Section '.ignored' is unknown. Section ignored.
### mwldeppc.exe Linker Warning:
#   Section '.ignored' is unknown. Section ignored.
### mwldeppc.exe Linker Warning:
#   Section '.ignored' is unknown. Section ignored.
### mwldeppc.exe Linker Warning:
#   Section '.ignored' is unknown. Section ignored.
### mwldeppc.exe Linker Warning:
#   Section '.ignored' is unknown. Section ignored.
### mwldeppc.exe Linker Warning:
#   Section '.ignored' is unknown. Section ignored.
### mwldeppc.exe Linker Warning:
#   Section '.ignored' is unknown. Section ignored.
### mwldeppc.exe Linker Warning:
#   Section '.ignored' is unknown. Section ignored.
### mwldeppc.exe Linker Warning:
#   Section '.ignored' is unknown. Section ignored.
### mwldeppc.exe Linker Warning:
#   Section '.ignored' is unknown. Section ignored.
### mwldeppc.exe Linker Warning:
#   Section '.ignored' is unknown. Section ignored.
### mwldeppc.exe Linker Warning:
#   Section '.ignored' is unknown. Section ignored.
### mwldeppc.exe Linker Warning:
#   Section '.ignored' is unknown. Section ignored.
### mwldeppc.exe Linker Warning:
#   Section '.ignored' is unknown. Section ignored.
### mwldeppc.exe Linker Warning:
#   Section '.ignored' is unknown. Section ignored.
### mwldeppc.exe Linker Warning:
#   Section '.ignored' is unknown. Section ignored.
### mwldeppc.exe Linker Warning:
#   Section '.ignored' is unknown. Section ignored.
### mwldeppc.exe Linker Warning:
#   Section '.ignored' is unknown. Section ignored.
### mwldeppc.exe Linker Warning:
#   Section '.ignored' is unknown. Section ignored.
### mwldeppc.exe Linker Warning:
#   Section '.ignored' is unknown. Section ignored.
### mwldeppc.exe Linker Warning:
#   Section '.ignored' is unknown. Section ignored.
### mwldeppc.exe Linker Warning:
#   Section '.ignored' is unknown. Section ignored.
### mwldeppc.exe Linker Warning:
#   Section '.ignored' is unknown. Section ignored.
### mwldeppc.exe Linker Warning:
#   Section '.ignored' is unknown. Section ignored.
### mwldeppc.exe Linker Warning:
#   Section '.ignored' is unknown. Section ignored.
### mwldeppc.exe Linker Warning:
#   Section '.ignored' is unknown. Section ignored.
### mwldeppc.exe Linker Warning:
#   Section '.ignored' is unknown. Section ignored.
### mwldeppc.exe Linker Warning:
#   Section '.ignored' is unknown. Section ignored.
### mwldeppc.exe Linker Warning:
#   Section '.ignored' is unknown. Section ignored.
### mwldeppc.exe Linker Warning:
#   Section '.ignored' is unknown. Section ignored.
### mwldeppc.exe Linker Warning:
#   Section '.ignored' is unknown. Section ignored.
### mwldeppc.exe Linker Warning:
#   Section '.ignored' is unknown. Section ignored.
### mwldeppc.exe Linker Warning:
#   Section '.ignored' is unknown. Section ignored.
### mwldeppc.exe Linker Warning:
#   Section '.ignored' is unknown. Section ignored.
### mwldeppc.exe Linker Warning:
#   Section '.ignored' is unknown. Section ignored.
### mwldeppc.exe Linker Warning:
#   Section '.ignored' is unknown. Section ignored.
### mwldeppc.exe Linker Warning:
#   Section '.ignored' is unknown. Section ignored.
### mwldeppc.exe Linker Warning:
#   Section '.ignored' is unknown. Section ignored.
### mwldeppc.exe Linker Warning:
#   Section '.ignored' is unknown. Section ignored.
### mwldeppc.exe Linker Warning:
#   Section '.ignored' is unknown. Section ignored.
### mwldeppc.exe Linker Warning:
#   Section '.ignored' is unknown. Section ignored.
### mwldeppc.exe Linker Warning:
#   Section '.ignored' is unknown. Section ignored.
### mwldeppc.exe Linker Warning:
#   Section '.ignored' is unknown. Section ignored.
### mwldeppc.exe Linker Warning:
#   Section '.ignored' is unknown. Section ignored.
### mwldeppc.exe Linker Warning:
#   Section '.ignored' is unknown. Section ignored.
### mwldeppc.exe Linker Warning:
#   Section '.ignored' is unknown. Section ignored.
### mwldeppc.exe Linker Warning:
#   Section '.ignored' is unknown. Section ignored.
### mwldeppc.exe Linker Warning:
#   Section '.ignored' is unknown. Section ignored.
### mwldeppc.exe Linker Warning:
#   Section '.ignored' is unknown. Section ignored.
### mwldeppc.exe Linker Warning:
#   Section '.ignored' is unknown. Section ignored.
### mwldeppc.exe Linker Warning:
#   Section '.ignored' is unknown. Section ignored.
### mwldeppc.exe Linker Warning:
#   Section '.ignored' is unknown. Section ignored.
### mwldeppc.exe Linker Warning:
#   Section '.ignored' is unknown. Section ignored.
### mwldeppc.exe Linker Warning:
#   Section '.ignored' is unknown. Section ignored.
### mwldeppc.exe Linker Warning:
#   Section '.ignored' is unknown. Section ignored.
### mwldeppc.exe Linker Warning:
#   Section '.ignored' is unknown. Section ignored.
### mwldeppc.exe Linker Warning:
#   Section '.ignored' is unknown. Section ignored.
### mwldeppc.exe Linker Warning:
#   Section '.ignored' is unknown. Section ignored.
### mwldeppc.exe Linker Warning:
#   Section '.ignored' is unknown. Section ignored.
### mwldeppc.exe Linker Warning:
#   Section '.ignored' is unknown. Section ignored.
### mwldeppc.exe Linker Warning:
#   Section '.ignored' is unknown. Section ignored.
### mwldeppc.exe Linker Warning:
#   Section '.ignored' is unknown. Section ignored.
### mwldeppc.exe Linker Warning:
#   Section '.ignored' is unknown. Section ignored.
### mwldeppc.exe Linker Warning:
#   Section '.ignored' is unknown. Section ignored.
### mwldeppc.exe Linker Warning:
#   Section '.ignored' is unknown. Section ignored.
### mwldeppc.exe Linker Warning:
#   Section '.ignored' is unknown. Section ignored.
### mwldeppc.exe Linker Warning:
#   Section '.ignored' is unknown. Section ignored.
### mwldeppc.exe Linker Warning:
#   Section '.ignored' is unknown. Section ignored.
### mwldeppc.exe Linker Warning:
#   Section '.ignored' is unknown. Section ignored.
### mwldeppc.exe Linker Warning:
#   Section '.ignored' is unknown. Section ignored.
### mwldeppc.exe Linker Warning:
#   Section '.ignored' is unknown. Section ignored.
### mwldeppc.exe Linker Warning:
#   Section '.ignored' is unknown. Section ignored.
### mwldeppc.exe Linker Warning:
#   Section '.ignored' is unknown. Section ignored.
### mwldeppc.exe Linker Warning:
#   Section '.ignored' is unknown. Section ignored.
### mwldeppc.exe Linker Warning:
#   Section '.ignored' is unknown. Section ignored.
### mwldeppc.exe Linker Warning:
#   Section '.ignored' is unknown. Section ignored.
### mwldeppc.exe Linker Warning:
#   Section '.ignored' is unknown. Section ignored.
### mwldeppc.exe Linker Warning:
#   Section '.ignored' is unknown. Section ignored.
### mwldeppc.exe Linker Warning:
#   Section '.ignored' is unknown. Section ignored.
### mwldeppc.exe Linker Warning:
#   Section '.ignored' is unknown. Section ignored.
### mwldeppc.exe Linker Warning:
#   Section '.ignored' is unknown. Section ignored.
### mwldeppc.exe Linker Warning:
#   Section '.ignored' is unknown. Section ignored.
### mwldeppc.exe Linker Warning:
#   Section '.ignored' is unknown. Section ignored.
### mwldeppc.exe Linker Warning:
#   Section '.ignored' is unknown. Section ignored.
### mwldeppc.exe Linker Warning:
#   Section '.ignored' is unknown. Section ignored.
### mwldeppc.exe Linker Warning:
#   Section '.ignored' is unknown. Section ignored.
### mwldeppc.exe Linker Warning:
#   Section '.ignored' is unknown. Section ignored.
### mwldeppc.exe Linker Warning:
#   Section '.ignored' is unknown. Section ignored.
### mwldeppc.exe Linker Warning:
#   Section '.ignored' is unknown. Section ignored.
### mwldeppc.exe Linker Warning:
#   Section '.ignored' is unknown. Section ignored.
### mwldeppc.exe Linker Warning:
#   Section '.ignored' is unknown. Section ignored.
### mwldeppc.exe Linker Warning:
#   Section '.ignored' is unknown. Section ignored.
### mwldeppc.exe Linker Warning:
#   Section '.ignored' is unknown. Section ignored.
### mwldeppc.exe Linker Warning:
#   Section '.ignored' is unknown. Section ignored.
### mwldeppc.exe Linker Warning:
#   Section '.ignored' is unknown. Section ignored.
### mwldeppc.exe Linker Warning:
#   Section '.ignored' is unknown. Section ignored.
### mwldeppc.exe Linker Warning:
#   Section '.ignored' is unknown. Section ignored.
### mwldeppc.exe Linker Warning:
#   Section '.ignored' is unknown. Section ignored.
### mwldeppc.exe Linker Warning:
#   Section '.ignored' is unknown. Section ignored.
### mwldeppc.exe Linker Warning:
#   Section '.ignored' is unknown. Section ignored.
### mwldeppc.exe Linker Warning:
#   Section '.ignored' is unknown. Section ignored.
### mwldeppc.exe Linker Warning:
#   Section '.ignored' is unknown. Section ignored.
### mwldeppc.exe Linker Warning:
#   Section '.ignored' is unknown. Section ignored.
### mwldeppc.exe Linker Warning:
#   Section '.ignored' is unknown. Section ignored.
### mwldeppc.exe Linker Warning:
#   Section '.ignored' is unknown. Section ignored.
### mwldeppc.exe Linker Warning:
#   Section '.ignored' is unknown. Section ignored.
### mwldeppc.exe Linker Warning:
#   Section '.ignored' is unknown. Section ignored.
### mwldeppc.exe Linker Warning:
#   Section '.ignored' is unknown. Section ignored.
### mwldeppc.exe Linker Warning:
#   Section '.ignored' is unknown. Section ignored.
### mwldeppc.exe Linker Warning:
#   Section '.ignored' is unknown. Section ignored.
### mwldeppc.exe Linker Warning:
#   Section '.ignored' is unknown. Section ignored.
### mwldeppc.exe Linker Warning:
#   Section '.ignored' is unknown. Section ignored.
### mwldeppc.exe Linker Warning:
#   Section '.ignored' is unknown. Section ignored.
### mwldeppc.exe Linker Warning:
#   Section '.ignored' is unknown. Section ignored.
### mwldeppc.exe Linker Warning:
#   Section '.ignored' is unknown. Section ignored.
### mwldeppc.exe Linker Warning:
#   Section '.ignored' is unknown. Section ignored.
### mwldeppc.exe Linker Warning:
#   Section '.ignored' is unknown. Section ignored.
### mwldeppc.exe Linker Warning:
#   Section '.ignored' is unknown. Section ignored.
### mwldeppc.exe Linker Warning:
#   Section '.ignored' is unknown. Section ignored.
### mwldeppc.exe Linker Warning:
#   Section '.ignored' is unknown. Section ignored.
### mwldeppc.exe Linker Warning:
#   Section '.ignored' is unknown. Section ignored.
### mwldeppc.exe Linker Warning:
#   Section '.ignored' is unknown. Section ignored.
### mwldeppc.exe Linker Warning:
#   Section '.ignored' is unknown. Section ignored.
### mwldeppc.exe Linker Warning:
#   Section '.ignored' is unknown. Section ignored.
### mwldeppc.exe Linker Warning:
#   Section '.ignored' is unknown. Section ignored.
### mwldeppc.exe Linker Warning:
#   Section '.ignored' is unknown. Section ignored.
### mwldeppc.exe Linker Warning:
#   Section '.ignored' is unknown. Section ignored.
### mwldeppc.exe Linker Warning:
#   Section '.ignored' is unknown. Section ignored.
### mwldeppc.exe Linker Warning:
#   Section '.ignored' is unknown. Section ignored.
### mwldeppc.exe Linker Warning:
#   Section '.ignored' is unknown. Section ignored.
### mwldeppc.exe Linker Warning:
#   Section '.ignored' is unknown. Section ignored.
### mwldeppc.exe Linker Warning:
#   Section '.ignored' is unknown. Section ignored.
### mwldeppc.exe Linker Warning:
#   Section '.ignored' is unknown. Section ignored.
### mwldeppc.exe Linker Warning:
#   Section '.ignored' is unknown. Section ignored.
### mwldeppc.exe Linker Warning:
#   Section '.ignored' is unknown. Section ignored.
### mwldeppc.exe Linker Warning:
#   Section '.ignored' is unknown. Section ignored.
### mwldeppc.exe Linker Warning:
#   Section '.ignored' is unknown. Section ignored.
### mwldeppc.exe Linker Warning:
#   Section '.ignored' is unknown. Section ignored.
### mwldeppc.exe Linker Warning:
#   Section '.ignored' is unknown. Section ignored.
### mwldeppc.exe Linker Warning:
#   Section '.ignored' is unknown. Section ignored.
### mwldeppc.exe Linker Warning:
#   Section '.ignored' is unknown. Section ignored.
### mwldeppc.exe Linker Warning:
#   Section '.ignored' is unknown. Section ignored.
### mwldeppc.exe Linker Warning:
#   Section '.ignored' is unknown. Section ignored.
### mwldeppc.exe Linker Warning:
#   Section '.ignored' is unknown. Section ignored.
### mwldeppc.exe Linker Warning:
#   Section '.ignored' is unknown. Section ignored.
### mwldeppc.exe Linker Warning:
#   Section '.ignored' is unknown. Section ignored.
### mwldeppc.exe Linker Warning:
#   Section '.ignored' is unknown. Section ignored.
### mwldeppc.exe Linker Warning:
#   Section '.ignored' is unknown. Section ignored.
### mwldeppc.exe Linker Warning:
#   Section '.ignored' is unknown. Section ignored.
### mwldeppc.exe Linker Warning:
#   Section '.ignored' is unknown. Section ignored.
### mwldeppc.exe Linker Warning:
#   Section '.ignored' is unknown. Section ignored.
### mwldeppc.exe Linker Warning:
#   Section '.ignored' is unknown. Section ignored.
### mwldeppc.exe Linker Warning:
#   Section '.ignored' is unknown. Section ignored.
### mwldeppc.exe Linker Warning:
#   Section '.ignored' is unknown. Section ignored.
### mwldeppc.exe Linker Warning:
#   Section '.ignored' is unknown. Section ignored.
### mwldeppc.exe Linker Warning:
#   Section '.ignored' is unknown. Section ignored.
### mwldeppc.exe Linker Warning:
#   Section '.ignored' is unknown. Section ignored.
### mwldeppc.exe Linker Warning:
#   Section '.ignored' is unknown. Section ignored.
### mwldeppc.exe Linker Warning:
#   Section '.ignored' is unknown. Section ignored.
### mwldeppc.exe Linker Warning:
#   Section '.ignored' is unknown. Section ignored.
### mwldeppc.exe Linker Warning:
#   Section '.ignored' is unknown. Section ignored.
### mwldeppc.exe Linker Warning:
#   Section '.ignored' is unknown. Section ignored.
### mwldeppc.exe Linker Warning:
#   Section '.ignored' is unknown. Section ignored.
### mwldeppc.exe Linker Warning:
#   Section '.ignored' is unknown. Section ignored.
### mwldeppc.exe Linker Warning:
#   Section '.ignored' is unknown. Section ignored.
### mwldeppc.exe Linker Warning:
#   Section '.ignored' is unknown. Section ignored.
### mwldeppc.exe Linker Warning:
#   Section '.ignored' is unknown. Section ignored.
### mwldeppc.exe Linker Warning:
#   Section '.ignored' is unknown. Section ignored.
### mwldeppc.exe Linker Warning:
#   Section '.ignored' is unknown. Section ignored.
### mwldeppc.exe Linker Warning:
#   Section '.ignored' is unknown. Section ignored.
### mwldeppc.exe Linker Warning:
#   Section '.ignored' is unknown. Section ignored.
### mwldeppc.exe Linker Warning:
#   Section '.ignored' is unknown. Section ignored.
### mwldeppc.exe Linker Warning:
#   Section '.ignored' is unknown. Section ignored.
### mwldeppc.exe Linker Warning:
#   Section '.ignored' is unknown. Section ignored.
### mwldeppc.exe Linker Warning:
#   Section '.ignored' is unknown. Section ignored.
### mwldeppc.exe Linker Warning:
#   Section '.ignored' is unknown. Section ignored.
### mwldeppc.exe Linker Warning:
#   Section '.ignored' is unknown. Section ignored.
### mwldeppc.exe Linker Warning:
#   Section '.ignored' is unknown. Section ignored.
### mwldeppc.exe Linker Warning:
#   Section '.ignored' is unknown. Section ignored.
### mwldeppc.exe Linker Warning:
#   Section '.ignored' is unknown. Section ignored.
### mwldeppc.exe Linker Warning:
#   Section '.ignored' is unknown. Section ignored.
### mwldeppc.exe Linker Warning:
#   Section '.ignored' is unknown. Section ignored.
### mwldeppc.exe Linker Warning:
#   Section '.ignored' is unknown. Section ignored.
### mwldeppc.exe Linker Warning:
#   Section '.ignored' is unknown. Section ignored.
### mwldeppc.exe Linker Warning:
#   Section '.ignored' is unknown. Section ignored.
### mwldeppc.exe Linker Warning:
#   Section '.ignored' is unknown. Section ignored.
### mwldeppc.exe Linker Warning:
#   Section '.ignored' is unknown. Section ignored.
### mwldeppc.exe Linker Warning:
#   Section '.ignored' is unknown. Section ignored.
### mwldeppc.exe Linker Warning:
#   Section '.ignored' is unknown. Section ignored.
### mwldeppc.exe Linker Warning:
#   Section '.ignored' is unknown. Section ignored.
### mwldeppc.exe Linker Warning:
#   Section '.ignored' is unknown. Section ignored.
### mwldeppc.exe Linker Warning:
#   Section '.ignored' is unknown. Section ignored.
### mwldeppc.exe Linker Warning:
#   Section '.ignored' is unknown. Section ignored.
### mwldeppc.exe Linker Warning:
#   Section '.ignored' is unknown. Section ignored.
[869/872] DOL build/GEDE01/main.dol
[870/872] CHECK config/GEDE01/build.sha1
build/GEDE01/main.dol: OK
[871/872] PROGRESS
Progress:
  All: 56.55% fuzzy, 45.98% matched, 45.98% linked (6208 / 7068 files)
    Code: 1057888 / 2300692 bytes (5973 / 8214 functions)
    Data: 39482 / 4305642 bytes (0.92%)
  Game Code: 91.07% fuzzy, 74.02% matched, 74.02% linked (6190 / 6633 files)
    Code: 1054860 / 1425104 bytes (5911 / 6354 functions)
    Data: 39258 / 40426 bytes (97.11%)
  SDK/Runtime: 100.00% fuzzy, 100.00% matched, 100.00% linked (18 / 18 files)
    Code: 3028 / 3028 bytes (62 / 62 functions)
    Data: 224 / 224 bytes (100.00%)
