[1/1] RUN configure.py
[1/810] MWCC build/GEDE01/src/game/game_fn_800094C0.o
[2/810] MWCC build/GEDE01/src/game/game_fn_80008014.o
[3/810] MWCC build/GEDE01/src/game/game_fn_800096E0.o
[4/810] MWCC build/GEDE01/src/game/game_fn_800098C0.o
[5/810] MWCC build/GEDE01/src/game/game_fn_800099D8.o
[6/810] MWCC build/GEDE01/src/game/game_fn_80009AB4.o
[7/810] MWCC build/GEDE01/src/game/game_fn_8000A26C.o
[8/810] MWCC build/GEDE01/src/game/game_fn_8000AC88.o
[9/810] MWCC build/GEDE01/src/game/game_fn_8000AEB4.o
[10/810] MWCC build/GEDE01/src/game/game_fn_8000AFB4.o
[11/810] MWCC build/GEDE01/src/game/game_fn_8000B1B8.o
[12/810] MWCC build/GEDE01/src/game/game_fn_8000B36C.o
[13/810] MWCC build/GEDE01/src/game/game_fn_8000B630.o
[14/810] MWCC build/GEDE01/src/game/game_fn_8000B7FC.o
[15/810] MWCC build/GEDE01/src/game/game_fn_8000B900.o
[16/810] MWCC build/GEDE01/src/game/game_fn_8000BA0C.o
[17/810] MWCC build/GEDE01/src/game/game_fn_8000BAA0.o
[18/810] MWCC build/GEDE01/src/game/game_fn_8000BC40.o
[19/810] MWCC build/GEDE01/src/game/game_fn_8000C06C.o
[20/810] MWCC build/GEDE01/src/game/game_fn_8000C17C.o
[21/810] MWCC build/GEDE01/src/game/game_fn_8000C400.o
[22/810] MWCC build/GEDE01/src/game/game_fn_8000C848.o
[23/810] MWCC build/GEDE01/src/game/game_fn_8000C91C.o
[24/810] MWCC build/GEDE01/src/game/game_fn_8000D0BC.o
[25/810] MWCC build/GEDE01/src/game/game_fn_8000D3D4.o
[26/810] MWCC build/GEDE01/src/game/game_fn_8000D590.o
[27/810] MWCC build/GEDE01/src/game/game_fn_8000D8A4.o
[28/810] MWCC build/GEDE01/src/game/game_fn_8000DA50.o
[29/810] MWCC build/GEDE01/src/game/game_fn_8000DAF4.o
[30/810] MWCC build/GEDE01/src/game/game_fn_8000E054.o
[31/810] MWCC build/GEDE01/src/game/game_fn_8000E0AC.o
[32/810] MWCC build/GEDE01/src/game/game_fn_8000E138.o
[33/810] MWCC build/GEDE01/src/game/game_fn_8000E1C4.o
[34/810] MWCC build/GEDE01/src/game/game_fn_8000E96C.o
[35/810] MWCC build/GEDE01/src/game/game_fn_8000EB14.o
[36/810] MWCC build/GEDE01/src/game/game_fn_8000EBD4.o
[37/810] MWCC build/GEDE01/src/game/game_fn_8000ED44.o
[38/810] MWCC build/GEDE01/src/game/game_fn_8000EFC4.o
[39/810] MWCC build/GEDE01/src/game/game_fn_8000F4B0.o
[40/810] MWCC build/GEDE01/src/game/game_fn_8000F774.o
[41/810] MWCC build/GEDE01/src/game/game_fn_8000FDE8.o
[42/810] MWCC build/GEDE01/src/game/game_fn_8000FFD8.o
[43/810] MWCC build/GEDE01/src/game/game_fn_800119FC.o
[44/810] MWCC build/GEDE01/src/game/game_fn_80012DA8.o
[45/810] MWCC build/GEDE01/src/game/game_fn_80012F40.o
[46/810] MWCC build/GEDE01/src/game/game_fn_80012FD0.o
[47/810] MWCC build/GEDE01/src/game/game_fn_800131E8.o
[48/810] MWCC build/GEDE01/src/game/game_fn_80013340.o
[49/810] MWCC build/GEDE01/src/game/game_fn_80013870.o
[50/810] MWCC build/GEDE01/src/game/game_fn_80013CB0.o
[51/810] MWCC build/GEDE01/src/game/game_fn_80013D54.o
[52/810] MWCC build/GEDE01/src/game/game_fn_800142DC.o
[53/810] MWCC build/GEDE01/src/game/game_fn_800144CC.o
[54/810] MWCC build/GEDE01/src/game/game_fn_80014784.o
[55/810] MWCC build/GEDE01/src/game/game_fn_80015058.o
[56/810] MWCC build/GEDE01/src/game/game_fn_800149D4.o
[57/810] MWCC build/GEDE01/src/game/game_fn_80015320.o
[58/810] MWCC build/GEDE01/src/game/game_fn_80015568.o
[59/810] MWCC build/GEDE01/src/game/game_fn_800156FC.o
[60/810] MWCC build/GEDE01/src/game/game_fn_80015BE0.o
[61/810] MWCC build/GEDE01/src/game/game_fn_80015D40.o
[62/810] MWCC build/GEDE01/src/game/game_fn_80015F04.o
[63/810] MWCC build/GEDE01/src/game/game_fn_80016128.o
[64/810] MWCC build/GEDE01/src/game/game_fn_80016270.o
[65/810] MWCC build/GEDE01/src/game/game_fn_80016904.o
[66/810] MWCC build/GEDE01/src/game/game_fn_800171C0.o
[67/810] MWCC build/GEDE01/src/game/game_fn_80016B24.o
[68/810] MWCC build/GEDE01/src/game/game_fn_800176F0.o
[69/810] MWCC build/GEDE01/src/game/game_fn_800173CC.o
[70/810] MWCC build/GEDE01/src/game/game_fn_80017910.o
[71/810] MWCC build/GEDE01/src/game/game_fn_800179AC.o
[72/810] MWCC build/GEDE01/src/game/game_fn_80017A3C.o
[73/810] MWCC build/GEDE01/src/game/game_fn_80017AE4.o
[74/810] MWCC build/GEDE01/src/game/game_fn_80017C3C.o
[75/810] MWCC build/GEDE01/src/game/game_fn_80017CC8.o
[76/810] MWCC build/GEDE01/src/game/game_fn_80017DB0.o
[77/810] MWCC build/GEDE01/src/game/game_fn_80018EF4.o
[78/810] MWCC build/GEDE01/src/game/game_fn_80019054.o
[79/810] MWCC build/GEDE01/src/game/game_fn_80019244.o
[80/810] MWCC build/GEDE01/src/game/game_fn_800194D0.o
[81/810] MWCC build/GEDE01/src/game/game_fn_80019940.o
[82/810] MWCC build/GEDE01/src/game/game_fn_80019C10.o
[83/810] MWCC build/GEDE01/src/game/game_fn_80019D2C.o
[84/810] MWCC build/GEDE01/src/game/game_fn_80019F98.o
[85/810] MWCC build/GEDE01/src/game/game_fn_8001A6C4.o
[86/810] MWCC build/GEDE01/src/game/game_fn_8001AAB8.o
[87/810] MWCC build/GEDE01/src/game/game_fn_8001ADF8.o
[88/810] MWCC build/GEDE01/src/game/game_fn_8001AF68.o
[89/810] MWCC build/GEDE01/src/game/game_fn_8001B124.o
[90/810] MWCC build/GEDE01/src/game/game_fn_8001B294.o
[91/810] MWCC build/GEDE01/src/game/game_fn_8001B808.o
[92/810] MWCC build/GEDE01/src/game/game_fn_8001B874.o
[93/810] MWCC build/GEDE01/src/game/game_fn_8001C078.o
[94/810] MWCC build/GEDE01/src/game/game_fn_8001CD58.o
[95/810] MWCC build/GEDE01/src/game/game_fn_8001CE94.o
[96/810] MWCC build/GEDE01/src/game/game_fn_8001E644.o
[97/810] MWCC build/GEDE01/src/game/game_fn_8001FE1C.o
[98/810] MWCC build/GEDE01/src/game/game_fn_80020E94.o
[99/810] MWCC build/GEDE01/src/game/game_fn_800272B4.o
[100/810] MWCC build/GEDE01/src/game/game_fn_80024F28.o
[101/810] MWCC build/GEDE01/src/game/game_fn_8002B748.o
[102/810] MWCC build/GEDE01/src/game/game_fn_8002DAE0.o
[103/810] MWCC build/GEDE01/src/game/game_fn_8002E3F0.o
[104/810] MWCC build/GEDE01/src/game/game_fn_8002EA68.o
[105/810] MWCC build/GEDE01/src/game/game_fn_8002F428.o
[106/810] MWCC build/GEDE01/src/game/game_fn_8003232C.o
[107/810] MWCC build/GEDE01/src/game/game_fn_80032B84.o
[108/810] MWCC build/GEDE01/src/game/game_fn_80033038.o
[109/810] MWCC build/GEDE01/src/game/game_fn_80033180.o
[110/810] MWCC build/GEDE01/src/game/game_fn_800359A0.o
[111/810] MWCC build/GEDE01/src/game/game_fn_80036C40.o
[112/810] MWCC build/GEDE01/src/game/game_fn_80038878.o
[113/810] MWCC build/GEDE01/src/game/game_fn_80048ADC.o
[114/810] MWCC build/GEDE01/src/game/game_fn_80048B24.o
[115/810] MWCC build/GEDE01/src/game/game_fn_8004998C.o
[116/810] MWCC build/GEDE01/src/game/game_fn_80052310.o
[117/810] MWCC build/GEDE01/src/game/game_fn_8005EC6C.o
[118/810] MWCC build/GEDE01/src/game/game_fn_8005EE9C.o
[119/810] MWCC build/GEDE01/src/game/game_data_80239E10.o
[120/810] MWCC build/GEDE01/src/game/game_data_80239E18.o
[121/810] MWCC build/GEDE01/src/game/game_fn_8005FD84.o
[122/810] MWCC build/GEDE01/src/game/game_fn_80066888.o
[123/810] MWCC build/GEDE01/src/game/game_fn_8006B0F0.o
[124/810] MWCC build/GEDE01/src/game/game_fn_8006B620.o
[125/810] MWCC build/GEDE01/src/game/game_fn_8006E53C.o
[126/810] MWCC build/GEDE01/src/game/game_fn_80071A58.o
[127/810] MWCC build/GEDE01/src/game/game_fn_80078500.o
[128/810] MWCC build/GEDE01/src/game/game_fn_80074310.o
[129/810] MWCC build/GEDE01/src/game/game_fn_80079908.o
[130/810] MWCC build/GEDE01/src/game/game_fn_80079AA4.o
[131/810] MWCC build/GEDE01/src/game/game_fn_8007B2F4.o
[132/810] MWCC build/GEDE01/src/game/game_fn_8007B540.o
[133/810] MWCC build/GEDE01/src/game/game_fn_8007B640.o
[134/810] MWCC build/GEDE01/src/game/game_fn_8007B828.o
[135/810] MWCC build/GEDE01/src/game/game_fn_8007BA3C.o
[136/810] MWCC build/GEDE01/src/game/game_fn_8007D4D8.o
[137/810] MWCC build/GEDE01/src/game/game_fn_8007F770.o
[138/810] MWCC build/GEDE01/src/game/game_fn_800886D8.o
[139/810] MWCC build/GEDE01/src/game/game_fn_80088F4C.o
[140/810] MWCC build/GEDE01/src/game/game_fn_8008F224.o
[141/810] MWCC build/GEDE01/src/game/game_fn_8008F890.o
[142/810] MWCC build/GEDE01/src/game/game_fn_80090004.o
[143/810] MWCC build/GEDE01/src/game/game_fn_800934A0.o
[144/810] MWCC build/GEDE01/src/game/game_fn_80095D10.o
[145/810] MWCC build/GEDE01/src/game/game_fn_80095FDC.o
[146/810] MWCC build/GEDE01/src/game/game_fn_80096830.o
[147/810] MWCC build/GEDE01/src/game/game_fn_8009C424.o
[148/810] MWCC build/GEDE01/src/game/game_fn_8009E808.o
[149/810] MWCC build/GEDE01/src/game/game_fn_800A2130.o
[150/810] MWCC build/GEDE01/src/game/game_fn_800A2FCC.o
[151/810] MWCC build/GEDE01/src/game/game_fn_800A3180.o
[152/810] MWCC build/GEDE01/src/game/game_fn_800A3894.o
[153/810] MWCC build/GEDE01/src/game/game_fn_800A4428.o
[154/810] MWCC build/GEDE01/src/game/game_fn_800A4798.o
[155/810] MWCC build/GEDE01/src/game/game_fn_800A7E88.o
[156/810] MWCC build/GEDE01/src/game/game_fn_800AF230.o
[157/810] MWCC build/GEDE01/src/game/game_fn_800BB5C4.o
[158/810] MWCC build/GEDE01/src/game/game_fn_800BB9A4.o
[159/810] MWCC build/GEDE01/src/game/game_fn_800BBAF0.o
[160/810] MWCC build/GEDE01/src/game/game_fn_800C17EC.o
[161/810] MWCC build/GEDE01/src/game/game_fn_800C59F0.o
[162/810] MWCC build/GEDE01/src/game/game_fn_800C644C.o
[163/810] MWCC build/GEDE01/src/game/game_fn_800C65FC.o
[164/810] MWCC build/GEDE01/src/game/game_fn_800C9C60.o
[165/810] MWCC build/GEDE01/src/game/game_fn_800CB760.o
[166/810] MWCC build/GEDE01/src/game/game_fn_800CB8F4.o
[167/810] MWCC build/GEDE01/src/game/game_fn_800D9E10.o
[168/810] MWCC build/GEDE01/src/game/game_fn_800CF598.o
[169/810] MWCC build/GEDE01/src/game/game_fn_800E4980.o
[170/810] MWCC build/GEDE01/src/game/game_TRKNubWelcome.o
[171/810] MWCC build/GEDE01/src/game/game_TRK_main.o
[172/810] MWCC build/GEDE01/src/game/game_InitMetroTRKCommTable.o
[173/810] MWCC build/GEDE01/src/game/game_fn_800FD0C8.o
[174/810] MWCC build/GEDE01/src/game/game_fn_8010242C.o
[175/810] MWCC build/GEDE01/src/game/game_fn_801098C0.o
[176/810] MWCC build/GEDE01/src/game/game_fn_8010F184.o
[177/810] MWCC build/GEDE01/src/game/game_fn_801126E0.o
[178/810] MWCC build/GEDE01/src/game/game_fn_801128E4.o
[179/810] MWCC build/GEDE01/src/game/game_fn_801141B8.o
[180/810] MWCC build/GEDE01/src/game/game_fn_8011F140.o
[181/810] MWCC build/GEDE01/src/game/game_fn_80126A00.o
[182/810] MWCC build/GEDE01/src/game/game_fn_8012976C.o
[183/810] MWCC build/GEDE01/src/game/game_fn_8012DB28.o
[184/810] MWCC build/GEDE01/src/game/game_fn_8013D6A4.o
[185/810] MWCC build/GEDE01/src/game/game_fn_8014549C.o
[186/810] MWCC build/GEDE01/src/game/game_fn_8014AF38.o
[187/810] MWCC build/GEDE01/src/game/game_fn_8014B494.o
[188/810] MWCC build/GEDE01/src/game/game_fn_8014CA98.o
[189/810] MWCC build/GEDE01/src/game/game_fn_80153898.o
[190/810] MWCC build/GEDE01/src/game/game_fn_80153A24.o
[191/810] MWCC build/GEDE01/src/game/game_fn_80155814.o
[192/810] MWCC build/GEDE01/src/game/game_fn_80157C0C.o
[193/810] MWCC build/GEDE01/src/game/game_fn_80158B20.o
[194/810] MWCC build/GEDE01/src/game/game_fn_80158D38.o
[195/810] MWCC build/GEDE01/src/game/game_fn_8015DC54.o
[196/810] MWCC build/GEDE01/src/game/game_fn_8015EDC0.o
[197/810] MWCC build/GEDE01/src/game/game_fn_80167454.o
[198/810] MWCC build/GEDE01/src/game/game_fn_80167B5C.o
[199/810] MWCC build/GEDE01/src/game/game_fn_80169650.o
[200/810] MWCC build/GEDE01/src/game/game_fn_8016BD0C.o
[201/810] MWCC build/GEDE01/src/game/game_fn_8016BF60.o
[202/810] MWCC build/GEDE01/src/game/game_fn_8016BE1C.o
[203/810] MWCC build/GEDE01/src/game/game_fn_8016C164.o
[204/810] MWCC build/GEDE01/src/game/game_fn_8016C0BC.o
[205/810] MWCC build/GEDE01/src/game/game_fn_8016C238.o
[206/810] MWCC build/GEDE01/src/game/game_fn_8016C4BC.o
[207/810] MWCC build/GEDE01/src/game/game_fn_8016D040.o
[208/810] MWCC build/GEDE01/src/game/game_fn_8016C774.o
[209/810] MWCC build/GEDE01/src/game/game_fn_8016D1F8.o
[210/810] MWCC build/GEDE01/src/game/game_fn_8016D2B8.o
[211/810] MWCC build/GEDE01/src/game/game_fn_8016D9C0.o
[212/810] MWCC build/GEDE01/src/game/game_fn_8016DF4C.o
[213/810] MWCC build/GEDE01/src/game/game_fn_8016E8F8.o
[214/810] MWCC build/GEDE01/src/game/game_fn_8016FEF8.o
[215/810] MWCC build/GEDE01/src/game/game_fn_8017038C.o
[216/810] MWCC build/GEDE01/src/game/game_fn_801704F8.o
[217/810] MWCC build/GEDE01/src/game/game_fn_801706DC.o
[218/810] MWCC build/GEDE01/src/game/game_fn_80170A40.o
[219/810] MWCC build/GEDE01/src/game/game_fn_80170DF4.o
[220/810] MWCC build/GEDE01/src/game/game_fn_80170E9C.o
[221/810] MWCC build/GEDE01/src/game/game_fn_8017138C.o
[222/810] MWCC build/GEDE01/src/game/game_fn_80171664.o
[223/810] MWCC build/GEDE01/src/game/game_fn_801718F4.o
[224/810] MWCC build/GEDE01/src/game/game_fn_801719B4.o
[225/810] MWCC build/GEDE01/src/game/game_fn_80171F30.o
[226/810] MWCC build/GEDE01/src/game/game_fn_8017250C.o
[227/810] MWCC build/GEDE01/src/game/game_fn_801726EC.o
[228/810] MWCC build/GEDE01/src/game/game_fn_80172BB0.o
[229/810] MWCC build/GEDE01/src/game/game_fn_80172C78.o
[230/810] MWCC build/GEDE01/src/game/game_fn_80172DB8.o
[231/810] MWCC build/GEDE01/src/game/game_fn_80173270.o
[232/810] MWCC build/GEDE01/src/game/game_fn_801734B4.o
[233/810] MWCC build/GEDE01/src/game/game_fn_80173770.o
[234/810] MWCC build/GEDE01/src/game/game_fn_80173D44.o
[235/810] MWCC build/GEDE01/src/game/game_fn_80173F04.o
[236/810] MWCC build/GEDE01/src/game/game_fn_80174184.o
[237/810] MWCC build/GEDE01/src/game/game_fn_80174358.o
[238/810] MWCC build/GEDE01/src/game/game_fn_80174F2C.o
[239/810] MWCC build/GEDE01/src/game/game_fn_8017553C.o
[240/810] MWCC build/GEDE01/src/game/game_fn_80175E64.o
[241/810] MWCC build/GEDE01/src/game/game_fn_80175F0C.o
[242/810] MWCC build/GEDE01/src/game/game_fn_80175FD4.o
[243/810] MWCC build/GEDE01/src/game/game_fn_80176098.o
[244/810] MWCC build/GEDE01/src/game/game_fn_80176160.o
[245/810] MWCC build/GEDE01/src/game/game_fn_80176220.o
[246/810] MWCC build/GEDE01/src/game/game_fn_801762E8.o
[247/810] MWCC build/GEDE01/src/game/game_fn_8017652C.o
[248/810] MWCC build/GEDE01/src/game/game_fn_80176DF4.o
[249/810] MWCC build/GEDE01/src/game/game_fn_80176FA0.o
[250/810] MWCC build/GEDE01/src/game/game_fn_801770F8.o
[251/810] MWCC build/GEDE01/src/game/game_fn_8017718C.o
[252/810] MWCC build/GEDE01/src/game/game_fn_80178F88.o
[253/810] MWCC build/GEDE01/src/game/game_fn_80177434.o
[254/810] MWCC build/GEDE01/src/game/game_fn_80179398.o
[255/810] MWCC build/GEDE01/src/game/game_fn_8017960C.o
[256/810] MWCC build/GEDE01/src/game/game_fn_8017974C.o
[257/810] MWCC build/GEDE01/src/game/game_fn_80179904.o
[258/810] MWCC build/GEDE01/src/game/game_fn_80179A18.o
[259/810] MWCC build/GEDE01/src/game/game_fn_80179A74.o
[260/810] MWCC build/GEDE01/src/game/game_fn_80179EB8.o
[261/810] MWCC build/GEDE01/src/game/game_fn_80179F20.o
[262/810] MWCC build/GEDE01/src/game/game_fn_8017A010.o
[263/810] MWCC build/GEDE01/src/game/game_fn_8017A12C.o
[264/810] MWCC build/GEDE01/src/game/game_fn_8017A1C0.o
[265/810] MWCC build/GEDE01/src/game/game_fn_8017A9B8.o
[266/810] MWCC build/GEDE01/src/game/game_fn_8017AC20.o
[267/810] MWCC build/GEDE01/src/game/game_fn_8017E850.o
[268/810] MWCC build/GEDE01/src/game/game_fn_8017E958.o
[269/810] MWCC build/GEDE01/src/game/game_fn_80180DDC.o
[270/810] MWCC build/GEDE01/src/game/game_fn_801816D4.o
[271/810] MWCC build/GEDE01/src/game/game_fn_801859FC.o
[272/810] MWCC build/GEDE01/src/game/game_fn_80185AE8.o
[273/810] MWCC build/GEDE01/src/game/game_fn_80185F10.o
[274/810] MWCC build/GEDE01/src/game/game_fn_801865EC.o
[275/810] MWCC build/GEDE01/src/game/game_fn_8018680C.o
[276/810] MWCC build/GEDE01/src/game/game_fn_80186E10.o
[277/810] MWCC build/GEDE01/src/game/game_fn_80186F70.o
[278/810] MWCC build/GEDE01/src/game/game_fn_80187120.o
[279/810] MWCC build/GEDE01/src/game/game_fn_801878E0.o
[280/810] MWCC build/GEDE01/src/game/game_fn_80187BB4.o
[281/810] MWCC build/GEDE01/src/game/game_fn_80188A7C.o
[282/810] MWCC build/GEDE01/src/game/game_fn_80188B44.o
[283/810] MWCC build/GEDE01/src/game/game_fn_80188C1C.o
[284/810] MWCC build/GEDE01/src/game/game_fn_80188E28.o
[285/810] MWCC build/GEDE01/src/game/game_fn_80189028.o
[286/810] MWCC build/GEDE01/src/game/game_fn_801891D8.o
[287/810] MWCC build/GEDE01/src/game/game_fn_80189390.o
[288/810] MWCC build/GEDE01/src/game/game_fn_801895E8.o
[289/810] MWCC build/GEDE01/src/game/game_fn_801896A0.o
[290/810] MWCC build/GEDE01/src/game/game_fn_80189760.o
[291/810] MWCC build/GEDE01/src/game/game_fn_80189968.o
[292/810] MWCC build/GEDE01/src/game/game_fn_8018D1F0.o
[293/810] MWCC build/GEDE01/src/game/game_fn_8018D2E0.o
[294/810] MWCC build/GEDE01/src/game/game_fn_8018D400.o
[295/810] MWCC build/GEDE01/src/game/game_fn_8018D688.o
[296/810] MWCC build/GEDE01/src/game/game_fn_8018E0D8.o
[297/810] MWCC build/GEDE01/src/game/game_fn_8018F1D0.o
[298/810] MWCC build/GEDE01/src/game/game_fn_8018F81C.o
[299/810] MWCC build/GEDE01/src/game/game_fn_8018FEDC.o
[300/810] MWCC build/GEDE01/src/game/game_fn_8019120C.o
[301/810] MWCC build/GEDE01/src/game/game_fn_80191360.o
[302/810] MWCC build/GEDE01/src/game/game_fn_801916D0.o
[303/810] MWCC build/GEDE01/src/game/game_fn_8019197C.o
[304/810] MWCC build/GEDE01/src/game/game_fn_80191F58.o
[305/810] MWCC build/GEDE01/src/game/game_fn_801926EC.o
[306/810] MWCC build/GEDE01/src/game/game_fn_80192F54.o
[307/810] MWCC build/GEDE01/src/game/game_fn_801931C4.o
[308/810] MWCC build/GEDE01/src/game/game_fn_80193E1C.o
[309/810] MWCC build/GEDE01/src/game/game_fn_80193F3C.o
[310/810] MWCC build/GEDE01/src/game/game_fn_80194F80.o
[311/810] MWCC build/GEDE01/src/game/game_fn_80197910.o
[312/810] MWCC build/GEDE01/src/game/game_fn_80198154.o
[313/810] MWCC build/GEDE01/src/game/game_fn_80198AAC.o
[314/810] MWCC build/GEDE01/src/game/game_fn_80198BF4.o
[315/810] MWCC build/GEDE01/src/game/game_fn_801991E0.o
[316/810] MWCC build/GEDE01/src/game/game_fn_8019B1BC.o
[317/810] MWCC build/GEDE01/src/game/game_fn_8019CC28.o
[318/810] MWCC build/GEDE01/src/game/game_fn_8019CFC4.o
[319/810] MWCC build/GEDE01/src/game/game_fn_8019E5E4.o
[320/810] MWCC build/GEDE01/src/game/game_fn_8019E8C8.o
[321/810] MWCC build/GEDE01/src/game/game_fn_801A1F18.o
[322/810] MWCC build/GEDE01/src/game/game_fn_801A2A54.o
[323/810] MWCC build/GEDE01/src/game/game_fn_801A34BC.o
[324/810] MWCC build/GEDE01/src/game/game_fn_801A3A78.o
[325/810] MWCC build/GEDE01/src/game/game_fn_801A4CE0.o
[326/810] MWCC build/GEDE01/src/game/game_fn_801A5FB0.o
[327/810] MWCC build/GEDE01/src/game/game_fn_801A6410.o
[328/810] MWCC build/GEDE01/src/game/game_fn_801A657C.o
[329/810] MWCC build/GEDE01/src/game/game_fn_801A6ADC.o
[330/810] MWCC build/GEDE01/src/game/game_fn_801A6C58.o
[331/810] MWCC build/GEDE01/src/game/game_fn_801A6CB4.o
[332/810] MWCC build/GEDE01/src/game/game_fn_801A7E04.o
[333/810] MWCC build/GEDE01/src/game/game_fn_801A7EA8.o
[334/810] MWCC build/GEDE01/src/game/game_fn_801A93E8.o
[335/810] MWCC build/GEDE01/src/game/game_fn_801AB154.o
[336/810] MWCC build/GEDE01/src/game/game_fn_801ABD3C.o
[337/810] MWCC build/GEDE01/src/game/game_fn_801AC8AC.o
[338/810] MWCC build/GEDE01/src/game/game_fn_801ACFE8.o
[339/810] MWCC build/GEDE01/src/game/game_fn_801AD08C.o
[340/810] MWCC build/GEDE01/src/game/game_fn_801AFA74.o
[341/810] MWCC build/GEDE01/src/game/game_fn_801B02F0.o
[342/810] MWCC build/GEDE01/src/game/game_fn_801B1BA0.o
[343/810] MWCC build/GEDE01/src/game/game_fn_801B35BC.o
[344/810] MWCC build/GEDE01/src/game/game_fn_801B46C8.o
[345/810] MWCC build/GEDE01/src/game/game_fn_801B4FB4.o
[346/810] MWCC build/GEDE01/src/game/game_fn_801B5228.o
[347/810] MWCC build/GEDE01/src/game/game_fn_801B58F0.o
[348/810] MWCC build/GEDE01/src/game/game_fn_801B6F1C.o
[349/810] MWCC build/GEDE01/src/game/game_fn_801B941C.o
[350/810] MWCC build/GEDE01/src/game/game_fn_801B9E7C.o
[351/810] MWCC build/GEDE01/src/game/game_fn_801BA15C.o
[352/810] MWCC build/GEDE01/src/game/game_fn_801BA708.o
[353/810] MWCC build/GEDE01/src/game/game_fn_801BB1A0.o
[354/810] MWCC build/GEDE01/src/game/game_fn_801BC0D4.o
[355/810] MWCC build/GEDE01/src/game/game_fn_801BC240.o
[356/810] MWCC build/GEDE01/src/game/game_fn_801BC8F4.o
[357/810] MWCC build/GEDE01/src/game/game_fn_801BCC04.o
[358/810] MWCC build/GEDE01/src/game/game_fn_801BD990.o
[359/810] MWCC build/GEDE01/src/game/game_fn_801BDE7C.o
[360/810] MWCC build/GEDE01/src/game/game_fn_801BE0D4.o
[361/810] MWCC build/GEDE01/src/game/game_fn_801C1CB0.o
[362/810] MWCC build/GEDE01/src/game/game_fn_801C2980.o
[363/810] MWCC build/GEDE01/src/game/game_fn_801C29BC.o
[364/810] MWCC build/GEDE01/src/game/game_fn_801C2AAC.o
[365/810] MWCC build/GEDE01/src/game/game_fn_801C2D9C.o
[366/810] MWCC build/GEDE01/src/game/game_fn_801C8160.o
[367/810] MWCC build/GEDE01/src/game/game_fn_801C8224.o
[368/810] MWCC build/GEDE01/src/game/game_fn_801C87DC.o
[369/810] MWCC build/GEDE01/src/game/game_fn_801C8CC0.o
[370/810] MWCC build/GEDE01/src/game/game_fn_801C8F50.o
[371/810] MWCC build/GEDE01/src/game/game_fn_801C90A4.o
[372/810] MWCC build/GEDE01/src/game/game_fn_801C9510.o
[373/810] MWCC build/GEDE01/src/game/game_fn_801C970C.o
[374/810] MWCC build/GEDE01/src/game/game_fn_801C9A08.o
[375/810] MWCC build/GEDE01/src/game/game_fn_801C9B1C.o
[376/810] MWCC build/GEDE01/src/game/game_fn_801CB4F8.o
[377/810] MWCC build/GEDE01/src/game/game_fn_801CD228.o
[378/810] MWCC build/GEDE01/src/game/game_fn_801CE09C.o
[379/810] MWCC build/GEDE01/src/game/game_fn_801CE594.o
[380/810] MWCC build/GEDE01/src/game/game_fn_801D1B10.o
[381/810] MWCC build/GEDE01/src/game/game_fn_801D1F78.o
[382/810] MWCC build/GEDE01/src/game/game_fn_801D3988.o
[383/810] MWCC build/GEDE01/src/game/game_fn_801D7C24.o
[384/810] MWCC build/GEDE01/src/game/game_fn_801D8050.o
[385/810] MWCC build/GEDE01/src/game/game_fn_801D9FE4.o
[386/810] MWCC build/GEDE01/src/game/game_fn_801E41AC.o
[387/810] MWCC build/GEDE01/src/game/game_fn_801EB09C.o
[388/810] MWCC build/GEDE01/src/game/game_fn_801EB11C.o
[389/810] MWCC build/GEDE01/src/game/game_fn_801ECD74.o
[390/810] MWCC build/GEDE01/src/game/game_fn_801ECF50.o
[391/810] MWCC build/GEDE01/src/game/game_fn_801EF910.o
[392/810] MWCC build/GEDE01/src/game/game_fn_801F55A0.o
[393/810] MWCC build/GEDE01/src/game/game_fn_801F6BD8.o
[394/810] MWCC build/GEDE01/src/game/game_fn_801F7510.o
[395/810] MWCC build/GEDE01/src/game/game_fn_801F76EC.o
[396/810] MWCC build/GEDE01/src/game/game_fn_801F8264.o
[397/810] MWCC build/GEDE01/src/game/game_fn_801F89B4.o
[398/810] MWCC build/GEDE01/src/game/game_fn_801F9AF8.o
[399/810] MWCC build/GEDE01/src/game/game_fn_801FA9C8.o
[400/810] MWCC build/GEDE01/src/game/game_fn_801FB6A4.o
[401/810] MWCC build/GEDE01/src/game/game_fn_801FC034.o
[402/810] EXTERNALIZE build/GEDE01/src/game/game_fn_801EF910.o
[403/810] MWCC build/GEDE01/src/game/game_fn_801FC204.o
[404/810] EXTERNALIZE build/GEDE01/src/game/game_fn_801ECF50.o
[405/810] EXTERNALIZE build/GEDE01/src/game/game_fn_801EB09C.o
[406/810] EXTERNALIZE build/GEDE01/src/game/game_fn_801FC204.o
[407/810] EXTERNALIZE build/GEDE01/src/game/game_fn_801EB11C.o
[408/810] EXTERNALIZE build/GEDE01/src/game/game_fn_801D9FE4.o
[409/810] EXTERNALIZE build/GEDE01/src/game/game_fn_801E41AC.o
[410/810] EXTERNALIZE build/GEDE01/src/game/game_fn_801D8050.o
[411/810] EXTERNALIZE build/GEDE01/src/game/game_fn_801D7C24.o
[412/810] EXTERNALIZE build/GEDE01/src/game/game_fn_8019B1BC.o
[413/810] EXTERNALIZE build/GEDE01/src/game/game_fn_80178F88.o
[414/810] EXTERNALIZE build/GEDE01/src/game/game_fn_801CD228.o
[415/810] EXTERNALIZE build/GEDE01/src/game/game_fn_801C970C.o
[416/810] EXTERNALIZE build/GEDE01/src/game/game_fn_801BA15C.o
[417/810] EXTERNALIZE build/GEDE01/src/game/game_fn_801C9510.o
[418/810] EXTERNALIZE build/GEDE01/src/game/game_fn_80126A00.o
[419/810] EXTERNALIZE build/GEDE01/src/game/game_fn_8013D6A4.o
[420/810] EXTERNALIZE build/GEDE01/src/game/game_fn_800C9C60.o
[421/810] EXTERNALIZE build/GEDE01/src/game/game_fn_801B5228.o
[422/810] EXTERNALIZE build/GEDE01/src/game/game_fn_801B4FB4.o
[423/810] EXTERNALIZE build/GEDE01/src/game/game_fn_801C87DC.o
[424/810] EXTERNALIZE build/GEDE01/src/game/game_fn_801C8CC0.o
[425/810] EXTERNALIZE build/GEDE01/src/game/game_fn_801B6F1C.o
[426/810] EXTERNALIZE build/GEDE01/src/game/game_fn_800FD0C8.o
[427/810] EXTERNALIZE build/GEDE01/src/game/game_fn_801BDE7C.o
[428/810] EXTERNALIZE build/GEDE01/src/game/game_fn_801BE0D4.o
[429/810] EXTERNALIZE STATIC POOL build/GEDE01/src/game/game_fn_801C9A08.o
build/GEDE01/src/game/game_fn_801C9A08.o: lbl_80629390 now undefined; section 3 emptied
[430/810] EXTERNALIZE STATIC POOL build/GEDE01/src/game/game_fn_801C9B1C.o
build/GEDE01/src/game/game_fn_801C9B1C.o: lbl_80629390 now undefined; section 3 emptied
[431/810] EXTERNALIZE build/GEDE01/src/game/game_fn_801B941C.o
[432/810] EXTERNALIZE STATIC POOL build/GEDE01/src/game/game_fn_801BD990.o
build/GEDE01/src/game/game_fn_801BD990.o: lbl_80626D80 now undefined; section 6 emptied
[433/810] EXTERNALIZE STATIC POOL build/GEDE01/src/game/game_fn_801B58F0.o
build/GEDE01/src/game/game_fn_801B58F0.o: lbl_8060C020 now undefined; section 3 emptied
[434/810] EXTERNALIZE STATIC POOL build/GEDE01/src/game/game_fn_801B9E7C.o
build/GEDE01/src/game/game_fn_801B9E7C.o: 0 relocation(s) moved from streamInfo to ...bss.0
build/GEDE01/src/game/game_fn_801B9E7C.o: lbl_8061AE48 now undefined; section 6 emptied
[435/810] EXTERNALIZE STATIC POOL build/GEDE01/src/game/game_fn_801BB1A0.o
build/GEDE01/src/game/game_fn_801BB1A0.o: 0 relocation(s) moved from streamInfo to ...bss.0
build/GEDE01/src/game/game_fn_801BB1A0.o: lbl_8061AE48 now undefined; section 6 emptied
[436/810] EXTERNALIZE STATIC build/GEDE01/src/game/game_fn_801B35BC.o
build/GEDE01/src/game/game_fn_801B35BC.o: lbl_8060D420 now undefined; section 6 emptied
[437/810] EXTERNALIZE STATIC POOL build/GEDE01/src/game/game_fn_801BA708.o
build/GEDE01/src/game/game_fn_801BA708.o: 0 relocation(s) moved from streamInfo to ...bss.0
build/GEDE01/src/game/game_fn_801BA708.o: lbl_8061AE48 now undefined; section 6 emptied
[438/810] EXTERNALIZE STATIC POOL build/GEDE01/src/game/game_fn_801BC8F4.o
build/GEDE01/src/game/game_fn_801BC8F4.o: lbl_8061C748 now undefined; section 6 emptied
[439/810] EXTERNALIZE STATIC build/GEDE01/src/game/game_fn_801BC240.o
build/GEDE01/src/game/game_fn_801BC240.o: lbl_8061C748 now undefined; section 6 emptied
[440/810] EXTERNALIZE STATIC POOL build/GEDE01/src/game/game_fn_801BCC04.o
build/GEDE01/src/game/game_fn_801BCC04.o: lbl_8061C748 now undefined; section 6 emptied
[441/810] EXTERNALIZE STATIC POOL build/GEDE01/src/game/game_fn_801BC0D4.o
build/GEDE01/src/game/game_fn_801BC0D4.o: lbl_8061C748 now undefined; section 6 emptied
[442/810] EXTERNALIZE STATIC POOL build/GEDE01/src/game/game_fn_801C1CB0.o
build/GEDE01/src/game/game_fn_801C1CB0.o: lbl_80626DA0 now undefined; section 3 emptied
[443/810] RENAME build/GEDE01/src/game/game_InitMetroTRKCommTable.o
[444/810] EXTERNALIZE STATIC POOL build/GEDE01/src/game/game_fn_801CE09C.o
build/GEDE01/src/game/game_fn_801CE09C.o: lbl_80631340 now undefined; section 6 emptied
[445/810] RENAME RUNTIME INTRINSICS build/GEDE01/src/game/game_fn_801CB4F8.o
[446/810] EXTERNALIZE STATIC POOL build/GEDE01/src/game/game_fn_8010242C.o
build/GEDE01/src/game/game_fn_8010242C.o: lbl_8032CC08 now undefined; section 3 emptied
[447/810] EXTERNALIZE build/GEDE01/src/game/game_fn_801D3988.o
[448/810] EXTERNALIZE build/GEDE01/src/game/game_fn_801D1B10.o
[449/810] ALIGN DATA build/GEDE01/src/game/game_fn_80008014.o
[450/810] EXTERNALIZE build/GEDE01/src/game/game_fn_801CE594.o
[451/810] EXTERNALIZE build/GEDE01/src/game/game_fn_8014549C.o
[452/810] EXTERNALIZE build/GEDE01/src/game/game_fn_801C8224.o
[453/810] EXTERNALIZE build/GEDE01/src/game/game_fn_801098C0.o
[454/810] EXTERNALIZE build/GEDE01/src/game/game_fn_8000FDE8.o
[455/810] EXTERNALIZE build/GEDE01/src/game/game_fn_80185F10.o
[456/810] EXTERNALIZE build/GEDE01/src/game/game_fn_801C29BC.o
[457/810] EXTERNALIZE build/GEDE01/src/game/game_fn_801C8F50.o
[458/810] EXTERNALIZE build/GEDE01/src/game/game_fn_8007B828.o
[459/810] EXTERNALIZE build/GEDE01/src/game/game_fn_801C90A4.o
[460/810] EXTERNALIZE build/GEDE01/src/game/game_fn_801C8160.o
[461/810] EXTERNALIZE build/GEDE01/src/game/game_fn_801C2D9C.o
[462/810] EXTERNALIZE build/GEDE01/src/game/game_fn_801C2AAC.o
[463/810] EXTERNALIZE build/GEDE01/src/game/game_fn_801C2980.o
[464/810] EXTERNALIZE build/GEDE01/src/game/game_fn_801B02F0.o
[465/810] EXTERNALIZE build/GEDE01/src/game/game_fn_801AFA74.o
[466/810] EXTERNALIZE build/GEDE01/src/game/game_fn_801AC8AC.o
[467/810] EXTERNALIZE build/GEDE01/src/game/game_fn_801ABD3C.o
[468/810] EXTERNALIZE build/GEDE01/src/game/game_fn_801816D4.o
[469/810] EXTERNALIZE build/GEDE01/src/game/game_fn_8011F140.o
[470/810] EXTERNALIZE build/GEDE01/src/game/game_fn_8004998C.o
[471/810] EXTERNALIZE build/GEDE01/src/game/game_fn_801AD08C.o
[472/810] EXTERNALIZE build/GEDE01/src/game/game_fn_80079AA4.o
[473/810] EXTERNALIZE build/GEDE01/src/game/game_fn_80158D38.o
[474/810] EXTERNALIZE build/GEDE01/src/game/game_fn_801A3A78.o
[475/810] EXTERNALIZE build/GEDE01/src/game/game_fn_8008F224.o
[476/810] EXTERNALIZE build/GEDE01/src/game/game_fn_80167454.o
[477/810] EXTERNALIZE build/GEDE01/src/game/game_fn_800AF230.o
[478/810] EXTERNALIZE build/GEDE01/src/game/game_fn_801A93E8.o
[479/810] EXTERNALIZE build/GEDE01/src/game/game_fn_801AB154.o
[480/810] EXTERNALIZE build/GEDE01/src/game/game_fn_801A7E04.o
[481/810] EXTERNALIZE build/GEDE01/src/game/game_fn_801A7EA8.o
[482/810] EXTERNALIZE build/GEDE01/src/game/game_fn_801A6CB4.o
[483/810] EXTERNALIZE build/GEDE01/src/game/game_fn_801A4CE0.o
[484/810] EXTERNALIZE build/GEDE01/src/game/game_fn_801A6C58.o
[485/810] NAME JUMPTABLE build/GEDE01/src/game/game_fn_801A6ADC.o
[486/810] EXTERNALIZE build/GEDE01/src/game/game_fn_801A6410.o
[487/810] EXTERNALIZE build/GEDE01/src/game/game_fn_801A5FB0.o
[488/810] EXTERNALIZE build/GEDE01/src/game/game_fn_801A1F18.o
[489/810] EXTERNALIZE build/GEDE01/src/game/game_fn_8019E8C8.o
[490/810] EXTERNALIZE build/GEDE01/src/game/game_fn_8019E5E4.o
[491/810] EXTERNALIZE build/GEDE01/src/game/game_fn_8019CFC4.o
[492/810] EXTERNALIZE build/GEDE01/src/game/game_fn_8019CC28.o
[493/810] EXTERNALIZE build/GEDE01/src/game/game_fn_801991E0.o
[494/810] EXTERNALIZE build/GEDE01/src/game/game_fn_80198BF4.o
[495/810] EXTERNALIZE build/GEDE01/src/game/game_fn_80198AAC.o
[496/810] EXTERNALIZE build/GEDE01/src/game/game_fn_80198154.o
[497/810] EXTERNALIZE build/GEDE01/src/game/game_fn_80194F80.o
[498/810] EXTERNALIZE build/GEDE01/src/game/game_fn_80197910.o
[499/810] EXTERNALIZE build/GEDE01/src/game/game_fn_80177434.o
repointed 2 relocations to lbl_80250588
[500/810] EXTERNALIZE build/GEDE01/src/game/game_fn_80193E1C.o
[501/810] EXTERNALIZE build/GEDE01/src/game/game_fn_80193F3C.o
[502/810] EXTERNALIZE build/GEDE01/src/game/game_fn_801931C4.o
[503/810] EXTERNALIZE build/GEDE01/src/game/game_fn_80192F54.o
[504/810] EXTERNALIZE build/GEDE01/src/game/game_fn_80191F58.o
[505/810] EXTERNALIZE build/GEDE01/src/game/game_fn_8019197C.o
[506/810] EXTERNALIZE build/GEDE01/src/game/game_fn_80191360.o
[507/810] GLOBALIZE build/GEDE01/src/game/game_fn_8018F1D0.o
[508/810] EXTERNALIZE build/GEDE01/src/game/game_fn_8018D688.o
[509/810] EXTERNALIZE build/GEDE01/src/game/game_fn_8018F81C.o
[510/810] EXTERNALIZE build/GEDE01/src/game/game_fn_8018D2E0.o
[511/810] EXTERNALIZE build/GEDE01/src/game/game_fn_80189968.o
[512/810] EXTERNALIZE build/GEDE01/src/game/game_fn_80189760.o
[513/810] EXTERNALIZE build/GEDE01/src/game/game_fn_8018D1F0.o
[514/810] EXTERNALIZE build/GEDE01/src/game/game_fn_801896A0.o
[515/810] EXTERNALIZE build/GEDE01/src/game/game_fn_801895E8.o
[516/810] EXTERNALIZE build/GEDE01/src/game/game_fn_80189390.o
[517/810] EXTERNALIZE build/GEDE01/src/game/game_fn_801891D8.o
[518/810] EXTERNALIZE build/GEDE01/src/game/game_fn_80189028.o
[519/810] EXTERNALIZE build/GEDE01/src/game/game_fn_80188E28.o
[520/810] EXTERNALIZE build/GEDE01/src/game/game_fn_80188B44.o
[521/810] EXTERNALIZE build/GEDE01/src/game/game_fn_80188A7C.o
[522/810] EXTERNALIZE build/GEDE01/src/game/game_fn_80188C1C.o
[523/810] EXTERNALIZE build/GEDE01/src/game/game_fn_801878E0.o
[524/810] EXTERNALIZE build/GEDE01/src/game/game_fn_80187120.o
[525/810] EXTERNALIZE build/GEDE01/src/game/game_fn_8018FEDC.o
[526/810] EXTERNALIZE build/GEDE01/src/game/game_fn_80186E10.o
[527/810] EXTERNALIZE build/GEDE01/src/game/game_fn_801865EC.o
[528/810] EXTERNALIZE build/GEDE01/src/game/game_fn_80185AE8.o
[529/810] EXTERNALIZE build/GEDE01/src/game/game_fn_801859FC.o
[530/810] EXTERNALIZE build/GEDE01/src/game/game_fn_80180DDC.o
[531/810] EXTERNALIZE build/GEDE01/src/game/game_fn_8017E958.o
[532/810] EXTERNALIZE build/GEDE01/src/game/game_fn_8017E850.o
[533/810] EXTERNALIZE build/GEDE01/src/game/game_fn_8017718C.o
[534/810] EXTERNALIZE build/GEDE01/src/game/game_fn_801770F8.o
[535/810] EXTERNALIZE build/GEDE01/src/game/game_fn_80176FA0.o
[536/810] EXTERNALIZE build/GEDE01/src/game/game_fn_80176DF4.o
[537/810] EXTERNALIZE build/GEDE01/src/game/game_fn_80174358.o
[538/810] EXTERNALIZE build/GEDE01/src/game/game_fn_80173F04.o
[539/810] EXTERNALIZE build/GEDE01/src/game/game_fn_80174184.o
[540/810] EXTERNALIZE build/GEDE01/src/game/game_fn_8017553C.o
[541/810] EXTERNALIZE build/GEDE01/src/game/game_fn_80173D44.o
[542/810] EXTERNALIZE build/GEDE01/src/game/game_fn_80173770.o
[543/810] EXTERNALIZE build/GEDE01/src/game/game_fn_801734B4.o
[544/810] EXTERNALIZE build/GEDE01/src/game/game_fn_80173270.o
[545/810] EXTERNALIZE build/GEDE01/src/game/game_fn_80172DB8.o
[546/810] EXTERNALIZE build/GEDE01/src/game/game_fn_80172C78.o
[547/810] EXTERNALIZE build/GEDE01/src/game/game_fn_80172BB0.o
[548/810] EXTERNALIZE build/GEDE01/src/game/game_fn_801726EC.o
[549/810] EXTERNALIZE build/GEDE01/src/game/game_fn_8017250C.o
[550/810] EXTERNALIZE build/GEDE01/src/game/game_fn_80171F30.o
[551/810] EXTERNALIZE build/GEDE01/src/game/game_fn_801718F4.o
[552/810] EXTERNALIZE build/GEDE01/src/game/game_fn_801719B4.o
[553/810] EXTERNALIZE build/GEDE01/src/game/game_fn_8017138C.o
[554/810] EXTERNALIZE build/GEDE01/src/game/game_fn_80171664.o
[555/810] EXTERNALIZE build/GEDE01/src/game/game_fn_80170A40.o
[556/810] NORMALIZE build/GEDE01/src/game/game_TRKNubWelcome.o
[557/810] NORMALIZE build/GEDE01/src/game/game_TRK_main.o
[558/810] NORMALIZE build/GEDE01/src/game/game_data_80239E10.o
[559/810] NORMALIZE build/GEDE01/src/game/game_data_80239E18.o
[560/810] EXTERNALIZE build/GEDE01/src/game/game_fn_801706DC.o
[561/810] EXTERNALIZE build/GEDE01/src/game/game_fn_8017652C.o
[562/810] EXTERNALIZE build/GEDE01/src/game/game_fn_80170E9C.o
[563/810] EXTERNALIZE build/GEDE01/src/game/game_fn_80175E64.o
[564/810] EXTERNALIZE build/GEDE01/src/game/game_fn_80175F0C.o
[565/810] EXTERNALIZE build/GEDE01/src/game/game_fn_80175FD4.o
[566/810] EXTERNALIZE build/GEDE01/src/game/game_fn_80176098.o
[567/810] EXTERNALIZE build/GEDE01/src/game/game_fn_80176160.o
[568/810] EXTERNALIZE build/GEDE01/src/game/game_fn_80176220.o
[569/810] EXTERNALIZE build/GEDE01/src/game/game_fn_80170DF4.o
[570/810] EXTERNALIZE build/GEDE01/src/game/game_fn_801762E8.o
[571/810] EXTERNALIZE build/GEDE01/src/game/game_fn_8016E8F8.o
[572/810] EXTERNALIZE build/GEDE01/src/game/game_fn_8016FEF8.o
[573/810] EXTERNALIZE build/GEDE01/src/game/game_fn_801704F8.o
[574/810] NORMALIZE build/GEDE01/src/game/game_fn_8016DF4C.o
[575/810] EXTERNALIZE build/GEDE01/src/game/game_fn_8016D2B8.o
[576/810] EXTERNALIZE build/GEDE01/src/game/game_fn_8016D040.o
[577/810] EXTERNALIZE build/GEDE01/src/game/game_fn_8016D1F8.o
[578/810] EXTERNALIZE build/GEDE01/src/game/game_fn_8016C774.o
[579/810] EXTERNALIZE build/GEDE01/src/game/game_fn_8016C4BC.o
[580/810] EXTERNALIZE build/GEDE01/src/game/game_fn_8016C238.o
[581/810] EXTERNALIZE build/GEDE01/src/game/game_fn_8016C164.o
[582/810] EXTERNALIZE build/GEDE01/src/game/game_fn_8016C0BC.o
[583/810] EXTERNALIZE build/GEDE01/src/game/game_fn_8017038C.o
[584/810] EXTERNALIZE build/GEDE01/src/game/game_fn_8016BE1C.o
[585/810] EXTERNALIZE build/GEDE01/src/game/game_fn_8016BF60.o
[586/810] EXTERNALIZE build/GEDE01/src/game/game_fn_8016BD0C.o
[587/810] EXTERNALIZE build/GEDE01/src/game/game_fn_80169650.o
[588/810] EXTERNALIZE build/GEDE01/src/game/game_fn_80167B5C.o
[589/810] EXTERNALIZE build/GEDE01/src/game/game_fn_8015EDC0.o
[590/810] EXTERNALIZE build/GEDE01/src/game/game_fn_8015DC54.o
[591/810] EXTERNALIZE build/GEDE01/src/game/game_fn_80158B20.o
[592/810] EXTERNALIZE build/GEDE01/src/game/game_fn_80179398.o
[593/810] EXTERNALIZE build/GEDE01/src/game/game_fn_8017960C.o
[594/810] EXTERNALIZE build/GEDE01/src/game/game_fn_8017974C.o
[595/810] EXTERNALIZE build/GEDE01/src/game/game_fn_80179904.o
[596/810] EXTERNALIZE build/GEDE01/src/game/game_fn_8017A9B8.o
[597/810] EXTERNALIZE build/GEDE01/src/game/game_fn_80179A18.o
[598/810] EXTERNALIZE build/GEDE01/src/game/game_fn_80179A74.o
[599/810] EXTERNALIZE build/GEDE01/src/game/game_fn_80179EB8.o
[600/810] EXTERNALIZE build/GEDE01/src/game/game_fn_80179F20.o
[601/810] EXTERNALIZE build/GEDE01/src/game/game_fn_8017A010.o
[602/810] EXTERNALIZE build/GEDE01/src/game/game_fn_8017A12C.o
[603/810] EXTERNALIZE build/GEDE01/src/game/game_fn_80157C0C.o
[604/810] EXTERNALIZE build/GEDE01/src/game/game_fn_80155814.o
[605/810] EXTERNALIZE build/GEDE01/src/game/game_fn_8017A1C0.o
[606/810] EXTERNALIZE build/GEDE01/src/game/game_fn_80153898.o
[607/810] EXTERNALIZE build/GEDE01/src/game/game_fn_8014B494.o
[608/810] EXTERNALIZE build/GEDE01/src/game/game_fn_8014AF38.o
[609/810] EXTERNALIZE build/GEDE01/src/game/game_fn_8012DB28.o
[610/810] EXTERNALIZE build/GEDE01/src/game/game_fn_801141B8.o
[611/810] EXTERNALIZE build/GEDE01/src/game/game_fn_801128E4.o
[612/810] EXTERNALIZE build/GEDE01/src/game/game_fn_801126E0.o
[613/810] EXTERNALIZE build/GEDE01/src/game/game_fn_8010F184.o
[614/810] EXTERNALIZE build/GEDE01/src/game/game_fn_800E4980.o
[615/810] EXTERNALIZE build/GEDE01/src/game/game_fn_800C17EC.o
[616/810] EXTERNALIZE build/GEDE01/src/game/game_fn_800C644C.o
[617/810] EXTERNALIZE build/GEDE01/src/game/game_fn_800C59F0.o
[618/810] EXTERNALIZE build/GEDE01/src/game/game_fn_800CB760.o
[619/810] EXTERNALIZE build/GEDE01/src/game/game_fn_800C65FC.o
[620/810] EXTERNALIZE build/GEDE01/src/game/game_fn_800CB8F4.o
[621/810] EXTERNALIZE build/GEDE01/src/game/game_fn_80078500.o
[622/810] EXTERNALIZE build/GEDE01/src/game/game_fn_80079908.o
[623/810] EXTERNALIZE build/GEDE01/src/game/game_fn_8007B2F4.o
[624/810] EXTERNALIZE build/GEDE01/src/game/game_fn_8007B540.o
[625/810] EXTERNALIZE build/GEDE01/src/game/game_fn_8007B640.o
[626/810] EXTERNALIZE build/GEDE01/src/game/game_fn_800886D8.o
[627/810] EXTERNALIZE build/GEDE01/src/game/game_fn_8007BA3C.o
[628/810] EXTERNALIZE build/GEDE01/src/game/game_fn_800934A0.o
[629/810] EXTERNALIZE build/GEDE01/src/game/game_fn_800A3894.o
[630/810] EXTERNALIZE build/GEDE01/src/game/game_fn_800A4798.o
[631/810] EXTERNALIZE build/GEDE01/src/game/game_fn_800A7E88.o
[632/810] GLOBALIZE build/GEDE01/src/game/game_fn_800A2130.o
[633/810] EXTERNALIZE build/GEDE01/src/game/game_fn_800A2FCC.o
[634/810] EXTERNALIZE build/GEDE01/src/game/game_fn_8009C424.o
[635/810] EXTERNALIZE build/GEDE01/src/game/game_fn_80096830.o
[636/810] GLOBALIZE build/GEDE01/src/game/game_fn_8008F890.o
[637/810] EXTERNALIZE SWITCHES build/GEDE01/src/game/game_fn_80095FDC.o
[638/810] EXTERNALIZE build/GEDE01/src/game/game_fn_80074310.o
[639/810] EXTERNALIZE build/GEDE01/src/game/game_fn_800A4428.o
[640/810] GLOBALIZE build/GEDE01/src/game/game_fn_8005FD84.o
[641/810] EXTERNALIZE build/GEDE01/src/game/game_fn_80066888.o
[642/810] EXTERNALIZE build/GEDE01/src/game/game_fn_8005EC6C.o
[643/810] EXTERNALIZE build/GEDE01/src/game/game_fn_80052310.o
[644/810] EXTERNALIZE build/GEDE01/src/game/game_fn_80048B24.o
[645/810] NAME SWITCH build/GEDE01/src/game/game_fn_80020E94.o
[646/810] NAME SWITCH build/GEDE01/src/game/game_fn_8005EE9C.o
[647/810] NAME SWITCH build/GEDE01/src/game/game_fn_8016D9C0.o
[648/810] NAME SWITCH build/GEDE01/src/game/game_fn_80071A58.o
[649/810] EXTERNALIZE build/GEDE01/src/game/game_fn_80048ADC.o
[650/810] NAME SWITCH build/GEDE01/src/game/game_fn_8006B620.o
[651/810] NAME SWITCH build/GEDE01/src/game/game_fn_8001FE1C.o
[652/810] NAME SWITCH build/GEDE01/src/game/game_fn_8001E644.o
[653/810] EXTERNALIZE build/GEDE01/src/game/game_fn_80038878.o
[654/810] EXTERNALIZE build/GEDE01/src/game/game_fn_801B46C8.o
build/GEDE01/src/game/game_fn_801B46C8.o: lbl_8060C020 now undefined; section 6 emptied
[655/810] EXTERNALIZE build/GEDE01/src/game/game_fn_800359A0.o
[656/810] EXTERNALIZE build/GEDE01/src/game/game_fn_80036C40.o
[657/810] EXTERNALIZE build/GEDE01/src/game/game_fn_80033180.o
[658/810] EXTERNALIZE build/GEDE01/src/game/game_fn_80033038.o
[659/810] EXTERNALIZE build/GEDE01/src/game/game_fn_80032B84.o
[660/810] EXTERNALIZE build/GEDE01/src/game/game_fn_8003232C.o
[661/810] EXTERNALIZE build/GEDE01/src/game/game_fn_8002DAE0.o
[662/810] EXTERNALIZE build/GEDE01/src/game/game_fn_8002E3F0.o
[663/810] EXTERNALIZE build/GEDE01/src/game/game_fn_8002F428.o
[664/810] EXTERNALIZE build/GEDE01/src/game/game_fn_8002EA68.o
[665/810] GLOBALIZE build/GEDE01/src/game/game_fn_8002B748.o
[666/810] NAME SWITCHES build/GEDE01/src/game/game_fn_80024F28.o
[667/810] EXTERNALIZE build/GEDE01/src/game/game_fn_800272B4.o
[668/810] EXTERNALIZE build/GEDE01/src/game/game_fn_8001CE94.o
[669/810] EXTERNALIZE build/GEDE01/src/game/game_fn_8001CD58.o
[670/810] EXTERNALIZE build/GEDE01/src/game/game_fn_8001C078.o
[671/810] EXTERNALIZE build/GEDE01/src/game/game_fn_8001B808.o
[672/810] EXTERNALIZE build/GEDE01/src/game/game_fn_8001B874.o
[673/810] EXTERNALIZE build/GEDE01/src/game/game_fn_8001B294.o
[674/810] EXTERNALIZE build/GEDE01/src/game/game_fn_8001B124.o
[675/810] EXTERNALIZE build/GEDE01/src/game/game_fn_8001ADF8.o
[676/810] EXTERNALIZE build/GEDE01/src/game/game_fn_8001AF68.o
[677/810] EXTERNALIZE build/GEDE01/src/game/game_fn_8001AAB8.o
[678/810] EXTERNALIZE build/GEDE01/src/game/game_fn_8001A6C4.o
[679/810] EXTERNALIZE build/GEDE01/src/game/game_fn_80019F98.o
[680/810] EXTERNALIZE build/GEDE01/src/game/game_fn_80019D2C.o
[681/810] EXTERNALIZE build/GEDE01/src/game/game_fn_80019C10.o
[682/810] EXTERNALIZE build/GEDE01/src/game/game_fn_80019940.o
[683/810] EXTERNALIZE build/GEDE01/src/game/game_fn_800194D0.o
[684/810] EXTERNALIZE build/GEDE01/src/game/game_fn_80019054.o
[685/810] EXTERNALIZE build/GEDE01/src/game/game_fn_80019244.o
[686/810] EXTERNALIZE build/GEDE01/src/game/game_fn_80018EF4.o
[687/810] EXTERNALIZE build/GEDE01/src/game/game_fn_80017DB0.o
[688/810] EXTERNALIZE build/GEDE01/src/game/game_fn_80017CC8.o
[689/810] EXTERNALIZE build/GEDE01/src/game/game_fn_80017C3C.o
[690/810] EXTERNALIZE build/GEDE01/src/game/game_fn_80017AE4.o
[691/810] EXTERNALIZE build/GEDE01/src/game/game_fn_80017A3C.o
[692/810] EXTERNALIZE build/GEDE01/src/game/game_fn_80017910.o
[693/810] EXTERNALIZE build/GEDE01/src/game/game_fn_800179AC.o
[694/810] EXTERNALIZE build/GEDE01/src/game/game_fn_8000FFD8.o
[695/810] EXTERNALIZE FLAGS build/GEDE01/src/game/game_fn_800119FC.o
[696/810] EXTERNALIZE build/GEDE01/src/game/game_fn_8000EFC4.o
[697/810] EXTERNALIZE build/GEDE01/src/game/game_fn_8000F4B0.o
[698/810] GLOBALIZE build/GEDE01/src/game/game_fn_800094C0.o
[699/810] EXTERNALIZE build/GEDE01/src/game/game_fn_800098C0.o
[700/810] EXTERNALIZE build/GEDE01/src/game/game_fn_800096E0.o
[701/810] EXTERNALIZE build/GEDE01/src/game/game_fn_800099D8.o
[702/810] EXTERNALIZE build/GEDE01/src/game/game_fn_80009AB4.o
[703/810] EXTERNALIZE build/GEDE01/src/game/game_fn_8000A26C.o
[704/810] EXTERNALIZE build/GEDE01/src/game/game_fn_800171C0.o
[705/810] EXTERNALIZE build/GEDE01/src/game/game_fn_800176F0.o
[706/810] EXTERNALIZE build/GEDE01/src/game/game_fn_8000AC88.o
[707/810] EXTERNALIZE build/GEDE01/src/game/game_fn_8000AEB4.o
[708/810] EXTERNALIZE build/GEDE01/src/game/game_fn_8000AFB4.o
[709/810] EXTERNALIZE build/GEDE01/src/game/game_fn_8000B36C.o
[710/810] EXTERNALIZE build/GEDE01/src/game/game_fn_8000B1B8.o
[711/810] EXTERNALIZE build/GEDE01/src/game/game_fn_8000B7FC.o
[712/810] EXTERNALIZE build/GEDE01/src/game/game_fn_8000B630.o
[713/810] EXTERNALIZE build/GEDE01/src/game/game_fn_8000B900.o
[714/810] EXTERNALIZE build/GEDE01/src/game/game_fn_8000BA0C.o
[715/810] EXTERNALIZE build/GEDE01/src/game/game_fn_8000BAA0.o
[716/810] EXTERNALIZE build/GEDE01/src/game/game_fn_8000BC40.o
[717/810] EXTERNALIZE build/GEDE01/src/game/game_fn_8000C06C.o
[718/810] EXTERNALIZE build/GEDE01/src/game/game_fn_8000C17C.o
[719/810] EXTERNALIZE build/GEDE01/src/game/game_fn_8000C400.o
[720/810] EXTERNALIZE build/GEDE01/src/game/game_fn_8000C848.o
[721/810] EXTERNALIZE build/GEDE01/src/game/game_fn_8000C91C.o
[722/810] EXTERNALIZE build/GEDE01/src/game/game_fn_8000D0BC.o
[723/810] NAME SWITCH build/GEDE01/src/game/game_fn_8000D8A4.o
[724/810] EXTERNALIZE build/GEDE01/src/game/game_fn_8000D3D4.o
[725/810] EXTERNALIZE build/GEDE01/src/game/game_fn_8000E054.o
[726/810] EXTERNALIZE build/GEDE01/src/game/game_fn_8000E0AC.o
[727/810] EXTERNALIZE build/GEDE01/src/game/game_fn_8000E96C.o
[728/810] EXTERNALIZE build/GEDE01/src/game/game_fn_8000F774.o
[729/810] EXTERNALIZE build/GEDE01/src/game/game_fn_8000EB14.o
[730/810] EXTERNALIZE build/GEDE01/src/game/game_fn_8000EBD4.o
[731/810] EXTERNALIZE build/GEDE01/src/game/game_fn_8000ED44.o
[732/810] EXTERNALIZE build/GEDE01/src/game/game_fn_8000E138.o
[733/810] EXTERNALIZE build/GEDE01/src/game/game_fn_8000E1C4.o
[734/810] EXTERNALIZE build/GEDE01/src/game/game_fn_8000D590.o
[735/810] EXTERNALIZE build/GEDE01/src/game/game_fn_8000DA50.o
[736/810] EXTERNALIZE build/GEDE01/src/game/game_fn_80012DA8.o
[737/810] EXTERNALIZE build/GEDE01/src/game/game_fn_8000DAF4.o
[738/810] EXTERNALIZE build/GEDE01/src/game/game_fn_80012F40.o
[739/810] EXTERNALIZE build/GEDE01/src/game/game_fn_80012FD0.o
[740/810] EXTERNALIZE build/GEDE01/src/game/game_fn_800131E8.o
[741/810] EXTERNALIZE build/GEDE01/src/game/game_fn_80013340.o
[742/810] EXTERNALIZE build/GEDE01/src/game/game_fn_80013870.o
[743/810] EXTERNALIZE build/GEDE01/src/game/game_fn_80013CB0.o
[744/810] EXTERNALIZE build/GEDE01/src/game/game_fn_80013D54.o
[745/810] EXTERNALIZE build/GEDE01/src/game/game_fn_800144CC.o
[746/810] EXTERNALIZE build/GEDE01/src/game/game_fn_800142DC.o
[747/810] EXTERNALIZE build/GEDE01/src/game/game_fn_800149D4.o
[748/810] EXTERNALIZE build/GEDE01/src/game/game_fn_80014784.o
[749/810] EXTERNALIZE build/GEDE01/src/game/game_fn_80015320.o
[750/810] EXTERNALIZE build/GEDE01/src/game/game_fn_80015058.o
[751/810] EXTERNALIZE build/GEDE01/src/game/game_fn_800156FC.o
[752/810] EXTERNALIZE build/GEDE01/src/game/game_fn_80015568.o
[753/810] EXTERNALIZE build/GEDE01/src/game/game_fn_80015BE0.o
[754/810] EXTERNALIZE build/GEDE01/src/game/game_fn_80015D40.o
[755/810] EXTERNALIZE build/GEDE01/src/game/game_fn_80015F04.o
[756/810] EXTERNALIZE build/GEDE01/src/game/game_fn_80016128.o
[757/810] EXTERNALIZE build/GEDE01/src/game/game_fn_80016270.o
[758/810] EXTERNALIZE build/GEDE01/src/game/game_fn_80016904.o
[759/810] EXTERNALIZE build/GEDE01/src/game/game_fn_800173CC.o
[760/810] EXTERNALIZE build/GEDE01/src/game/game_fn_80016B24.o
[761/810] EXTERNALIZE build/GEDE01/src/game/game_fn_8006B0F0.o
[762/810] EXTERNALIZE build/GEDE01/src/game/game_fn_8007D4D8.o
[763/810] EXTERNALIZE build/GEDE01/src/game/game_fn_8007F770.o
[764/810] EXTERNALIZE build/GEDE01/src/game/game_fn_80088F4C.o
[765/810] EXTERNALIZE build/GEDE01/src/game/game_fn_80090004.o
[766/810] EXTERNALIZE build/GEDE01/src/game/game_fn_80095D10.o
[767/810] EXTERNALIZE build/GEDE01/src/game/game_fn_800A3180.o
[768/810] EXTERNALIZE build/GEDE01/src/game/game_fn_800BB9A4.o
[769/810] EXTERNALIZE build/GEDE01/src/game/game_fn_800BB5C4.o
[770/810] EXTERNALIZE build/GEDE01/src/game/game_fn_800BBAF0.o
[771/810] EXTERNALIZE build/GEDE01/src/game/game_fn_800D9E10.o
[772/810] EXTERNALIZE build/GEDE01/src/game/game_fn_8012976C.o
[773/810] EXTERNALIZE build/GEDE01/src/game/game_fn_8014CA98.o
[774/810] EXTERNALIZE build/GEDE01/src/game/game_fn_80174F2C.o
[775/810] EXTERNALIZE build/GEDE01/src/game/game_fn_80153A24.o
[776/810] EXTERNALIZE build/GEDE01/src/game/game_fn_8017AC20.o
[777/810] EXTERNALIZE build/GEDE01/src/game/game_fn_8018680C.o
[778/810] EXTERNALIZE build/GEDE01/src/game/game_fn_80186F70.o
[779/810] EXTERNALIZE build/GEDE01/src/game/game_fn_80187BB4.o
[780/810] EXTERNALIZE build/GEDE01/src/game/game_fn_8018E0D8.o
[781/810] EXTERNALIZE build/GEDE01/src/game/game_fn_8019120C.o
[782/810] EXTERNALIZE build/GEDE01/src/game/game_fn_8018D400.o
[783/810] EXTERNALIZE build/GEDE01/src/game/game_fn_801926EC.o
[784/810] EXTERNALIZE build/GEDE01/src/game/game_fn_801916D0.o
[785/810] EXTERNALIZE build/GEDE01/src/game/game_fn_801A2A54.o
[786/810] EXTERNALIZE build/GEDE01/src/game/game_fn_801A34BC.o
[787/810] EXTERNALIZE build/GEDE01/src/game/game_fn_801A657C.o
[788/810] EXTERNALIZE build/GEDE01/src/game/game_fn_801ECD74.o
[789/810] EXTERNALIZE build/GEDE01/src/game/game_fn_801D1F78.o
[790/810] EXTERNALIZE build/GEDE01/src/game/game_fn_801F76EC.o
[791/810] EXTERNALIZE build/GEDE01/src/game/game_fn_801F8264.o
[792/810] EXTERNALIZE build/GEDE01/src/game/game_fn_801F89B4.o
[793/810] EXTERNALIZE build/GEDE01/src/game/game_fn_801F9AF8.o
[794/810] EXTERNALIZE build/GEDE01/src/game/game_fn_801F6BD8.o
[795/810] EXTERNALIZE build/GEDE01/src/game/game_fn_801FB6A4.o
[796/810] EXTERNALIZE JUMPTABLES build/GEDE01/src/game/game_fn_8006E53C.o
[797/810] EXTERNALIZE JUMPTABLES build/GEDE01/src/game/game_fn_800CF598.o
[798/810] EXTERNALIZE JUMPTABLES build/GEDE01/src/game/game_fn_801ACFE8.o
[799/810] EXTERNALIZE JUMPTABLES build/GEDE01/src/game/game_fn_801B1BA0.o
[800/810] EXTERNALIZE build/GEDE01/src/game/game_fn_8009E808.o
[801/810] EXTERNALIZE build/GEDE01/src/game/game_fn_801F55A0.o
[802/810] EXTERNALIZE build/GEDE01/src/game/game_fn_801F7510.o
[803/810] EXTERNALIZE build/GEDE01/src/game/game_fn_801FC034.o
[804/810] EXTERNALIZE build/GEDE01/src/game/game_fn_801FA9C8.o
[805/810] REPORT
 INFO Loading project .
 INFO Generating report for 6918 units (using 8 threads)
 INFO Report generated in 0.223s
 INFO Writing to build/GEDE01/report.json
[806/810] LINK build/GEDE01/main.elf
### mwldeppc.exe Linker Warning:
#   Section '.ignored' is unknown. Section ignored.
### mwldeppc.exe Linker Warning:
#   Section '.ignored' is unknown. Section ignored.
### mwldeppc.exe Linker Warning:
#   Section '.ignored' is unknown. Section ignored.
### mwldeppc.exe Linker Warning:
#   Section '.ignored' is unknown. Section ignored.
### mwldeppc.exe Linker Warning:
#   Section '.ignored' is unknown. Section ignored.
### mwldeppc.exe Linker Warning:
#   Section '.ignored' is unknown. Section ignored.
### mwldeppc.exe Linker Warning:
#   Section '.ignored' is unknown. Section ignored.
### mwldeppc.exe Linker Warning:
#   Section '.ignored' is unknown. Section ignored.
### mwldeppc.exe Linker Warning:
#   Section '.ignored' is unknown. Section ignored.
### mwldeppc.exe Linker Warning:
#   Section '.ignored' is unknown. Section ignored.
### mwldeppc.exe Linker Warning:
#   Section '.ignored' is unknown. Section ignored.
### mwldeppc.exe Linker Warning:
#   Section '.ignored' is unknown. Section ignored.
### mwldeppc.exe Linker Warning:
#   Section '.ignored' is unknown. Section ignored.
### mwldeppc.exe Linker Warning:
#   Section '.ignored' is unknown. Section ignored.
### mwldeppc.exe Linker Warning:
#   Section '.ignored' is unknown. Section ignored.
### mwldeppc.exe Linker Warning:
#   Section '.ignored' is unknown. Section ignored.
### mwldeppc.exe Linker Warning:
#   Section '.ignored' is unknown. Section ignored.
### mwldeppc.exe Linker Warning:
#   Section '.ignored' is unknown. Section ignored.
### mwldeppc.exe Linker Warning:
#   Section '.ignored' is unknown. Section ignored.
### mwldeppc.exe Linker Warning:
#   Section '.ignored' is unknown. Section ignored.
### mwldeppc.exe Linker Warning:
#   Section '.ignored' is unknown. Section ignored.
### mwldeppc.exe Linker Warning:
#   Section '.ignored' is unknown. Section ignored.
### mwldeppc.exe Linker Warning:
#   Section '.ignored' is unknown. Section ignored.
### mwldeppc.exe Linker Warning:
#   Section '.ignored' is unknown. Section ignored.
### mwldeppc.exe Linker Warning:
#   Section '.ignored' is unknown. Section ignored.
### mwldeppc.exe Linker Warning:
#   Section '.ignored' is unknown. Section ignored.
### mwldeppc.exe Linker Warning:
#   Section '.ignored' is unknown. Section ignored.
### mwldeppc.exe Linker Warning:
#   Section '.ignored' is unknown. Section ignored.
### mwldeppc.exe Linker Warning:
#   Section '.ignored' is unknown. Section ignored.
### mwldeppc.exe Linker Warning:
#   Section '.ignored' is unknown. Section ignored.
### mwldeppc.exe Linker Warning:
#   Section '.ignored' is unknown. Section ignored.
### mwldeppc.exe Linker Warning:
#   Section '.ignored' is unknown. Section ignored.
### mwldeppc.exe Linker Warning:
#   Section '.ignored' is unknown. Section ignored.
### mwldeppc.exe Linker Warning:
#   Section '.ignored' is unknown. Section ignored.
### mwldeppc.exe Linker Warning:
#   Section '.ignored' is unknown. Section ignored.
### mwldeppc.exe Linker Warning:
#   Section '.ignored' is unknown. Section ignored.
### mwldeppc.exe Linker Warning:
#   Section '.ignored' is unknown. Section ignored.
### mwldeppc.exe Linker Warning:
#   Section '.ignored' is unknown. Section ignored.
### mwldeppc.exe Linker Warning:
#   Section '.ignored' is unknown. Section ignored.
### mwldeppc.exe Linker Warning:
#   Section '.ignored' is unknown. Section ignored.
### mwldeppc.exe Linker Warning:
#   Section '.ignored' is unknown. Section ignored.
### mwldeppc.exe Linker Warning:
#   Section '.ignored' is unknown. Section ignored.
### mwldeppc.exe Linker Warning:
#   Section '.ignored' is unknown. Section ignored.
### mwldeppc.exe Linker Warning:
#   Section '.ignored' is unknown. Section ignored.
### mwldeppc.exe Linker Warning:
#   Section '.ignored' is unknown. Section ignored.
### mwldeppc.exe Linker Warning:
#   Section '.ignored' is unknown. Section ignored.
### mwldeppc.exe Linker Warning:
#   Section '.ignored' is unknown. Section ignored.
### mwldeppc.exe Linker Warning:
#   Section '.ignored' is unknown. Section ignored.
### mwldeppc.exe Linker Warning:
#   Section '.ignored' is unknown. Section ignored.
### mwldeppc.exe Linker Warning:
#   Section '.ignored' is unknown. Section ignored.
### mwldeppc.exe Linker Warning:
#   Section '.ignored' is unknown. Section ignored.
### mwldeppc.exe Linker Warning:
#   Section '.ignored' is unknown. Section ignored.
### mwldeppc.exe Linker Warning:
#   Section '.ignored' is unknown. Section ignored.
### mwldeppc.exe Linker Warning:
#   Section '.ignored' is unknown. Section ignored.
### mwldeppc.exe Linker Warning:
#   Section '.ignored' is unknown. Section ignored.
### mwldeppc.exe Linker Warning:
#   Section '.ignored' is unknown. Section ignored.
### mwldeppc.exe Linker Warning:
#   Section '.ignored' is unknown. Section ignored.
### mwldeppc.exe Linker Warning:
#   Section '.ignored' is unknown. Section ignored.
### mwldeppc.exe Linker Warning:
#   Section '.ignored' is unknown. Section ignored.
### mwldeppc.exe Linker Warning:
#   Section '.ignored' is unknown. Section ignored.
### mwldeppc.exe Linker Warning:
#   Section '.ignored' is unknown. Section ignored.
### mwldeppc.exe Linker Warning:
#   Section '.ignored' is unknown. Section ignored.
### mwldeppc.exe Linker Warning:
#   Section '.ignored' is unknown. Section ignored.
### mwldeppc.exe Linker Warning:
#   Section '.ignored' is unknown. Section ignored.
### mwldeppc.exe Linker Warning:
#   Section '.ignored' is unknown. Section ignored.
### mwldeppc.exe Linker Warning:
#   Section '.ignored' is unknown. Section ignored.
### mwldeppc.exe Linker Warning:
#   Section '.ignored' is unknown. Section ignored.
### mwldeppc.exe Linker Warning:
#   Section '.ignored' is unknown. Section ignored.
### mwldeppc.exe Linker Warning:
#   Section '.ignored' is unknown. Section ignored.
### mwldeppc.exe Linker Warning:
#   Section '.ignored' is unknown. Section ignored.
### mwldeppc.exe Linker Warning:
#   Section '.ignored' is unknown. Section ignored.
### mwldeppc.exe Linker Warning:
#   Section '.ignored' is unknown. Section ignored.
### mwldeppc.exe Linker Warning:
#   Section '.ignored' is unknown. Section ignored.
### mwldeppc.exe Linker Warning:
#   Section '.ignored' is unknown. Section ignored.
### mwldeppc.exe Linker Warning:
#   Section '.ignored' is unknown. Section ignored.
### mwldeppc.exe Linker Warning:
#   Section '.ignored' is unknown. Section ignored.
### mwldeppc.exe Linker Warning:
#   Section '.ignored' is unknown. Section ignored.
### mwldeppc.exe Linker Warning:
#   Section '.ignored' is unknown. Section ignored.
### mwldeppc.exe Linker Warning:
#   Section '.ignored' is unknown. Section ignored.
### mwldeppc.exe Linker Warning:
#   Section '.ignored' is unknown. Section ignored.
### mwldeppc.exe Linker Warning:
#   Section '.ignored' is unknown. Section ignored.
### mwldeppc.exe Linker Warning:
#   Section '.ignored' is unknown. Section ignored.
### mwldeppc.exe Linker Warning:
#   Section '.ignored' is unknown. Section ignored.
### mwldeppc.exe Linker Warning:
#   Section '.ignored' is unknown. Section ignored.
### mwldeppc.exe Linker Warning:
#   Section '.ignored' is unknown. Section ignored.
### mwldeppc.exe Linker Warning:
#   Section '.ignored' is unknown. Section ignored.
### mwldeppc.exe Linker Warning:
#   Section '.ignored' is unknown. Section ignored.
### mwldeppc.exe Linker Warning:
#   Section '.ignored' is unknown. Section ignored.
### mwldeppc.exe Linker Warning:
#   Section '.ignored' is unknown. Section ignored.
### mwldeppc.exe Linker Warning:
#   Section '.ignored' is unknown. Section ignored.
### mwldeppc.exe Linker Warning:
#   Section '.ignored' is unknown. Section ignored.
### mwldeppc.exe Linker Warning:
#   Section '.ignored' is unknown. Section ignored.
### mwldeppc.exe Linker Warning:
#   Section '.ignored' is unknown. Section ignored.
### mwldeppc.exe Linker Warning:
#   Section '.ignored' is unknown. Section ignored.
### mwldeppc.exe Linker Warning:
#   Section '.ignored' is unknown. Section ignored.
### mwldeppc.exe Linker Warning:
#   Section '.ignored' is unknown. Section ignored.
### mwldeppc.exe Linker Warning:
#   Section '.ignored' is unknown. Section ignored.
### mwldeppc.exe Linker Warning:
#   Section '.ignored' is unknown. Section ignored.
### mwldeppc.exe Linker Warning:
#   Section '.ignored' is unknown. Section ignored.
### mwldeppc.exe Linker Warning:
#   Section '.ignored' is unknown. Section ignored.
### mwldeppc.exe Linker Warning:
#   Section '.ignored' is unknown. Section ignored.
### mwldeppc.exe Linker Warning:
#   Section '.ignored' is unknown. Section ignored.
### mwldeppc.exe Linker Warning:
#   Section '.ignored' is unknown. Section ignored.
### mwldeppc.exe Linker Warning:
#   Section '.ignored' is unknown. Section ignored.
### mwldeppc.exe Linker Warning:
#   Section '.ignored' is unknown. Section ignored.
### mwldeppc.exe Linker Warning:
#   Section '.ignored' is unknown. Section ignored.
### mwldeppc.exe Linker Warning:
#   Section '.ignored' is unknown. Section ignored.
### mwldeppc.exe Linker Warning:
#   Section '.ignored' is unknown. Section ignored.
### mwldeppc.exe Linker Warning:
#   Section '.ignored' is unknown. Section ignored.
### mwldeppc.exe Linker Warning:
#   Section '.ignored' is unknown. Section ignored.
### mwldeppc.exe Linker Warning:
#   Section '.ignored' is unknown. Section ignored.
### mwldeppc.exe Linker Warning:
#   Section '.ignored' is unknown. Section ignored.
### mwldeppc.exe Linker Warning:
#   Section '.ignored' is unknown. Section ignored.
### mwldeppc.exe Linker Warning:
#   Section '.ignored' is unknown. Section ignored.
### mwldeppc.exe Linker Warning:
#   Section '.ignored' is unknown. Section ignored.
### mwldeppc.exe Linker Warning:
#   Section '.ignored' is unknown. Section ignored.
### mwldeppc.exe Linker Warning:
#   Section '.ignored' is unknown. Section ignored.
### mwldeppc.exe Linker Warning:
#   Section '.ignored' is unknown. Section ignored.
### mwldeppc.exe Linker Warning:
#   Section '.ignored' is unknown. Section ignored.
### mwldeppc.exe Linker Warning:
#   Section '.ignored' is unknown. Section ignored.
### mwldeppc.exe Linker Warning:
#   Section '.ignored' is unknown. Section ignored.
### mwldeppc.exe Linker Warning:
#   Section '.ignored' is unknown. Section ignored.
### mwldeppc.exe Linker Warning:
#   Section '.ignored' is unknown. Section ignored.
### mwldeppc.exe Linker Warning:
#   Section '.ignored' is unknown. Section ignored.
### mwldeppc.exe Linker Warning:
#   Section '.ignored' is unknown. Section ignored.
### mwldeppc.exe Linker Warning:
#   Section '.ignored' is unknown. Section ignored.
### mwldeppc.exe Linker Warning:
#   Section '.ignored' is unknown. Section ignored.
### mwldeppc.exe Linker Warning:
#   Section '.ignored' is unknown. Section ignored.
### mwldeppc.exe Linker Warning:
#   Section '.ignored' is unknown. Section ignored.
### mwldeppc.exe Linker Warning:
#   Section '.ignored' is unknown. Section ignored.
### mwldeppc.exe Linker Warning:
#   Section '.ignored' is unknown. Section ignored.
### mwldeppc.exe Linker Warning:
#   Section '.ignored' is unknown. Section ignored.
### mwldeppc.exe Linker Warning:
#   Section '.ignored' is unknown. Section ignored.
### mwldeppc.exe Linker Warning:
#   Section '.ignored' is unknown. Section ignored.
### mwldeppc.exe Linker Warning:
#   Section '.ignored' is unknown. Section ignored.
### mwldeppc.exe Linker Warning:
#   Section '.ignored' is unknown. Section ignored.
### mwldeppc.exe Linker Warning:
#   Section '.ignored' is unknown. Section ignored.
### mwldeppc.exe Linker Warning:
#   Section '.ignored' is unknown. Section ignored.
### mwldeppc.exe Linker Warning:
#   Section '.ignored' is unknown. Section ignored.
### mwldeppc.exe Linker Warning:
#   Section '.ignored' is unknown. Section ignored.
### mwldeppc.exe Linker Warning:
#   Section '.ignored' is unknown. Section ignored.
### mwldeppc.exe Linker Warning:
#   Section '.ignored' is unknown. Section ignored.
### mwldeppc.exe Linker Warning:
#   Section '.ignored' is unknown. Section ignored.
### mwldeppc.exe Linker Warning:
#   Section '.ignored' is unknown. Section ignored.
### mwldeppc.exe Linker Warning:
#   Section '.ignored' is unknown. Section ignored.
### mwldeppc.exe Linker Warning:
#   Section '.ignored' is unknown. Section ignored.
### mwldeppc.exe Linker Warning:
#   Section '.ignored' is unknown. Section ignored.
### mwldeppc.exe Linker Warning:
#   Section '.ignored' is unknown. Section ignored.
### mwldeppc.exe Linker Warning:
#   Section '.ignored' is unknown. Section ignored.
### mwldeppc.exe Linker Warning:
#   Section '.ignored' is unknown. Section ignored.
### mwldeppc.exe Linker Warning:
#   Section '.ignored' is unknown. Section ignored.
### mwldeppc.exe Linker Warning:
#   Section '.ignored' is unknown. Section ignored.
### mwldeppc.exe Linker Warning:
#   Section '.ignored' is unknown. Section ignored.
### mwldeppc.exe Linker Warning:
#   Section '.ignored' is unknown. Section ignored.
### mwldeppc.exe Linker Warning:
#   Section '.ignored' is unknown. Section ignored.
### mwldeppc.exe Linker Warning:
#   Section '.ignored' is unknown. Section ignored.
### mwldeppc.exe Linker Warning:
#   Section '.ignored' is unknown. Section ignored.
### mwldeppc.exe Linker Warning:
#   Section '.ignored' is unknown. Section ignored.
### mwldeppc.exe Linker Warning:
#   Section '.ignored' is unknown. Section ignored.
### mwldeppc.exe Linker Warning:
#   Section '.ignored' is unknown. Section ignored.
### mwldeppc.exe Linker Warning:
#   Section '.ignored' is unknown. Section ignored.
### mwldeppc.exe Linker Warning:
#   Section '.ignored' is unknown. Section ignored.
### mwldeppc.exe Linker Warning:
#   Section '.ignored' is unknown. Section ignored.
### mwldeppc.exe Linker Warning:
#   Section '.ignored' is unknown. Section ignored.
### mwldeppc.exe Linker Warning:
#   Section '.ignored' is unknown. Section ignored.
### mwldeppc.exe Linker Warning:
#   Section '.ignored' is unknown. Section ignored.
### mwldeppc.exe Linker Warning:
#   Section '.ignored' is unknown. Section ignored.
### mwldeppc.exe Linker Warning:
#   Section '.ignored' is unknown. Section ignored.
### mwldeppc.exe Linker Warning:
#   Section '.ignored' is unknown. Section ignored.
### mwldeppc.exe Linker Warning:
#   Section '.ignored' is unknown. Section ignored.
### mwldeppc.exe Linker Warning:
#   Section '.ignored' is unknown. Section ignored.
### mwldeppc.exe Linker Warning:
#   Section '.ignored' is unknown. Section ignored.
### mwldeppc.exe Linker Warning:
#   Section '.ignored' is unknown. Section ignored.
### mwldeppc.exe Linker Warning:
#   Section '.ignored' is unknown. Section ignored.
### mwldeppc.exe Linker Warning:
#   Section '.ignored' is unknown. Section ignored.
### mwldeppc.exe Linker Warning:
#   Section '.ignored' is unknown. Section ignored.
### mwldeppc.exe Linker Warning:
#   Section '.ignored' is unknown. Section ignored.
### mwldeppc.exe Linker Warning:
#   Section '.ignored' is unknown. Section ignored.
### mwldeppc.exe Linker Warning:
#   Section '.ignored' is unknown. Section ignored.
### mwldeppc.exe Linker Warning:
#   Section '.ignored' is unknown. Section ignored.
### mwldeppc.exe Linker Warning:
#   Section '.ignored' is unknown. Section ignored.
### mwldeppc.exe Linker Warning:
#   Section '.ignored' is unknown. Section ignored.
### mwldeppc.exe Linker Warning:
#   Section '.ignored' is unknown. Section ignored.
### mwldeppc.exe Linker Warning:
#   Section '.ignored' is unknown. Section ignored.
### mwldeppc.exe Linker Warning:
#   Section '.ignored' is unknown. Section ignored.
### mwldeppc.exe Linker Warning:
#   Section '.ignored' is unknown. Section ignored.
### mwldeppc.exe Linker Warning:
#   Section '.ignored' is unknown. Section ignored.
### mwldeppc.exe Linker Warning:
#   Section '.ignored' is unknown. Section ignored.
### mwldeppc.exe Linker Warning:
#   Section '.ignored' is unknown. Section ignored.
### mwldeppc.exe Linker Warning:
#   Section '.ignored' is unknown. Section ignored.
### mwldeppc.exe Linker Warning:
#   Section '.ignored' is unknown. Section ignored.
### mwldeppc.exe Linker Warning:
#   Section '.ignored' is unknown. Section ignored.
### mwldeppc.exe Linker Warning:
#   Section '.ignored' is unknown. Section ignored.
### mwldeppc.exe Linker Warning:
#   Section '.ignored' is unknown. Section ignored.
### mwldeppc.exe Linker Warning:
#   Section '.ignored' is unknown. Section ignored.
### mwldeppc.exe Linker Warning:
#   Section '.ignored' is unknown. Section ignored.
### mwldeppc.exe Linker Warning:
#   Section '.ignored' is unknown. Section ignored.
### mwldeppc.exe Linker Warning:
#   Section '.ignored' is unknown. Section ignored.
### mwldeppc.exe Linker Warning:
#   Section '.ignored' is unknown. Section ignored.
### mwldeppc.exe Linker Warning:
#   Section '.ignored' is unknown. Section ignored.
### mwldeppc.exe Linker Warning:
#   Section '.ignored' is unknown. Section ignored.
### mwldeppc.exe Linker Warning:
#   Section '.ignored' is unknown. Section ignored.
### mwldeppc.exe Linker Warning:
#   Section '.ignored' is unknown. Section ignored.
### mwldeppc.exe Linker Warning:
#   Section '.ignored' is unknown. Section ignored.
### mwldeppc.exe Linker Warning:
#   Section '.ignored' is unknown. Section ignored.
### mwldeppc.exe Linker Warning:
#   Section '.ignored' is unknown. Section ignored.
### mwldeppc.exe Linker Warning:
#   Section '.ignored' is unknown. Section ignored.
### mwldeppc.exe Linker Warning:
#   Section '.ignored' is unknown. Section ignored.
### mwldeppc.exe Linker Warning:
#   Section '.ignored' is unknown. Section ignored.
### mwldeppc.exe Linker Warning:
#   Section '.ignored' is unknown. Section ignored.
### mwldeppc.exe Linker Warning:
#   Section '.ignored' is unknown. Section ignored.
### mwldeppc.exe Linker Warning:
#   Section '.ignored' is unknown. Section ignored.
### mwldeppc.exe Linker Warning:
#   Section '.ignored' is unknown. Section ignored.
### mwldeppc.exe Linker Warning:
#   Section '.ignored' is unknown. Section ignored.
### mwldeppc.exe Linker Warning:
#   Section '.ignored' is unknown. Section ignored.
### mwldeppc.exe Linker Warning:
#   Section '.ignored' is unknown. Section ignored.
### mwldeppc.exe Linker Warning:
#   Section '.ignored' is unknown. Section ignored.
### mwldeppc.exe Linker Warning:
#   Section '.ignored' is unknown. Section ignored.
### mwldeppc.exe Linker Warning:
#   Section '.ignored' is unknown. Section ignored.
### mwldeppc.exe Linker Warning:
#   Section '.ignored' is unknown. Section ignored.
### mwldeppc.exe Linker Warning:
#   Section '.ignored' is unknown. Section ignored.
### mwldeppc.exe Linker Warning:
#   Section '.ignored' is unknown. Section ignored.
### mwldeppc.exe Linker Warning:
#   Section '.ignored' is unknown. Section ignored.
### mwldeppc.exe Linker Warning:
#   Section '.ignored' is unknown. Section ignored.
### mwldeppc.exe Linker Warning:
#   Section '.ignored' is unknown. Section ignored.
### mwldeppc.exe Linker Warning:
#   Section '.ignored' is unknown. Section ignored.
### mwldeppc.exe Linker Warning:
#   Section '.ignored' is unknown. Section ignored.
### mwldeppc.exe Linker Warning:
#   Section '.ignored' is unknown. Section ignored.
### mwldeppc.exe Linker Warning:
#   Section '.ignored' is unknown. Section ignored.
### mwldeppc.exe Linker Warning:
#   Section '.ignored' is unknown. Section ignored.
### mwldeppc.exe Linker Warning:
#   Section '.ignored' is unknown. Section ignored.
### mwldeppc.exe Linker Warning:
#   Section '.ignored' is unknown. Section ignored.
### mwldeppc.exe Linker Warning:
#   Section '.ignored' is unknown. Section ignored.
### mwldeppc.exe Linker Warning:
#   Section '.ignored' is unknown. Section ignored.
### mwldeppc.exe Linker Warning:
#   Section '.ignored' is unknown. Section ignored.
### mwldeppc.exe Linker Warning:
#   Section '.ignored' is unknown. Section ignored.
### mwldeppc.exe Linker Warning:
#   Section '.ignored' is unknown. Section ignored.
### mwldeppc.exe Linker Warning:
#   Section '.ignored' is unknown. Section ignored.
### mwldeppc.exe Linker Warning:
#   Section '.ignored' is unknown. Section ignored.
### mwldeppc.exe Linker Warning:
#   Section '.ignored' is unknown. Section ignored.
### mwldeppc.exe Linker Warning:
#   Section '.ignored' is unknown. Section ignored.
### mwldeppc.exe Linker Warning:
#   Section '.ignored' is unknown. Section ignored.
### mwldeppc.exe Linker Warning:
#   Section '.ignored' is unknown. Section ignored.
### mwldeppc.exe Linker Warning:
#   Section '.ignored' is unknown. Section ignored.
### mwldeppc.exe Linker Warning:
#   Section '.ignored' is unknown. Section ignored.
### mwldeppc.exe Linker Warning:
#   Section '.ignored' is unknown. Section ignored.
### mwldeppc.exe Linker Warning:
#   Section '.ignored' is unknown. Section ignored.
### mwldeppc.exe Linker Warning:
#   Section '.ignored' is unknown. Section ignored.
### mwldeppc.exe Linker Warning:
#   Section '.ignored' is unknown. Section ignored.
### mwldeppc.exe Linker Warning:
#   Section '.ignored' is unknown. Section ignored.
### mwldeppc.exe Linker Warning:
#   Section '.ignored' is unknown. Section ignored.
### mwldeppc.exe Linker Warning:
#   Section '.ignored' is unknown. Section ignored.
### mwldeppc.exe Linker Warning:
#   Section '.ignored' is unknown. Section ignored.
### mwldeppc.exe Linker Warning:
#   Section '.ignored' is unknown. Section ignored.
### mwldeppc.exe Linker Warning:
#   Section '.ignored' is unknown. Section ignored.
### mwldeppc.exe Linker Warning:
#   Section '.ignored' is unknown. Section ignored.
### mwldeppc.exe Linker Warning:
#   Section '.ignored' is unknown. Section ignored.
### mwldeppc.exe Linker Warning:
#   Section '.ignored' is unknown. Section ignored.
### mwldeppc.exe Linker Warning:
#   Section '.ignored' is unknown. Section ignored.
### mwldeppc.exe Linker Warning:
#   Section '.ignored' is unknown. Section ignored.
### mwldeppc.exe Linker Warning:
#   Section '.ignored' is unknown. Section ignored.
### mwldeppc.exe Linker Warning:
#   Section '.ignored' is unknown. Section ignored.
### mwldeppc.exe Linker Warning:
#   Section '.ignored' is unknown. Section ignored.
### mwldeppc.exe Linker Warning:
#   Section '.ignored' is unknown. Section ignored.
### mwldeppc.exe Linker Warning:
#   Section '.ignored' is unknown. Section ignored.
### mwldeppc.exe Linker Warning:
#   Section '.ignored' is unknown. Section ignored.
### mwldeppc.exe Linker Warning:
#   Section '.ignored' is unknown. Section ignored.
### mwldeppc.exe Linker Warning:
#   Section '.ignored' is unknown. Section ignored.
### mwldeppc.exe Linker Warning:
#   Section '.ignored' is unknown. Section ignored.
### mwldeppc.exe Linker Warning:
#   Section '.ignored' is unknown. Section ignored.
### mwldeppc.exe Linker Warning:
#   Section '.ignored' is unknown. Section ignored.
### mwldeppc.exe Linker Warning:
#   Section '.ignored' is unknown. Section ignored.
### mwldeppc.exe Linker Warning:
#   Section '.ignored' is unknown. Section ignored.
### mwldeppc.exe Linker Warning:
#   Section '.ignored' is unknown. Section ignored.
### mwldeppc.exe Linker Warning:
#   Section '.ignored' is unknown. Section ignored.
### mwldeppc.exe Linker Warning:
#   Section '.ignored' is unknown. Section ignored.
### mwldeppc.exe Linker Warning:
#   Section '.ignored' is unknown. Section ignored.
### mwldeppc.exe Linker Warning:
#   Section '.ignored' is unknown. Section ignored.
### mwldeppc.exe Linker Warning:
#   Section '.ignored' is unknown. Section ignored.
### mwldeppc.exe Linker Warning:
#   Section '.ignored' is unknown. Section ignored.
### mwldeppc.exe Linker Warning:
#   Section '.ignored' is unknown. Section ignored.
### mwldeppc.exe Linker Warning:
#   Section '.ignored' is unknown. Section ignored.
### mwldeppc.exe Linker Warning:
#   Section '.ignored' is unknown. Section ignored.
### mwldeppc.exe Linker Warning:
#   Section '.ignored' is unknown. Section ignored.
### mwldeppc.exe Linker Warning:
#   Section '.ignored' is unknown. Section ignored.
### mwldeppc.exe Linker Warning:
#   Section '.ignored' is unknown. Section ignored.
### mwldeppc.exe Linker Warning:
#   Section '.ignored' is unknown. Section ignored.
### mwldeppc.exe Linker Warning:
#   Section '.ignored' is unknown. Section ignored.
### mwldeppc.exe Linker Warning:
#   Section '.ignored' is unknown. Section ignored.
### mwldeppc.exe Linker Warning:
#   Section '.ignored' is unknown. Section ignored.
### mwldeppc.exe Linker Warning:
#   Section '.ignored' is unknown. Section ignored.
### mwldeppc.exe Linker Warning:
#   Section '.ignored' is unknown. Section ignored.
### mwldeppc.exe Linker Warning:
#   Section '.ignored' is unknown. Section ignored.
### mwldeppc.exe Linker Warning:
#   Section '.ignored' is unknown. Section ignored.
### mwldeppc.exe Linker Warning:
#   Section '.ignored' is unknown. Section ignored.
### mwldeppc.exe Linker Warning:
#   Section '.ignored' is unknown. Section ignored.
### mwldeppc.exe Linker Warning:
#   Section '.ignored' is unknown. Section ignored.
### mwldeppc.exe Linker Warning:
#   Section '.ignored' is unknown. Section ignored.
### mwldeppc.exe Linker Warning:
#   Section '.ignored' is unknown. Section ignored.
### mwldeppc.exe Linker Warning:
#   Section '.ignored' is unknown. Section ignored.
### mwldeppc.exe Linker Warning:
#   Section '.ignored' is unknown. Section ignored.
### mwldeppc.exe Linker Warning:
#   Section '.ignored' is unknown. Section ignored.
### mwldeppc.exe Linker Warning:
#   Section '.ignored' is unknown. Section ignored.
### mwldeppc.exe Linker Warning:
#   Section '.ignored' is unknown. Section ignored.
### mwldeppc.exe Linker Warning:
#   Section '.ignored' is unknown. Section ignored.
### mwldeppc.exe Linker Warning:
#   Section '.ignored' is unknown. Section ignored.
### mwldeppc.exe Linker Warning:
#   Section '.ignored' is unknown. Section ignored.
### mwldeppc.exe Linker Warning:
#   Section '.ignored' is unknown. Section ignored.
### mwldeppc.exe Linker Warning:
#   Section '.ignored' is unknown. Section ignored.
### mwldeppc.exe Linker Warning:
#   Section '.ignored' is unknown. Section ignored.
### mwldeppc.exe Linker Warning:
#   Section '.ignored' is unknown. Section ignored.
### mwldeppc.exe Linker Warning:
#   Section '.ignored' is unknown. Section ignored.
### mwldeppc.exe Linker Warning:
#   Section '.ignored' is unknown. Section ignored.
### mwldeppc.exe Linker Warning:
#   Section '.ignored' is unknown. Section ignored.
### mwldeppc.exe Linker Warning:
#   Section '.ignored' is unknown. Section ignored.
### mwldeppc.exe Linker Warning:
#   Section '.ignored' is unknown. Section ignored.
### mwldeppc.exe Linker Warning:
#   Section '.ignored' is unknown. Section ignored.
### mwldeppc.exe Linker Warning:
#   Section '.ignored' is unknown. Section ignored.
### mwldeppc.exe Linker Warning:
#   Section '.ignored' is unknown. Section ignored.
### mwldeppc.exe Linker Warning:
#   Section '.ignored' is unknown. Section ignored.
### mwldeppc.exe Linker Warning:
#   Section '.ignored' is unknown. Section ignored.
### mwldeppc.exe Linker Warning:
#   Section '.ignored' is unknown. Section ignored.
### mwldeppc.exe Linker Warning:
#   Section '.ignored' is unknown. Section ignored.
### mwldeppc.exe Linker Warning:
#   Section '.ignored' is unknown. Section ignored.
### mwldeppc.exe Linker Warning:
#   Section '.ignored' is unknown. Section ignored.
### mwldeppc.exe Linker Warning:
#   Section '.ignored' is unknown. Section ignored.
### mwldeppc.exe Linker Warning:
#   Section '.ignored' is unknown. Section ignored.
### mwldeppc.exe Linker Warning:
#   Section '.ignored' is unknown. Section ignored.
### mwldeppc.exe Linker Warning:
#   Section '.ignored' is unknown. Section ignored.
### mwldeppc.exe Linker Warning:
#   Section '.ignored' is unknown. Section ignored.
### mwldeppc.exe Linker Warning:
#   Section '.ignored' is unknown. Section ignored.
### mwldeppc.exe Linker Warning:
#   Section '.ignored' is unknown. Section ignored.
### mwldeppc.exe Linker Warning:
#   Section '.ignored' is unknown. Section ignored.
### mwldeppc.exe Linker Warning:
#   Section '.ignored' is unknown. Section ignored.
### mwldeppc.exe Linker Warning:
#   Section '.ignored' is unknown. Section ignored.
### mwldeppc.exe Linker Warning:
#   Section '.ignored' is unknown. Section ignored.
### mwldeppc.exe Linker Warning:
#   Section '.ignored' is unknown. Section ignored.
### mwldeppc.exe Linker Warning:
#   Section '.ignored' is unknown. Section ignored.
### mwldeppc.exe Linker Warning:
#   Section '.ignored' is unknown. Section ignored.
### mwldeppc.exe Linker Warning:
#   Section '.ignored' is unknown. Section ignored.
### mwldeppc.exe Linker Warning:
#   Section '.ignored' is unknown. Section ignored.
### mwldeppc.exe Linker Warning:
#   Section '.ignored' is unknown. Section ignored.
### mwldeppc.exe Linker Warning:
#   Section '.ignored' is unknown. Section ignored.
### mwldeppc.exe Linker Warning:
#   Section '.ignored' is unknown. Section ignored.
### mwldeppc.exe Linker Warning:
#   Section '.ignored' is unknown. Section ignored.
### mwldeppc.exe Linker Warning:
#   Section '.ignored' is unknown. Section ignored.
### mwldeppc.exe Linker Warning:
#   Section '.ignored' is unknown. Section ignored.
### mwldeppc.exe Linker Warning:
#   Section '.ignored' is unknown. Section ignored.
### mwldeppc.exe Linker Warning:
#   Section '.ignored' is unknown. Section ignored.
### mwldeppc.exe Linker Warning:
#   Section '.ignored' is unknown. Section ignored.
### mwldeppc.exe Linker Warning:
#   Section '.ignored' is unknown. Section ignored.
### mwldeppc.exe Linker Warning:
#   Section '.ignored' is unknown. Section ignored.
### mwldeppc.exe Linker Warning:
#   Section '.ignored' is unknown. Section ignored.
### mwldeppc.exe Linker Warning:
#   Section '.ignored' is unknown. Section ignored.
### mwldeppc.exe Linker Warning:
#   Section '.ignored' is unknown. Section ignored.
### mwldeppc.exe Linker Warning:
#   Section '.ignored' is unknown. Section ignored.
### mwldeppc.exe Linker Warning:
#   Section '.ignored' is unknown. Section ignored.
### mwldeppc.exe Linker Warning:
#   Section '.ignored' is unknown. Section ignored.
### mwldeppc.exe Linker Warning:
#   Section '.ignored' is unknown. Section ignored.
### mwldeppc.exe Linker Warning:
#   Section '.ignored' is unknown. Section ignored.
### mwldeppc.exe Linker Warning:
#   Section '.ignored' is unknown. Section ignored.
### mwldeppc.exe Linker Warning:
#   Section '.ignored' is unknown. Section ignored.
### mwldeppc.exe Linker Warning:
#   Section '.ignored' is unknown. Section ignored.
### mwldeppc.exe Linker Warning:
#   Section '.ignored' is unknown. Section ignored.
### mwldeppc.exe Linker Warning:
#   Section '.ignored' is unknown. Section ignored.
### mwldeppc.exe Linker Warning:
#   Section '.ignored' is unknown. Section ignored.
### mwldeppc.exe Linker Warning:
#   Section '.ignored' is unknown. Section ignored.
### mwldeppc.exe Linker Warning:
#   Section '.ignored' is unknown. Section ignored.
### mwldeppc.exe Linker Warning:
#   Section '.ignored' is unknown. Section ignored.
### mwldeppc.exe Linker Warning:
#   Section '.ignored' is unknown. Section ignored.
### mwldeppc.exe Linker Warning:
#   Section '.ignored' is unknown. Section ignored.
### mwldeppc.exe Linker Warning:
#   Section '.ignored' is unknown. Section ignored.
### mwldeppc.exe Linker Warning:
#   Section '.ignored' is unknown. Section ignored.
### mwldeppc.exe Linker Warning:
#   Section '.ignored' is unknown. Section ignored.
### mwldeppc.exe Linker Warning:
#   Section '.ignored' is unknown. Section ignored.
### mwldeppc.exe Linker Warning:
#   Section '.ignored' is unknown. Section ignored.
### mwldeppc.exe Linker Warning:
#   Section '.ignored' is unknown. Section ignored.
### mwldeppc.exe Linker Warning:
#   Section '.ignored' is unknown. Section ignored.
### mwldeppc.exe Linker Warning:
#   Section '.ignored' is unknown. Section ignored.
### mwldeppc.exe Linker Warning:
#   Section '.ignored' is unknown. Section ignored.
### mwldeppc.exe Linker Warning:
#   Section '.ignored' is unknown. Section ignored.
### mwldeppc.exe Linker Warning:
#   Section '.ignored' is unknown. Section ignored.
### mwldeppc.exe Linker Warning:
#   Section '.ignored' is unknown. Section ignored.
### mwldeppc.exe Linker Warning:
#   Section '.ignored' is unknown. Section ignored.
### mwldeppc.exe Linker Warning:
#   Section '.ignored' is unknown. Section ignored.
### mwldeppc.exe Linker Warning:
#   Section '.ignored' is unknown. Section ignored.
### mwldeppc.exe Linker Warning:
#   Section '.ignored' is unknown. Section ignored.
### mwldeppc.exe Linker Warning:
#   Section '.ignored' is unknown. Section ignored.
### mwldeppc.exe Linker Warning:
#   Section '.ignored' is unknown. Section ignored.
### mwldeppc.exe Linker Warning:
#   Section '.ignored' is unknown. Section ignored.
### mwldeppc.exe Linker Warning:
#   Section '.ignored' is unknown. Section ignored.
### mwldeppc.exe Linker Warning:
#   Section '.ignored' is unknown. Section ignored.
### mwldeppc.exe Linker Warning:
#   Section '.ignored' is unknown. Section ignored.
### mwldeppc.exe Linker Warning:
#   Section '.ignored' is unknown. Section ignored.
### mwldeppc.exe Linker Warning:
#   Section '.ignored' is unknown. Section ignored.
### mwldeppc.exe Linker Warning:
#   Section '.ignored' is unknown. Section ignored.
### mwldeppc.exe Linker Warning:
#   Section '.ignored' is unknown. Section ignored.
### mwldeppc.exe Linker Warning:
#   Section '.ignored' is unknown. Section ignored.
### mwldeppc.exe Linker Warning:
#   Section '.ignored' is unknown. Section ignored.
### mwldeppc.exe Linker Warning:
#   Section '.ignored' is unknown. Section ignored.
### mwldeppc.exe Linker Warning:
#   Section '.ignored' is unknown. Section ignored.
### mwldeppc.exe Linker Warning:
#   Section '.ignored' is unknown. Section ignored.
### mwldeppc.exe Linker Warning:
#   Section '.ignored' is unknown. Section ignored.
### mwldeppc.exe Linker Warning:
#   Section '.ignored' is unknown. Section ignored.
### mwldeppc.exe Linker Warning:
#   Section '.ignored' is unknown. Section ignored.
### mwldeppc.exe Linker Warning:
#   Section '.ignored' is unknown. Section ignored.
### mwldeppc.exe Linker Warning:
#   Section '.ignored' is unknown. Section ignored.
### mwldeppc.exe Linker Warning:
#   Section '.ignored' is unknown. Section ignored.
### mwldeppc.exe Linker Warning:
#   Section '.ignored' is unknown. Section ignored.
### mwldeppc.exe Linker Warning:
#   Section '.ignored' is unknown. Section ignored.
### mwldeppc.exe Linker Warning:
#   Section '.ignored' is unknown. Section ignored.
### mwldeppc.exe Linker Warning:
#   Section '.ignored' is unknown. Section ignored.
### mwldeppc.exe Linker Warning:
#   Section '.ignored' is unknown. Section ignored.
### mwldeppc.exe Linker Warning:
#   Section '.ignored' is unknown. Section ignored.
### mwldeppc.exe Linker Warning:
#   Section '.ignored' is unknown. Section ignored.
### mwldeppc.exe Linker Warning:
#   Section '.ignored' is unknown. Section ignored.
### mwldeppc.exe Linker Warning:
#   Section '.ignored' is unknown. Section ignored.
### mwldeppc.exe Linker Warning:
#   Section '.ignored' is unknown. Section ignored.
### mwldeppc.exe Linker Warning:
#   Section '.ignored' is unknown. Section ignored.
### mwldeppc.exe Linker Warning:
#   Section '.ignored' is unknown. Section ignored.
### mwldeppc.exe Linker Warning:
#   Section '.ignored' is unknown. Section ignored.
### mwldeppc.exe Linker Warning:
#   Section '.ignored' is unknown. Section ignored.
### mwldeppc.exe Linker Warning:
#   Section '.ignored' is unknown. Section ignored.
### mwldeppc.exe Linker Warning:
#   Section '.ignored' is unknown. Section ignored.
### mwldeppc.exe Linker Warning:
#   Section '.ignored' is unknown. Section ignored.
### mwldeppc.exe Linker Warning:
#   Section '.ignored' is unknown. Section ignored.
### mwldeppc.exe Linker Warning:
#   Section '.ignored' is unknown. Section ignored.
### mwldeppc.exe Linker Warning:
#   Section '.ignored' is unknown. Section ignored.
### mwldeppc.exe Linker Warning:
#   Section '.ignored' is unknown. Section ignored.
### mwldeppc.exe Linker Warning:
#   Section '.ignored' is unknown. Section ignored.
### mwldeppc.exe Linker Warning:
#   Section '.ignored' is unknown. Section ignored.
### mwldeppc.exe Linker Warning:
#   Section '.ignored' is unknown. Section ignored.
### mwldeppc.exe Linker Warning:
#   Section '.ignored' is unknown. Section ignored.
### mwldeppc.exe Linker Warning:
#   Section '.ignored' is unknown. Section ignored.
### mwldeppc.exe Linker Warning:
#   Section '.ignored' is unknown. Section ignored.
### mwldeppc.exe Linker Warning:
#   Section '.ignored' is unknown. Section ignored.
### mwldeppc.exe Linker Warning:
#   Section '.ignored' is unknown. Section ignored.
### mwldeppc.exe Linker Warning:
#   Section '.ignored' is unknown. Section ignored.
### mwldeppc.exe Linker Warning:
#   Section '.ignored' is unknown. Section ignored.
### mwldeppc.exe Linker Warning:
#   Section '.ignored' is unknown. Section ignored.
### mwldeppc.exe Linker Warning:
#   Section '.ignored' is unknown. Section ignored.
### mwldeppc.exe Linker Warning:
#   Section '.ignored' is unknown. Section ignored.
### mwldeppc.exe Linker Warning:
#   Section '.ignored' is unknown. Section ignored.
### mwldeppc.exe Linker Warning:
#   Section '.ignored' is unknown. Section ignored.
### mwldeppc.exe Linker Warning:
#   Section '.ignored' is unknown. Section ignored.
### mwldeppc.exe Linker Warning:
#   Section '.ignored' is unknown. Section ignored.
### mwldeppc.exe Linker Warning:
#   Section '.ignored' is unknown. Section ignored.
### mwldeppc.exe Linker Warning:
#   Section '.ignored' is unknown. Section ignored.
### mwldeppc.exe Linker Warning:
#   Section '.ignored' is unknown. Section ignored.
### mwldeppc.exe Linker Warning:
#   Section '.ignored' is unknown. Section ignored.
### mwldeppc.exe Linker Warning:
#   Section '.ignored' is unknown. Section ignored.
### mwldeppc.exe Linker Warning:
#   Section '.ignored' is unknown. Section ignored.
### mwldeppc.exe Linker Warning:
#   Section '.ignored' is unknown. Section ignored.
### mwldeppc.exe Linker Warning:
#   Section '.ignored' is unknown. Section ignored.
### mwldeppc.exe Linker Warning:
#   Section '.ignored' is unknown. Section ignored.
### mwldeppc.exe Linker Warning:
#   Section '.ignored' is unknown. Section ignored.
### mwldeppc.exe Linker Warning:
#   Section '.ignored' is unknown. Section ignored.
### mwldeppc.exe Linker Warning:
#   Section '.ignored' is unknown. Section ignored.
### mwldeppc.exe Linker Warning:
#   Section '.ignored' is unknown. Section ignored.
### mwldeppc.exe Linker Warning:
#   Section '.ignored' is unknown. Section ignored.
### mwldeppc.exe Linker Warning:
#   Section '.ignored' is unknown. Section ignored.
### mwldeppc.exe Linker Warning:
#   Section '.ignored' is unknown. Section ignored.
### mwldeppc.exe Linker Warning:
#   Section '.ignored' is unknown. Section ignored.
### mwldeppc.exe Linker Warning:
#   Section '.ignored' is unknown. Section ignored.
### mwldeppc.exe Linker Warning:
#   Section '.ignored' is unknown. Section ignored.
### mwldeppc.exe Linker Warning:
#   Section '.ignored' is unknown. Section ignored.
### mwldeppc.exe Linker Warning:
#   Section '.ignored' is unknown. Section ignored.
### mwldeppc.exe Linker Warning:
#   Section '.ignored' is unknown. Section ignored.
### mwldeppc.exe Linker Warning:
#   Section '.ignored' is unknown. Section ignored.
### mwldeppc.exe Linker Warning:
#   Section '.ignored' is unknown. Section ignored.
### mwldeppc.exe Linker Warning:
#   Section '.ignored' is unknown. Section ignored.
### mwldeppc.exe Linker Warning:
#   Section '.ignored' is unknown. Section ignored.
### mwldeppc.exe Linker Warning:
#   Section '.ignored' is unknown. Section ignored.
### mwldeppc.exe Linker Warning:
#   Section '.ignored' is unknown. Section ignored.
### mwldeppc.exe Linker Warning:
#   Section '.ignored' is unknown. Section ignored.
### mwldeppc.exe Linker Warning:
#   Section '.ignored' is unknown. Section ignored.
### mwldeppc.exe Linker Warning:
#   Section '.ignored' is unknown. Section ignored.
### mwldeppc.exe Linker Warning:
#   Section '.ignored' is unknown. Section ignored.
### mwldeppc.exe Linker Warning:
#   Section '.ignored' is unknown. Section ignored.
### mwldeppc.exe Linker Warning:
#   Section '.ignored' is unknown. Section ignored.
### mwldeppc.exe Linker Warning:
#   Section '.ignored' is unknown. Section ignored.
### mwldeppc.exe Linker Warning:
#   Section '.ignored' is unknown. Section ignored.
### mwldeppc.exe Linker Warning:
#   Section '.ignored' is unknown. Section ignored.
### mwldeppc.exe Linker Warning:
#   Section '.ignored' is unknown. Section ignored.
### mwldeppc.exe Linker Warning:
#   Section '.ignored' is unknown. Section ignored.
### mwldeppc.exe Linker Warning:
#   Section '.ignored' is unknown. Section ignored.
### mwldeppc.exe Linker Warning:
#   Section '.ignored' is unknown. Section ignored.
[807/810] DOL build/GEDE01/main.dol
[808/810] CHECK config/GEDE01/build.sha1
build/GEDE01/main.dol: OK
[809/810] PROGRESS
Progress:
  All: 54.36% fuzzy, 41.08% matched, 41.08% linked (5879 / 6918 files)
    Code: 945140 / 2300692 bytes (5644 / 8214 functions)
    Data: 39294 / 4305642 bytes (0.91%)
  Game Code: 88.91% fuzzy, 67.15% matched, 67.15% linked (5861 / 6487 files)
    Code: 942112 / 1403080 bytes (5582 / 6208 functions)
    Data: 39070 / 40362 bytes (96.80%)
  SDK/Runtime: 100.00% fuzzy, 100.00% matched, 100.00% linked (18 / 18 files)
    Code: 3028 / 3028 bytes (62 / 62 functions)
    Data: 224 / 224 bytes (100.00%)
