[1/514] MWCC build/GEDE01/src/game/game_fn_801B35BC.o
[2/514] MWCC build/GEDE01/src/game/game_fn_801B1BA0.o
[3/514] MWCC build/GEDE01/src/game/game_fn_801B46C8.o
[4/514] MWCC build/GEDE01/src/game/game_fn_801B4FB4.o
[5/514] MWCC build/GEDE01/src/game/game_fn_801B5228.o
[6/514] MWCC build/GEDE01/src/game/game_fn_801B58F0.o
[7/514] MWCC build/GEDE01/src/game/game_fn_801B6F1C.o
[8/514] MWCC build/GEDE01/src/game/game_fn_801B86C0.o
[9/514] MWCC build/GEDE01/src/game/game_fn_801B941C.o
[10/514] MWCC build/GEDE01/src/game/game_fn_801B9E7C.o
[11/514] MWCC build/GEDE01/src/game/game_fn_801BA15C.o
[12/514] MWCC build/GEDE01/src/game/game_fn_801BA708.o
[13/514] MWCC build/GEDE01/src/game/game_fn_801BB1A0.o
[14/514] MWCC build/GEDE01/src/game/game_fn_801BC0D4.o
[15/514] MWCC build/GEDE01/src/game/game_fn_801BC240.o
[16/514] MWCC build/GEDE01/src/game/game_fn_801BC8F4.o
[17/514] MWCC build/GEDE01/src/game/game_fn_801BCC04.o
[18/514] MWCC build/GEDE01/src/game/game_fn_801BD990.o
[19/514] MWCC build/GEDE01/src/game/game_fn_801BDE7C.o
[20/514] MWCC build/GEDE01/src/game/game_fn_801BE0D4.o
[21/514] MWCC build/GEDE01/src/game/game_fn_801C1CB0.o
[22/514] MWCC build/GEDE01/src/game/game_fn_801BEF40.o
[23/514] MWCC build/GEDE01/src/game/game_fn_801C2980.o
[24/514] MWCC build/GEDE01/src/game/game_fn_801C29BC.o
[25/514] MWCC build/GEDE01/src/game/game_fn_801C2AAC.o
[26/514] MWCC build/GEDE01/src/game/game_fn_801C2D9C.o
[27/514] MWCC build/GEDE01/src/game/game_fn_801C8160.o
[28/514] MWCC build/GEDE01/src/game/game_fn_801C8224.o
[29/514] MWCC build/GEDE01/src/game/game_fn_801C4B5C.o
[30/514] MWCC build/GEDE01/src/game/game_fn_801C8600.o
[31/514] MWCC build/GEDE01/src/game/game_fn_801C87DC.o
[32/514] MWCC build/GEDE01/src/game/game_fn_801C8CC0.o
[33/514] MWCC build/GEDE01/src/game/game_fn_801C8F50.o
[34/514] MWCC build/GEDE01/src/game/game_fn_801C90A4.o
[35/514] MWCC build/GEDE01/src/game/game_fn_801C9510.o
[36/514] MWCC build/GEDE01/src/game/game_fn_801C970C.o
[37/514] MWCC build/GEDE01/src/game/game_fn_801C9A08.o
[38/514] MWCC build/GEDE01/src/game/game_fn_801C9B1C.o
[39/514] MWCC build/GEDE01/src/game/game_fn_801CB4F8.o
[40/514] MWCC build/GEDE01/src/game/game_fn_801CD228.o
[41/514] MWCC build/GEDE01/src/game/game_fn_801CE09C.o
[42/514] MWCC build/GEDE01/src/game/game_fn_801CE594.o
[43/514] MWCC build/GEDE01/src/game/game_fn_801D1B10.o
[44/514] MWCC build/GEDE01/src/game/game_fn_801D1F78.o
[45/514] MWCC build/GEDE01/src/game/game_fn_801D3988.o
[46/514] MWCC build/GEDE01/src/game/game_fn_801D76A8.o
[47/514] MWCC build/GEDE01/src/game/game_fn_801D7C24.o
[48/514] MWCC build/GEDE01/src/game/game_fn_801D8050.o
[49/514] MWCC build/GEDE01/src/game/game_fn_801D9FE4.o
[50/514] MWCC build/GEDE01/src/game/game_fn_801E2A48.o
[51/514] MWCC build/GEDE01/src/game/game_fn_801E41AC.o
[52/514] MWCC build/GEDE01/src/game/game_fn_801E6814.o
[53/514] MWCC build/GEDE01/src/game/game_fn_801EB09C.o
[54/514] MWCC build/GEDE01/src/game/game_fn_801EB11C.o
[55/514] MWCC build/GEDE01/src/game/game_fn_801ECD74.o
[56/514] MWCC build/GEDE01/src/game/game_fn_801ECF50.o
[57/514] MWCC build/GEDE01/src/game/game_fn_801ED5F4.o
[58/514] MWCC build/GEDE01/src/game/game_fn_801EF580.o
[59/514] MWCC build/GEDE01/src/game/game_fn_801EF910.o
[60/514] MWCC build/GEDE01/src/game/game_fn_801F10BC.o
[61/514] MWCC build/GEDE01/src/game/game_fn_801F1A38.o
[62/514] MWCC build/GEDE01/src/game/game_fn_801F35A8.o
[63/514] MWCC build/GEDE01/src/game/game_fn_801F55A0.o
[64/514] MWCC build/GEDE01/src/game/game_fn_801F69F0.o
[65/514] MWCC build/GEDE01/src/game/game_fn_801F6BD8.o
[66/514] MWCC build/GEDE01/src/game/game_fn_801F7510.o
[67/514] MWCC build/GEDE01/src/game/game_fn_801F76EC.o
[68/514] MWCC build/GEDE01/src/game/game_fn_801F8264.o
[69/514] MWCC build/GEDE01/src/game/game_fn_801F89B4.o
[70/514] MWCC build/GEDE01/src/game/game_fn_801F9AF8.o
[71/514] MWCC build/GEDE01/src/game/game_fn_801F9CF4.o
[72/514] MWCC build/GEDE01/src/game/game_fn_801FA9C8.o
[73/514] MWCC build/GEDE01/src/game/game_fn_801FB6A4.o
[74/514] MWCC build/GEDE01/src/game/game_fn_801FC034.o
[75/514] MWCC build/GEDE01/src/game/game_fn_801FC204.o
[76/514] MWCC build/GEDE01/src/game/game_fn_801FFE78.o
[77/514] EXTERNALIZE build/GEDE01/src/game/game_fn_801247F8.o
[78/514] EXTERNALIZE build/GEDE01/src/game/game_fn_801EF910.o
[79/514] EXTERNALIZE build/GEDE01/src/game/game_fn_801ECF50.o
[80/514] EXTERNALIZE build/GEDE01/src/game/game_fn_801EB09C.o
[81/514] EXTERNALIZE build/GEDE01/src/game/game_fn_801FC204.o
[82/514] EXTERNALIZE build/GEDE01/src/game/game_fn_801EB11C.o
[83/514] EXTERNALIZE build/GEDE01/src/game/game_fn_801D9FE4.o
[84/514] EXTERNALIZE build/GEDE01/src/game/game_fn_801E41AC.o
[85/514] EXTERNALIZE build/GEDE01/src/game/game_fn_801D76A8.o
[86/514] EXTERNALIZE build/GEDE01/src/game/game_fn_801D8050.o
[87/514] EXTERNALIZE build/GEDE01/src/game/game_fn_801D7C24.o
[88/514] EXTERNALIZE build/GEDE01/src/game/game_fn_8019B1BC.o
[89/514] EXTERNALIZE build/GEDE01/src/game/game_fn_80178F88.o
[90/514] EXTERNALIZE build/GEDE01/src/game/game_fn_801CD228.o
[91/514] EXTERNALIZE build/GEDE01/src/game/game_fn_801C970C.o
[92/514] EXTERNALIZE build/GEDE01/src/game/game_fn_801BA15C.o
[93/514] EXTERNALIZE build/GEDE01/src/game/game_fn_801C9510.o
[94/514] EXTERNALIZE build/GEDE01/src/game/game_fn_80126A00.o
[95/514] EXTERNALIZE build/GEDE01/src/game/game_fn_8013D6A4.o
[96/514] EXTERNALIZE build/GEDE01/src/game/game_fn_800C9C60.o
[97/514] EXTERNALIZE build/GEDE01/src/game/game_fn_801B5228.o
[98/514] EXTERNALIZE build/GEDE01/src/game/game_fn_801B4FB4.o
[99/514] EXTERNALIZE build/GEDE01/src/game/game_fn_801C87DC.o
[100/514] EXTERNALIZE build/GEDE01/src/game/game_fn_801B6F1C.o
[101/514] EXTERNALIZE build/GEDE01/src/game/game_fn_801C8CC0.o
[102/514] EXTERNALIZE build/GEDE01/src/game/game_fn_800FD0C8.o
[103/514] EXTERNALIZE build/GEDE01/src/game/game_fn_801BDE7C.o
[104/514] EXTERNALIZE build/GEDE01/src/game/game_fn_801BE0D4.o
[105/514] EXTERNALIZE STATIC POOL build/GEDE01/src/game/game_fn_801C9A08.o
build/GEDE01/src/game/game_fn_801C9A08.o: lbl_80629390 now undefined; section 3 emptied
[106/514] EXTERNALIZE build/GEDE01/src/game/game_fn_801B941C.o
[107/514] EXTERNALIZE STATIC POOL build/GEDE01/src/game/game_fn_801C9B1C.o
build/GEDE01/src/game/game_fn_801C9B1C.o: lbl_80629390 now undefined; section 3 emptied
[108/514] EXTERNALIZE STATIC POOL build/GEDE01/src/game/game_fn_801BD990.o
build/GEDE01/src/game/game_fn_801BD990.o: lbl_80626D80 now undefined; section 6 emptied
[109/514] EXTERNALIZE STATIC POOL build/GEDE01/src/game/game_fn_801B58F0.o
build/GEDE01/src/game/game_fn_801B58F0.o: lbl_8060C020 now undefined; section 3 emptied
[110/514] EXTERNALIZE STATIC POOL build/GEDE01/src/game/game_fn_801BB1A0.o
build/GEDE01/src/game/game_fn_801BB1A0.o: 0 relocation(s) moved from streamInfo to ...bss.0
build/GEDE01/src/game/game_fn_801BB1A0.o: lbl_8061AE48 now undefined; section 6 emptied
[111/514] EXTERNALIZE STATIC POOL build/GEDE01/src/game/game_fn_801B9E7C.o
build/GEDE01/src/game/game_fn_801B9E7C.o: 0 relocation(s) moved from streamInfo to ...bss.0
build/GEDE01/src/game/game_fn_801B9E7C.o: lbl_8061AE48 now undefined; section 6 emptied
[112/514] EXTERNALIZE STATIC build/GEDE01/src/game/game_fn_801B35BC.o
build/GEDE01/src/game/game_fn_801B35BC.o: lbl_8060D420 now undefined; section 6 emptied
[113/514] EXTERNALIZE STATIC POOL build/GEDE01/src/game/game_fn_801BA708.o
build/GEDE01/src/game/game_fn_801BA708.o: 0 relocation(s) moved from streamInfo to ...bss.0
build/GEDE01/src/game/game_fn_801BA708.o: lbl_8061AE48 now undefined; section 6 emptied
[114/514] EXTERNALIZE STATIC POOL build/GEDE01/src/game/game_fn_801BC8F4.o
build/GEDE01/src/game/game_fn_801BC8F4.o: lbl_8061C748 now undefined; section 6 emptied
[115/514] EXTERNALIZE STATIC build/GEDE01/src/game/game_fn_801BC240.o
build/GEDE01/src/game/game_fn_801BC240.o: lbl_8061C748 now undefined; section 6 emptied
[116/514] EXTERNALIZE STATIC POOL build/GEDE01/src/game/game_fn_801BCC04.o
build/GEDE01/src/game/game_fn_801BCC04.o: lbl_8061C748 now undefined; section 6 emptied
[117/514] EXTERNALIZE STATIC POOL build/GEDE01/src/game/game_fn_801BC0D4.o
build/GEDE01/src/game/game_fn_801BC0D4.o: lbl_8061C748 now undefined; section 6 emptied
[118/514] EXTERNALIZE STATIC POOL build/GEDE01/src/game/game_fn_801C1CB0.o
build/GEDE01/src/game/game_fn_801C1CB0.o: lbl_80626DA0 now undefined; section 3 emptied
[119/514] RENAME build/GEDE01/src/game/game_InitMetroTRKCommTable.o
[120/514] EXTERNALIZE STATIC POOL build/GEDE01/src/game/game_fn_801CE09C.o
build/GEDE01/src/game/game_fn_801CE09C.o: lbl_80631340 now undefined; section 6 emptied
[121/514] RENAME RUNTIME INTRINSICS build/GEDE01/src/game/game_fn_801CB4F8.o
[122/514] EXTERNALIZE STATIC POOL build/GEDE01/src/game/game_fn_8010242C.o
build/GEDE01/src/game/game_fn_8010242C.o: lbl_8032CC08 now undefined; section 3 emptied
[123/514] EXTERNALIZE build/GEDE01/src/game/game_fn_801D3988.o
[124/514] EXTERNALIZE build/GEDE01/src/game/game_fn_801D1B10.o
[125/514] ALIGN DATA build/GEDE01/src/game/game_fn_80008014.o
[126/514] EXTERNALIZE build/GEDE01/src/game/game_fn_801CE594.o
[127/514] EXTERNALIZE build/GEDE01/src/game/game_fn_8014549C.o
[128/514] EXTERNALIZE build/GEDE01/src/game/game_fn_801C8224.o
[129/514] EXTERNALIZE build/GEDE01/src/game/game_fn_801098C0.o
[130/514] EXTERNALIZE build/GEDE01/src/game/game_fn_8000FDE8.o
[131/514] EXTERNALIZE build/GEDE01/src/game/game_fn_80185F10.o
[132/514] EXTERNALIZE build/GEDE01/src/game/game_fn_801C29BC.o
[133/514] EXTERNALIZE build/GEDE01/src/game/game_fn_801C8F50.o
[134/514] EXTERNALIZE build/GEDE01/src/game/game_fn_8007B828.o
[135/514] EXTERNALIZE build/GEDE01/src/game/game_fn_801C90A4.o
[136/514] EXTERNALIZE build/GEDE01/src/game/game_fn_801C8160.o
[137/514] EXTERNALIZE build/GEDE01/src/game/game_fn_801C2AAC.o
[138/514] EXTERNALIZE build/GEDE01/src/game/game_fn_801C2D9C.o
[139/514] EXTERNALIZE build/GEDE01/src/game/game_fn_801C2980.o
[140/514] EXTERNALIZE build/GEDE01/src/game/game_fn_801B02F0.o
[141/514] EXTERNALIZE build/GEDE01/src/game/game_fn_801AFA74.o
[142/514] EXTERNALIZE build/GEDE01/src/game/game_fn_801AC8AC.o
[143/514] EXTERNALIZE build/GEDE01/src/game/game_fn_801ABD3C.o
[144/514] EXTERNALIZE build/GEDE01/src/game/game_fn_801816D4.o
[145/514] EXTERNALIZE build/GEDE01/src/game/game_fn_8011F140.o
[146/514] EXTERNALIZE build/GEDE01/src/game/game_fn_801AD08C.o
[147/514] EXTERNALIZE build/GEDE01/src/game/game_fn_8004998C.o
[148/514] EXTERNALIZE build/GEDE01/src/game/game_fn_80079AA4.o
[149/514] EXTERNALIZE build/GEDE01/src/game/game_fn_801A3A78.o
[150/514] EXTERNALIZE build/GEDE01/src/game/game_fn_80158D38.o
[151/514] EXTERNALIZE build/GEDE01/src/game/game_fn_8008F224.o
[152/514] EXTERNALIZE build/GEDE01/src/game/game_fn_80167454.o
[153/514] EXTERNALIZE build/GEDE01/src/game/game_fn_800AF230.o
[154/514] EXTERNALIZE build/GEDE01/src/game/game_fn_801A93E8.o
[155/514] EXTERNALIZE build/GEDE01/src/game/game_fn_801AB154.o
[156/514] EXTERNALIZE build/GEDE01/src/game/game_fn_801A7EA8.o
[157/514] EXTERNALIZE build/GEDE01/src/game/game_fn_801A7E04.o
[158/514] EXTERNALIZE build/GEDE01/src/game/game_fn_801A6CB4.o
[159/514] EXTERNALIZE build/GEDE01/src/game/game_fn_801A6C58.o
[160/514] EXTERNALIZE build/GEDE01/src/game/game_fn_801A4CE0.o
[161/514] NAME JUMPTABLE build/GEDE01/src/game/game_fn_801A6ADC.o
[162/514] EXTERNALIZE build/GEDE01/src/game/game_fn_801A6410.o
[163/514] EXTERNALIZE build/GEDE01/src/game/game_fn_801A5FB0.o
[164/514] EXTERNALIZE build/GEDE01/src/game/game_fn_801A1F18.o
[165/514] EXTERNALIZE build/GEDE01/src/game/game_fn_8019E8C8.o
[166/514] EXTERNALIZE build/GEDE01/src/game/game_fn_8019E5E4.o
[167/514] EXTERNALIZE build/GEDE01/src/game/game_fn_8019CFC4.o
[168/514] EXTERNALIZE build/GEDE01/src/game/game_fn_8019CC28.o
[169/514] EXTERNALIZE build/GEDE01/src/game/game_fn_801991E0.o
[170/514] EXTERNALIZE build/GEDE01/src/game/game_fn_80198BF4.o
[171/514] EXTERNALIZE build/GEDE01/src/game/game_fn_80198AAC.o
[172/514] EXTERNALIZE build/GEDE01/src/game/game_fn_80198154.o
[173/514] EXTERNALIZE build/GEDE01/src/game/game_fn_80194F80.o
[174/514] EXTERNALIZE build/GEDE01/src/game/game_fn_80197910.o
[175/514] EXTERNALIZE build/GEDE01/src/game/game_fn_80177434.o
repointed 2 relocations to lbl_80250588
[176/514] EXTERNALIZE build/GEDE01/src/game/game_fn_80193E1C.o
[177/514] EXTERNALIZE build/GEDE01/src/game/game_fn_801931C4.o
[178/514] EXTERNALIZE build/GEDE01/src/game/game_fn_80193F3C.o
[179/514] EXTERNALIZE build/GEDE01/src/game/game_fn_80192F54.o
[180/514] EXTERNALIZE build/GEDE01/src/game/game_fn_80191F58.o
[181/514] EXTERNALIZE build/GEDE01/src/game/game_fn_8019197C.o
[182/514] EXTERNALIZE build/GEDE01/src/game/game_fn_80191360.o
[183/514] GLOBALIZE build/GEDE01/src/game/game_fn_8018F1D0.o
[184/514] EXTERNALIZE build/GEDE01/src/game/game_fn_8018D688.o
[185/514] EXTERNALIZE build/GEDE01/src/game/game_fn_8018F81C.o
[186/514] EXTERNALIZE build/GEDE01/src/game/game_fn_8018D2E0.o
[187/514] EXTERNALIZE build/GEDE01/src/game/game_fn_80189968.o
[188/514] EXTERNALIZE build/GEDE01/src/game/game_fn_80189760.o
[189/514] EXTERNALIZE build/GEDE01/src/game/game_fn_8018D1F0.o
[190/514] EXTERNALIZE build/GEDE01/src/game/game_fn_801895E8.o
[191/514] EXTERNALIZE build/GEDE01/src/game/game_fn_801896A0.o
[192/514] EXTERNALIZE build/GEDE01/src/game/game_fn_80189390.o
[193/514] EXTERNALIZE build/GEDE01/src/game/game_fn_801891D8.o
[194/514] EXTERNALIZE build/GEDE01/src/game/game_fn_80188E28.o
[195/514] EXTERNALIZE build/GEDE01/src/game/game_fn_80189028.o
[196/514] EXTERNALIZE build/GEDE01/src/game/game_fn_80188C1C.o
[197/514] EXTERNALIZE build/GEDE01/src/game/game_fn_80188B44.o
[198/514] EXTERNALIZE build/GEDE01/src/game/game_fn_80188A7C.o
[199/514] EXTERNALIZE build/GEDE01/src/game/game_fn_801878E0.o
[200/514] EXTERNALIZE build/GEDE01/src/game/game_fn_80187120.o
[201/514] EXTERNALIZE build/GEDE01/src/game/game_fn_80186E10.o
[202/514] EXTERNALIZE build/GEDE01/src/game/game_fn_8018FEDC.o
[203/514] EXTERNALIZE build/GEDE01/src/game/game_fn_80185AE8.o
[204/514] EXTERNALIZE build/GEDE01/src/game/game_fn_801865EC.o
[205/514] EXTERNALIZE build/GEDE01/src/game/game_fn_80180DDC.o
[206/514] EXTERNALIZE build/GEDE01/src/game/game_fn_801859FC.o
[207/514] EXTERNALIZE build/GEDE01/src/game/game_fn_8017E850.o
[208/514] EXTERNALIZE build/GEDE01/src/game/game_fn_8017E958.o
[209/514] EXTERNALIZE build/GEDE01/src/game/game_fn_8017718C.o
[210/514] EXTERNALIZE build/GEDE01/src/game/game_fn_801770F8.o
[211/514] EXTERNALIZE build/GEDE01/src/game/game_fn_80176FA0.o
[212/514] EXTERNALIZE build/GEDE01/src/game/game_fn_80176DF4.o
[213/514] EXTERNALIZE build/GEDE01/src/game/game_fn_80174358.o
[214/514] EXTERNALIZE build/GEDE01/src/game/game_fn_80173F04.o
[215/514] EXTERNALIZE build/GEDE01/src/game/game_fn_80174184.o
[216/514] EXTERNALIZE build/GEDE01/src/game/game_fn_8017553C.o
[217/514] EXTERNALIZE build/GEDE01/src/game/game_fn_80173770.o
[218/514] EXTERNALIZE build/GEDE01/src/game/game_fn_80173D44.o
[219/514] EXTERNALIZE build/GEDE01/src/game/game_fn_80173270.o
[220/514] EXTERNALIZE build/GEDE01/src/game/game_fn_801734B4.o
[221/514] EXTERNALIZE build/GEDE01/src/game/game_fn_80172C78.o
[222/514] EXTERNALIZE build/GEDE01/src/game/game_fn_80172DB8.o
[223/514] EXTERNALIZE build/GEDE01/src/game/game_fn_80172BB0.o
[224/514] EXTERNALIZE build/GEDE01/src/game/game_fn_801726EC.o
[225/514] EXTERNALIZE build/GEDE01/src/game/game_fn_8017250C.o
[226/514] EXTERNALIZE build/GEDE01/src/game/game_fn_80171F30.o
[227/514] EXTERNALIZE build/GEDE01/src/game/game_fn_801719B4.o
[228/514] EXTERNALIZE build/GEDE01/src/game/game_fn_801718F4.o
[229/514] EXTERNALIZE build/GEDE01/src/game/game_fn_80171664.o
[230/514] EXTERNALIZE build/GEDE01/src/game/game_fn_8017138C.o
[231/514] EXTERNALIZE build/GEDE01/src/game/game_fn_801706DC.o
[232/514] EXTERNALIZE build/GEDE01/src/game/game_fn_80170A40.o
[233/514] NORMALIZE build/GEDE01/src/game/game_TRKNubWelcome.o
[234/514] NORMALIZE build/GEDE01/src/game/game_TRK_main.o
[235/514] NORMALIZE build/GEDE01/src/game/game_data_80239E10.o
[236/514] NORMALIZE build/GEDE01/src/game/game_data_80239E18.o
[237/514] EXTERNALIZE build/GEDE01/src/game/game_fn_8017652C.o
[238/514] EXTERNALIZE build/GEDE01/src/game/game_fn_80170E9C.o
[239/514] EXTERNALIZE build/GEDE01/src/game/game_fn_80175E64.o
[240/514] EXTERNALIZE build/GEDE01/src/game/game_fn_80175F0C.o
[241/514] EXTERNALIZE build/GEDE01/src/game/game_fn_80175FD4.o
[242/514] EXTERNALIZE build/GEDE01/src/game/game_fn_80176098.o
[243/514] EXTERNALIZE build/GEDE01/src/game/game_fn_80176160.o
[244/514] EXTERNALIZE build/GEDE01/src/game/game_fn_80176220.o
[245/514] EXTERNALIZE build/GEDE01/src/game/game_fn_80170DF4.o
[246/514] EXTERNALIZE build/GEDE01/src/game/game_fn_801762E8.o
[247/514] EXTERNALIZE build/GEDE01/src/game/game_fn_8016E8F8.o
[248/514] EXTERNALIZE build/GEDE01/src/game/game_fn_8016FEF8.o
[249/514] EXTERNALIZE build/GEDE01/src/game/game_fn_801704F8.o
[250/514] NORMALIZE build/GEDE01/src/game/game_fn_8016DF4C.o
[251/514] EXTERNALIZE build/GEDE01/src/game/game_fn_8016D2B8.o
[252/514] EXTERNALIZE build/GEDE01/src/game/game_fn_8016D040.o
[253/514] EXTERNALIZE build/GEDE01/src/game/game_fn_8016D1F8.o
[254/514] EXTERNALIZE build/GEDE01/src/game/game_fn_8016C774.o
[255/514] EXTERNALIZE build/GEDE01/src/game/game_fn_8016C4BC.o
[256/514] EXTERNALIZE build/GEDE01/src/game/game_fn_8016C238.o
[257/514] EXTERNALIZE build/GEDE01/src/game/game_fn_8016C164.o
[258/514] EXTERNALIZE build/GEDE01/src/game/game_fn_8016C0BC.o
[259/514] EXTERNALIZE build/GEDE01/src/game/game_fn_8017038C.o
[260/514] EXTERNALIZE build/GEDE01/src/game/game_fn_8016BE1C.o
[261/514] EXTERNALIZE build/GEDE01/src/game/game_fn_8016BF60.o
[262/514] EXTERNALIZE build/GEDE01/src/game/game_fn_8016BD0C.o
[263/514] EXTERNALIZE build/GEDE01/src/game/game_fn_80169650.o
[264/514] EXTERNALIZE build/GEDE01/src/game/game_fn_80167B5C.o
[265/514] EXTERNALIZE build/GEDE01/src/game/game_fn_8015EDC0.o
[266/514] EXTERNALIZE build/GEDE01/src/game/game_fn_8015DB84.o
[267/514] EXTERNALIZE build/GEDE01/src/game/game_fn_8015DC54.o
[268/514] EXTERNALIZE build/GEDE01/src/game/game_fn_80158B20.o
[269/514] EXTERNALIZE build/GEDE01/src/game/game_fn_80179398.o
[270/514] EXTERNALIZE build/GEDE01/src/game/game_fn_8017960C.o
[271/514] EXTERNALIZE build/GEDE01/src/game/game_fn_8017974C.o
[272/514] EXTERNALIZE build/GEDE01/src/game/game_fn_80179904.o
[273/514] EXTERNALIZE build/GEDE01/src/game/game_fn_8017A9B8.o
[274/514] EXTERNALIZE build/GEDE01/src/game/game_fn_80179A18.o
[275/514] EXTERNALIZE build/GEDE01/src/game/game_fn_80179A74.o
[276/514] EXTERNALIZE build/GEDE01/src/game/game_fn_80179EB8.o
[277/514] EXTERNALIZE build/GEDE01/src/game/game_fn_80179F20.o
[278/514] EXTERNALIZE build/GEDE01/src/game/game_fn_8017A010.o
[279/514] EXTERNALIZE build/GEDE01/src/game/game_fn_8017A12C.o
[280/514] EXTERNALIZE build/GEDE01/src/game/game_fn_80157C0C.o
[281/514] EXTERNALIZE build/GEDE01/src/game/game_fn_8017A1C0.o
[282/514] EXTERNALIZE build/GEDE01/src/game/game_fn_80155814.o
[283/514] EXTERNALIZE build/GEDE01/src/game/game_fn_80153898.o
[284/514] EXTERNALIZE build/GEDE01/src/game/game_fn_8014B494.o
[285/514] EXTERNALIZE build/GEDE01/src/game/game_fn_8014AF38.o
[286/514] EXTERNALIZE build/GEDE01/src/game/game_fn_8012DB28.o
[287/514] EXTERNALIZE build/GEDE01/src/game/game_fn_801141B8.o
[288/514] EXTERNALIZE build/GEDE01/src/game/game_fn_801128E4.o
[289/514] EXTERNALIZE build/GEDE01/src/game/game_fn_801126E0.o
[290/514] EXTERNALIZE build/GEDE01/src/game/game_fn_8010F184.o
[291/514] EXTERNALIZE build/GEDE01/src/game/game_fn_800E4980.o
[292/514] EXTERNALIZE build/GEDE01/src/game/game_fn_800C17EC.o
[293/514] EXTERNALIZE build/GEDE01/src/game/game_fn_800C59F0.o
[294/514] EXTERNALIZE build/GEDE01/src/game/game_fn_800C644C.o
[295/514] EXTERNALIZE build/GEDE01/src/game/game_fn_800C65FC.o
[296/514] EXTERNALIZE build/GEDE01/src/game/game_fn_800CB760.o
[297/514] EXTERNALIZE build/GEDE01/src/game/game_fn_800CB8F4.o
[298/514] EXTERNALIZE build/GEDE01/src/game/game_fn_80078500.o
[299/514] EXTERNALIZE build/GEDE01/src/game/game_fn_80079908.o
[300/514] EXTERNALIZE build/GEDE01/src/game/game_fn_8007B2F4.o
[301/514] EXTERNALIZE build/GEDE01/src/game/game_fn_8007B540.o
[302/514] EXTERNALIZE build/GEDE01/src/game/game_fn_8007B640.o
[303/514] EXTERNALIZE build/GEDE01/src/game/game_fn_800886D8.o
[304/514] EXTERNALIZE build/GEDE01/src/game/game_fn_8007BA3C.o
[305/514] EXTERNALIZE build/GEDE01/src/game/game_fn_800934A0.o
[306/514] EXTERNALIZE build/GEDE01/src/game/game_fn_800A3894.o
[307/514] EXTERNALIZE build/GEDE01/src/game/game_fn_800A7E88.o
[308/514] EXTERNALIZE build/GEDE01/src/game/game_fn_800A4798.o
[309/514] GLOBALIZE build/GEDE01/src/game/game_fn_800A2130.o
[310/514] EXTERNALIZE build/GEDE01/src/game/game_fn_800A2FCC.o
[311/514] EXTERNALIZE build/GEDE01/src/game/game_fn_8009C424.o
[312/514] EXTERNALIZE build/GEDE01/src/game/game_fn_80096830.o
[313/514] GLOBALIZE build/GEDE01/src/game/game_fn_8008F890.o
[314/514] EXTERNALIZE SWITCHES build/GEDE01/src/game/game_fn_80095FDC.o
[315/514] EXTERNALIZE build/GEDE01/src/game/game_fn_800A4428.o
[316/514] EXTERNALIZE build/GEDE01/src/game/game_fn_80074310.o
[317/514] GLOBALIZE build/GEDE01/src/game/game_fn_8005FD84.o
[318/514] EXTERNALIZE build/GEDE01/src/game/game_fn_80066888.o
[319/514] EXTERNALIZE build/GEDE01/src/game/game_fn_8005EC6C.o
[320/514] EXTERNALIZE build/GEDE01/src/game/game_fn_80052310.o
[321/514] EXTERNALIZE build/GEDE01/src/game/game_fn_80048B24.o
[322/514] NAME SWITCH build/GEDE01/src/game/game_fn_80020E94.o
[323/514] NAME SWITCH build/GEDE01/src/game/game_fn_8005EE9C.o
[324/514] NAME SWITCH build/GEDE01/src/game/game_fn_8016D9C0.o
[325/514] NAME SWITCH build/GEDE01/src/game/game_fn_80071A58.o
[326/514] EXTERNALIZE build/GEDE01/src/game/game_fn_80048ADC.o
[327/514] NAME SWITCH build/GEDE01/src/game/game_fn_8006B620.o
[328/514] NAME SWITCH build/GEDE01/src/game/game_fn_8001FE1C.o
[329/514] NAME SWITCH build/GEDE01/src/game/game_fn_8001E644.o
[330/514] EXTERNALIZE build/GEDE01/src/game/game_fn_80038878.o
[331/514] EXTERNALIZE build/GEDE01/src/game/game_fn_801B46C8.o
build/GEDE01/src/game/game_fn_801B46C8.o: lbl_8060C020 now undefined; section 6 emptied
[332/514] EXTERNALIZE build/GEDE01/src/game/game_fn_80036C40.o
[333/514] EXTERNALIZE build/GEDE01/src/game/game_fn_800359A0.o
[334/514] EXTERNALIZE build/GEDE01/src/game/game_fn_80033180.o
[335/514] EXTERNALIZE build/GEDE01/src/game/game_fn_80033038.o
[336/514] EXTERNALIZE build/GEDE01/src/game/game_fn_80032B84.o
[337/514] EXTERNALIZE build/GEDE01/src/game/game_fn_8003232C.o
[338/514] EXTERNALIZE build/GEDE01/src/game/game_fn_8002E3F0.o
[339/514] EXTERNALIZE build/GEDE01/src/game/game_fn_8002DAE0.o
[340/514] EXTERNALIZE build/GEDE01/src/game/game_fn_8002EA68.o
[341/514] GLOBALIZE build/GEDE01/src/game/game_fn_8002B748.o
[342/514] EXTERNALIZE build/GEDE01/src/game/game_fn_8002F428.o
[343/514] NAME SWITCHES build/GEDE01/src/game/game_fn_80024F28.o
[344/514] EXTERNALIZE build/GEDE01/src/game/game_fn_800272B4.o
[345/514] EXTERNALIZE build/GEDE01/src/game/game_fn_8001CE94.o
[346/514] EXTERNALIZE build/GEDE01/src/game/game_fn_8001CD58.o
[347/514] EXTERNALIZE build/GEDE01/src/game/game_fn_8001C078.o
[348/514] EXTERNALIZE build/GEDE01/src/game/game_fn_8001B808.o
[349/514] EXTERNALIZE build/GEDE01/src/game/game_fn_8001B874.o
[350/514] EXTERNALIZE build/GEDE01/src/game/game_fn_8001B124.o
[351/514] EXTERNALIZE build/GEDE01/src/game/game_fn_8001B294.o
[352/514] EXTERNALIZE build/GEDE01/src/game/game_fn_8001ADF8.o
[353/514] EXTERNALIZE build/GEDE01/src/game/game_fn_8001AF68.o
[354/514] EXTERNALIZE build/GEDE01/src/game/game_fn_8001AAB8.o
[355/514] EXTERNALIZE build/GEDE01/src/game/game_fn_8001A6C4.o
[356/514] EXTERNALIZE build/GEDE01/src/game/game_fn_80019F98.o
[357/514] EXTERNALIZE build/GEDE01/src/game/game_fn_80019D2C.o
[358/514] EXTERNALIZE build/GEDE01/src/game/game_fn_80019C10.o
[359/514] EXTERNALIZE build/GEDE01/src/game/game_fn_80019940.o
[360/514] EXTERNALIZE build/GEDE01/src/game/game_fn_800194D0.o
[361/514] EXTERNALIZE build/GEDE01/src/game/game_fn_80019244.o
[362/514] EXTERNALIZE build/GEDE01/src/game/game_fn_80019054.o
[363/514] EXTERNALIZE build/GEDE01/src/game/game_fn_80018EF4.o
[364/514] EXTERNALIZE build/GEDE01/src/game/game_fn_80017DB0.o
[365/514] EXTERNALIZE build/GEDE01/src/game/game_fn_80017CC8.o
[366/514] EXTERNALIZE build/GEDE01/src/game/game_fn_80017C3C.o
[367/514] EXTERNALIZE build/GEDE01/src/game/game_fn_80017AE4.o
[368/514] EXTERNALIZE build/GEDE01/src/game/game_fn_80017A3C.o
[369/514] EXTERNALIZE build/GEDE01/src/game/game_fn_800179AC.o
[370/514] EXTERNALIZE build/GEDE01/src/game/game_fn_80017910.o
[371/514] EXTERNALIZE FLAGS build/GEDE01/src/game/game_fn_800119FC.o
[372/514] EXTERNALIZE build/GEDE01/src/game/game_fn_8000FFD8.o
[373/514] EXTERNALIZE build/GEDE01/src/game/game_fn_8000F4B0.o
[374/514] GLOBALIZE build/GEDE01/src/game/game_fn_800094C0.o
[375/514] EXTERNALIZE build/GEDE01/src/game/game_fn_8000EFC4.o
[376/514] EXTERNALIZE build/GEDE01/src/game/game_fn_800096E0.o
[377/514] EXTERNALIZE build/GEDE01/src/game/game_fn_800098C0.o
[378/514] EXTERNALIZE build/GEDE01/src/game/game_fn_800099D8.o
[379/514] EXTERNALIZE build/GEDE01/src/game/game_fn_80009AB4.o
[380/514] EXTERNALIZE build/GEDE01/src/game/game_fn_800171C0.o
[381/514] EXTERNALIZE build/GEDE01/src/game/game_fn_8000A26C.o
[382/514] EXTERNALIZE build/GEDE01/src/game/game_fn_800176F0.o
[383/514] EXTERNALIZE build/GEDE01/src/game/game_fn_8000AC88.o
[384/514] EXTERNALIZE build/GEDE01/src/game/game_fn_8000AFB4.o
[385/514] EXTERNALIZE build/GEDE01/src/game/game_fn_8000AEB4.o
[386/514] EXTERNALIZE build/GEDE01/src/game/game_fn_8000B1B8.o
[387/514] EXTERNALIZE build/GEDE01/src/game/game_fn_8000B36C.o
[388/514] EXTERNALIZE build/GEDE01/src/game/game_fn_8000B630.o
[389/514] EXTERNALIZE build/GEDE01/src/game/game_fn_8000B7FC.o
[390/514] EXTERNALIZE build/GEDE01/src/game/game_fn_8000B900.o
[391/514] EXTERNALIZE build/GEDE01/src/game/game_fn_8000BA0C.o
[392/514] EXTERNALIZE build/GEDE01/src/game/game_fn_8000BAA0.o
[393/514] EXTERNALIZE build/GEDE01/src/game/game_fn_8000BC40.o
[394/514] EXTERNALIZE build/GEDE01/src/game/game_fn_8000C17C.o
[395/514] EXTERNALIZE build/GEDE01/src/game/game_fn_8000C06C.o
[396/514] EXTERNALIZE build/GEDE01/src/game/game_fn_8000C400.o
[397/514] EXTERNALIZE build/GEDE01/src/game/game_fn_8000C848.o
[398/514] EXTERNALIZE build/GEDE01/src/game/game_fn_8000D0BC.o
[399/514] EXTERNALIZE build/GEDE01/src/game/game_fn_8000C91C.o
[400/514] NAME SWITCH build/GEDE01/src/game/game_fn_8000D8A4.o
[401/514] EXTERNALIZE build/GEDE01/src/game/game_fn_8000E054.o
[402/514] EXTERNALIZE build/GEDE01/src/game/game_fn_8000D3D4.o
[403/514] EXTERNALIZE build/GEDE01/src/game/game_fn_8000E0AC.o
[404/514] EXTERNALIZE build/GEDE01/src/game/game_fn_8000E96C.o
[405/514] EXTERNALIZE build/GEDE01/src/game/game_fn_8000EB14.o
[406/514] EXTERNALIZE build/GEDE01/src/game/game_fn_8000F774.o
[407/514] EXTERNALIZE build/GEDE01/src/game/game_fn_8000EBD4.o
[408/514] EXTERNALIZE build/GEDE01/src/game/game_fn_8000ED44.o
[409/514] EXTERNALIZE build/GEDE01/src/game/game_fn_8000E138.o
[410/514] EXTERNALIZE build/GEDE01/src/game/game_fn_8000E1C4.o
[411/514] EXTERNALIZE build/GEDE01/src/game/game_fn_8000D590.o
[412/514] EXTERNALIZE build/GEDE01/src/game/game_fn_8000DA50.o
[413/514] EXTERNALIZE build/GEDE01/src/game/game_fn_80012DA8.o
[414/514] EXTERNALIZE build/GEDE01/src/game/game_fn_8000DAF4.o
[415/514] EXTERNALIZE build/GEDE01/src/game/game_fn_80012FD0.o
[416/514] EXTERNALIZE build/GEDE01/src/game/game_fn_80012F40.o
[417/514] EXTERNALIZE build/GEDE01/src/game/game_fn_800131E8.o
[418/514] EXTERNALIZE build/GEDE01/src/game/game_fn_80013340.o
[419/514] EXTERNALIZE build/GEDE01/src/game/game_fn_80013CB0.o
[420/514] EXTERNALIZE build/GEDE01/src/game/game_fn_80013870.o
[421/514] EXTERNALIZE build/GEDE01/src/game/game_fn_800142DC.o
[422/514] EXTERNALIZE build/GEDE01/src/game/game_fn_80013D54.o
[423/514] EXTERNALIZE build/GEDE01/src/game/game_fn_80014784.o
[424/514] EXTERNALIZE build/GEDE01/src/game/game_fn_800144CC.o
[425/514] EXTERNALIZE build/GEDE01/src/game/game_fn_800149D4.o
[426/514] EXTERNALIZE build/GEDE01/src/game/game_fn_80015058.o
[427/514] EXTERNALIZE build/GEDE01/src/game/game_fn_80015320.o
[428/514] EXTERNALIZE build/GEDE01/src/game/game_fn_80015568.o
[429/514] EXTERNALIZE build/GEDE01/src/game/game_fn_800156FC.o
[430/514] EXTERNALIZE build/GEDE01/src/game/game_fn_80015BE0.o
[431/514] EXTERNALIZE build/GEDE01/src/game/game_fn_80015D40.o
[432/514] EXTERNALIZE build/GEDE01/src/game/game_fn_80015F04.o
[433/514] EXTERNALIZE build/GEDE01/src/game/game_fn_80016270.o
[434/514] EXTERNALIZE build/GEDE01/src/game/game_fn_80016128.o
[435/514] EXTERNALIZE build/GEDE01/src/game/game_fn_80016904.o
[436/514] EXTERNALIZE build/GEDE01/src/game/game_fn_800173CC.o
[437/514] EXTERNALIZE build/GEDE01/src/game/game_fn_80016B24.o
[438/514] EXTERNALIZE build/GEDE01/src/game/game_fn_801BEF40.o
[439/514] EXTERNALIZE build/GEDE01/src/game/game_fn_801B86C0.o
[440/514] EXTERNALIZE STATIC POOL build/GEDE01/src/game/game_fn_801C4B5C.o
build/GEDE01/src/game/game_fn_801C4B5C.o: lbl_80628CB0 now undefined; section 6 emptied
[441/514] EXTERNALIZE build/GEDE01/src/game/game_fn_801C8600.o
[442/514] EXTERNALIZE build/GEDE01/src/game/game_fn_8001CA04.o
[443/514] EXTERNALIZE build/GEDE01/src/game/game_fn_80031544.o
[444/514] EXTERNALIZE build/GEDE01/src/game/game_fn_8006B0F0.o
[445/514] EXTERNALIZE build/GEDE01/src/game/game_fn_8007D4D8.o
[446/514] EXTERNALIZE build/GEDE01/src/game/game_fn_8007F770.o
[447/514] EXTERNALIZE build/GEDE01/src/game/game_fn_80088F4C.o
[448/514] EXTERNALIZE build/GEDE01/src/game/game_fn_8008A2E0.o
[449/514] EXTERNALIZE build/GEDE01/src/game/game_fn_80090004.o
[450/514] EXTERNALIZE build/GEDE01/src/game/game_fn_80095D10.o
[451/514] EXTERNALIZE build/GEDE01/src/game/game_fn_800A3180.o
[452/514] EXTERNALIZE build/GEDE01/src/game/game_fn_800BB7A8.o
[453/514] EXTERNALIZE build/GEDE01/src/game/game_fn_800BB5C4.o
[454/514] EXTERNALIZE build/GEDE01/src/game/game_fn_800BB9A4.o
[455/514] EXTERNALIZE build/GEDE01/src/game/game_fn_800BBAF0.o
[456/514] EXTERNALIZE build/GEDE01/src/game/game_fn_800D9E10.o
[457/514] EXTERNALIZE build/GEDE01/src/game/game_fn_8012976C.o
[458/514] EXTERNALIZE build/GEDE01/src/game/game_fn_8013DB8C.o
[459/514] EXTERNALIZE build/GEDE01/src/game/game_fn_8013CBE4.o
[460/514] EXTERNALIZE build/GEDE01/src/game/game_fn_8014CA98.o
[461/514] EXTERNALIZE build/GEDE01/src/game/game_fn_80153A24.o
[462/514] EXTERNALIZE build/GEDE01/src/game/game_fn_801535D8.o
[463/514] EXTERNALIZE build/GEDE01/src/game/game_fn_80174F2C.o
[464/514] EXTERNALIZE build/GEDE01/src/game/game_fn_8017AC20.o
[465/514] EXTERNALIZE build/GEDE01/src/game/game_fn_80186F70.o
[466/514] EXTERNALIZE build/GEDE01/src/game/game_fn_8018680C.o
[467/514] EXTERNALIZE build/GEDE01/src/game/game_fn_80187320.o
[468/514] EXTERNALIZE build/GEDE01/src/game/game_fn_801875FC.o
[469/514] EXTERNALIZE build/GEDE01/src/game/game_fn_801810A0.o
[470/514] EXTERNALIZE build/GEDE01/src/game/game_fn_800542D0.o
[471/514] EXTERNALIZE build/GEDE01/src/game/game_fn_80187BB4.o
[472/514] EXTERNALIZE build/GEDE01/src/game/game_fn_8018E0D8.o
[473/514] EXTERNALIZE build/GEDE01/src/game/game_fn_8019120C.o
[474/514] EXTERNALIZE build/GEDE01/src/game/game_fn_8018D400.o
[475/514] EXTERNALIZE build/GEDE01/src/game/game_fn_801926EC.o
[476/514] EXTERNALIZE build/GEDE01/src/game/game_fn_801916D0.o
[477/514] EXTERNALIZE build/GEDE01/src/game/game_fn_801929A4.o
[478/514] EXTERNALIZE build/GEDE01/src/game/game_fn_801A2A54.o
[479/514] EXTERNALIZE build/GEDE01/src/game/game_fn_801A657C.o
[480/514] EXTERNALIZE build/GEDE01/src/game/game_fn_801A34BC.o
[481/514] EXTERNALIZE build/GEDE01/src/game/game_fn_801D1F78.o
[482/514] EXTERNALIZE build/GEDE01/src/game/game_fn_801E2A48.o
[483/514] EXTERNALIZE build/GEDE01/src/game/game_fn_801E6814.o
[484/514] EXTERNALIZE build/GEDE01/src/game/game_fn_801EF580.o
[485/514] EXTERNALIZE build/GEDE01/src/game/game_fn_801F10BC.o
[486/514] EXTERNALIZE build/GEDE01/src/game/game_fn_801F35A8.o
[487/514] EXTERNALIZE build/GEDE01/src/game/game_fn_801ECD74.o
[488/514] EXTERNALIZE build/GEDE01/src/game/game_fn_801ED5F4.o
[489/514] EXTERNALIZE build/GEDE01/src/game/game_fn_801F69F0.o
[490/514] EXTERNALIZE build/GEDE01/src/game/game_fn_801F76EC.o
[491/514] EXTERNALIZE build/GEDE01/src/game/game_fn_801F8264.o
[492/514] EXTERNALIZE build/GEDE01/src/game/game_fn_801F89B4.o
[493/514] EXTERNALIZE build/GEDE01/src/game/game_fn_801F9AF8.o
[494/514] EXTERNALIZE build/GEDE01/src/game/game_fn_801F6BD8.o
[495/514] EXTERNALIZE JUMPTABLES build/GEDE01/src/game/game_fn_800361F8.o
[496/514] EXTERNALIZE build/GEDE01/src/game/game_fn_801FB6A4.o
[497/514] EXTERNALIZE JUMPTABLES build/GEDE01/src/game/game_fn_8006E53C.o
[498/514] EXTERNALIZE JUMPTABLES build/GEDE01/src/game/game_fn_800CF598.o
[499/514] EXTERNALIZE JUMPTABLES build/GEDE01/src/game/game_fn_801ACFE8.o
[500/514] EXTERNALIZE build/GEDE01/src/game/game_fn_80154F74.o
[501/514] EXTERNALIZE JUMPTABLES build/GEDE01/src/game/game_fn_801B1BA0.o
[502/514] EXTERNALIZE build/GEDE01/src/game/game_fn_8009E808.o
[503/514] EXTERNALIZE build/GEDE01/src/game/game_fn_801F1A38.o
[504/514] EXTERNALIZE build/GEDE01/src/game/game_fn_801F55A0.o
[505/514] EXTERNALIZE build/GEDE01/src/game/game_fn_801FFE78.o
[506/514] EXTERNALIZE build/GEDE01/src/game/game_fn_801F7510.o
[507/514] EXTERNALIZE build/GEDE01/src/game/game_fn_801F9CF4.o
[508/514] EXTERNALIZE build/GEDE01/src/game/game_fn_801FC034.o
[509/514] EXTERNALIZE build/GEDE01/src/game/game_fn_801FA9C8.o
[510/514] REPORT
 INFO Loading project .
 INFO Generating report for 7068 units (using 8 threads)
 INFO Report generated in 0.172s
 INFO Writing to build/GEDE01/report.json
[511/514] LINK build/GEDE01/main.elf
### mwldeppc.exe Linker Warning:
#   Section '.ignored' is unknown. Section ignored.
### mwldeppc.exe Linker Warning:
#   Section '.ignored' is unknown. Section ignored.
### mwldeppc.exe Linker Warning:
#   Section '.ignored' is unknown. Section ignored.
### mwldeppc.exe Linker Warning:
#   Section '.ignored' is unknown. Section ignored.
### mwldeppc.exe Linker Warning:
#   Section '.ignored' is unknown. Section ignored.
### mwldeppc.exe Linker Warning:
#   Section '.ignored' is unknown. Section ignored.
### mwldeppc.exe Linker Warning:
#   Section '.ignored' is unknown. Section ignored.
### mwldeppc.exe Linker Warning:
#   Section '.ignored' is unknown. Section ignored.
### mwldeppc.exe Linker Warning:
#   Section '.ignored' is unknown. Section ignored.
### mwldeppc.exe Linker Warning:
#   Section '.ignored' is unknown. Section ignored.
### mwldeppc.exe Linker Warning:
#   Section '.ignored' is unknown. Section ignored.
### mwldeppc.exe Linker Warning:
#   Section '.ignored' is unknown. Section ignored.
### mwldeppc.exe Linker Warning:
#   Section '.ignored' is unknown. Section ignored.
### mwldeppc.exe Linker Warning:
#   Section '.ignored' is unknown. Section ignored.
### mwldeppc.exe Linker Warning:
#   Section '.ignored' is unknown. Section ignored.
### mwldeppc.exe Linker Warning:
#   Section '.ignored' is unknown. Section ignored.
### mwldeppc.exe Linker Warning:
#   Section '.ignored' is unknown. Section ignored.
### mwldeppc.exe Linker Warning:
#   Section '.ignored' is unknown. Section ignored.
### mwldeppc.exe Linker Warning:
#   Section '.ignored' is unknown. Section ignored.
### mwldeppc.exe Linker Warning:
#   Section '.ignored' is unknown. Section ignored.
### mwldeppc.exe Linker Warning:
#   Section '.ignored' is unknown. Section ignored.
### mwldeppc.exe Linker Warning:
#   Section '.ignored' is unknown. Section ignored.
### mwldeppc.exe Linker Warning:
#   Section '.ignored' is unknown. Section ignored.
### mwldeppc.exe Linker Warning:
#   Section '.ignored' is unknown. Section ignored.
### mwldeppc.exe Linker Warning:
#   Section '.ignored' is unknown. Section ignored.
### mwldeppc.exe Linker Warning:
#   Section '.ignored' is unknown. Section ignored.
### mwldeppc.exe Linker Warning:
#   Section '.ignored' is unknown. Section ignored.
### mwldeppc.exe Linker Warning:
#   Section '.ignored' is unknown. Section ignored.
### mwldeppc.exe Linker Warning:
#   Section '.ignored' is unknown. Section ignored.
### mwldeppc.exe Linker Warning:
#   Section '.ignored' is unknown. Section ignored.
### mwldeppc.exe Linker Warning:
#   Section '.ignored' is unknown. Section ignored.
### mwldeppc.exe Linker Warning:
#   Section '.ignored' is unknown. Section ignored.
### mwldeppc.exe Linker Warning:
#   Section '.ignored' is unknown. Section ignored.
### mwldeppc.exe Linker Warning:
#   Section '.ignored' is unknown. Section ignored.
### mwldeppc.exe Linker Warning:
#   Section '.ignored' is unknown. Section ignored.
### mwldeppc.exe Linker Warning:
#   Section '.ignored' is unknown. Section ignored.
### mwldeppc.exe Linker Warning:
#   Section '.ignored' is unknown. Section ignored.
### mwldeppc.exe Linker Warning:
#   Section '.ignored' is unknown. Section ignored.
### mwldeppc.exe Linker Warning:
#   Section '.ignored' is unknown. Section ignored.
### mwldeppc.exe Linker Warning:
#   Section '.ignored' is unknown. Section ignored.
### mwldeppc.exe Linker Warning:
#   Section '.ignored' is unknown. Section ignored.
### mwldeppc.exe Linker Warning:
#   Section '.ignored' is unknown. Section ignored.
### mwldeppc.exe Linker Warning:
#   Section '.ignored' is unknown. Section ignored.
### mwldeppc.exe Linker Warning:
#   Section '.ignored' is unknown. Section ignored.
### mwldeppc.exe Linker Warning:
#   Section '.ignored' is unknown. Section ignored.
### mwldeppc.exe Linker Warning:
#   Section '.ignored' is unknown. Section ignored.
### mwldeppc.exe Linker Warning:
#   Section '.ignored' is unknown. Section ignored.
### mwldeppc.exe Linker Warning:
#   Section '.ignored' is unknown. Section ignored.
### mwldeppc.exe Linker Warning:
#   Section '.ignored' is unknown. Section ignored.
### mwldeppc.exe Linker Warning:
#   Section '.ignored' is unknown. Section ignored.
### mwldeppc.exe Linker Warning:
#   Section '.ignored' is unknown. Section ignored.
### mwldeppc.exe Linker Warning:
#   Section '.ignored' is unknown. Section ignored.
### mwldeppc.exe Linker Warning:
#   Section '.ignored' is unknown. Section ignored.
### mwldeppc.exe Linker Warning:
#   Section '.ignored' is unknown. Section ignored.
### mwldeppc.exe Linker Warning:
#   Section '.ignored' is unknown. Section ignored.
### mwldeppc.exe Linker Warning:
#   Section '.ignored' is unknown. Section ignored.
### mwldeppc.exe Linker Warning:
#   Section '.ignored' is unknown. Section ignored.
### mwldeppc.exe Linker Warning:
#   Section '.ignored' is unknown. Section ignored.
### mwldeppc.exe Linker Warning:
#   Section '.ignored' is unknown. Section ignored.
### mwldeppc.exe Linker Warning:
#   Section '.ignored' is unknown. Section ignored.
### mwldeppc.exe Linker Warning:
#   Section '.ignored' is unknown. Section ignored.
### mwldeppc.exe Linker Warning:
#   Section '.ignored' is unknown. Section ignored.
### mwldeppc.exe Linker Warning:
#   Section '.ignored' is unknown. Section ignored.
### mwldeppc.exe Linker Warning:
#   Section '.ignored' is unknown. Section ignored.
### mwldeppc.exe Linker Warning:
#   Section '.ignored' is unknown. Section ignored.
### mwldeppc.exe Linker Warning:
#   Section '.ignored' is unknown. Section ignored.
### mwldeppc.exe Linker Warning:
#   Section '.ignored' is unknown. Section ignored.
### mwldeppc.exe Linker Warning:
#   Section '.ignored' is unknown. Section ignored.
### mwldeppc.exe Linker Warning:
#   Section '.ignored' is unknown. Section ignored.
### mwldeppc.exe Linker Warning:
#   Section '.ignored' is unknown. Section ignored.
### mwldeppc.exe Linker Warning:
#   Section '.ignored' is unknown. Section ignored.
### mwldeppc.exe Linker Warning:
#   Section '.ignored' is unknown. Section ignored.
### mwldeppc.exe Linker Warning:
#   Section '.ignored' is unknown. Section ignored.
### mwldeppc.exe Linker Warning:
#   Section '.ignored' is unknown. Section ignored.
### mwldeppc.exe Linker Warning:
#   Section '.ignored' is unknown. Section ignored.
### mwldeppc.exe Linker Warning:
#   Section '.ignored' is unknown. Section ignored.
### mwldeppc.exe Linker Warning:
#   Section '.ignored' is unknown. Section ignored.
### mwldeppc.exe Linker Warning:
#   Section '.ignored' is unknown. Section ignored.
### mwldeppc.exe Linker Warning:
#   Section '.ignored' is unknown. Section ignored.
### mwldeppc.exe Linker Warning:
#   Section '.ignored' is unknown. Section ignored.
### mwldeppc.exe Linker Warning:
#   Section '.ignored' is unknown. Section ignored.
### mwldeppc.exe Linker Warning:
#   Section '.ignored' is unknown. Section ignored.
### mwldeppc.exe Linker Warning:
#   Section '.ignored' is unknown. Section ignored.
### mwldeppc.exe Linker Warning:
#   Section '.ignored' is unknown. Section ignored.
### mwldeppc.exe Linker Warning:
#   Section '.ignored' is unknown. Section ignored.
### mwldeppc.exe Linker Warning:
#   Section '.ignored' is unknown. Section ignored.
### mwldeppc.exe Linker Warning:
#   Section '.ignored' is unknown. Section ignored.
### mwldeppc.exe Linker Warning:
#   Section '.ignored' is unknown. Section ignored.
### mwldeppc.exe Linker Warning:
#   Section '.ignored' is unknown. Section ignored.
### mwldeppc.exe Linker Warning:
#   Section '.ignored' is unknown. Section ignored.
### mwldeppc.exe Linker Warning:
#   Section '.ignored' is unknown. Section ignored.
### mwldeppc.exe Linker Warning:
#   Section '.ignored' is unknown. Section ignored.
### mwldeppc.exe Linker Warning:
#   Section '.ignored' is unknown. Section ignored.
### mwldeppc.exe Linker Warning:
#   Section '.ignored' is unknown. Section ignored.
### mwldeppc.exe Linker Warning:
#   Section '.ignored' is unknown. Section ignored.
### mwldeppc.exe Linker Warning:
#   Section '.ignored' is unknown. Section ignored.
### mwldeppc.exe Linker Warning:
#   Section '.ignored' is unknown. Section ignored.
### mwldeppc.exe Linker Warning:
#   Section '.ignored' is unknown. Section ignored.
### mwldeppc.exe Linker Warning:
#   Section '.ignored' is unknown. Section ignored.
### mwldeppc.exe Linker Warning:
#   Section '.ignored' is unknown. Section ignored.
### mwldeppc.exe Linker Warning:
#   Section '.ignored' is unknown. Section ignored.
### mwldeppc.exe Linker Warning:
#   Section '.ignored' is unknown. Section ignored.
### mwldeppc.exe Linker Warning:
#   Section '.ignored' is unknown. Section ignored.
### mwldeppc.exe Linker Warning:
#   Section '.ignored' is unknown. Section ignored.
### mwldeppc.exe Linker Warning:
#   Section '.ignored' is unknown. Section ignored.
### mwldeppc.exe Linker Warning:
#   Section '.ignored' is unknown. Section ignored.
### mwldeppc.exe Linker Warning:
#   Section '.ignored' is unknown. Section ignored.
### mwldeppc.exe Linker Warning:
#   Section '.ignored' is unknown. Section ignored.
### mwldeppc.exe Linker Warning:
#   Section '.ignored' is unknown. Section ignored.
### mwldeppc.exe Linker Warning:
#   Section '.ignored' is unknown. Section ignored.
### mwldeppc.exe Linker Warning:
#   Section '.ignored' is unknown. Section ignored.
### mwldeppc.exe Linker Warning:
#   Section '.ignored' is unknown. Section ignored.
### mwldeppc.exe Linker Warning:
#   Section '.ignored' is unknown. Section ignored.
### mwldeppc.exe Linker Warning:
#   Section '.ignored' is unknown. Section ignored.
### mwldeppc.exe Linker Warning:
#   Section '.ignored' is unknown. Section ignored.
### mwldeppc.exe Linker Warning:
#   Section '.ignored' is unknown. Section ignored.
### mwldeppc.exe Linker Warning:
#   Section '.ignored' is unknown. Section ignored.
### mwldeppc.exe Linker Warning:
#   Section '.ignored' is unknown. Section ignored.
### mwldeppc.exe Linker Warning:
#   Section '.ignored' is unknown. Section ignored.
### mwldeppc.exe Linker Warning:
#   Section '.ignored' is unknown. Section ignored.
### mwldeppc.exe Linker Warning:
#   Section '.ignored' is unknown. Section ignored.
### mwldeppc.exe Linker Warning:
#   Section '.ignored' is unknown. Section ignored.
### mwldeppc.exe Linker Warning:
#   Section '.ignored' is unknown. Section ignored.
### mwldeppc.exe Linker Warning:
#   Section '.ignored' is unknown. Section ignored.
### mwldeppc.exe Linker Warning:
#   Section '.ignored' is unknown. Section ignored.
### mwldeppc.exe Linker Warning:
#   Section '.ignored' is unknown. Section ignored.
### mwldeppc.exe Linker Warning:
#   Section '.ignored' is unknown. Section ignored.
### mwldeppc.exe Linker Warning:
#   Section '.ignored' is unknown. Section ignored.
### mwldeppc.exe Linker Warning:
#   Section '.ignored' is unknown. Section ignored.
### mwldeppc.exe Linker Warning:
#   Section '.ignored' is unknown. Section ignored.
### mwldeppc.exe Linker Warning:
#   Section '.ignored' is unknown. Section ignored.
### mwldeppc.exe Linker Warning:
#   Section '.ignored' is unknown. Section ignored.
### mwldeppc.exe Linker Warning:
#   Section '.ignored' is unknown. Section ignored.
### mwldeppc.exe Linker Warning:
#   Section '.ignored' is unknown. Section ignored.
### mwldeppc.exe Linker Warning:
#   Section '.ignored' is unknown. Section ignored.
### mwldeppc.exe Linker Warning:
#   Section '.ignored' is unknown. Section ignored.
### mwldeppc.exe Linker Warning:
#   Section '.ignored' is unknown. Section ignored.
### mwldeppc.exe Linker Warning:
#   Section '.ignored' is unknown. Section ignored.
### mwldeppc.exe Linker Warning:
#   Section '.ignored' is unknown. Section ignored.
### mwldeppc.exe Linker Warning:
#   Section '.ignored' is unknown. Section ignored.
### mwldeppc.exe Linker Warning:
#   Section '.ignored' is unknown. Section ignored.
### mwldeppc.exe Linker Warning:
#   Section '.ignored' is unknown. Section ignored.
### mwldeppc.exe Linker Warning:
#   Section '.ignored' is unknown. Section ignored.
### mwldeppc.exe Linker Warning:
#   Section '.ignored' is unknown. Section ignored.
### mwldeppc.exe Linker Warning:
#   Section '.ignored' is unknown. Section ignored.
### mwldeppc.exe Linker Warning:
#   Section '.ignored' is unknown. Section ignored.
### mwldeppc.exe Linker Warning:
#   Section '.ignored' is unknown. Section ignored.
### mwldeppc.exe Linker Warning:
#   Section '.ignored' is unknown. Section ignored.
### mwldeppc.exe Linker Warning:
#   Section '.ignored' is unknown. Section ignored.
### mwldeppc.exe Linker Warning:
#   Section '.ignored' is unknown. Section ignored.
### mwldeppc.exe Linker Warning:
#   Section '.ignored' is unknown. Section ignored.
### mwldeppc.exe Linker Warning:
#   Section '.ignored' is unknown. Section ignored.
### mwldeppc.exe Linker Warning:
#   Section '.ignored' is unknown. Section ignored.
### mwldeppc.exe Linker Warning:
#   Section '.ignored' is unknown. Section ignored.
### mwldeppc.exe Linker Warning:
#   Section '.ignored' is unknown. Section ignored.
### mwldeppc.exe Linker Warning:
#   Section '.ignored' is unknown. Section ignored.
### mwldeppc.exe Linker Warning:
#   Section '.ignored' is unknown. Section ignored.
### mwldeppc.exe Linker Warning:
#   Section '.ignored' is unknown. Section ignored.
### mwldeppc.exe Linker Warning:
#   Section '.ignored' is unknown. Section ignored.
### mwldeppc.exe Linker Warning:
#   Section '.ignored' is unknown. Section ignored.
### mwldeppc.exe Linker Warning:
#   Section '.ignored' is unknown. Section ignored.
### mwldeppc.exe Linker Warning:
#   Section '.ignored' is unknown. Section ignored.
### mwldeppc.exe Linker Warning:
#   Section '.ignored' is unknown. Section ignored.
### mwldeppc.exe Linker Warning:
#   Section '.ignored' is unknown. Section ignored.
### mwldeppc.exe Linker Warning:
#   Section '.ignored' is unknown. Section ignored.
### mwldeppc.exe Linker Warning:
#   Section '.ignored' is unknown. Section ignored.
### mwldeppc.exe Linker Warning:
#   Section '.ignored' is unknown. Section ignored.
### mwldeppc.exe Linker Warning:
#   Section '.ignored' is unknown. Section ignored.
### mwldeppc.exe Linker Warning:
#   Section '.ignored' is unknown. Section ignored.
### mwldeppc.exe Linker Warning:
#   Section '.ignored' is unknown. Section ignored.
### mwldeppc.exe Linker Warning:
#   Section '.ignored' is unknown. Section ignored.
### mwldeppc.exe Linker Warning:
#   Section '.ignored' is unknown. Section ignored.
### mwldeppc.exe Linker Warning:
#   Section '.ignored' is unknown. Section ignored.
### mwldeppc.exe Linker Warning:
#   Section '.ignored' is unknown. Section ignored.
### mwldeppc.exe Linker Warning:
#   Section '.ignored' is unknown. Section ignored.
### mwldeppc.exe Linker Warning:
#   Section '.ignored' is unknown. Section ignored.
### mwldeppc.exe Linker Warning:
#   Section '.ignored' is unknown. Section ignored.
### mwldeppc.exe Linker Warning:
#   Section '.ignored' is unknown. Section ignored.
### mwldeppc.exe Linker Warning:
#   Section '.ignored' is unknown. Section ignored.
### mwldeppc.exe Linker Warning:
#   Section '.ignored' is unknown. Section ignored.
### mwldeppc.exe Linker Warning:
#   Section '.ignored' is unknown. Section ignored.
### mwldeppc.exe Linker Warning:
#   Section '.ignored' is unknown. Section ignored.
### mwldeppc.exe Linker Warning:
#   Section '.ignored' is unknown. Section ignored.
### mwldeppc.exe Linker Warning:
#   Section '.ignored' is unknown. Section ignored.
### mwldeppc.exe Linker Warning:
#   Section '.ignored' is unknown. Section ignored.
### mwldeppc.exe Linker Warning:
#   Section '.ignored' is unknown. Section ignored.
### mwldeppc.exe Linker Warning:
#   Section '.ignored' is unknown. Section ignored.
### mwldeppc.exe Linker Warning:
#   Section '.ignored' is unknown. Section ignored.
### mwldeppc.exe Linker Warning:
#   Section '.ignored' is unknown. Section ignored.
### mwldeppc.exe Linker Warning:
#   Section '.ignored' is unknown. Section ignored.
### mwldeppc.exe Linker Warning:
#   Section '.ignored' is unknown. Section ignored.
### mwldeppc.exe Linker Warning:
#   Section '.ignored' is unknown. Section ignored.
### mwldeppc.exe Linker Warning:
#   Section '.ignored' is unknown. Section ignored.
### mwldeppc.exe Linker Warning:
#   Section '.ignored' is unknown. Section ignored.
### mwldeppc.exe Linker Warning:
#   Section '.ignored' is unknown. Section ignored.
### mwldeppc.exe Linker Warning:
#   Section '.ignored' is unknown. Section ignored.
### mwldeppc.exe Linker Warning:
#   Section '.ignored' is unknown. Section ignored.
### mwldeppc.exe Linker Warning:
#   Section '.ignored' is unknown. Section ignored.
### mwldeppc.exe Linker Warning:
#   Section '.ignored' is unknown. Section ignored.
### mwldeppc.exe Linker Warning:
#   Section '.ignored' is unknown. Section ignored.
### mwldeppc.exe Linker Warning:
#   Section '.ignored' is unknown. Section ignored.
### mwldeppc.exe Linker Warning:
#   Section '.ignored' is unknown. Section ignored.
### mwldeppc.exe Linker Warning:
#   Section '.ignored' is unknown. Section ignored.
### mwldeppc.exe Linker Warning:
#   Section '.ignored' is unknown. Section ignored.
### mwldeppc.exe Linker Warning:
#   Section '.ignored' is unknown. Section ignored.
### mwldeppc.exe Linker Warning:
#   Section '.ignored' is unknown. Section ignored.
### mwldeppc.exe Linker Warning:
#   Section '.ignored' is unknown. Section ignored.
### mwldeppc.exe Linker Warning:
#   Section '.ignored' is unknown. Section ignored.
### mwldeppc.exe Linker Warning:
#   Section '.ignored' is unknown. Section ignored.
### mwldeppc.exe Linker Warning:
#   Section '.ignored' is unknown. Section ignored.
### mwldeppc.exe Linker Warning:
#   Section '.ignored' is unknown. Section ignored.
### mwldeppc.exe Linker Warning:
#   Section '.ignored' is unknown. Section ignored.
### mwldeppc.exe Linker Warning:
#   Section '.ignored' is unknown. Section ignored.
### mwldeppc.exe Linker Warning:
#   Section '.ignored' is unknown. Section ignored.
### mwldeppc.exe Linker Warning:
#   Section '.ignored' is unknown. Section ignored.
### mwldeppc.exe Linker Warning:
#   Section '.ignored' is unknown. Section ignored.
### mwldeppc.exe Linker Warning:
#   Section '.ignored' is unknown. Section ignored.
### mwldeppc.exe Linker Warning:
#   Section '.ignored' is unknown. Section ignored.
### mwldeppc.exe Linker Warning:
#   Section '.ignored' is unknown. Section ignored.
### mwldeppc.exe Linker Warning:
#   Section '.ignored' is unknown. Section ignored.
### mwldeppc.exe Linker Warning:
#   Section '.ignored' is unknown. Section ignored.
### mwldeppc.exe Linker Warning:
#   Section '.ignored' is unknown. Section ignored.
### mwldeppc.exe Linker Warning:
#   Section '.ignored' is unknown. Section ignored.
### mwldeppc.exe Linker Warning:
#   Section '.ignored' is unknown. Section ignored.
### mwldeppc.exe Linker Warning:
#   Section '.ignored' is unknown. Section ignored.
### mwldeppc.exe Linker Warning:
#   Section '.ignored' is unknown. Section ignored.
### mwldeppc.exe Linker Warning:
#   Section '.ignored' is unknown. Section ignored.
### mwldeppc.exe Linker Warning:
#   Section '.ignored' is unknown. Section ignored.
### mwldeppc.exe Linker Warning:
#   Section '.ignored' is unknown. Section ignored.
### mwldeppc.exe Linker Warning:
#   Section '.ignored' is unknown. Section ignored.
### mwldeppc.exe Linker Warning:
#   Section '.ignored' is unknown. Section ignored.
### mwldeppc.exe Linker Warning:
#   Section '.ignored' is unknown. Section ignored.
### mwldeppc.exe Linker Warning:
#   Section '.ignored' is unknown. Section ignored.
### mwldeppc.exe Linker Warning:
#   Section '.ignored' is unknown. Section ignored.
### mwldeppc.exe Linker Warning:
#   Section '.ignored' is unknown. Section ignored.
### mwldeppc.exe Linker Warning:
#   Section '.ignored' is unknown. Section ignored.
### mwldeppc.exe Linker Warning:
#   Section '.ignored' is unknown. Section ignored.
### mwldeppc.exe Linker Warning:
#   Section '.ignored' is unknown. Section ignored.
### mwldeppc.exe Linker Warning:
#   Section '.ignored' is unknown. Section ignored.
### mwldeppc.exe Linker Warning:
#   Section '.ignored' is unknown. Section ignored.
### mwldeppc.exe Linker Warning:
#   Section '.ignored' is unknown. Section ignored.
### mwldeppc.exe Linker Warning:
#   Section '.ignored' is unknown. Section ignored.
### mwldeppc.exe Linker Warning:
#   Section '.ignored' is unknown. Section ignored.
### mwldeppc.exe Linker Warning:
#   Section '.ignored' is unknown. Section ignored.
### mwldeppc.exe Linker Warning:
#   Section '.ignored' is unknown. Section ignored.
### mwldeppc.exe Linker Warning:
#   Section '.ignored' is unknown. Section ignored.
### mwldeppc.exe Linker Warning:
#   Section '.ignored' is unknown. Section ignored.
### mwldeppc.exe Linker Warning:
#   Section '.ignored' is unknown. Section ignored.
### mwldeppc.exe Linker Warning:
#   Section '.ignored' is unknown. Section ignored.
### mwldeppc.exe Linker Warning:
#   Section '.ignored' is unknown. Section ignored.
### mwldeppc.exe Linker Warning:
#   Section '.ignored' is unknown. Section ignored.
### mwldeppc.exe Linker Warning:
#   Section '.ignored' is unknown. Section ignored.
### mwldeppc.exe Linker Warning:
#   Section '.ignored' is unknown. Section ignored.
### mwldeppc.exe Linker Warning:
#   Section '.ignored' is unknown. Section ignored.
### mwldeppc.exe Linker Warning:
#   Section '.ignored' is unknown. Section ignored.
### mwldeppc.exe Linker Warning:
#   Section '.ignored' is unknown. Section ignored.
### mwldeppc.exe Linker Warning:
#   Section '.ignored' is unknown. Section ignored.
### mwldeppc.exe Linker Warning:
#   Section '.ignored' is unknown. Section ignored.
### mwldeppc.exe Linker Warning:
#   Section '.ignored' is unknown. Section ignored.
### mwldeppc.exe Linker Warning:
#   Section '.ignored' is unknown. Section ignored.
### mwldeppc.exe Linker Warning:
#   Section '.ignored' is unknown. Section ignored.
### mwldeppc.exe Linker Warning:
#   Section '.ignored' is unknown. Section ignored.
### mwldeppc.exe Linker Warning:
#   Section '.ignored' is unknown. Section ignored.
### mwldeppc.exe Linker Warning:
#   Section '.ignored' is unknown. Section ignored.
### mwldeppc.exe Linker Warning:
#   Section '.ignored' is unknown. Section ignored.
### mwldeppc.exe Linker Warning:
#   Section '.ignored' is unknown. Section ignored.
### mwldeppc.exe Linker Warning:
#   Section '.ignored' is unknown. Section ignored.
### mwldeppc.exe Linker Warning:
#   Section '.ignored' is unknown. Section ignored.
### mwldeppc.exe Linker Warning:
#   Section '.ignored' is unknown. Section ignored.
### mwldeppc.exe Linker Warning:
#   Section '.ignored' is unknown. Section ignored.
### mwldeppc.exe Linker Warning:
#   Section '.ignored' is unknown. Section ignored.
### mwldeppc.exe Linker Warning:
#   Section '.ignored' is unknown. Section ignored.
### mwldeppc.exe Linker Warning:
#   Section '.ignored' is unknown. Section ignored.
### mwldeppc.exe Linker Warning:
#   Section '.ignored' is unknown. Section ignored.
### mwldeppc.exe Linker Warning:
#   Section '.ignored' is unknown. Section ignored.
### mwldeppc.exe Linker Warning:
#   Section '.ignored' is unknown. Section ignored.
### mwldeppc.exe Linker Warning:
#   Section '.ignored' is unknown. Section ignored.
### mwldeppc.exe Linker Warning:
#   Section '.ignored' is unknown. Section ignored.
### mwldeppc.exe Linker Warning:
#   Section '.ignored' is unknown. Section ignored.
### mwldeppc.exe Linker Warning:
#   Section '.ignored' is unknown. Section ignored.
### mwldeppc.exe Linker Warning:
#   Section '.ignored' is unknown. Section ignored.
### mwldeppc.exe Linker Warning:
#   Section '.ignored' is unknown. Section ignored.
### mwldeppc.exe Linker Warning:
#   Section '.ignored' is unknown. Section ignored.
### mwldeppc.exe Linker Warning:
#   Section '.ignored' is unknown. Section ignored.
### mwldeppc.exe Linker Warning:
#   Section '.ignored' is unknown. Section ignored.
### mwldeppc.exe Linker Warning:
#   Section '.ignored' is unknown. Section ignored.
### mwldeppc.exe Linker Warning:
#   Section '.ignored' is unknown. Section ignored.
### mwldeppc.exe Linker Warning:
#   Section '.ignored' is unknown. Section ignored.
### mwldeppc.exe Linker Warning:
#   Section '.ignored' is unknown. Section ignored.
### mwldeppc.exe Linker Warning:
#   Section '.ignored' is unknown. Section ignored.
### mwldeppc.exe Linker Warning:
#   Section '.ignored' is unknown. Section ignored.
### mwldeppc.exe Linker Warning:
#   Section '.ignored' is unknown. Section ignored.
### mwldeppc.exe Linker Warning:
#   Section '.ignored' is unknown. Section ignored.
### mwldeppc.exe Linker Warning:
#   Section '.ignored' is unknown. Section ignored.
### mwldeppc.exe Linker Warning:
#   Section '.ignored' is unknown. Section ignored.
### mwldeppc.exe Linker Warning:
#   Section '.ignored' is unknown. Section ignored.
### mwldeppc.exe Linker Warning:
#   Section '.ignored' is unknown. Section ignored.
### mwldeppc.exe Linker Warning:
#   Section '.ignored' is unknown. Section ignored.
### mwldeppc.exe Linker Warning:
#   Section '.ignored' is unknown. Section ignored.
### mwldeppc.exe Linker Warning:
#   Section '.ignored' is unknown. Section ignored.
### mwldeppc.exe Linker Warning:
#   Section '.ignored' is unknown. Section ignored.
### mwldeppc.exe Linker Warning:
#   Section '.ignored' is unknown. Section ignored.
### mwldeppc.exe Linker Warning:
#   Section '.ignored' is unknown. Section ignored.
### mwldeppc.exe Linker Warning:
#   Section '.ignored' is unknown. Section ignored.
### mwldeppc.exe Linker Warning:
#   Section '.ignored' is unknown. Section ignored.
### mwldeppc.exe Linker Warning:
#   Section '.ignored' is unknown. Section ignored.
### mwldeppc.exe Linker Warning:
#   Section '.ignored' is unknown. Section ignored.
### mwldeppc.exe Linker Warning:
#   Section '.ignored' is unknown. Section ignored.
### mwldeppc.exe Linker Warning:
#   Section '.ignored' is unknown. Section ignored.
### mwldeppc.exe Linker Warning:
#   Section '.ignored' is unknown. Section ignored.
### mwldeppc.exe Linker Warning:
#   Section '.ignored' is unknown. Section ignored.
### mwldeppc.exe Linker Warning:
#   Section '.ignored' is unknown. Section ignored.
### mwldeppc.exe Linker Warning:
#   Section '.ignored' is unknown. Section ignored.
### mwldeppc.exe Linker Warning:
#   Section '.ignored' is unknown. Section ignored.
### mwldeppc.exe Linker Warning:
#   Section '.ignored' is unknown. Section ignored.
### mwldeppc.exe Linker Warning:
#   Section '.ignored' is unknown. Section ignored.
### mwldeppc.exe Linker Warning:
#   Section '.ignored' is unknown. Section ignored.
### mwldeppc.exe Linker Warning:
#   Section '.ignored' is unknown. Section ignored.
### mwldeppc.exe Linker Warning:
#   Section '.ignored' is unknown. Section ignored.
### mwldeppc.exe Linker Warning:
#   Section '.ignored' is unknown. Section ignored.
### mwldeppc.exe Linker Warning:
#   Section '.ignored' is unknown. Section ignored.
### mwldeppc.exe Linker Warning:
#   Section '.ignored' is unknown. Section ignored.
### mwldeppc.exe Linker Warning:
#   Section '.ignored' is unknown. Section ignored.
### mwldeppc.exe Linker Warning:
#   Section '.ignored' is unknown. Section ignored.
### mwldeppc.exe Linker Warning:
#   Section '.ignored' is unknown. Section ignored.
### mwldeppc.exe Linker Warning:
#   Section '.ignored' is unknown. Section ignored.
### mwldeppc.exe Linker Warning:
#   Section '.ignored' is unknown. Section ignored.
### mwldeppc.exe Linker Warning:
#   Section '.ignored' is unknown. Section ignored.
### mwldeppc.exe Linker Warning:
#   Section '.ignored' is unknown. Section ignored.
### mwldeppc.exe Linker Warning:
#   Section '.ignored' is unknown. Section ignored.
### mwldeppc.exe Linker Warning:
#   Section '.ignored' is unknown. Section ignored.
### mwldeppc.exe Linker Warning:
#   Section '.ignored' is unknown. Section ignored.
### mwldeppc.exe Linker Warning:
#   Section '.ignored' is unknown. Section ignored.
### mwldeppc.exe Linker Warning:
#   Section '.ignored' is unknown. Section ignored.
### mwldeppc.exe Linker Warning:
#   Section '.ignored' is unknown. Section ignored.
### mwldeppc.exe Linker Warning:
#   Section '.ignored' is unknown. Section ignored.
### mwldeppc.exe Linker Warning:
#   Section '.ignored' is unknown. Section ignored.
### mwldeppc.exe Linker Warning:
#   Section '.ignored' is unknown. Section ignored.
### mwldeppc.exe Linker Warning:
#   Section '.ignored' is unknown. Section ignored.
### mwldeppc.exe Linker Warning:
#   Section '.ignored' is unknown. Section ignored.
### mwldeppc.exe Linker Warning:
#   Section '.ignored' is unknown. Section ignored.
### mwldeppc.exe Linker Warning:
#   Section '.ignored' is unknown. Section ignored.
### mwldeppc.exe Linker Warning:
#   Section '.ignored' is unknown. Section ignored.
### mwldeppc.exe Linker Warning:
#   Section '.ignored' is unknown. Section ignored.
### mwldeppc.exe Linker Warning:
#   Section '.ignored' is unknown. Section ignored.
### mwldeppc.exe Linker Warning:
#   Section '.ignored' is unknown. Section ignored.
### mwldeppc.exe Linker Warning:
#   Section '.ignored' is unknown. Section ignored.
### mwldeppc.exe Linker Warning:
#   Section '.ignored' is unknown. Section ignored.
### mwldeppc.exe Linker Warning:
#   Section '.ignored' is unknown. Section ignored.
### mwldeppc.exe Linker Warning:
#   Section '.ignored' is unknown. Section ignored.
### mwldeppc.exe Linker Warning:
#   Section '.ignored' is unknown. Section ignored.
### mwldeppc.exe Linker Warning:
#   Section '.ignored' is unknown. Section ignored.
### mwldeppc.exe Linker Warning:
#   Section '.ignored' is unknown. Section ignored.
### mwldeppc.exe Linker Warning:
#   Section '.ignored' is unknown. Section ignored.
### mwldeppc.exe Linker Warning:
#   Section '.ignored' is unknown. Section ignored.
### mwldeppc.exe Linker Warning:
#   Section '.ignored' is unknown. Section ignored.
### mwldeppc.exe Linker Warning:
#   Section '.ignored' is unknown. Section ignored.
### mwldeppc.exe Linker Warning:
#   Section '.ignored' is unknown. Section ignored.
### mwldeppc.exe Linker Warning:
#   Section '.ignored' is unknown. Section ignored.
### mwldeppc.exe Linker Warning:
#   Section '.ignored' is unknown. Section ignored.
### mwldeppc.exe Linker Warning:
#   Section '.ignored' is unknown. Section ignored.
### mwldeppc.exe Linker Warning:
#   Section '.ignored' is unknown. Section ignored.
### mwldeppc.exe Linker Warning:
#   Section '.ignored' is unknown. Section ignored.
### mwldeppc.exe Linker Warning:
#   Section '.ignored' is unknown. Section ignored.
### mwldeppc.exe Linker Warning:
#   Section '.ignored' is unknown. Section ignored.
### mwldeppc.exe Linker Warning:
#   Section '.ignored' is unknown. Section ignored.
### mwldeppc.exe Linker Warning:
#   Section '.ignored' is unknown. Section ignored.
### mwldeppc.exe Linker Warning:
#   Section '.ignored' is unknown. Section ignored.
### mwldeppc.exe Linker Warning:
#   Section '.ignored' is unknown. Section ignored.
### mwldeppc.exe Linker Warning:
#   Section '.ignored' is unknown. Section ignored.
### mwldeppc.exe Linker Warning:
#   Section '.ignored' is unknown. Section ignored.
### mwldeppc.exe Linker Warning:
#   Section '.ignored' is unknown. Section ignored.
### mwldeppc.exe Linker Warning:
#   Section '.ignored' is unknown. Section ignored.
### mwldeppc.exe Linker Warning:
#   Section '.ignored' is unknown. Section ignored.
### mwldeppc.exe Linker Warning:
#   Section '.ignored' is unknown. Section ignored.
### mwldeppc.exe Linker Warning:
#   Section '.ignored' is unknown. Section ignored.
### mwldeppc.exe Linker Warning:
#   Section '.ignored' is unknown. Section ignored.
### mwldeppc.exe Linker Warning:
#   Section '.ignored' is unknown. Section ignored.
### mwldeppc.exe Linker Warning:
#   Section '.ignored' is unknown. Section ignored.
### mwldeppc.exe Linker Warning:
#   Section '.ignored' is unknown. Section ignored.
### mwldeppc.exe Linker Warning:
#   Section '.ignored' is unknown. Section ignored.
### mwldeppc.exe Linker Warning:
#   Section '.ignored' is unknown. Section ignored.
### mwldeppc.exe Linker Warning:
#   Section '.ignored' is unknown. Section ignored.
### mwldeppc.exe Linker Warning:
#   Section '.ignored' is unknown. Section ignored.
### mwldeppc.exe Linker Warning:
#   Section '.ignored' is unknown. Section ignored.
### mwldeppc.exe Linker Warning:
#   Section '.ignored' is unknown. Section ignored.
### mwldeppc.exe Linker Warning:
#   Section '.ignored' is unknown. Section ignored.
### mwldeppc.exe Linker Warning:
#   Section '.ignored' is unknown. Section ignored.
### mwldeppc.exe Linker Warning:
#   Section '.ignored' is unknown. Section ignored.
### mwldeppc.exe Linker Warning:
#   Section '.ignored' is unknown. Section ignored.
### mwldeppc.exe Linker Warning:
#   Section '.ignored' is unknown. Section ignored.
### mwldeppc.exe Linker Warning:
#   Section '.ignored' is unknown. Section ignored.
### mwldeppc.exe Linker Warning:
#   Section '.ignored' is unknown. Section ignored.
### mwldeppc.exe Linker Warning:
#   Section '.ignored' is unknown. Section ignored.
### mwldeppc.exe Linker Warning:
#   Section '.ignored' is unknown. Section ignored.
### mwldeppc.exe Linker Warning:
#   Section '.ignored' is unknown. Section ignored.
### mwldeppc.exe Linker Warning:
#   Section '.ignored' is unknown. Section ignored.
### mwldeppc.exe Linker Warning:
#   Section '.ignored' is unknown. Section ignored.
### mwldeppc.exe Linker Warning:
#   Section '.ignored' is unknown. Section ignored.
### mwldeppc.exe Linker Warning:
#   Section '.ignored' is unknown. Section ignored.
### mwldeppc.exe Linker Warning:
#   Section '.ignored' is unknown. Section ignored.
### mwldeppc.exe Linker Warning:
#   Section '.ignored' is unknown. Section ignored.
### mwldeppc.exe Linker Warning:
#   Section '.ignored' is unknown. Section ignored.
### mwldeppc.exe Linker Warning:
#   Section '.ignored' is unknown. Section ignored.
### mwldeppc.exe Linker Warning:
#   Section '.ignored' is unknown. Section ignored.
### mwldeppc.exe Linker Warning:
#   Section '.ignored' is unknown. Section ignored.
### mwldeppc.exe Linker Warning:
#   Section '.ignored' is unknown. Section ignored.
### mwldeppc.exe Linker Warning:
#   Section '.ignored' is unknown. Section ignored.
### mwldeppc.exe Linker Warning:
#   Section '.ignored' is unknown. Section ignored.
### mwldeppc.exe Linker Warning:
#   Section '.ignored' is unknown. Section ignored.
### mwldeppc.exe Linker Warning:
#   Section '.ignored' is unknown. Section ignored.
### mwldeppc.exe Linker Warning:
#   Section '.ignored' is unknown. Section ignored.
### mwldeppc.exe Linker Warning:
#   Section '.ignored' is unknown. Section ignored.
### mwldeppc.exe Linker Warning:
#   Section '.ignored' is unknown. Section ignored.
### mwldeppc.exe Linker Warning:
#   Section '.ignored' is unknown. Section ignored.
### mwldeppc.exe Linker Warning:
#   Section '.ignored' is unknown. Section ignored.
### mwldeppc.exe Linker Warning:
#   Section '.ignored' is unknown. Section ignored.
### mwldeppc.exe Linker Warning:
#   Section '.ignored' is unknown. Section ignored.
### mwldeppc.exe Linker Warning:
#   Section '.ignored' is unknown. Section ignored.
### mwldeppc.exe Linker Warning:
#   Section '.ignored' is unknown. Section ignored.
### mwldeppc.exe Linker Warning:
#   Section '.ignored' is unknown. Section ignored.
### mwldeppc.exe Linker Warning:
#   Section '.ignored' is unknown. Section ignored.
### mwldeppc.exe Linker Warning:
#   Section '.ignored' is unknown. Section ignored.
### mwldeppc.exe Linker Warning:
#   Section '.ignored' is unknown. Section ignored.
### mwldeppc.exe Linker Warning:
#   Section '.ignored' is unknown. Section ignored.
### mwldeppc.exe Linker Warning:
#   Section '.ignored' is unknown. Section ignored.
### mwldeppc.exe Linker Warning:
#   Section '.ignored' is unknown. Section ignored.
### mwldeppc.exe Linker Warning:
#   Section '.ignored' is unknown. Section ignored.
### mwldeppc.exe Linker Warning:
#   Section '.ignored' is unknown. Section ignored.
### mwldeppc.exe Linker Warning:
#   Section '.ignored' is unknown. Section ignored.
### mwldeppc.exe Linker Warning:
#   Section '.ignored' is unknown. Section ignored.
### mwldeppc.exe Linker Warning:
#   Section '.ignored' is unknown. Section ignored.
### mwldeppc.exe Linker Warning:
#   Section '.ignored' is unknown. Section ignored.
### mwldeppc.exe Linker Warning:
#   Section '.ignored' is unknown. Section ignored.
### mwldeppc.exe Linker Warning:
#   Section '.ignored' is unknown. Section ignored.
### mwldeppc.exe Linker Warning:
#   Section '.ignored' is unknown. Section ignored.
### mwldeppc.exe Linker Warning:
#   Section '.ignored' is unknown. Section ignored.
### mwldeppc.exe Linker Warning:
#   Section '.ignored' is unknown. Section ignored.
### mwldeppc.exe Linker Warning:
#   Section '.ignored' is unknown. Section ignored.
### mwldeppc.exe Linker Warning:
#   Section '.ignored' is unknown. Section ignored.
### mwldeppc.exe Linker Warning:
#   Section '.ignored' is unknown. Section ignored.
### mwldeppc.exe Linker Warning:
#   Section '.ignored' is unknown. Section ignored.
### mwldeppc.exe Linker Warning:
#   Section '.ignored' is unknown. Section ignored.
### mwldeppc.exe Linker Warning:
#   Section '.ignored' is unknown. Section ignored.
### mwldeppc.exe Linker Warning:
#   Section '.ignored' is unknown. Section ignored.
### mwldeppc.exe Linker Warning:
#   Section '.ignored' is unknown. Section ignored.
### mwldeppc.exe Linker Warning:
#   Section '.ignored' is unknown. Section ignored.
### mwldeppc.exe Linker Warning:
#   Section '.ignored' is unknown. Section ignored.
### mwldeppc.exe Linker Warning:
#   Section '.ignored' is unknown. Section ignored.
### mwldeppc.exe Linker Warning:
#   Section '.ignored' is unknown. Section ignored.
### mwldeppc.exe Linker Warning:
#   Section '.ignored' is unknown. Section ignored.
### mwldeppc.exe Linker Warning:
#   Section '.ignored' is unknown. Section ignored.
### mwldeppc.exe Linker Warning:
#   Section '.ignored' is unknown. Section ignored.
### mwldeppc.exe Linker Warning:
#   Section '.ignored' is unknown. Section ignored.
### mwldeppc.exe Linker Warning:
#   Section '.ignored' is unknown. Section ignored.
### mwldeppc.exe Linker Warning:
#   Section '.ignored' is unknown. Section ignored.
### mwldeppc.exe Linker Warning:
#   Section '.ignored' is unknown. Section ignored.
### mwldeppc.exe Linker Warning:
#   Section '.ignored' is unknown. Section ignored.
### mwldeppc.exe Linker Warning:
#   Section '.ignored' is unknown. Section ignored.
### mwldeppc.exe Linker Warning:
#   Section '.ignored' is unknown. Section ignored.
### mwldeppc.exe Linker Warning:
#   Section '.ignored' is unknown. Section ignored.
### mwldeppc.exe Linker Warning:
#   Section '.ignored' is unknown. Section ignored.
### mwldeppc.exe Linker Warning:
#   Section '.ignored' is unknown. Section ignored.
### mwldeppc.exe Linker Warning:
#   Section '.ignored' is unknown. Section ignored.
### mwldeppc.exe Linker Warning:
#   Section '.ignored' is unknown. Section ignored.
### mwldeppc.exe Linker Warning:
#   Section '.ignored' is unknown. Section ignored.
### mwldeppc.exe Linker Warning:
#   Section '.ignored' is unknown. Section ignored.
### mwldeppc.exe Linker Warning:
#   Section '.ignored' is unknown. Section ignored.
### mwldeppc.exe Linker Warning:
#   Section '.ignored' is unknown. Section ignored.
### mwldeppc.exe Linker Warning:
#   Section '.ignored' is unknown. Section ignored.
### mwldeppc.exe Linker Warning:
#   Section '.ignored' is unknown. Section ignored.
### mwldeppc.exe Linker Warning:
#   Section '.ignored' is unknown. Section ignored.
### mwldeppc.exe Linker Warning:
#   Section '.ignored' is unknown. Section ignored.
### mwldeppc.exe Linker Warning:
#   Section '.ignored' is unknown. Section ignored.
### mwldeppc.exe Linker Warning:
#   Section '.ignored' is unknown. Section ignored.
### mwldeppc.exe Linker Warning:
#   Section '.ignored' is unknown. Section ignored.
### mwldeppc.exe Linker Warning:
#   Section '.ignored' is unknown. Section ignored.
### mwldeppc.exe Linker Warning:
#   Section '.ignored' is unknown. Section ignored.
### mwldeppc.exe Linker Warning:
#   Section '.ignored' is unknown. Section ignored.
### mwldeppc.exe Linker Warning:
#   Section '.ignored' is unknown. Section ignored.
### mwldeppc.exe Linker Warning:
#   Section '.ignored' is unknown. Section ignored.
### mwldeppc.exe Linker Warning:
#   Section '.ignored' is unknown. Section ignored.
### mwldeppc.exe Linker Warning:
#   Section '.ignored' is unknown. Section ignored.
### mwldeppc.exe Linker Warning:
#   Section '.ignored' is unknown. Section ignored.
### mwldeppc.exe Linker Warning:
#   Section '.ignored' is unknown. Section ignored.
### mwldeppc.exe Linker Warning:
#   Section '.ignored' is unknown. Section ignored.
### mwldeppc.exe Linker Warning:
#   Section '.ignored' is unknown. Section ignored.
### mwldeppc.exe Linker Warning:
#   Section '.ignored' is unknown. Section ignored.
### mwldeppc.exe Linker Warning:
#   Section '.ignored' is unknown. Section ignored.
### mwldeppc.exe Linker Warning:
#   Section '.ignored' is unknown. Section ignored.
### mwldeppc.exe Linker Warning:
#   Section '.ignored' is unknown. Section ignored.
### mwldeppc.exe Linker Warning:
#   Section '.ignored' is unknown. Section ignored.
### mwldeppc.exe Linker Warning:
#   Section '.ignored' is unknown. Section ignored.
### mwldeppc.exe Linker Warning:
#   Section '.ignored' is unknown. Section ignored.
### mwldeppc.exe Linker Warning:
#   Section '.ignored' is unknown. Section ignored.
### mwldeppc.exe Linker Warning:
#   Section '.ignored' is unknown. Section ignored.
### mwldeppc.exe Linker Warning:
#   Section '.ignored' is unknown. Section ignored.
### mwldeppc.exe Linker Warning:
#   Section '.ignored' is unknown. Section ignored.
### mwldeppc.exe Linker Warning:
#   Section '.ignored' is unknown. Section ignored.
### mwldeppc.exe Linker Warning:
#   Section '.ignored' is unknown. Section ignored.
### mwldeppc.exe Linker Warning:
#   Section '.ignored' is unknown. Section ignored.
### mwldeppc.exe Linker Warning:
#   Section '.ignored' is unknown. Section ignored.
### mwldeppc.exe Linker Warning:
#   Section '.ignored' is unknown. Section ignored.
### mwldeppc.exe Linker Warning:
#   Section '.ignored' is unknown. Section ignored.
### mwldeppc.exe Linker Warning:
#   Section '.ignored' is unknown. Section ignored.
### mwldeppc.exe Linker Warning:
#   Section '.ignored' is unknown. Section ignored.
### mwldeppc.exe Linker Warning:
#   Section '.ignored' is unknown. Section ignored.
### mwldeppc.exe Linker Warning:
#   Section '.ignored' is unknown. Section ignored.
### mwldeppc.exe Linker Warning:
#   Section '.ignored' is unknown. Section ignored.
### mwldeppc.exe Linker Warning:
#   Section '.ignored' is unknown. Section ignored.
### mwldeppc.exe Linker Warning:
#   Section '.ignored' is unknown. Section ignored.
### mwldeppc.exe Linker Warning:
#   Section '.ignored' is unknown. Section ignored.
### mwldeppc.exe Linker Warning:
#   Section '.ignored' is unknown. Section ignored.
### mwldeppc.exe Linker Warning:
#   Section '.ignored' is unknown. Section ignored.
[512/514] DOL build/GEDE01/main.dol
[513/514] CHECK config/GEDE01/build.sha1
build/GEDE01/main.dol: OK
[514/514] PROGRESS
Progress:
  All: 56.57% fuzzy, 46.02% matched, 46.02% linked (6211 / 7068 files)
    Code: 1058760 / 2300692 bytes (5976 / 8214 functions)
    Data: 39494 / 4305642 bytes (0.92%)
  Game Code: 91.11% fuzzy, 74.08% matched, 74.08% linked (6193 / 6633 files)
    Code: 1055732 / 1425104 bytes (5914 / 6354 functions)
    Data: 39270 / 40426 bytes (97.14%)
  SDK/Runtime: 100.00% fuzzy, 100.00% matched, 100.00% linked (18 / 18 files)
    Code: 3028 / 3028 bytes (62 / 62 functions)
    Data: 224 / 224 bytes (100.00%)
