[1/1] RUN configure.py
[1/878] MWCC build/GEDE01/src/game/game_fn_800094C0.o
[2/878] MWCC build/GEDE01/src/game/game_fn_80008014.o
[3/878] MWCC build/GEDE01/src/game/game_fn_800096E0.o
[4/878] MWCC build/GEDE01/src/game/game_fn_800098C0.o
[5/878] MWCC build/GEDE01/src/game/game_fn_800099D8.o
[6/878] MWCC build/GEDE01/src/game/game_fn_80009AB4.o
[7/878] MWCC build/GEDE01/src/game/game_fn_8000A26C.o
[8/878] MWCC build/GEDE01/src/game/game_fn_8000AC88.o
[9/878] MWCC build/GEDE01/src/game/game_fn_8000AFB4.o
[10/878] MWCC build/GEDE01/src/game/game_fn_8000AEB4.o
[11/878] MWCC build/GEDE01/src/game/game_fn_8000B1B8.o
[12/878] MWCC build/GEDE01/src/game/game_fn_8000B36C.o
[13/878] MWCC build/GEDE01/src/game/game_fn_8000B7FC.o
[14/878] MWCC build/GEDE01/src/game/game_fn_8000B630.o
[15/878] MWCC build/GEDE01/src/game/game_fn_8000BA0C.o
[16/878] MWCC build/GEDE01/src/game/game_fn_8000B900.o
[17/878] MWCC build/GEDE01/src/game/game_fn_8000BAA0.o
[18/878] MWCC build/GEDE01/src/game/game_fn_8000BC40.o
[19/878] MWCC build/GEDE01/src/game/game_fn_8000C06C.o
[20/878] MWCC build/GEDE01/src/game/game_fn_8000C17C.o
[21/878] MWCC build/GEDE01/src/game/game_fn_8000C400.o
[22/878] MWCC build/GEDE01/src/game/game_fn_8000C848.o
[23/878] MWCC build/GEDE01/src/game/game_fn_8000C91C.o
[24/878] MWCC build/GEDE01/src/game/game_fn_8000D0BC.o
[25/878] MWCC build/GEDE01/src/game/game_fn_8000D3D4.o
[26/878] MWCC build/GEDE01/src/game/game_fn_8000D590.o
[27/878] MWCC build/GEDE01/src/game/game_fn_8000D8A4.o
[28/878] MWCC build/GEDE01/src/game/game_fn_8000DA50.o
[29/878] MWCC build/GEDE01/src/game/game_fn_8000DAF4.o
[30/878] MWCC build/GEDE01/src/game/game_fn_8000E054.o
[31/878] MWCC build/GEDE01/src/game/game_fn_8000E0AC.o
[32/878] MWCC build/GEDE01/src/game/game_fn_8000E138.o
[33/878] MWCC build/GEDE01/src/game/game_fn_8000E1C4.o
[34/878] MWCC build/GEDE01/src/game/game_fn_8000E96C.o
[35/878] MWCC build/GEDE01/src/game/game_fn_8000EB14.o
[36/878] MWCC build/GEDE01/src/game/game_fn_8000EBD4.o
[37/878] MWCC build/GEDE01/src/game/game_fn_8000ED44.o
[38/878] MWCC build/GEDE01/src/game/game_fn_8000EFC4.o
[39/878] MWCC build/GEDE01/src/game/game_fn_8000F4B0.o
[40/878] MWCC build/GEDE01/src/game/game_fn_8000F774.o
[41/878] MWCC build/GEDE01/src/game/game_fn_8000FDE8.o
[42/878] MWCC build/GEDE01/src/game/game_fn_8000FFD8.o
[43/878] MWCC build/GEDE01/src/game/game_fn_800119FC.o
[44/878] MWCC build/GEDE01/src/game/game_fn_80012DA8.o
[45/878] MWCC build/GEDE01/src/game/game_fn_80012F40.o
[46/878] MWCC build/GEDE01/src/game/game_fn_80012FD0.o
[47/878] MWCC build/GEDE01/src/game/game_fn_800131E8.o
[48/878] MWCC build/GEDE01/src/game/game_fn_80013340.o
[49/878] MWCC build/GEDE01/src/game/game_fn_80013870.o
[50/878] MWCC build/GEDE01/src/game/game_fn_80013CB0.o
[51/878] MWCC build/GEDE01/src/game/game_fn_80013D54.o
[52/878] MWCC build/GEDE01/src/game/game_fn_800142DC.o
[53/878] MWCC build/GEDE01/src/game/game_fn_800144CC.o
[54/878] MWCC build/GEDE01/src/game/game_fn_80014784.o
[55/878] MWCC build/GEDE01/src/game/game_fn_800149D4.o
[56/878] MWCC build/GEDE01/src/game/game_fn_80015058.o
[57/878] MWCC build/GEDE01/src/game/game_fn_80015320.o
[58/878] MWCC build/GEDE01/src/game/game_fn_80015568.o
[59/878] MWCC build/GEDE01/src/game/game_fn_800156FC.o
[60/878] MWCC build/GEDE01/src/game/game_fn_80015BE0.o
[61/878] MWCC build/GEDE01/src/game/game_fn_80015D40.o
[62/878] MWCC build/GEDE01/src/game/game_fn_80015F04.o
[63/878] MWCC build/GEDE01/src/game/game_fn_80016128.o
[64/878] MWCC build/GEDE01/src/game/game_fn_80016270.o
[65/878] MWCC build/GEDE01/src/game/game_fn_80016904.o
[66/878] MWCC build/GEDE01/src/game/game_fn_80016B24.o
[67/878] MWCC build/GEDE01/src/game/game_fn_800171C0.o
[68/878] MWCC build/GEDE01/src/game/game_fn_800173CC.o
[69/878] MWCC build/GEDE01/src/game/game_fn_800176F0.o
[70/878] MWCC build/GEDE01/src/game/game_fn_80017910.o
[71/878] MWCC build/GEDE01/src/game/game_fn_800179AC.o
[72/878] MWCC build/GEDE01/src/game/game_fn_80017A3C.o
[73/878] MWCC build/GEDE01/src/game/game_fn_80017AE4.o
[74/878] MWCC build/GEDE01/src/game/game_fn_80017C3C.o
[75/878] MWCC build/GEDE01/src/game/game_fn_80017CC8.o
[76/878] MWCC build/GEDE01/src/game/game_fn_80017DB0.o
[77/878] MWCC build/GEDE01/src/game/game_fn_80018EF4.o
[78/878] MWCC build/GEDE01/src/game/game_fn_80019054.o
[79/878] MWCC build/GEDE01/src/game/game_fn_80019244.o
[80/878] MWCC build/GEDE01/src/game/game_fn_800194D0.o
[81/878] MWCC build/GEDE01/src/game/game_fn_80019940.o
[82/878] MWCC build/GEDE01/src/game/game_fn_80019C10.o
[83/878] MWCC build/GEDE01/src/game/game_fn_80019D2C.o
[84/878] MWCC build/GEDE01/src/game/game_fn_80019F98.o
[85/878] MWCC build/GEDE01/src/game/game_fn_8001A6C4.o
[86/878] MWCC build/GEDE01/src/game/game_fn_8001AAB8.o
[87/878] MWCC build/GEDE01/src/game/game_fn_8001ADF8.o
[88/878] MWCC build/GEDE01/src/game/game_fn_8001AF68.o
[89/878] MWCC build/GEDE01/src/game/game_fn_8001B124.o
[90/878] MWCC build/GEDE01/src/game/game_fn_8001B294.o
[91/878] MWCC build/GEDE01/src/game/game_fn_8001B808.o
[92/878] MWCC build/GEDE01/src/game/game_fn_8001B874.o
[93/878] MWCC build/GEDE01/src/game/game_fn_8001C078.o
[94/878] MWCC build/GEDE01/src/game/game_fn_8001CA04.o
[95/878] MWCC build/GEDE01/src/game/game_fn_8001CD58.o
[96/878] MWCC build/GEDE01/src/game/game_fn_8001CE94.o
[97/878] MWCC build/GEDE01/src/game/game_fn_8001E644.o
[98/878] MWCC build/GEDE01/src/game/game_fn_8001FE1C.o
[99/878] MWCC build/GEDE01/src/game/game_fn_80020E94.o
[100/878] MWCC build/GEDE01/src/game/game_fn_80024F28.o
[101/878] MWCC build/GEDE01/src/game/game_fn_800272B4.o
[102/878] MWCC build/GEDE01/src/game/game_fn_8002B748.o
[103/878] MWCC build/GEDE01/src/game/game_fn_8002DAE0.o
[104/878] MWCC build/GEDE01/src/game/game_fn_8002E3F0.o
[105/878] MWCC build/GEDE01/src/game/game_fn_8002EA68.o
[106/878] MWCC build/GEDE01/src/game/game_fn_8002F428.o
[107/878] MWCC build/GEDE01/src/game/game_fn_80031544.o
[108/878] MWCC build/GEDE01/src/game/game_fn_8003232C.o
[109/878] MWCC build/GEDE01/src/game/game_fn_80032B84.o
[110/878] MWCC build/GEDE01/src/game/game_fn_80033038.o
[111/878] MWCC build/GEDE01/src/game/game_fn_80033180.o
[112/878] MWCC build/GEDE01/src/game/game_fn_800361F8.o
[113/878] MWCC build/GEDE01/src/game/game_fn_800359A0.o
[114/878] MWCC build/GEDE01/src/game/game_fn_80036C40.o
[115/878] MWCC build/GEDE01/src/game/game_fn_80038878.o
[116/878] MWCC build/GEDE01/src/game/game_fn_80048ADC.o
[117/878] MWCC build/GEDE01/src/game/game_fn_80048B24.o
[118/878] MWCC build/GEDE01/src/game/game_fn_8004998C.o
[119/878] MWCC build/GEDE01/src/game/game_fn_80052310.o
[120/878] MWCC build/GEDE01/src/game/game_fn_8005EC6C.o
[121/878] MWCC build/GEDE01/src/game/game_fn_800542D0.o
[122/878] MWCC build/GEDE01/src/game/game_fn_8005EE9C.o
[123/878] MWCC build/GEDE01/src/game/game_data_80239E10.o
[124/878] MWCC build/GEDE01/src/game/game_data_80239E18.o
[125/878] MWCC build/GEDE01/src/game/game_fn_8005FD84.o
[126/878] MWCC build/GEDE01/src/game/game_fn_80066888.o
[127/878] MWCC build/GEDE01/src/game/game_fn_80066E78.o
[128/878] MWCC build/GEDE01/src/game/game_fn_8006B0F0.o
[129/878] MWCC build/GEDE01/src/game/game_fn_8006B620.o
[130/878] MWCC build/GEDE01/src/game/game_fn_8006E53C.o
[131/878] MWCC build/GEDE01/src/game/game_fn_80071A58.o
[132/878] MWCC build/GEDE01/src/game/game_fn_80074310.o
[133/878] MWCC build/GEDE01/src/game/game_fn_80078500.o
[134/878] MWCC build/GEDE01/src/game/game_fn_80079908.o
[135/878] MWCC build/GEDE01/src/game/game_fn_80079AA4.o
[136/878] MWCC build/GEDE01/src/game/game_fn_8007B2F4.o
[137/878] MWCC build/GEDE01/src/game/game_fn_8007B540.o
[138/878] MWCC build/GEDE01/src/game/game_fn_8007B640.o
[139/878] MWCC build/GEDE01/src/game/game_fn_8007B828.o
[140/878] MWCC build/GEDE01/src/game/game_fn_8007BA3C.o
[141/878] MWCC build/GEDE01/src/game/game_fn_8007D4D8.o
[142/878] MWCC build/GEDE01/src/game/game_fn_8007F770.o
[143/878] MWCC build/GEDE01/src/game/game_fn_800886D8.o
[144/878] MWCC build/GEDE01/src/game/game_fn_80088F4C.o
[145/878] MWCC build/GEDE01/src/game/game_fn_8008A2E0.o
[146/878] MWCC build/GEDE01/src/game/game_fn_8008F224.o
[147/878] MWCC build/GEDE01/src/game/game_fn_8008F890.o
[148/878] MWCC build/GEDE01/src/game/game_fn_80090004.o
[149/878] MWCC build/GEDE01/src/game/game_fn_800934A0.o
[150/878] MWCC build/GEDE01/src/game/game_fn_80095D10.o
[151/878] MWCC build/GEDE01/src/game/game_fn_80095FDC.o
[152/878] MWCC build/GEDE01/src/game/game_fn_8009C424.o
[153/878] MWCC build/GEDE01/src/game/game_fn_80096830.o
[154/878] MWCC build/GEDE01/src/game/game_fn_800A2130.o
[155/878] MWCC build/GEDE01/src/game/game_fn_8009E808.o
[156/878] MWCC build/GEDE01/src/game/game_fn_800A2FCC.o
[157/878] MWCC build/GEDE01/src/game/game_fn_800A3180.o
[158/878] MWCC build/GEDE01/src/game/game_fn_800A3894.o
[159/878] MWCC build/GEDE01/src/game/game_fn_800A4428.o
[160/878] MWCC build/GEDE01/src/game/game_fn_800A7E88.o
[161/878] MWCC build/GEDE01/src/game/game_fn_800A4798.o
[162/878] MWCC build/GEDE01/src/game/game_fn_800AF230.o
[163/878] MWCC build/GEDE01/src/game/game_fn_800BB5C4.o
[164/878] MWCC build/GEDE01/src/game/game_fn_800BB7A8.o
[165/878] MWCC build/GEDE01/src/game/game_fn_800BB9A4.o
[166/878] MWCC build/GEDE01/src/game/game_fn_800BBAF0.o
[167/878] MWCC build/GEDE01/src/game/game_fn_800C17EC.o
[168/878] MWCC build/GEDE01/src/game/game_fn_800C59F0.o
[169/878] MWCC build/GEDE01/src/game/game_fn_800C644C.o
[170/878] MWCC build/GEDE01/src/game/game_fn_800C65FC.o
[171/878] MWCC build/GEDE01/src/game/game_fn_800C9C60.o
[172/878] MWCC build/GEDE01/src/game/game_fn_800CB760.o
[173/878] MWCC build/GEDE01/src/game/game_fn_800CB8F4.o
[174/878] MWCC build/GEDE01/src/game/game_fn_800D9064.o
[175/878] MWCC build/GEDE01/src/game/game_fn_800CF598.o
[176/878] MWCC build/GEDE01/src/game/game_fn_800D9E10.o
[177/878] MWCC build/GEDE01/src/game/game_fn_800E4980.o
[178/878] MWCC build/GEDE01/src/game/game_TRKNubWelcome.o
[179/878] MWCC build/GEDE01/src/game/game_TRK_main.o
[180/878] MWCC build/GEDE01/src/game/game_InitMetroTRKCommTable.o
[181/878] MWCC build/GEDE01/src/game/game_fn_800FD0C8.o
[182/878] MWCC build/GEDE01/src/game/game_fn_8010242C.o
[183/878] MWCC build/GEDE01/src/game/game_fn_801098C0.o
[184/878] MWCC build/GEDE01/src/game/game_fn_8010F184.o
[185/878] MWCC build/GEDE01/src/game/game_fn_801126E0.o
[186/878] MWCC build/GEDE01/src/game/game_fn_801128E4.o
[187/878] MWCC build/GEDE01/src/game/game_fn_801141B8.o
[188/878] MWCC build/GEDE01/src/game/game_fn_801247F8.o
[189/878] MWCC build/GEDE01/src/game/game_fn_8011F140.o
[190/878] MWCC build/GEDE01/src/game/game_fn_8012976C.o
[191/878] MWCC build/GEDE01/src/game/game_fn_80126A00.o
[192/878] MWCC build/GEDE01/src/game/game_fn_8012DB28.o
[193/878] MWCC build/GEDE01/src/game/game_fn_8013CBE4.o
[194/878] MWCC build/GEDE01/src/game/game_fn_8013D6A4.o
[195/878] MWCC build/GEDE01/src/game/game_fn_8013DB8C.o
[196/878] MWCC build/GEDE01/src/game/game_fn_8014549C.o
[197/878] MWCC build/GEDE01/src/game/game_fn_8014AF38.o
[198/878] MWCC build/GEDE01/src/game/game_fn_8014B494.o
[199/878] MWCC build/GEDE01/src/game/game_fn_8014CA98.o
[200/878] MWCC build/GEDE01/src/game/game_fn_801535D8.o
[201/878] MWCC build/GEDE01/src/game/game_fn_80153898.o
[202/878] MWCC build/GEDE01/src/game/game_fn_80153A24.o
[203/878] MWCC build/GEDE01/src/game/game_fn_80154F74.o
[204/878] MWCC build/GEDE01/src/game/game_fn_80155814.o
[205/878] MWCC build/GEDE01/src/game/game_fn_80157C0C.o
[206/878] MWCC build/GEDE01/src/game/game_fn_80158D38.o
[207/878] MWCC build/GEDE01/src/game/game_fn_80158B20.o
[208/878] MWCC build/GEDE01/src/game/game_fn_8015DB84.o
[209/878] MWCC build/GEDE01/src/game/game_fn_8015DC54.o
[210/878] MWCC build/GEDE01/src/game/game_fn_8015EDC0.o
[211/878] MWCC build/GEDE01/src/game/game_fn_80167454.o
[212/878] MWCC build/GEDE01/src/game/game_fn_80167B5C.o
[213/878] MWCC build/GEDE01/src/game/game_fn_80169650.o
[214/878] MWCC build/GEDE01/src/game/game_fn_8016BD0C.o
[215/878] MWCC build/GEDE01/src/game/game_fn_8016BE1C.o
[216/878] MWCC build/GEDE01/src/game/game_fn_8016C0BC.o
[217/878] MWCC build/GEDE01/src/game/game_fn_8016BF60.o
[218/878] MWCC build/GEDE01/src/game/game_fn_8016C238.o
[219/878] MWCC build/GEDE01/src/game/game_fn_8016C164.o
[220/878] MWCC build/GEDE01/src/game/game_fn_8016C774.o
[221/878] MWCC build/GEDE01/src/game/game_fn_8016C4BC.o
[222/878] MWCC build/GEDE01/src/game/game_fn_8016D040.o
[223/878] MWCC build/GEDE01/src/game/game_fn_8016D1F8.o
[224/878] MWCC build/GEDE01/src/game/game_fn_8016D2B8.o
[225/878] MWCC build/GEDE01/src/game/game_fn_8016D9C0.o
[226/878] MWCC build/GEDE01/src/game/game_fn_8016DF4C.o
[227/878] MWCC build/GEDE01/src/game/game_fn_8016E8F8.o
[228/878] MWCC build/GEDE01/src/game/game_fn_8017038C.o
[229/878] MWCC build/GEDE01/src/game/game_fn_8016FEF8.o
[230/878] MWCC build/GEDE01/src/game/game_fn_801704F8.o
[231/878] MWCC build/GEDE01/src/game/game_fn_801706DC.o
[232/878] MWCC build/GEDE01/src/game/game_fn_80170A40.o
[233/878] MWCC build/GEDE01/src/game/game_fn_80170DF4.o
[234/878] MWCC build/GEDE01/src/game/game_fn_80170E9C.o
[235/878] MWCC build/GEDE01/src/game/game_fn_8017138C.o
[236/878] MWCC build/GEDE01/src/game/game_fn_801718F4.o
[237/878] MWCC build/GEDE01/src/game/game_fn_80171664.o
[238/878] MWCC build/GEDE01/src/game/game_fn_801719B4.o
[239/878] MWCC build/GEDE01/src/game/game_fn_80171F30.o
[240/878] MWCC build/GEDE01/src/game/game_fn_8017250C.o
[241/878] MWCC build/GEDE01/src/game/game_fn_801726EC.o
[242/878] MWCC build/GEDE01/src/game/game_fn_80172BB0.o
[243/878] MWCC build/GEDE01/src/game/game_fn_80172C78.o
[244/878] MWCC build/GEDE01/src/game/game_fn_80172DB8.o
[245/878] MWCC build/GEDE01/src/game/game_fn_80173270.o
[246/878] MWCC build/GEDE01/src/game/game_fn_801734B4.o
[247/878] MWCC build/GEDE01/src/game/game_fn_80173770.o
[248/878] MWCC build/GEDE01/src/game/game_fn_80173D44.o
[249/878] MWCC build/GEDE01/src/game/game_fn_80173F04.o
[250/878] MWCC build/GEDE01/src/game/game_fn_80174184.o
[251/878] MWCC build/GEDE01/src/game/game_fn_80174358.o
[252/878] MWCC build/GEDE01/src/game/game_fn_80174F2C.o
[253/878] MWCC build/GEDE01/src/game/game_fn_8017553C.o
[254/878] MWCC build/GEDE01/src/game/game_fn_80175E64.o
[255/878] MWCC build/GEDE01/src/game/game_fn_80175F0C.o
[256/878] MWCC build/GEDE01/src/game/game_fn_80175FD4.o
[257/878] MWCC build/GEDE01/src/game/game_fn_80176098.o
[258/878] MWCC build/GEDE01/src/game/game_fn_80176160.o
[259/878] MWCC build/GEDE01/src/game/game_fn_80176220.o
[260/878] MWCC build/GEDE01/src/game/game_fn_801762E8.o
[261/878] MWCC build/GEDE01/src/game/game_fn_8017652C.o
[262/878] MWCC build/GEDE01/src/game/game_fn_80176DF4.o
[263/878] MWCC build/GEDE01/src/game/game_fn_80176FA0.o
[264/878] MWCC build/GEDE01/src/game/game_fn_801770F8.o
[265/878] MWCC build/GEDE01/src/game/game_fn_8017718C.o
[266/878] MWCC build/GEDE01/src/game/game_fn_80178F88.o
[267/878] MWCC build/GEDE01/src/game/game_fn_80177434.o
[268/878] MWCC build/GEDE01/src/game/game_fn_80179398.o
[269/878] MWCC build/GEDE01/src/game/game_fn_8017960C.o
[270/878] MWCC build/GEDE01/src/game/game_fn_8017974C.o
[271/878] MWCC build/GEDE01/src/game/game_fn_80179904.o
[272/878] MWCC build/GEDE01/src/game/game_fn_80179A18.o
[273/878] MWCC build/GEDE01/src/game/game_fn_80179A74.o
[274/878] MWCC build/GEDE01/src/game/game_fn_80179EB8.o
[275/878] MWCC build/GEDE01/src/game/game_fn_80179F20.o
[276/878] MWCC build/GEDE01/src/game/game_fn_8017A010.o
[277/878] MWCC build/GEDE01/src/game/game_fn_8017A12C.o
[278/878] MWCC build/GEDE01/src/game/game_fn_8017A1C0.o
[279/878] MWCC build/GEDE01/src/game/game_fn_8017A9B8.o
[280/878] MWCC build/GEDE01/src/game/game_fn_8017AC20.o
[281/878] MWCC build/GEDE01/src/game/game_fn_8017E850.o
[282/878] MWCC build/GEDE01/src/game/game_fn_8017E958.o
[283/878] MWCC build/GEDE01/src/game/game_fn_801810A0.o
[284/878] MWCC build/GEDE01/src/game/game_fn_80180DDC.o
[285/878] MWCC build/GEDE01/src/game/game_fn_801816D4.o
[286/878] MWCC build/GEDE01/src/game/game_fn_801859FC.o
[287/878] MWCC build/GEDE01/src/game/game_fn_80185AE8.o
[288/878] MWCC build/GEDE01/src/game/game_fn_80185F10.o
[289/878] MWCC build/GEDE01/src/game/game_fn_801865EC.o
[290/878] MWCC build/GEDE01/src/game/game_fn_8018680C.o
[291/878] MWCC build/GEDE01/src/game/game_fn_80186F70.o
[292/878] MWCC build/GEDE01/src/game/game_fn_80186E10.o
[293/878] MWCC build/GEDE01/src/game/game_fn_80187120.o
[294/878] MWCC build/GEDE01/src/game/game_fn_80187320.o
[295/878] MWCC build/GEDE01/src/game/game_fn_801875FC.o
[296/878] MWCC build/GEDE01/src/game/game_fn_801878E0.o
[297/878] MWCC build/GEDE01/src/game/game_fn_80187BB4.o
[298/878] MWCC build/GEDE01/src/game/game_fn_80188A7C.o
[299/878] MWCC build/GEDE01/src/game/game_fn_80188B44.o
[300/878] MWCC build/GEDE01/src/game/game_fn_80188C1C.o
[301/878] MWCC build/GEDE01/src/game/game_fn_80188E28.o
[302/878] MWCC build/GEDE01/src/game/game_fn_80189028.o
[303/878] MWCC build/GEDE01/src/game/game_fn_801891D8.o
[304/878] MWCC build/GEDE01/src/game/game_fn_80189390.o
[305/878] MWCC build/GEDE01/src/game/game_fn_801895E8.o
[306/878] MWCC build/GEDE01/src/game/game_fn_801896A0.o
[307/878] MWCC build/GEDE01/src/game/game_fn_80189760.o
[308/878] MWCC build/GEDE01/src/game/game_fn_80189968.o
[309/878] MWCC build/GEDE01/src/game/game_fn_8018C2D0.o
[310/878] MWCC build/GEDE01/src/game/game_fn_8018D1F0.o
[311/878] MWCC build/GEDE01/src/game/game_fn_8018D2E0.o
[312/878] MWCC build/GEDE01/src/game/game_fn_8018D400.o
[313/878] MWCC build/GEDE01/src/game/game_fn_8018D688.o
[314/878] MWCC build/GEDE01/src/game/game_fn_8018F1D0.o
[315/878] MWCC build/GEDE01/src/game/game_fn_8018E0D8.o
[316/878] MWCC build/GEDE01/src/game/game_fn_8018F81C.o
[317/878] MWCC build/GEDE01/src/game/game_fn_8018FEDC.o
[318/878] MWCC build/GEDE01/src/game/game_fn_8019120C.o
[319/878] MWCC build/GEDE01/src/game/game_fn_80191360.o
[320/878] MWCC build/GEDE01/src/game/game_fn_801916D0.o
[321/878] MWCC build/GEDE01/src/game/game_fn_8019197C.o
[322/878] MWCC build/GEDE01/src/game/game_fn_801926EC.o
[323/878] MWCC build/GEDE01/src/game/game_fn_80191F58.o
[324/878] MWCC build/GEDE01/src/game/game_fn_80192F54.o
[325/878] MWCC build/GEDE01/src/game/game_fn_801929A4.o
[326/878] MWCC build/GEDE01/src/game/game_fn_801931C4.o
[327/878] MWCC build/GEDE01/src/game/game_fn_80193E1C.o
[328/878] MWCC build/GEDE01/src/game/game_fn_80194F80.o
[329/878] MWCC build/GEDE01/src/game/game_fn_80193F3C.o
[330/878] MWCC build/GEDE01/src/game/game_fn_80197910.o
[331/878] MWCC build/GEDE01/src/game/game_fn_80198154.o
[332/878] MWCC build/GEDE01/src/game/game_fn_80198AAC.o
[333/878] MWCC build/GEDE01/src/game/game_fn_80198BF4.o
[334/878] MWCC build/GEDE01/src/game/game_fn_801991E0.o
[335/878] MWCC build/GEDE01/src/game/game_fn_8019B1BC.o
[336/878] MWCC build/GEDE01/src/game/game_fn_8019CC28.o
[337/878] MWCC build/GEDE01/src/game/game_fn_8019CFC4.o
[338/878] MWCC build/GEDE01/src/game/game_fn_8019E5E4.o
[339/878] MWCC build/GEDE01/src/game/game_fn_8019E8C8.o
[340/878] MWCC build/GEDE01/src/game/game_fn_801A1F18.o
[341/878] MWCC build/GEDE01/src/game/game_fn_801A2A54.o
[342/878] MWCC build/GEDE01/src/game/game_fn_801A34BC.o
[343/878] MWCC build/GEDE01/src/game/game_fn_801A3A78.o
[344/878] MWCC build/GEDE01/src/game/game_fn_801A4CE0.o
[345/878] MWCC build/GEDE01/src/game/game_fn_801A6410.o
[346/878] MWCC build/GEDE01/src/game/game_fn_801A5FB0.o
[347/878] MWCC build/GEDE01/src/game/game_fn_801A657C.o
[348/878] MWCC build/GEDE01/src/game/game_fn_801A6ADC.o
[349/878] MWCC build/GEDE01/src/game/game_fn_801A6C58.o
[350/878] MWCC build/GEDE01/src/game/game_fn_801A6CB4.o
[351/878] MWCC build/GEDE01/src/game/game_fn_801A7E04.o
[352/878] MWCC build/GEDE01/src/game/game_fn_801A7EA8.o
[353/878] MWCC build/GEDE01/src/game/game_fn_801A93E8.o
[354/878] MWCC build/GEDE01/src/game/game_fn_801AB154.o
[355/878] MWCC build/GEDE01/src/game/game_fn_801ABD3C.o
[356/878] MWCC build/GEDE01/src/game/game_fn_801AC8AC.o
[357/878] MWCC build/GEDE01/src/game/game_fn_801ACFE8.o
[358/878] MWCC build/GEDE01/src/game/game_fn_801AD08C.o
[359/878] MWCC build/GEDE01/src/game/game_fn_801AFA74.o
[360/878] MWCC build/GEDE01/src/game/game_fn_801B02F0.o
[361/878] MWCC build/GEDE01/src/game/game_fn_801B1BA0.o
[362/878] MWCC build/GEDE01/src/game/game_fn_801B35BC.o
[363/878] MWCC build/GEDE01/src/game/game_fn_801B4FB4.o
[364/878] MWCC build/GEDE01/src/game/game_fn_801B46C8.o
[365/878] MWCC build/GEDE01/src/game/game_fn_801B58F0.o
[366/878] MWCC build/GEDE01/src/game/game_fn_801B5228.o
[367/878] MWCC build/GEDE01/src/game/game_fn_801B6F1C.o
[368/878] MWCC build/GEDE01/src/game/game_fn_801B86C0.o
[369/878] MWCC build/GEDE01/src/game/game_fn_801B941C.o
[370/878] MWCC build/GEDE01/src/game/game_fn_801B9E7C.o
[371/878] MWCC build/GEDE01/src/game/game_fn_801BA708.o
[372/878] MWCC build/GEDE01/src/game/game_fn_801BA15C.o
[373/878] MWCC build/GEDE01/src/game/game_fn_801BB1A0.o
[374/878] MWCC build/GEDE01/src/game/game_fn_801BC0D4.o
[375/878] MWCC build/GEDE01/src/game/game_fn_801BC240.o
[376/878] MWCC build/GEDE01/src/game/game_fn_801BC8F4.o
[377/878] MWCC build/GEDE01/src/game/game_fn_801BCC04.o
[378/878] MWCC build/GEDE01/src/game/game_fn_801BD990.o
[379/878] MWCC build/GEDE01/src/game/game_fn_801BDE7C.o
[380/878] MWCC build/GEDE01/src/game/game_fn_801BE0D4.o
[381/878] MWCC build/GEDE01/src/game/game_fn_801C1CB0.o
[382/878] MWCC build/GEDE01/src/game/game_fn_801BEF40.o
[383/878] MWCC build/GEDE01/src/game/game_fn_801C2980.o
[384/878] MWCC build/GEDE01/src/game/game_fn_801C29BC.o
[385/878] MWCC build/GEDE01/src/game/game_fn_801C2AAC.o
[386/878] MWCC build/GEDE01/src/game/game_fn_801C2D9C.o
[387/878] MWCC build/GEDE01/src/game/game_fn_801C8160.o
[388/878] MWCC build/GEDE01/src/game/game_fn_801C8224.o
[389/878] MWCC build/GEDE01/src/game/game_fn_801C4B5C.o
[390/878] MWCC build/GEDE01/src/game/game_fn_801C8600.o
[391/878] MWCC build/GEDE01/src/game/game_fn_801C87DC.o
[392/878] MWCC build/GEDE01/src/game/game_fn_801C8CC0.o
[393/878] MWCC build/GEDE01/src/game/game_fn_801C8F50.o
[394/878] MWCC build/GEDE01/src/game/game_fn_801C90A4.o
[395/878] MWCC build/GEDE01/src/game/game_fn_801C9510.o
[396/878] MWCC build/GEDE01/src/game/game_fn_801C970C.o
[397/878] MWCC build/GEDE01/src/game/game_fn_801C9A08.o
[398/878] MWCC build/GEDE01/src/game/game_fn_801C9B1C.o
[399/878] MWCC build/GEDE01/src/game/game_fn_801CB4F8.o
[400/878] MWCC build/GEDE01/src/game/game_fn_801CD228.o
[401/878] MWCC build/GEDE01/src/game/game_fn_801CE09C.o
[402/878] MWCC build/GEDE01/src/game/game_fn_801CE594.o
[403/878] MWCC build/GEDE01/src/game/game_fn_801D1B10.o
[404/878] MWCC build/GEDE01/src/game/game_fn_801D1F78.o
[405/878] MWCC build/GEDE01/src/game/game_fn_801D3988.o
[406/878] MWCC build/GEDE01/src/game/game_fn_801D76A8.o
[407/878] MWCC build/GEDE01/src/game/game_fn_801D7C24.o
[408/878] MWCC build/GEDE01/src/game/game_fn_801D8050.o
[409/878] MWCC build/GEDE01/src/game/game_fn_801D9FE4.o
[410/878] MWCC build/GEDE01/src/game/game_fn_801E2A48.o
[411/878] MWCC build/GEDE01/src/game/game_fn_801E41AC.o
[412/878] MWCC build/GEDE01/src/game/game_fn_801E6814.o
[413/878] MWCC build/GEDE01/src/game/game_fn_801EB09C.o
[414/878] MWCC build/GEDE01/src/game/game_fn_801EB11C.o
[415/878] MWCC build/GEDE01/src/game/game_fn_801ECD74.o
[416/878] MWCC build/GEDE01/src/game/game_fn_801ECF50.o
[417/878] MWCC build/GEDE01/src/game/game_fn_801ED5F4.o
[418/878] MWCC build/GEDE01/src/game/game_fn_801EF580.o
[419/878] MWCC build/GEDE01/src/game/game_fn_801EF910.o
[420/878] MWCC build/GEDE01/src/game/game_fn_801F10BC.o
[421/878] MWCC build/GEDE01/src/game/game_fn_801F1A38.o
[422/878] MWCC build/GEDE01/src/game/game_fn_801F35A8.o
[423/878] MWCC build/GEDE01/src/game/game_fn_801F55A0.o
[424/878] MWCC build/GEDE01/src/game/game_fn_801F69F0.o
[425/878] MWCC build/GEDE01/src/game/game_fn_801F6BD8.o
[426/878] MWCC build/GEDE01/src/game/game_fn_801F7510.o
[427/878] MWCC build/GEDE01/src/game/game_fn_801F76EC.o
[428/878] MWCC build/GEDE01/src/game/game_fn_801F8264.o
[429/878] MWCC build/GEDE01/src/game/game_fn_801F89B4.o
[430/878] MWCC build/GEDE01/src/game/game_fn_801F9AF8.o
[431/878] MWCC build/GEDE01/src/game/game_fn_801F9CF4.o
[432/878] MWCC build/GEDE01/src/game/game_fn_801FB6A4.o
[433/878] MWCC build/GEDE01/src/game/game_fn_801FA9C8.o
[434/878] MWCC build/GEDE01/src/game/game_fn_801FC204.o
[435/878] MWCC build/GEDE01/src/game/game_fn_801FC034.o
[436/878] EXTERNALIZE build/GEDE01/src/game/game_fn_80066E78.o
[437/878] EXTERNALIZE build/GEDE01/src/game/game_fn_801247F8.o
[438/878] EXTERNALIZE build/GEDE01/src/game/game_fn_801EF910.o
[439/878] MWCC build/GEDE01/src/game/game_fn_801FFE78.o
[440/878] EXTERNALIZE build/GEDE01/src/game/game_fn_801ECF50.o
[441/878] EXTERNALIZE build/GEDE01/src/game/game_fn_801EB09C.o
[442/878] EXTERNALIZE build/GEDE01/src/game/game_fn_801EB11C.o
[443/878] EXTERNALIZE build/GEDE01/src/game/game_fn_801FC204.o
[444/878] EXTERNALIZE build/GEDE01/src/game/game_fn_801D9FE4.o
[445/878] EXTERNALIZE build/GEDE01/src/game/game_fn_801D76A8.o
[446/878] EXTERNALIZE build/GEDE01/src/game/game_fn_801E41AC.o
[447/878] EXTERNALIZE build/GEDE01/src/game/game_fn_801D7C24.o
[448/878] EXTERNALIZE build/GEDE01/src/game/game_fn_801D8050.o
[449/878] EXTERNALIZE build/GEDE01/src/game/game_fn_80178F88.o
[450/878] EXTERNALIZE build/GEDE01/src/game/game_fn_8019B1BC.o
[451/878] EXTERNALIZE build/GEDE01/src/game/game_fn_801CD228.o
[452/878] EXTERNALIZE build/GEDE01/src/game/game_fn_801BA15C.o
[453/878] EXTERNALIZE build/GEDE01/src/game/game_fn_801C970C.o
[454/878] EXTERNALIZE build/GEDE01/src/game/game_fn_801C9510.o
[455/878] EXTERNALIZE build/GEDE01/src/game/game_fn_80126A00.o
[456/878] EXTERNALIZE build/GEDE01/src/game/game_fn_800C9C60.o
[457/878] EXTERNALIZE build/GEDE01/src/game/game_fn_8013D6A4.o
[458/878] EXTERNALIZE build/GEDE01/src/game/game_fn_801B4FB4.o
[459/878] EXTERNALIZE build/GEDE01/src/game/game_fn_801B5228.o
[460/878] EXTERNALIZE build/GEDE01/src/game/game_fn_801C87DC.o
[461/878] EXTERNALIZE build/GEDE01/src/game/game_fn_801B6F1C.o
[462/878] EXTERNALIZE build/GEDE01/src/game/game_fn_801C8CC0.o
[463/878] EXTERNALIZE build/GEDE01/src/game/game_fn_800FD0C8.o
[464/878] EXTERNALIZE build/GEDE01/src/game/game_fn_801BDE7C.o
[465/878] EXTERNALIZE build/GEDE01/src/game/game_fn_801BE0D4.o
[466/878] EXTERNALIZE STATIC POOL build/GEDE01/src/game/game_fn_801C9A08.o
build/GEDE01/src/game/game_fn_801C9A08.o: lbl_80629390 now undefined; section 3 emptied
[467/878] EXTERNALIZE STATIC POOL build/GEDE01/src/game/game_fn_801C9B1C.o
build/GEDE01/src/game/game_fn_801C9B1C.o: lbl_80629390 now undefined; section 3 emptied
[468/878] EXTERNALIZE build/GEDE01/src/game/game_fn_801B941C.o
[469/878] EXTERNALIZE STATIC POOL build/GEDE01/src/game/game_fn_801BD990.o
build/GEDE01/src/game/game_fn_801BD990.o: lbl_80626D80 now undefined; section 6 emptied
[470/878] EXTERNALIZE STATIC POOL build/GEDE01/src/game/game_fn_801B58F0.o
build/GEDE01/src/game/game_fn_801B58F0.o: lbl_8060C020 now undefined; section 3 emptied
[471/878] EXTERNALIZE STATIC POOL build/GEDE01/src/game/game_fn_801B9E7C.o
build/GEDE01/src/game/game_fn_801B9E7C.o: 0 relocation(s) moved from streamInfo to ...bss.0
build/GEDE01/src/game/game_fn_801B9E7C.o: lbl_8061AE48 now undefined; section 6 emptied
[472/878] EXTERNALIZE STATIC POOL build/GEDE01/src/game/game_fn_801BB1A0.o
build/GEDE01/src/game/game_fn_801BB1A0.o: 0 relocation(s) moved from streamInfo to ...bss.0
build/GEDE01/src/game/game_fn_801BB1A0.o: lbl_8061AE48 now undefined; section 6 emptied
[473/878] EXTERNALIZE STATIC build/GEDE01/src/game/game_fn_801B35BC.o
build/GEDE01/src/game/game_fn_801B35BC.o: lbl_8060D420 now undefined; section 6 emptied
[474/878] EXTERNALIZE STATIC POOL build/GEDE01/src/game/game_fn_801BA708.o
build/GEDE01/src/game/game_fn_801BA708.o: 0 relocation(s) moved from streamInfo to ...bss.0
build/GEDE01/src/game/game_fn_801BA708.o: lbl_8061AE48 now undefined; section 6 emptied
[475/878] EXTERNALIZE STATIC POOL build/GEDE01/src/game/game_fn_801BC8F4.o
build/GEDE01/src/game/game_fn_801BC8F4.o: lbl_8061C748 now undefined; section 6 emptied
[476/878] EXTERNALIZE STATIC build/GEDE01/src/game/game_fn_801BC240.o
build/GEDE01/src/game/game_fn_801BC240.o: lbl_8061C748 now undefined; section 6 emptied
[477/878] EXTERNALIZE STATIC POOL build/GEDE01/src/game/game_fn_801BCC04.o
build/GEDE01/src/game/game_fn_801BCC04.o: lbl_8061C748 now undefined; section 6 emptied
[478/878] EXTERNALIZE STATIC POOL build/GEDE01/src/game/game_fn_801BC0D4.o
build/GEDE01/src/game/game_fn_801BC0D4.o: lbl_8061C748 now undefined; section 6 emptied
[479/878] EXTERNALIZE STATIC POOL build/GEDE01/src/game/game_fn_801C1CB0.o
build/GEDE01/src/game/game_fn_801C1CB0.o: lbl_80626DA0 now undefined; section 3 emptied
[480/878] RENAME build/GEDE01/src/game/game_InitMetroTRKCommTable.o
[481/878] EXTERNALIZE STATIC POOL build/GEDE01/src/game/game_fn_801CE09C.o
build/GEDE01/src/game/game_fn_801CE09C.o: lbl_80631340 now undefined; section 6 emptied
[482/878] RENAME RUNTIME INTRINSICS build/GEDE01/src/game/game_fn_801CB4F8.o
[483/878] EXTERNALIZE STATIC POOL build/GEDE01/src/game/game_fn_8010242C.o
build/GEDE01/src/game/game_fn_8010242C.o: lbl_8032CC08 now undefined; section 3 emptied
[484/878] EXTERNALIZE build/GEDE01/src/game/game_fn_801D3988.o
[485/878] EXTERNALIZE build/GEDE01/src/game/game_fn_801D1B10.o
[486/878] ALIGN DATA build/GEDE01/src/game/game_fn_80008014.o
[487/878] EXTERNALIZE build/GEDE01/src/game/game_fn_801CE594.o
[488/878] EXTERNALIZE build/GEDE01/src/game/game_fn_8014549C.o
[489/878] EXTERNALIZE build/GEDE01/src/game/game_fn_801C8224.o
[490/878] EXTERNALIZE build/GEDE01/src/game/game_fn_801098C0.o
[491/878] EXTERNALIZE build/GEDE01/src/game/game_fn_8000FDE8.o
[492/878] EXTERNALIZE build/GEDE01/src/game/game_fn_80185F10.o
[493/878] EXTERNALIZE build/GEDE01/src/game/game_fn_801C29BC.o
[494/878] EXTERNALIZE build/GEDE01/src/game/game_fn_801C8F50.o
[495/878] EXTERNALIZE build/GEDE01/src/game/game_fn_8007B828.o
[496/878] EXTERNALIZE build/GEDE01/src/game/game_fn_801C90A4.o
[497/878] EXTERNALIZE build/GEDE01/src/game/game_fn_801C8160.o
[498/878] EXTERNALIZE build/GEDE01/src/game/game_fn_801C2AAC.o
[499/878] EXTERNALIZE build/GEDE01/src/game/game_fn_801C2D9C.o
[500/878] EXTERNALIZE build/GEDE01/src/game/game_fn_801C2980.o
[501/878] EXTERNALIZE build/GEDE01/src/game/game_fn_801B02F0.o
[502/878] EXTERNALIZE build/GEDE01/src/game/game_fn_801AFA74.o
[503/878] EXTERNALIZE build/GEDE01/src/game/game_fn_801AC8AC.o
[504/878] EXTERNALIZE build/GEDE01/src/game/game_fn_801ABD3C.o
[505/878] EXTERNALIZE build/GEDE01/src/game/game_fn_801816D4.o
[506/878] EXTERNALIZE build/GEDE01/src/game/game_fn_8011F140.o
[507/878] EXTERNALIZE build/GEDE01/src/game/game_fn_8004998C.o
[508/878] EXTERNALIZE build/GEDE01/src/game/game_fn_801AD08C.o
[509/878] EXTERNALIZE build/GEDE01/src/game/game_fn_80079AA4.o
[510/878] EXTERNALIZE build/GEDE01/src/game/game_fn_80158D38.o
[511/878] EXTERNALIZE build/GEDE01/src/game/game_fn_8008F224.o
[512/878] EXTERNALIZE build/GEDE01/src/game/game_fn_801A3A78.o
[513/878] EXTERNALIZE build/GEDE01/src/game/game_fn_80167454.o
[514/878] EXTERNALIZE build/GEDE01/src/game/game_fn_800AF230.o
[515/878] EXTERNALIZE build/GEDE01/src/game/game_fn_801A93E8.o
[516/878] EXTERNALIZE build/GEDE01/src/game/game_fn_801A7E04.o
[517/878] EXTERNALIZE build/GEDE01/src/game/game_fn_801AB154.o
[518/878] EXTERNALIZE build/GEDE01/src/game/game_fn_801A7EA8.o
[519/878] EXTERNALIZE build/GEDE01/src/game/game_fn_801A6CB4.o
[520/878] EXTERNALIZE build/GEDE01/src/game/game_fn_801A4CE0.o
[521/878] EXTERNALIZE build/GEDE01/src/game/game_fn_801A6C58.o
[522/878] NAME JUMPTABLE build/GEDE01/src/game/game_fn_801A6ADC.o
[523/878] EXTERNALIZE build/GEDE01/src/game/game_fn_801A6410.o
[524/878] EXTERNALIZE build/GEDE01/src/game/game_fn_801A5FB0.o
[525/878] EXTERNALIZE build/GEDE01/src/game/game_fn_801A1F18.o
[526/878] EXTERNALIZE build/GEDE01/src/game/game_fn_8019E8C8.o
[527/878] EXTERNALIZE build/GEDE01/src/game/game_fn_8019E5E4.o
[528/878] EXTERNALIZE build/GEDE01/src/game/game_fn_8019CFC4.o
[529/878] EXTERNALIZE build/GEDE01/src/game/game_fn_8019CC28.o
[530/878] EXTERNALIZE build/GEDE01/src/game/game_fn_801991E0.o
[531/878] EXTERNALIZE build/GEDE01/src/game/game_fn_80198BF4.o
[532/878] EXTERNALIZE build/GEDE01/src/game/game_fn_80198AAC.o
[533/878] EXTERNALIZE build/GEDE01/src/game/game_fn_80198154.o
[534/878] EXTERNALIZE build/GEDE01/src/game/game_fn_80194F80.o
[535/878] EXTERNALIZE build/GEDE01/src/game/game_fn_80197910.o
[536/878] EXTERNALIZE build/GEDE01/src/game/game_fn_80177434.o
repointed 2 relocations to lbl_80250588
[537/878] EXTERNALIZE build/GEDE01/src/game/game_fn_80193E1C.o
[538/878] EXTERNALIZE build/GEDE01/src/game/game_fn_801931C4.o
[539/878] EXTERNALIZE build/GEDE01/src/game/game_fn_80193F3C.o
[540/878] EXTERNALIZE build/GEDE01/src/game/game_fn_80192F54.o
[541/878] EXTERNALIZE build/GEDE01/src/game/game_fn_80191F58.o
[542/878] EXTERNALIZE build/GEDE01/src/game/game_fn_8019197C.o
[543/878] EXTERNALIZE build/GEDE01/src/game/game_fn_80191360.o
[544/878] GLOBALIZE build/GEDE01/src/game/game_fn_8018F1D0.o
[545/878] EXTERNALIZE build/GEDE01/src/game/game_fn_8018D688.o
[546/878] EXTERNALIZE build/GEDE01/src/game/game_fn_8018F81C.o
[547/878] EXTERNALIZE build/GEDE01/src/game/game_fn_8018D2E0.o
[548/878] EXTERNALIZE build/GEDE01/src/game/game_fn_80189968.o
[549/878] EXTERNALIZE build/GEDE01/src/game/game_fn_80189760.o
[550/878] EXTERNALIZE build/GEDE01/src/game/game_fn_8018D1F0.o
[551/878] EXTERNALIZE build/GEDE01/src/game/game_fn_801896A0.o
[552/878] EXTERNALIZE build/GEDE01/src/game/game_fn_801895E8.o
[553/878] EXTERNALIZE build/GEDE01/src/game/game_fn_80189390.o
[554/878] EXTERNALIZE build/GEDE01/src/game/game_fn_801891D8.o
[555/878] EXTERNALIZE build/GEDE01/src/game/game_fn_80188E28.o
[556/878] EXTERNALIZE build/GEDE01/src/game/game_fn_80189028.o
[557/878] EXTERNALIZE build/GEDE01/src/game/game_fn_80188C1C.o
[558/878] EXTERNALIZE build/GEDE01/src/game/game_fn_80188B44.o
[559/878] EXTERNALIZE build/GEDE01/src/game/game_fn_80188A7C.o
[560/878] EXTERNALIZE build/GEDE01/src/game/game_fn_801878E0.o
[561/878] EXTERNALIZE build/GEDE01/src/game/game_fn_80187120.o
[562/878] EXTERNALIZE build/GEDE01/src/game/game_fn_8018FEDC.o
[563/878] EXTERNALIZE build/GEDE01/src/game/game_fn_80186E10.o
[564/878] EXTERNALIZE build/GEDE01/src/game/game_fn_801865EC.o
[565/878] EXTERNALIZE build/GEDE01/src/game/game_fn_80185AE8.o
[566/878] EXTERNALIZE build/GEDE01/src/game/game_fn_80180DDC.o
[567/878] EXTERNALIZE build/GEDE01/src/game/game_fn_801859FC.o
[568/878] EXTERNALIZE build/GEDE01/src/game/game_fn_8017E850.o
[569/878] EXTERNALIZE build/GEDE01/src/game/game_fn_8017E958.o
[570/878] EXTERNALIZE build/GEDE01/src/game/game_fn_8017718C.o
[571/878] EXTERNALIZE build/GEDE01/src/game/game_fn_801770F8.o
[572/878] EXTERNALIZE build/GEDE01/src/game/game_fn_80176FA0.o
[573/878] EXTERNALIZE build/GEDE01/src/game/game_fn_80176DF4.o
[574/878] EXTERNALIZE build/GEDE01/src/game/game_fn_80173F04.o
[575/878] EXTERNALIZE build/GEDE01/src/game/game_fn_80174358.o
[576/878] EXTERNALIZE build/GEDE01/src/game/game_fn_80174184.o
[577/878] EXTERNALIZE build/GEDE01/src/game/game_fn_8017553C.o
[578/878] EXTERNALIZE build/GEDE01/src/game/game_fn_80173D44.o
[579/878] EXTERNALIZE build/GEDE01/src/game/game_fn_80173770.o
[580/878] EXTERNALIZE build/GEDE01/src/game/game_fn_801734B4.o
[581/878] EXTERNALIZE build/GEDE01/src/game/game_fn_80173270.o
[582/878] EXTERNALIZE build/GEDE01/src/game/game_fn_80172DB8.o
[583/878] EXTERNALIZE build/GEDE01/src/game/game_fn_80172C78.o
[584/878] EXTERNALIZE build/GEDE01/src/game/game_fn_80172BB0.o
[585/878] EXTERNALIZE build/GEDE01/src/game/game_fn_801726EC.o
[586/878] EXTERNALIZE build/GEDE01/src/game/game_fn_8017250C.o
[587/878] EXTERNALIZE build/GEDE01/src/game/game_fn_80171F30.o
[588/878] EXTERNALIZE build/GEDE01/src/game/game_fn_801719B4.o
[589/878] EXTERNALIZE build/GEDE01/src/game/game_fn_801718F4.o
[590/878] EXTERNALIZE build/GEDE01/src/game/game_fn_80171664.o
[591/878] EXTERNALIZE build/GEDE01/src/game/game_fn_8017138C.o
[592/878] EXTERNALIZE build/GEDE01/src/game/game_fn_801706DC.o
[593/878] EXTERNALIZE build/GEDE01/src/game/game_fn_80170A40.o
[594/878] NORMALIZE build/GEDE01/src/game/game_TRK_main.o
[595/878] NORMALIZE build/GEDE01/src/game/game_TRKNubWelcome.o
[596/878] NORMALIZE build/GEDE01/src/game/game_data_80239E10.o
[597/878] NORMALIZE build/GEDE01/src/game/game_data_80239E18.o
[598/878] EXTERNALIZE build/GEDE01/src/game/game_fn_80170E9C.o
[599/878] EXTERNALIZE build/GEDE01/src/game/game_fn_8017652C.o
[600/878] EXTERNALIZE build/GEDE01/src/game/game_fn_80175E64.o
[601/878] EXTERNALIZE build/GEDE01/src/game/game_fn_80175F0C.o
[602/878] EXTERNALIZE build/GEDE01/src/game/game_fn_80176098.o
[603/878] EXTERNALIZE build/GEDE01/src/game/game_fn_80175FD4.o
[604/878] EXTERNALIZE build/GEDE01/src/game/game_fn_80176160.o
[605/878] EXTERNALIZE build/GEDE01/src/game/game_fn_80176220.o
[606/878] EXTERNALIZE build/GEDE01/src/game/game_fn_80170DF4.o
[607/878] EXTERNALIZE build/GEDE01/src/game/game_fn_801762E8.o
[608/878] EXTERNALIZE build/GEDE01/src/game/game_fn_8016E8F8.o
[609/878] EXTERNALIZE build/GEDE01/src/game/game_fn_8016FEF8.o
[610/878] EXTERNALIZE build/GEDE01/src/game/game_fn_801704F8.o
[611/878] NORMALIZE build/GEDE01/src/game/game_fn_8016DF4C.o
[612/878] EXTERNALIZE build/GEDE01/src/game/game_fn_8016D2B8.o
[613/878] EXTERNALIZE build/GEDE01/src/game/game_fn_8016D040.o
[614/878] EXTERNALIZE build/GEDE01/src/game/game_fn_8016D1F8.o
[615/878] EXTERNALIZE build/GEDE01/src/game/game_fn_8016C774.o
[616/878] EXTERNALIZE build/GEDE01/src/game/game_fn_8016C4BC.o
[617/878] EXTERNALIZE build/GEDE01/src/game/game_fn_8016C238.o
[618/878] EXTERNALIZE build/GEDE01/src/game/game_fn_8016C164.o
[619/878] EXTERNALIZE build/GEDE01/src/game/game_fn_8016C0BC.o
[620/878] EXTERNALIZE build/GEDE01/src/game/game_fn_8017038C.o
[621/878] EXTERNALIZE build/GEDE01/src/game/game_fn_8016BE1C.o
[622/878] EXTERNALIZE build/GEDE01/src/game/game_fn_8016BF60.o
[623/878] EXTERNALIZE build/GEDE01/src/game/game_fn_8016BD0C.o
[624/878] EXTERNALIZE build/GEDE01/src/game/game_fn_80169650.o
[625/878] EXTERNALIZE build/GEDE01/src/game/game_fn_8015EDC0.o
[626/878] EXTERNALIZE build/GEDE01/src/game/game_fn_80167B5C.o
[627/878] EXTERNALIZE build/GEDE01/src/game/game_fn_8015DB84.o
[628/878] EXTERNALIZE build/GEDE01/src/game/game_fn_8015DC54.o
[629/878] EXTERNALIZE build/GEDE01/src/game/game_fn_80179398.o
[630/878] EXTERNALIZE build/GEDE01/src/game/game_fn_80158B20.o
[631/878] EXTERNALIZE build/GEDE01/src/game/game_fn_8017974C.o
[632/878] EXTERNALIZE build/GEDE01/src/game/game_fn_8017960C.o
[633/878] EXTERNALIZE build/GEDE01/src/game/game_fn_8017A9B8.o
[634/878] EXTERNALIZE build/GEDE01/src/game/game_fn_80179904.o
[635/878] EXTERNALIZE build/GEDE01/src/game/game_fn_80179A18.o
[636/878] EXTERNALIZE build/GEDE01/src/game/game_fn_80179A74.o
[637/878] EXTERNALIZE build/GEDE01/src/game/game_fn_80179EB8.o
[638/878] EXTERNALIZE build/GEDE01/src/game/game_fn_80179F20.o
[639/878] EXTERNALIZE build/GEDE01/src/game/game_fn_8017A010.o
[640/878] EXTERNALIZE build/GEDE01/src/game/game_fn_8017A12C.o
[641/878] EXTERNALIZE build/GEDE01/src/game/game_fn_8017A1C0.o
[642/878] EXTERNALIZE build/GEDE01/src/game/game_fn_80157C0C.o
[643/878] EXTERNALIZE build/GEDE01/src/game/game_fn_80155814.o
[644/878] EXTERNALIZE build/GEDE01/src/game/game_fn_8014B494.o
[645/878] EXTERNALIZE build/GEDE01/src/game/game_fn_80153898.o
[646/878] EXTERNALIZE build/GEDE01/src/game/game_fn_8012DB28.o
[647/878] EXTERNALIZE build/GEDE01/src/game/game_fn_8014AF38.o
[648/878] EXTERNALIZE build/GEDE01/src/game/game_fn_801141B8.o
[649/878] EXTERNALIZE build/GEDE01/src/game/game_fn_801128E4.o
[650/878] EXTERNALIZE build/GEDE01/src/game/game_fn_801126E0.o
[651/878] EXTERNALIZE build/GEDE01/src/game/game_fn_8010F184.o
[652/878] EXTERNALIZE build/GEDE01/src/game/game_fn_800E4980.o
[653/878] EXTERNALIZE build/GEDE01/src/game/game_fn_800C17EC.o
[654/878] EXTERNALIZE build/GEDE01/src/game/game_fn_800C59F0.o
[655/878] EXTERNALIZE build/GEDE01/src/game/game_fn_800C644C.o
[656/878] EXTERNALIZE build/GEDE01/src/game/game_fn_800C65FC.o
[657/878] EXTERNALIZE build/GEDE01/src/game/game_fn_800CB760.o
[658/878] EXTERNALIZE build/GEDE01/src/game/game_fn_800CB8F4.o
[659/878] EXTERNALIZE build/GEDE01/src/game/game_fn_80078500.o
[660/878] EXTERNALIZE build/GEDE01/src/game/game_fn_80079908.o
[661/878] EXTERNALIZE build/GEDE01/src/game/game_fn_8007B2F4.o
[662/878] EXTERNALIZE build/GEDE01/src/game/game_fn_8007B640.o
[663/878] EXTERNALIZE build/GEDE01/src/game/game_fn_8007B540.o
[664/878] EXTERNALIZE build/GEDE01/src/game/game_fn_800886D8.o
[665/878] EXTERNALIZE build/GEDE01/src/game/game_fn_8007BA3C.o
[666/878] EXTERNALIZE build/GEDE01/src/game/game_fn_800934A0.o
[667/878] EXTERNALIZE build/GEDE01/src/game/game_fn_800A3894.o
[668/878] EXTERNALIZE build/GEDE01/src/game/game_fn_800A7E88.o
[669/878] EXTERNALIZE build/GEDE01/src/game/game_fn_800A4798.o
[670/878] GLOBALIZE build/GEDE01/src/game/game_fn_800A2130.o
[671/878] EXTERNALIZE build/GEDE01/src/game/game_fn_800A2FCC.o
[672/878] EXTERNALIZE build/GEDE01/src/game/game_fn_8009C424.o
[673/878] EXTERNALIZE build/GEDE01/src/game/game_fn_80096830.o
[674/878] GLOBALIZE build/GEDE01/src/game/game_fn_8008F890.o
[675/878] EXTERNALIZE SWITCHES build/GEDE01/src/game/game_fn_80095FDC.o
[676/878] EXTERNALIZE build/GEDE01/src/game/game_fn_800A4428.o
[677/878] EXTERNALIZE build/GEDE01/src/game/game_fn_80074310.o
[678/878] GLOBALIZE build/GEDE01/src/game/game_fn_8005FD84.o
[679/878] EXTERNALIZE build/GEDE01/src/game/game_fn_80066888.o
[680/878] EXTERNALIZE build/GEDE01/src/game/game_fn_8005EC6C.o
[681/878] EXTERNALIZE build/GEDE01/src/game/game_fn_80052310.o
[682/878] EXTERNALIZE build/GEDE01/src/game/game_fn_80048B24.o
[683/878] NAME SWITCH build/GEDE01/src/game/game_fn_80020E94.o
[684/878] NAME SWITCH build/GEDE01/src/game/game_fn_8005EE9C.o
[685/878] NAME SWITCH build/GEDE01/src/game/game_fn_8016D9C0.o
[686/878] NAME SWITCH build/GEDE01/src/game/game_fn_80071A58.o
[687/878] EXTERNALIZE build/GEDE01/src/game/game_fn_80048ADC.o
[688/878] NAME SWITCH build/GEDE01/src/game/game_fn_8006B620.o
[689/878] NAME SWITCH build/GEDE01/src/game/game_fn_8001FE1C.o
[690/878] NAME SWITCH build/GEDE01/src/game/game_fn_8001E644.o
[691/878] EXTERNALIZE build/GEDE01/src/game/game_fn_80038878.o
[692/878] EXTERNALIZE build/GEDE01/src/game/game_fn_801B46C8.o
build/GEDE01/src/game/game_fn_801B46C8.o: lbl_8060C020 now undefined; section 6 emptied
[693/878] EXTERNALIZE build/GEDE01/src/game/game_fn_80036C40.o
[694/878] EXTERNALIZE build/GEDE01/src/game/game_fn_800359A0.o
[695/878] EXTERNALIZE build/GEDE01/src/game/game_fn_80033180.o
[696/878] EXTERNALIZE build/GEDE01/src/game/game_fn_80033038.o
[697/878] EXTERNALIZE build/GEDE01/src/game/game_fn_80032B84.o
[698/878] EXTERNALIZE build/GEDE01/src/game/game_fn_8003232C.o
[699/878] EXTERNALIZE build/GEDE01/src/game/game_fn_8002E3F0.o
[700/878] EXTERNALIZE build/GEDE01/src/game/game_fn_8002DAE0.o
[701/878] EXTERNALIZE build/GEDE01/src/game/game_fn_8002EA68.o
[702/878] GLOBALIZE build/GEDE01/src/game/game_fn_8002B748.o
[703/878] EXTERNALIZE build/GEDE01/src/game/game_fn_8002F428.o
[704/878] NAME SWITCHES build/GEDE01/src/game/game_fn_80024F28.o
[705/878] EXTERNALIZE build/GEDE01/src/game/game_fn_800272B4.o
[706/878] EXTERNALIZE build/GEDE01/src/game/game_fn_8001CE94.o
[707/878] EXTERNALIZE build/GEDE01/src/game/game_fn_8001CD58.o
[708/878] EXTERNALIZE build/GEDE01/src/game/game_fn_8001C078.o
[709/878] EXTERNALIZE build/GEDE01/src/game/game_fn_8001B874.o
[710/878] EXTERNALIZE build/GEDE01/src/game/game_fn_8001B808.o
[711/878] EXTERNALIZE build/GEDE01/src/game/game_fn_8001B294.o
[712/878] EXTERNALIZE build/GEDE01/src/game/game_fn_8001B124.o
[713/878] EXTERNALIZE build/GEDE01/src/game/game_fn_8001ADF8.o
[714/878] EXTERNALIZE build/GEDE01/src/game/game_fn_8001AF68.o
[715/878] EXTERNALIZE build/GEDE01/src/game/game_fn_8001AAB8.o
[716/878] EXTERNALIZE build/GEDE01/src/game/game_fn_8001A6C4.o
[717/878] EXTERNALIZE build/GEDE01/src/game/game_fn_80019F98.o
[718/878] EXTERNALIZE build/GEDE01/src/game/game_fn_80019D2C.o
[719/878] EXTERNALIZE build/GEDE01/src/game/game_fn_80019C10.o
[720/878] EXTERNALIZE build/GEDE01/src/game/game_fn_80019940.o
[721/878] EXTERNALIZE build/GEDE01/src/game/game_fn_800194D0.o
[722/878] EXTERNALIZE build/GEDE01/src/game/game_fn_80019244.o
[723/878] EXTERNALIZE build/GEDE01/src/game/game_fn_80019054.o
[724/878] EXTERNALIZE build/GEDE01/src/game/game_fn_80018EF4.o
[725/878] EXTERNALIZE build/GEDE01/src/game/game_fn_80017DB0.o
[726/878] EXTERNALIZE build/GEDE01/src/game/game_fn_80017CC8.o
[727/878] EXTERNALIZE build/GEDE01/src/game/game_fn_80017C3C.o
[728/878] EXTERNALIZE build/GEDE01/src/game/game_fn_80017AE4.o
[729/878] EXTERNALIZE build/GEDE01/src/game/game_fn_800179AC.o
[730/878] EXTERNALIZE build/GEDE01/src/game/game_fn_80017A3C.o
[731/878] EXTERNALIZE build/GEDE01/src/game/game_fn_80017910.o
[732/878] EXTERNALIZE FLAGS build/GEDE01/src/game/game_fn_800119FC.o
[733/878] EXTERNALIZE build/GEDE01/src/game/game_fn_8000FFD8.o
[734/878] EXTERNALIZE build/GEDE01/src/game/game_fn_8000F4B0.o
[735/878] GLOBALIZE build/GEDE01/src/game/game_fn_800094C0.o
[736/878] EXTERNALIZE build/GEDE01/src/game/game_fn_8000EFC4.o
[737/878] EXTERNALIZE build/GEDE01/src/game/game_fn_800096E0.o
[738/878] EXTERNALIZE build/GEDE01/src/game/game_fn_800098C0.o
[739/878] EXTERNALIZE build/GEDE01/src/game/game_fn_800099D8.o
[740/878] EXTERNALIZE build/GEDE01/src/game/game_fn_80009AB4.o
[741/878] EXTERNALIZE build/GEDE01/src/game/game_fn_8000A26C.o
[742/878] EXTERNALIZE build/GEDE01/src/game/game_fn_800171C0.o
[743/878] EXTERNALIZE build/GEDE01/src/game/game_fn_800176F0.o
[744/878] EXTERNALIZE build/GEDE01/src/game/game_fn_8000AC88.o
[745/878] EXTERNALIZE build/GEDE01/src/game/game_fn_8000AEB4.o
[746/878] EXTERNALIZE build/GEDE01/src/game/game_fn_8000AFB4.o
[747/878] EXTERNALIZE build/GEDE01/src/game/game_fn_8000B1B8.o
[748/878] EXTERNALIZE build/GEDE01/src/game/game_fn_8000B36C.o
[749/878] EXTERNALIZE build/GEDE01/src/game/game_fn_8000B630.o
[750/878] EXTERNALIZE build/GEDE01/src/game/game_fn_8000B7FC.o
[751/878] EXTERNALIZE build/GEDE01/src/game/game_fn_8000B900.o
[752/878] EXTERNALIZE build/GEDE01/src/game/game_fn_8000BA0C.o
[753/878] EXTERNALIZE build/GEDE01/src/game/game_fn_8000BAA0.o
[754/878] EXTERNALIZE build/GEDE01/src/game/game_fn_8000BC40.o
[755/878] EXTERNALIZE build/GEDE01/src/game/game_fn_8000C06C.o
[756/878] EXTERNALIZE build/GEDE01/src/game/game_fn_8000C17C.o
[757/878] EXTERNALIZE build/GEDE01/src/game/game_fn_8000C400.o
[758/878] EXTERNALIZE build/GEDE01/src/game/game_fn_8000C848.o
[759/878] EXTERNALIZE build/GEDE01/src/game/game_fn_8000C91C.o
[760/878] EXTERNALIZE build/GEDE01/src/game/game_fn_8000D0BC.o
[761/878] NAME SWITCH build/GEDE01/src/game/game_fn_8000D8A4.o
[762/878] EXTERNALIZE build/GEDE01/src/game/game_fn_8000D3D4.o
[763/878] EXTERNALIZE build/GEDE01/src/game/game_fn_8000E054.o
[764/878] EXTERNALIZE build/GEDE01/src/game/game_fn_8000E0AC.o
[765/878] EXTERNALIZE build/GEDE01/src/game/game_fn_8000E96C.o
[766/878] EXTERNALIZE build/GEDE01/src/game/game_fn_8000F774.o
[767/878] EXTERNALIZE build/GEDE01/src/game/game_fn_8000EB14.o
[768/878] EXTERNALIZE build/GEDE01/src/game/game_fn_8000EBD4.o
[769/878] EXTERNALIZE build/GEDE01/src/game/game_fn_8000ED44.o
[770/878] EXTERNALIZE build/GEDE01/src/game/game_fn_8000E138.o
[771/878] EXTERNALIZE build/GEDE01/src/game/game_fn_8000D590.o
[772/878] EXTERNALIZE build/GEDE01/src/game/game_fn_8000E1C4.o
[773/878] EXTERNALIZE build/GEDE01/src/game/game_fn_8000DA50.o
[774/878] EXTERNALIZE build/GEDE01/src/game/game_fn_8000DAF4.o
[775/878] EXTERNALIZE build/GEDE01/src/game/game_fn_80012DA8.o
[776/878] EXTERNALIZE build/GEDE01/src/game/game_fn_80012F40.o
[777/878] EXTERNALIZE build/GEDE01/src/game/game_fn_80012FD0.o
[778/878] EXTERNALIZE build/GEDE01/src/game/game_fn_800131E8.o
[779/878] EXTERNALIZE build/GEDE01/src/game/game_fn_80013870.o
[780/878] EXTERNALIZE build/GEDE01/src/game/game_fn_80013340.o
[781/878] EXTERNALIZE build/GEDE01/src/game/game_fn_80013CB0.o
[782/878] EXTERNALIZE build/GEDE01/src/game/game_fn_80013D54.o
[783/878] EXTERNALIZE build/GEDE01/src/game/game_fn_800142DC.o
[784/878] EXTERNALIZE build/GEDE01/src/game/game_fn_800144CC.o
[785/878] EXTERNALIZE build/GEDE01/src/game/game_fn_80014784.o
[786/878] EXTERNALIZE build/GEDE01/src/game/game_fn_800149D4.o
[787/878] EXTERNALIZE build/GEDE01/src/game/game_fn_80015320.o
[788/878] EXTERNALIZE build/GEDE01/src/game/game_fn_80015058.o
[789/878] EXTERNALIZE build/GEDE01/src/game/game_fn_80015568.o
[790/878] EXTERNALIZE build/GEDE01/src/game/game_fn_800156FC.o
[791/878] EXTERNALIZE build/GEDE01/src/game/game_fn_80015BE0.o
[792/878] EXTERNALIZE build/GEDE01/src/game/game_fn_80015D40.o
[793/878] EXTERNALIZE build/GEDE01/src/game/game_fn_80015F04.o
[794/878] EXTERNALIZE build/GEDE01/src/game/game_fn_80016128.o
[795/878] EXTERNALIZE build/GEDE01/src/game/game_fn_80016270.o
[796/878] EXTERNALIZE build/GEDE01/src/game/game_fn_80016904.o
[797/878] EXTERNALIZE build/GEDE01/src/game/game_fn_800173CC.o
[798/878] EXTERNALIZE build/GEDE01/src/game/game_fn_80016B24.o
[799/878] EXTERNALIZE build/GEDE01/src/game/game_fn_801BEF40.o
[800/878] EXTERNALIZE build/GEDE01/src/game/game_fn_801B86C0.o
[801/878] EXTERNALIZE STATIC POOL build/GEDE01/src/game/game_fn_801C4B5C.o
build/GEDE01/src/game/game_fn_801C4B5C.o: lbl_80628CB0 now undefined; section 6 emptied
[802/878] EXTERNALIZE build/GEDE01/src/game/game_fn_8001CA04.o
[803/878] EXTERNALIZE build/GEDE01/src/game/game_fn_801C8600.o
[804/878] EXTERNALIZE build/GEDE01/src/game/game_fn_80031544.o
[805/878] EXTERNALIZE build/GEDE01/src/game/game_fn_8006B0F0.o
[806/878] EXTERNALIZE build/GEDE01/src/game/game_fn_8007D4D8.o
[807/878] EXTERNALIZE build/GEDE01/src/game/game_fn_8007F770.o
[808/878] EXTERNALIZE build/GEDE01/src/game/game_fn_80088F4C.o
[809/878] EXTERNALIZE build/GEDE01/src/game/game_fn_8008A2E0.o
[810/878] EXTERNALIZE build/GEDE01/src/game/game_fn_80090004.o
[811/878] EXTERNALIZE build/GEDE01/src/game/game_fn_800A3180.o
[812/878] EXTERNALIZE build/GEDE01/src/game/game_fn_80095D10.o
[813/878] EXTERNALIZE build/GEDE01/src/game/game_fn_800BB7A8.o
[814/878] EXTERNALIZE build/GEDE01/src/game/game_fn_800BB5C4.o
[815/878] EXTERNALIZE build/GEDE01/src/game/game_fn_800BB9A4.o
[816/878] EXTERNALIZE build/GEDE01/src/game/game_fn_800BBAF0.o
[817/878] EXTERNALIZE build/GEDE01/src/game/game_fn_800D9064.o
[818/878] EXTERNALIZE build/GEDE01/src/game/game_fn_800D9E10.o
[819/878] EXTERNALIZE build/GEDE01/src/game/game_fn_8012976C.o
[820/878] EXTERNALIZE build/GEDE01/src/game/game_fn_8013CBE4.o
[821/878] EXTERNALIZE build/GEDE01/src/game/game_fn_8013DB8C.o
[822/878] EXTERNALIZE build/GEDE01/src/game/game_fn_8014CA98.o
[823/878] EXTERNALIZE build/GEDE01/src/game/game_fn_80153A24.o
[824/878] EXTERNALIZE build/GEDE01/src/game/game_fn_801535D8.o
[825/878] EXTERNALIZE build/GEDE01/src/game/game_fn_80174F2C.o
[826/878] EXTERNALIZE build/GEDE01/src/game/game_fn_8018680C.o
[827/878] EXTERNALIZE build/GEDE01/src/game/game_fn_8017AC20.o
[828/878] EXTERNALIZE build/GEDE01/src/game/game_fn_80186F70.o
[829/878] EXTERNALIZE build/GEDE01/src/game/game_fn_80187320.o
[830/878] EXTERNALIZE build/GEDE01/src/game/game_fn_801810A0.o
[831/878] EXTERNALIZE build/GEDE01/src/game/game_fn_801875FC.o
[832/878] EXTERNALIZE build/GEDE01/src/game/game_fn_800542D0.o
[833/878] EXTERNALIZE build/GEDE01/src/game/game_fn_80187BB4.o
[834/878] EXTERNALIZE build/GEDE01/src/game/game_fn_8018C2D0.o
[835/878] EXTERNALIZE build/GEDE01/src/game/game_fn_8018E0D8.o
[836/878] EXTERNALIZE build/GEDE01/src/game/game_fn_8018D400.o
[837/878] EXTERNALIZE build/GEDE01/src/game/game_fn_8019120C.o
[838/878] EXTERNALIZE build/GEDE01/src/game/game_fn_801926EC.o
[839/878] EXTERNALIZE build/GEDE01/src/game/game_fn_801916D0.o
[840/878] EXTERNALIZE build/GEDE01/src/game/game_fn_801929A4.o
[841/878] EXTERNALIZE build/GEDE01/src/game/game_fn_801A2A54.o
[842/878] EXTERNALIZE build/GEDE01/src/game/game_fn_801A34BC.o
[843/878] EXTERNALIZE build/GEDE01/src/game/game_fn_801A657C.o
[844/878] EXTERNALIZE build/GEDE01/src/game/game_fn_801E2A48.o
[845/878] EXTERNALIZE build/GEDE01/src/game/game_fn_801D1F78.o
[846/878] EXTERNALIZE build/GEDE01/src/game/game_fn_801E6814.o
[847/878] EXTERNALIZE build/GEDE01/src/game/game_fn_801EF580.o
[848/878] EXTERNALIZE build/GEDE01/src/game/game_fn_801F10BC.o
[849/878] EXTERNALIZE build/GEDE01/src/game/game_fn_801F35A8.o
[850/878] EXTERNALIZE build/GEDE01/src/game/game_fn_801ECD74.o
[851/878] EXTERNALIZE build/GEDE01/src/game/game_fn_801ED5F4.o
[852/878] EXTERNALIZE build/GEDE01/src/game/game_fn_801F69F0.o
[853/878] EXTERNALIZE build/GEDE01/src/game/game_fn_801F76EC.o
[854/878] EXTERNALIZE build/GEDE01/src/game/game_fn_801F8264.o
[855/878] EXTERNALIZE build/GEDE01/src/game/game_fn_801F89B4.o
[856/878] EXTERNALIZE build/GEDE01/src/game/game_fn_801F9AF8.o
[857/878] EXTERNALIZE build/GEDE01/src/game/game_fn_801F6BD8.o
[858/878] EXTERNALIZE JUMPTABLES build/GEDE01/src/game/game_fn_800361F8.o
[859/878] EXTERNALIZE build/GEDE01/src/game/game_fn_801FB6A4.o
[860/878] EXTERNALIZE JUMPTABLES build/GEDE01/src/game/game_fn_8006E53C.o
[861/878] EXTERNALIZE JUMPTABLES build/GEDE01/src/game/game_fn_800CF598.o
[862/878] EXTERNALIZE JUMPTABLES build/GEDE01/src/game/game_fn_801ACFE8.o
[863/878] EXTERNALIZE JUMPTABLES build/GEDE01/src/game/game_fn_801B1BA0.o
[864/878] EXTERNALIZE build/GEDE01/src/game/game_fn_80154F74.o
[865/878] EXTERNALIZE build/GEDE01/src/game/game_fn_8009E808.o
[866/878] EXTERNALIZE build/GEDE01/src/game/game_fn_801F1A38.o
[867/878] EXTERNALIZE build/GEDE01/src/game/game_fn_801F55A0.o
[868/878] EXTERNALIZE build/GEDE01/src/game/game_fn_801FFE78.o
[869/878] EXTERNALIZE build/GEDE01/src/game/game_fn_801F7510.o
[870/878] EXTERNALIZE build/GEDE01/src/game/game_fn_801F9CF4.o
[871/878] EXTERNALIZE build/GEDE01/src/game/game_fn_801FC034.o
[872/878] EXTERNALIZE build/GEDE01/src/game/game_fn_801FA9C8.o
[873/878] REPORT
 INFO Loading project .
 INFO Generating report for 7068 units (using 8 threads)
 INFO Report generated in 0.298s
 INFO Writing to build/GEDE01/report.json
[874/878] LINK build/GEDE01/main.elf
### mwldeppc.exe Linker Warning:
#   Section '.ignored' is unknown. Section ignored.
### mwldeppc.exe Linker Warning:
#   Section '.ignored' is unknown. Section ignored.
### mwldeppc.exe Linker Warning:
#   Section '.ignored' is unknown. Section ignored.
### mwldeppc.exe Linker Warning:
#   Section '.ignored' is unknown. Section ignored.
### mwldeppc.exe Linker Warning:
#   Section '.ignored' is unknown. Section ignored.
### mwldeppc.exe Linker Warning:
#   Section '.ignored' is unknown. Section ignored.
### mwldeppc.exe Linker Warning:
#   Section '.ignored' is unknown. Section ignored.
### mwldeppc.exe Linker Warning:
#   Section '.ignored' is unknown. Section ignored.
### mwldeppc.exe Linker Warning:
#   Section '.ignored' is unknown. Section ignored.
### mwldeppc.exe Linker Warning:
#   Section '.ignored' is unknown. Section ignored.
### mwldeppc.exe Linker Warning:
#   Section '.ignored' is unknown. Section ignored.
### mwldeppc.exe Linker Warning:
#   Section '.ignored' is unknown. Section ignored.
### mwldeppc.exe Linker Warning:
#   Section '.ignored' is unknown. Section ignored.
### mwldeppc.exe Linker Warning:
#   Section '.ignored' is unknown. Section ignored.
### mwldeppc.exe Linker Warning:
#   Section '.ignored' is unknown. Section ignored.
### mwldeppc.exe Linker Warning:
#   Section '.ignored' is unknown. Section ignored.
### mwldeppc.exe Linker Warning:
#   Section '.ignored' is unknown. Section ignored.
### mwldeppc.exe Linker Warning:
#   Section '.ignored' is unknown. Section ignored.
### mwldeppc.exe Linker Warning:
#   Section '.ignored' is unknown. Section ignored.
### mwldeppc.exe Linker Warning:
#   Section '.ignored' is unknown. Section ignored.
### mwldeppc.exe Linker Warning:
#   Section '.ignored' is unknown. Section ignored.
### mwldeppc.exe Linker Warning:
#   Section '.ignored' is unknown. Section ignored.
### mwldeppc.exe Linker Warning:
#   Section '.ignored' is unknown. Section ignored.
### mwldeppc.exe Linker Warning:
#   Section '.ignored' is unknown. Section ignored.
### mwldeppc.exe Linker Warning:
#   Section '.ignored' is unknown. Section ignored.
### mwldeppc.exe Linker Warning:
#   Section '.ignored' is unknown. Section ignored.
### mwldeppc.exe Linker Warning:
#   Section '.ignored' is unknown. Section ignored.
### mwldeppc.exe Linker Warning:
#   Section '.ignored' is unknown. Section ignored.
### mwldeppc.exe Linker Warning:
#   Section '.ignored' is unknown. Section ignored.
### mwldeppc.exe Linker Warning:
#   Section '.ignored' is unknown. Section ignored.
### mwldeppc.exe Linker Warning:
#   Section '.ignored' is unknown. Section ignored.
### mwldeppc.exe Linker Warning:
#   Section '.ignored' is unknown. Section ignored.
### mwldeppc.exe Linker Warning:
#   Section '.ignored' is unknown. Section ignored.
### mwldeppc.exe Linker Warning:
#   Section '.ignored' is unknown. Section ignored.
### mwldeppc.exe Linker Warning:
#   Section '.ignored' is unknown. Section ignored.
### mwldeppc.exe Linker Warning:
#   Section '.ignored' is unknown. Section ignored.
### mwldeppc.exe Linker Warning:
#   Section '.ignored' is unknown. Section ignored.
### mwldeppc.exe Linker Warning:
#   Section '.ignored' is unknown. Section ignored.
### mwldeppc.exe Linker Warning:
#   Section '.ignored' is unknown. Section ignored.
### mwldeppc.exe Linker Warning:
#   Section '.ignored' is unknown. Section ignored.
### mwldeppc.exe Linker Warning:
#   Section '.ignored' is unknown. Section ignored.
### mwldeppc.exe Linker Warning:
#   Section '.ignored' is unknown. Section ignored.
### mwldeppc.exe Linker Warning:
#   Section '.ignored' is unknown. Section ignored.
### mwldeppc.exe Linker Warning:
#   Section '.ignored' is unknown. Section ignored.
### mwldeppc.exe Linker Warning:
#   Section '.ignored' is unknown. Section ignored.
### mwldeppc.exe Linker Warning:
#   Section '.ignored' is unknown. Section ignored.
### mwldeppc.exe Linker Warning:
#   Section '.ignored' is unknown. Section ignored.
### mwldeppc.exe Linker Warning:
#   Section '.ignored' is unknown. Section ignored.
### mwldeppc.exe Linker Warning:
#   Section '.ignored' is unknown. Section ignored.
### mwldeppc.exe Linker Warning:
#   Section '.ignored' is unknown. Section ignored.
### mwldeppc.exe Linker Warning:
#   Section '.ignored' is unknown. Section ignored.
### mwldeppc.exe Linker Warning:
#   Section '.ignored' is unknown. Section ignored.
### mwldeppc.exe Linker Warning:
#   Section '.ignored' is unknown. Section ignored.
### mwldeppc.exe Linker Warning:
#   Section '.ignored' is unknown. Section ignored.
### mwldeppc.exe Linker Warning:
#   Section '.ignored' is unknown. Section ignored.
### mwldeppc.exe Linker Warning:
#   Section '.ignored' is unknown. Section ignored.
### mwldeppc.exe Linker Warning:
#   Section '.ignored' is unknown. Section ignored.
### mwldeppc.exe Linker Warning:
#   Section '.ignored' is unknown. Section ignored.
### mwldeppc.exe Linker Warning:
#   Section '.ignored' is unknown. Section ignored.
### mwldeppc.exe Linker Warning:
#   Section '.ignored' is unknown. Section ignored.
### mwldeppc.exe Linker Warning:
#   Section '.ignored' is unknown. Section ignored.
### mwldeppc.exe Linker Warning:
#   Section '.ignored' is unknown. Section ignored.
### mwldeppc.exe Linker Warning:
#   Section '.ignored' is unknown. Section ignored.
### mwldeppc.exe Linker Warning:
#   Section '.ignored' is unknown. Section ignored.
### mwldeppc.exe Linker Warning:
#   Section '.ignored' is unknown. Section ignored.
### mwldeppc.exe Linker Warning:
#   Section '.ignored' is unknown. Section ignored.
### mwldeppc.exe Linker Warning:
#   Section '.ignored' is unknown. Section ignored.
### mwldeppc.exe Linker Warning:
#   Section '.ignored' is unknown. Section ignored.
### mwldeppc.exe Linker Warning:
#   Section '.ignored' is unknown. Section ignored.
### mwldeppc.exe Linker Warning:
#   Section '.ignored' is unknown. Section ignored.
### mwldeppc.exe Linker Warning:
#   Section '.ignored' is unknown. Section ignored.
### mwldeppc.exe Linker Warning:
#   Section '.ignored' is unknown. Section ignored.
### mwldeppc.exe Linker Warning:
#   Section '.ignored' is unknown. Section ignored.
### mwldeppc.exe Linker Warning:
#   Section '.ignored' is unknown. Section ignored.
### mwldeppc.exe Linker Warning:
#   Section '.ignored' is unknown. Section ignored.
### mwldeppc.exe Linker Warning:
#   Section '.ignored' is unknown. Section ignored.
### mwldeppc.exe Linker Warning:
#   Section '.ignored' is unknown. Section ignored.
### mwldeppc.exe Linker Warning:
#   Section '.ignored' is unknown. Section ignored.
### mwldeppc.exe Linker Warning:
#   Section '.ignored' is unknown. Section ignored.
### mwldeppc.exe Linker Warning:
#   Section '.ignored' is unknown. Section ignored.
### mwldeppc.exe Linker Warning:
#   Section '.ignored' is unknown. Section ignored.
### mwldeppc.exe Linker Warning:
#   Section '.ignored' is unknown. Section ignored.
### mwldeppc.exe Linker Warning:
#   Section '.ignored' is unknown. Section ignored.
### mwldeppc.exe Linker Warning:
#   Section '.ignored' is unknown. Section ignored.
### mwldeppc.exe Linker Warning:
#   Section '.ignored' is unknown. Section ignored.
### mwldeppc.exe Linker Warning:
#   Section '.ignored' is unknown. Section ignored.
### mwldeppc.exe Linker Warning:
#   Section '.ignored' is unknown. Section ignored.
### mwldeppc.exe Linker Warning:
#   Section '.ignored' is unknown. Section ignored.
### mwldeppc.exe Linker Warning:
#   Section '.ignored' is unknown. Section ignored.
### mwldeppc.exe Linker Warning:
#   Section '.ignored' is unknown. Section ignored.
### mwldeppc.exe Linker Warning:
#   Section '.ignored' is unknown. Section ignored.
### mwldeppc.exe Linker Warning:
#   Section '.ignored' is unknown. Section ignored.
### mwldeppc.exe Linker Warning:
#   Section '.ignored' is unknown. Section ignored.
### mwldeppc.exe Linker Warning:
#   Section '.ignored' is unknown. Section ignored.
### mwldeppc.exe Linker Warning:
#   Section '.ignored' is unknown. Section ignored.
### mwldeppc.exe Linker Warning:
#   Section '.ignored' is unknown. Section ignored.
### mwldeppc.exe Linker Warning:
#   Section '.ignored' is unknown. Section ignored.
### mwldeppc.exe Linker Warning:
#   Section '.ignored' is unknown. Section ignored.
### mwldeppc.exe Linker Warning:
#   Section '.ignored' is unknown. Section ignored.
### mwldeppc.exe Linker Warning:
#   Section '.ignored' is unknown. Section ignored.
### mwldeppc.exe Linker Warning:
#   Section '.ignored' is unknown. Section ignored.
### mwldeppc.exe Linker Warning:
#   Section '.ignored' is unknown. Section ignored.
### mwldeppc.exe Linker Warning:
#   Section '.ignored' is unknown. Section ignored.
### mwldeppc.exe Linker Warning:
#   Section '.ignored' is unknown. Section ignored.
### mwldeppc.exe Linker Warning:
#   Section '.ignored' is unknown. Section ignored.
### mwldeppc.exe Linker Warning:
#   Section '.ignored' is unknown. Section ignored.
### mwldeppc.exe Linker Warning:
#   Section '.ignored' is unknown. Section ignored.
### mwldeppc.exe Linker Warning:
#   Section '.ignored' is unknown. Section ignored.
### mwldeppc.exe Linker Warning:
#   Section '.ignored' is unknown. Section ignored.
### mwldeppc.exe Linker Warning:
#   Section '.ignored' is unknown. Section ignored.
### mwldeppc.exe Linker Warning:
#   Section '.ignored' is unknown. Section ignored.
### mwldeppc.exe Linker Warning:
#   Section '.ignored' is unknown. Section ignored.
### mwldeppc.exe Linker Warning:
#   Section '.ignored' is unknown. Section ignored.
### mwldeppc.exe Linker Warning:
#   Section '.ignored' is unknown. Section ignored.
### mwldeppc.exe Linker Warning:
#   Section '.ignored' is unknown. Section ignored.
### mwldeppc.exe Linker Warning:
#   Section '.ignored' is unknown. Section ignored.
### mwldeppc.exe Linker Warning:
#   Section '.ignored' is unknown. Section ignored.
### mwldeppc.exe Linker Warning:
#   Section '.ignored' is unknown. Section ignored.
### mwldeppc.exe Linker Warning:
#   Section '.ignored' is unknown. Section ignored.
### mwldeppc.exe Linker Warning:
#   Section '.ignored' is unknown. Section ignored.
### mwldeppc.exe Linker Warning:
#   Section '.ignored' is unknown. Section ignored.
### mwldeppc.exe Linker Warning:
#   Section '.ignored' is unknown. Section ignored.
### mwldeppc.exe Linker Warning:
#   Section '.ignored' is unknown. Section ignored.
### mwldeppc.exe Linker Warning:
#   Section '.ignored' is unknown. Section ignored.
### mwldeppc.exe Linker Warning:
#   Section '.ignored' is unknown. Section ignored.
### mwldeppc.exe Linker Warning:
#   Section '.ignored' is unknown. Section ignored.
### mwldeppc.exe Linker Warning:
#   Section '.ignored' is unknown. Section ignored.
### mwldeppc.exe Linker Warning:
#   Section '.ignored' is unknown. Section ignored.
### mwldeppc.exe Linker Warning:
#   Section '.ignored' is unknown. Section ignored.
### mwldeppc.exe Linker Warning:
#   Section '.ignored' is unknown. Section ignored.
### mwldeppc.exe Linker Warning:
#   Section '.ignored' is unknown. Section ignored.
### mwldeppc.exe Linker Warning:
#   Section '.ignored' is unknown. Section ignored.
### mwldeppc.exe Linker Warning:
#   Section '.ignored' is unknown. Section ignored.
### mwldeppc.exe Linker Warning:
#   Section '.ignored' is unknown. Section ignored.
### mwldeppc.exe Linker Warning:
#   Section '.ignored' is unknown. Section ignored.
### mwldeppc.exe Linker Warning:
#   Section '.ignored' is unknown. Section ignored.
### mwldeppc.exe Linker Warning:
#   Section '.ignored' is unknown. Section ignored.
### mwldeppc.exe Linker Warning:
#   Section '.ignored' is unknown. Section ignored.
### mwldeppc.exe Linker Warning:
#   Section '.ignored' is unknown. Section ignored.
### mwldeppc.exe Linker Warning:
#   Section '.ignored' is unknown. Section ignored.
### mwldeppc.exe Linker Warning:
#   Section '.ignored' is unknown. Section ignored.
### mwldeppc.exe Linker Warning:
#   Section '.ignored' is unknown. Section ignored.
### mwldeppc.exe Linker Warning:
#   Section '.ignored' is unknown. Section ignored.
### mwldeppc.exe Linker Warning:
#   Section '.ignored' is unknown. Section ignored.
### mwldeppc.exe Linker Warning:
#   Section '.ignored' is unknown. Section ignored.
### mwldeppc.exe Linker Warning:
#   Section '.ignored' is unknown. Section ignored.
### mwldeppc.exe Linker Warning:
#   Section '.ignored' is unknown. Section ignored.
### mwldeppc.exe Linker Warning:
#   Section '.ignored' is unknown. Section ignored.
### mwldeppc.exe Linker Warning:
#   Section '.ignored' is unknown. Section ignored.
### mwldeppc.exe Linker Warning:
#   Section '.ignored' is unknown. Section ignored.
### mwldeppc.exe Linker Warning:
#   Section '.ignored' is unknown. Section ignored.
### mwldeppc.exe Linker Warning:
#   Section '.ignored' is unknown. Section ignored.
### mwldeppc.exe Linker Warning:
#   Section '.ignored' is unknown. Section ignored.
### mwldeppc.exe Linker Warning:
#   Section '.ignored' is unknown. Section ignored.
### mwldeppc.exe Linker Warning:
#   Section '.ignored' is unknown. Section ignored.
### mwldeppc.exe Linker Warning:
#   Section '.ignored' is unknown. Section ignored.
### mwldeppc.exe Linker Warning:
#   Section '.ignored' is unknown. Section ignored.
### mwldeppc.exe Linker Warning:
#   Section '.ignored' is unknown. Section ignored.
### mwldeppc.exe Linker Warning:
#   Section '.ignored' is unknown. Section ignored.
### mwldeppc.exe Linker Warning:
#   Section '.ignored' is unknown. Section ignored.
### mwldeppc.exe Linker Warning:
#   Section '.ignored' is unknown. Section ignored.
### mwldeppc.exe Linker Warning:
#   Section '.ignored' is unknown. Section ignored.
### mwldeppc.exe Linker Warning:
#   Section '.ignored' is unknown. Section ignored.
### mwldeppc.exe Linker Warning:
#   Section '.ignored' is unknown. Section ignored.
### mwldeppc.exe Linker Warning:
#   Section '.ignored' is unknown. Section ignored.
### mwldeppc.exe Linker Warning:
#   Section '.ignored' is unknown. Section ignored.
### mwldeppc.exe Linker Warning:
#   Section '.ignored' is unknown. Section ignored.
### mwldeppc.exe Linker Warning:
#   Section '.ignored' is unknown. Section ignored.
### mwldeppc.exe Linker Warning:
#   Section '.ignored' is unknown. Section ignored.
### mwldeppc.exe Linker Warning:
#   Section '.ignored' is unknown. Section ignored.
### mwldeppc.exe Linker Warning:
#   Section '.ignored' is unknown. Section ignored.
### mwldeppc.exe Linker Warning:
#   Section '.ignored' is unknown. Section ignored.
### mwldeppc.exe Linker Warning:
#   Section '.ignored' is unknown. Section ignored.
### mwldeppc.exe Linker Warning:
#   Section '.ignored' is unknown. Section ignored.
### mwldeppc.exe Linker Warning:
#   Section '.ignored' is unknown. Section ignored.
### mwldeppc.exe Linker Warning:
#   Section '.ignored' is unknown. Section ignored.
### mwldeppc.exe Linker Warning:
#   Section '.ignored' is unknown. Section ignored.
### mwldeppc.exe Linker Warning:
#   Section '.ignored' is unknown. Section ignored.
### mwldeppc.exe Linker Warning:
#   Section '.ignored' is unknown. Section ignored.
### mwldeppc.exe Linker Warning:
#   Section '.ignored' is unknown. Section ignored.
### mwldeppc.exe Linker Warning:
#   Section '.ignored' is unknown. Section ignored.
### mwldeppc.exe Linker Warning:
#   Section '.ignored' is unknown. Section ignored.
### mwldeppc.exe Linker Warning:
#   Section '.ignored' is unknown. Section ignored.
### mwldeppc.exe Linker Warning:
#   Section '.ignored' is unknown. Section ignored.
### mwldeppc.exe Linker Warning:
#   Section '.ignored' is unknown. Section ignored.
### mwldeppc.exe Linker Warning:
#   Section '.ignored' is unknown. Section ignored.
### mwldeppc.exe Linker Warning:
#   Section '.ignored' is unknown. Section ignored.
### mwldeppc.exe Linker Warning:
#   Section '.ignored' is unknown. Section ignored.
### mwldeppc.exe Linker Warning:
#   Section '.ignored' is unknown. Section ignored.
### mwldeppc.exe Linker Warning:
#   Section '.ignored' is unknown. Section ignored.
### mwldeppc.exe Linker Warning:
#   Section '.ignored' is unknown. Section ignored.
### mwldeppc.exe Linker Warning:
#   Section '.ignored' is unknown. Section ignored.
### mwldeppc.exe Linker Warning:
#   Section '.ignored' is unknown. Section ignored.
### mwldeppc.exe Linker Warning:
#   Section '.ignored' is unknown. Section ignored.
### mwldeppc.exe Linker Warning:
#   Section '.ignored' is unknown. Section ignored.
### mwldeppc.exe Linker Warning:
#   Section '.ignored' is unknown. Section ignored.
### mwldeppc.exe Linker Warning:
#   Section '.ignored' is unknown. Section ignored.
### mwldeppc.exe Linker Warning:
#   Section '.ignored' is unknown. Section ignored.
### mwldeppc.exe Linker Warning:
#   Section '.ignored' is unknown. Section ignored.
### mwldeppc.exe Linker Warning:
#   Section '.ignored' is unknown. Section ignored.
### mwldeppc.exe Linker Warning:
#   Section '.ignored' is unknown. Section ignored.
### mwldeppc.exe Linker Warning:
#   Section '.ignored' is unknown. Section ignored.
### mwldeppc.exe Linker Warning:
#   Section '.ignored' is unknown. Section ignored.
### mwldeppc.exe Linker Warning:
#   Section '.ignored' is unknown. Section ignored.
### mwldeppc.exe Linker Warning:
#   Section '.ignored' is unknown. Section ignored.
### mwldeppc.exe Linker Warning:
#   Section '.ignored' is unknown. Section ignored.
### mwldeppc.exe Linker Warning:
#   Section '.ignored' is unknown. Section ignored.
### mwldeppc.exe Linker Warning:
#   Section '.ignored' is unknown. Section ignored.
### mwldeppc.exe Linker Warning:
#   Section '.ignored' is unknown. Section ignored.
### mwldeppc.exe Linker Warning:
#   Section '.ignored' is unknown. Section ignored.
### mwldeppc.exe Linker Warning:
#   Section '.ignored' is unknown. Section ignored.
### mwldeppc.exe Linker Warning:
#   Section '.ignored' is unknown. Section ignored.
### mwldeppc.exe Linker Warning:
#   Section '.ignored' is unknown. Section ignored.
### mwldeppc.exe Linker Warning:
#   Section '.ignored' is unknown. Section ignored.
### mwldeppc.exe Linker Warning:
#   Section '.ignored' is unknown. Section ignored.
### mwldeppc.exe Linker Warning:
#   Section '.ignored' is unknown. Section ignored.
### mwldeppc.exe Linker Warning:
#   Section '.ignored' is unknown. Section ignored.
### mwldeppc.exe Linker Warning:
#   Section '.ignored' is unknown. Section ignored.
### mwldeppc.exe Linker Warning:
#   Section '.ignored' is unknown. Section ignored.
### mwldeppc.exe Linker Warning:
#   Section '.ignored' is unknown. Section ignored.
### mwldeppc.exe Linker Warning:
#   Section '.ignored' is unknown. Section ignored.
### mwldeppc.exe Linker Warning:
#   Section '.ignored' is unknown. Section ignored.
### mwldeppc.exe Linker Warning:
#   Section '.ignored' is unknown. Section ignored.
### mwldeppc.exe Linker Warning:
#   Section '.ignored' is unknown. Section ignored.
### mwldeppc.exe Linker Warning:
#   Section '.ignored' is unknown. Section ignored.
### mwldeppc.exe Linker Warning:
#   Section '.ignored' is unknown. Section ignored.
### mwldeppc.exe Linker Warning:
#   Section '.ignored' is unknown. Section ignored.
### mwldeppc.exe Linker Warning:
#   Section '.ignored' is unknown. Section ignored.
### mwldeppc.exe Linker Warning:
#   Section '.ignored' is unknown. Section ignored.
### mwldeppc.exe Linker Warning:
#   Section '.ignored' is unknown. Section ignored.
### mwldeppc.exe Linker Warning:
#   Section '.ignored' is unknown. Section ignored.
### mwldeppc.exe Linker Warning:
#   Section '.ignored' is unknown. Section ignored.
### mwldeppc.exe Linker Warning:
#   Section '.ignored' is unknown. Section ignored.
### mwldeppc.exe Linker Warning:
#   Section '.ignored' is unknown. Section ignored.
### mwldeppc.exe Linker Warning:
#   Section '.ignored' is unknown. Section ignored.
### mwldeppc.exe Linker Warning:
#   Section '.ignored' is unknown. Section ignored.
### mwldeppc.exe Linker Warning:
#   Section '.ignored' is unknown. Section ignored.
### mwldeppc.exe Linker Warning:
#   Section '.ignored' is unknown. Section ignored.
### mwldeppc.exe Linker Warning:
#   Section '.ignored' is unknown. Section ignored.
### mwldeppc.exe Linker Warning:
#   Section '.ignored' is unknown. Section ignored.
### mwldeppc.exe Linker Warning:
#   Section '.ignored' is unknown. Section ignored.
### mwldeppc.exe Linker Warning:
#   Section '.ignored' is unknown. Section ignored.
### mwldeppc.exe Linker Warning:
#   Section '.ignored' is unknown. Section ignored.
### mwldeppc.exe Linker Warning:
#   Section '.ignored' is unknown. Section ignored.
### mwldeppc.exe Linker Warning:
#   Section '.ignored' is unknown. Section ignored.
### mwldeppc.exe Linker Warning:
#   Section '.ignored' is unknown. Section ignored.
### mwldeppc.exe Linker Warning:
#   Section '.ignored' is unknown. Section ignored.
### mwldeppc.exe Linker Warning:
#   Section '.ignored' is unknown. Section ignored.
### mwldeppc.exe Linker Warning:
#   Section '.ignored' is unknown. Section ignored.
### mwldeppc.exe Linker Warning:
#   Section '.ignored' is unknown. Section ignored.
### mwldeppc.exe Linker Warning:
#   Section '.ignored' is unknown. Section ignored.
### mwldeppc.exe Linker Warning:
#   Section '.ignored' is unknown. Section ignored.
### mwldeppc.exe Linker Warning:
#   Section '.ignored' is unknown. Section ignored.
### mwldeppc.exe Linker Warning:
#   Section '.ignored' is unknown. Section ignored.
### mwldeppc.exe Linker Warning:
#   Section '.ignored' is unknown. Section ignored.
### mwldeppc.exe Linker Warning:
#   Section '.ignored' is unknown. Section ignored.
### mwldeppc.exe Linker Warning:
#   Section '.ignored' is unknown. Section ignored.
### mwldeppc.exe Linker Warning:
#   Section '.ignored' is unknown. Section ignored.
### mwldeppc.exe Linker Warning:
#   Section '.ignored' is unknown. Section ignored.
### mwldeppc.exe Linker Warning:
#   Section '.ignored' is unknown. Section ignored.
### mwldeppc.exe Linker Warning:
#   Section '.ignored' is unknown. Section ignored.
### mwldeppc.exe Linker Warning:
#   Section '.ignored' is unknown. Section ignored.
### mwldeppc.exe Linker Warning:
#   Section '.ignored' is unknown. Section ignored.
### mwldeppc.exe Linker Warning:
#   Section '.ignored' is unknown. Section ignored.
### mwldeppc.exe Linker Warning:
#   Section '.ignored' is unknown. Section ignored.
### mwldeppc.exe Linker Warning:
#   Section '.ignored' is unknown. Section ignored.
### mwldeppc.exe Linker Warning:
#   Section '.ignored' is unknown. Section ignored.
### mwldeppc.exe Linker Warning:
#   Section '.ignored' is unknown. Section ignored.
### mwldeppc.exe Linker Warning:
#   Section '.ignored' is unknown. Section ignored.
### mwldeppc.exe Linker Warning:
#   Section '.ignored' is unknown. Section ignored.
### mwldeppc.exe Linker Warning:
#   Section '.ignored' is unknown. Section ignored.
### mwldeppc.exe Linker Warning:
#   Section '.ignored' is unknown. Section ignored.
### mwldeppc.exe Linker Warning:
#   Section '.ignored' is unknown. Section ignored.
### mwldeppc.exe Linker Warning:
#   Section '.ignored' is unknown. Section ignored.
### mwldeppc.exe Linker Warning:
#   Section '.ignored' is unknown. Section ignored.
### mwldeppc.exe Linker Warning:
#   Section '.ignored' is unknown. Section ignored.
### mwldeppc.exe Linker Warning:
#   Section '.ignored' is unknown. Section ignored.
### mwldeppc.exe Linker Warning:
#   Section '.ignored' is unknown. Section ignored.
### mwldeppc.exe Linker Warning:
#   Section '.ignored' is unknown. Section ignored.
### mwldeppc.exe Linker Warning:
#   Section '.ignored' is unknown. Section ignored.
### mwldeppc.exe Linker Warning:
#   Section '.ignored' is unknown. Section ignored.
### mwldeppc.exe Linker Warning:
#   Section '.ignored' is unknown. Section ignored.
### mwldeppc.exe Linker Warning:
#   Section '.ignored' is unknown. Section ignored.
### mwldeppc.exe Linker Warning:
#   Section '.ignored' is unknown. Section ignored.
### mwldeppc.exe Linker Warning:
#   Section '.ignored' is unknown. Section ignored.
### mwldeppc.exe Linker Warning:
#   Section '.ignored' is unknown. Section ignored.
### mwldeppc.exe Linker Warning:
#   Section '.ignored' is unknown. Section ignored.
### mwldeppc.exe Linker Warning:
#   Section '.ignored' is unknown. Section ignored.
### mwldeppc.exe Linker Warning:
#   Section '.ignored' is unknown. Section ignored.
### mwldeppc.exe Linker Warning:
#   Section '.ignored' is unknown. Section ignored.
### mwldeppc.exe Linker Warning:
#   Section '.ignored' is unknown. Section ignored.
### mwldeppc.exe Linker Warning:
#   Section '.ignored' is unknown. Section ignored.
### mwldeppc.exe Linker Warning:
#   Section '.ignored' is unknown. Section ignored.
### mwldeppc.exe Linker Warning:
#   Section '.ignored' is unknown. Section ignored.
### mwldeppc.exe Linker Warning:
#   Section '.ignored' is unknown. Section ignored.
### mwldeppc.exe Linker Warning:
#   Section '.ignored' is unknown. Section ignored.
### mwldeppc.exe Linker Warning:
#   Section '.ignored' is unknown. Section ignored.
### mwldeppc.exe Linker Warning:
#   Section '.ignored' is unknown. Section ignored.
### mwldeppc.exe Linker Warning:
#   Section '.ignored' is unknown. Section ignored.
### mwldeppc.exe Linker Warning:
#   Section '.ignored' is unknown. Section ignored.
### mwldeppc.exe Linker Warning:
#   Section '.ignored' is unknown. Section ignored.
### mwldeppc.exe Linker Warning:
#   Section '.ignored' is unknown. Section ignored.
### mwldeppc.exe Linker Warning:
#   Section '.ignored' is unknown. Section ignored.
### mwldeppc.exe Linker Warning:
#   Section '.ignored' is unknown. Section ignored.
### mwldeppc.exe Linker Warning:
#   Section '.ignored' is unknown. Section ignored.
### mwldeppc.exe Linker Warning:
#   Section '.ignored' is unknown. Section ignored.
### mwldeppc.exe Linker Warning:
#   Section '.ignored' is unknown. Section ignored.
### mwldeppc.exe Linker Warning:
#   Section '.ignored' is unknown. Section ignored.
### mwldeppc.exe Linker Warning:
#   Section '.ignored' is unknown. Section ignored.
### mwldeppc.exe Linker Warning:
#   Section '.ignored' is unknown. Section ignored.
### mwldeppc.exe Linker Warning:
#   Section '.ignored' is unknown. Section ignored.
### mwldeppc.exe Linker Warning:
#   Section '.ignored' is unknown. Section ignored.
### mwldeppc.exe Linker Warning:
#   Section '.ignored' is unknown. Section ignored.
### mwldeppc.exe Linker Warning:
#   Section '.ignored' is unknown. Section ignored.
### mwldeppc.exe Linker Warning:
#   Section '.ignored' is unknown. Section ignored.
### mwldeppc.exe Linker Warning:
#   Section '.ignored' is unknown. Section ignored.
### mwldeppc.exe Linker Warning:
#   Section '.ignored' is unknown. Section ignored.
### mwldeppc.exe Linker Warning:
#   Section '.ignored' is unknown. Section ignored.
### mwldeppc.exe Linker Warning:
#   Section '.ignored' is unknown. Section ignored.
### mwldeppc.exe Linker Warning:
#   Section '.ignored' is unknown. Section ignored.
### mwldeppc.exe Linker Warning:
#   Section '.ignored' is unknown. Section ignored.
### mwldeppc.exe Linker Warning:
#   Section '.ignored' is unknown. Section ignored.
### mwldeppc.exe Linker Warning:
#   Section '.ignored' is unknown. Section ignored.
### mwldeppc.exe Linker Warning:
#   Section '.ignored' is unknown. Section ignored.
### mwldeppc.exe Linker Warning:
#   Section '.ignored' is unknown. Section ignored.
### mwldeppc.exe Linker Warning:
#   Section '.ignored' is unknown. Section ignored.
### mwldeppc.exe Linker Warning:
#   Section '.ignored' is unknown. Section ignored.
### mwldeppc.exe Linker Warning:
#   Section '.ignored' is unknown. Section ignored.
### mwldeppc.exe Linker Warning:
#   Section '.ignored' is unknown. Section ignored.
### mwldeppc.exe Linker Warning:
#   Section '.ignored' is unknown. Section ignored.
### mwldeppc.exe Linker Warning:
#   Section '.ignored' is unknown. Section ignored.
### mwldeppc.exe Linker Warning:
#   Section '.ignored' is unknown. Section ignored.
### mwldeppc.exe Linker Warning:
#   Section '.ignored' is unknown. Section ignored.
### mwldeppc.exe Linker Warning:
#   Section '.ignored' is unknown. Section ignored.
### mwldeppc.exe Linker Warning:
#   Section '.ignored' is unknown. Section ignored.
### mwldeppc.exe Linker Warning:
#   Section '.ignored' is unknown. Section ignored.
### mwldeppc.exe Linker Warning:
#   Section '.ignored' is unknown. Section ignored.
### mwldeppc.exe Linker Warning:
#   Section '.ignored' is unknown. Section ignored.
### mwldeppc.exe Linker Warning:
#   Section '.ignored' is unknown. Section ignored.
### mwldeppc.exe Linker Warning:
#   Section '.ignored' is unknown. Section ignored.
### mwldeppc.exe Linker Warning:
#   Section '.ignored' is unknown. Section ignored.
### mwldeppc.exe Linker Warning:
#   Section '.ignored' is unknown. Section ignored.
### mwldeppc.exe Linker Warning:
#   Section '.ignored' is unknown. Section ignored.
### mwldeppc.exe Linker Warning:
#   Section '.ignored' is unknown. Section ignored.
### mwldeppc.exe Linker Warning:
#   Section '.ignored' is unknown. Section ignored.
### mwldeppc.exe Linker Warning:
#   Section '.ignored' is unknown. Section ignored.
### mwldeppc.exe Linker Warning:
#   Section '.ignored' is unknown. Section ignored.
### mwldeppc.exe Linker Warning:
#   Section '.ignored' is unknown. Section ignored.
### mwldeppc.exe Linker Warning:
#   Section '.ignored' is unknown. Section ignored.
### mwldeppc.exe Linker Warning:
#   Section '.ignored' is unknown. Section ignored.
### mwldeppc.exe Linker Warning:
#   Section '.ignored' is unknown. Section ignored.
### mwldeppc.exe Linker Warning:
#   Section '.ignored' is unknown. Section ignored.
### mwldeppc.exe Linker Warning:
#   Section '.ignored' is unknown. Section ignored.
### mwldeppc.exe Linker Warning:
#   Section '.ignored' is unknown. Section ignored.
### mwldeppc.exe Linker Warning:
#   Section '.ignored' is unknown. Section ignored.
### mwldeppc.exe Linker Warning:
#   Section '.ignored' is unknown. Section ignored.
### mwldeppc.exe Linker Warning:
#   Section '.ignored' is unknown. Section ignored.
### mwldeppc.exe Linker Warning:
#   Section '.ignored' is unknown. Section ignored.
### mwldeppc.exe Linker Warning:
#   Section '.ignored' is unknown. Section ignored.
### mwldeppc.exe Linker Warning:
#   Section '.ignored' is unknown. Section ignored.
### mwldeppc.exe Linker Warning:
#   Section '.ignored' is unknown. Section ignored.
### mwldeppc.exe Linker Warning:
#   Section '.ignored' is unknown. Section ignored.
### mwldeppc.exe Linker Warning:
#   Section '.ignored' is unknown. Section ignored.
### mwldeppc.exe Linker Warning:
#   Section '.ignored' is unknown. Section ignored.
### mwldeppc.exe Linker Warning:
#   Section '.ignored' is unknown. Section ignored.
### mwldeppc.exe Linker Warning:
#   Section '.ignored' is unknown. Section ignored.
### mwldeppc.exe Linker Warning:
#   Section '.ignored' is unknown. Section ignored.
### mwldeppc.exe Linker Warning:
#   Section '.ignored' is unknown. Section ignored.
### mwldeppc.exe Linker Warning:
#   Section '.ignored' is unknown. Section ignored.
### mwldeppc.exe Linker Warning:
#   Section '.ignored' is unknown. Section ignored.
### mwldeppc.exe Linker Warning:
#   Section '.ignored' is unknown. Section ignored.
### mwldeppc.exe Linker Warning:
#   Section '.ignored' is unknown. Section ignored.
### mwldeppc.exe Linker Warning:
#   Section '.ignored' is unknown. Section ignored.
### mwldeppc.exe Linker Warning:
#   Section '.ignored' is unknown. Section ignored.
### mwldeppc.exe Linker Warning:
#   Section '.ignored' is unknown. Section ignored.
### mwldeppc.exe Linker Warning:
#   Section '.ignored' is unknown. Section ignored.
### mwldeppc.exe Linker Warning:
#   Section '.ignored' is unknown. Section ignored.
### mwldeppc.exe Linker Warning:
#   Section '.ignored' is unknown. Section ignored.
### mwldeppc.exe Linker Warning:
#   Section '.ignored' is unknown. Section ignored.
### mwldeppc.exe Linker Warning:
#   Section '.ignored' is unknown. Section ignored.
### mwldeppc.exe Linker Warning:
#   Section '.ignored' is unknown. Section ignored.
### mwldeppc.exe Linker Warning:
#   Section '.ignored' is unknown. Section ignored.
### mwldeppc.exe Linker Warning:
#   Section '.ignored' is unknown. Section ignored.
### mwldeppc.exe Linker Warning:
#   Section '.ignored' is unknown. Section ignored.
### mwldeppc.exe Linker Warning:
#   Section '.ignored' is unknown. Section ignored.
### mwldeppc.exe Linker Warning:
#   Section '.ignored' is unknown. Section ignored.
### mwldeppc.exe Linker Warning:
#   Section '.ignored' is unknown. Section ignored.
### mwldeppc.exe Linker Warning:
#   Section '.ignored' is unknown. Section ignored.
### mwldeppc.exe Linker Warning:
#   Section '.ignored' is unknown. Section ignored.
### mwldeppc.exe Linker Warning:
#   Section '.ignored' is unknown. Section ignored.
### mwldeppc.exe Linker Warning:
#   Section '.ignored' is unknown. Section ignored.
### mwldeppc.exe Linker Warning:
#   Section '.ignored' is unknown. Section ignored.
### mwldeppc.exe Linker Warning:
#   Section '.ignored' is unknown. Section ignored.
### mwldeppc.exe Linker Warning:
#   Section '.ignored' is unknown. Section ignored.
### mwldeppc.exe Linker Warning:
#   Section '.ignored' is unknown. Section ignored.
### mwldeppc.exe Linker Warning:
#   Section '.ignored' is unknown. Section ignored.
### mwldeppc.exe Linker Warning:
#   Section '.ignored' is unknown. Section ignored.
### mwldeppc.exe Linker Warning:
#   Section '.ignored' is unknown. Section ignored.
### mwldeppc.exe Linker Warning:
#   Section '.ignored' is unknown. Section ignored.
### mwldeppc.exe Linker Warning:
#   Section '.ignored' is unknown. Section ignored.
### mwldeppc.exe Linker Warning:
#   Section '.ignored' is unknown. Section ignored.
### mwldeppc.exe Linker Warning:
#   Section '.ignored' is unknown. Section ignored.
### mwldeppc.exe Linker Warning:
#   Section '.ignored' is unknown. Section ignored.
### mwldeppc.exe Linker Warning:
#   Section '.ignored' is unknown. Section ignored.
### mwldeppc.exe Linker Warning:
#   Section '.ignored' is unknown. Section ignored.
### mwldeppc.exe Linker Warning:
#   Section '.ignored' is unknown. Section ignored.
### mwldeppc.exe Linker Warning:
#   Section '.ignored' is unknown. Section ignored.
### mwldeppc.exe Linker Warning:
#   Section '.ignored' is unknown. Section ignored.
### mwldeppc.exe Linker Warning:
#   Section '.ignored' is unknown. Section ignored.
### mwldeppc.exe Linker Warning:
#   Section '.ignored' is unknown. Section ignored.
### mwldeppc.exe Linker Warning:
#   Section '.ignored' is unknown. Section ignored.
### mwldeppc.exe Linker Warning:
#   Section '.ignored' is unknown. Section ignored.
### mwldeppc.exe Linker Warning:
#   Section '.ignored' is unknown. Section ignored.
### mwldeppc.exe Linker Warning:
#   Section '.ignored' is unknown. Section ignored.
### mwldeppc.exe Linker Warning:
#   Section '.ignored' is unknown. Section ignored.
### mwldeppc.exe Linker Warning:
#   Section '.ignored' is unknown. Section ignored.
### mwldeppc.exe Linker Warning:
#   Section '.ignored' is unknown. Section ignored.
### mwldeppc.exe Linker Warning:
#   Section '.ignored' is unknown. Section ignored.
### mwldeppc.exe Linker Warning:
#   Section '.ignored' is unknown. Section ignored.
### mwldeppc.exe Linker Warning:
#   Section '.ignored' is unknown. Section ignored.
### mwldeppc.exe Linker Warning:
#   Section '.ignored' is unknown. Section ignored.
### mwldeppc.exe Linker Warning:
#   Section '.ignored' is unknown. Section ignored.
### mwldeppc.exe Linker Warning:
#   Section '.ignored' is unknown. Section ignored.
### mwldeppc.exe Linker Warning:
#   Section '.ignored' is unknown. Section ignored.
### mwldeppc.exe Linker Warning:
#   Section '.ignored' is unknown. Section ignored.
### mwldeppc.exe Linker Warning:
#   Section '.ignored' is unknown. Section ignored.
### mwldeppc.exe Linker Warning:
#   Section '.ignored' is unknown. Section ignored.
### mwldeppc.exe Linker Warning:
#   Section '.ignored' is unknown. Section ignored.
### mwldeppc.exe Linker Warning:
#   Section '.ignored' is unknown. Section ignored.
### mwldeppc.exe Linker Warning:
#   Section '.ignored' is unknown. Section ignored.
### mwldeppc.exe Linker Warning:
#   Section '.ignored' is unknown. Section ignored.
### mwldeppc.exe Linker Warning:
#   Section '.ignored' is unknown. Section ignored.
### mwldeppc.exe Linker Warning:
#   Section '.ignored' is unknown. Section ignored.
### mwldeppc.exe Linker Warning:
#   Section '.ignored' is unknown. Section ignored.
### mwldeppc.exe Linker Warning:
#   Section '.ignored' is unknown. Section ignored.
### mwldeppc.exe Linker Warning:
#   Section '.ignored' is unknown. Section ignored.
### mwldeppc.exe Linker Warning:
#   Section '.ignored' is unknown. Section ignored.
### mwldeppc.exe Linker Warning:
#   Section '.ignored' is unknown. Section ignored.
### mwldeppc.exe Linker Warning:
#   Section '.ignored' is unknown. Section ignored.
### mwldeppc.exe Linker Warning:
#   Section '.ignored' is unknown. Section ignored.
### mwldeppc.exe Linker Warning:
#   Section '.ignored' is unknown. Section ignored.
### mwldeppc.exe Linker Warning:
#   Section '.ignored' is unknown. Section ignored.
### mwldeppc.exe Linker Warning:
#   Section '.ignored' is unknown. Section ignored.
### mwldeppc.exe Linker Warning:
#   Section '.ignored' is unknown. Section ignored.
### mwldeppc.exe Linker Warning:
#   Section '.ignored' is unknown. Section ignored.
### mwldeppc.exe Linker Warning:
#   Section '.ignored' is unknown. Section ignored.
### mwldeppc.exe Linker Warning:
#   Section '.ignored' is unknown. Section ignored.
### mwldeppc.exe Linker Warning:
#   Section '.ignored' is unknown. Section ignored.
### mwldeppc.exe Linker Warning:
#   Section '.ignored' is unknown. Section ignored.
### mwldeppc.exe Linker Warning:
#   Section '.ignored' is unknown. Section ignored.
### mwldeppc.exe Linker Warning:
#   Section '.ignored' is unknown. Section ignored.
### mwldeppc.exe Linker Warning:
#   Section '.ignored' is unknown. Section ignored.
### mwldeppc.exe Linker Warning:
#   Section '.ignored' is unknown. Section ignored.
### mwldeppc.exe Linker Warning:
#   Section '.ignored' is unknown. Section ignored.
### mwldeppc.exe Linker Warning:
#   Section '.ignored' is unknown. Section ignored.
### mwldeppc.exe Linker Warning:
#   Section '.ignored' is unknown. Section ignored.
### mwldeppc.exe Linker Warning:
#   Section '.ignored' is unknown. Section ignored.
### mwldeppc.exe Linker Warning:
#   Section '.ignored' is unknown. Section ignored.
### mwldeppc.exe Linker Warning:
#   Section '.ignored' is unknown. Section ignored.
### mwldeppc.exe Linker Warning:
#   Section '.ignored' is unknown. Section ignored.
### mwldeppc.exe Linker Warning:
#   Section '.ignored' is unknown. Section ignored.
### mwldeppc.exe Linker Warning:
#   Section '.ignored' is unknown. Section ignored.
### mwldeppc.exe Linker Warning:
#   Section '.ignored' is unknown. Section ignored.
### mwldeppc.exe Linker Warning:
#   Section '.ignored' is unknown. Section ignored.
### mwldeppc.exe Linker Warning:
#   Section '.ignored' is unknown. Section ignored.
### mwldeppc.exe Linker Warning:
#   Section '.ignored' is unknown. Section ignored.
### mwldeppc.exe Linker Warning:
#   Section '.ignored' is unknown. Section ignored.
### mwldeppc.exe Linker Warning:
#   Section '.ignored' is unknown. Section ignored.
### mwldeppc.exe Linker Warning:
#   Section '.ignored' is unknown. Section ignored.
### mwldeppc.exe Linker Warning:
#   Section '.ignored' is unknown. Section ignored.
### mwldeppc.exe Linker Warning:
#   Section '.ignored' is unknown. Section ignored.
### mwldeppc.exe Linker Warning:
#   Section '.ignored' is unknown. Section ignored.
### mwldeppc.exe Linker Warning:
#   Section '.ignored' is unknown. Section ignored.
### mwldeppc.exe Linker Warning:
#   Section '.ignored' is unknown. Section ignored.
### mwldeppc.exe Linker Warning:
#   Section '.ignored' is unknown. Section ignored.
### mwldeppc.exe Linker Warning:
#   Section '.ignored' is unknown. Section ignored.
### mwldeppc.exe Linker Warning:
#   Section '.ignored' is unknown. Section ignored.
### mwldeppc.exe Linker Warning:
#   Section '.ignored' is unknown. Section ignored.
### mwldeppc.exe Linker Warning:
#   Section '.ignored' is unknown. Section ignored.
### mwldeppc.exe Linker Warning:
#   Section '.ignored' is unknown. Section ignored.
### mwldeppc.exe Linker Warning:
#   Section '.ignored' is unknown. Section ignored.
### mwldeppc.exe Linker Warning:
#   Section '.ignored' is unknown. Section ignored.
### mwldeppc.exe Linker Warning:
#   Section '.ignored' is unknown. Section ignored.
### mwldeppc.exe Linker Warning:
#   Section '.ignored' is unknown. Section ignored.
### mwldeppc.exe Linker Warning:
#   Section '.ignored' is unknown. Section ignored.
### mwldeppc.exe Linker Warning:
#   Section '.ignored' is unknown. Section ignored.
### mwldeppc.exe Linker Warning:
#   Section '.ignored' is unknown. Section ignored.
### mwldeppc.exe Linker Warning:
#   Section '.ignored' is unknown. Section ignored.
### mwldeppc.exe Linker Warning:
#   Section '.ignored' is unknown. Section ignored.
### mwldeppc.exe Linker Warning:
#   Section '.ignored' is unknown. Section ignored.
### mwldeppc.exe Linker Warning:
#   Section '.ignored' is unknown. Section ignored.
### mwldeppc.exe Linker Warning:
#   Section '.ignored' is unknown. Section ignored.
### mwldeppc.exe Linker Warning:
#   Section '.ignored' is unknown. Section ignored.
### mwldeppc.exe Linker Warning:
#   Section '.ignored' is unknown. Section ignored.
### mwldeppc.exe Linker Warning:
#   Section '.ignored' is unknown. Section ignored.
### mwldeppc.exe Linker Warning:
#   Section '.ignored' is unknown. Section ignored.
### mwldeppc.exe Linker Warning:
#   Section '.ignored' is unknown. Section ignored.
### mwldeppc.exe Linker Warning:
#   Section '.ignored' is unknown. Section ignored.
### mwldeppc.exe Linker Warning:
#   Section '.ignored' is unknown. Section ignored.
### mwldeppc.exe Linker Warning:
#   Section '.ignored' is unknown. Section ignored.
### mwldeppc.exe Linker Warning:
#   Section '.ignored' is unknown. Section ignored.
### mwldeppc.exe Linker Warning:
#   Section '.ignored' is unknown. Section ignored.
### mwldeppc.exe Linker Warning:
#   Section '.ignored' is unknown. Section ignored.
### mwldeppc.exe Linker Warning:
#   Section '.ignored' is unknown. Section ignored.
### mwldeppc.exe Linker Warning:
#   Section '.ignored' is unknown. Section ignored.
### mwldeppc.exe Linker Warning:
#   Section '.ignored' is unknown. Section ignored.
### mwldeppc.exe Linker Warning:
#   Section '.ignored' is unknown. Section ignored.
### mwldeppc.exe Linker Warning:
#   Section '.ignored' is unknown. Section ignored.
### mwldeppc.exe Linker Warning:
#   Section '.ignored' is unknown. Section ignored.
### mwldeppc.exe Linker Warning:
#   Section '.ignored' is unknown. Section ignored.
### mwldeppc.exe Linker Warning:
#   Section '.ignored' is unknown. Section ignored.
### mwldeppc.exe Linker Warning:
#   Section '.ignored' is unknown. Section ignored.
### mwldeppc.exe Linker Warning:
#   Section '.ignored' is unknown. Section ignored.
### mwldeppc.exe Linker Warning:
#   Section '.ignored' is unknown. Section ignored.
### mwldeppc.exe Linker Warning:
#   Section '.ignored' is unknown. Section ignored.
### mwldeppc.exe Linker Warning:
#   Section '.ignored' is unknown. Section ignored.
[875/878] DOL build/GEDE01/main.dol
[876/878] CHECK config/GEDE01/build.sha1
build/GEDE01/main.dol: OK
[877/878] PROGRESS
Progress:
  All: 56.68% fuzzy, 46.22% matched, 46.22% linked (6223 / 7068 files)
    Code: 1063424 / 2300692 bytes (5988 / 8214 functions)
    Data: 39538 / 4305642 bytes (0.92%)
  Game Code: 91.29% fuzzy, 74.41% matched, 74.41% linked (6205 / 6633 files)
    Code: 1060396 / 1425104 bytes (5926 / 6354 functions)
    Data: 39314 / 40426 bytes (97.25%)
  SDK/Runtime: 100.00% fuzzy, 100.00% matched, 100.00% linked (18 / 18 files)
    Code: 3028 / 3028 bytes (62 / 62 functions)
    Data: 224 / 224 bytes (100.00%)
