$ python3 configure.py
exit_code=0
$ .tools/bin/ninja -j2
[1/1] RUN configure.py
[1/890] MWCC build/GEDE01/src/game/game_fn_800094C0.o
[2/890] MWCC build/GEDE01/src/game/game_fn_80008014.o
[3/890] MWCC build/GEDE01/src/game/game_fn_800096E0.o
[4/890] MWCC build/GEDE01/src/game/game_fn_800098C0.o
[5/890] MWCC build/GEDE01/src/game/game_fn_80009AB4.o
[6/890] MWCC build/GEDE01/src/game/game_fn_800099D8.o
[7/890] MWCC build/GEDE01/src/game/game_fn_8000A26C.o
[8/890] MWCC build/GEDE01/src/game/game_fn_8000AC88.o
[9/890] MWCC build/GEDE01/src/game/game_fn_8000AEB4.o
[10/890] MWCC build/GEDE01/src/game/game_fn_8000AFB4.o
[11/890] MWCC build/GEDE01/src/game/game_fn_8000B36C.o
[12/890] MWCC build/GEDE01/src/game/game_fn_8000B1B8.o
[13/890] MWCC build/GEDE01/src/game/game_fn_8000B7FC.o
[14/890] MWCC build/GEDE01/src/game/game_fn_8000B630.o
[15/890] MWCC build/GEDE01/src/game/game_fn_8000B900.o
[16/890] MWCC build/GEDE01/src/game/game_fn_8000BA0C.o
[17/890] MWCC build/GEDE01/src/game/game_fn_8000BAA0.o
[18/890] MWCC build/GEDE01/src/game/game_fn_8000BC40.o
[19/890] MWCC build/GEDE01/src/game/game_fn_8000C06C.o
[20/890] MWCC build/GEDE01/src/game/game_fn_8000C17C.o
[21/890] MWCC build/GEDE01/src/game/game_fn_8000C400.o
[22/890] MWCC build/GEDE01/src/game/game_fn_8000C848.o
[23/890] MWCC build/GEDE01/src/game/game_fn_8000C91C.o
[24/890] MWCC build/GEDE01/src/game/game_fn_8000D0BC.o
[25/890] MWCC build/GEDE01/src/game/game_fn_8000D3D4.o
[26/890] MWCC build/GEDE01/src/game/game_fn_8000D590.o
[27/890] MWCC build/GEDE01/src/game/game_fn_8000DA50.o
[28/890] MWCC build/GEDE01/src/game/game_fn_8000D8A4.o
[29/890] MWCC build/GEDE01/src/game/game_fn_8000DAF4.o
[30/890] MWCC build/GEDE01/src/game/game_fn_8000E054.o
[31/890] MWCC build/GEDE01/src/game/game_fn_8000E0AC.o
[32/890] MWCC build/GEDE01/src/game/game_fn_8000E138.o
[33/890] MWCC build/GEDE01/src/game/game_fn_8000E1C4.o
[34/890] MWCC build/GEDE01/src/game/game_fn_8000E96C.o
[35/890] MWCC build/GEDE01/src/game/game_fn_8000EB14.o
[36/890] MWCC build/GEDE01/src/game/game_fn_8000EBD4.o
[37/890] MWCC build/GEDE01/src/game/game_fn_8000ED44.o
[38/890] MWCC build/GEDE01/src/game/game_fn_8000EFC4.o
[39/890] MWCC build/GEDE01/src/game/game_fn_8000F4B0.o
[40/890] MWCC build/GEDE01/src/game/game_fn_8000F774.o
[41/890] MWCC build/GEDE01/src/game/game_fn_8000FDE8.o
[42/890] MWCC build/GEDE01/src/game/game_fn_8000FFD8.o
[43/890] MWCC build/GEDE01/src/game/game_fn_800119FC.o
[44/890] MWCC build/GEDE01/src/game/game_fn_80012DA8.o
[45/890] MWCC build/GEDE01/src/game/game_fn_80012F40.o
[46/890] MWCC build/GEDE01/src/game/game_fn_80012FD0.o
[47/890] MWCC build/GEDE01/src/game/game_fn_800131E8.o
[48/890] MWCC build/GEDE01/src/game/game_fn_80013340.o
[49/890] MWCC build/GEDE01/src/game/game_fn_80013870.o
[50/890] MWCC build/GEDE01/src/game/game_fn_80013CB0.o
[51/890] MWCC build/GEDE01/src/game/game_fn_80013D54.o
[52/890] MWCC build/GEDE01/src/game/game_fn_800142DC.o
[53/890] MWCC build/GEDE01/src/game/game_fn_800144CC.o
[54/890] MWCC build/GEDE01/src/game/game_fn_80014784.o
[55/890] MWCC build/GEDE01/src/game/game_fn_800149D4.o
[56/890] MWCC build/GEDE01/src/game/game_fn_80015058.o
[57/890] MWCC build/GEDE01/src/game/game_fn_80015320.o
[58/890] MWCC build/GEDE01/src/game/game_fn_80015568.o
[59/890] MWCC build/GEDE01/src/game/game_fn_800156FC.o
[60/890] MWCC build/GEDE01/src/game/game_fn_80015BE0.o
[61/890] MWCC build/GEDE01/src/game/game_fn_80015D40.o
[62/890] MWCC build/GEDE01/src/game/game_fn_80015F04.o
[63/890] MWCC build/GEDE01/src/game/game_fn_80016128.o
[64/890] MWCC build/GEDE01/src/game/game_fn_80016270.o
[65/890] MWCC build/GEDE01/src/game/game_fn_80016B24.o
[66/890] MWCC build/GEDE01/src/game/game_fn_80016904.o
[67/890] MWCC build/GEDE01/src/game/game_fn_800171C0.o
[68/890] MWCC build/GEDE01/src/game/game_fn_800173CC.o
[69/890] MWCC build/GEDE01/src/game/game_fn_800176F0.o
[70/890] MWCC build/GEDE01/src/game/game_fn_80017910.o
[71/890] MWCC build/GEDE01/src/game/game_fn_800179AC.o
[72/890] MWCC build/GEDE01/src/game/game_fn_80017A3C.o
[73/890] MWCC build/GEDE01/src/game/game_fn_80017AE4.o
[74/890] MWCC build/GEDE01/src/game/game_fn_80017C3C.o
[75/890] MWCC build/GEDE01/src/game/game_fn_80017CC8.o
[76/890] MWCC build/GEDE01/src/game/game_fn_80017DB0.o
[77/890] MWCC build/GEDE01/src/game/game_fn_80019054.o
[78/890] MWCC build/GEDE01/src/game/game_fn_80018EF4.o
[79/890] MWCC build/GEDE01/src/game/game_fn_800194D0.o
[80/890] MWCC build/GEDE01/src/game/game_fn_80019244.o
[81/890] MWCC build/GEDE01/src/game/game_fn_80019940.o
[82/890] MWCC build/GEDE01/src/game/game_fn_80019C10.o
[83/890] MWCC build/GEDE01/src/game/game_fn_80019D2C.o
[84/890] MWCC build/GEDE01/src/game/game_fn_80019F98.o
[85/890] MWCC build/GEDE01/src/game/game_fn_8001AAB8.o
[86/890] MWCC build/GEDE01/src/game/game_fn_8001A6C4.o
[87/890] MWCC build/GEDE01/src/game/game_fn_8001AF68.o
[88/890] MWCC build/GEDE01/src/game/game_fn_8001ADF8.o
[89/890] MWCC build/GEDE01/src/game/game_fn_8001B294.o
[90/890] MWCC build/GEDE01/src/game/game_fn_8001B124.o
[91/890] MWCC build/GEDE01/src/game/game_fn_8001B808.o
[92/890] MWCC build/GEDE01/src/game/game_fn_8001B874.o
[93/890] MWCC build/GEDE01/src/game/game_fn_8001C078.o
[94/890] MWCC build/GEDE01/src/game/game_fn_8001CA04.o
[95/890] MWCC build/GEDE01/src/game/game_fn_8001CE94.o
[96/890] MWCC build/GEDE01/src/game/game_fn_8001CD58.o
[97/890] MWCC build/GEDE01/src/game/game_fn_8001E644.o
[98/890] MWCC build/GEDE01/src/game/game_fn_8001FE1C.o
[99/890] MWCC build/GEDE01/src/game/game_fn_80020E94.o
[100/890] MWCC build/GEDE01/src/game/game_fn_80024F28.o
[101/890] MWCC build/GEDE01/src/game/game_fn_800272B4.o
[102/890] MWCC build/GEDE01/src/game/game_fn_8002B748.o
[103/890] MWCC build/GEDE01/src/game/game_fn_8002DAE0.o
[104/890] MWCC build/GEDE01/src/game/game_fn_8002E3F0.o
[105/890] MWCC build/GEDE01/src/game/game_fn_8002EA68.o
[106/890] MWCC build/GEDE01/src/game/game_fn_8002F428.o
[107/890] MWCC build/GEDE01/src/game/game_fn_80031544.o
[108/890] MWCC build/GEDE01/src/game/game_fn_8003232C.o
[109/890] MWCC build/GEDE01/src/game/game_fn_80032B84.o
[110/890] MWCC build/GEDE01/src/game/game_fn_80033038.o
[111/890] MWCC build/GEDE01/src/game/game_fn_80033180.o
[112/890] MWCC build/GEDE01/src/game/game_fn_800359A0.o
[113/890] MWCC build/GEDE01/src/game/game_fn_800361F8.o
[114/890] MWCC build/GEDE01/src/game/game_fn_80036C40.o
[115/890] MWCC build/GEDE01/src/game/game_fn_80038878.o
[116/890] MWCC build/GEDE01/src/game/game_fn_80048ADC.o
[117/890] MWCC build/GEDE01/src/game/game_fn_80048B24.o
[118/890] MWCC build/GEDE01/src/game/game_fn_8004998C.o
[119/890] MWCC build/GEDE01/src/game/game_fn_80052310.o
[120/890] MWCC build/GEDE01/src/game/game_fn_800542D0.o
[121/890] MWCC build/GEDE01/src/game/game_fn_8005EC6C.o
[122/890] MWCC build/GEDE01/src/game/game_fn_8005EE9C.o
[123/890] MWCC build/GEDE01/src/game/game_data_80239E10.o
[124/890] MWCC build/GEDE01/src/game/game_data_80239E18.o
[125/890] MWCC build/GEDE01/src/game/game_fn_8005FD84.o
[126/890] MWCC build/GEDE01/src/game/game_fn_80066888.o
[127/890] MWCC build/GEDE01/src/game/game_fn_80066E78.o
[128/890] MWCC build/GEDE01/src/game/game_fn_8006B0F0.o
[129/890] MWCC build/GEDE01/src/game/game_fn_8006B620.o
[130/890] MWCC build/GEDE01/src/game/game_fn_8006E53C.o
[131/890] MWCC build/GEDE01/src/game/game_fn_80071A58.o
[132/890] MWCC build/GEDE01/src/game/game_fn_80074310.o
[133/890] MWCC build/GEDE01/src/game/game_fn_80078500.o
[134/890] MWCC build/GEDE01/src/game/game_fn_80079908.o
[135/890] MWCC build/GEDE01/src/game/game_fn_80079AA4.o
[136/890] MWCC build/GEDE01/src/game/game_fn_8007B2F4.o
[137/890] MWCC build/GEDE01/src/game/game_fn_8007B540.o
[138/890] MWCC build/GEDE01/src/game/game_fn_8007B640.o
[139/890] MWCC build/GEDE01/src/game/game_fn_8007B828.o
[140/890] MWCC build/GEDE01/src/game/game_fn_8007BA3C.o
[141/890] MWCC build/GEDE01/src/game/game_fn_8007D4D8.o
[142/890] MWCC build/GEDE01/src/game/game_fn_8007F770.o
[143/890] MWCC build/GEDE01/src/game/game_fn_800886D8.o
[144/890] MWCC build/GEDE01/src/game/game_fn_80088F4C.o
[145/890] MWCC build/GEDE01/src/game/game_fn_8008A2E0.o
[146/890] MWCC build/GEDE01/src/game/game_fn_8008F224.o
[147/890] MWCC build/GEDE01/src/game/game_fn_8008F890.o
[148/890] MWCC build/GEDE01/src/game/game_fn_80090004.o
[149/890] MWCC build/GEDE01/src/game/game_fn_800934A0.o
[150/890] MWCC build/GEDE01/src/game/game_fn_80095D10.o
[151/890] MWCC build/GEDE01/src/game/game_fn_80095FDC.o
[152/890] MWCC build/GEDE01/src/game/game_fn_80096830.o
[153/890] MWCC build/GEDE01/src/game/game_fn_8009C424.o
[154/890] MWCC build/GEDE01/src/game/game_fn_8009E808.o
[155/890] MWCC build/GEDE01/src/game/game_fn_800A2130.o
[156/890] MWCC build/GEDE01/src/game/game_fn_800A2FCC.o
[157/890] MWCC build/GEDE01/src/game/game_fn_800A3180.o
[158/890] MWCC build/GEDE01/src/game/game_fn_800A3894.o
[159/890] MWCC build/GEDE01/src/game/game_fn_800A4428.o
[160/890] MWCC build/GEDE01/src/game/game_fn_800A4798.o
[161/890] MWCC build/GEDE01/src/game/game_fn_800A7E88.o
[162/890] MWCC build/GEDE01/src/game/game_fn_800AF230.o
[163/890] MWCC build/GEDE01/src/game/game_fn_800B2EC0.o
[164/890] MWCC build/GEDE01/src/game/game_fn_800BB5C4.o
[165/890] MWCC build/GEDE01/src/game/game_fn_800BB7A8.o
[166/890] MWCC build/GEDE01/src/game/game_fn_800BB9A4.o
[167/890] MWCC build/GEDE01/src/game/game_fn_800BBAF0.o
[168/890] MWCC build/GEDE01/src/game/game_fn_800C030C.o
[169/890] MWCC build/GEDE01/src/game/game_fn_800C17EC.o
[170/890] MWCC build/GEDE01/src/game/game_fn_800C59F0.o
[171/890] MWCC build/GEDE01/src/game/game_fn_800C644C.o
[172/890] MWCC build/GEDE01/src/game/game_fn_800C65FC.o
[173/890] MWCC build/GEDE01/src/game/game_fn_800C9C60.o
[174/890] MWCC build/GEDE01/src/game/game_fn_800CB760.o
[175/890] MWCC build/GEDE01/src/game/game_fn_800CB8F4.o
[176/890] MWCC build/GEDE01/src/game/game_fn_800CF598.o
[177/890] MWCC build/GEDE01/src/game/game_fn_800D9064.o
[178/890] MWCC build/GEDE01/src/game/game_fn_800D9E10.o
[179/890] MWCC build/GEDE01/src/game/game_fn_800E4980.o
[180/890] MWCC build/GEDE01/src/game/game_TRKNubWelcome.o
[181/890] MWCC build/GEDE01/src/game/game_TRK_main.o
[182/890] MWCC build/GEDE01/src/game/game_InitMetroTRKCommTable.o
[183/890] MWCC build/GEDE01/src/game/game_fn_800FD0C8.o
[184/890] MWCC build/GEDE01/src/game/game_fn_8010242C.o
[185/890] MWCC build/GEDE01/src/game/game_fn_801098C0.o
[186/890] MWCC build/GEDE01/src/game/game_fn_8010F184.o
[187/890] MWCC build/GEDE01/src/game/game_fn_801126E0.o
[188/890] MWCC build/GEDE01/src/game/game_fn_801128E4.o
[189/890] MWCC build/GEDE01/src/game/game_fn_801141B8.o
[190/890] MWCC build/GEDE01/src/game/game_fn_8011F140.o
[191/890] MWCC build/GEDE01/src/game/game_fn_801247F8.o
[192/890] MWCC build/GEDE01/src/game/game_fn_80126A00.o
[193/890] MWCC build/GEDE01/src/game/game_fn_8012976C.o
[194/890] MWCC build/GEDE01/src/game/game_fn_8012DB28.o
[195/890] MWCC build/GEDE01/src/game/game_fn_8013CBE4.o
[196/890] MWCC build/GEDE01/src/game/game_fn_8013D6A4.o
[197/890] MWCC build/GEDE01/src/game/game_fn_8013DB8C.o
[198/890] MWCC build/GEDE01/src/game/game_fn_8014549C.o
[199/890] MWCC build/GEDE01/src/game/game_fn_8014AF38.o
[200/890] MWCC build/GEDE01/src/game/game_fn_8014B494.o
[201/890] MWCC build/GEDE01/src/game/game_fn_8014CA98.o
[202/890] MWCC build/GEDE01/src/game/game_fn_801535D8.o
[203/890] MWCC build/GEDE01/src/game/game_fn_80153898.o
[204/890] MWCC build/GEDE01/src/game/game_fn_80153A24.o
[205/890] MWCC build/GEDE01/src/game/game_fn_80154F74.o
[206/890] MWCC build/GEDE01/src/game/game_fn_80155814.o
[207/890] MWCC build/GEDE01/src/game/game_fn_80157C0C.o
[208/890] MWCC build/GEDE01/src/game/game_fn_80158B20.o
[209/890] MWCC build/GEDE01/src/game/game_fn_80158D38.o
[210/890] MWCC build/GEDE01/src/game/game_fn_8015DB84.o
[211/890] MWCC build/GEDE01/src/game/game_fn_8015DC54.o
[212/890] MWCC build/GEDE01/src/game/game_fn_8015EDC0.o
[213/890] MWCC build/GEDE01/src/game/game_fn_80167454.o
[214/890] MWCC build/GEDE01/src/game/game_fn_80167B5C.o
[215/890] MWCC build/GEDE01/src/game/game_fn_80169650.o
[216/890] MWCC build/GEDE01/src/game/game_fn_8016BD0C.o
[217/890] MWCC build/GEDE01/src/game/game_fn_8016BE1C.o
[218/890] MWCC build/GEDE01/src/game/game_fn_8016BF60.o
[219/890] MWCC build/GEDE01/src/game/game_fn_8016C0BC.o
[220/890] MWCC build/GEDE01/src/game/game_fn_8016C164.o
[221/890] MWCC build/GEDE01/src/game/game_fn_8016C238.o
[222/890] MWCC build/GEDE01/src/game/game_fn_8016C4BC.o
[223/890] MWCC build/GEDE01/src/game/game_fn_8016C774.o
[224/890] MWCC build/GEDE01/src/game/game_fn_8016D040.o
[225/890] MWCC build/GEDE01/src/game/game_fn_8016D1F8.o
[226/890] MWCC build/GEDE01/src/game/game_fn_8016D2B8.o
[227/890] MWCC build/GEDE01/src/game/game_fn_8016D9C0.o
[228/890] MWCC build/GEDE01/src/game/game_fn_8016DF4C.o
[229/890] MWCC build/GEDE01/src/game/game_fn_8016E8F8.o
[230/890] MWCC build/GEDE01/src/game/game_fn_8016FEF8.o
[231/890] MWCC build/GEDE01/src/game/game_fn_8017038C.o
[232/890] MWCC build/GEDE01/src/game/game_fn_801704F8.o
[233/890] MWCC build/GEDE01/src/game/game_fn_801706DC.o
[234/890] MWCC build/GEDE01/src/game/game_fn_80170A40.o
[235/890] MWCC build/GEDE01/src/game/game_fn_80170DF4.o
[236/890] MWCC build/GEDE01/src/game/game_fn_80170E9C.o
[237/890] MWCC build/GEDE01/src/game/game_fn_8017138C.o
[238/890] MWCC build/GEDE01/src/game/game_fn_80171664.o
[239/890] MWCC build/GEDE01/src/game/game_fn_801718F4.o
[240/890] MWCC build/GEDE01/src/game/game_fn_801719B4.o
[241/890] MWCC build/GEDE01/src/game/game_fn_80171F30.o
[242/890] MWCC build/GEDE01/src/game/game_fn_8017250C.o
[243/890] MWCC build/GEDE01/src/game/game_fn_801726EC.o
[244/890] MWCC build/GEDE01/src/game/game_fn_80172BB0.o
[245/890] MWCC build/GEDE01/src/game/game_fn_80172C78.o
[246/890] MWCC build/GEDE01/src/game/game_fn_80172DB8.o
[247/890] MWCC build/GEDE01/src/game/game_fn_80173270.o
[248/890] MWCC build/GEDE01/src/game/game_fn_801734B4.o
[249/890] MWCC build/GEDE01/src/game/game_fn_80173770.o
[250/890] MWCC build/GEDE01/src/game/game_fn_80173D44.o
[251/890] MWCC build/GEDE01/src/game/game_fn_80173F04.o
[252/890] MWCC build/GEDE01/src/game/game_fn_80174184.o
[253/890] MWCC build/GEDE01/src/game/game_fn_80174358.o
[254/890] MWCC build/GEDE01/src/game/game_fn_80174F2C.o
[255/890] MWCC build/GEDE01/src/game/game_fn_8017553C.o
[256/890] MWCC build/GEDE01/src/game/game_fn_80175A08.o
[257/890] MWCC build/GEDE01/src/game/game_fn_80175E64.o
[258/890] MWCC build/GEDE01/src/game/game_fn_80175F0C.o
[259/890] MWCC build/GEDE01/src/game/game_fn_80175FD4.o
[260/890] MWCC build/GEDE01/src/game/game_fn_80176098.o
[261/890] MWCC build/GEDE01/src/game/game_fn_80176160.o
[262/890] MWCC build/GEDE01/src/game/game_fn_80176220.o
[263/890] MWCC build/GEDE01/src/game/game_fn_801762E8.o
[264/890] MWCC build/GEDE01/src/game/game_fn_8017652C.o
[265/890] MWCC build/GEDE01/src/game/game_fn_80176DF4.o
[266/890] MWCC build/GEDE01/src/game/game_fn_80176FA0.o
[267/890] MWCC build/GEDE01/src/game/game_fn_801770F8.o
[268/890] MWCC build/GEDE01/src/game/game_fn_8017718C.o
[269/890] MWCC build/GEDE01/src/game/game_fn_80178F88.o
[270/890] MWCC build/GEDE01/src/game/game_fn_80177434.o
[271/890] MWCC build/GEDE01/src/game/game_fn_80179398.o
[272/890] MWCC build/GEDE01/src/game/game_fn_8017960C.o
[273/890] MWCC build/GEDE01/src/game/game_fn_8017974C.o
[274/890] MWCC build/GEDE01/src/game/game_fn_80179904.o
[275/890] MWCC build/GEDE01/src/game/game_fn_80179A18.o
[276/890] MWCC build/GEDE01/src/game/game_fn_80179A74.o
[277/890] MWCC build/GEDE01/src/game/game_fn_80179EB8.o
[278/890] MWCC build/GEDE01/src/game/game_fn_80179F20.o
[279/890] MWCC build/GEDE01/src/game/game_fn_8017A010.o
[280/890] MWCC build/GEDE01/src/game/game_fn_8017A12C.o
[281/890] MWCC build/GEDE01/src/game/game_fn_8017A1C0.o
[282/890] MWCC build/GEDE01/src/game/game_fn_8017A9B8.o
[283/890] MWCC build/GEDE01/src/game/game_fn_8017AC20.o
[284/890] MWCC build/GEDE01/src/game/game_fn_8017E850.o
[285/890] MWCC build/GEDE01/src/game/game_fn_8017E958.o
[286/890] MWCC build/GEDE01/src/game/game_fn_80180DDC.o
[287/890] MWCC build/GEDE01/src/game/game_fn_801810A0.o
[288/890] MWCC build/GEDE01/src/game/game_fn_801816D4.o
[289/890] MWCC build/GEDE01/src/game/game_fn_801859FC.o
[290/890] MWCC build/GEDE01/src/game/game_fn_80185AE8.o
[291/890] MWCC build/GEDE01/src/game/game_fn_80185F10.o
[292/890] MWCC build/GEDE01/src/game/game_fn_801865EC.o
[293/890] MWCC build/GEDE01/src/game/game_fn_8018680C.o
[294/890] MWCC build/GEDE01/src/game/game_fn_80186E10.o
[295/890] MWCC build/GEDE01/src/game/game_fn_80186F70.o
[296/890] MWCC build/GEDE01/src/game/game_fn_80187120.o
[297/890] MWCC build/GEDE01/src/game/game_fn_80187320.o
[298/890] MWCC build/GEDE01/src/game/game_fn_801875FC.o
[299/890] MWCC build/GEDE01/src/game/game_fn_801878E0.o
[300/890] MWCC build/GEDE01/src/game/game_fn_80187BB4.o
[301/890] MWCC build/GEDE01/src/game/game_fn_80188A7C.o
[302/890] MWCC build/GEDE01/src/game/game_fn_80188B44.o
[303/890] MWCC build/GEDE01/src/game/game_fn_80188C1C.o
[304/890] MWCC build/GEDE01/src/game/game_fn_80188E28.o
[305/890] MWCC build/GEDE01/src/game/game_fn_80189028.o
[306/890] MWCC build/GEDE01/src/game/game_fn_801891D8.o
[307/890] MWCC build/GEDE01/src/game/game_fn_80189390.o
[308/890] MWCC build/GEDE01/src/game/game_fn_801895E8.o
[309/890] MWCC build/GEDE01/src/game/game_fn_801896A0.o
[310/890] MWCC build/GEDE01/src/game/game_fn_80189760.o
[311/890] MWCC build/GEDE01/src/game/game_fn_80189968.o
[312/890] MWCC build/GEDE01/src/game/game_fn_80189C14.o
[313/890] MWCC build/GEDE01/src/game/game_fn_8018C2D0.o
[314/890] MWCC build/GEDE01/src/game/game_fn_8018D1F0.o
[315/890] MWCC build/GEDE01/src/game/game_fn_8018D2E0.o
[316/890] MWCC build/GEDE01/src/game/game_fn_8018D400.o
[317/890] MWCC build/GEDE01/src/game/game_fn_8018D688.o
[318/890] MWCC build/GEDE01/src/game/game_fn_8018DC24.o
[319/890] MWCC build/GEDE01/src/game/game_fn_8018E0D8.o
[320/890] MWCC build/GEDE01/src/game/game_fn_8018F1D0.o
[321/890] MWCC build/GEDE01/src/game/game_fn_8018F81C.o
[322/890] MWCC build/GEDE01/src/game/game_fn_8018FEDC.o
[323/890] MWCC build/GEDE01/src/game/game_fn_8019120C.o
[324/890] MWCC build/GEDE01/src/game/game_fn_80191360.o
[325/890] MWCC build/GEDE01/src/game/game_fn_801916D0.o
[326/890] MWCC build/GEDE01/src/game/game_fn_8019197C.o
[327/890] MWCC build/GEDE01/src/game/game_fn_80191F58.o
[328/890] MWCC build/GEDE01/src/game/game_fn_801926EC.o
[329/890] MWCC build/GEDE01/src/game/game_fn_801929A4.o
[330/890] MWCC build/GEDE01/src/game/game_fn_80192F54.o
[331/890] MWCC build/GEDE01/src/game/game_fn_801931C4.o
[332/890] MWCC build/GEDE01/src/game/game_fn_80193E1C.o
[333/890] MWCC build/GEDE01/src/game/game_fn_80193F3C.o
[334/890] MWCC build/GEDE01/src/game/game_fn_80194F80.o
[335/890] MWCC build/GEDE01/src/game/game_fn_80197910.o
[336/890] MWCC build/GEDE01/src/game/game_fn_80198154.o
[337/890] MWCC build/GEDE01/src/game/game_fn_80198AAC.o
[338/890] MWCC build/GEDE01/src/game/game_fn_80198BF4.o
[339/890] MWCC build/GEDE01/src/game/game_fn_801991E0.o
[340/890] MWCC build/GEDE01/src/game/game_fn_8019B1BC.o
[341/890] MWCC build/GEDE01/src/game/game_fn_8019CC28.o
[342/890] MWCC build/GEDE01/src/game/game_fn_8019CFC4.o
[343/890] MWCC build/GEDE01/src/game/game_fn_8019E5E4.o
[344/890] MWCC build/GEDE01/src/game/game_fn_8019E8C8.o
[345/890] MWCC build/GEDE01/src/game/game_fn_801A1F18.o
[346/890] MWCC build/GEDE01/src/game/game_fn_801A2A54.o
[347/890] MWCC build/GEDE01/src/game/game_fn_801A34BC.o
[348/890] MWCC build/GEDE01/src/game/game_fn_801A3A78.o
[349/890] MWCC build/GEDE01/src/game/game_fn_801A4CE0.o
[350/890] MWCC build/GEDE01/src/game/game_fn_801A5FB0.o
[351/890] MWCC build/GEDE01/src/game/game_fn_801A6410.o
[352/890] MWCC build/GEDE01/src/game/game_fn_801A657C.o
[353/890] MWCC build/GEDE01/src/game/game_fn_801A6ADC.o
[354/890] MWCC build/GEDE01/src/game/game_fn_801A6C58.o
[355/890] MWCC build/GEDE01/src/game/game_fn_801A6CB4.o
[356/890] MWCC build/GEDE01/src/game/game_fn_801A7E04.o
[357/890] MWCC build/GEDE01/src/game/game_fn_801A7EA8.o
[358/890] MWCC build/GEDE01/src/game/game_fn_801A93E8.o
[359/890] MWCC build/GEDE01/src/game/game_fn_801AB154.o
[360/890] MWCC build/GEDE01/src/game/game_fn_801ABD3C.o
[361/890] MWCC build/GEDE01/src/game/game_fn_801AC8AC.o
[362/890] MWCC build/GEDE01/src/game/game_fn_801ACFE8.o
[363/890] MWCC build/GEDE01/src/game/game_fn_801AD08C.o
[364/890] MWCC build/GEDE01/src/game/game_fn_801AFA74.o
[365/890] MWCC build/GEDE01/src/game/game_fn_801B02F0.o
[366/890] MWCC build/GEDE01/src/game/game_fn_801B1BA0.o
[367/890] MWCC build/GEDE01/src/game/game_fn_801B35BC.o
[368/890] MWCC build/GEDE01/src/game/game_fn_801B46C8.o
[369/890] MWCC build/GEDE01/src/game/game_fn_801B4FB4.o
[370/890] MWCC build/GEDE01/src/game/game_fn_801B5228.o
[371/890] MWCC build/GEDE01/src/game/game_fn_801B58F0.o
[372/890] MWCC build/GEDE01/src/game/game_fn_801B6F1C.o
[373/890] MWCC build/GEDE01/src/game/game_fn_801B86C0.o
[374/890] MWCC build/GEDE01/src/game/game_fn_801B941C.o
[375/890] MWCC build/GEDE01/src/game/game_fn_801B9E7C.o
[376/890] MWCC build/GEDE01/src/game/game_fn_801BA15C.o
[377/890] MWCC build/GEDE01/src/game/game_fn_801BA708.o
[378/890] MWCC build/GEDE01/src/game/game_fn_801BB1A0.o
[379/890] MWCC build/GEDE01/src/game/game_fn_801BC0D4.o
[380/890] MWCC build/GEDE01/src/game/game_fn_801BC240.o
[381/890] MWCC build/GEDE01/src/game/game_fn_801BC8F4.o
[382/890] MWCC build/GEDE01/src/game/game_fn_801BCC04.o
[383/890] MWCC build/GEDE01/src/game/game_fn_801BD990.o
[384/890] MWCC build/GEDE01/src/game/game_fn_801BDE7C.o
[385/890] MWCC build/GEDE01/src/game/game_fn_801BE0D4.o
[386/890] MWCC build/GEDE01/src/game/game_fn_801C1CB0.o
[387/890] MWCC build/GEDE01/src/game/game_fn_801BEF40.o
[388/890] MWCC build/GEDE01/src/game/game_fn_801C2980.o
[389/890] MWCC build/GEDE01/src/game/game_fn_801C29BC.o
[390/890] MWCC build/GEDE01/src/game/game_fn_801C2AAC.o
[391/890] MWCC build/GEDE01/src/game/game_fn_801C2D9C.o
[392/890] MWCC build/GEDE01/src/game/game_fn_801C8160.o
[393/890] MWCC build/GEDE01/src/game/game_fn_801C8224.o
[394/890] MWCC build/GEDE01/src/game/game_fn_801C4B5C.o
[395/890] MWCC build/GEDE01/src/game/game_fn_801C8600.o
[396/890] MWCC build/GEDE01/src/game/game_fn_801C87DC.o
[397/890] MWCC build/GEDE01/src/game/game_fn_801C8CC0.o
[398/890] MWCC build/GEDE01/src/game/game_fn_801C8F50.o
[399/890] MWCC build/GEDE01/src/game/game_fn_801C90A4.o
[400/890] MWCC build/GEDE01/src/game/game_fn_801C9510.o
[401/890] MWCC build/GEDE01/src/game/game_fn_801C970C.o
[402/890] MWCC build/GEDE01/src/game/game_fn_801C9A08.o
[403/890] MWCC build/GEDE01/src/game/game_fn_801C9B1C.o
[404/890] MWCC build/GEDE01/src/game/game_fn_801CD228.o
[405/890] MWCC build/GEDE01/src/game/game_fn_801CB4F8.o
[406/890] MWCC build/GEDE01/src/game/game_fn_801CE09C.o
[407/890] MWCC build/GEDE01/src/game/game_fn_801CE594.o
[408/890] MWCC build/GEDE01/src/game/game_fn_801D1B10.o
[409/890] MWCC build/GEDE01/src/game/game_fn_801D1F78.o
[410/890] MWCC build/GEDE01/src/game/game_fn_801D3988.o
[411/890] MWCC build/GEDE01/src/game/game_fn_801D76A8.o
[412/890] MWCC build/GEDE01/src/game/game_fn_801D7C24.o
[413/890] MWCC build/GEDE01/src/game/game_fn_801D8050.o
[414/890] MWCC build/GEDE01/src/game/game_fn_801D9FE4.o
[415/890] MWCC build/GEDE01/src/game/game_fn_801E2A48.o
[416/890] MWCC build/GEDE01/src/game/game_fn_801E41AC.o
[417/890] MWCC build/GEDE01/src/game/game_fn_801E6814.o
[418/890] MWCC build/GEDE01/src/game/game_fn_801EB09C.o
[419/890] MWCC build/GEDE01/src/game/game_fn_801E995C.o
[420/890] MWCC build/GEDE01/src/game/game_fn_801EB11C.o
[421/890] MWCC build/GEDE01/src/game/game_fn_801ECD74.o
[422/890] MWCC build/GEDE01/src/game/game_fn_801ECF50.o
[423/890] MWCC build/GEDE01/src/game/game_fn_801ED5F4.o
[424/890] MWCC build/GEDE01/src/game/game_fn_801EF580.o
[425/890] MWCC build/GEDE01/src/game/game_fn_801EF910.o
[426/890] MWCC build/GEDE01/src/game/game_fn_801F10BC.o
[427/890] MWCC build/GEDE01/src/game/game_fn_801F1A38.o
[428/890] MWCC build/GEDE01/src/game/game_fn_801F35A8.o
[429/890] MWCC build/GEDE01/src/game/game_fn_801F55A0.o
[430/890] MWCC build/GEDE01/src/game/game_fn_801F69F0.o
[431/890] MWCC build/GEDE01/src/game/game_fn_801F6BD8.o
[432/890] MWCC build/GEDE01/src/game/game_fn_801F7510.o
[433/890] MWCC build/GEDE01/src/game/game_fn_801F76EC.o
[434/890] MWCC build/GEDE01/src/game/game_fn_801F8264.o
[435/890] MWCC build/GEDE01/src/game/game_fn_801F89B4.o
[436/890] MWCC build/GEDE01/src/game/game_fn_801F9AF8.o
[437/890] MWCC build/GEDE01/src/game/game_fn_801F9CF4.o
[438/890] MWCC build/GEDE01/src/game/game_fn_801FA9C8.o
[439/890] MWCC build/GEDE01/src/game/game_fn_801FB6A4.o
[440/890] MWCC build/GEDE01/src/game/game_fn_801FC034.o
[441/890] MWCC build/GEDE01/src/game/game_fn_801FC204.o
[442/890] EXTERNALIZE build/GEDE01/src/game/game_fn_80175A08.o
[443/890] MWCC build/GEDE01/src/game/game_fn_801FFE78.o
[444/890] EXTERNALIZE build/GEDE01/src/game/game_fn_80066E78.o
[445/890] EXTERNALIZE build/GEDE01/src/game/game_fn_801247F8.o
[446/890] EXTERNALIZE build/GEDE01/src/game/game_fn_801EF910.o
[447/890] EXTERNALIZE build/GEDE01/src/game/game_fn_801ECF50.o
[448/890] EXTERNALIZE build/GEDE01/src/game/game_fn_801EB09C.o
[449/890] EXTERNALIZE build/GEDE01/src/game/game_fn_801FC204.o
[450/890] EXTERNALIZE build/GEDE01/src/game/game_fn_801EB11C.o
[451/890] EXTERNALIZE build/GEDE01/src/game/game_fn_801D9FE4.o
[452/890] EXTERNALIZE build/GEDE01/src/game/game_fn_801E41AC.o
[453/890] EXTERNALIZE build/GEDE01/src/game/game_fn_801D76A8.o
[454/890] EXTERNALIZE build/GEDE01/src/game/game_fn_801D8050.o
[455/890] EXTERNALIZE build/GEDE01/src/game/game_fn_801D7C24.o
[456/890] EXTERNALIZE build/GEDE01/src/game/game_fn_8019B1BC.o
[457/890] EXTERNALIZE build/GEDE01/src/game/game_fn_80178F88.o
[458/890] EXTERNALIZE build/GEDE01/src/game/game_fn_801CD228.o
[459/890] EXTERNALIZE build/GEDE01/src/game/game_fn_801C970C.o
[460/890] EXTERNALIZE build/GEDE01/src/game/game_fn_801BA15C.o
[461/890] EXTERNALIZE build/GEDE01/src/game/game_fn_801C9510.o
[462/890] EXTERNALIZE build/GEDE01/src/game/game_fn_80126A00.o
[463/890] EXTERNALIZE build/GEDE01/src/game/game_fn_8013D6A4.o
[464/890] EXTERNALIZE build/GEDE01/src/game/game_fn_800C9C60.o
[465/890] EXTERNALIZE build/GEDE01/src/game/game_fn_801B5228.o
[466/890] EXTERNALIZE build/GEDE01/src/game/game_fn_801B4FB4.o
[467/890] EXTERNALIZE build/GEDE01/src/game/game_fn_801C87DC.o
[468/890] EXTERNALIZE build/GEDE01/src/game/game_fn_801B6F1C.o
[469/890] EXTERNALIZE build/GEDE01/src/game/game_fn_801C8CC0.o
[470/890] EXTERNALIZE build/GEDE01/src/game/game_fn_800FD0C8.o
[471/890] EXTERNALIZE build/GEDE01/src/game/game_fn_801BDE7C.o
[472/890] EXTERNALIZE build/GEDE01/src/game/game_fn_801BE0D4.o
[473/890] EXTERNALIZE STATIC POOL build/GEDE01/src/game/game_fn_801C9A08.o
build/GEDE01/src/game/game_fn_801C9A08.o: lbl_80629390 now undefined; section 3 emptied
[474/890] EXTERNALIZE build/GEDE01/src/game/game_fn_801B941C.o
[475/890] EXTERNALIZE STATIC POOL build/GEDE01/src/game/game_fn_801C9B1C.o
build/GEDE01/src/game/game_fn_801C9B1C.o: lbl_80629390 now undefined; section 3 emptied
[476/890] EXTERNALIZE STATIC POOL build/GEDE01/src/game/game_fn_801BD990.o
build/GEDE01/src/game/game_fn_801BD990.o: lbl_80626D80 now undefined; section 6 emptied
[477/890] EXTERNALIZE STATIC POOL build/GEDE01/src/game/game_fn_801B58F0.o
build/GEDE01/src/game/game_fn_801B58F0.o: lbl_8060C020 now undefined; section 3 emptied
[478/890] EXTERNALIZE STATIC POOL build/GEDE01/src/game/game_fn_801B9E7C.o
build/GEDE01/src/game/game_fn_801B9E7C.o: 0 relocation(s) moved from streamInfo to ...bss.0
build/GEDE01/src/game/game_fn_801B9E7C.o: lbl_8061AE48 now undefined; section 6 emptied
[479/890] EXTERNALIZE STATIC POOL build/GEDE01/src/game/game_fn_801BB1A0.o
build/GEDE01/src/game/game_fn_801BB1A0.o: 0 relocation(s) moved from streamInfo to ...bss.0
build/GEDE01/src/game/game_fn_801BB1A0.o: lbl_8061AE48 now undefined; section 6 emptied
[480/890] EXTERNALIZE STATIC build/GEDE01/src/game/game_fn_801B35BC.o
build/GEDE01/src/game/game_fn_801B35BC.o: lbl_8060D420 now undefined; section 6 emptied
[481/890] EXTERNALIZE STATIC POOL build/GEDE01/src/game/game_fn_801BA708.o
build/GEDE01/src/game/game_fn_801BA708.o: 0 relocation(s) moved from streamInfo to ...bss.0
build/GEDE01/src/game/game_fn_801BA708.o: lbl_8061AE48 now undefined; section 6 emptied
[482/890] EXTERNALIZE STATIC POOL build/GEDE01/src/game/game_fn_801BC8F4.o
build/GEDE01/src/game/game_fn_801BC8F4.o: lbl_8061C748 now undefined; section 6 emptied
[483/890] EXTERNALIZE STATIC build/GEDE01/src/game/game_fn_801BC240.o
build/GEDE01/src/game/game_fn_801BC240.o: lbl_8061C748 now undefined; section 6 emptied
[484/890] EXTERNALIZE STATIC POOL build/GEDE01/src/game/game_fn_801BCC04.o
build/GEDE01/src/game/game_fn_801BCC04.o: lbl_8061C748 now undefined; section 6 emptied
[485/890] EXTERNALIZE STATIC POOL build/GEDE01/src/game/game_fn_801BC0D4.o
build/GEDE01/src/game/game_fn_801BC0D4.o: lbl_8061C748 now undefined; section 6 emptied
[486/890] EXTERNALIZE STATIC POOL build/GEDE01/src/game/game_fn_801C1CB0.o
build/GEDE01/src/game/game_fn_801C1CB0.o: lbl_80626DA0 now undefined; section 3 emptied
[487/890] RENAME build/GEDE01/src/game/game_InitMetroTRKCommTable.o
[488/890] EXTERNALIZE STATIC POOL build/GEDE01/src/game/game_fn_801CE09C.o
build/GEDE01/src/game/game_fn_801CE09C.o: lbl_80631340 now undefined; section 6 emptied
[489/890] RENAME RUNTIME INTRINSICS build/GEDE01/src/game/game_fn_801CB4F8.o
[490/890] EXTERNALIZE STATIC POOL build/GEDE01/src/game/game_fn_8010242C.o
build/GEDE01/src/game/game_fn_8010242C.o: lbl_8032CC08 now undefined; section 3 emptied
[491/890] EXTERNALIZE build/GEDE01/src/game/game_fn_801D3988.o
[492/890] EXTERNALIZE build/GEDE01/src/game/game_fn_801D1B10.o
[493/890] ALIGN DATA build/GEDE01/src/game/game_fn_80008014.o
[494/890] EXTERNALIZE build/GEDE01/src/game/game_fn_801CE594.o
[495/890] EXTERNALIZE build/GEDE01/src/game/game_fn_8014549C.o
[496/890] EXTERNALIZE build/GEDE01/src/game/game_fn_801C8224.o
[497/890] EXTERNALIZE build/GEDE01/src/game/game_fn_801098C0.o
[498/890] EXTERNALIZE build/GEDE01/src/game/game_fn_8000FDE8.o
[499/890] EXTERNALIZE build/GEDE01/src/game/game_fn_80185F10.o
[500/890] EXTERNALIZE build/GEDE01/src/game/game_fn_801C29BC.o
[501/890] EXTERNALIZE build/GEDE01/src/game/game_fn_801C8F50.o
[502/890] EXTERNALIZE build/GEDE01/src/game/game_fn_8007B828.o
[503/890] EXTERNALIZE build/GEDE01/src/game/game_fn_801C90A4.o
[504/890] EXTERNALIZE build/GEDE01/src/game/game_fn_801C8160.o
[505/890] EXTERNALIZE build/GEDE01/src/game/game_fn_801C2AAC.o
[506/890] EXTERNALIZE build/GEDE01/src/game/game_fn_801C2D9C.o
[507/890] EXTERNALIZE build/GEDE01/src/game/game_fn_801C2980.o
[508/890] EXTERNALIZE build/GEDE01/src/game/game_fn_801B02F0.o
[509/890] EXTERNALIZE build/GEDE01/src/game/game_fn_801AFA74.o
[510/890] EXTERNALIZE build/GEDE01/src/game/game_fn_801AC8AC.o
[511/890] EXTERNALIZE build/GEDE01/src/game/game_fn_801ABD3C.o
[512/890] EXTERNALIZE build/GEDE01/src/game/game_fn_801816D4.o
[513/890] EXTERNALIZE build/GEDE01/src/game/game_fn_8011F140.o
[514/890] EXTERNALIZE build/GEDE01/src/game/game_fn_801AD08C.o
[515/890] EXTERNALIZE build/GEDE01/src/game/game_fn_8004998C.o
[516/890] EXTERNALIZE build/GEDE01/src/game/game_fn_80079AA4.o
[517/890] EXTERNALIZE build/GEDE01/src/game/game_fn_80158D38.o
[518/890] EXTERNALIZE build/GEDE01/src/game/game_fn_801A3A78.o
[519/890] EXTERNALIZE build/GEDE01/src/game/game_fn_8008F224.o
[520/890] EXTERNALIZE build/GEDE01/src/game/game_fn_80167454.o
[521/890] EXTERNALIZE build/GEDE01/src/game/game_fn_800AF230.o
[522/890] EXTERNALIZE build/GEDE01/src/game/game_fn_801A93E8.o
[523/890] EXTERNALIZE build/GEDE01/src/game/game_fn_801AB154.o
[524/890] EXTERNALIZE build/GEDE01/src/game/game_fn_801A7E04.o
[525/890] EXTERNALIZE build/GEDE01/src/game/game_fn_801A7EA8.o
[526/890] EXTERNALIZE build/GEDE01/src/game/game_fn_801A6CB4.o
[527/890] EXTERNALIZE build/GEDE01/src/game/game_fn_801A4CE0.o
[528/890] EXTERNALIZE build/GEDE01/src/game/game_fn_801A6C58.o
[529/890] NAME JUMPTABLE build/GEDE01/src/game/game_fn_801A6ADC.o
[530/890] EXTERNALIZE build/GEDE01/src/game/game_fn_801A6410.o
[531/890] EXTERNALIZE build/GEDE01/src/game/game_fn_801A5FB0.o
[532/890] EXTERNALIZE build/GEDE01/src/game/game_fn_801A1F18.o
[533/890] EXTERNALIZE build/GEDE01/src/game/game_fn_8019E8C8.o
[534/890] EXTERNALIZE build/GEDE01/src/game/game_fn_8019E5E4.o
[535/890] EXTERNALIZE build/GEDE01/src/game/game_fn_8019CFC4.o
[536/890] EXTERNALIZE build/GEDE01/src/game/game_fn_8019CC28.o
[537/890] EXTERNALIZE build/GEDE01/src/game/game_fn_801991E0.o
[538/890] EXTERNALIZE build/GEDE01/src/game/game_fn_80198BF4.o
[539/890] EXTERNALIZE build/GEDE01/src/game/game_fn_80198AAC.o
[540/890] EXTERNALIZE build/GEDE01/src/game/game_fn_80198154.o
[541/890] EXTERNALIZE build/GEDE01/src/game/game_fn_80194F80.o
[542/890] EXTERNALIZE build/GEDE01/src/game/game_fn_80197910.o
[543/890] EXTERNALIZE build/GEDE01/src/game/game_fn_80177434.o
repointed 2 relocations to lbl_80250588
[544/890] EXTERNALIZE build/GEDE01/src/game/game_fn_80193E1C.o
[545/890] EXTERNALIZE build/GEDE01/src/game/game_fn_801931C4.o
[546/890] EXTERNALIZE build/GEDE01/src/game/game_fn_80193F3C.o
[547/890] EXTERNALIZE build/GEDE01/src/game/game_fn_80192F54.o
[548/890] EXTERNALIZE build/GEDE01/src/game/game_fn_80191F58.o
[549/890] EXTERNALIZE build/GEDE01/src/game/game_fn_8019197C.o
[550/890] EXTERNALIZE build/GEDE01/src/game/game_fn_80191360.o
[551/890] GLOBALIZE build/GEDE01/src/game/game_fn_8018F1D0.o
[552/890] EXTERNALIZE build/GEDE01/src/game/game_fn_8018D688.o
[553/890] EXTERNALIZE build/GEDE01/src/game/game_fn_8018F81C.o
[554/890] EXTERNALIZE build/GEDE01/src/game/game_fn_8018D2E0.o
[555/890] EXTERNALIZE build/GEDE01/src/game/game_fn_80189968.o
[556/890] EXTERNALIZE build/GEDE01/src/game/game_fn_80189760.o
[557/890] EXTERNALIZE build/GEDE01/src/game/game_fn_8018D1F0.o
[558/890] EXTERNALIZE build/GEDE01/src/game/game_fn_801896A0.o
[559/890] EXTERNALIZE build/GEDE01/src/game/game_fn_801895E8.o
[560/890] EXTERNALIZE build/GEDE01/src/game/game_fn_80189390.o
[561/890] EXTERNALIZE build/GEDE01/src/game/game_fn_801891D8.o
[562/890] EXTERNALIZE build/GEDE01/src/game/game_fn_80188E28.o
[563/890] EXTERNALIZE build/GEDE01/src/game/game_fn_80189028.o
[564/890] EXTERNALIZE build/GEDE01/src/game/game_fn_80188B44.o
[565/890] EXTERNALIZE build/GEDE01/src/game/game_fn_80188C1C.o
[566/890] EXTERNALIZE build/GEDE01/src/game/game_fn_80188A7C.o
[567/890] EXTERNALIZE build/GEDE01/src/game/game_fn_801878E0.o
[568/890] EXTERNALIZE build/GEDE01/src/game/game_fn_80187120.o
[569/890] EXTERNALIZE build/GEDE01/src/game/game_fn_8018FEDC.o
[570/890] EXTERNALIZE build/GEDE01/src/game/game_fn_80186E10.o
[571/890] EXTERNALIZE build/GEDE01/src/game/game_fn_801865EC.o
[572/890] EXTERNALIZE build/GEDE01/src/game/game_fn_80185AE8.o
[573/890] EXTERNALIZE build/GEDE01/src/game/game_fn_801859FC.o
[574/890] EXTERNALIZE build/GEDE01/src/game/game_fn_80180DDC.o
[575/890] EXTERNALIZE build/GEDE01/src/game/game_fn_8017E958.o
[576/890] EXTERNALIZE build/GEDE01/src/game/game_fn_8017E850.o
[577/890] EXTERNALIZE build/GEDE01/src/game/game_fn_8017718C.o
[578/890] EXTERNALIZE build/GEDE01/src/game/game_fn_801770F8.o
[579/890] EXTERNALIZE build/GEDE01/src/game/game_fn_80176FA0.o
[580/890] EXTERNALIZE build/GEDE01/src/game/game_fn_80176DF4.o
[581/890] EXTERNALIZE build/GEDE01/src/game/game_fn_80174358.o
[582/890] EXTERNALIZE build/GEDE01/src/game/game_fn_80173F04.o
[583/890] EXTERNALIZE build/GEDE01/src/game/game_fn_80174184.o
[584/890] EXTERNALIZE build/GEDE01/src/game/game_fn_8017553C.o
[585/890] EXTERNALIZE build/GEDE01/src/game/game_fn_80173D44.o
[586/890] EXTERNALIZE build/GEDE01/src/game/game_fn_80173770.o
[587/890] EXTERNALIZE build/GEDE01/src/game/game_fn_801734B4.o
[588/890] EXTERNALIZE build/GEDE01/src/game/game_fn_80173270.o
[589/890] EXTERNALIZE build/GEDE01/src/game/game_fn_80172DB8.o
[590/890] EXTERNALIZE build/GEDE01/src/game/game_fn_80172C78.o
[591/890] EXTERNALIZE build/GEDE01/src/game/game_fn_80172BB0.o
[592/890] EXTERNALIZE build/GEDE01/src/game/game_fn_801726EC.o
[593/890] EXTERNALIZE build/GEDE01/src/game/game_fn_8017250C.o
[594/890] EXTERNALIZE build/GEDE01/src/game/game_fn_80171F30.o
[595/890] EXTERNALIZE build/GEDE01/src/game/game_fn_801719B4.o
[596/890] EXTERNALIZE build/GEDE01/src/game/game_fn_801718F4.o
[597/890] EXTERNALIZE build/GEDE01/src/game/game_fn_80171664.o
[598/890] EXTERNALIZE build/GEDE01/src/game/game_fn_8017138C.o
[599/890] EXTERNALIZE build/GEDE01/src/game/game_fn_80170A40.o
[600/890] NORMALIZE build/GEDE01/src/game/game_TRKNubWelcome.o
[601/890] NORMALIZE build/GEDE01/src/game/game_TRK_main.o
[602/890] NORMALIZE build/GEDE01/src/game/game_data_80239E10.o
[603/890] NORMALIZE build/GEDE01/src/game/game_data_80239E18.o
[604/890] EXTERNALIZE build/GEDE01/src/game/game_fn_801706DC.o
[605/890] EXTERNALIZE build/GEDE01/src/game/game_fn_8017652C.o
[606/890] EXTERNALIZE build/GEDE01/src/game/game_fn_80170E9C.o
[607/890] EXTERNALIZE build/GEDE01/src/game/game_fn_80175E64.o
[608/890] EXTERNALIZE build/GEDE01/src/game/game_fn_80175F0C.o
[609/890] EXTERNALIZE build/GEDE01/src/game/game_fn_80176098.o
[610/890] EXTERNALIZE build/GEDE01/src/game/game_fn_80175FD4.o
[611/890] EXTERNALIZE build/GEDE01/src/game/game_fn_80176160.o
[612/890] EXTERNALIZE build/GEDE01/src/game/game_fn_80176220.o
[613/890] EXTERNALIZE build/GEDE01/src/game/game_fn_80170DF4.o
[614/890] EXTERNALIZE build/GEDE01/src/game/game_fn_801762E8.o
[615/890] EXTERNALIZE build/GEDE01/src/game/game_fn_8016E8F8.o
[616/890] EXTERNALIZE build/GEDE01/src/game/game_fn_8016FEF8.o
[617/890] EXTERNALIZE build/GEDE01/src/game/game_fn_801704F8.o
[618/890] EXTERNALIZE build/GEDE01/src/game/game_fn_8016D2B8.o
[619/890] NORMALIZE build/GEDE01/src/game/game_fn_8016DF4C.o
[620/890] EXTERNALIZE build/GEDE01/src/game/game_fn_8016D1F8.o
[621/890] EXTERNALIZE build/GEDE01/src/game/game_fn_8016D040.o
[622/890] EXTERNALIZE build/GEDE01/src/game/game_fn_8016C4BC.o
[623/890] EXTERNALIZE build/GEDE01/src/game/game_fn_8016C774.o
[624/890] EXTERNALIZE build/GEDE01/src/game/game_fn_8016C238.o
[625/890] EXTERNALIZE build/GEDE01/src/game/game_fn_8016C164.o
[626/890] EXTERNALIZE build/GEDE01/src/game/game_fn_8016C0BC.o
[627/890] EXTERNALIZE build/GEDE01/src/game/game_fn_8017038C.o
[628/890] EXTERNALIZE build/GEDE01/src/game/game_fn_8016BE1C.o
[629/890] EXTERNALIZE build/GEDE01/src/game/game_fn_8016BF60.o
[630/890] EXTERNALIZE build/GEDE01/src/game/game_fn_8016BD0C.o
[631/890] EXTERNALIZE build/GEDE01/src/game/game_fn_80169650.o
[632/890] EXTERNALIZE build/GEDE01/src/game/game_fn_8015EDC0.o
[633/890] EXTERNALIZE build/GEDE01/src/game/game_fn_80167B5C.o
[634/890] EXTERNALIZE build/GEDE01/src/game/game_fn_8015DB84.o
[635/890] EXTERNALIZE build/GEDE01/src/game/game_fn_8015DC54.o
[636/890] EXTERNALIZE build/GEDE01/src/game/game_fn_80158B20.o
[637/890] EXTERNALIZE build/GEDE01/src/game/game_fn_80179398.o
[638/890] EXTERNALIZE build/GEDE01/src/game/game_fn_8017960C.o
[639/890] EXTERNALIZE build/GEDE01/src/game/game_fn_8017974C.o
[640/890] EXTERNALIZE build/GEDE01/src/game/game_fn_80179904.o
[641/890] EXTERNALIZE build/GEDE01/src/game/game_fn_8017A9B8.o
[642/890] EXTERNALIZE build/GEDE01/src/game/game_fn_80179A18.o
[643/890] EXTERNALIZE build/GEDE01/src/game/game_fn_80179A74.o
[644/890] EXTERNALIZE build/GEDE01/src/game/game_fn_80179EB8.o
[645/890] EXTERNALIZE build/GEDE01/src/game/game_fn_80179F20.o
[646/890] EXTERNALIZE build/GEDE01/src/game/game_fn_8017A010.o
[647/890] EXTERNALIZE build/GEDE01/src/game/game_fn_8017A12C.o
[648/890] EXTERNALIZE build/GEDE01/src/game/game_fn_80157C0C.o
[649/890] EXTERNALIZE build/GEDE01/src/game/game_fn_8017A1C0.o
[650/890] EXTERNALIZE build/GEDE01/src/game/game_fn_80155814.o
[651/890] EXTERNALIZE build/GEDE01/src/game/game_fn_8014B494.o
[652/890] EXTERNALIZE build/GEDE01/src/game/game_fn_80153898.o
[653/890] EXTERNALIZE build/GEDE01/src/game/game_fn_8014AF38.o
[654/890] EXTERNALIZE build/GEDE01/src/game/game_fn_8012DB28.o
[655/890] EXTERNALIZE build/GEDE01/src/game/game_fn_801141B8.o
[656/890] EXTERNALIZE build/GEDE01/src/game/game_fn_801128E4.o
[657/890] EXTERNALIZE build/GEDE01/src/game/game_fn_801126E0.o
[658/890] EXTERNALIZE build/GEDE01/src/game/game_fn_8010F184.o
[659/890] EXTERNALIZE build/GEDE01/src/game/game_fn_800C17EC.o
[660/890] EXTERNALIZE build/GEDE01/src/game/game_fn_800E4980.o
[661/890] EXTERNALIZE build/GEDE01/src/game/game_fn_800C59F0.o
[662/890] EXTERNALIZE build/GEDE01/src/game/game_fn_800C030C.o
[663/890] EXTERNALIZE build/GEDE01/src/game/game_fn_800C644C.o
[664/890] EXTERNALIZE build/GEDE01/src/game/game_fn_800C65FC.o
[665/890] EXTERNALIZE build/GEDE01/src/game/game_fn_800CB760.o
[666/890] EXTERNALIZE build/GEDE01/src/game/game_fn_800CB8F4.o
[667/890] EXTERNALIZE build/GEDE01/src/game/game_fn_80079908.o
[668/890] EXTERNALIZE build/GEDE01/src/game/game_fn_80078500.o
[669/890] EXTERNALIZE build/GEDE01/src/game/game_fn_8007B2F4.o
[670/890] EXTERNALIZE build/GEDE01/src/game/game_fn_8007B540.o
[671/890] EXTERNALIZE build/GEDE01/src/game/game_fn_8007B640.o
[672/890] EXTERNALIZE build/GEDE01/src/game/game_fn_8007BA3C.o
[673/890] EXTERNALIZE build/GEDE01/src/game/game_fn_800886D8.o
[674/890] EXTERNALIZE build/GEDE01/src/game/game_fn_800934A0.o
[675/890] EXTERNALIZE build/GEDE01/src/game/game_fn_800A3894.o
[676/890] EXTERNALIZE build/GEDE01/src/game/game_fn_800A7E88.o
[677/890] EXTERNALIZE build/GEDE01/src/game/game_fn_800A4798.o
[678/890] GLOBALIZE build/GEDE01/src/game/game_fn_800A2130.o
[679/890] EXTERNALIZE build/GEDE01/src/game/game_fn_800A2FCC.o
[680/890] EXTERNALIZE build/GEDE01/src/game/game_fn_8009C424.o
[681/890] EXTERNALIZE SWITCHES build/GEDE01/src/game/game_fn_80095FDC.o
[682/890] GLOBALIZE build/GEDE01/src/game/game_fn_8008F890.o
[683/890] EXTERNALIZE build/GEDE01/src/game/game_fn_80096830.o
[684/890] EXTERNALIZE build/GEDE01/src/game/game_fn_800A4428.o
[685/890] EXTERNALIZE build/GEDE01/src/game/game_fn_80074310.o
[686/890] GLOBALIZE build/GEDE01/src/game/game_fn_8005FD84.o
[687/890] EXTERNALIZE build/GEDE01/src/game/game_fn_8005EC6C.o
[688/890] EXTERNALIZE build/GEDE01/src/game/game_fn_80066888.o
[689/890] EXTERNALIZE build/GEDE01/src/game/game_fn_80052310.o
[690/890] EXTERNALIZE build/GEDE01/src/game/game_fn_80048B24.o
[691/890] NAME SWITCH build/GEDE01/src/game/game_fn_80020E94.o
[692/890] NAME SWITCH build/GEDE01/src/game/game_fn_8005EE9C.o
[693/890] NAME SWITCH build/GEDE01/src/game/game_fn_8016D9C0.o
[694/890] NAME SWITCH build/GEDE01/src/game/game_fn_80071A58.o
[695/890] EXTERNALIZE build/GEDE01/src/game/game_fn_80048ADC.o
[696/890] NAME SWITCH build/GEDE01/src/game/game_fn_8006B620.o
[697/890] NAME SWITCH build/GEDE01/src/game/game_fn_8001FE1C.o
[698/890] NAME SWITCH build/GEDE01/src/game/game_fn_8001E644.o
[699/890] EXTERNALIZE build/GEDE01/src/game/game_fn_80038878.o
[700/890] EXTERNALIZE build/GEDE01/src/game/game_fn_801B46C8.o
build/GEDE01/src/game/game_fn_801B46C8.o: lbl_8060C020 now undefined; section 6 emptied
[701/890] EXTERNALIZE build/GEDE01/src/game/game_fn_80036C40.o
[702/890] EXTERNALIZE build/GEDE01/src/game/game_fn_800359A0.o
[703/890] EXTERNALIZE build/GEDE01/src/game/game_fn_80033180.o
[704/890] EXTERNALIZE build/GEDE01/src/game/game_fn_80033038.o
[705/890] EXTERNALIZE build/GEDE01/src/game/game_fn_80032B84.o
[706/890] EXTERNALIZE build/GEDE01/src/game/game_fn_8003232C.o
[707/890] EXTERNALIZE build/GEDE01/src/game/game_fn_8002E3F0.o
[708/890] EXTERNALIZE build/GEDE01/src/game/game_fn_8002DAE0.o
[709/890] EXTERNALIZE build/GEDE01/src/game/game_fn_8002EA68.o
[710/890] GLOBALIZE build/GEDE01/src/game/game_fn_8002B748.o
[711/890] EXTERNALIZE build/GEDE01/src/game/game_fn_8002F428.o
[712/890] NAME SWITCHES build/GEDE01/src/game/game_fn_80024F28.o
[713/890] EXTERNALIZE build/GEDE01/src/game/game_fn_800272B4.o
[714/890] EXTERNALIZE build/GEDE01/src/game/game_fn_8001CE94.o
[715/890] EXTERNALIZE build/GEDE01/src/game/game_fn_8001CD58.o
[716/890] EXTERNALIZE build/GEDE01/src/game/game_fn_8001C078.o
[717/890] EXTERNALIZE build/GEDE01/src/game/game_fn_8001B874.o
[718/890] EXTERNALIZE build/GEDE01/src/game/game_fn_8001B808.o
[719/890] EXTERNALIZE build/GEDE01/src/game/game_fn_8001B294.o
[720/890] EXTERNALIZE build/GEDE01/src/game/game_fn_8001B124.o
[721/890] EXTERNALIZE build/GEDE01/src/game/game_fn_8001ADF8.o
[722/890] EXTERNALIZE build/GEDE01/src/game/game_fn_8001AF68.o
[723/890] EXTERNALIZE build/GEDE01/src/game/game_fn_8001AAB8.o
[724/890] EXTERNALIZE build/GEDE01/src/game/game_fn_8001A6C4.o
[725/890] EXTERNALIZE build/GEDE01/src/game/game_fn_80019F98.o
[726/890] EXTERNALIZE build/GEDE01/src/game/game_fn_80019D2C.o
[727/890] EXTERNALIZE build/GEDE01/src/game/game_fn_80019C10.o
[728/890] EXTERNALIZE build/GEDE01/src/game/game_fn_80019940.o
[729/890] EXTERNALIZE build/GEDE01/src/game/game_fn_800194D0.o
[730/890] EXTERNALIZE build/GEDE01/src/game/game_fn_80019244.o
[731/890] EXTERNALIZE build/GEDE01/src/game/game_fn_80019054.o
[732/890] EXTERNALIZE build/GEDE01/src/game/game_fn_80018EF4.o
[733/890] EXTERNALIZE build/GEDE01/src/game/game_fn_80017DB0.o
[734/890] EXTERNALIZE build/GEDE01/src/game/game_fn_80017CC8.o
[735/890] EXTERNALIZE build/GEDE01/src/game/game_fn_80017C3C.o
[736/890] EXTERNALIZE build/GEDE01/src/game/game_fn_80017AE4.o
[737/890] EXTERNALIZE build/GEDE01/src/game/game_fn_80017A3C.o
[738/890] EXTERNALIZE build/GEDE01/src/game/game_fn_800179AC.o
[739/890] EXTERNALIZE build/GEDE01/src/game/game_fn_80017910.o
[740/890] EXTERNALIZE FLAGS build/GEDE01/src/game/game_fn_800119FC.o
[741/890] EXTERNALIZE build/GEDE01/src/game/game_fn_8000FFD8.o
[742/890] EXTERNALIZE build/GEDE01/src/game/game_fn_8000F4B0.o
[743/890] GLOBALIZE build/GEDE01/src/game/game_fn_800094C0.o
[744/890] EXTERNALIZE build/GEDE01/src/game/game_fn_8000EFC4.o
[745/890] EXTERNALIZE build/GEDE01/src/game/game_fn_800096E0.o
[746/890] EXTERNALIZE build/GEDE01/src/game/game_fn_800098C0.o
[747/890] EXTERNALIZE build/GEDE01/src/game/game_fn_800099D8.o
[748/890] EXTERNALIZE build/GEDE01/src/game/game_fn_80009AB4.o
[749/890] EXTERNALIZE build/GEDE01/src/game/game_fn_8000A26C.o
[750/890] EXTERNALIZE build/GEDE01/src/game/game_fn_800171C0.o
[751/890] EXTERNALIZE build/GEDE01/src/game/game_fn_800176F0.o
[752/890] EXTERNALIZE build/GEDE01/src/game/game_fn_8000AC88.o
[753/890] EXTERNALIZE build/GEDE01/src/game/game_fn_8000AEB4.o
[754/890] EXTERNALIZE build/GEDE01/src/game/game_fn_8000AFB4.o
[755/890] EXTERNALIZE build/GEDE01/src/game/game_fn_8000B1B8.o
[756/890] EXTERNALIZE build/GEDE01/src/game/game_fn_8000B36C.o
[757/890] EXTERNALIZE build/GEDE01/src/game/game_fn_8000B630.o
[758/890] EXTERNALIZE build/GEDE01/src/game/game_fn_8000B7FC.o
[759/890] EXTERNALIZE build/GEDE01/src/game/game_fn_8000B900.o
[760/890] EXTERNALIZE build/GEDE01/src/game/game_fn_8000BA0C.o
[761/890] EXTERNALIZE build/GEDE01/src/game/game_fn_8000BC40.o
[762/890] EXTERNALIZE build/GEDE01/src/game/game_fn_8000BAA0.o
[763/890] EXTERNALIZE build/GEDE01/src/game/game_fn_8000C06C.o
[764/890] EXTERNALIZE build/GEDE01/src/game/game_fn_8000C17C.o
[765/890] EXTERNALIZE build/GEDE01/src/game/game_fn_8000C400.o
[766/890] EXTERNALIZE build/GEDE01/src/game/game_fn_8000C848.o
[767/890] EXTERNALIZE build/GEDE01/src/game/game_fn_8000C91C.o
[768/890] EXTERNALIZE build/GEDE01/src/game/game_fn_8000D0BC.o
[769/890] NAME SWITCH build/GEDE01/src/game/game_fn_8000D8A4.o
[770/890] EXTERNALIZE build/GEDE01/src/game/game_fn_8000D3D4.o
[771/890] EXTERNALIZE build/GEDE01/src/game/game_fn_8000E054.o
[772/890] EXTERNALIZE build/GEDE01/src/game/game_fn_8000E0AC.o
[773/890] EXTERNALIZE build/GEDE01/src/game/game_fn_8000E96C.o
[774/890] EXTERNALIZE build/GEDE01/src/game/game_fn_8000F774.o
[775/890] EXTERNALIZE build/GEDE01/src/game/game_fn_8000EB14.o
[776/890] EXTERNALIZE build/GEDE01/src/game/game_fn_8000EBD4.o
[777/890] EXTERNALIZE build/GEDE01/src/game/game_fn_8000ED44.o
[778/890] EXTERNALIZE build/GEDE01/src/game/game_fn_8000E138.o
[779/890] EXTERNALIZE build/GEDE01/src/game/game_fn_8000E1C4.o
[780/890] EXTERNALIZE build/GEDE01/src/game/game_fn_8000DA50.o
[781/890] EXTERNALIZE build/GEDE01/src/game/game_fn_8000D590.o
[782/890] EXTERNALIZE build/GEDE01/src/game/game_fn_8000DAF4.o
[783/890] EXTERNALIZE build/GEDE01/src/game/game_fn_80012DA8.o
[784/890] EXTERNALIZE build/GEDE01/src/game/game_fn_80012FD0.o
[785/890] EXTERNALIZE build/GEDE01/src/game/game_fn_80012F40.o
[786/890] EXTERNALIZE build/GEDE01/src/game/game_fn_800131E8.o
[787/890] EXTERNALIZE build/GEDE01/src/game/game_fn_80013340.o
[788/890] EXTERNALIZE build/GEDE01/src/game/game_fn_80013870.o
[789/890] EXTERNALIZE build/GEDE01/src/game/game_fn_80013CB0.o
[790/890] EXTERNALIZE build/GEDE01/src/game/game_fn_80013D54.o
[791/890] EXTERNALIZE build/GEDE01/src/game/game_fn_800142DC.o
[792/890] EXTERNALIZE build/GEDE01/src/game/game_fn_800144CC.o
[793/890] EXTERNALIZE build/GEDE01/src/game/game_fn_80014784.o
[794/890] EXTERNALIZE build/GEDE01/src/game/game_fn_80015058.o
[795/890] EXTERNALIZE build/GEDE01/src/game/game_fn_800149D4.o
[796/890] EXTERNALIZE build/GEDE01/src/game/game_fn_80015320.o
[797/890] EXTERNALIZE build/GEDE01/src/game/game_fn_80015568.o
[798/890] EXTERNALIZE build/GEDE01/src/game/game_fn_80015BE0.o
[799/890] EXTERNALIZE build/GEDE01/src/game/game_fn_800156FC.o
[800/890] EXTERNALIZE build/GEDE01/src/game/game_fn_80015D40.o
[801/890] EXTERNALIZE build/GEDE01/src/game/game_fn_80015F04.o
[802/890] EXTERNALIZE build/GEDE01/src/game/game_fn_80016128.o
[803/890] EXTERNALIZE build/GEDE01/src/game/game_fn_80016270.o
[804/890] EXTERNALIZE build/GEDE01/src/game/game_fn_80016904.o
[805/890] EXTERNALIZE build/GEDE01/src/game/game_fn_800173CC.o
[806/890] EXTERNALIZE build/GEDE01/src/game/game_fn_80016B24.o
[807/890] EXTERNALIZE build/GEDE01/src/game/game_fn_801BEF40.o
[808/890] EXTERNALIZE build/GEDE01/src/game/game_fn_801B86C0.o
[809/890] EXTERNALIZE STATIC POOL build/GEDE01/src/game/game_fn_801C4B5C.o
build/GEDE01/src/game/game_fn_801C4B5C.o: lbl_80628CB0 now undefined; section 6 emptied
[810/890] EXTERNALIZE build/GEDE01/src/game/game_fn_801C8600.o
[811/890] EXTERNALIZE build/GEDE01/src/game/game_fn_800B2EC0.o
[812/890] EXTERNALIZE build/GEDE01/src/game/game_fn_8001CA04.o
[813/890] EXTERNALIZE build/GEDE01/src/game/game_fn_80031544.o
[814/890] EXTERNALIZE build/GEDE01/src/game/game_fn_8006B0F0.o
[815/890] EXTERNALIZE build/GEDE01/src/game/game_fn_8007D4D8.o
[816/890] EXTERNALIZE build/GEDE01/src/game/game_fn_8007F770.o
[817/890] EXTERNALIZE build/GEDE01/src/game/game_fn_80088F4C.o
[818/890] EXTERNALIZE build/GEDE01/src/game/game_fn_8008A2E0.o
[819/890] EXTERNALIZE build/GEDE01/src/game/game_fn_80090004.o
[820/890] EXTERNALIZE build/GEDE01/src/game/game_fn_80095D10.o
[821/890] EXTERNALIZE build/GEDE01/src/game/game_fn_800A3180.o
[822/890] EXTERNALIZE build/GEDE01/src/game/game_fn_800BB7A8.o
[823/890] EXTERNALIZE build/GEDE01/src/game/game_fn_800BB5C4.o
[824/890] EXTERNALIZE build/GEDE01/src/game/game_fn_800BB9A4.o
[825/890] EXTERNALIZE build/GEDE01/src/game/game_fn_800BBAF0.o
[826/890] EXTERNALIZE build/GEDE01/src/game/game_fn_800D9064.o
[827/890] EXTERNALIZE build/GEDE01/src/game/game_fn_800D9E10.o
[828/890] EXTERNALIZE build/GEDE01/src/game/game_fn_8012976C.o
[829/890] EXTERNALIZE build/GEDE01/src/game/game_fn_8013DB8C.o
[830/890] EXTERNALIZE build/GEDE01/src/game/game_fn_8013CBE4.o
[831/890] EXTERNALIZE build/GEDE01/src/game/game_fn_8014CA98.o
[832/890] EXTERNALIZE build/GEDE01/src/game/game_fn_80153A24.o
[833/890] EXTERNALIZE build/GEDE01/src/game/game_fn_801535D8.o
[834/890] EXTERNALIZE build/GEDE01/src/game/game_fn_80174F2C.o
[835/890] EXTERNALIZE build/GEDE01/src/game/game_fn_8017AC20.o
[836/890] EXTERNALIZE build/GEDE01/src/game/game_fn_8018680C.o
[837/890] EXTERNALIZE build/GEDE01/src/game/game_fn_80186F70.o
[838/890] EXTERNALIZE build/GEDE01/src/game/game_fn_80187320.o
[839/890] EXTERNALIZE build/GEDE01/src/game/game_fn_801810A0.o
[840/890] EXTERNALIZE build/GEDE01/src/game/game_fn_801875FC.o
[841/890] EXTERNALIZE build/GEDE01/src/game/game_fn_800542D0.o
[842/890] EXTERNALIZE build/GEDE01/src/game/game_fn_80189C14.o
[843/890] EXTERNALIZE build/GEDE01/src/game/game_fn_80187BB4.o
[844/890] EXTERNALIZE build/GEDE01/src/game/game_fn_8018D400.o
[845/890] EXTERNALIZE build/GEDE01/src/game/game_fn_8018C2D0.o
[846/890] EXTERNALIZE build/GEDE01/src/game/game_fn_8018E0D8.o
[847/890] EXTERNALIZE build/GEDE01/src/game/game_fn_8019120C.o
[848/890] EXTERNALIZE build/GEDE01/src/game/game_fn_8018DC24.o
[849/890] EXTERNALIZE build/GEDE01/src/game/game_fn_801916D0.o
[850/890] EXTERNALIZE build/GEDE01/src/game/game_fn_801926EC.o
[851/890] EXTERNALIZE build/GEDE01/src/game/game_fn_801929A4.o
[852/890] EXTERNALIZE build/GEDE01/src/game/game_fn_801A2A54.o
[853/890] EXTERNALIZE build/GEDE01/src/game/game_fn_801A34BC.o
[854/890] EXTERNALIZE build/GEDE01/src/game/game_fn_801A657C.o
[855/890] EXTERNALIZE build/GEDE01/src/game/game_fn_801D1F78.o
[856/890] EXTERNALIZE build/GEDE01/src/game/game_fn_801E2A48.o
[857/890] EXTERNALIZE build/GEDE01/src/game/game_fn_801E6814.o
[858/890] EXTERNALIZE build/GEDE01/src/game/game_fn_801E995C.o
[859/890] EXTERNALIZE build/GEDE01/src/game/game_fn_801EF580.o
[860/890] EXTERNALIZE build/GEDE01/src/game/game_fn_801F10BC.o
[861/890] EXTERNALIZE build/GEDE01/src/game/game_fn_801F35A8.o
[862/890] EXTERNALIZE build/GEDE01/src/game/game_fn_801ECD74.o
[863/890] EXTERNALIZE build/GEDE01/src/game/game_fn_801F69F0.o
[864/890] EXTERNALIZE build/GEDE01/src/game/game_fn_801ED5F4.o
[865/890] EXTERNALIZE build/GEDE01/src/game/game_fn_801F76EC.o
[866/890] EXTERNALIZE build/GEDE01/src/game/game_fn_801F8264.o
[867/890] EXTERNALIZE build/GEDE01/src/game/game_fn_801F89B4.o
[868/890] EXTERNALIZE build/GEDE01/src/game/game_fn_801F9AF8.o
[869/890] EXTERNALIZE build/GEDE01/src/game/game_fn_801F6BD8.o
[870/890] EXTERNALIZE build/GEDE01/src/game/game_fn_801FB6A4.o
[871/890] EXTERNALIZE JUMPTABLES build/GEDE01/src/game/game_fn_800361F8.o
[872/890] EXTERNALIZE JUMPTABLES build/GEDE01/src/game/game_fn_8006E53C.o
[873/890] EXTERNALIZE JUMPTABLES build/GEDE01/src/game/game_fn_800CF598.o
[874/890] EXTERNALIZE JUMPTABLES build/GEDE01/src/game/game_fn_801ACFE8.o
[875/890] EXTERNALIZE build/GEDE01/src/game/game_fn_80154F74.o
[876/890] EXTERNALIZE JUMPTABLES build/GEDE01/src/game/game_fn_801B1BA0.o
[877/890] EXTERNALIZE build/GEDE01/src/game/game_fn_8009E808.o
[878/890] EXTERNALIZE build/GEDE01/src/game/game_fn_801F1A38.o
[879/890] EXTERNALIZE build/GEDE01/src/game/game_fn_801F55A0.o
[880/890] EXTERNALIZE build/GEDE01/src/game/game_fn_801FFE78.o
[881/890] EXTERNALIZE build/GEDE01/src/game/game_fn_801F7510.o
[882/890] EXTERNALIZE build/GEDE01/src/game/game_fn_801F9CF4.o
[883/890] EXTERNALIZE build/GEDE01/src/game/game_fn_801FC034.o
[884/890] EXTERNALIZE build/GEDE01/src/game/game_fn_801FA9C8.o
[885/890] REPORT
 INFO Loading project .
 INFO Generating report for 7068 units (using 8 threads)
 INFO Report generated in 0.171s
 INFO Writing to build/GEDE01/report.json
[886/890] LINK build/GEDE01/main.elf
### mwldeppc.exe Linker Warning:
#   Section '.ignored' is unknown. Section ignored.
### mwldeppc.exe Linker Warning:
#   Section '.ignored' is unknown. Section ignored.
### mwldeppc.exe Linker Warning:
#   Section '.ignored' is unknown. Section ignored.
### mwldeppc.exe Linker Warning:
#   Section '.ignored' is unknown. Section ignored.
### mwldeppc.exe Linker Warning:
#   Section '.ignored' is unknown. Section ignored.
### mwldeppc.exe Linker Warning:
#   Section '.ignored' is unknown. Section ignored.
### mwldeppc.exe Linker Warning:
#   Section '.ignored' is unknown. Section ignored.
### mwldeppc.exe Linker Warning:
#   Section '.ignored' is unknown. Section ignored.
### mwldeppc.exe Linker Warning:
#   Section '.ignored' is unknown. Section ignored.
### mwldeppc.exe Linker Warning:
#   Section '.ignored' is unknown. Section ignored.
### mwldeppc.exe Linker Warning:
#   Section '.ignored' is unknown. Section ignored.
### mwldeppc.exe Linker Warning:
#   Section '.ignored' is unknown. Section ignored.
### mwldeppc.exe Linker Warning:
#   Section '.ignored' is unknown. Section ignored.
### mwldeppc.exe Linker Warning:
#   Section '.ignored' is unknown. Section ignored.
### mwldeppc.exe Linker Warning:
#   Section '.ignored' is unknown. Section ignored.
### mwldeppc.exe Linker Warning:
#   Section '.ignored' is unknown. Section ignored.
### mwldeppc.exe Linker Warning:
#   Section '.ignored' is unknown. Section ignored.
### mwldeppc.exe Linker Warning:
#   Section '.ignored' is unknown. Section ignored.
### mwldeppc.exe Linker Warning:
#   Section '.ignored' is unknown. Section ignored.
### mwldeppc.exe Linker Warning:
#   Section '.ignored' is unknown. Section ignored.
### mwldeppc.exe Linker Warning:
#   Section '.ignored' is unknown. Section ignored.
### mwldeppc.exe Linker Warning:
#   Section '.ignored' is unknown. Section ignored.
### mwldeppc.exe Linker Warning:
#   Section '.ignored' is unknown. Section ignored.
### mwldeppc.exe Linker Warning:
#   Section '.ignored' is unknown. Section ignored.
### mwldeppc.exe Linker Warning:
#   Section '.ignored' is unknown. Section ignored.
### mwldeppc.exe Linker Warning:
#   Section '.ignored' is unknown. Section ignored.
### mwldeppc.exe Linker Warning:
#   Section '.ignored' is unknown. Section ignored.
### mwldeppc.exe Linker Warning:
#   Section '.ignored' is unknown. Section ignored.
### mwldeppc.exe Linker Warning:
#   Section '.ignored' is unknown. Section ignored.
### mwldeppc.exe Linker Warning:
#   Section '.ignored' is unknown. Section ignored.
### mwldeppc.exe Linker Warning:
#   Section '.ignored' is unknown. Section ignored.
### mwldeppc.exe Linker Warning:
#   Section '.ignored' is unknown. Section ignored.
### mwldeppc.exe Linker Warning:
#   Section '.ignored' is unknown. Section ignored.
### mwldeppc.exe Linker Warning:
#   Section '.ignored' is unknown. Section ignored.
### mwldeppc.exe Linker Warning:
#   Section '.ignored' is unknown. Section ignored.
### mwldeppc.exe Linker Warning:
#   Section '.ignored' is unknown. Section ignored.
### mwldeppc.exe Linker Warning:
#   Section '.ignored' is unknown. Section ignored.
### mwldeppc.exe Linker Warning:
#   Section '.ignored' is unknown. Section ignored.
### mwldeppc.exe Linker Warning:
#   Section '.ignored' is unknown. Section ignored.
### mwldeppc.exe Linker Warning:
#   Section '.ignored' is unknown. Section ignored.
### mwldeppc.exe Linker Warning:
#   Section '.ignored' is unknown. Section ignored.
### mwldeppc.exe Linker Warning:
#   Section '.ignored' is unknown. Section ignored.
### mwldeppc.exe Linker Warning:
#   Section '.ignored' is unknown. Section ignored.
### mwldeppc.exe Linker Warning:
#   Section '.ignored' is unknown. Section ignored.
### mwldeppc.exe Linker Warning:
#   Section '.ignored' is unknown. Section ignored.
### mwldeppc.exe Linker Warning:
#   Section '.ignored' is unknown. Section ignored.
### mwldeppc.exe Linker Warning:
#   Section '.ignored' is unknown. Section ignored.
### mwldeppc.exe Linker Warning:
#   Section '.ignored' is unknown. Section ignored.
### mwldeppc.exe Linker Warning:
#   Section '.ignored' is unknown. Section ignored.
### mwldeppc.exe Linker Warning:
#   Section '.ignored' is unknown. Section ignored.
### mwldeppc.exe Linker Warning:
#   Section '.ignored' is unknown. Section ignored.
### mwldeppc.exe Linker Warning:
#   Section '.ignored' is unknown. Section ignored.
### mwldeppc.exe Linker Warning:
#   Section '.ignored' is unknown. Section ignored.
### mwldeppc.exe Linker Warning:
#   Section '.ignored' is unknown. Section ignored.
### mwldeppc.exe Linker Warning:
#   Section '.ignored' is unknown. Section ignored.
### mwldeppc.exe Linker Warning:
#   Section '.ignored' is unknown. Section ignored.
### mwldeppc.exe Linker Warning:
#   Section '.ignored' is unknown. Section ignored.
### mwldeppc.exe Linker Warning:
#   Section '.ignored' is unknown. Section ignored.
### mwldeppc.exe Linker Warning:
#   Section '.ignored' is unknown. Section ignored.
### mwldeppc.exe Linker Warning:
#   Section '.ignored' is unknown. Section ignored.
### mwldeppc.exe Linker Warning:
#   Section '.ignored' is unknown. Section ignored.
### mwldeppc.exe Linker Warning:
#   Section '.ignored' is unknown. Section ignored.
### mwldeppc.exe Linker Warning:
#   Section '.ignored' is unknown. Section ignored.
### mwldeppc.exe Linker Warning:
#   Section '.ignored' is unknown. Section ignored.
### mwldeppc.exe Linker Warning:
#   Section '.ignored' is unknown. Section ignored.
### mwldeppc.exe Linker Warning:
#   Section '.ignored' is unknown. Section ignored.
### mwldeppc.exe Linker Warning:
#   Section '.ignored' is unknown. Section ignored.
### mwldeppc.exe Linker Warning:
#   Section '.ignored' is unknown. Section ignored.
### mwldeppc.exe Linker Warning:
#   Section '.ignored' is unknown. Section ignored.
### mwldeppc.exe Linker Warning:
#   Section '.ignored' is unknown. Section ignored.
### mwldeppc.exe Linker Warning:
#   Section '.ignored' is unknown. Section ignored.
### mwldeppc.exe Linker Warning:
#   Section '.ignored' is unknown. Section ignored.
### mwldeppc.exe Linker Warning:
#   Section '.ignored' is unknown. Section ignored.
### mwldeppc.exe Linker Warning:
#   Section '.ignored' is unknown. Section ignored.
### mwldeppc.exe Linker Warning:
#   Section '.ignored' is unknown. Section ignored.
### mwldeppc.exe Linker Warning:
#   Section '.ignored' is unknown. Section ignored.
### mwldeppc.exe Linker Warning:
#   Section '.ignored' is unknown. Section ignored.
### mwldeppc.exe Linker Warning:
#   Section '.ignored' is unknown. Section ignored.
### mwldeppc.exe Linker Warning:
#   Section '.ignored' is unknown. Section ignored.
### mwldeppc.exe Linker Warning:
#   Section '.ignored' is unknown. Section ignored.
### mwldeppc.exe Linker Warning:
#   Section '.ignored' is unknown. Section ignored.
### mwldeppc.exe Linker Warning:
#   Section '.ignored' is unknown. Section ignored.
### mwldeppc.exe Linker Warning:
#   Section '.ignored' is unknown. Section ignored.
### mwldeppc.exe Linker Warning:
#   Section '.ignored' is unknown. Section ignored.
### mwldeppc.exe Linker Warning:
#   Section '.ignored' is unknown. Section ignored.
### mwldeppc.exe Linker Warning:
#   Section '.ignored' is unknown. Section ignored.
### mwldeppc.exe Linker Warning:
#   Section '.ignored' is unknown. Section ignored.
### mwldeppc.exe Linker Warning:
#   Section '.ignored' is unknown. Section ignored.
### mwldeppc.exe Linker Warning:
#   Section '.ignored' is unknown. Section ignored.
### mwldeppc.exe Linker Warning:
#   Section '.ignored' is unknown. Section ignored.
### mwldeppc.exe Linker Warning:
#   Section '.ignored' is unknown. Section ignored.
### mwldeppc.exe Linker Warning:
#   Section '.ignored' is unknown. Section ignored.
### mwldeppc.exe Linker Warning:
#   Section '.ignored' is unknown. Section ignored.
### mwldeppc.exe Linker Warning:
#   Section '.ignored' is unknown. Section ignored.
### mwldeppc.exe Linker Warning:
#   Section '.ignored' is unknown. Section ignored.
### mwldeppc.exe Linker Warning:
#   Section '.ignored' is unknown. Section ignored.
### mwldeppc.exe Linker Warning:
#   Section '.ignored' is unknown. Section ignored.
### mwldeppc.exe Linker Warning:
#   Section '.ignored' is unknown. Section ignored.
### mwldeppc.exe Linker Warning:
#   Section '.ignored' is unknown. Section ignored.
### mwldeppc.exe Linker Warning:
#   Section '.ignored' is unknown. Section ignored.
### mwldeppc.exe Linker Warning:
#   Section '.ignored' is unknown. Section ignored.
### mwldeppc.exe Linker Warning:
#   Section '.ignored' is unknown. Section ignored.
### mwldeppc.exe Linker Warning:
#   Section '.ignored' is unknown. Section ignored.
### mwldeppc.exe Linker Warning:
#   Section '.ignored' is unknown. Section ignored.
### mwldeppc.exe Linker Warning:
#   Section '.ignored' is unknown. Section ignored.
### mwldeppc.exe Linker Warning:
#   Section '.ignored' is unknown. Section ignored.
### mwldeppc.exe Linker Warning:
#   Section '.ignored' is unknown. Section ignored.
### mwldeppc.exe Linker Warning:
#   Section '.ignored' is unknown. Section ignored.
### mwldeppc.exe Linker Warning:
#   Section '.ignored' is unknown. Section ignored.
### mwldeppc.exe Linker Warning:
#   Section '.ignored' is unknown. Section ignored.
### mwldeppc.exe Linker Warning:
#   Section '.ignored' is unknown. Section ignored.
### mwldeppc.exe Linker Warning:
#   Section '.ignored' is unknown. Section ignored.
### mwldeppc.exe Linker Warning:
#   Section '.ignored' is unknown. Section ignored.
### mwldeppc.exe Linker Warning:
#   Section '.ignored' is unknown. Section ignored.
### mwldeppc.exe Linker Warning:
#   Section '.ignored' is unknown. Section ignored.
### mwldeppc.exe Linker Warning:
#   Section '.ignored' is unknown. Section ignored.
### mwldeppc.exe Linker Warning:
#   Section '.ignored' is unknown. Section ignored.
### mwldeppc.exe Linker Warning:
#   Section '.ignored' is unknown. Section ignored.
### mwldeppc.exe Linker Warning:
#   Section '.ignored' is unknown. Section ignored.
### mwldeppc.exe Linker Warning:
#   Section '.ignored' is unknown. Section ignored.
### mwldeppc.exe Linker Warning:
#   Section '.ignored' is unknown. Section ignored.
### mwldeppc.exe Linker Warning:
#   Section '.ignored' is unknown. Section ignored.
### mwldeppc.exe Linker Warning:
#   Section '.ignored' is unknown. Section ignored.
### mwldeppc.exe Linker Warning:
#   Section '.ignored' is unknown. Section ignored.
### mwldeppc.exe Linker Warning:
#   Section '.ignored' is unknown. Section ignored.
### mwldeppc.exe Linker Warning:
#   Section '.ignored' is unknown. Section ignored.
### mwldeppc.exe Linker Warning:
#   Section '.ignored' is unknown. Section ignored.
### mwldeppc.exe Linker Warning:
#   Section '.ignored' is unknown. Section ignored.
### mwldeppc.exe Linker Warning:
#   Section '.ignored' is unknown. Section ignored.
### mwldeppc.exe Linker Warning:
#   Section '.ignored' is unknown. Section ignored.
### mwldeppc.exe Linker Warning:
#   Section '.ignored' is unknown. Section ignored.
### mwldeppc.exe Linker Warning:
#   Section '.ignored' is unknown. Section ignored.
### mwldeppc.exe Linker Warning:
#   Section '.ignored' is unknown. Section ignored.
### mwldeppc.exe Linker Warning:
#   Section '.ignored' is unknown. Section ignored.
### mwldeppc.exe Linker Warning:
#   Section '.ignored' is unknown. Section ignored.
### mwldeppc.exe Linker Warning:
#   Section '.ignored' is unknown. Section ignored.
### mwldeppc.exe Linker Warning:
#   Section '.ignored' is unknown. Section ignored.
### mwldeppc.exe Linker Warning:
#   Section '.ignored' is unknown. Section ignored.
### mwldeppc.exe Linker Warning:
#   Section '.ignored' is unknown. Section ignored.
### mwldeppc.exe Linker Warning:
#   Section '.ignored' is unknown. Section ignored.
### mwldeppc.exe Linker Warning:
#   Section '.ignored' is unknown. Section ignored.
### mwldeppc.exe Linker Warning:
#   Section '.ignored' is unknown. Section ignored.
### mwldeppc.exe Linker Warning:
#   Section '.ignored' is unknown. Section ignored.
### mwldeppc.exe Linker Warning:
#   Section '.ignored' is unknown. Section ignored.
### mwldeppc.exe Linker Warning:
#   Section '.ignored' is unknown. Section ignored.
### mwldeppc.exe Linker Warning:
#   Section '.ignored' is unknown. Section ignored.
### mwldeppc.exe Linker Warning:
#   Section '.ignored' is unknown. Section ignored.
### mwldeppc.exe Linker Warning:
#   Section '.ignored' is unknown. Section ignored.
### mwldeppc.exe Linker Warning:
#   Section '.ignored' is unknown. Section ignored.
### mwldeppc.exe Linker Warning:
#   Section '.ignored' is unknown. Section ignored.
### mwldeppc.exe Linker Warning:
#   Section '.ignored' is unknown. Section ignored.
### mwldeppc.exe Linker Warning:
#   Section '.ignored' is unknown. Section ignored.
### mwldeppc.exe Linker Warning:
#   Section '.ignored' is unknown. Section ignored.
### mwldeppc.exe Linker Warning:
#   Section '.ignored' is unknown. Section ignored.
### mwldeppc.exe Linker Warning:
#   Section '.ignored' is unknown. Section ignored.
### mwldeppc.exe Linker Warning:
#   Section '.ignored' is unknown. Section ignored.
### mwldeppc.exe Linker Warning:
#   Section '.ignored' is unknown. Section ignored.
### mwldeppc.exe Linker Warning:
#   Section '.ignored' is unknown. Section ignored.
### mwldeppc.exe Linker Warning:
#   Section '.ignored' is unknown. Section ignored.
### mwldeppc.exe Linker Warning:
#   Section '.ignored' is unknown. Section ignored.
### mwldeppc.exe Linker Warning:
#   Section '.ignored' is unknown. Section ignored.
### mwldeppc.exe Linker Warning:
#   Section '.ignored' is unknown. Section ignored.
### mwldeppc.exe Linker Warning:
#   Section '.ignored' is unknown. Section ignored.
### mwldeppc.exe Linker Warning:
#   Section '.ignored' is unknown. Section ignored.
### mwldeppc.exe Linker Warning:
#   Section '.ignored' is unknown. Section ignored.
### mwldeppc.exe Linker Warning:
#   Section '.ignored' is unknown. Section ignored.
### mwldeppc.exe Linker Warning:
#   Section '.ignored' is unknown. Section ignored.
### mwldeppc.exe Linker Warning:
#   Section '.ignored' is unknown. Section ignored.
### mwldeppc.exe Linker Warning:
#   Section '.ignored' is unknown. Section ignored.
### mwldeppc.exe Linker Warning:
#   Section '.ignored' is unknown. Section ignored.
### mwldeppc.exe Linker Warning:
#   Section '.ignored' is unknown. Section ignored.
### mwldeppc.exe Linker Warning:
#   Section '.ignored' is unknown. Section ignored.
### mwldeppc.exe Linker Warning:
#   Section '.ignored' is unknown. Section ignored.
### mwldeppc.exe Linker Warning:
#   Section '.ignored' is unknown. Section ignored.
### mwldeppc.exe Linker Warning:
#   Section '.ignored' is unknown. Section ignored.
### mwldeppc.exe Linker Warning:
#   Section '.ignored' is unknown. Section ignored.
### mwldeppc.exe Linker Warning:
#   Section '.ignored' is unknown. Section ignored.
### mwldeppc.exe Linker Warning:
#   Section '.ignored' is unknown. Section ignored.
### mwldeppc.exe Linker Warning:
#   Section '.ignored' is unknown. Section ignored.
### mwldeppc.exe Linker Warning:
#   Section '.ignored' is unknown. Section ignored.
### mwldeppc.exe Linker Warning:
#   Section '.ignored' is unknown. Section ignored.
### mwldeppc.exe Linker Warning:
#   Section '.ignored' is unknown. Section ignored.
### mwldeppc.exe Linker Warning:
#   Section '.ignored' is unknown. Section ignored.
### mwldeppc.exe Linker Warning:
#   Section '.ignored' is unknown. Section ignored.
### mwldeppc.exe Linker Warning:
#   Section '.ignored' is unknown. Section ignored.
### mwldeppc.exe Linker Warning:
#   Section '.ignored' is unknown. Section ignored.
### mwldeppc.exe Linker Warning:
#   Section '.ignored' is unknown. Section ignored.
### mwldeppc.exe Linker Warning:
#   Section '.ignored' is unknown. Section ignored.
### mwldeppc.exe Linker Warning:
#   Section '.ignored' is unknown. Section ignored.
### mwldeppc.exe Linker Warning:
#   Section '.ignored' is unknown. Section ignored.
### mwldeppc.exe Linker Warning:
#   Section '.ignored' is unknown. Section ignored.
### mwldeppc.exe Linker Warning:
#   Section '.ignored' is unknown. Section ignored.
### mwldeppc.exe Linker Warning:
#   Section '.ignored' is unknown. Section ignored.
### mwldeppc.exe Linker Warning:
#   Section '.ignored' is unknown. Section ignored.
### mwldeppc.exe Linker Warning:
#   Section '.ignored' is unknown. Section ignored.
### mwldeppc.exe Linker Warning:
#   Section '.ignored' is unknown. Section ignored.
### mwldeppc.exe Linker Warning:
#   Section '.ignored' is unknown. Section ignored.
### mwldeppc.exe Linker Warning:
#   Section '.ignored' is unknown. Section ignored.
### mwldeppc.exe Linker Warning:
#   Section '.ignored' is unknown. Section ignored.
### mwldeppc.exe Linker Warning:
#   Section '.ignored' is unknown. Section ignored.
### mwldeppc.exe Linker Warning:
#   Section '.ignored' is unknown. Section ignored.
### mwldeppc.exe Linker Warning:
#   Section '.ignored' is unknown. Section ignored.
### mwldeppc.exe Linker Warning:
#   Section '.ignored' is unknown. Section ignored.
### mwldeppc.exe Linker Warning:
#   Section '.ignored' is unknown. Section ignored.
### mwldeppc.exe Linker Warning:
#   Section '.ignored' is unknown. Section ignored.
### mwldeppc.exe Linker Warning:
#   Section '.ignored' is unknown. Section ignored.
### mwldeppc.exe Linker Warning:
#   Section '.ignored' is unknown. Section ignored.
### mwldeppc.exe Linker Warning:
#   Section '.ignored' is unknown. Section ignored.
### mwldeppc.exe Linker Warning:
#   Section '.ignored' is unknown. Section ignored.
### mwldeppc.exe Linker Warning:
#   Section '.ignored' is unknown. Section ignored.
### mwldeppc.exe Linker Warning:
#   Section '.ignored' is unknown. Section ignored.
### mwldeppc.exe Linker Warning:
#   Section '.ignored' is unknown. Section ignored.
### mwldeppc.exe Linker Warning:
#   Section '.ignored' is unknown. Section ignored.
### mwldeppc.exe Linker Warning:
#   Section '.ignored' is unknown. Section ignored.
### mwldeppc.exe Linker Warning:
#   Section '.ignored' is unknown. Section ignored.
### mwldeppc.exe Linker Warning:
#   Section '.ignored' is unknown. Section ignored.
### mwldeppc.exe Linker Warning:
#   Section '.ignored' is unknown. Section ignored.
### mwldeppc.exe Linker Warning:
#   Section '.ignored' is unknown. Section ignored.
### mwldeppc.exe Linker Warning:
#   Section '.ignored' is unknown. Section ignored.
### mwldeppc.exe Linker Warning:
#   Section '.ignored' is unknown. Section ignored.
### mwldeppc.exe Linker Warning:
#   Section '.ignored' is unknown. Section ignored.
### mwldeppc.exe Linker Warning:
#   Section '.ignored' is unknown. Section ignored.
### mwldeppc.exe Linker Warning:
#   Section '.ignored' is unknown. Section ignored.
### mwldeppc.exe Linker Warning:
#   Section '.ignored' is unknown. Section ignored.
### mwldeppc.exe Linker Warning:
#   Section '.ignored' is unknown. Section ignored.
### mwldeppc.exe Linker Warning:
#   Section '.ignored' is unknown. Section ignored.
### mwldeppc.exe Linker Warning:
#   Section '.ignored' is unknown. Section ignored.
### mwldeppc.exe Linker Warning:
#   Section '.ignored' is unknown. Section ignored.
### mwldeppc.exe Linker Warning:
#   Section '.ignored' is unknown. Section ignored.
### mwldeppc.exe Linker Warning:
#   Section '.ignored' is unknown. Section ignored.
### mwldeppc.exe Linker Warning:
#   Section '.ignored' is unknown. Section ignored.
### mwldeppc.exe Linker Warning:
#   Section '.ignored' is unknown. Section ignored.
### mwldeppc.exe Linker Warning:
#   Section '.ignored' is unknown. Section ignored.
### mwldeppc.exe Linker Warning:
#   Section '.ignored' is unknown. Section ignored.
### mwldeppc.exe Linker Warning:
#   Section '.ignored' is unknown. Section ignored.
### mwldeppc.exe Linker Warning:
#   Section '.ignored' is unknown. Section ignored.
### mwldeppc.exe Linker Warning:
#   Section '.ignored' is unknown. Section ignored.
### mwldeppc.exe Linker Warning:
#   Section '.ignored' is unknown. Section ignored.
### mwldeppc.exe Linker Warning:
#   Section '.ignored' is unknown. Section ignored.
### mwldeppc.exe Linker Warning:
#   Section '.ignored' is unknown. Section ignored.
### mwldeppc.exe Linker Warning:
#   Section '.ignored' is unknown. Section ignored.
### mwldeppc.exe Linker Warning:
#   Section '.ignored' is unknown. Section ignored.
### mwldeppc.exe Linker Warning:
#   Section '.ignored' is unknown. Section ignored.
### mwldeppc.exe Linker Warning:
#   Section '.ignored' is unknown. Section ignored.
### mwldeppc.exe Linker Warning:
#   Section '.ignored' is unknown. Section ignored.
### mwldeppc.exe Linker Warning:
#   Section '.ignored' is unknown. Section ignored.
### mwldeppc.exe Linker Warning:
#   Section '.ignored' is unknown. Section ignored.
### mwldeppc.exe Linker Warning:
#   Section '.ignored' is unknown. Section ignored.
### mwldeppc.exe Linker Warning:
#   Section '.ignored' is unknown. Section ignored.
### mwldeppc.exe Linker Warning:
#   Section '.ignored' is unknown. Section ignored.
### mwldeppc.exe Linker Warning:
#   Section '.ignored' is unknown. Section ignored.
### mwldeppc.exe Linker Warning:
#   Section '.ignored' is unknown. Section ignored.
### mwldeppc.exe Linker Warning:
#   Section '.ignored' is unknown. Section ignored.
### mwldeppc.exe Linker Warning:
#   Section '.ignored' is unknown. Section ignored.
### mwldeppc.exe Linker Warning:
#   Section '.ignored' is unknown. Section ignored.
### mwldeppc.exe Linker Warning:
#   Section '.ignored' is unknown. Section ignored.
### mwldeppc.exe Linker Warning:
#   Section '.ignored' is unknown. Section ignored.
### mwldeppc.exe Linker Warning:
#   Section '.ignored' is unknown. Section ignored.
### mwldeppc.exe Linker Warning:
#   Section '.ignored' is unknown. Section ignored.
### mwldeppc.exe Linker Warning:
#   Section '.ignored' is unknown. Section ignored.
### mwldeppc.exe Linker Warning:
#   Section '.ignored' is unknown. Section ignored.
### mwldeppc.exe Linker Warning:
#   Section '.ignored' is unknown. Section ignored.
### mwldeppc.exe Linker Warning:
#   Section '.ignored' is unknown. Section ignored.
### mwldeppc.exe Linker Warning:
#   Section '.ignored' is unknown. Section ignored.
### mwldeppc.exe Linker Warning:
#   Section '.ignored' is unknown. Section ignored.
### mwldeppc.exe Linker Warning:
#   Section '.ignored' is unknown. Section ignored.
### mwldeppc.exe Linker Warning:
#   Section '.ignored' is unknown. Section ignored.
### mwldeppc.exe Linker Warning:
#   Section '.ignored' is unknown. Section ignored.
### mwldeppc.exe Linker Warning:
#   Section '.ignored' is unknown. Section ignored.
### mwldeppc.exe Linker Warning:
#   Section '.ignored' is unknown. Section ignored.
### mwldeppc.exe Linker Warning:
#   Section '.ignored' is unknown. Section ignored.
### mwldeppc.exe Linker Warning:
#   Section '.ignored' is unknown. Section ignored.
### mwldeppc.exe Linker Warning:
#   Section '.ignored' is unknown. Section ignored.
### mwldeppc.exe Linker Warning:
#   Section '.ignored' is unknown. Section ignored.
### mwldeppc.exe Linker Warning:
#   Section '.ignored' is unknown. Section ignored.
### mwldeppc.exe Linker Warning:
#   Section '.ignored' is unknown. Section ignored.
### mwldeppc.exe Linker Warning:
#   Section '.ignored' is unknown. Section ignored.
### mwldeppc.exe Linker Warning:
#   Section '.ignored' is unknown. Section ignored.
### mwldeppc.exe Linker Warning:
#   Section '.ignored' is unknown. Section ignored.
### mwldeppc.exe Linker Warning:
#   Section '.ignored' is unknown. Section ignored.
### mwldeppc.exe Linker Warning:
#   Section '.ignored' is unknown. Section ignored.
### mwldeppc.exe Linker Warning:
#   Section '.ignored' is unknown. Section ignored.
### mwldeppc.exe Linker Warning:
#   Section '.ignored' is unknown. Section ignored.
### mwldeppc.exe Linker Warning:
#   Section '.ignored' is unknown. Section ignored.
### mwldeppc.exe Linker Warning:
#   Section '.ignored' is unknown. Section ignored.
### mwldeppc.exe Linker Warning:
#   Section '.ignored' is unknown. Section ignored.
### mwldeppc.exe Linker Warning:
#   Section '.ignored' is unknown. Section ignored.
### mwldeppc.exe Linker Warning:
#   Section '.ignored' is unknown. Section ignored.
### mwldeppc.exe Linker Warning:
#   Section '.ignored' is unknown. Section ignored.
### mwldeppc.exe Linker Warning:
#   Section '.ignored' is unknown. Section ignored.
### mwldeppc.exe Linker Warning:
#   Section '.ignored' is unknown. Section ignored.
### mwldeppc.exe Linker Warning:
#   Section '.ignored' is unknown. Section ignored.
### mwldeppc.exe Linker Warning:
#   Section '.ignored' is unknown. Section ignored.
### mwldeppc.exe Linker Warning:
#   Section '.ignored' is unknown. Section ignored.
### mwldeppc.exe Linker Warning:
#   Section '.ignored' is unknown. Section ignored.
### mwldeppc.exe Linker Warning:
#   Section '.ignored' is unknown. Section ignored.
### mwldeppc.exe Linker Warning:
#   Section '.ignored' is unknown. Section ignored.
### mwldeppc.exe Linker Warning:
#   Section '.ignored' is unknown. Section ignored.
### mwldeppc.exe Linker Warning:
#   Section '.ignored' is unknown. Section ignored.
### mwldeppc.exe Linker Warning:
#   Section '.ignored' is unknown. Section ignored.
### mwldeppc.exe Linker Warning:
#   Section '.ignored' is unknown. Section ignored.
### mwldeppc.exe Linker Warning:
#   Section '.ignored' is unknown. Section ignored.
### mwldeppc.exe Linker Warning:
#   Section '.ignored' is unknown. Section ignored.
### mwldeppc.exe Linker Warning:
#   Section '.ignored' is unknown. Section ignored.
### mwldeppc.exe Linker Warning:
#   Section '.ignored' is unknown. Section ignored.
### mwldeppc.exe Linker Warning:
#   Section '.ignored' is unknown. Section ignored.
### mwldeppc.exe Linker Warning:
#   Section '.ignored' is unknown. Section ignored.
### mwldeppc.exe Linker Warning:
#   Section '.ignored' is unknown. Section ignored.
### mwldeppc.exe Linker Warning:
#   Section '.ignored' is unknown. Section ignored.
### mwldeppc.exe Linker Warning:
#   Section '.ignored' is unknown. Section ignored.
### mwldeppc.exe Linker Warning:
#   Section '.ignored' is unknown. Section ignored.
### mwldeppc.exe Linker Warning:
#   Section '.ignored' is unknown. Section ignored.
### mwldeppc.exe Linker Warning:
#   Section '.ignored' is unknown. Section ignored.
### mwldeppc.exe Linker Warning:
#   Section '.ignored' is unknown. Section ignored.
### mwldeppc.exe Linker Warning:
#   Section '.ignored' is unknown. Section ignored.
### mwldeppc.exe Linker Warning:
#   Section '.ignored' is unknown. Section ignored.
### mwldeppc.exe Linker Warning:
#   Section '.ignored' is unknown. Section ignored.
### mwldeppc.exe Linker Warning:
#   Section '.ignored' is unknown. Section ignored.
### mwldeppc.exe Linker Warning:
#   Section '.ignored' is unknown. Section ignored.
### mwldeppc.exe Linker Warning:
#   Section '.ignored' is unknown. Section ignored.
### mwldeppc.exe Linker Warning:
#   Section '.ignored' is unknown. Section ignored.
### mwldeppc.exe Linker Warning:
#   Section '.ignored' is unknown. Section ignored.
### mwldeppc.exe Linker Warning:
#   Section '.ignored' is unknown. Section ignored.
### mwldeppc.exe Linker Warning:
#   Section '.ignored' is unknown. Section ignored.
### mwldeppc.exe Linker Warning:
#   Section '.ignored' is unknown. Section ignored.
### mwldeppc.exe Linker Warning:
#   Section '.ignored' is unknown. Section ignored.
### mwldeppc.exe Linker Warning:
#   Section '.ignored' is unknown. Section ignored.
### mwldeppc.exe Linker Warning:
#   Section '.ignored' is unknown. Section ignored.
### mwldeppc.exe Linker Warning:
#   Section '.ignored' is unknown. Section ignored.
### mwldeppc.exe Linker Warning:
#   Section '.ignored' is unknown. Section ignored.
### mwldeppc.exe Linker Warning:
#   Section '.ignored' is unknown. Section ignored.
### mwldeppc.exe Linker Warning:
#   Section '.ignored' is unknown. Section ignored.
### mwldeppc.exe Linker Warning:
#   Section '.ignored' is unknown. Section ignored.
### mwldeppc.exe Linker Warning:
#   Section '.ignored' is unknown. Section ignored.
### mwldeppc.exe Linker Warning:
#   Section '.ignored' is unknown. Section ignored.
### mwldeppc.exe Linker Warning:
#   Section '.ignored' is unknown. Section ignored.
### mwldeppc.exe Linker Warning:
#   Section '.ignored' is unknown. Section ignored.
### mwldeppc.exe Linker Warning:
#   Section '.ignored' is unknown. Section ignored.
### mwldeppc.exe Linker Warning:
#   Section '.ignored' is unknown. Section ignored.
### mwldeppc.exe Linker Warning:
#   Section '.ignored' is unknown. Section ignored.
### mwldeppc.exe Linker Warning:
#   Section '.ignored' is unknown. Section ignored.
### mwldeppc.exe Linker Warning:
#   Section '.ignored' is unknown. Section ignored.
### mwldeppc.exe Linker Warning:
#   Section '.ignored' is unknown. Section ignored.
### mwldeppc.exe Linker Warning:
#   Section '.ignored' is unknown. Section ignored.
### mwldeppc.exe Linker Warning:
#   Section '.ignored' is unknown. Section ignored.
### mwldeppc.exe Linker Warning:
#   Section '.ignored' is unknown. Section ignored.
### mwldeppc.exe Linker Warning:
#   Section '.ignored' is unknown. Section ignored.
### mwldeppc.exe Linker Warning:
#   Section '.ignored' is unknown. Section ignored.
### mwldeppc.exe Linker Warning:
#   Section '.ignored' is unknown. Section ignored.
### mwldeppc.exe Linker Warning:
#   Section '.ignored' is unknown. Section ignored.
### mwldeppc.exe Linker Warning:
#   Section '.ignored' is unknown. Section ignored.
### mwldeppc.exe Linker Warning:
#   Section '.ignored' is unknown. Section ignored.
### mwldeppc.exe Linker Warning:
#   Section '.ignored' is unknown. Section ignored.
### mwldeppc.exe Linker Warning:
#   Section '.ignored' is unknown. Section ignored.
### mwldeppc.exe Linker Warning:
#   Section '.ignored' is unknown. Section ignored.
### mwldeppc.exe Linker Warning:
#   Section '.ignored' is unknown. Section ignored.
### mwldeppc.exe Linker Warning:
#   Section '.ignored' is unknown. Section ignored.
### mwldeppc.exe Linker Warning:
#   Section '.ignored' is unknown. Section ignored.
### mwldeppc.exe Linker Warning:
#   Section '.ignored' is unknown. Section ignored.
### mwldeppc.exe Linker Warning:
#   Section '.ignored' is unknown. Section ignored.
### mwldeppc.exe Linker Warning:
#   Section '.ignored' is unknown. Section ignored.
### mwldeppc.exe Linker Warning:
#   Section '.ignored' is unknown. Section ignored.
### mwldeppc.exe Linker Warning:
#   Section '.ignored' is unknown. Section ignored.
### mwldeppc.exe Linker Warning:
#   Section '.ignored' is unknown. Section ignored.
### mwldeppc.exe Linker Warning:
#   Section '.ignored' is unknown. Section ignored.
### mwldeppc.exe Linker Warning:
#   Section '.ignored' is unknown. Section ignored.
### mwldeppc.exe Linker Warning:
#   Section '.ignored' is unknown. Section ignored.
### mwldeppc.exe Linker Warning:
#   Section '.ignored' is unknown. Section ignored.
### mwldeppc.exe Linker Warning:
#   Section '.ignored' is unknown. Section ignored.
### mwldeppc.exe Linker Warning:
#   Section '.ignored' is unknown. Section ignored.
### mwldeppc.exe Linker Warning:
#   Section '.ignored' is unknown. Section ignored.
### mwldeppc.exe Linker Warning:
#   Section '.ignored' is unknown. Section ignored.
### mwldeppc.exe Linker Warning:
#   Section '.ignored' is unknown. Section ignored.
### mwldeppc.exe Linker Warning:
#   Section '.ignored' is unknown. Section ignored.
### mwldeppc.exe Linker Warning:
#   Section '.ignored' is unknown. Section ignored.
### mwldeppc.exe Linker Warning:
#   Section '.ignored' is unknown. Section ignored.
### mwldeppc.exe Linker Warning:
#   Section '.ignored' is unknown. Section ignored.
### mwldeppc.exe Linker Warning:
#   Section '.ignored' is unknown. Section ignored.
### mwldeppc.exe Linker Warning:
#   Section '.ignored' is unknown. Section ignored.
### mwldeppc.exe Linker Warning:
#   Section '.ignored' is unknown. Section ignored.
### mwldeppc.exe Linker Warning:
#   Section '.ignored' is unknown. Section ignored.
### mwldeppc.exe Linker Warning:
#   Section '.ignored' is unknown. Section ignored.
### mwldeppc.exe Linker Warning:
#   Section '.ignored' is unknown. Section ignored.
### mwldeppc.exe Linker Warning:
#   Section '.ignored' is unknown. Section ignored.
### mwldeppc.exe Linker Warning:
#   Section '.ignored' is unknown. Section ignored.
### mwldeppc.exe Linker Warning:
#   Section '.ignored' is unknown. Section ignored.
### mwldeppc.exe Linker Warning:
#   Section '.ignored' is unknown. Section ignored.
### mwldeppc.exe Linker Warning:
#   Section '.ignored' is unknown. Section ignored.
### mwldeppc.exe Linker Warning:
#   Section '.ignored' is unknown. Section ignored.
### mwldeppc.exe Linker Warning:
#   Section '.ignored' is unknown. Section ignored.
### mwldeppc.exe Linker Warning:
#   Section '.ignored' is unknown. Section ignored.
### mwldeppc.exe Linker Warning:
#   Section '.ignored' is unknown. Section ignored.
### mwldeppc.exe Linker Warning:
#   Section '.ignored' is unknown. Section ignored.
### mwldeppc.exe Linker Warning:
#   Section '.ignored' is unknown. Section ignored.
### mwldeppc.exe Linker Warning:
#   Section '.ignored' is unknown. Section ignored.
### mwldeppc.exe Linker Warning:
#   Section '.ignored' is unknown. Section ignored.
### mwldeppc.exe Linker Warning:
#   Section '.ignored' is unknown. Section ignored.
### mwldeppc.exe Linker Warning:
#   Section '.ignored' is unknown. Section ignored.
### mwldeppc.exe Linker Warning:
#   Section '.ignored' is unknown. Section ignored.
### mwldeppc.exe Linker Warning:
#   Section '.ignored' is unknown. Section ignored.
### mwldeppc.exe Linker Warning:
#   Section '.ignored' is unknown. Section ignored.
### mwldeppc.exe Linker Warning:
#   Section '.ignored' is unknown. Section ignored.
### mwldeppc.exe Linker Warning:
#   Section '.ignored' is unknown. Section ignored.
### mwldeppc.exe Linker Warning:
#   Section '.ignored' is unknown. Section ignored.
### mwldeppc.exe Linker Warning:
#   Section '.ignored' is unknown. Section ignored.
### mwldeppc.exe Linker Warning:
#   Section '.ignored' is unknown. Section ignored.
### mwldeppc.exe Linker Warning:
#   Section '.ignored' is unknown. Section ignored.
### mwldeppc.exe Linker Warning:
#   Section '.ignored' is unknown. Section ignored.
### mwldeppc.exe Linker Warning:
#   Section '.ignored' is unknown. Section ignored.
### mwldeppc.exe Linker Warning:
#   Section '.ignored' is unknown. Section ignored.
### mwldeppc.exe Linker Warning:
#   Section '.ignored' is unknown. Section ignored.
### mwldeppc.exe Linker Warning:
#   Section '.ignored' is unknown. Section ignored.
### mwldeppc.exe Linker Warning:
#   Section '.ignored' is unknown. Section ignored.
### mwldeppc.exe Linker Warning:
#   Section '.ignored' is unknown. Section ignored.
### mwldeppc.exe Linker Warning:
#   Section '.ignored' is unknown. Section ignored.
### mwldeppc.exe Linker Warning:
#   Section '.ignored' is unknown. Section ignored.
### mwldeppc.exe Linker Warning:
#   Section '.ignored' is unknown. Section ignored.
### mwldeppc.exe Linker Warning:
#   Section '.ignored' is unknown. Section ignored.
### mwldeppc.exe Linker Warning:
#   Section '.ignored' is unknown. Section ignored.
### mwldeppc.exe Linker Warning:
#   Section '.ignored' is unknown. Section ignored.
### mwldeppc.exe Linker Warning:
#   Section '.ignored' is unknown. Section ignored.
### mwldeppc.exe Linker Warning:
#   Section '.ignored' is unknown. Section ignored.
### mwldeppc.exe Linker Warning:
#   Section '.ignored' is unknown. Section ignored.
### mwldeppc.exe Linker Warning:
#   Section '.ignored' is unknown. Section ignored.
### mwldeppc.exe Linker Warning:
#   Section '.ignored' is unknown. Section ignored.
### mwldeppc.exe Linker Warning:
#   Section '.ignored' is unknown. Section ignored.
### mwldeppc.exe Linker Warning:
#   Section '.ignored' is unknown. Section ignored.
### mwldeppc.exe Linker Warning:
#   Section '.ignored' is unknown. Section ignored.
### mwldeppc.exe Linker Warning:
#   Section '.ignored' is unknown. Section ignored.
### mwldeppc.exe Linker Warning:
#   Section '.ignored' is unknown. Section ignored.
### mwldeppc.exe Linker Warning:
#   Section '.ignored' is unknown. Section ignored.
### mwldeppc.exe Linker Warning:
#   Section '.ignored' is unknown. Section ignored.
### mwldeppc.exe Linker Warning:
#   Section '.ignored' is unknown. Section ignored.
### mwldeppc.exe Linker Warning:
#   Section '.ignored' is unknown. Section ignored.
### mwldeppc.exe Linker Warning:
#   Section '.ignored' is unknown. Section ignored.
### mwldeppc.exe Linker Warning:
#   Section '.ignored' is unknown. Section ignored.
### mwldeppc.exe Linker Warning:
#   Section '.ignored' is unknown. Section ignored.
### mwldeppc.exe Linker Warning:
#   Section '.ignored' is unknown. Section ignored.
### mwldeppc.exe Linker Warning:
#   Section '.ignored' is unknown. Section ignored.
### mwldeppc.exe Linker Warning:
#   Section '.ignored' is unknown. Section ignored.
### mwldeppc.exe Linker Warning:
#   Section '.ignored' is unknown. Section ignored.
### mwldeppc.exe Linker Warning:
#   Section '.ignored' is unknown. Section ignored.
### mwldeppc.exe Linker Warning:
#   Section '.ignored' is unknown. Section ignored.
### mwldeppc.exe Linker Warning:
#   Section '.ignored' is unknown. Section ignored.
### mwldeppc.exe Linker Warning:
#   Section '.ignored' is unknown. Section ignored.
### mwldeppc.exe Linker Warning:
#   Section '.ignored' is unknown. Section ignored.
### mwldeppc.exe Linker Warning:
#   Section '.ignored' is unknown. Section ignored.
### mwldeppc.exe Linker Warning:
#   Section '.ignored' is unknown. Section ignored.
### mwldeppc.exe Linker Warning:
#   Section '.ignored' is unknown. Section ignored.
### mwldeppc.exe Linker Warning:
#   Section '.ignored' is unknown. Section ignored.
### mwldeppc.exe Linker Warning:
#   Section '.ignored' is unknown. Section ignored.
### mwldeppc.exe Linker Warning:
#   Section '.ignored' is unknown. Section ignored.
### mwldeppc.exe Linker Warning:
#   Section '.ignored' is unknown. Section ignored.
### mwldeppc.exe Linker Warning:
#   Section '.ignored' is unknown. Section ignored.
### mwldeppc.exe Linker Warning:
#   Section '.ignored' is unknown. Section ignored.
### mwldeppc.exe Linker Warning:
#   Section '.ignored' is unknown. Section ignored.
### mwldeppc.exe Linker Warning:
#   Section '.ignored' is unknown. Section ignored.
### mwldeppc.exe Linker Warning:
#   Section '.ignored' is unknown. Section ignored.
### mwldeppc.exe Linker Warning:
#   Section '.ignored' is unknown. Section ignored.
### mwldeppc.exe Linker Warning:
#   Section '.ignored' is unknown. Section ignored.
### mwldeppc.exe Linker Warning:
#   Section '.ignored' is unknown. Section ignored.
### mwldeppc.exe Linker Warning:
#   Section '.ignored' is unknown. Section ignored.
### mwldeppc.exe Linker Warning:
#   Section '.ignored' is unknown. Section ignored.
### mwldeppc.exe Linker Warning:
#   Section '.ignored' is unknown. Section ignored.
### mwldeppc.exe Linker Warning:
#   Section '.ignored' is unknown. Section ignored.
### mwldeppc.exe Linker Warning:
#   Section '.ignored' is unknown. Section ignored.
### mwldeppc.exe Linker Warning:
#   Section '.ignored' is unknown. Section ignored.
### mwldeppc.exe Linker Warning:
#   Section '.ignored' is unknown. Section ignored.
### mwldeppc.exe Linker Warning:
#   Section '.ignored' is unknown. Section ignored.
### mwldeppc.exe Linker Warning:
#   Section '.ignored' is unknown. Section ignored.
### mwldeppc.exe Linker Warning:
#   Section '.ignored' is unknown. Section ignored.
### mwldeppc.exe Linker Warning:
#   Section '.ignored' is unknown. Section ignored.
### mwldeppc.exe Linker Warning:
#   Section '.ignored' is unknown. Section ignored.
### mwldeppc.exe Linker Warning:
#   Section '.ignored' is unknown. Section ignored.
### mwldeppc.exe Linker Warning:
#   Section '.ignored' is unknown. Section ignored.
### mwldeppc.exe Linker Warning:
#   Section '.ignored' is unknown. Section ignored.
### mwldeppc.exe Linker Warning:
#   Section '.ignored' is unknown. Section ignored.
### mwldeppc.exe Linker Warning:
#   Section '.ignored' is unknown. Section ignored.
### mwldeppc.exe Linker Warning:
#   Section '.ignored' is unknown. Section ignored.
### mwldeppc.exe Linker Warning:
#   Section '.ignored' is unknown. Section ignored.
### mwldeppc.exe Linker Warning:
#   Section '.ignored' is unknown. Section ignored.
### mwldeppc.exe Linker Warning:
#   Section '.ignored' is unknown. Section ignored.
### mwldeppc.exe Linker Warning:
#   Section '.ignored' is unknown. Section ignored.
### mwldeppc.exe Linker Warning:
#   Section '.ignored' is unknown. Section ignored.
### mwldeppc.exe Linker Warning:
#   Section '.ignored' is unknown. Section ignored.
### mwldeppc.exe Linker Warning:
#   Section '.ignored' is unknown. Section ignored.
### mwldeppc.exe Linker Warning:
#   Section '.ignored' is unknown. Section ignored.
### mwldeppc.exe Linker Warning:
#   Section '.ignored' is unknown. Section ignored.
### mwldeppc.exe Linker Warning:
#   Section '.ignored' is unknown. Section ignored.
### mwldeppc.exe Linker Warning:
#   Section '.ignored' is unknown. Section ignored.
### mwldeppc.exe Linker Warning:
#   Section '.ignored' is unknown. Section ignored.
### mwldeppc.exe Linker Warning:
#   Section '.ignored' is unknown. Section ignored.
### mwldeppc.exe Linker Warning:
#   Section '.ignored' is unknown. Section ignored.
### mwldeppc.exe Linker Warning:
#   Section '.ignored' is unknown. Section ignored.
### mwldeppc.exe Linker Warning:
#   Section '.ignored' is unknown. Section ignored.
### mwldeppc.exe Linker Warning:
#   Section '.ignored' is unknown. Section ignored.
### mwldeppc.exe Linker Warning:
#   Section '.ignored' is unknown. Section ignored.
### mwldeppc.exe Linker Warning:
#   Section '.ignored' is unknown. Section ignored.
### mwldeppc.exe Linker Warning:
#   Section '.ignored' is unknown. Section ignored.
### mwldeppc.exe Linker Warning:
#   Section '.ignored' is unknown. Section ignored.
### mwldeppc.exe Linker Warning:
#   Section '.ignored' is unknown. Section ignored.
### mwldeppc.exe Linker Warning:
#   Section '.ignored' is unknown. Section ignored.
### mwldeppc.exe Linker Warning:
#   Section '.ignored' is unknown. Section ignored.
### mwldeppc.exe Linker Warning:
#   Section '.ignored' is unknown. Section ignored.
### mwldeppc.exe Linker Warning:
#   Section '.ignored' is unknown. Section ignored.
### mwldeppc.exe Linker Warning:
#   Section '.ignored' is unknown. Section ignored.
### mwldeppc.exe Linker Warning:
#   Section '.ignored' is unknown. Section ignored.
### mwldeppc.exe Linker Warning:
#   Section '.ignored' is unknown. Section ignored.
### mwldeppc.exe Linker Warning:
#   Section '.ignored' is unknown. Section ignored.
### mwldeppc.exe Linker Warning:
#   Section '.ignored' is unknown. Section ignored.
### mwldeppc.exe Linker Warning:
#   Section '.ignored' is unknown. Section ignored.
### mwldeppc.exe Linker Warning:
#   Section '.ignored' is unknown. Section ignored.
### mwldeppc.exe Linker Warning:
#   Section '.ignored' is unknown. Section ignored.
### mwldeppc.exe Linker Warning:
#   Section '.ignored' is unknown. Section ignored.
### mwldeppc.exe Linker Warning:
#   Section '.ignored' is unknown. Section ignored.
### mwldeppc.exe Linker Warning:
#   Section '.ignored' is unknown. Section ignored.
### mwldeppc.exe Linker Warning:
#   Section '.ignored' is unknown. Section ignored.
### mwldeppc.exe Linker Warning:
#   Section '.ignored' is unknown. Section ignored.
### mwldeppc.exe Linker Warning:
#   Section '.ignored' is unknown. Section ignored.
### mwldeppc.exe Linker Warning:
#   Section '.ignored' is unknown. Section ignored.
### mwldeppc.exe Linker Warning:
#   Section '.ignored' is unknown. Section ignored.
[887/890] DOL build/GEDE01/main.dol
[888/890] CHECK config/GEDE01/build.sha1
build/GEDE01/main.dol: OK
[889/890] PROGRESS
Progress:
  All: 58.12% fuzzy, 47.63% matched, 47.60% linked (6267 / 7068 files)
    Code: 1095828 / 2300692 bytes (6033 / 8214 functions)
    Data: 39594 / 4305642 bytes (0.92%)
  Game Code: 93.62% fuzzy, 76.68% matched, 76.63% linked (6249 / 6633 files)
    Code: 1092800 / 1425104 bytes (5971 / 6354 functions)
    Data: 39370 / 40426 bytes (97.39%)
  SDK/Runtime: 100.00% fuzzy, 100.00% matched, 100.00% linked (18 / 18 files)
    Code: 3028 / 3028 bytes (62 / 62 functions)
    Data: 224 / 224 bytes (100.00%)
exit_code=0
