[1/1] RUN configure.py
[1/873] MWCC build/GEDE01/src/game/game_fn_800094C0.o
[2/873] MWCC build/GEDE01/src/game/game_fn_80008014.o
[3/873] MWCC build/GEDE01/src/game/game_fn_800096E0.o
[4/873] MWCC build/GEDE01/src/game/game_fn_800098C0.o
[5/873] MWCC build/GEDE01/src/game/game_fn_800099D8.o
[6/873] MWCC build/GEDE01/src/game/game_fn_80009AB4.o
[7/873] MWCC build/GEDE01/src/game/game_fn_8000A26C.o
[8/873] MWCC build/GEDE01/src/game/game_fn_8000AC88.o
[9/873] MWCC build/GEDE01/src/game/game_fn_8000AEB4.o
[10/873] MWCC build/GEDE01/src/game/game_fn_8000AFB4.o
[11/873] MWCC build/GEDE01/src/game/game_fn_8000B1B8.o
[12/873] MWCC build/GEDE01/src/game/game_fn_8000B36C.o
[13/873] MWCC build/GEDE01/src/game/game_fn_8000B630.o
[14/873] MWCC build/GEDE01/src/game/game_fn_8000B7FC.o
[15/873] MWCC build/GEDE01/src/game/game_fn_8000BA0C.o
[16/873] MWCC build/GEDE01/src/game/game_fn_8000B900.o
[17/873] MWCC build/GEDE01/src/game/game_fn_8000BAA0.o
[18/873] MWCC build/GEDE01/src/game/game_fn_8000BC40.o
[19/873] MWCC build/GEDE01/src/game/game_fn_8000C06C.o
[20/873] MWCC build/GEDE01/src/game/game_fn_8000C17C.o
[21/873] MWCC build/GEDE01/src/game/game_fn_8000C400.o
[22/873] MWCC build/GEDE01/src/game/game_fn_8000C848.o
[23/873] MWCC build/GEDE01/src/game/game_fn_8000C91C.o
[24/873] MWCC build/GEDE01/src/game/game_fn_8000D0BC.o
[25/873] MWCC build/GEDE01/src/game/game_fn_8000D3D4.o
[26/873] MWCC build/GEDE01/src/game/game_fn_8000D590.o
[27/873] MWCC build/GEDE01/src/game/game_fn_8000D8A4.o
[28/873] MWCC build/GEDE01/src/game/game_fn_8000DA50.o
[29/873] MWCC build/GEDE01/src/game/game_fn_8000DAF4.o
[30/873] MWCC build/GEDE01/src/game/game_fn_8000E054.o
[31/873] MWCC build/GEDE01/src/game/game_fn_8000E0AC.o
[32/873] MWCC build/GEDE01/src/game/game_fn_8000E138.o
[33/873] MWCC build/GEDE01/src/game/game_fn_8000E1C4.o
[34/873] MWCC build/GEDE01/src/game/game_fn_8000E96C.o
[35/873] MWCC build/GEDE01/src/game/game_fn_8000EB14.o
[36/873] MWCC build/GEDE01/src/game/game_fn_8000EBD4.o
[37/873] MWCC build/GEDE01/src/game/game_fn_8000ED44.o
[38/873] MWCC build/GEDE01/src/game/game_fn_8000EFC4.o
[39/873] MWCC build/GEDE01/src/game/game_fn_8000F4B0.o
[40/873] MWCC build/GEDE01/src/game/game_fn_8000F774.o
[41/873] MWCC build/GEDE01/src/game/game_fn_8000FDE8.o
[42/873] MWCC build/GEDE01/src/game/game_fn_8000FFD8.o
[43/873] MWCC build/GEDE01/src/game/game_fn_800119FC.o
[44/873] MWCC build/GEDE01/src/game/game_fn_80012DA8.o
[45/873] MWCC build/GEDE01/src/game/game_fn_80012F40.o
[46/873] MWCC build/GEDE01/src/game/game_fn_80012FD0.o
[47/873] MWCC build/GEDE01/src/game/game_fn_800131E8.o
[48/873] MWCC build/GEDE01/src/game/game_fn_80013340.o
[49/873] MWCC build/GEDE01/src/game/game_fn_80013CB0.o
[50/873] MWCC build/GEDE01/src/game/game_fn_80013870.o
[51/873] MWCC build/GEDE01/src/game/game_fn_800142DC.o
[52/873] MWCC build/GEDE01/src/game/game_fn_80013D54.o
[53/873] MWCC build/GEDE01/src/game/game_fn_800144CC.o
[54/873] MWCC build/GEDE01/src/game/game_fn_80014784.o
[55/873] MWCC build/GEDE01/src/game/game_fn_800149D4.o
[56/873] MWCC build/GEDE01/src/game/game_fn_80015058.o
[57/873] MWCC build/GEDE01/src/game/game_fn_80015320.o
[58/873] MWCC build/GEDE01/src/game/game_fn_80015568.o
[59/873] MWCC build/GEDE01/src/game/game_fn_80015BE0.o
[60/873] MWCC build/GEDE01/src/game/game_fn_800156FC.o
[61/873] MWCC build/GEDE01/src/game/game_fn_80015D40.o
[62/873] MWCC build/GEDE01/src/game/game_fn_80015F04.o
[63/873] MWCC build/GEDE01/src/game/game_fn_80016128.o
[64/873] MWCC build/GEDE01/src/game/game_fn_80016270.o
[65/873] MWCC build/GEDE01/src/game/game_fn_80016904.o
[66/873] MWCC build/GEDE01/src/game/game_fn_80016B24.o
[67/873] MWCC build/GEDE01/src/game/game_fn_800171C0.o
[68/873] MWCC build/GEDE01/src/game/game_fn_800173CC.o
[69/873] MWCC build/GEDE01/src/game/game_fn_800176F0.o
[70/873] MWCC build/GEDE01/src/game/game_fn_80017910.o
[71/873] MWCC build/GEDE01/src/game/game_fn_800179AC.o
[72/873] MWCC build/GEDE01/src/game/game_fn_80017A3C.o
[73/873] MWCC build/GEDE01/src/game/game_fn_80017AE4.o
[74/873] MWCC build/GEDE01/src/game/game_fn_80017C3C.o
[75/873] MWCC build/GEDE01/src/game/game_fn_80017CC8.o
[76/873] MWCC build/GEDE01/src/game/game_fn_80017DB0.o
[77/873] MWCC build/GEDE01/src/game/game_fn_80018EF4.o
[78/873] MWCC build/GEDE01/src/game/game_fn_80019054.o
[79/873] MWCC build/GEDE01/src/game/game_fn_80019244.o
[80/873] MWCC build/GEDE01/src/game/game_fn_800194D0.o
[81/873] MWCC build/GEDE01/src/game/game_fn_80019940.o
[82/873] MWCC build/GEDE01/src/game/game_fn_80019C10.o
[83/873] MWCC build/GEDE01/src/game/game_fn_80019D2C.o
[84/873] MWCC build/GEDE01/src/game/game_fn_80019F98.o
[85/873] MWCC build/GEDE01/src/game/game_fn_8001A6C4.o
[86/873] MWCC build/GEDE01/src/game/game_fn_8001AAB8.o
[87/873] MWCC build/GEDE01/src/game/game_fn_8001ADF8.o
[88/873] MWCC build/GEDE01/src/game/game_fn_8001AF68.o
[89/873] MWCC build/GEDE01/src/game/game_fn_8001B124.o
[90/873] MWCC build/GEDE01/src/game/game_fn_8001B294.o
[91/873] MWCC build/GEDE01/src/game/game_fn_8001B808.o
[92/873] MWCC build/GEDE01/src/game/game_fn_8001B874.o
[93/873] MWCC build/GEDE01/src/game/game_fn_8001C078.o
[94/873] MWCC build/GEDE01/src/game/game_fn_8001CA04.o
[95/873] MWCC build/GEDE01/src/game/game_fn_8001CD58.o
[96/873] MWCC build/GEDE01/src/game/game_fn_8001CE94.o
[97/873] MWCC build/GEDE01/src/game/game_fn_8001E644.o
[98/873] MWCC build/GEDE01/src/game/game_fn_8001FE1C.o
[99/873] MWCC build/GEDE01/src/game/game_fn_80020E94.o
[100/873] MWCC build/GEDE01/src/game/game_fn_80024F28.o
[101/873] MWCC build/GEDE01/src/game/game_fn_800272B4.o
[102/873] MWCC build/GEDE01/src/game/game_fn_8002B748.o
[103/873] MWCC build/GEDE01/src/game/game_fn_8002DAE0.o
[104/873] MWCC build/GEDE01/src/game/game_fn_8002E3F0.o
[105/873] MWCC build/GEDE01/src/game/game_fn_8002EA68.o
[106/873] MWCC build/GEDE01/src/game/game_fn_8002F428.o
[107/873] MWCC build/GEDE01/src/game/game_fn_80031544.o
[108/873] MWCC build/GEDE01/src/game/game_fn_8003232C.o
[109/873] MWCC build/GEDE01/src/game/game_fn_80032B84.o
[110/873] MWCC build/GEDE01/src/game/game_fn_80033038.o
[111/873] MWCC build/GEDE01/src/game/game_fn_80033180.o
[112/873] MWCC build/GEDE01/src/game/game_fn_800359A0.o
[113/873] MWCC build/GEDE01/src/game/game_fn_800361F8.o
[114/873] MWCC build/GEDE01/src/game/game_fn_80036C40.o
[115/873] MWCC build/GEDE01/src/game/game_fn_80038878.o
[116/873] MWCC build/GEDE01/src/game/game_fn_80048ADC.o
[117/873] MWCC build/GEDE01/src/game/game_fn_80048B24.o
[118/873] MWCC build/GEDE01/src/game/game_fn_8004998C.o
[119/873] MWCC build/GEDE01/src/game/game_fn_80052310.o
[120/873] MWCC build/GEDE01/src/game/game_fn_800542D0.o
[121/873] MWCC build/GEDE01/src/game/game_fn_8005EC6C.o
[122/873] MWCC build/GEDE01/src/game/game_fn_8005EE9C.o
[123/873] MWCC build/GEDE01/src/game/game_data_80239E10.o
[124/873] MWCC build/GEDE01/src/game/game_fn_8005FD84.o
[125/873] MWCC build/GEDE01/src/game/game_data_80239E18.o
[126/873] MWCC build/GEDE01/src/game/game_fn_80066888.o
[127/873] MWCC build/GEDE01/src/game/game_fn_8006B0F0.o
[128/873] MWCC build/GEDE01/src/game/game_fn_8006B620.o
[129/873] MWCC build/GEDE01/src/game/game_fn_8006E53C.o
[130/873] MWCC build/GEDE01/src/game/game_fn_80071A58.o
[131/873] MWCC build/GEDE01/src/game/game_fn_80074310.o
[132/873] MWCC build/GEDE01/src/game/game_fn_80079908.o
[133/873] MWCC build/GEDE01/src/game/game_fn_80078500.o
[134/873] MWCC build/GEDE01/src/game/game_fn_8007B2F4.o
[135/873] MWCC build/GEDE01/src/game/game_fn_80079AA4.o
[136/873] MWCC build/GEDE01/src/game/game_fn_8007B640.o
[137/873] MWCC build/GEDE01/src/game/game_fn_8007B540.o
[138/873] MWCC build/GEDE01/src/game/game_fn_8007B828.o
[139/873] MWCC build/GEDE01/src/game/game_fn_8007BA3C.o
[140/873] MWCC build/GEDE01/src/game/game_fn_8007D4D8.o
[141/873] MWCC build/GEDE01/src/game/game_fn_8007F770.o
[142/873] MWCC build/GEDE01/src/game/game_fn_800886D8.o
[143/873] MWCC build/GEDE01/src/game/game_fn_80088F4C.o
[144/873] MWCC build/GEDE01/src/game/game_fn_8008A2E0.o
[145/873] MWCC build/GEDE01/src/game/game_fn_8008F224.o
[146/873] MWCC build/GEDE01/src/game/game_fn_8008F890.o
[147/873] MWCC build/GEDE01/src/game/game_fn_80090004.o
[148/873] MWCC build/GEDE01/src/game/game_fn_800934A0.o
[149/873] MWCC build/GEDE01/src/game/game_fn_80095D10.o
[150/873] MWCC build/GEDE01/src/game/game_fn_80095FDC.o
[151/873] MWCC build/GEDE01/src/game/game_fn_80096830.o
[152/873] MWCC build/GEDE01/src/game/game_fn_8009C424.o
[153/873] MWCC build/GEDE01/src/game/game_fn_8009E808.o
[154/873] MWCC build/GEDE01/src/game/game_fn_800A2130.o
[155/873] MWCC build/GEDE01/src/game/game_fn_800A2FCC.o
[156/873] MWCC build/GEDE01/src/game/game_fn_800A3180.o
[157/873] MWCC build/GEDE01/src/game/game_fn_800A3894.o
[158/873] MWCC build/GEDE01/src/game/game_fn_800A4428.o
[159/873] MWCC build/GEDE01/src/game/game_fn_800A7E88.o
[160/873] MWCC build/GEDE01/src/game/game_fn_800A4798.o
[161/873] MWCC build/GEDE01/src/game/game_fn_800BB5C4.o
[162/873] MWCC build/GEDE01/src/game/game_fn_800AF230.o
[163/873] MWCC build/GEDE01/src/game/game_fn_800BB9A4.o
[164/873] MWCC build/GEDE01/src/game/game_fn_800BB7A8.o
[165/873] MWCC build/GEDE01/src/game/game_fn_800BBAF0.o
[166/873] MWCC build/GEDE01/src/game/game_fn_800C17EC.o
[167/873] MWCC build/GEDE01/src/game/game_fn_800C59F0.o
[168/873] MWCC build/GEDE01/src/game/game_fn_800C644C.o
[169/873] MWCC build/GEDE01/src/game/game_fn_800C65FC.o
[170/873] MWCC build/GEDE01/src/game/game_fn_800C9C60.o
[171/873] MWCC build/GEDE01/src/game/game_fn_800CB8F4.o
[172/873] MWCC build/GEDE01/src/game/game_fn_800CB760.o
[173/873] MWCC build/GEDE01/src/game/game_fn_800CF598.o
[174/873] MWCC build/GEDE01/src/game/game_fn_800D9E10.o
[175/873] MWCC build/GEDE01/src/game/game_fn_800E4980.o
[176/873] MWCC build/GEDE01/src/game/game_TRKNubWelcome.o
[177/873] MWCC build/GEDE01/src/game/game_TRK_main.o
[178/873] MWCC build/GEDE01/src/game/game_InitMetroTRKCommTable.o
[179/873] MWCC build/GEDE01/src/game/game_fn_800FD0C8.o
[180/873] MWCC build/GEDE01/src/game/game_fn_8010242C.o
[181/873] MWCC build/GEDE01/src/game/game_fn_8010F184.o
[182/873] MWCC build/GEDE01/src/game/game_fn_801098C0.o
[183/873] MWCC build/GEDE01/src/game/game_fn_801126E0.o
[184/873] MWCC build/GEDE01/src/game/game_fn_801128E4.o
[185/873] MWCC build/GEDE01/src/game/game_fn_801141B8.o
[186/873] MWCC build/GEDE01/src/game/game_fn_8011F140.o
[187/873] MWCC build/GEDE01/src/game/game_fn_801247F8.o
[188/873] MWCC build/GEDE01/src/game/game_fn_80126A00.o
[189/873] MWCC build/GEDE01/src/game/game_fn_8012976C.o
[190/873] MWCC build/GEDE01/src/game/game_fn_8012DB28.o
[191/873] MWCC build/GEDE01/src/game/game_fn_8013CBE4.o
[192/873] MWCC build/GEDE01/src/game/game_fn_8013D6A4.o
[193/873] MWCC build/GEDE01/src/game/game_fn_8013DB8C.o
[194/873] MWCC build/GEDE01/src/game/game_fn_8014549C.o
[195/873] MWCC build/GEDE01/src/game/game_fn_8014AF38.o
[196/873] MWCC build/GEDE01/src/game/game_fn_8014B494.o
[197/873] MWCC build/GEDE01/src/game/game_fn_8014CA98.o
[198/873] MWCC build/GEDE01/src/game/game_fn_801535D8.o
[199/873] MWCC build/GEDE01/src/game/game_fn_80153A24.o
[200/873] MWCC build/GEDE01/src/game/game_fn_80153898.o
[201/873] MWCC build/GEDE01/src/game/game_fn_80155814.o
[202/873] MWCC build/GEDE01/src/game/game_fn_80154F74.o
[203/873] MWCC build/GEDE01/src/game/game_fn_80158B20.o
[204/873] MWCC build/GEDE01/src/game/game_fn_80157C0C.o
[205/873] MWCC build/GEDE01/src/game/game_fn_80158D38.o
[206/873] MWCC build/GEDE01/src/game/game_fn_8015DB84.o
[207/873] MWCC build/GEDE01/src/game/game_fn_8015DC54.o
[208/873] MWCC build/GEDE01/src/game/game_fn_8015EDC0.o
[209/873] MWCC build/GEDE01/src/game/game_fn_80167454.o
[210/873] MWCC build/GEDE01/src/game/game_fn_80167B5C.o
[211/873] MWCC build/GEDE01/src/game/game_fn_80169650.o
[212/873] MWCC build/GEDE01/src/game/game_fn_8016BD0C.o
[213/873] MWCC build/GEDE01/src/game/game_fn_8016BE1C.o
[214/873] MWCC build/GEDE01/src/game/game_fn_8016BF60.o
[215/873] MWCC build/GEDE01/src/game/game_fn_8016C0BC.o
[216/873] MWCC build/GEDE01/src/game/game_fn_8016C164.o
[217/873] MWCC build/GEDE01/src/game/game_fn_8016C238.o
[218/873] MWCC build/GEDE01/src/game/game_fn_8016C4BC.o
[219/873] MWCC build/GEDE01/src/game/game_fn_8016C774.o
[220/873] MWCC build/GEDE01/src/game/game_fn_8016D040.o
[221/873] MWCC build/GEDE01/src/game/game_fn_8016D1F8.o
[222/873] MWCC build/GEDE01/src/game/game_fn_8016D2B8.o
[223/873] MWCC build/GEDE01/src/game/game_fn_8016D9C0.o
[224/873] MWCC build/GEDE01/src/game/game_fn_8016DF4C.o
[225/873] MWCC build/GEDE01/src/game/game_fn_8016E8F8.o
[226/873] MWCC build/GEDE01/src/game/game_fn_8016FEF8.o
[227/873] MWCC build/GEDE01/src/game/game_fn_8017038C.o
[228/873] MWCC build/GEDE01/src/game/game_fn_801704F8.o
[229/873] MWCC build/GEDE01/src/game/game_fn_801706DC.o
[230/873] MWCC build/GEDE01/src/game/game_fn_80170A40.o
[231/873] MWCC build/GEDE01/src/game/game_fn_80170DF4.o
[232/873] MWCC build/GEDE01/src/game/game_fn_80170E9C.o
[233/873] MWCC build/GEDE01/src/game/game_fn_8017138C.o
[234/873] MWCC build/GEDE01/src/game/game_fn_80171664.o
[235/873] MWCC build/GEDE01/src/game/game_fn_801718F4.o
[236/873] MWCC build/GEDE01/src/game/game_fn_801719B4.o
[237/873] MWCC build/GEDE01/src/game/game_fn_80171F30.o
[238/873] MWCC build/GEDE01/src/game/game_fn_8017250C.o
[239/873] MWCC build/GEDE01/src/game/game_fn_801726EC.o
[240/873] MWCC build/GEDE01/src/game/game_fn_80172BB0.o
[241/873] MWCC build/GEDE01/src/game/game_fn_80172C78.o
[242/873] MWCC build/GEDE01/src/game/game_fn_80172DB8.o
[243/873] MWCC build/GEDE01/src/game/game_fn_80173270.o
[244/873] MWCC build/GEDE01/src/game/game_fn_801734B4.o
[245/873] MWCC build/GEDE01/src/game/game_fn_80173770.o
[246/873] MWCC build/GEDE01/src/game/game_fn_80173D44.o
[247/873] MWCC build/GEDE01/src/game/game_fn_80173F04.o
[248/873] MWCC build/GEDE01/src/game/game_fn_80174184.o
[249/873] MWCC build/GEDE01/src/game/game_fn_80174358.o
[250/873] MWCC build/GEDE01/src/game/game_fn_80174F2C.o
[251/873] MWCC build/GEDE01/src/game/game_fn_8017553C.o
[252/873] MWCC build/GEDE01/src/game/game_fn_80175E64.o
[253/873] MWCC build/GEDE01/src/game/game_fn_80175F0C.o
[254/873] MWCC build/GEDE01/src/game/game_fn_80175FD4.o
[255/873] MWCC build/GEDE01/src/game/game_fn_80176098.o
[256/873] MWCC build/GEDE01/src/game/game_fn_80176160.o
[257/873] MWCC build/GEDE01/src/game/game_fn_80176220.o
[258/873] MWCC build/GEDE01/src/game/game_fn_801762E8.o
[259/873] MWCC build/GEDE01/src/game/game_fn_8017652C.o
[260/873] MWCC build/GEDE01/src/game/game_fn_80176DF4.o
[261/873] MWCC build/GEDE01/src/game/game_fn_80176FA0.o
[262/873] MWCC build/GEDE01/src/game/game_fn_801770F8.o
[263/873] MWCC build/GEDE01/src/game/game_fn_8017718C.o
[264/873] MWCC build/GEDE01/src/game/game_fn_80178F88.o
[265/873] MWCC build/GEDE01/src/game/game_fn_80177434.o
[266/873] MWCC build/GEDE01/src/game/game_fn_80179398.o
[267/873] MWCC build/GEDE01/src/game/game_fn_8017960C.o
[268/873] MWCC build/GEDE01/src/game/game_fn_8017974C.o
[269/873] MWCC build/GEDE01/src/game/game_fn_80179904.o
[270/873] MWCC build/GEDE01/src/game/game_fn_80179A18.o
[271/873] MWCC build/GEDE01/src/game/game_fn_80179A74.o
[272/873] MWCC build/GEDE01/src/game/game_fn_80179EB8.o
[273/873] MWCC build/GEDE01/src/game/game_fn_80179F20.o
[274/873] MWCC build/GEDE01/src/game/game_fn_8017A010.o
[275/873] MWCC build/GEDE01/src/game/game_fn_8017A12C.o
[276/873] MWCC build/GEDE01/src/game/game_fn_8017A1C0.o
[277/873] MWCC build/GEDE01/src/game/game_fn_8017A9B8.o
[278/873] MWCC build/GEDE01/src/game/game_fn_8017E850.o
[279/873] MWCC build/GEDE01/src/game/game_fn_8017AC20.o
[280/873] MWCC build/GEDE01/src/game/game_fn_8017E958.o
[281/873] MWCC build/GEDE01/src/game/game_fn_80180DDC.o
[282/873] MWCC build/GEDE01/src/game/game_fn_801810A0.o
[283/873] MWCC build/GEDE01/src/game/game_fn_801816D4.o
[284/873] MWCC build/GEDE01/src/game/game_fn_801859FC.o
[285/873] MWCC build/GEDE01/src/game/game_fn_80185AE8.o
[286/873] MWCC build/GEDE01/src/game/game_fn_80185F10.o
[287/873] MWCC build/GEDE01/src/game/game_fn_801865EC.o
[288/873] MWCC build/GEDE01/src/game/game_fn_8018680C.o
[289/873] MWCC build/GEDE01/src/game/game_fn_80186E10.o
[290/873] MWCC build/GEDE01/src/game/game_fn_80186F70.o
[291/873] MWCC build/GEDE01/src/game/game_fn_80187120.o
[292/873] MWCC build/GEDE01/src/game/game_fn_80187320.o
[293/873] MWCC build/GEDE01/src/game/game_fn_801878E0.o
[294/873] MWCC build/GEDE01/src/game/game_fn_801875FC.o
[295/873] MWCC build/GEDE01/src/game/game_fn_80187BB4.o
[296/873] MWCC build/GEDE01/src/game/game_fn_80188A7C.o
[297/873] MWCC build/GEDE01/src/game/game_fn_80188B44.o
[298/873] MWCC build/GEDE01/src/game/game_fn_80188C1C.o
[299/873] MWCC build/GEDE01/src/game/game_fn_80188E28.o
[300/873] MWCC build/GEDE01/src/game/game_fn_80189028.o
[301/873] MWCC build/GEDE01/src/game/game_fn_801891D8.o
[302/873] MWCC build/GEDE01/src/game/game_fn_80189390.o
[303/873] MWCC build/GEDE01/src/game/game_fn_801895E8.o
[304/873] MWCC build/GEDE01/src/game/game_fn_801896A0.o
[305/873] MWCC build/GEDE01/src/game/game_fn_80189760.o
[306/873] MWCC build/GEDE01/src/game/game_fn_80189968.o
[307/873] MWCC build/GEDE01/src/game/game_fn_8018D1F0.o
[308/873] MWCC build/GEDE01/src/game/game_fn_8018D2E0.o
[309/873] MWCC build/GEDE01/src/game/game_fn_8018D400.o
[310/873] MWCC build/GEDE01/src/game/game_fn_8018D688.o
[311/873] MWCC build/GEDE01/src/game/game_fn_8018E0D8.o
[312/873] MWCC build/GEDE01/src/game/game_fn_8018F1D0.o
[313/873] MWCC build/GEDE01/src/game/game_fn_8018F81C.o
[314/873] MWCC build/GEDE01/src/game/game_fn_8018FEDC.o
[315/873] MWCC build/GEDE01/src/game/game_fn_8019120C.o
[316/873] MWCC build/GEDE01/src/game/game_fn_80191360.o
[317/873] MWCC build/GEDE01/src/game/game_fn_801916D0.o
[318/873] MWCC build/GEDE01/src/game/game_fn_8019197C.o
[319/873] MWCC build/GEDE01/src/game/game_fn_80191F58.o
[320/873] MWCC build/GEDE01/src/game/game_fn_801926EC.o
[321/873] MWCC build/GEDE01/src/game/game_fn_801929A4.o
[322/873] MWCC build/GEDE01/src/game/game_fn_80192F54.o
[323/873] MWCC build/GEDE01/src/game/game_fn_801931C4.o
[324/873] MWCC build/GEDE01/src/game/game_fn_80193E1C.o
[325/873] MWCC build/GEDE01/src/game/game_fn_80193F3C.o
[326/873] MWCC build/GEDE01/src/game/game_fn_80194F80.o
[327/873] MWCC build/GEDE01/src/game/game_fn_80198154.o
[328/873] MWCC build/GEDE01/src/game/game_fn_80197910.o
[329/873] MWCC build/GEDE01/src/game/game_fn_80198AAC.o
[330/873] MWCC build/GEDE01/src/game/game_fn_80198BF4.o
[331/873] MWCC build/GEDE01/src/game/game_fn_801991E0.o
[332/873] MWCC build/GEDE01/src/game/game_fn_8019B1BC.o
[333/873] MWCC build/GEDE01/src/game/game_fn_8019CC28.o
[334/873] MWCC build/GEDE01/src/game/game_fn_8019CFC4.o
[335/873] MWCC build/GEDE01/src/game/game_fn_8019E5E4.o
[336/873] MWCC build/GEDE01/src/game/game_fn_8019E8C8.o
[337/873] MWCC build/GEDE01/src/game/game_fn_801A1F18.o
[338/873] MWCC build/GEDE01/src/game/game_fn_801A2A54.o
[339/873] MWCC build/GEDE01/src/game/game_fn_801A34BC.o
[340/873] MWCC build/GEDE01/src/game/game_fn_801A3A78.o
[341/873] MWCC build/GEDE01/src/game/game_fn_801A4CE0.o
[342/873] MWCC build/GEDE01/src/game/game_fn_801A5FB0.o
[343/873] MWCC build/GEDE01/src/game/game_fn_801A6410.o
[344/873] MWCC build/GEDE01/src/game/game_fn_801A657C.o
[345/873] MWCC build/GEDE01/src/game/game_fn_801A6ADC.o
[346/873] MWCC build/GEDE01/src/game/game_fn_801A6C58.o
[347/873] MWCC build/GEDE01/src/game/game_fn_801A6CB4.o
[348/873] MWCC build/GEDE01/src/game/game_fn_801A7E04.o
[349/873] MWCC build/GEDE01/src/game/game_fn_801A7EA8.o
[350/873] MWCC build/GEDE01/src/game/game_fn_801A93E8.o
[351/873] MWCC build/GEDE01/src/game/game_fn_801AB154.o
[352/873] MWCC build/GEDE01/src/game/game_fn_801ABD3C.o
[353/873] MWCC build/GEDE01/src/game/game_fn_801AC8AC.o
[354/873] MWCC build/GEDE01/src/game/game_fn_801ACFE8.o
[355/873] MWCC build/GEDE01/src/game/game_fn_801AD08C.o
[356/873] MWCC build/GEDE01/src/game/game_fn_801B02F0.o
[357/873] MWCC build/GEDE01/src/game/game_fn_801AFA74.o
[358/873] MWCC build/GEDE01/src/game/game_fn_801B1BA0.o
[359/873] MWCC build/GEDE01/src/game/game_fn_801B35BC.o
[360/873] MWCC build/GEDE01/src/game/game_fn_801B4FB4.o
[361/873] MWCC build/GEDE01/src/game/game_fn_801B46C8.o
[362/873] MWCC build/GEDE01/src/game/game_fn_801B5228.o
[363/873] MWCC build/GEDE01/src/game/game_fn_801B58F0.o
[364/873] MWCC build/GEDE01/src/game/game_fn_801B6F1C.o
[365/873] MWCC build/GEDE01/src/game/game_fn_801B86C0.o
[366/873] MWCC build/GEDE01/src/game/game_fn_801B941C.o
[367/873] MWCC build/GEDE01/src/game/game_fn_801B9E7C.o
[368/873] MWCC build/GEDE01/src/game/game_fn_801BA15C.o
[369/873] MWCC build/GEDE01/src/game/game_fn_801BA708.o
[370/873] MWCC build/GEDE01/src/game/game_fn_801BC0D4.o
[371/873] MWCC build/GEDE01/src/game/game_fn_801BB1A0.o
[372/873] MWCC build/GEDE01/src/game/game_fn_801BC8F4.o
[373/873] MWCC build/GEDE01/src/game/game_fn_801BC240.o
[374/873] MWCC build/GEDE01/src/game/game_fn_801BCC04.o
[375/873] MWCC build/GEDE01/src/game/game_fn_801BD990.o
[376/873] MWCC build/GEDE01/src/game/game_fn_801BDE7C.o
[377/873] MWCC build/GEDE01/src/game/game_fn_801BE0D4.o
[378/873] MWCC build/GEDE01/src/game/game_fn_801C1CB0.o
[379/873] MWCC build/GEDE01/src/game/game_fn_801BEF40.o
[380/873] MWCC build/GEDE01/src/game/game_fn_801C2980.o
[381/873] MWCC build/GEDE01/src/game/game_fn_801C29BC.o
[382/873] MWCC build/GEDE01/src/game/game_fn_801C2AAC.o
[383/873] MWCC build/GEDE01/src/game/game_fn_801C2D9C.o
[384/873] MWCC build/GEDE01/src/game/game_fn_801C8160.o
[385/873] MWCC build/GEDE01/src/game/game_fn_801C8224.o
[386/873] MWCC build/GEDE01/src/game/game_fn_801C4B5C.o
[387/873] MWCC build/GEDE01/src/game/game_fn_801C8600.o
[388/873] MWCC build/GEDE01/src/game/game_fn_801C87DC.o
[389/873] MWCC build/GEDE01/src/game/game_fn_801C8CC0.o
[390/873] MWCC build/GEDE01/src/game/game_fn_801C8F50.o
[391/873] MWCC build/GEDE01/src/game/game_fn_801C90A4.o
[392/873] MWCC build/GEDE01/src/game/game_fn_801C9510.o
[393/873] MWCC build/GEDE01/src/game/game_fn_801C970C.o
[394/873] MWCC build/GEDE01/src/game/game_fn_801C9A08.o
[395/873] MWCC build/GEDE01/src/game/game_fn_801C9B1C.o
[396/873] MWCC build/GEDE01/src/game/game_fn_801CB4F8.o
[397/873] MWCC build/GEDE01/src/game/game_fn_801CD228.o
[398/873] MWCC build/GEDE01/src/game/game_fn_801CE09C.o
[399/873] MWCC build/GEDE01/src/game/game_fn_801CE594.o
[400/873] MWCC build/GEDE01/src/game/game_fn_801D1B10.o
[401/873] MWCC build/GEDE01/src/game/game_fn_801D1F78.o
[402/873] MWCC build/GEDE01/src/game/game_fn_801D3988.o
[403/873] MWCC build/GEDE01/src/game/game_fn_801D76A8.o
[404/873] MWCC build/GEDE01/src/game/game_fn_801D7C24.o
[405/873] MWCC build/GEDE01/src/game/game_fn_801D8050.o
[406/873] MWCC build/GEDE01/src/game/game_fn_801D9FE4.o
[407/873] MWCC build/GEDE01/src/game/game_fn_801E2A48.o
[408/873] MWCC build/GEDE01/src/game/game_fn_801E41AC.o
[409/873] MWCC build/GEDE01/src/game/game_fn_801EB09C.o
[410/873] MWCC build/GEDE01/src/game/game_fn_801E6814.o
[411/873] MWCC build/GEDE01/src/game/game_fn_801ECD74.o
[412/873] MWCC build/GEDE01/src/game/game_fn_801EB11C.o
[413/873] MWCC build/GEDE01/src/game/game_fn_801ED5F4.o
[414/873] MWCC build/GEDE01/src/game/game_fn_801ECF50.o
[415/873] MWCC build/GEDE01/src/game/game_fn_801EF580.o
[416/873] MWCC build/GEDE01/src/game/game_fn_801EF910.o
[417/873] MWCC build/GEDE01/src/game/game_fn_801F10BC.o
[418/873] MWCC build/GEDE01/src/game/game_fn_801F35A8.o
[419/873] MWCC build/GEDE01/src/game/game_fn_801F1A38.o
[420/873] MWCC build/GEDE01/src/game/game_fn_801F69F0.o
[421/873] MWCC build/GEDE01/src/game/game_fn_801F55A0.o
[422/873] MWCC build/GEDE01/src/game/game_fn_801F7510.o
[423/873] MWCC build/GEDE01/src/game/game_fn_801F6BD8.o
[424/873] MWCC build/GEDE01/src/game/game_fn_801F8264.o
[425/873] MWCC build/GEDE01/src/game/game_fn_801F76EC.o
[426/873] MWCC build/GEDE01/src/game/game_fn_801F89B4.o
[427/873] MWCC build/GEDE01/src/game/game_fn_801F9AF8.o
[428/873] MWCC build/GEDE01/src/game/game_fn_801F9CF4.o
[429/873] MWCC build/GEDE01/src/game/game_fn_801FA9C8.o
[430/873] MWCC build/GEDE01/src/game/game_fn_801FB6A4.o
[431/873] MWCC build/GEDE01/src/game/game_fn_801FC034.o
[432/873] MWCC build/GEDE01/src/game/game_fn_801FC204.o
[433/873] MWCC build/GEDE01/src/game/game_fn_801FFE78.o
[434/873] EXTERNALIZE build/GEDE01/src/game/game_fn_801247F8.o
[435/873] EXTERNALIZE build/GEDE01/src/game/game_fn_801EF910.o
[436/873] MWCC build/GEDE01/src/game/game_fn_800D607C.o
[437/873] EXTERNALIZE build/GEDE01/src/game/game_fn_801ECF50.o
[438/873] EXTERNALIZE build/GEDE01/src/game/game_fn_801EB09C.o
[439/873] EXTERNALIZE build/GEDE01/src/game/game_fn_801FC204.o
[440/873] EXTERNALIZE build/GEDE01/src/game/game_fn_801EB11C.o
[441/873] EXTERNALIZE build/GEDE01/src/game/game_fn_801D9FE4.o
[442/873] EXTERNALIZE build/GEDE01/src/game/game_fn_801E41AC.o
[443/873] EXTERNALIZE build/GEDE01/src/game/game_fn_801D76A8.o
[444/873] EXTERNALIZE build/GEDE01/src/game/game_fn_801D8050.o
[445/873] EXTERNALIZE build/GEDE01/src/game/game_fn_801D7C24.o
[446/873] EXTERNALIZE build/GEDE01/src/game/game_fn_80178F88.o
[447/873] EXTERNALIZE build/GEDE01/src/game/game_fn_8019B1BC.o
[448/873] EXTERNALIZE build/GEDE01/src/game/game_fn_801CD228.o
[449/873] EXTERNALIZE build/GEDE01/src/game/game_fn_801C970C.o
[450/873] EXTERNALIZE build/GEDE01/src/game/game_fn_801BA15C.o
[451/873] EXTERNALIZE build/GEDE01/src/game/game_fn_801C9510.o
[452/873] EXTERNALIZE build/GEDE01/src/game/game_fn_80126A00.o
[453/873] EXTERNALIZE build/GEDE01/src/game/game_fn_800C9C60.o
[454/873] EXTERNALIZE build/GEDE01/src/game/game_fn_8013D6A4.o
[455/873] EXTERNALIZE build/GEDE01/src/game/game_fn_801B4FB4.o
[456/873] EXTERNALIZE build/GEDE01/src/game/game_fn_801B5228.o
[457/873] EXTERNALIZE build/GEDE01/src/game/game_fn_801C87DC.o
[458/873] EXTERNALIZE build/GEDE01/src/game/game_fn_801B6F1C.o
[459/873] EXTERNALIZE build/GEDE01/src/game/game_fn_801C8CC0.o
[460/873] EXTERNALIZE build/GEDE01/src/game/game_fn_800FD0C8.o
[461/873] EXTERNALIZE build/GEDE01/src/game/game_fn_801BDE7C.o
[462/873] EXTERNALIZE build/GEDE01/src/game/game_fn_801BE0D4.o
[463/873] EXTERNALIZE STATIC POOL build/GEDE01/src/game/game_fn_801C9A08.o
build/GEDE01/src/game/game_fn_801C9A08.o: lbl_80629390 now undefined; section 3 emptied
[464/873] EXTERNALIZE build/GEDE01/src/game/game_fn_801B941C.o
[465/873] EXTERNALIZE STATIC POOL build/GEDE01/src/game/game_fn_801C9B1C.o
build/GEDE01/src/game/game_fn_801C9B1C.o: lbl_80629390 now undefined; section 3 emptied
[466/873] EXTERNALIZE STATIC POOL build/GEDE01/src/game/game_fn_801BD990.o
build/GEDE01/src/game/game_fn_801BD990.o: lbl_80626D80 now undefined; section 6 emptied
[467/873] EXTERNALIZE STATIC POOL build/GEDE01/src/game/game_fn_801B58F0.o
build/GEDE01/src/game/game_fn_801B58F0.o: lbl_8060C020 now undefined; section 3 emptied
[468/873] EXTERNALIZE STATIC POOL build/GEDE01/src/game/game_fn_801B9E7C.o
build/GEDE01/src/game/game_fn_801B9E7C.o: 0 relocation(s) moved from streamInfo to ...bss.0
build/GEDE01/src/game/game_fn_801B9E7C.o: lbl_8061AE48 now undefined; section 6 emptied
[469/873] EXTERNALIZE STATIC POOL build/GEDE01/src/game/game_fn_801BB1A0.o
build/GEDE01/src/game/game_fn_801BB1A0.o: 0 relocation(s) moved from streamInfo to ...bss.0
build/GEDE01/src/game/game_fn_801BB1A0.o: lbl_8061AE48 now undefined; section 6 emptied
[470/873] EXTERNALIZE STATIC POOL build/GEDE01/src/game/game_fn_801BA708.o
build/GEDE01/src/game/game_fn_801BA708.o: 0 relocation(s) moved from streamInfo to ...bss.0
build/GEDE01/src/game/game_fn_801BA708.o: lbl_8061AE48 now undefined; section 6 emptied
[471/873] EXTERNALIZE STATIC build/GEDE01/src/game/game_fn_801B35BC.o
build/GEDE01/src/game/game_fn_801B35BC.o: lbl_8060D420 now undefined; section 6 emptied
[472/873] EXTERNALIZE STATIC build/GEDE01/src/game/game_fn_801BC240.o
build/GEDE01/src/game/game_fn_801BC240.o: lbl_8061C748 now undefined; section 6 emptied
[473/873] EXTERNALIZE STATIC POOL build/GEDE01/src/game/game_fn_801BC8F4.o
build/GEDE01/src/game/game_fn_801BC8F4.o: lbl_8061C748 now undefined; section 6 emptied
[474/873] EXTERNALIZE STATIC POOL build/GEDE01/src/game/game_fn_801BCC04.o
build/GEDE01/src/game/game_fn_801BCC04.o: lbl_8061C748 now undefined; section 6 emptied
[475/873] EXTERNALIZE STATIC POOL build/GEDE01/src/game/game_fn_801BC0D4.o
build/GEDE01/src/game/game_fn_801BC0D4.o: lbl_8061C748 now undefined; section 6 emptied
[476/873] EXTERNALIZE STATIC POOL build/GEDE01/src/game/game_fn_801CE09C.o
build/GEDE01/src/game/game_fn_801CE09C.o: lbl_80631340 now undefined; section 6 emptied
[477/873] RENAME build/GEDE01/src/game/game_InitMetroTRKCommTable.o
[478/873] EXTERNALIZE STATIC POOL build/GEDE01/src/game/game_fn_801C1CB0.o
build/GEDE01/src/game/game_fn_801C1CB0.o: lbl_80626DA0 now undefined; section 3 emptied
[479/873] RENAME RUNTIME INTRINSICS build/GEDE01/src/game/game_fn_801CB4F8.o
[480/873] EXTERNALIZE build/GEDE01/src/game/game_fn_801D3988.o
[481/873] EXTERNALIZE STATIC POOL build/GEDE01/src/game/game_fn_8010242C.o
build/GEDE01/src/game/game_fn_8010242C.o: lbl_8032CC08 now undefined; section 3 emptied
[482/873] EXTERNALIZE build/GEDE01/src/game/game_fn_801D1B10.o
[483/873] ALIGN DATA build/GEDE01/src/game/game_fn_80008014.o
[484/873] EXTERNALIZE build/GEDE01/src/game/game_fn_801CE594.o
[485/873] EXTERNALIZE build/GEDE01/src/game/game_fn_8014549C.o
[486/873] EXTERNALIZE build/GEDE01/src/game/game_fn_801098C0.o
[487/873] EXTERNALIZE build/GEDE01/src/game/game_fn_801C8224.o
[488/873] EXTERNALIZE build/GEDE01/src/game/game_fn_80185F10.o
[489/873] EXTERNALIZE build/GEDE01/src/game/game_fn_8000FDE8.o
[490/873] EXTERNALIZE build/GEDE01/src/game/game_fn_801C29BC.o
[491/873] EXTERNALIZE build/GEDE01/src/game/game_fn_801C8F50.o
[492/873] EXTERNALIZE build/GEDE01/src/game/game_fn_8007B828.o
[493/873] EXTERNALIZE build/GEDE01/src/game/game_fn_801C90A4.o
[494/873] EXTERNALIZE build/GEDE01/src/game/game_fn_801C8160.o
[495/873] EXTERNALIZE build/GEDE01/src/game/game_fn_801C2AAC.o
[496/873] EXTERNALIZE build/GEDE01/src/game/game_fn_801C2D9C.o
[497/873] EXTERNALIZE build/GEDE01/src/game/game_fn_801C2980.o
[498/873] EXTERNALIZE build/GEDE01/src/game/game_fn_801B02F0.o
[499/873] EXTERNALIZE build/GEDE01/src/game/game_fn_801AFA74.o
[500/873] EXTERNALIZE build/GEDE01/src/game/game_fn_801AC8AC.o
[501/873] EXTERNALIZE build/GEDE01/src/game/game_fn_801ABD3C.o
[502/873] EXTERNALIZE build/GEDE01/src/game/game_fn_801816D4.o
[503/873] EXTERNALIZE build/GEDE01/src/game/game_fn_8011F140.o
[504/873] EXTERNALIZE build/GEDE01/src/game/game_fn_801AD08C.o
[505/873] EXTERNALIZE build/GEDE01/src/game/game_fn_80079AA4.o
[506/873] EXTERNALIZE build/GEDE01/src/game/game_fn_8004998C.o
[507/873] EXTERNALIZE build/GEDE01/src/game/game_fn_80158D38.o
[508/873] EXTERNALIZE build/GEDE01/src/game/game_fn_8008F224.o
[509/873] EXTERNALIZE build/GEDE01/src/game/game_fn_801A3A78.o
[510/873] EXTERNALIZE build/GEDE01/src/game/game_fn_80167454.o
[511/873] EXTERNALIZE build/GEDE01/src/game/game_fn_800AF230.o
[512/873] EXTERNALIZE build/GEDE01/src/game/game_fn_801A93E8.o
[513/873] EXTERNALIZE build/GEDE01/src/game/game_fn_801AB154.o
[514/873] EXTERNALIZE build/GEDE01/src/game/game_fn_801A7E04.o
[515/873] EXTERNALIZE build/GEDE01/src/game/game_fn_801A7EA8.o
[516/873] EXTERNALIZE build/GEDE01/src/game/game_fn_801A6CB4.o
[517/873] EXTERNALIZE build/GEDE01/src/game/game_fn_801A6C58.o
[518/873] EXTERNALIZE build/GEDE01/src/game/game_fn_801A4CE0.o
[519/873] EXTERNALIZE build/GEDE01/src/game/game_fn_801A6410.o
[520/873] NAME JUMPTABLE build/GEDE01/src/game/game_fn_801A6ADC.o
[521/873] EXTERNALIZE build/GEDE01/src/game/game_fn_801A1F18.o
[522/873] EXTERNALIZE build/GEDE01/src/game/game_fn_801A5FB0.o
[523/873] EXTERNALIZE build/GEDE01/src/game/game_fn_8019E8C8.o
[524/873] EXTERNALIZE build/GEDE01/src/game/game_fn_8019E5E4.o
[525/873] EXTERNALIZE build/GEDE01/src/game/game_fn_8019CC28.o
[526/873] EXTERNALIZE build/GEDE01/src/game/game_fn_8019CFC4.o
[527/873] EXTERNALIZE build/GEDE01/src/game/game_fn_801991E0.o
[528/873] EXTERNALIZE build/GEDE01/src/game/game_fn_80198BF4.o
[529/873] EXTERNALIZE build/GEDE01/src/game/game_fn_80198AAC.o
[530/873] EXTERNALIZE build/GEDE01/src/game/game_fn_80198154.o
[531/873] EXTERNALIZE build/GEDE01/src/game/game_fn_80194F80.o
[532/873] EXTERNALIZE build/GEDE01/src/game/game_fn_80197910.o
[533/873] EXTERNALIZE build/GEDE01/src/game/game_fn_80177434.o
repointed 2 relocations to lbl_80250588
[534/873] EXTERNALIZE build/GEDE01/src/game/game_fn_80193E1C.o
[535/873] EXTERNALIZE build/GEDE01/src/game/game_fn_801931C4.o
[536/873] EXTERNALIZE build/GEDE01/src/game/game_fn_80193F3C.o
[537/873] EXTERNALIZE build/GEDE01/src/game/game_fn_80192F54.o
[538/873] EXTERNALIZE build/GEDE01/src/game/game_fn_80191F58.o
[539/873] EXTERNALIZE build/GEDE01/src/game/game_fn_8019197C.o
[540/873] EXTERNALIZE build/GEDE01/src/game/game_fn_80191360.o
[541/873] GLOBALIZE build/GEDE01/src/game/game_fn_8018F1D0.o
[542/873] EXTERNALIZE build/GEDE01/src/game/game_fn_8018D688.o
[543/873] EXTERNALIZE build/GEDE01/src/game/game_fn_8018F81C.o
[544/873] EXTERNALIZE build/GEDE01/src/game/game_fn_8018D2E0.o
[545/873] EXTERNALIZE build/GEDE01/src/game/game_fn_80189968.o
[546/873] EXTERNALIZE build/GEDE01/src/game/game_fn_80189760.o
[547/873] EXTERNALIZE build/GEDE01/src/game/game_fn_8018D1F0.o
[548/873] EXTERNALIZE build/GEDE01/src/game/game_fn_801896A0.o
[549/873] EXTERNALIZE build/GEDE01/src/game/game_fn_801895E8.o
[550/873] EXTERNALIZE build/GEDE01/src/game/game_fn_80189390.o
[551/873] EXTERNALIZE build/GEDE01/src/game/game_fn_801891D8.o
[552/873] EXTERNALIZE build/GEDE01/src/game/game_fn_80188E28.o
[553/873] EXTERNALIZE build/GEDE01/src/game/game_fn_80189028.o
[554/873] EXTERNALIZE build/GEDE01/src/game/game_fn_80188B44.o
[555/873] EXTERNALIZE build/GEDE01/src/game/game_fn_80188C1C.o
[556/873] EXTERNALIZE build/GEDE01/src/game/game_fn_80188A7C.o
[557/873] EXTERNALIZE build/GEDE01/src/game/game_fn_801878E0.o
[558/873] EXTERNALIZE build/GEDE01/src/game/game_fn_80187120.o
[559/873] EXTERNALIZE build/GEDE01/src/game/game_fn_8018FEDC.o
[560/873] EXTERNALIZE build/GEDE01/src/game/game_fn_80186E10.o
[561/873] EXTERNALIZE build/GEDE01/src/game/game_fn_801865EC.o
[562/873] EXTERNALIZE build/GEDE01/src/game/game_fn_80185AE8.o
[563/873] EXTERNALIZE build/GEDE01/src/game/game_fn_801859FC.o
[564/873] EXTERNALIZE build/GEDE01/src/game/game_fn_80180DDC.o
[565/873] EXTERNALIZE build/GEDE01/src/game/game_fn_8017E958.o
[566/873] EXTERNALIZE build/GEDE01/src/game/game_fn_8017E850.o
[567/873] EXTERNALIZE build/GEDE01/src/game/game_fn_8017718C.o
[568/873] EXTERNALIZE build/GEDE01/src/game/game_fn_801770F8.o
[569/873] EXTERNALIZE build/GEDE01/src/game/game_fn_80176FA0.o
[570/873] EXTERNALIZE build/GEDE01/src/game/game_fn_80176DF4.o
[571/873] EXTERNALIZE build/GEDE01/src/game/game_fn_80174358.o
[572/873] EXTERNALIZE build/GEDE01/src/game/game_fn_80173F04.o
[573/873] EXTERNALIZE build/GEDE01/src/game/game_fn_80174184.o
[574/873] EXTERNALIZE build/GEDE01/src/game/game_fn_8017553C.o
[575/873] EXTERNALIZE build/GEDE01/src/game/game_fn_80173770.o
[576/873] EXTERNALIZE build/GEDE01/src/game/game_fn_80173D44.o
[577/873] EXTERNALIZE build/GEDE01/src/game/game_fn_801734B4.o
[578/873] EXTERNALIZE build/GEDE01/src/game/game_fn_80173270.o
[579/873] EXTERNALIZE build/GEDE01/src/game/game_fn_80172DB8.o
[580/873] EXTERNALIZE build/GEDE01/src/game/game_fn_80172C78.o
[581/873] EXTERNALIZE build/GEDE01/src/game/game_fn_80172BB0.o
[582/873] EXTERNALIZE build/GEDE01/src/game/game_fn_801726EC.o
[583/873] EXTERNALIZE build/GEDE01/src/game/game_fn_8017250C.o
[584/873] EXTERNALIZE build/GEDE01/src/game/game_fn_80171F30.o
[585/873] EXTERNALIZE build/GEDE01/src/game/game_fn_801719B4.o
[586/873] EXTERNALIZE build/GEDE01/src/game/game_fn_801718F4.o
[587/873] EXTERNALIZE build/GEDE01/src/game/game_fn_8017138C.o
[588/873] EXTERNALIZE build/GEDE01/src/game/game_fn_80171664.o
[589/873] EXTERNALIZE build/GEDE01/src/game/game_fn_80170A40.o
[590/873] NORMALIZE build/GEDE01/src/game/game_TRKNubWelcome.o
[591/873] NORMALIZE build/GEDE01/src/game/game_TRK_main.o
[592/873] EXTERNALIZE build/GEDE01/src/game/game_fn_801706DC.o
[593/873] NORMALIZE build/GEDE01/src/game/game_data_80239E10.o
[594/873] NORMALIZE build/GEDE01/src/game/game_data_80239E18.o
[595/873] EXTERNALIZE build/GEDE01/src/game/game_fn_8017652C.o
[596/873] EXTERNALIZE build/GEDE01/src/game/game_fn_80170E9C.o
[597/873] EXTERNALIZE build/GEDE01/src/game/game_fn_80175E64.o
[598/873] EXTERNALIZE build/GEDE01/src/game/game_fn_80175F0C.o
[599/873] EXTERNALIZE build/GEDE01/src/game/game_fn_80175FD4.o
[600/873] EXTERNALIZE build/GEDE01/src/game/game_fn_80176098.o
[601/873] EXTERNALIZE build/GEDE01/src/game/game_fn_80176220.o
[602/873] EXTERNALIZE build/GEDE01/src/game/game_fn_80176160.o
[603/873] EXTERNALIZE build/GEDE01/src/game/game_fn_80170DF4.o
[604/873] EXTERNALIZE build/GEDE01/src/game/game_fn_801762E8.o
[605/873] EXTERNALIZE build/GEDE01/src/game/game_fn_8016E8F8.o
[606/873] EXTERNALIZE build/GEDE01/src/game/game_fn_8016FEF8.o
[607/873] EXTERNALIZE build/GEDE01/src/game/game_fn_801704F8.o
[608/873] NORMALIZE build/GEDE01/src/game/game_fn_8016DF4C.o
[609/873] EXTERNALIZE build/GEDE01/src/game/game_fn_8016D2B8.o
[610/873] EXTERNALIZE build/GEDE01/src/game/game_fn_8016D040.o
[611/873] EXTERNALIZE build/GEDE01/src/game/game_fn_8016D1F8.o
[612/873] EXTERNALIZE build/GEDE01/src/game/game_fn_8016C774.o
[613/873] EXTERNALIZE build/GEDE01/src/game/game_fn_8016C4BC.o
[614/873] EXTERNALIZE build/GEDE01/src/game/game_fn_8016C238.o
[615/873] EXTERNALIZE build/GEDE01/src/game/game_fn_8016C164.o
[616/873] EXTERNALIZE build/GEDE01/src/game/game_fn_8016C0BC.o
[617/873] EXTERNALIZE build/GEDE01/src/game/game_fn_8017038C.o
[618/873] EXTERNALIZE build/GEDE01/src/game/game_fn_8016BE1C.o
[619/873] EXTERNALIZE build/GEDE01/src/game/game_fn_8016BF60.o
[620/873] EXTERNALIZE build/GEDE01/src/game/game_fn_8016BD0C.o
[621/873] EXTERNALIZE build/GEDE01/src/game/game_fn_80169650.o
[622/873] EXTERNALIZE build/GEDE01/src/game/game_fn_8015EDC0.o
[623/873] EXTERNALIZE build/GEDE01/src/game/game_fn_80167B5C.o
[624/873] EXTERNALIZE build/GEDE01/src/game/game_fn_8015DC54.o
[625/873] EXTERNALIZE build/GEDE01/src/game/game_fn_8015DB84.o
[626/873] EXTERNALIZE build/GEDE01/src/game/game_fn_80158B20.o
[627/873] EXTERNALIZE build/GEDE01/src/game/game_fn_80179398.o
[628/873] EXTERNALIZE build/GEDE01/src/game/game_fn_8017960C.o
[629/873] EXTERNALIZE build/GEDE01/src/game/game_fn_8017974C.o
[630/873] EXTERNALIZE build/GEDE01/src/game/game_fn_80179904.o
[631/873] EXTERNALIZE build/GEDE01/src/game/game_fn_8017A9B8.o
[632/873] EXTERNALIZE build/GEDE01/src/game/game_fn_80179A18.o
[633/873] EXTERNALIZE build/GEDE01/src/game/game_fn_80179A74.o
[634/873] EXTERNALIZE build/GEDE01/src/game/game_fn_80179EB8.o
[635/873] EXTERNALIZE build/GEDE01/src/game/game_fn_8017A010.o
[636/873] EXTERNALIZE build/GEDE01/src/game/game_fn_80179F20.o
[637/873] EXTERNALIZE build/GEDE01/src/game/game_fn_8017A12C.o
[638/873] EXTERNALIZE build/GEDE01/src/game/game_fn_80157C0C.o
[639/873] EXTERNALIZE build/GEDE01/src/game/game_fn_8017A1C0.o
[640/873] EXTERNALIZE build/GEDE01/src/game/game_fn_80155814.o
[641/873] EXTERNALIZE build/GEDE01/src/game/game_fn_80153898.o
[642/873] EXTERNALIZE build/GEDE01/src/game/game_fn_8014B494.o
[643/873] EXTERNALIZE build/GEDE01/src/game/game_fn_8014AF38.o
[644/873] EXTERNALIZE build/GEDE01/src/game/game_fn_8012DB28.o
[645/873] EXTERNALIZE build/GEDE01/src/game/game_fn_801141B8.o
[646/873] EXTERNALIZE build/GEDE01/src/game/game_fn_801128E4.o
[647/873] EXTERNALIZE build/GEDE01/src/game/game_fn_801126E0.o
[648/873] EXTERNALIZE build/GEDE01/src/game/game_fn_8010F184.o
[649/873] EXTERNALIZE build/GEDE01/src/game/game_fn_800E4980.o
[650/873] EXTERNALIZE build/GEDE01/src/game/game_fn_800C17EC.o
[651/873] EXTERNALIZE build/GEDE01/src/game/game_fn_800C59F0.o
[652/873] EXTERNALIZE build/GEDE01/src/game/game_fn_800C644C.o
[653/873] EXTERNALIZE build/GEDE01/src/game/game_fn_800C65FC.o
[654/873] EXTERNALIZE build/GEDE01/src/game/game_fn_800CB760.o
[655/873] EXTERNALIZE build/GEDE01/src/game/game_fn_800CB8F4.o
[656/873] EXTERNALIZE build/GEDE01/src/game/game_fn_80078500.o
[657/873] EXTERNALIZE build/GEDE01/src/game/game_fn_80079908.o
[658/873] EXTERNALIZE build/GEDE01/src/game/game_fn_8007B2F4.o
[659/873] EXTERNALIZE build/GEDE01/src/game/game_fn_8007B540.o
[660/873] EXTERNALIZE build/GEDE01/src/game/game_fn_8007B640.o
[661/873] EXTERNALIZE build/GEDE01/src/game/game_fn_800886D8.o
[662/873] EXTERNALIZE build/GEDE01/src/game/game_fn_8007BA3C.o
[663/873] EXTERNALIZE build/GEDE01/src/game/game_fn_800934A0.o
[664/873] EXTERNALIZE build/GEDE01/src/game/game_fn_800A3894.o
[665/873] EXTERNALIZE build/GEDE01/src/game/game_fn_800A7E88.o
[666/873] EXTERNALIZE build/GEDE01/src/game/game_fn_800A4798.o
[667/873] GLOBALIZE build/GEDE01/src/game/game_fn_800A2130.o
[668/873] EXTERNALIZE build/GEDE01/src/game/game_fn_800A2FCC.o
[669/873] EXTERNALIZE build/GEDE01/src/game/game_fn_8009C424.o
[670/873] EXTERNALIZE build/GEDE01/src/game/game_fn_80096830.o
[671/873] GLOBALIZE build/GEDE01/src/game/game_fn_8008F890.o
[672/873] EXTERNALIZE SWITCHES build/GEDE01/src/game/game_fn_80095FDC.o
[673/873] EXTERNALIZE build/GEDE01/src/game/game_fn_800A4428.o
[674/873] EXTERNALIZE build/GEDE01/src/game/game_fn_80074310.o
[675/873] GLOBALIZE build/GEDE01/src/game/game_fn_8005FD84.o
[676/873] EXTERNALIZE build/GEDE01/src/game/game_fn_80066888.o
[677/873] EXTERNALIZE build/GEDE01/src/game/game_fn_8005EC6C.o
[678/873] EXTERNALIZE build/GEDE01/src/game/game_fn_80052310.o
[679/873] EXTERNALIZE build/GEDE01/src/game/game_fn_80048B24.o
[680/873] NAME SWITCH build/GEDE01/src/game/game_fn_80020E94.o
[681/873] NAME SWITCH build/GEDE01/src/game/game_fn_8005EE9C.o
[682/873] NAME SWITCH build/GEDE01/src/game/game_fn_8016D9C0.o
[683/873] NAME SWITCH build/GEDE01/src/game/game_fn_80071A58.o
[684/873] EXTERNALIZE build/GEDE01/src/game/game_fn_80048ADC.o
[685/873] NAME SWITCH build/GEDE01/src/game/game_fn_8006B620.o
[686/873] NAME SWITCH build/GEDE01/src/game/game_fn_8001FE1C.o
[687/873] NAME SWITCH build/GEDE01/src/game/game_fn_8001E644.o
[688/873] EXTERNALIZE build/GEDE01/src/game/game_fn_80038878.o
[689/873] EXTERNALIZE build/GEDE01/src/game/game_fn_801B46C8.o
build/GEDE01/src/game/game_fn_801B46C8.o: lbl_8060C020 now undefined; section 6 emptied
[690/873] EXTERNALIZE build/GEDE01/src/game/game_fn_80036C40.o
[691/873] EXTERNALIZE build/GEDE01/src/game/game_fn_800359A0.o
[692/873] EXTERNALIZE build/GEDE01/src/game/game_fn_80033180.o
[693/873] EXTERNALIZE build/GEDE01/src/game/game_fn_80033038.o
[694/873] EXTERNALIZE build/GEDE01/src/game/game_fn_80032B84.o
[695/873] EXTERNALIZE build/GEDE01/src/game/game_fn_8003232C.o
[696/873] EXTERNALIZE build/GEDE01/src/game/game_fn_8002E3F0.o
[697/873] EXTERNALIZE build/GEDE01/src/game/game_fn_8002DAE0.o
[698/873] EXTERNALIZE build/GEDE01/src/game/game_fn_8002EA68.o
[699/873] GLOBALIZE build/GEDE01/src/game/game_fn_8002B748.o
[700/873] EXTERNALIZE build/GEDE01/src/game/game_fn_8002F428.o
[701/873] NAME SWITCHES build/GEDE01/src/game/game_fn_80024F28.o
[702/873] EXTERNALIZE build/GEDE01/src/game/game_fn_800272B4.o
[703/873] EXTERNALIZE build/GEDE01/src/game/game_fn_8001CE94.o
[704/873] EXTERNALIZE build/GEDE01/src/game/game_fn_8001CD58.o
[705/873] EXTERNALIZE build/GEDE01/src/game/game_fn_8001C078.o
[706/873] EXTERNALIZE build/GEDE01/src/game/game_fn_8001B874.o
[707/873] EXTERNALIZE build/GEDE01/src/game/game_fn_8001B808.o
[708/873] EXTERNALIZE build/GEDE01/src/game/game_fn_8001B124.o
[709/873] EXTERNALIZE build/GEDE01/src/game/game_fn_8001B294.o
[710/873] EXTERNALIZE build/GEDE01/src/game/game_fn_8001ADF8.o
[711/873] EXTERNALIZE build/GEDE01/src/game/game_fn_8001AF68.o
[712/873] EXTERNALIZE build/GEDE01/src/game/game_fn_8001AAB8.o
[713/873] EXTERNALIZE build/GEDE01/src/game/game_fn_8001A6C4.o
[714/873] EXTERNALIZE build/GEDE01/src/game/game_fn_80019F98.o
[715/873] EXTERNALIZE build/GEDE01/src/game/game_fn_80019D2C.o
[716/873] EXTERNALIZE build/GEDE01/src/game/game_fn_80019C10.o
[717/873] EXTERNALIZE build/GEDE01/src/game/game_fn_80019940.o
[718/873] EXTERNALIZE build/GEDE01/src/game/game_fn_800194D0.o
[719/873] EXTERNALIZE build/GEDE01/src/game/game_fn_80019054.o
[720/873] EXTERNALIZE build/GEDE01/src/game/game_fn_80019244.o
[721/873] EXTERNALIZE build/GEDE01/src/game/game_fn_80017DB0.o
[722/873] EXTERNALIZE build/GEDE01/src/game/game_fn_80018EF4.o
[723/873] EXTERNALIZE build/GEDE01/src/game/game_fn_80017CC8.o
[724/873] EXTERNALIZE build/GEDE01/src/game/game_fn_80017C3C.o
[725/873] EXTERNALIZE build/GEDE01/src/game/game_fn_80017A3C.o
[726/873] EXTERNALIZE build/GEDE01/src/game/game_fn_80017AE4.o
[727/873] EXTERNALIZE build/GEDE01/src/game/game_fn_800179AC.o
[728/873] EXTERNALIZE build/GEDE01/src/game/game_fn_80017910.o
[729/873] EXTERNALIZE FLAGS build/GEDE01/src/game/game_fn_800119FC.o
[730/873] EXTERNALIZE build/GEDE01/src/game/game_fn_8000FFD8.o
[731/873] EXTERNALIZE build/GEDE01/src/game/game_fn_8000F4B0.o
[732/873] GLOBALIZE build/GEDE01/src/game/game_fn_800094C0.o
[733/873] EXTERNALIZE build/GEDE01/src/game/game_fn_8000EFC4.o
[734/873] EXTERNALIZE build/GEDE01/src/game/game_fn_800096E0.o
[735/873] EXTERNALIZE build/GEDE01/src/game/game_fn_800098C0.o
[736/873] EXTERNALIZE build/GEDE01/src/game/game_fn_800099D8.o
[737/873] EXTERNALIZE build/GEDE01/src/game/game_fn_80009AB4.o
[738/873] EXTERNALIZE build/GEDE01/src/game/game_fn_8000A26C.o
[739/873] EXTERNALIZE build/GEDE01/src/game/game_fn_800171C0.o
[740/873] EXTERNALIZE build/GEDE01/src/game/game_fn_800176F0.o
[741/873] EXTERNALIZE build/GEDE01/src/game/game_fn_8000AC88.o
[742/873] EXTERNALIZE build/GEDE01/src/game/game_fn_8000AEB4.o
[743/873] EXTERNALIZE build/GEDE01/src/game/game_fn_8000AFB4.o
[744/873] EXTERNALIZE build/GEDE01/src/game/game_fn_8000B1B8.o
[745/873] EXTERNALIZE build/GEDE01/src/game/game_fn_8000B36C.o
[746/873] EXTERNALIZE build/GEDE01/src/game/game_fn_8000B630.o
[747/873] EXTERNALIZE build/GEDE01/src/game/game_fn_8000B7FC.o
[748/873] EXTERNALIZE build/GEDE01/src/game/game_fn_8000B900.o
[749/873] EXTERNALIZE build/GEDE01/src/game/game_fn_8000BA0C.o
[750/873] EXTERNALIZE build/GEDE01/src/game/game_fn_8000BAA0.o
[751/873] EXTERNALIZE build/GEDE01/src/game/game_fn_8000BC40.o
[752/873] EXTERNALIZE build/GEDE01/src/game/game_fn_8000C06C.o
[753/873] EXTERNALIZE build/GEDE01/src/game/game_fn_8000C17C.o
[754/873] EXTERNALIZE build/GEDE01/src/game/game_fn_8000C400.o
[755/873] EXTERNALIZE build/GEDE01/src/game/game_fn_8000C848.o
[756/873] EXTERNALIZE build/GEDE01/src/game/game_fn_8000C91C.o
[757/873] EXTERNALIZE build/GEDE01/src/game/game_fn_8000D0BC.o
[758/873] NAME SWITCH build/GEDE01/src/game/game_fn_8000D8A4.o
[759/873] EXTERNALIZE build/GEDE01/src/game/game_fn_8000D3D4.o
[760/873] EXTERNALIZE build/GEDE01/src/game/game_fn_8000E054.o
[761/873] EXTERNALIZE build/GEDE01/src/game/game_fn_8000E0AC.o
[762/873] EXTERNALIZE build/GEDE01/src/game/game_fn_8000F774.o
[763/873] EXTERNALIZE build/GEDE01/src/game/game_fn_8000E96C.o
[764/873] EXTERNALIZE build/GEDE01/src/game/game_fn_8000EBD4.o
[765/873] EXTERNALIZE build/GEDE01/src/game/game_fn_8000EB14.o
[766/873] EXTERNALIZE build/GEDE01/src/game/game_fn_8000E138.o
[767/873] EXTERNALIZE build/GEDE01/src/game/game_fn_8000ED44.o
[768/873] EXTERNALIZE build/GEDE01/src/game/game_fn_8000E1C4.o
[769/873] EXTERNALIZE build/GEDE01/src/game/game_fn_8000D590.o
[770/873] EXTERNALIZE build/GEDE01/src/game/game_fn_8000DA50.o
[771/873] EXTERNALIZE build/GEDE01/src/game/game_fn_8000DAF4.o
[772/873] EXTERNALIZE build/GEDE01/src/game/game_fn_80012DA8.o
[773/873] EXTERNALIZE build/GEDE01/src/game/game_fn_80012F40.o
[774/873] EXTERNALIZE build/GEDE01/src/game/game_fn_800131E8.o
[775/873] EXTERNALIZE build/GEDE01/src/game/game_fn_80012FD0.o
[776/873] EXTERNALIZE build/GEDE01/src/game/game_fn_80013340.o
[777/873] EXTERNALIZE build/GEDE01/src/game/game_fn_80013870.o
[778/873] EXTERNALIZE build/GEDE01/src/game/game_fn_80013CB0.o
[779/873] EXTERNALIZE build/GEDE01/src/game/game_fn_80013D54.o
[780/873] EXTERNALIZE build/GEDE01/src/game/game_fn_800142DC.o
[781/873] EXTERNALIZE build/GEDE01/src/game/game_fn_800144CC.o
[782/873] EXTERNALIZE build/GEDE01/src/game/game_fn_80014784.o
[783/873] EXTERNALIZE build/GEDE01/src/game/game_fn_800149D4.o
[784/873] EXTERNALIZE build/GEDE01/src/game/game_fn_80015058.o
[785/873] EXTERNALIZE build/GEDE01/src/game/game_fn_80015320.o
[786/873] EXTERNALIZE build/GEDE01/src/game/game_fn_80015568.o
[787/873] EXTERNALIZE build/GEDE01/src/game/game_fn_800156FC.o
[788/873] EXTERNALIZE build/GEDE01/src/game/game_fn_80015BE0.o
[789/873] EXTERNALIZE build/GEDE01/src/game/game_fn_80015D40.o
[790/873] EXTERNALIZE build/GEDE01/src/game/game_fn_80015F04.o
[791/873] EXTERNALIZE build/GEDE01/src/game/game_fn_80016128.o
[792/873] EXTERNALIZE build/GEDE01/src/game/game_fn_80016270.o
[793/873] EXTERNALIZE build/GEDE01/src/game/game_fn_80016904.o
[794/873] EXTERNALIZE build/GEDE01/src/game/game_fn_800173CC.o
[795/873] EXTERNALIZE build/GEDE01/src/game/game_fn_80016B24.o
[796/873] EXTERNALIZE build/GEDE01/src/game/game_fn_801BEF40.o
[797/873] EXTERNALIZE build/GEDE01/src/game/game_fn_801B86C0.o
[798/873] EXTERNALIZE STATIC POOL build/GEDE01/src/game/game_fn_801C4B5C.o
build/GEDE01/src/game/game_fn_801C4B5C.o: lbl_80628CB0 now undefined; section 6 emptied
[799/873] EXTERNALIZE build/GEDE01/src/game/game_fn_8001CA04.o
[800/873] EXTERNALIZE build/GEDE01/src/game/game_fn_801C8600.o
[801/873] EXTERNALIZE build/GEDE01/src/game/game_fn_80031544.o
[802/873] EXTERNALIZE build/GEDE01/src/game/game_fn_8006B0F0.o
[803/873] EXTERNALIZE build/GEDE01/src/game/game_fn_8007D4D8.o
[804/873] EXTERNALIZE build/GEDE01/src/game/game_fn_8007F770.o
[805/873] EXTERNALIZE build/GEDE01/src/game/game_fn_80088F4C.o
[806/873] EXTERNALIZE build/GEDE01/src/game/game_fn_8008A2E0.o
[807/873] EXTERNALIZE build/GEDE01/src/game/game_fn_80090004.o
[808/873] EXTERNALIZE build/GEDE01/src/game/game_fn_80095D10.o
[809/873] EXTERNALIZE build/GEDE01/src/game/game_fn_800A3180.o
[810/873] EXTERNALIZE build/GEDE01/src/game/game_fn_800BB7A8.o
[811/873] EXTERNALIZE build/GEDE01/src/game/game_fn_800BB9A4.o
[812/873] EXTERNALIZE build/GEDE01/src/game/game_fn_800BB5C4.o
[813/873] EXTERNALIZE build/GEDE01/src/game/game_fn_800D9E10.o
[814/873] EXTERNALIZE build/GEDE01/src/game/game_fn_800BBAF0.o
[815/873] EXTERNALIZE build/GEDE01/src/game/game_fn_8012976C.o
[816/873] EXTERNALIZE build/GEDE01/src/game/game_fn_8013DB8C.o
[817/873] EXTERNALIZE build/GEDE01/src/game/game_fn_8013CBE4.o
[818/873] EXTERNALIZE build/GEDE01/src/game/game_fn_8014CA98.o
[819/873] EXTERNALIZE build/GEDE01/src/game/game_fn_80153A24.o
[820/873] EXTERNALIZE build/GEDE01/src/game/game_fn_801535D8.o
[821/873] EXTERNALIZE build/GEDE01/src/game/game_fn_80174F2C.o
[822/873] EXTERNALIZE build/GEDE01/src/game/game_fn_8017AC20.o
[823/873] EXTERNALIZE build/GEDE01/src/game/game_fn_8018680C.o
[824/873] EXTERNALIZE build/GEDE01/src/game/game_fn_80186F70.o
[825/873] EXTERNALIZE build/GEDE01/src/game/game_fn_80187320.o
[826/873] EXTERNALIZE build/GEDE01/src/game/game_fn_801810A0.o
[827/873] EXTERNALIZE build/GEDE01/src/game/game_fn_801875FC.o
[828/873] EXTERNALIZE build/GEDE01/src/game/game_fn_800542D0.o
[829/873] EXTERNALIZE build/GEDE01/src/game/game_fn_80187BB4.o
[830/873] EXTERNALIZE build/GEDE01/src/game/game_fn_8018E0D8.o
[831/873] EXTERNALIZE build/GEDE01/src/game/game_fn_8019120C.o
[832/873] EXTERNALIZE build/GEDE01/src/game/game_fn_8018D400.o
[833/873] EXTERNALIZE build/GEDE01/src/game/game_fn_801926EC.o
[834/873] EXTERNALIZE build/GEDE01/src/game/game_fn_801916D0.o
[835/873] EXTERNALIZE build/GEDE01/src/game/game_fn_801929A4.o
[836/873] EXTERNALIZE build/GEDE01/src/game/game_fn_801A2A54.o
[837/873] EXTERNALIZE build/GEDE01/src/game/game_fn_801A34BC.o
[838/873] EXTERNALIZE build/GEDE01/src/game/game_fn_801A657C.o
[839/873] EXTERNALIZE build/GEDE01/src/game/game_fn_801D1F78.o
[840/873] EXTERNALIZE build/GEDE01/src/game/game_fn_801E2A48.o
[841/873] EXTERNALIZE build/GEDE01/src/game/game_fn_801E6814.o
[842/873] EXTERNALIZE build/GEDE01/src/game/game_fn_801EF580.o
[843/873] EXTERNALIZE build/GEDE01/src/game/game_fn_801F10BC.o
[844/873] EXTERNALIZE build/GEDE01/src/game/game_fn_801F35A8.o
[845/873] EXTERNALIZE build/GEDE01/src/game/game_fn_801ECD74.o
[846/873] EXTERNALIZE build/GEDE01/src/game/game_fn_801ED5F4.o
[847/873] EXTERNALIZE build/GEDE01/src/game/game_fn_801F69F0.o
[848/873] EXTERNALIZE build/GEDE01/src/game/game_fn_801F76EC.o
[849/873] EXTERNALIZE build/GEDE01/src/game/game_fn_801F8264.o
[850/873] EXTERNALIZE build/GEDE01/src/game/game_fn_801F89B4.o
[851/873] EXTERNALIZE build/GEDE01/src/game/game_fn_801F9AF8.o
[852/873] EXTERNALIZE build/GEDE01/src/game/game_fn_801F6BD8.o
[853/873] EXTERNALIZE JUMPTABLES build/GEDE01/src/game/game_fn_800361F8.o
[854/873] EXTERNALIZE build/GEDE01/src/game/game_fn_801FB6A4.o
[855/873] EXTERNALIZE JUMPTABLES build/GEDE01/src/game/game_fn_8006E53C.o
[856/873] EXTERNALIZE JUMPTABLES build/GEDE01/src/game/game_fn_800CF598.o
[857/873] EXTERNALIZE JUMPTABLES build/GEDE01/src/game/game_fn_801ACFE8.o
[858/873] EXTERNALIZE JUMPTABLES build/GEDE01/src/game/game_fn_801B1BA0.o
[859/873] EXTERNALIZE build/GEDE01/src/game/game_fn_80154F74.o
[860/873] EXTERNALIZE build/GEDE01/src/game/game_fn_8009E808.o
[861/873] EXTERNALIZE build/GEDE01/src/game/game_fn_801F1A38.o
[862/873] EXTERNALIZE build/GEDE01/src/game/game_fn_801F55A0.o
[863/873] EXTERNALIZE build/GEDE01/src/game/game_fn_801FFE78.o
[864/873] EXTERNALIZE build/GEDE01/src/game/game_fn_801F7510.o
[865/873] EXTERNALIZE build/GEDE01/src/game/game_fn_801F9CF4.o
[866/873] EXTERNALIZE build/GEDE01/src/game/game_fn_801FC034.o
[867/873] EXTERNALIZE build/GEDE01/src/game/game_fn_801FA9C8.o
[868/873] REPORT
 INFO Loading project .
 INFO Generating report for 7068 units (using 8 threads)
 INFO Report generated in 0.478s
 INFO Writing to build/GEDE01/report.json
[869/873] LINK build/GEDE01/main.elf
### mwldeppc.exe Linker Warning:
#   Section '.ignored' is unknown. Section ignored.
### mwldeppc.exe Linker Warning:
#   Section '.ignored' is unknown. Section ignored.
### mwldeppc.exe Linker Warning:
#   Section '.ignored' is unknown. Section ignored.
### mwldeppc.exe Linker Warning:
#   Section '.ignored' is unknown. Section ignored.
### mwldeppc.exe Linker Warning:
#   Section '.ignored' is unknown. Section ignored.
### mwldeppc.exe Linker Warning:
#   Section '.ignored' is unknown. Section ignored.
### mwldeppc.exe Linker Warning:
#   Section '.ignored' is unknown. Section ignored.
### mwldeppc.exe Linker Warning:
#   Section '.ignored' is unknown. Section ignored.
### mwldeppc.exe Linker Warning:
#   Section '.ignored' is unknown. Section ignored.
### mwldeppc.exe Linker Warning:
#   Section '.ignored' is unknown. Section ignored.
### mwldeppc.exe Linker Warning:
#   Section '.ignored' is unknown. Section ignored.
### mwldeppc.exe Linker Warning:
#   Section '.ignored' is unknown. Section ignored.
### mwldeppc.exe Linker Warning:
#   Section '.ignored' is unknown. Section ignored.
### mwldeppc.exe Linker Warning:
#   Section '.ignored' is unknown. Section ignored.
### mwldeppc.exe Linker Warning:
#   Section '.ignored' is unknown. Section ignored.
### mwldeppc.exe Linker Warning:
#   Section '.ignored' is unknown. Section ignored.
### mwldeppc.exe Linker Warning:
#   Section '.ignored' is unknown. Section ignored.
### mwldeppc.exe Linker Warning:
#   Section '.ignored' is unknown. Section ignored.
### mwldeppc.exe Linker Warning:
#   Section '.ignored' is unknown. Section ignored.
### mwldeppc.exe Linker Warning:
#   Section '.ignored' is unknown. Section ignored.
### mwldeppc.exe Linker Warning:
#   Section '.ignored' is unknown. Section ignored.
### mwldeppc.exe Linker Warning:
#   Section '.ignored' is unknown. Section ignored.
### mwldeppc.exe Linker Warning:
#   Section '.ignored' is unknown. Section ignored.
### mwldeppc.exe Linker Warning:
#   Section '.ignored' is unknown. Section ignored.
### mwldeppc.exe Linker Warning:
#   Section '.ignored' is unknown. Section ignored.
### mwldeppc.exe Linker Warning:
#   Section '.ignored' is unknown. Section ignored.
### mwldeppc.exe Linker Warning:
#   Section '.ignored' is unknown. Section ignored.
### mwldeppc.exe Linker Warning:
#   Section '.ignored' is unknown. Section ignored.
### mwldeppc.exe Linker Warning:
#   Section '.ignored' is unknown. Section ignored.
### mwldeppc.exe Linker Warning:
#   Section '.ignored' is unknown. Section ignored.
### mwldeppc.exe Linker Warning:
#   Section '.ignored' is unknown. Section ignored.
### mwldeppc.exe Linker Warning:
#   Section '.ignored' is unknown. Section ignored.
### mwldeppc.exe Linker Warning:
#   Section '.ignored' is unknown. Section ignored.
### mwldeppc.exe Linker Warning:
#   Section '.ignored' is unknown. Section ignored.
### mwldeppc.exe Linker Warning:
#   Section '.ignored' is unknown. Section ignored.
### mwldeppc.exe Linker Warning:
#   Section '.ignored' is unknown. Section ignored.
### mwldeppc.exe Linker Warning:
#   Section '.ignored' is unknown. Section ignored.
### mwldeppc.exe Linker Warning:
#   Section '.ignored' is unknown. Section ignored.
### mwldeppc.exe Linker Warning:
#   Section '.ignored' is unknown. Section ignored.
### mwldeppc.exe Linker Warning:
#   Section '.ignored' is unknown. Section ignored.
### mwldeppc.exe Linker Warning:
#   Section '.ignored' is unknown. Section ignored.
### mwldeppc.exe Linker Warning:
#   Section '.ignored' is unknown. Section ignored.
### mwldeppc.exe Linker Warning:
#   Section '.ignored' is unknown. Section ignored.
### mwldeppc.exe Linker Warning:
#   Section '.ignored' is unknown. Section ignored.
### mwldeppc.exe Linker Warning:
#   Section '.ignored' is unknown. Section ignored.
### mwldeppc.exe Linker Warning:
#   Section '.ignored' is unknown. Section ignored.
### mwldeppc.exe Linker Warning:
#   Section '.ignored' is unknown. Section ignored.
### mwldeppc.exe Linker Warning:
#   Section '.ignored' is unknown. Section ignored.
### mwldeppc.exe Linker Warning:
#   Section '.ignored' is unknown. Section ignored.
### mwldeppc.exe Linker Warning:
#   Section '.ignored' is unknown. Section ignored.
### mwldeppc.exe Linker Warning:
#   Section '.ignored' is unknown. Section ignored.
### mwldeppc.exe Linker Warning:
#   Section '.ignored' is unknown. Section ignored.
### mwldeppc.exe Linker Warning:
#   Section '.ignored' is unknown. Section ignored.
### mwldeppc.exe Linker Warning:
#   Section '.ignored' is unknown. Section ignored.
### mwldeppc.exe Linker Warning:
#   Section '.ignored' is unknown. Section ignored.
### mwldeppc.exe Linker Warning:
#   Section '.ignored' is unknown. Section ignored.
### mwldeppc.exe Linker Warning:
#   Section '.ignored' is unknown. Section ignored.
### mwldeppc.exe Linker Warning:
#   Section '.ignored' is unknown. Section ignored.
### mwldeppc.exe Linker Warning:
#   Section '.ignored' is unknown. Section ignored.
### mwldeppc.exe Linker Warning:
#   Section '.ignored' is unknown. Section ignored.
### mwldeppc.exe Linker Warning:
#   Section '.ignored' is unknown. Section ignored.
### mwldeppc.exe Linker Warning:
#   Section '.ignored' is unknown. Section ignored.
### mwldeppc.exe Linker Warning:
#   Section '.ignored' is unknown. Section ignored.
### mwldeppc.exe Linker Warning:
#   Section '.ignored' is unknown. Section ignored.
### mwldeppc.exe Linker Warning:
#   Section '.ignored' is unknown. Section ignored.
### mwldeppc.exe Linker Warning:
#   Section '.ignored' is unknown. Section ignored.
### mwldeppc.exe Linker Warning:
#   Section '.ignored' is unknown. Section ignored.
### mwldeppc.exe Linker Warning:
#   Section '.ignored' is unknown. Section ignored.
### mwldeppc.exe Linker Warning:
#   Section '.ignored' is unknown. Section ignored.
### mwldeppc.exe Linker Warning:
#   Section '.ignored' is unknown. Section ignored.
### mwldeppc.exe Linker Warning:
#   Section '.ignored' is unknown. Section ignored.
### mwldeppc.exe Linker Warning:
#   Section '.ignored' is unknown. Section ignored.
### mwldeppc.exe Linker Warning:
#   Section '.ignored' is unknown. Section ignored.
### mwldeppc.exe Linker Warning:
#   Section '.ignored' is unknown. Section ignored.
### mwldeppc.exe Linker Warning:
#   Section '.ignored' is unknown. Section ignored.
### mwldeppc.exe Linker Warning:
#   Section '.ignored' is unknown. Section ignored.
### mwldeppc.exe Linker Warning:
#   Section '.ignored' is unknown. Section ignored.
### mwldeppc.exe Linker Warning:
#   Section '.ignored' is unknown. Section ignored.
### mwldeppc.exe Linker Warning:
#   Section '.ignored' is unknown. Section ignored.
### mwldeppc.exe Linker Warning:
#   Section '.ignored' is unknown. Section ignored.
### mwldeppc.exe Linker Warning:
#   Section '.ignored' is unknown. Section ignored.
### mwldeppc.exe Linker Warning:
#   Section '.ignored' is unknown. Section ignored.
### mwldeppc.exe Linker Warning:
#   Section '.ignored' is unknown. Section ignored.
### mwldeppc.exe Linker Warning:
#   Section '.ignored' is unknown. Section ignored.
### mwldeppc.exe Linker Warning:
#   Section '.ignored' is unknown. Section ignored.
### mwldeppc.exe Linker Warning:
#   Section '.ignored' is unknown. Section ignored.
### mwldeppc.exe Linker Warning:
#   Section '.ignored' is unknown. Section ignored.
### mwldeppc.exe Linker Warning:
#   Section '.ignored' is unknown. Section ignored.
### mwldeppc.exe Linker Warning:
#   Section '.ignored' is unknown. Section ignored.
### mwldeppc.exe Linker Warning:
#   Section '.ignored' is unknown. Section ignored.
### mwldeppc.exe Linker Warning:
#   Section '.ignored' is unknown. Section ignored.
### mwldeppc.exe Linker Warning:
#   Section '.ignored' is unknown. Section ignored.
### mwldeppc.exe Linker Warning:
#   Section '.ignored' is unknown. Section ignored.
### mwldeppc.exe Linker Warning:
#   Section '.ignored' is unknown. Section ignored.
### mwldeppc.exe Linker Warning:
#   Section '.ignored' is unknown. Section ignored.
### mwldeppc.exe Linker Warning:
#   Section '.ignored' is unknown. Section ignored.
### mwldeppc.exe Linker Warning:
#   Section '.ignored' is unknown. Section ignored.
### mwldeppc.exe Linker Warning:
#   Section '.ignored' is unknown. Section ignored.
### mwldeppc.exe Linker Warning:
#   Section '.ignored' is unknown. Section ignored.
### mwldeppc.exe Linker Warning:
#   Section '.ignored' is unknown. Section ignored.
### mwldeppc.exe Linker Warning:
#   Section '.ignored' is unknown. Section ignored.
### mwldeppc.exe Linker Warning:
#   Section '.ignored' is unknown. Section ignored.
### mwldeppc.exe Linker Warning:
#   Section '.ignored' is unknown. Section ignored.
### mwldeppc.exe Linker Warning:
#   Section '.ignored' is unknown. Section ignored.
### mwldeppc.exe Linker Warning:
#   Section '.ignored' is unknown. Section ignored.
### mwldeppc.exe Linker Warning:
#   Section '.ignored' is unknown. Section ignored.
### mwldeppc.exe Linker Warning:
#   Section '.ignored' is unknown. Section ignored.
### mwldeppc.exe Linker Warning:
#   Section '.ignored' is unknown. Section ignored.
### mwldeppc.exe Linker Warning:
#   Section '.ignored' is unknown. Section ignored.
### mwldeppc.exe Linker Warning:
#   Section '.ignored' is unknown. Section ignored.
### mwldeppc.exe Linker Warning:
#   Section '.ignored' is unknown. Section ignored.
### mwldeppc.exe Linker Warning:
#   Section '.ignored' is unknown. Section ignored.
### mwldeppc.exe Linker Warning:
#   Section '.ignored' is unknown. Section ignored.
### mwldeppc.exe Linker Warning:
#   Section '.ignored' is unknown. Section ignored.
### mwldeppc.exe Linker Warning:
#   Section '.ignored' is unknown. Section ignored.
### mwldeppc.exe Linker Warning:
#   Section '.ignored' is unknown. Section ignored.
### mwldeppc.exe Linker Warning:
#   Section '.ignored' is unknown. Section ignored.
### mwldeppc.exe Linker Warning:
#   Section '.ignored' is unknown. Section ignored.
### mwldeppc.exe Linker Warning:
#   Section '.ignored' is unknown. Section ignored.
### mwldeppc.exe Linker Warning:
#   Section '.ignored' is unknown. Section ignored.
### mwldeppc.exe Linker Warning:
#   Section '.ignored' is unknown. Section ignored.
### mwldeppc.exe Linker Warning:
#   Section '.ignored' is unknown. Section ignored.
### mwldeppc.exe Linker Warning:
#   Section '.ignored' is unknown. Section ignored.
### mwldeppc.exe Linker Warning:
#   Section '.ignored' is unknown. Section ignored.
### mwldeppc.exe Linker Warning:
#   Section '.ignored' is unknown. Section ignored.
### mwldeppc.exe Linker Warning:
#   Section '.ignored' is unknown. Section ignored.
### mwldeppc.exe Linker Warning:
#   Section '.ignored' is unknown. Section ignored.
### mwldeppc.exe Linker Warning:
#   Section '.ignored' is unknown. Section ignored.
### mwldeppc.exe Linker Warning:
#   Section '.ignored' is unknown. Section ignored.
### mwldeppc.exe Linker Warning:
#   Section '.ignored' is unknown. Section ignored.
### mwldeppc.exe Linker Warning:
#   Section '.ignored' is unknown. Section ignored.
### mwldeppc.exe Linker Warning:
#   Section '.ignored' is unknown. Section ignored.
### mwldeppc.exe Linker Warning:
#   Section '.ignored' is unknown. Section ignored.
### mwldeppc.exe Linker Warning:
#   Section '.ignored' is unknown. Section ignored.
### mwldeppc.exe Linker Warning:
#   Section '.ignored' is unknown. Section ignored.
### mwldeppc.exe Linker Warning:
#   Section '.ignored' is unknown. Section ignored.
### mwldeppc.exe Linker Warning:
#   Section '.ignored' is unknown. Section ignored.
### mwldeppc.exe Linker Warning:
#   Section '.ignored' is unknown. Section ignored.
### mwldeppc.exe Linker Warning:
#   Section '.ignored' is unknown. Section ignored.
### mwldeppc.exe Linker Warning:
#   Section '.ignored' is unknown. Section ignored.
### mwldeppc.exe Linker Warning:
#   Section '.ignored' is unknown. Section ignored.
### mwldeppc.exe Linker Warning:
#   Section '.ignored' is unknown. Section ignored.
### mwldeppc.exe Linker Warning:
#   Section '.ignored' is unknown. Section ignored.
### mwldeppc.exe Linker Warning:
#   Section '.ignored' is unknown. Section ignored.
### mwldeppc.exe Linker Warning:
#   Section '.ignored' is unknown. Section ignored.
### mwldeppc.exe Linker Warning:
#   Section '.ignored' is unknown. Section ignored.
### mwldeppc.exe Linker Warning:
#   Section '.ignored' is unknown. Section ignored.
### mwldeppc.exe Linker Warning:
#   Section '.ignored' is unknown. Section ignored.
### mwldeppc.exe Linker Warning:
#   Section '.ignored' is unknown. Section ignored.
### mwldeppc.exe Linker Warning:
#   Section '.ignored' is unknown. Section ignored.
### mwldeppc.exe Linker Warning:
#   Section '.ignored' is unknown. Section ignored.
### mwldeppc.exe Linker Warning:
#   Section '.ignored' is unknown. Section ignored.
### mwldeppc.exe Linker Warning:
#   Section '.ignored' is unknown. Section ignored.
### mwldeppc.exe Linker Warning:
#   Section '.ignored' is unknown. Section ignored.
### mwldeppc.exe Linker Warning:
#   Section '.ignored' is unknown. Section ignored.
### mwldeppc.exe Linker Warning:
#   Section '.ignored' is unknown. Section ignored.
### mwldeppc.exe Linker Warning:
#   Section '.ignored' is unknown. Section ignored.
### mwldeppc.exe Linker Warning:
#   Section '.ignored' is unknown. Section ignored.
### mwldeppc.exe Linker Warning:
#   Section '.ignored' is unknown. Section ignored.
### mwldeppc.exe Linker Warning:
#   Section '.ignored' is unknown. Section ignored.
### mwldeppc.exe Linker Warning:
#   Section '.ignored' is unknown. Section ignored.
### mwldeppc.exe Linker Warning:
#   Section '.ignored' is unknown. Section ignored.
### mwldeppc.exe Linker Warning:
#   Section '.ignored' is unknown. Section ignored.
### mwldeppc.exe Linker Warning:
#   Section '.ignored' is unknown. Section ignored.
### mwldeppc.exe Linker Warning:
#   Section '.ignored' is unknown. Section ignored.
### mwldeppc.exe Linker Warning:
#   Section '.ignored' is unknown. Section ignored.
### mwldeppc.exe Linker Warning:
#   Section '.ignored' is unknown. Section ignored.
### mwldeppc.exe Linker Warning:
#   Section '.ignored' is unknown. Section ignored.
### mwldeppc.exe Linker Warning:
#   Section '.ignored' is unknown. Section ignored.
### mwldeppc.exe Linker Warning:
#   Section '.ignored' is unknown. Section ignored.
### mwldeppc.exe Linker Warning:
#   Section '.ignored' is unknown. Section ignored.
### mwldeppc.exe Linker Warning:
#   Section '.ignored' is unknown. Section ignored.
### mwldeppc.exe Linker Warning:
#   Section '.ignored' is unknown. Section ignored.
### mwldeppc.exe Linker Warning:
#   Section '.ignored' is unknown. Section ignored.
### mwldeppc.exe Linker Warning:
#   Section '.ignored' is unknown. Section ignored.
### mwldeppc.exe Linker Warning:
#   Section '.ignored' is unknown. Section ignored.
### mwldeppc.exe Linker Warning:
#   Section '.ignored' is unknown. Section ignored.
### mwldeppc.exe Linker Warning:
#   Section '.ignored' is unknown. Section ignored.
### mwldeppc.exe Linker Warning:
#   Section '.ignored' is unknown. Section ignored.
### mwldeppc.exe Linker Warning:
#   Section '.ignored' is unknown. Section ignored.
### mwldeppc.exe Linker Warning:
#   Section '.ignored' is unknown. Section ignored.
### mwldeppc.exe Linker Warning:
#   Section '.ignored' is unknown. Section ignored.
### mwldeppc.exe Linker Warning:
#   Section '.ignored' is unknown. Section ignored.
### mwldeppc.exe Linker Warning:
#   Section '.ignored' is unknown. Section ignored.
### mwldeppc.exe Linker Warning:
#   Section '.ignored' is unknown. Section ignored.
### mwldeppc.exe Linker Warning:
#   Section '.ignored' is unknown. Section ignored.
### mwldeppc.exe Linker Warning:
#   Section '.ignored' is unknown. Section ignored.
### mwldeppc.exe Linker Warning:
#   Section '.ignored' is unknown. Section ignored.
### mwldeppc.exe Linker Warning:
#   Section '.ignored' is unknown. Section ignored.
### mwldeppc.exe Linker Warning:
#   Section '.ignored' is unknown. Section ignored.
### mwldeppc.exe Linker Warning:
#   Section '.ignored' is unknown. Section ignored.
### mwldeppc.exe Linker Warning:
#   Section '.ignored' is unknown. Section ignored.
### mwldeppc.exe Linker Warning:
#   Section '.ignored' is unknown. Section ignored.
### mwldeppc.exe Linker Warning:
#   Section '.ignored' is unknown. Section ignored.
### mwldeppc.exe Linker Warning:
#   Section '.ignored' is unknown. Section ignored.
### mwldeppc.exe Linker Warning:
#   Section '.ignored' is unknown. Section ignored.
### mwldeppc.exe Linker Warning:
#   Section '.ignored' is unknown. Section ignored.
### mwldeppc.exe Linker Warning:
#   Section '.ignored' is unknown. Section ignored.
### mwldeppc.exe Linker Warning:
#   Section '.ignored' is unknown. Section ignored.
### mwldeppc.exe Linker Warning:
#   Section '.ignored' is unknown. Section ignored.
### mwldeppc.exe Linker Warning:
#   Section '.ignored' is unknown. Section ignored.
### mwldeppc.exe Linker Warning:
#   Section '.ignored' is unknown. Section ignored.
### mwldeppc.exe Linker Warning:
#   Section '.ignored' is unknown. Section ignored.
### mwldeppc.exe Linker Warning:
#   Section '.ignored' is unknown. Section ignored.
### mwldeppc.exe Linker Warning:
#   Section '.ignored' is unknown. Section ignored.
### mwldeppc.exe Linker Warning:
#   Section '.ignored' is unknown. Section ignored.
### mwldeppc.exe Linker Warning:
#   Section '.ignored' is unknown. Section ignored.
### mwldeppc.exe Linker Warning:
#   Section '.ignored' is unknown. Section ignored.
### mwldeppc.exe Linker Warning:
#   Section '.ignored' is unknown. Section ignored.
### mwldeppc.exe Linker Warning:
#   Section '.ignored' is unknown. Section ignored.
### mwldeppc.exe Linker Warning:
#   Section '.ignored' is unknown. Section ignored.
### mwldeppc.exe Linker Warning:
#   Section '.ignored' is unknown. Section ignored.
### mwldeppc.exe Linker Warning:
#   Section '.ignored' is unknown. Section ignored.
### mwldeppc.exe Linker Warning:
#   Section '.ignored' is unknown. Section ignored.
### mwldeppc.exe Linker Warning:
#   Section '.ignored' is unknown. Section ignored.
### mwldeppc.exe Linker Warning:
#   Section '.ignored' is unknown. Section ignored.
### mwldeppc.exe Linker Warning:
#   Section '.ignored' is unknown. Section ignored.
### mwldeppc.exe Linker Warning:
#   Section '.ignored' is unknown. Section ignored.
### mwldeppc.exe Linker Warning:
#   Section '.ignored' is unknown. Section ignored.
### mwldeppc.exe Linker Warning:
#   Section '.ignored' is unknown. Section ignored.
### mwldeppc.exe Linker Warning:
#   Section '.ignored' is unknown. Section ignored.
### mwldeppc.exe Linker Warning:
#   Section '.ignored' is unknown. Section ignored.
### mwldeppc.exe Linker Warning:
#   Section '.ignored' is unknown. Section ignored.
### mwldeppc.exe Linker Warning:
#   Section '.ignored' is unknown. Section ignored.
### mwldeppc.exe Linker Warning:
#   Section '.ignored' is unknown. Section ignored.
### mwldeppc.exe Linker Warning:
#   Section '.ignored' is unknown. Section ignored.
### mwldeppc.exe Linker Warning:
#   Section '.ignored' is unknown. Section ignored.
### mwldeppc.exe Linker Warning:
#   Section '.ignored' is unknown. Section ignored.
### mwldeppc.exe Linker Warning:
#   Section '.ignored' is unknown. Section ignored.
### mwldeppc.exe Linker Warning:
#   Section '.ignored' is unknown. Section ignored.
### mwldeppc.exe Linker Warning:
#   Section '.ignored' is unknown. Section ignored.
### mwldeppc.exe Linker Warning:
#   Section '.ignored' is unknown. Section ignored.
### mwldeppc.exe Linker Warning:
#   Section '.ignored' is unknown. Section ignored.
### mwldeppc.exe Linker Warning:
#   Section '.ignored' is unknown. Section ignored.
### mwldeppc.exe Linker Warning:
#   Section '.ignored' is unknown. Section ignored.
### mwldeppc.exe Linker Warning:
#   Section '.ignored' is unknown. Section ignored.
### mwldeppc.exe Linker Warning:
#   Section '.ignored' is unknown. Section ignored.
### mwldeppc.exe Linker Warning:
#   Section '.ignored' is unknown. Section ignored.
### mwldeppc.exe Linker Warning:
#   Section '.ignored' is unknown. Section ignored.
### mwldeppc.exe Linker Warning:
#   Section '.ignored' is unknown. Section ignored.
### mwldeppc.exe Linker Warning:
#   Section '.ignored' is unknown. Section ignored.
### mwldeppc.exe Linker Warning:
#   Section '.ignored' is unknown. Section ignored.
### mwldeppc.exe Linker Warning:
#   Section '.ignored' is unknown. Section ignored.
### mwldeppc.exe Linker Warning:
#   Section '.ignored' is unknown. Section ignored.
### mwldeppc.exe Linker Warning:
#   Section '.ignored' is unknown. Section ignored.
### mwldeppc.exe Linker Warning:
#   Section '.ignored' is unknown. Section ignored.
### mwldeppc.exe Linker Warning:
#   Section '.ignored' is unknown. Section ignored.
### mwldeppc.exe Linker Warning:
#   Section '.ignored' is unknown. Section ignored.
### mwldeppc.exe Linker Warning:
#   Section '.ignored' is unknown. Section ignored.
### mwldeppc.exe Linker Warning:
#   Section '.ignored' is unknown. Section ignored.
### mwldeppc.exe Linker Warning:
#   Section '.ignored' is unknown. Section ignored.
### mwldeppc.exe Linker Warning:
#   Section '.ignored' is unknown. Section ignored.
### mwldeppc.exe Linker Warning:
#   Section '.ignored' is unknown. Section ignored.
### mwldeppc.exe Linker Warning:
#   Section '.ignored' is unknown. Section ignored.
### mwldeppc.exe Linker Warning:
#   Section '.ignored' is unknown. Section ignored.
### mwldeppc.exe Linker Warning:
#   Section '.ignored' is unknown. Section ignored.
### mwldeppc.exe Linker Warning:
#   Section '.ignored' is unknown. Section ignored.
### mwldeppc.exe Linker Warning:
#   Section '.ignored' is unknown. Section ignored.
### mwldeppc.exe Linker Warning:
#   Section '.ignored' is unknown. Section ignored.
### mwldeppc.exe Linker Warning:
#   Section '.ignored' is unknown. Section ignored.
### mwldeppc.exe Linker Warning:
#   Section '.ignored' is unknown. Section ignored.
### mwldeppc.exe Linker Warning:
#   Section '.ignored' is unknown. Section ignored.
### mwldeppc.exe Linker Warning:
#   Section '.ignored' is unknown. Section ignored.
### mwldeppc.exe Linker Warning:
#   Section '.ignored' is unknown. Section ignored.
### mwldeppc.exe Linker Warning:
#   Section '.ignored' is unknown. Section ignored.
### mwldeppc.exe Linker Warning:
#   Section '.ignored' is unknown. Section ignored.
### mwldeppc.exe Linker Warning:
#   Section '.ignored' is unknown. Section ignored.
### mwldeppc.exe Linker Warning:
#   Section '.ignored' is unknown. Section ignored.
### mwldeppc.exe Linker Warning:
#   Section '.ignored' is unknown. Section ignored.
### mwldeppc.exe Linker Warning:
#   Section '.ignored' is unknown. Section ignored.
### mwldeppc.exe Linker Warning:
#   Section '.ignored' is unknown. Section ignored.
### mwldeppc.exe Linker Warning:
#   Section '.ignored' is unknown. Section ignored.
### mwldeppc.exe Linker Warning:
#   Section '.ignored' is unknown. Section ignored.
### mwldeppc.exe Linker Warning:
#   Section '.ignored' is unknown. Section ignored.
### mwldeppc.exe Linker Warning:
#   Section '.ignored' is unknown. Section ignored.
### mwldeppc.exe Linker Warning:
#   Section '.ignored' is unknown. Section ignored.
### mwldeppc.exe Linker Warning:
#   Section '.ignored' is unknown. Section ignored.
### mwldeppc.exe Linker Warning:
#   Section '.ignored' is unknown. Section ignored.
### mwldeppc.exe Linker Warning:
#   Section '.ignored' is unknown. Section ignored.
### mwldeppc.exe Linker Warning:
#   Section '.ignored' is unknown. Section ignored.
### mwldeppc.exe Linker Warning:
#   Section '.ignored' is unknown. Section ignored.
### mwldeppc.exe Linker Warning:
#   Section '.ignored' is unknown. Section ignored.
### mwldeppc.exe Linker Warning:
#   Section '.ignored' is unknown. Section ignored.
### mwldeppc.exe Linker Warning:
#   Section '.ignored' is unknown. Section ignored.
### mwldeppc.exe Linker Warning:
#   Section '.ignored' is unknown. Section ignored.
### mwldeppc.exe Linker Warning:
#   Section '.ignored' is unknown. Section ignored.
### mwldeppc.exe Linker Warning:
#   Section '.ignored' is unknown. Section ignored.
### mwldeppc.exe Linker Warning:
#   Section '.ignored' is unknown. Section ignored.
### mwldeppc.exe Linker Warning:
#   Section '.ignored' is unknown. Section ignored.
### mwldeppc.exe Linker Warning:
#   Section '.ignored' is unknown. Section ignored.
### mwldeppc.exe Linker Warning:
#   Section '.ignored' is unknown. Section ignored.
### mwldeppc.exe Linker Warning:
#   Section '.ignored' is unknown. Section ignored.
### mwldeppc.exe Linker Warning:
#   Section '.ignored' is unknown. Section ignored.
### mwldeppc.exe Linker Warning:
#   Section '.ignored' is unknown. Section ignored.
### mwldeppc.exe Linker Warning:
#   Section '.ignored' is unknown. Section ignored.
### mwldeppc.exe Linker Warning:
#   Section '.ignored' is unknown. Section ignored.
### mwldeppc.exe Linker Warning:
#   Section '.ignored' is unknown. Section ignored.
### mwldeppc.exe Linker Warning:
#   Section '.ignored' is unknown. Section ignored.
### mwldeppc.exe Linker Warning:
#   Section '.ignored' is unknown. Section ignored.
### mwldeppc.exe Linker Warning:
#   Section '.ignored' is unknown. Section ignored.
### mwldeppc.exe Linker Warning:
#   Section '.ignored' is unknown. Section ignored.
### mwldeppc.exe Linker Warning:
#   Section '.ignored' is unknown. Section ignored.
### mwldeppc.exe Linker Warning:
#   Section '.ignored' is unknown. Section ignored.
### mwldeppc.exe Linker Warning:
#   Section '.ignored' is unknown. Section ignored.
### mwldeppc.exe Linker Warning:
#   Section '.ignored' is unknown. Section ignored.
### mwldeppc.exe Linker Warning:
#   Section '.ignored' is unknown. Section ignored.
### mwldeppc.exe Linker Warning:
#   Section '.ignored' is unknown. Section ignored.
### mwldeppc.exe Linker Warning:
#   Section '.ignored' is unknown. Section ignored.
### mwldeppc.exe Linker Warning:
#   Section '.ignored' is unknown. Section ignored.
### mwldeppc.exe Linker Warning:
#   Section '.ignored' is unknown. Section ignored.
### mwldeppc.exe Linker Warning:
#   Section '.ignored' is unknown. Section ignored.
### mwldeppc.exe Linker Warning:
#   Section '.ignored' is unknown. Section ignored.
### mwldeppc.exe Linker Warning:
#   Section '.ignored' is unknown. Section ignored.
### mwldeppc.exe Linker Warning:
#   Section '.ignored' is unknown. Section ignored.
### mwldeppc.exe Linker Warning:
#   Section '.ignored' is unknown. Section ignored.
### mwldeppc.exe Linker Warning:
#   Section '.ignored' is unknown. Section ignored.
### mwldeppc.exe Linker Warning:
#   Section '.ignored' is unknown. Section ignored.
### mwldeppc.exe Linker Warning:
#   Section '.ignored' is unknown. Section ignored.
### mwldeppc.exe Linker Warning:
#   Section '.ignored' is unknown. Section ignored.
### mwldeppc.exe Linker Warning:
#   Section '.ignored' is unknown. Section ignored.
### mwldeppc.exe Linker Warning:
#   Section '.ignored' is unknown. Section ignored.
### mwldeppc.exe Linker Warning:
#   Section '.ignored' is unknown. Section ignored.
### mwldeppc.exe Linker Warning:
#   Section '.ignored' is unknown. Section ignored.
### mwldeppc.exe Linker Warning:
#   Section '.ignored' is unknown. Section ignored.
### mwldeppc.exe Linker Warning:
#   Section '.ignored' is unknown. Section ignored.
### mwldeppc.exe Linker Warning:
#   Section '.ignored' is unknown. Section ignored.
### mwldeppc.exe Linker Warning:
#   Section '.ignored' is unknown. Section ignored.
### mwldeppc.exe Linker Warning:
#   Section '.ignored' is unknown. Section ignored.
### mwldeppc.exe Linker Warning:
#   Section '.ignored' is unknown. Section ignored.
### mwldeppc.exe Linker Warning:
#   Section '.ignored' is unknown. Section ignored.
### mwldeppc.exe Linker Warning:
#   Section '.ignored' is unknown. Section ignored.
### mwldeppc.exe Linker Warning:
#   Section '.ignored' is unknown. Section ignored.
### mwldeppc.exe Linker Warning:
#   Section '.ignored' is unknown. Section ignored.
### mwldeppc.exe Linker Warning:
#   Section '.ignored' is unknown. Section ignored.
### mwldeppc.exe Linker Warning:
#   Section '.ignored' is unknown. Section ignored.
### mwldeppc.exe Linker Warning:
#   Section '.ignored' is unknown. Section ignored.
### mwldeppc.exe Linker Warning:
#   Section '.ignored' is unknown. Section ignored.
### mwldeppc.exe Linker Warning:
#   Section '.ignored' is unknown. Section ignored.
### mwldeppc.exe Linker Warning:
#   Section '.ignored' is unknown. Section ignored.
### mwldeppc.exe Linker Warning:
#   Section '.ignored' is unknown. Section ignored.
### mwldeppc.exe Linker Warning:
#   Section '.ignored' is unknown. Section ignored.
### mwldeppc.exe Linker Warning:
#   Section '.ignored' is unknown. Section ignored.
### mwldeppc.exe Linker Warning:
#   Section '.ignored' is unknown. Section ignored.
### mwldeppc.exe Linker Warning:
#   Section '.ignored' is unknown. Section ignored.
### mwldeppc.exe Linker Warning:
#   Section '.ignored' is unknown. Section ignored.
### mwldeppc.exe Linker Warning:
#   Section '.ignored' is unknown. Section ignored.
### mwldeppc.exe Linker Warning:
#   Section '.ignored' is unknown. Section ignored.
### mwldeppc.exe Linker Warning:
#   Section '.ignored' is unknown. Section ignored.
### mwldeppc.exe Linker Warning:
#   Section '.ignored' is unknown. Section ignored.
### mwldeppc.exe Linker Warning:
#   Section '.ignored' is unknown. Section ignored.
### mwldeppc.exe Linker Warning:
#   Section '.ignored' is unknown. Section ignored.
### mwldeppc.exe Linker Warning:
#   Section '.ignored' is unknown. Section ignored.
### mwldeppc.exe Linker Warning:
#   Section '.ignored' is unknown. Section ignored.
### mwldeppc.exe Linker Warning:
#   Section '.ignored' is unknown. Section ignored.
### mwldeppc.exe Linker Warning:
#   Section '.ignored' is unknown. Section ignored.
### mwldeppc.exe Linker Warning:
#   Section '.ignored' is unknown. Section ignored.
### mwldeppc.exe Linker Warning:
#   Section '.ignored' is unknown. Section ignored.
### mwldeppc.exe Linker Warning:
#   Section '.ignored' is unknown. Section ignored.
### mwldeppc.exe Linker Warning:
#   Section '.ignored' is unknown. Section ignored.
### mwldeppc.exe Linker Warning:
#   Section '.ignored' is unknown. Section ignored.
### mwldeppc.exe Linker Warning:
#   Section '.ignored' is unknown. Section ignored.
### mwldeppc.exe Linker Warning:
#   Section '.ignored' is unknown. Section ignored.
### mwldeppc.exe Linker Warning:
#   Section '.ignored' is unknown. Section ignored.
### mwldeppc.exe Linker Warning:
#   Section '.ignored' is unknown. Section ignored.
### mwldeppc.exe Linker Warning:
#   Section '.ignored' is unknown. Section ignored.
### mwldeppc.exe Linker Warning:
#   Section '.ignored' is unknown. Section ignored.
### mwldeppc.exe Linker Warning:
#   Section '.ignored' is unknown. Section ignored.
### mwldeppc.exe Linker Warning:
#   Section '.ignored' is unknown. Section ignored.
### mwldeppc.exe Linker Warning:
#   Section '.ignored' is unknown. Section ignored.
### mwldeppc.exe Linker Warning:
#   Section '.ignored' is unknown. Section ignored.
### mwldeppc.exe Linker Warning:
#   Section '.ignored' is unknown. Section ignored.
### mwldeppc.exe Linker Warning:
#   Section '.ignored' is unknown. Section ignored.
### mwldeppc.exe Linker Warning:
#   Section '.ignored' is unknown. Section ignored.
### mwldeppc.exe Linker Warning:
#   Section '.ignored' is unknown. Section ignored.
### mwldeppc.exe Linker Warning:
#   Section '.ignored' is unknown. Section ignored.
### mwldeppc.exe Linker Warning:
#   Section '.ignored' is unknown. Section ignored.
### mwldeppc.exe Linker Warning:
#   Section '.ignored' is unknown. Section ignored.
### mwldeppc.exe Linker Warning:
#   Section '.ignored' is unknown. Section ignored.
### mwldeppc.exe Linker Warning:
#   Section '.ignored' is unknown. Section ignored.
### mwldeppc.exe Linker Warning:
#   Section '.ignored' is unknown. Section ignored.
### mwldeppc.exe Linker Warning:
#   Section '.ignored' is unknown. Section ignored.
### mwldeppc.exe Linker Warning:
#   Section '.ignored' is unknown. Section ignored.
### mwldeppc.exe Linker Warning:
#   Section '.ignored' is unknown. Section ignored.
### mwldeppc.exe Linker Warning:
#   Section '.ignored' is unknown. Section ignored.
### mwldeppc.exe Linker Warning:
#   Section '.ignored' is unknown. Section ignored.
### mwldeppc.exe Linker Warning:
#   Section '.ignored' is unknown. Section ignored.
### mwldeppc.exe Linker Warning:
#   Section '.ignored' is unknown. Section ignored.
### mwldeppc.exe Linker Warning:
#   Section '.ignored' is unknown. Section ignored.
### mwldeppc.exe Linker Warning:
#   Section '.ignored' is unknown. Section ignored.
### mwldeppc.exe Linker Warning:
#   Section '.ignored' is unknown. Section ignored.
### mwldeppc.exe Linker Warning:
#   Section '.ignored' is unknown. Section ignored.
### mwldeppc.exe Linker Warning:
#   Section '.ignored' is unknown. Section ignored.
### mwldeppc.exe Linker Warning:
#   Section '.ignored' is unknown. Section ignored.
### mwldeppc.exe Linker Warning:
#   Section '.ignored' is unknown. Section ignored.
### mwldeppc.exe Linker Warning:
#   Section '.ignored' is unknown. Section ignored.
### mwldeppc.exe Linker Warning:
#   Section '.ignored' is unknown. Section ignored.
### mwldeppc.exe Linker Warning:
#   Section '.ignored' is unknown. Section ignored.
### mwldeppc.exe Linker Warning:
#   Section '.ignored' is unknown. Section ignored.
### mwldeppc.exe Linker Warning:
#   Section '.ignored' is unknown. Section ignored.
### mwldeppc.exe Linker Warning:
#   Section '.ignored' is unknown. Section ignored.
### mwldeppc.exe Linker Warning:
#   Section '.ignored' is unknown. Section ignored.
### mwldeppc.exe Linker Warning:
#   Section '.ignored' is unknown. Section ignored.
### mwldeppc.exe Linker Warning:
#   Section '.ignored' is unknown. Section ignored.
### mwldeppc.exe Linker Warning:
#   Section '.ignored' is unknown. Section ignored.
### mwldeppc.exe Linker Warning:
#   Section '.ignored' is unknown. Section ignored.
### mwldeppc.exe Linker Warning:
#   Section '.ignored' is unknown. Section ignored.
### mwldeppc.exe Linker Warning:
#   Section '.ignored' is unknown. Section ignored.
### mwldeppc.exe Linker Warning:
#   Section '.ignored' is unknown. Section ignored.
### mwldeppc.exe Linker Warning:
#   Section '.ignored' is unknown. Section ignored.
### mwldeppc.exe Linker Warning:
#   Section '.ignored' is unknown. Section ignored.
### mwldeppc.exe Linker Warning:
#   Section '.ignored' is unknown. Section ignored.
### mwldeppc.exe Linker Warning:
#   Section '.ignored' is unknown. Section ignored.
### mwldeppc.exe Linker Warning:
#   Section '.ignored' is unknown. Section ignored.
### mwldeppc.exe Linker Warning:
#   Section '.ignored' is unknown. Section ignored.
### mwldeppc.exe Linker Warning:
#   Section '.ignored' is unknown. Section ignored.
### mwldeppc.exe Linker Warning:
#   Section '.ignored' is unknown. Section ignored.
### mwldeppc.exe Linker Warning:
#   Section '.ignored' is unknown. Section ignored.
### mwldeppc.exe Linker Warning:
#   Section '.ignored' is unknown. Section ignored.
### mwldeppc.exe Linker Warning:
#   Section '.ignored' is unknown. Section ignored.
### mwldeppc.exe Linker Warning:
#   Section '.ignored' is unknown. Section ignored.
### mwldeppc.exe Linker Warning:
#   Section '.ignored' is unknown. Section ignored.
### mwldeppc.exe Linker Warning:
#   Section '.ignored' is unknown. Section ignored.
### mwldeppc.exe Linker Warning:
#   Section '.ignored' is unknown. Section ignored.
### mwldeppc.exe Linker Warning:
#   Section '.ignored' is unknown. Section ignored.
### mwldeppc.exe Linker Warning:
#   Section '.ignored' is unknown. Section ignored.
### mwldeppc.exe Linker Warning:
#   Section '.ignored' is unknown. Section ignored.
### mwldeppc.exe Linker Warning:
#   Section '.ignored' is unknown. Section ignored.
### mwldeppc.exe Linker Warning:
#   Section '.ignored' is unknown. Section ignored.
### mwldeppc.exe Linker Warning:
#   Section '.ignored' is unknown. Section ignored.
### mwldeppc.exe Linker Warning:
#   Section '.ignored' is unknown. Section ignored.
### mwldeppc.exe Linker Warning:
#   Section '.ignored' is unknown. Section ignored.
### mwldeppc.exe Linker Warning:
#   Section '.ignored' is unknown. Section ignored.
### mwldeppc.exe Linker Warning:
#   Section '.ignored' is unknown. Section ignored.
### mwldeppc.exe Linker Warning:
#   Section '.ignored' is unknown. Section ignored.
### mwldeppc.exe Linker Warning:
#   Section '.ignored' is unknown. Section ignored.
### mwldeppc.exe Linker Warning:
#   Section '.ignored' is unknown. Section ignored.
### mwldeppc.exe Linker Warning:
#   Section '.ignored' is unknown. Section ignored.
### mwldeppc.exe Linker Warning:
#   Section '.ignored' is unknown. Section ignored.
### mwldeppc.exe Linker Warning:
#   Section '.ignored' is unknown. Section ignored.
### mwldeppc.exe Linker Warning:
#   Section '.ignored' is unknown. Section ignored.
### mwldeppc.exe Linker Warning:
#   Section '.ignored' is unknown. Section ignored.
### mwldeppc.exe Linker Warning:
#   Section '.ignored' is unknown. Section ignored.
### mwldeppc.exe Linker Warning:
#   Section '.ignored' is unknown. Section ignored.
### mwldeppc.exe Linker Warning:
#   Section '.ignored' is unknown. Section ignored.
### mwldeppc.exe Linker Warning:
#   Section '.ignored' is unknown. Section ignored.
### mwldeppc.exe Linker Warning:
#   Section '.ignored' is unknown. Section ignored.
### mwldeppc.exe Linker Warning:
#   Section '.ignored' is unknown. Section ignored.
### mwldeppc.exe Linker Warning:
#   Section '.ignored' is unknown. Section ignored.
### mwldeppc.exe Linker Warning:
#   Section '.ignored' is unknown. Section ignored.
### mwldeppc.exe Linker Warning:
#   Section '.ignored' is unknown. Section ignored.
### mwldeppc.exe Linker Warning:
#   Section '.ignored' is unknown. Section ignored.
### mwldeppc.exe Linker Warning:
#   Section '.ignored' is unknown. Section ignored.
### mwldeppc.exe Linker Warning:
#   Section '.ignored' is unknown. Section ignored.
### mwldeppc.exe Linker Warning:
#   Section '.ignored' is unknown. Section ignored.
### mwldeppc.exe Linker Warning:
#   Section '.ignored' is unknown. Section ignored.
### mwldeppc.exe Linker Warning:
#   Section '.ignored' is unknown. Section ignored.
### mwldeppc.exe Linker Warning:
#   Section '.ignored' is unknown. Section ignored.
### mwldeppc.exe Linker Warning:
#   Section '.ignored' is unknown. Section ignored.
### mwldeppc.exe Linker Warning:
#   Section '.ignored' is unknown. Section ignored.
### mwldeppc.exe Linker Warning:
#   Section '.ignored' is unknown. Section ignored.
### mwldeppc.exe Linker Warning:
#   Section '.ignored' is unknown. Section ignored.
### mwldeppc.exe Linker Warning:
#   Section '.ignored' is unknown. Section ignored.
### mwldeppc.exe Linker Warning:
#   Section '.ignored' is unknown. Section ignored.
### mwldeppc.exe Linker Warning:
#   Section '.ignored' is unknown. Section ignored.
### mwldeppc.exe Linker Warning:
#   Section '.ignored' is unknown. Section ignored.
### mwldeppc.exe Linker Warning:
#   Section '.ignored' is unknown. Section ignored.
### mwldeppc.exe Linker Warning:
#   Section '.ignored' is unknown. Section ignored.
### mwldeppc.exe Linker Warning:
#   Section '.ignored' is unknown. Section ignored.
### mwldeppc.exe Linker Warning:
#   Section '.ignored' is unknown. Section ignored.
### mwldeppc.exe Linker Warning:
#   Section '.ignored' is unknown. Section ignored.
### mwldeppc.exe Linker Warning:
#   Section '.ignored' is unknown. Section ignored.
### mwldeppc.exe Linker Warning:
#   Section '.ignored' is unknown. Section ignored.
### mwldeppc.exe Linker Warning:
#   Section '.ignored' is unknown. Section ignored.
### mwldeppc.exe Linker Warning:
#   Section '.ignored' is unknown. Section ignored.
### mwldeppc.exe Linker Warning:
#   Section '.ignored' is unknown. Section ignored.
### mwldeppc.exe Linker Warning:
#   Section '.ignored' is unknown. Section ignored.
### mwldeppc.exe Linker Warning:
#   Section '.ignored' is unknown. Section ignored.
### mwldeppc.exe Linker Warning:
#   Section '.ignored' is unknown. Section ignored.
### mwldeppc.exe Linker Warning:
#   Section '.ignored' is unknown. Section ignored.
### mwldeppc.exe Linker Warning:
#   Section '.ignored' is unknown. Section ignored.
### mwldeppc.exe Linker Warning:
#   Section '.ignored' is unknown. Section ignored.
### mwldeppc.exe Linker Warning:
#   Section '.ignored' is unknown. Section ignored.
### mwldeppc.exe Linker Warning:
#   Section '.ignored' is unknown. Section ignored.
### mwldeppc.exe Linker Warning:
#   Section '.ignored' is unknown. Section ignored.
### mwldeppc.exe Linker Warning:
#   Section '.ignored' is unknown. Section ignored.
### mwldeppc.exe Linker Warning:
#   Section '.ignored' is unknown. Section ignored.
### mwldeppc.exe Linker Warning:
#   Section '.ignored' is unknown. Section ignored.
### mwldeppc.exe Linker Warning:
#   Section '.ignored' is unknown. Section ignored.
### mwldeppc.exe Linker Warning:
#   Section '.ignored' is unknown. Section ignored.
### mwldeppc.exe Linker Warning:
#   Section '.ignored' is unknown. Section ignored.
### mwldeppc.exe Linker Warning:
#   Section '.ignored' is unknown. Section ignored.
### mwldeppc.exe Linker Warning:
#   Section '.ignored' is unknown. Section ignored.
### mwldeppc.exe Linker Warning:
#   Section '.ignored' is unknown. Section ignored.
### mwldeppc.exe Linker Warning:
#   Section '.ignored' is unknown. Section ignored.
### mwldeppc.exe Linker Warning:
#   Section '.ignored' is unknown. Section ignored.
### mwldeppc.exe Linker Warning:
#   Section '.ignored' is unknown. Section ignored.
### mwldeppc.exe Linker Warning:
#   Section '.ignored' is unknown. Section ignored.
### mwldeppc.exe Linker Warning:
#   Section '.ignored' is unknown. Section ignored.
### mwldeppc.exe Linker Warning:
#   Section '.ignored' is unknown. Section ignored.
### mwldeppc.exe Linker Warning:
#   Section '.ignored' is unknown. Section ignored.
### mwldeppc.exe Linker Warning:
#   Section '.ignored' is unknown. Section ignored.
### mwldeppc.exe Linker Warning:
#   Section '.ignored' is unknown. Section ignored.
### mwldeppc.exe Linker Warning:
#   Section '.ignored' is unknown. Section ignored.
### mwldeppc.exe Linker Warning:
#   Section '.ignored' is unknown. Section ignored.
### mwldeppc.exe Linker Warning:
#   Section '.ignored' is unknown. Section ignored.
### mwldeppc.exe Linker Warning:
#   Section '.ignored' is unknown. Section ignored.
### mwldeppc.exe Linker Warning:
#   Section '.ignored' is unknown. Section ignored.
### mwldeppc.exe Linker Warning:
#   Section '.ignored' is unknown. Section ignored.
### mwldeppc.exe Linker Warning:
#   Section '.ignored' is unknown. Section ignored.
### mwldeppc.exe Linker Warning:
#   Section '.ignored' is unknown. Section ignored.
### mwldeppc.exe Linker Warning:
#   Section '.ignored' is unknown. Section ignored.
### mwldeppc.exe Linker Warning:
#   Section '.ignored' is unknown. Section ignored.
### mwldeppc.exe Linker Warning:
#   Section '.ignored' is unknown. Section ignored.
### mwldeppc.exe Linker Warning:
#   Section '.ignored' is unknown. Section ignored.
[870/873] DOL build/GEDE01/main.dol
[871/873] CHECK config/GEDE01/build.sha1
build/GEDE01/main.dol: OK
[872/873] PROGRESS
Progress:
  All: 56.56% fuzzy, 46.00% matched, 46.00% linked (6209 / 7068 files)
    Code: 1058216 / 2300692 bytes (5974 / 8214 functions)
    Data: 39482 / 4305642 bytes (0.92%)
  Game Code: 91.09% fuzzy, 74.04% matched, 74.04% linked (6191 / 6633 files)
    Code: 1055188 / 1425104 bytes (5912 / 6354 functions)
    Data: 39258 / 40426 bytes (97.11%)
  SDK/Runtime: 100.00% fuzzy, 100.00% matched, 100.00% linked (18 / 18 files)
    Code: 3028 / 3028 bytes (62 / 62 functions)
    Data: 224 / 224 bytes (100.00%)
