[1/858] MWCC build/GEDE01/src/game/game_fn_80008014.o
[2/858] MWCC build/GEDE01/src/game/game_fn_800094C0.o
[3/858] MWCC build/GEDE01/src/game/game_fn_800098C0.o
[4/858] MWCC build/GEDE01/src/game/game_fn_800096E0.o
[5/858] MWCC build/GEDE01/src/game/game_fn_800099D8.o
[6/858] MWCC build/GEDE01/src/game/game_fn_80009AB4.o
[7/858] MWCC build/GEDE01/src/game/game_fn_8000A26C.o
[8/858] MWCC build/GEDE01/src/game/game_fn_8000AC88.o
[9/858] MWCC build/GEDE01/src/game/game_fn_8000AFB4.o
[10/858] MWCC build/GEDE01/src/game/game_fn_8000AEB4.o
[11/858] MWCC build/GEDE01/src/game/game_fn_8000B1B8.o
[12/858] MWCC build/GEDE01/src/game/game_fn_8000B36C.o
[13/858] MWCC build/GEDE01/src/game/game_fn_8000B630.o
[14/858] MWCC build/GEDE01/src/game/game_fn_8000B7FC.o
[15/858] MWCC build/GEDE01/src/game/game_fn_8000B900.o
[16/858] MWCC build/GEDE01/src/game/game_fn_8000BA0C.o
[17/858] MWCC build/GEDE01/src/game/game_fn_8000BC40.o
[18/858] MWCC build/GEDE01/src/game/game_fn_8000BAA0.o
[19/858] MWCC build/GEDE01/src/game/game_fn_8000C06C.o
[20/858] MWCC build/GEDE01/src/game/game_fn_8000C17C.o
[21/858] MWCC build/GEDE01/src/game/game_fn_8000C400.o
[22/858] MWCC build/GEDE01/src/game/game_fn_8000C848.o
[23/858] MWCC build/GEDE01/src/game/game_fn_8000D0BC.o
[24/858] MWCC build/GEDE01/src/game/game_fn_8000C91C.o
[25/858] MWCC build/GEDE01/src/game/game_fn_8000D590.o
[26/858] MWCC build/GEDE01/src/game/game_fn_8000D3D4.o
[27/858] MWCC build/GEDE01/src/game/game_fn_8000D8A4.o
[28/858] MWCC build/GEDE01/src/game/game_fn_8000DA50.o
[29/858] MWCC build/GEDE01/src/game/game_fn_8000DAF4.o
[30/858] MWCC build/GEDE01/src/game/game_fn_8000E054.o
[31/858] MWCC build/GEDE01/src/game/game_fn_8000E0AC.o
[32/858] MWCC build/GEDE01/src/game/game_fn_8000E138.o
[33/858] MWCC build/GEDE01/src/game/game_fn_8000E1C4.o
[34/858] MWCC build/GEDE01/src/game/game_fn_8000E96C.o
[35/858] MWCC build/GEDE01/src/game/game_fn_8000EBD4.o
[36/858] MWCC build/GEDE01/src/game/game_fn_8000EB14.o
[37/858] MWCC build/GEDE01/src/game/game_fn_8000ED44.o
[38/858] MWCC build/GEDE01/src/game/game_fn_8000EFC4.o
[39/858] MWCC build/GEDE01/src/game/game_fn_8000F774.o
[40/858] MWCC build/GEDE01/src/game/game_fn_8000F4B0.o
[41/858] MWCC build/GEDE01/src/game/game_fn_8000FFD8.o
[42/858] MWCC build/GEDE01/src/game/game_fn_8000FDE8.o
[43/858] MWCC build/GEDE01/src/game/game_fn_800119FC.o
[44/858] MWCC build/GEDE01/src/game/game_fn_80012DA8.o
[45/858] MWCC build/GEDE01/src/game/game_fn_80012F40.o
[46/858] MWCC build/GEDE01/src/game/game_fn_80012FD0.o
[47/858] MWCC build/GEDE01/src/game/game_fn_80013340.o
[48/858] MWCC build/GEDE01/src/game/game_fn_800131E8.o
[49/858] MWCC build/GEDE01/src/game/game_fn_80013CB0.o
[50/858] MWCC build/GEDE01/src/game/game_fn_80013870.o
[51/858] MWCC build/GEDE01/src/game/game_fn_80013D54.o
[52/858] MWCC build/GEDE01/src/game/game_fn_800142DC.o
[53/858] MWCC build/GEDE01/src/game/game_fn_80014784.o
[54/858] MWCC build/GEDE01/src/game/game_fn_800144CC.o
[55/858] MWCC build/GEDE01/src/game/game_fn_800149D4.o
[56/858] MWCC build/GEDE01/src/game/game_fn_80015058.o
[57/858] MWCC build/GEDE01/src/game/game_fn_80015320.o
[58/858] MWCC build/GEDE01/src/game/game_fn_80015568.o
[59/858] MWCC build/GEDE01/src/game/game_fn_800156FC.o
[60/858] MWCC build/GEDE01/src/game/game_fn_80015BE0.o
[61/858] MWCC build/GEDE01/src/game/game_fn_80015D40.o
[62/858] MWCC build/GEDE01/src/game/game_fn_80015F04.o
[63/858] MWCC build/GEDE01/src/game/game_fn_80016128.o
[64/858] MWCC build/GEDE01/src/game/game_fn_80016270.o
[65/858] MWCC build/GEDE01/src/game/game_fn_80016904.o
[66/858] MWCC build/GEDE01/src/game/game_fn_80016B24.o
[67/858] MWCC build/GEDE01/src/game/game_fn_800171C0.o
[68/858] MWCC build/GEDE01/src/game/game_fn_800173CC.o
[69/858] MWCC build/GEDE01/src/game/game_fn_80017910.o
[70/858] MWCC build/GEDE01/src/game/game_fn_800176F0.o
[71/858] MWCC build/GEDE01/src/game/game_fn_800179AC.o
[72/858] MWCC build/GEDE01/src/game/game_fn_80017A3C.o
[73/858] MWCC build/GEDE01/src/game/game_fn_80017C3C.o
[74/858] MWCC build/GEDE01/src/game/game_fn_80017AE4.o
[75/858] MWCC build/GEDE01/src/game/game_fn_80017DB0.o
[76/858] MWCC build/GEDE01/src/game/game_fn_80017CC8.o
[77/858] MWCC build/GEDE01/src/game/game_fn_80018EF4.o
[78/858] MWCC build/GEDE01/src/game/game_fn_80019054.o
[79/858] MWCC build/GEDE01/src/game/game_fn_80019244.o
[80/858] MWCC build/GEDE01/src/game/game_fn_800194D0.o
[81/858] MWCC build/GEDE01/src/game/game_fn_80019940.o
[82/858] MWCC build/GEDE01/src/game/game_fn_80019C10.o
[83/858] MWCC build/GEDE01/src/game/game_fn_80019F98.o
[84/858] MWCC build/GEDE01/src/game/game_fn_80019D2C.o
[85/858] MWCC build/GEDE01/src/game/game_fn_8001A6C4.o
[86/858] MWCC build/GEDE01/src/game/game_fn_8001AAB8.o
[87/858] MWCC build/GEDE01/src/game/game_fn_8001ADF8.o
[88/858] MWCC build/GEDE01/src/game/game_fn_8001AF68.o
[89/858] MWCC build/GEDE01/src/game/game_fn_8001B294.o
[90/858] MWCC build/GEDE01/src/game/game_fn_8001B124.o
[91/858] MWCC build/GEDE01/src/game/game_fn_8001B808.o
[92/858] MWCC build/GEDE01/src/game/game_fn_8001B874.o
[93/858] MWCC build/GEDE01/src/game/game_fn_8001CA04.o
[94/858] MWCC build/GEDE01/src/game/game_fn_8001C078.o
[95/858] MWCC build/GEDE01/src/game/game_fn_8001CD58.o
[96/858] MWCC build/GEDE01/src/game/game_fn_8001CE94.o
[97/858] MWCC build/GEDE01/src/game/game_fn_8001FE1C.o
[98/858] MWCC build/GEDE01/src/game/game_fn_8001E644.o
[99/858] MWCC build/GEDE01/src/game/game_fn_80020E94.o
[100/858] MWCC build/GEDE01/src/game/game_fn_80024F28.o
[101/858] MWCC build/GEDE01/src/game/game_fn_800272B4.o
[102/858] MWCC build/GEDE01/src/game/game_fn_8002B748.o
[103/858] MWCC build/GEDE01/src/game/game_fn_8002DAE0.o
[104/858] MWCC build/GEDE01/src/game/game_fn_8002E3F0.o
[105/858] MWCC build/GEDE01/src/game/game_fn_8002EA68.o
[106/858] MWCC build/GEDE01/src/game/game_fn_8002F428.o
[107/858] MWCC build/GEDE01/src/game/game_fn_80031544.o
[108/858] MWCC build/GEDE01/src/game/game_fn_8003232C.o
[109/858] MWCC build/GEDE01/src/game/game_fn_80032B84.o
[110/858] MWCC build/GEDE01/src/game/game_fn_80033038.o
[111/858] MWCC build/GEDE01/src/game/game_fn_800359A0.o
[112/858] MWCC build/GEDE01/src/game/game_fn_80033180.o
[113/858] MWCC build/GEDE01/src/game/game_fn_80036C40.o
[114/858] MWCC build/GEDE01/src/game/game_fn_800361F8.o
[115/858] MWCC build/GEDE01/src/game/game_fn_80038878.o
[116/858] MWCC build/GEDE01/src/game/game_fn_80048ADC.o
[117/858] MWCC build/GEDE01/src/game/game_fn_80048B24.o
[118/858] MWCC build/GEDE01/src/game/game_fn_8004998C.o
[119/858] MWCC build/GEDE01/src/game/game_fn_80052310.o
[120/858] MWCC build/GEDE01/src/game/game_fn_800542D0.o
[121/858] MWCC build/GEDE01/src/game/game_fn_8005EC6C.o
[122/858] MWCC build/GEDE01/src/game/game_fn_8005EE9C.o
[123/858] MWCC build/GEDE01/src/game/game_data_80239E18.o
[124/858] MWCC build/GEDE01/src/game/game_data_80239E10.o
[125/858] MWCC build/GEDE01/src/game/game_fn_8005FD84.o
[126/858] MWCC build/GEDE01/src/game/game_fn_80066888.o
[127/858] MWCC build/GEDE01/src/game/game_fn_8006B0F0.o
[128/858] MWCC build/GEDE01/src/game/game_fn_8006B620.o
[129/858] MWCC build/GEDE01/src/game/game_fn_8006E53C.o
[130/858] MWCC build/GEDE01/src/game/game_fn_80071A58.o
[131/858] MWCC build/GEDE01/src/game/game_fn_80074310.o
[132/858] MWCC build/GEDE01/src/game/game_fn_80078500.o
[133/858] MWCC build/GEDE01/src/game/game_fn_80079908.o
[134/858] MWCC build/GEDE01/src/game/game_fn_80079AA4.o
[135/858] MWCC build/GEDE01/src/game/game_fn_8007B540.o
[136/858] MWCC build/GEDE01/src/game/game_fn_8007B2F4.o
[137/858] MWCC build/GEDE01/src/game/game_fn_8007B640.o
[138/858] MWCC build/GEDE01/src/game/game_fn_8007B828.o
[139/858] MWCC build/GEDE01/src/game/game_fn_8007BA3C.o
[140/858] MWCC build/GEDE01/src/game/game_fn_8007D4D8.o
[141/858] MWCC build/GEDE01/src/game/game_fn_8007F770.o
[142/858] MWCC build/GEDE01/src/game/game_fn_800886D8.o
[143/858] MWCC build/GEDE01/src/game/game_fn_80088F4C.o
[144/858] MWCC build/GEDE01/src/game/game_fn_8008A2E0.o
[145/858] MWCC build/GEDE01/src/game/game_fn_8008F224.o
[146/858] MWCC build/GEDE01/src/game/game_fn_8008F890.o
[147/858] MWCC build/GEDE01/src/game/game_fn_80090004.o
[148/858] MWCC build/GEDE01/src/game/game_fn_800934A0.o
[149/858] MWCC build/GEDE01/src/game/game_fn_80095D10.o
[150/858] MWCC build/GEDE01/src/game/game_fn_80095FDC.o
[151/858] MWCC build/GEDE01/src/game/game_fn_80096830.o
[152/858] MWCC build/GEDE01/src/game/game_fn_8009E808.o
[153/858] MWCC build/GEDE01/src/game/game_fn_8009C424.o
[154/858] MWCC build/GEDE01/src/game/game_fn_800A2130.o
[155/858] MWCC build/GEDE01/src/game/game_fn_800A2FCC.o
[156/858] MWCC build/GEDE01/src/game/game_fn_800A3180.o
[157/858] MWCC build/GEDE01/src/game/game_fn_800A3894.o
[158/858] MWCC build/GEDE01/src/game/game_fn_800A4428.o
[159/858] MWCC build/GEDE01/src/game/game_fn_800A4798.o
[160/858] MWCC build/GEDE01/src/game/game_fn_800A7E88.o
[161/858] MWCC build/GEDE01/src/game/game_fn_800AF230.o
[162/858] MWCC build/GEDE01/src/game/game_fn_800BB5C4.o
[163/858] MWCC build/GEDE01/src/game/game_fn_800BB7A8.o
[164/858] MWCC build/GEDE01/src/game/game_fn_800BB9A4.o
[165/858] MWCC build/GEDE01/src/game/game_fn_800BBAF0.o
[166/858] MWCC build/GEDE01/src/game/game_fn_800C17EC.o
[167/858] MWCC build/GEDE01/src/game/game_fn_800C59F0.o
[168/858] MWCC build/GEDE01/src/game/game_fn_800C644C.o
[169/858] MWCC build/GEDE01/src/game/game_fn_800C65FC.o
[170/858] MWCC build/GEDE01/src/game/game_fn_800C9C60.o
[171/858] MWCC build/GEDE01/src/game/game_fn_800CB760.o
[172/858] MWCC build/GEDE01/src/game/game_fn_800CB8F4.o
[173/858] MWCC build/GEDE01/src/game/game_fn_800CF598.o
[174/858] MWCC build/GEDE01/src/game/game_fn_800D9E10.o
[175/858] MWCC build/GEDE01/src/game/game_fn_800E4980.o
[176/858] MWCC build/GEDE01/src/game/game_TRKNubWelcome.o
[177/858] MWCC build/GEDE01/src/game/game_TRK_main.o
[178/858] MWCC build/GEDE01/src/game/game_InitMetroTRKCommTable.o
[179/858] MWCC build/GEDE01/src/game/game_fn_800FD0C8.o
[180/858] MWCC build/GEDE01/src/game/game_fn_8010242C.o
[181/858] MWCC build/GEDE01/src/game/game_fn_801098C0.o
[182/858] MWCC build/GEDE01/src/game/game_fn_8010F184.o
[183/858] MWCC build/GEDE01/src/game/game_fn_801126E0.o
[184/858] MWCC build/GEDE01/src/game/game_fn_801128E4.o
[185/858] MWCC build/GEDE01/src/game/game_fn_801141B8.o
[186/858] MWCC build/GEDE01/src/game/game_fn_8011F140.o
[187/858] MWCC build/GEDE01/src/game/game_fn_801247F8.o
[188/858] MWCC build/GEDE01/src/game/game_fn_80126A00.o
[189/858] MWCC build/GEDE01/src/game/game_fn_8012976C.o
[190/858] MWCC build/GEDE01/src/game/game_fn_8012DB28.o
[191/858] MWCC build/GEDE01/src/game/game_fn_8013CBE4.o
[192/858] MWCC build/GEDE01/src/game/game_fn_8013D6A4.o
[193/858] MWCC build/GEDE01/src/game/game_fn_8013DB8C.o
[194/858] MWCC build/GEDE01/src/game/game_fn_8014549C.o
[195/858] MWCC build/GEDE01/src/game/game_fn_8014AF38.o
[196/858] MWCC build/GEDE01/src/game/game_fn_8014B494.o
[197/858] MWCC build/GEDE01/src/game/game_fn_8014CA98.o
[198/858] MWCC build/GEDE01/src/game/game_fn_801535D8.o
[199/858] MWCC build/GEDE01/src/game/game_fn_80153898.o
[200/858] MWCC build/GEDE01/src/game/game_fn_80153A24.o
[201/858] MWCC build/GEDE01/src/game/game_fn_80155814.o
[202/858] MWCC build/GEDE01/src/game/game_fn_80157C0C.o
[203/858] MWCC build/GEDE01/src/game/game_fn_80158B20.o
[204/858] MWCC build/GEDE01/src/game/game_fn_80158D38.o
[205/858] MWCC build/GEDE01/src/game/game_fn_8015DC54.o
[206/858] MWCC build/GEDE01/src/game/game_fn_8015EDC0.o
[207/858] MWCC build/GEDE01/src/game/game_fn_80167454.o
[208/858] MWCC build/GEDE01/src/game/game_fn_80167B5C.o
[209/858] MWCC build/GEDE01/src/game/game_fn_80169650.o
[210/858] MWCC build/GEDE01/src/game/game_fn_8016BD0C.o
[211/858] MWCC build/GEDE01/src/game/game_fn_8016BE1C.o
[212/858] MWCC build/GEDE01/src/game/game_fn_8016BF60.o
[213/858] MWCC build/GEDE01/src/game/game_fn_8016C0BC.o
[214/858] MWCC build/GEDE01/src/game/game_fn_8016C164.o
[215/858] MWCC build/GEDE01/src/game/game_fn_8016C238.o
[216/858] MWCC build/GEDE01/src/game/game_fn_8016C4BC.o
[217/858] MWCC build/GEDE01/src/game/game_fn_8016C774.o
[218/858] MWCC build/GEDE01/src/game/game_fn_8016D040.o
[219/858] MWCC build/GEDE01/src/game/game_fn_8016D1F8.o
[220/858] MWCC build/GEDE01/src/game/game_fn_8016D2B8.o
[221/858] MWCC build/GEDE01/src/game/game_fn_8016D9C0.o
[222/858] MWCC build/GEDE01/src/game/game_fn_8016DF4C.o
[223/858] MWCC build/GEDE01/src/game/game_fn_8016E8F8.o
[224/858] MWCC build/GEDE01/src/game/game_fn_8016FEF8.o
[225/858] MWCC build/GEDE01/src/game/game_fn_8017038C.o
[226/858] MWCC build/GEDE01/src/game/game_fn_801704F8.o
[227/858] MWCC build/GEDE01/src/game/game_fn_801706DC.o
[228/858] MWCC build/GEDE01/src/game/game_fn_80170A40.o
[229/858] MWCC build/GEDE01/src/game/game_fn_80170DF4.o
[230/858] MWCC build/GEDE01/src/game/game_fn_80170E9C.o
[231/858] MWCC build/GEDE01/src/game/game_fn_8017138C.o
[232/858] MWCC build/GEDE01/src/game/game_fn_80171664.o
[233/858] MWCC build/GEDE01/src/game/game_fn_801718F4.o
[234/858] MWCC build/GEDE01/src/game/game_fn_801719B4.o
[235/858] MWCC build/GEDE01/src/game/game_fn_80171F30.o
[236/858] MWCC build/GEDE01/src/game/game_fn_8017250C.o
[237/858] MWCC build/GEDE01/src/game/game_fn_801726EC.o
[238/858] MWCC build/GEDE01/src/game/game_fn_80172BB0.o
[239/858] MWCC build/GEDE01/src/game/game_fn_80172C78.o
[240/858] MWCC build/GEDE01/src/game/game_fn_80172DB8.o
[241/858] MWCC build/GEDE01/src/game/game_fn_80173270.o
[242/858] MWCC build/GEDE01/src/game/game_fn_80173770.o
[243/858] MWCC build/GEDE01/src/game/game_fn_801734B4.o
[244/858] MWCC build/GEDE01/src/game/game_fn_80173D44.o
[245/858] MWCC build/GEDE01/src/game/game_fn_80173F04.o
[246/858] MWCC build/GEDE01/src/game/game_fn_80174184.o
[247/858] MWCC build/GEDE01/src/game/game_fn_80174358.o
[248/858] MWCC build/GEDE01/src/game/game_fn_80174F2C.o
[249/858] MWCC build/GEDE01/src/game/game_fn_8017553C.o
[250/858] MWCC build/GEDE01/src/game/game_fn_80175E64.o
[251/858] MWCC build/GEDE01/src/game/game_fn_80175F0C.o
[252/858] MWCC build/GEDE01/src/game/game_fn_80175FD4.o
[253/858] MWCC build/GEDE01/src/game/game_fn_80176098.o
[254/858] MWCC build/GEDE01/src/game/game_fn_80176160.o
[255/858] MWCC build/GEDE01/src/game/game_fn_80176220.o
[256/858] MWCC build/GEDE01/src/game/game_fn_801762E8.o
[257/858] MWCC build/GEDE01/src/game/game_fn_8017652C.o
[258/858] MWCC build/GEDE01/src/game/game_fn_80176DF4.o
[259/858] MWCC build/GEDE01/src/game/game_fn_80176FA0.o
[260/858] MWCC build/GEDE01/src/game/game_fn_801770F8.o
[261/858] MWCC build/GEDE01/src/game/game_fn_8017718C.o
[262/858] MWCC build/GEDE01/src/game/game_fn_80178F88.o
[263/858] MWCC build/GEDE01/src/game/game_fn_80177434.o
[264/858] MWCC build/GEDE01/src/game/game_fn_80179398.o
[265/858] MWCC build/GEDE01/src/game/game_fn_8017960C.o
[266/858] MWCC build/GEDE01/src/game/game_fn_8017974C.o
[267/858] MWCC build/GEDE01/src/game/game_fn_80179904.o
[268/858] MWCC build/GEDE01/src/game/game_fn_80179A18.o
[269/858] MWCC build/GEDE01/src/game/game_fn_80179A74.o
[270/858] MWCC build/GEDE01/src/game/game_fn_80179EB8.o
[271/858] MWCC build/GEDE01/src/game/game_fn_80179F20.o
[272/858] MWCC build/GEDE01/src/game/game_fn_8017A010.o
[273/858] MWCC build/GEDE01/src/game/game_fn_8017A12C.o
[274/858] MWCC build/GEDE01/src/game/game_fn_8017A1C0.o
[275/858] MWCC build/GEDE01/src/game/game_fn_8017A9B8.o
[276/858] MWCC build/GEDE01/src/game/game_fn_8017AC20.o
[277/858] MWCC build/GEDE01/src/game/game_fn_8017E850.o
[278/858] MWCC build/GEDE01/src/game/game_fn_8017E958.o
[279/858] MWCC build/GEDE01/src/game/game_fn_80180DDC.o
[280/858] MWCC build/GEDE01/src/game/game_fn_801810A0.o
[281/858] MWCC build/GEDE01/src/game/game_fn_801816D4.o
[282/858] MWCC build/GEDE01/src/game/game_fn_801859FC.o
[283/858] MWCC build/GEDE01/src/game/game_fn_80185AE8.o
[284/858] MWCC build/GEDE01/src/game/game_fn_80185F10.o
[285/858] MWCC build/GEDE01/src/game/game_fn_801865EC.o
[286/858] MWCC build/GEDE01/src/game/game_fn_8018680C.o
[287/858] MWCC build/GEDE01/src/game/game_fn_80186E10.o
[288/858] MWCC build/GEDE01/src/game/game_fn_80186F70.o
[289/858] MWCC build/GEDE01/src/game/game_fn_80187120.o
[290/858] MWCC build/GEDE01/src/game/game_fn_80187320.o
[291/858] MWCC build/GEDE01/src/game/game_fn_801878E0.o
[292/858] MWCC build/GEDE01/src/game/game_fn_80187BB4.o
[293/858] MWCC build/GEDE01/src/game/game_fn_80188A7C.o
[294/858] MWCC build/GEDE01/src/game/game_fn_80188B44.o
[295/858] MWCC build/GEDE01/src/game/game_fn_80188C1C.o
[296/858] MWCC build/GEDE01/src/game/game_fn_80188E28.o
[297/858] MWCC build/GEDE01/src/game/game_fn_80189028.o
[298/858] MWCC build/GEDE01/src/game/game_fn_801891D8.o
[299/858] MWCC build/GEDE01/src/game/game_fn_80189390.o
[300/858] MWCC build/GEDE01/src/game/game_fn_801895E8.o
[301/858] MWCC build/GEDE01/src/game/game_fn_801896A0.o
[302/858] MWCC build/GEDE01/src/game/game_fn_80189760.o
[303/858] MWCC build/GEDE01/src/game/game_fn_80189968.o
[304/858] MWCC build/GEDE01/src/game/game_fn_8018D1F0.o
[305/858] MWCC build/GEDE01/src/game/game_fn_8018D2E0.o
[306/858] MWCC build/GEDE01/src/game/game_fn_8018D400.o
[307/858] MWCC build/GEDE01/src/game/game_fn_8018D688.o
[308/858] MWCC build/GEDE01/src/game/game_fn_8018E0D8.o
[309/858] MWCC build/GEDE01/src/game/game_fn_8018F1D0.o
[310/858] MWCC build/GEDE01/src/game/game_fn_8018F81C.o
[311/858] MWCC build/GEDE01/src/game/game_fn_8018FEDC.o
[312/858] MWCC build/GEDE01/src/game/game_fn_8019120C.o
[313/858] MWCC build/GEDE01/src/game/game_fn_80191360.o
[314/858] MWCC build/GEDE01/src/game/game_fn_801916D0.o
[315/858] MWCC build/GEDE01/src/game/game_fn_8019197C.o
[316/858] MWCC build/GEDE01/src/game/game_fn_80191F58.o
[317/858] MWCC build/GEDE01/src/game/game_fn_801926EC.o
[318/858] MWCC build/GEDE01/src/game/game_fn_801929A4.o
[319/858] MWCC build/GEDE01/src/game/game_fn_80192F54.o
[320/858] MWCC build/GEDE01/src/game/game_fn_801931C4.o
[321/858] MWCC build/GEDE01/src/game/game_fn_80193E1C.o
[322/858] MWCC build/GEDE01/src/game/game_fn_80193F3C.o
[323/858] MWCC build/GEDE01/src/game/game_fn_80194F80.o
[324/858] MWCC build/GEDE01/src/game/game_fn_80197910.o
[325/858] MWCC build/GEDE01/src/game/game_fn_80198154.o
[326/858] MWCC build/GEDE01/src/game/game_fn_80198AAC.o
[327/858] MWCC build/GEDE01/src/game/game_fn_80198BF4.o
[328/858] MWCC build/GEDE01/src/game/game_fn_801991E0.o
[329/858] MWCC build/GEDE01/src/game/game_fn_8019B1BC.o
[330/858] MWCC build/GEDE01/src/game/game_fn_8019CC28.o
[331/858] MWCC build/GEDE01/src/game/game_fn_8019CFC4.o
[332/858] MWCC build/GEDE01/src/game/game_fn_8019E5E4.o
[333/858] MWCC build/GEDE01/src/game/game_fn_8019E8C8.o
[334/858] MWCC build/GEDE01/src/game/game_fn_801A1F18.o
[335/858] MWCC build/GEDE01/src/game/game_fn_801A2A54.o
[336/858] MWCC build/GEDE01/src/game/game_fn_801A34BC.o
[337/858] MWCC build/GEDE01/src/game/game_fn_801A3A78.o
[338/858] MWCC build/GEDE01/src/game/game_fn_801A4CE0.o
[339/858] MWCC build/GEDE01/src/game/game_fn_801A5FB0.o
[340/858] MWCC build/GEDE01/src/game/game_fn_801A6410.o
[341/858] MWCC build/GEDE01/src/game/game_fn_801A657C.o
[342/858] MWCC build/GEDE01/src/game/game_fn_801A6ADC.o
[343/858] MWCC build/GEDE01/src/game/game_fn_801A6C58.o
[344/858] MWCC build/GEDE01/src/game/game_fn_801A6CB4.o
[345/858] MWCC build/GEDE01/src/game/game_fn_801A7E04.o
[346/858] MWCC build/GEDE01/src/game/game_fn_801A7EA8.o
[347/858] MWCC build/GEDE01/src/game/game_fn_801A93E8.o
[348/858] MWCC build/GEDE01/src/game/game_fn_801AB154.o
[349/858] MWCC build/GEDE01/src/game/game_fn_801ABD3C.o
[350/858] MWCC build/GEDE01/src/game/game_fn_801AC8AC.o
[351/858] MWCC build/GEDE01/src/game/game_fn_801ACFE8.o
[352/858] MWCC build/GEDE01/src/game/game_fn_801AD08C.o
[353/858] MWCC build/GEDE01/src/game/game_fn_801AFA74.o
[354/858] MWCC build/GEDE01/src/game/game_fn_801B02F0.o
[355/858] MWCC build/GEDE01/src/game/game_fn_801B1BA0.o
[356/858] MWCC build/GEDE01/src/game/game_fn_801B35BC.o
[357/858] MWCC build/GEDE01/src/game/game_fn_801B46C8.o
[358/858] MWCC build/GEDE01/src/game/game_fn_801B4FB4.o
[359/858] MWCC build/GEDE01/src/game/game_fn_801B5228.o
[360/858] MWCC build/GEDE01/src/game/game_fn_801B58F0.o
[361/858] MWCC build/GEDE01/src/game/game_fn_801B6F1C.o
[362/858] MWCC build/GEDE01/src/game/game_fn_801B86C0.o
[363/858] MWCC build/GEDE01/src/game/game_fn_801B941C.o
[364/858] MWCC build/GEDE01/src/game/game_fn_801B9E7C.o
[365/858] MWCC build/GEDE01/src/game/game_fn_801BA15C.o
[366/858] MWCC build/GEDE01/src/game/game_fn_801BA708.o
[367/858] MWCC build/GEDE01/src/game/game_fn_801BB1A0.o
[368/858] MWCC build/GEDE01/src/game/game_fn_801BC0D4.o
[369/858] MWCC build/GEDE01/src/game/game_fn_801BC240.o
[370/858] MWCC build/GEDE01/src/game/game_fn_801BC8F4.o
[371/858] MWCC build/GEDE01/src/game/game_fn_801BCC04.o
[372/858] MWCC build/GEDE01/src/game/game_fn_801BD990.o
[373/858] MWCC build/GEDE01/src/game/game_fn_801BDE7C.o
[374/858] MWCC build/GEDE01/src/game/game_fn_801BE0D4.o
[375/858] MWCC build/GEDE01/src/game/game_fn_801C1CB0.o
[376/858] MWCC build/GEDE01/src/game/game_fn_801BEF40.o
[377/858] MWCC build/GEDE01/src/game/game_fn_801C2980.o
[378/858] MWCC build/GEDE01/src/game/game_fn_801C29BC.o
[379/858] MWCC build/GEDE01/src/game/game_fn_801C2AAC.o
[380/858] MWCC build/GEDE01/src/game/game_fn_801C2D9C.o
[381/858] MWCC build/GEDE01/src/game/game_fn_801C8160.o
[382/858] MWCC build/GEDE01/src/game/game_fn_801C8224.o
[383/858] MWCC build/GEDE01/src/game/game_fn_801C4B5C.o
[384/858] MWCC build/GEDE01/src/game/game_fn_801C8600.o
[385/858] MWCC build/GEDE01/src/game/game_fn_801C87DC.o
[386/858] MWCC build/GEDE01/src/game/game_fn_801C8CC0.o
[387/858] MWCC build/GEDE01/src/game/game_fn_801C8F50.o
[388/858] MWCC build/GEDE01/src/game/game_fn_801C90A4.o
[389/858] MWCC build/GEDE01/src/game/game_fn_801C9510.o
[390/858] MWCC build/GEDE01/src/game/game_fn_801C970C.o
[391/858] MWCC build/GEDE01/src/game/game_fn_801C9A08.o
[392/858] MWCC build/GEDE01/src/game/game_fn_801C9B1C.o
[393/858] MWCC build/GEDE01/src/game/game_fn_801CB4F8.o
[394/858] MWCC build/GEDE01/src/game/game_fn_801CD228.o
[395/858] MWCC build/GEDE01/src/game/game_fn_801CE09C.o
[396/858] MWCC build/GEDE01/src/game/game_fn_801CE594.o
[397/858] MWCC build/GEDE01/src/game/game_fn_801D1B10.o
[398/858] MWCC build/GEDE01/src/game/game_fn_801D1F78.o
[399/858] MWCC build/GEDE01/src/game/game_fn_801D3988.o
[400/858] MWCC build/GEDE01/src/game/game_fn_801D76A8.o
[401/858] MWCC build/GEDE01/src/game/game_fn_801D7C24.o
[402/858] MWCC build/GEDE01/src/game/game_fn_801D8050.o
[403/858] MWCC build/GEDE01/src/game/game_fn_801D9FE4.o
[404/858] MWCC build/GEDE01/src/game/game_fn_801E2A48.o
[405/858] MWCC build/GEDE01/src/game/game_fn_801E41AC.o
[406/858] MWCC build/GEDE01/src/game/game_fn_801EB09C.o
[407/858] MWCC build/GEDE01/src/game/game_fn_801EB11C.o
[408/858] MWCC build/GEDE01/src/game/game_fn_801ECD74.o
[409/858] MWCC build/GEDE01/src/game/game_fn_801ECF50.o
[410/858] MWCC build/GEDE01/src/game/game_fn_801ED5F4.o
[411/858] MWCC build/GEDE01/src/game/game_fn_801EF580.o
[412/858] MWCC build/GEDE01/src/game/game_fn_801EF910.o
[413/858] MWCC build/GEDE01/src/game/game_fn_801F55A0.o
[414/858] MWCC build/GEDE01/src/game/game_fn_801F69F0.o
[415/858] MWCC build/GEDE01/src/game/game_fn_801F6BD8.o
[416/858] MWCC build/GEDE01/src/game/game_fn_801F7510.o
[417/858] MWCC build/GEDE01/src/game/game_fn_801F76EC.o
[418/858] MWCC build/GEDE01/src/game/game_fn_801F8264.o
[419/858] MWCC build/GEDE01/src/game/game_fn_801F89B4.o
[420/858] MWCC build/GEDE01/src/game/game_fn_801F9AF8.o
[421/858] MWCC build/GEDE01/src/game/game_fn_801FA9C8.o
[422/858] MWCC build/GEDE01/src/game/game_fn_801FB6A4.o
[423/858] MWCC build/GEDE01/src/game/game_fn_801FC034.o
[424/858] MWCC build/GEDE01/src/game/game_fn_801FFE78.o
[425/858] MWCC build/GEDE01/src/game/game_fn_801FC204.o
[426/858] EXTERNALIZE build/GEDE01/src/game/game_fn_801EF910.o
[427/858] EXTERNALIZE build/GEDE01/src/game/game_fn_801247F8.o
[428/858] EXTERNALIZE build/GEDE01/src/game/game_fn_801ECF50.o
[429/858] EXTERNALIZE build/GEDE01/src/game/game_fn_801FC204.o
[430/858] EXTERNALIZE build/GEDE01/src/game/game_fn_801EB11C.o
[431/858] EXTERNALIZE build/GEDE01/src/game/game_fn_801EB09C.o
[432/858] EXTERNALIZE build/GEDE01/src/game/game_fn_801E41AC.o
[433/858] EXTERNALIZE build/GEDE01/src/game/game_fn_801D9FE4.o
[434/858] EXTERNALIZE build/GEDE01/src/game/game_fn_801D8050.o
[435/858] EXTERNALIZE build/GEDE01/src/game/game_fn_801D76A8.o
[436/858] EXTERNALIZE build/GEDE01/src/game/game_fn_801D7C24.o
[437/858] EXTERNALIZE build/GEDE01/src/game/game_fn_8019B1BC.o
[438/858] EXTERNALIZE build/GEDE01/src/game/game_fn_80178F88.o
[439/858] EXTERNALIZE build/GEDE01/src/game/game_fn_801CD228.o
[440/858] EXTERNALIZE build/GEDE01/src/game/game_fn_801C970C.o
[441/858] EXTERNALIZE build/GEDE01/src/game/game_fn_801BA15C.o
[442/858] EXTERNALIZE build/GEDE01/src/game/game_fn_80126A00.o
[443/858] EXTERNALIZE build/GEDE01/src/game/game_fn_801C9510.o
[444/858] EXTERNALIZE build/GEDE01/src/game/game_fn_8013D6A4.o
[445/858] EXTERNALIZE build/GEDE01/src/game/game_fn_800C9C60.o
[446/858] EXTERNALIZE build/GEDE01/src/game/game_fn_801B5228.o
[447/858] EXTERNALIZE build/GEDE01/src/game/game_fn_801B4FB4.o
[448/858] EXTERNALIZE build/GEDE01/src/game/game_fn_801C87DC.o
[449/858] EXTERNALIZE build/GEDE01/src/game/game_fn_801B6F1C.o
[450/858] EXTERNALIZE build/GEDE01/src/game/game_fn_801C8CC0.o
[451/858] EXTERNALIZE build/GEDE01/src/game/game_fn_800FD0C8.o
[452/858] EXTERNALIZE build/GEDE01/src/game/game_fn_801BDE7C.o
[453/858] EXTERNALIZE build/GEDE01/src/game/game_fn_801BE0D4.o
[454/858] EXTERNALIZE build/GEDE01/src/game/game_fn_801B941C.o
[455/858] EXTERNALIZE STATIC POOL build/GEDE01/src/game/game_fn_801C9A08.o
build/GEDE01/src/game/game_fn_801C9A08.o: lbl_80629390 now undefined; section 3 emptied
[456/858] EXTERNALIZE STATIC POOL build/GEDE01/src/game/game_fn_801C9B1C.o
build/GEDE01/src/game/game_fn_801C9B1C.o: lbl_80629390 now undefined; section 3 emptied
[457/858] EXTERNALIZE STATIC POOL build/GEDE01/src/game/game_fn_801BD990.o
build/GEDE01/src/game/game_fn_801BD990.o: lbl_80626D80 now undefined; section 6 emptied
[458/858] EXTERNALIZE STATIC POOL build/GEDE01/src/game/game_fn_801B58F0.o
build/GEDE01/src/game/game_fn_801B58F0.o: lbl_8060C020 now undefined; section 3 emptied
[459/858] EXTERNALIZE STATIC POOL build/GEDE01/src/game/game_fn_801B9E7C.o
build/GEDE01/src/game/game_fn_801B9E7C.o: 0 relocation(s) moved from streamInfo to ...bss.0
build/GEDE01/src/game/game_fn_801B9E7C.o: lbl_8061AE48 now undefined; section 6 emptied
[460/858] EXTERNALIZE STATIC POOL build/GEDE01/src/game/game_fn_801BB1A0.o
build/GEDE01/src/game/game_fn_801BB1A0.o: 0 relocation(s) moved from streamInfo to ...bss.0
build/GEDE01/src/game/game_fn_801BB1A0.o: lbl_8061AE48 now undefined; section 6 emptied
[461/858] EXTERNALIZE STATIC POOL build/GEDE01/src/game/game_fn_801BA708.o
build/GEDE01/src/game/game_fn_801BA708.o: 0 relocation(s) moved from streamInfo to ...bss.0
build/GEDE01/src/game/game_fn_801BA708.o: lbl_8061AE48 now undefined; section 6 emptied
[462/858] EXTERNALIZE STATIC build/GEDE01/src/game/game_fn_801B35BC.o
build/GEDE01/src/game/game_fn_801B35BC.o: lbl_8060D420 now undefined; section 6 emptied
[463/858] EXTERNALIZE STATIC POOL build/GEDE01/src/game/game_fn_801BC8F4.o
build/GEDE01/src/game/game_fn_801BC8F4.o: lbl_8061C748 now undefined; section 6 emptied
[464/858] EXTERNALIZE STATIC build/GEDE01/src/game/game_fn_801BC240.o
build/GEDE01/src/game/game_fn_801BC240.o: lbl_8061C748 now undefined; section 6 emptied
[465/858] EXTERNALIZE STATIC POOL build/GEDE01/src/game/game_fn_801BCC04.o
build/GEDE01/src/game/game_fn_801BCC04.o: lbl_8061C748 now undefined; section 6 emptied
[466/858] EXTERNALIZE STATIC POOL build/GEDE01/src/game/game_fn_801BC0D4.o
build/GEDE01/src/game/game_fn_801BC0D4.o: lbl_8061C748 now undefined; section 6 emptied
[467/858] EXTERNALIZE STATIC POOL build/GEDE01/src/game/game_fn_801C1CB0.o
build/GEDE01/src/game/game_fn_801C1CB0.o: lbl_80626DA0 now undefined; section 3 emptied
[468/858] RENAME build/GEDE01/src/game/game_InitMetroTRKCommTable.o
[469/858] EXTERNALIZE STATIC POOL build/GEDE01/src/game/game_fn_801CE09C.o
build/GEDE01/src/game/game_fn_801CE09C.o: lbl_80631340 now undefined; section 6 emptied
[470/858] RENAME RUNTIME INTRINSICS build/GEDE01/src/game/game_fn_801CB4F8.o
[471/858] EXTERNALIZE STATIC POOL build/GEDE01/src/game/game_fn_8010242C.o
build/GEDE01/src/game/game_fn_8010242C.o: lbl_8032CC08 now undefined; section 3 emptied
[472/858] EXTERNALIZE build/GEDE01/src/game/game_fn_801D3988.o
[473/858] EXTERNALIZE build/GEDE01/src/game/game_fn_801D1B10.o
[474/858] ALIGN DATA build/GEDE01/src/game/game_fn_80008014.o
[475/858] EXTERNALIZE build/GEDE01/src/game/game_fn_801CE594.o
[476/858] EXTERNALIZE build/GEDE01/src/game/game_fn_801C8224.o
[477/858] EXTERNALIZE build/GEDE01/src/game/game_fn_8014549C.o
[478/858] EXTERNALIZE build/GEDE01/src/game/game_fn_801098C0.o
[479/858] EXTERNALIZE build/GEDE01/src/game/game_fn_8000FDE8.o
[480/858] EXTERNALIZE build/GEDE01/src/game/game_fn_80185F10.o
[481/858] EXTERNALIZE build/GEDE01/src/game/game_fn_801C29BC.o
[482/858] EXTERNALIZE build/GEDE01/src/game/game_fn_801C8F50.o
[483/858] EXTERNALIZE build/GEDE01/src/game/game_fn_8007B828.o
[484/858] EXTERNALIZE build/GEDE01/src/game/game_fn_801C90A4.o
[485/858] EXTERNALIZE build/GEDE01/src/game/game_fn_801C8160.o
[486/858] EXTERNALIZE build/GEDE01/src/game/game_fn_801C2D9C.o
[487/858] EXTERNALIZE build/GEDE01/src/game/game_fn_801C2AAC.o
[488/858] EXTERNALIZE build/GEDE01/src/game/game_fn_801C2980.o
[489/858] EXTERNALIZE build/GEDE01/src/game/game_fn_801B02F0.o
[490/858] EXTERNALIZE build/GEDE01/src/game/game_fn_801AFA74.o
[491/858] EXTERNALIZE build/GEDE01/src/game/game_fn_801AC8AC.o
[492/858] EXTERNALIZE build/GEDE01/src/game/game_fn_801ABD3C.o
[493/858] EXTERNALIZE build/GEDE01/src/game/game_fn_801816D4.o
[494/858] EXTERNALIZE build/GEDE01/src/game/game_fn_8011F140.o
[495/858] EXTERNALIZE build/GEDE01/src/game/game_fn_8004998C.o
[496/858] EXTERNALIZE build/GEDE01/src/game/game_fn_801AD08C.o
[497/858] EXTERNALIZE build/GEDE01/src/game/game_fn_80079AA4.o
[498/858] EXTERNALIZE build/GEDE01/src/game/game_fn_801A3A78.o
[499/858] EXTERNALIZE build/GEDE01/src/game/game_fn_80158D38.o
[500/858] EXTERNALIZE build/GEDE01/src/game/game_fn_8008F224.o
[501/858] EXTERNALIZE build/GEDE01/src/game/game_fn_80167454.o
[502/858] EXTERNALIZE build/GEDE01/src/game/game_fn_800AF230.o
[503/858] EXTERNALIZE build/GEDE01/src/game/game_fn_801AB154.o
[504/858] EXTERNALIZE build/GEDE01/src/game/game_fn_801A93E8.o
[505/858] EXTERNALIZE build/GEDE01/src/game/game_fn_801A7E04.o
[506/858] EXTERNALIZE build/GEDE01/src/game/game_fn_801A7EA8.o
[507/858] EXTERNALIZE build/GEDE01/src/game/game_fn_801A6CB4.o
[508/858] EXTERNALIZE build/GEDE01/src/game/game_fn_801A4CE0.o
[509/858] EXTERNALIZE build/GEDE01/src/game/game_fn_801A6C58.o
[510/858] NAME JUMPTABLE build/GEDE01/src/game/game_fn_801A6ADC.o
[511/858] EXTERNALIZE build/GEDE01/src/game/game_fn_801A6410.o
[512/858] EXTERNALIZE build/GEDE01/src/game/game_fn_801A5FB0.o
[513/858] EXTERNALIZE build/GEDE01/src/game/game_fn_801A1F18.o
[514/858] EXTERNALIZE build/GEDE01/src/game/game_fn_8019E8C8.o
[515/858] EXTERNALIZE build/GEDE01/src/game/game_fn_8019E5E4.o
[516/858] EXTERNALIZE build/GEDE01/src/game/game_fn_8019CFC4.o
[517/858] EXTERNALIZE build/GEDE01/src/game/game_fn_8019CC28.o
[518/858] EXTERNALIZE build/GEDE01/src/game/game_fn_801991E0.o
[519/858] EXTERNALIZE build/GEDE01/src/game/game_fn_80198BF4.o
[520/858] EXTERNALIZE build/GEDE01/src/game/game_fn_80198AAC.o
[521/858] EXTERNALIZE build/GEDE01/src/game/game_fn_80198154.o
[522/858] EXTERNALIZE build/GEDE01/src/game/game_fn_80197910.o
[523/858] EXTERNALIZE build/GEDE01/src/game/game_fn_80194F80.o
[524/858] EXTERNALIZE build/GEDE01/src/game/game_fn_80177434.o
repointed 2 relocations to lbl_80250588
[525/858] EXTERNALIZE build/GEDE01/src/game/game_fn_80193E1C.o
[526/858] EXTERNALIZE build/GEDE01/src/game/game_fn_801931C4.o
[527/858] EXTERNALIZE build/GEDE01/src/game/game_fn_80193F3C.o
[528/858] EXTERNALIZE build/GEDE01/src/game/game_fn_80192F54.o
[529/858] EXTERNALIZE build/GEDE01/src/game/game_fn_80191F58.o
[530/858] EXTERNALIZE build/GEDE01/src/game/game_fn_80191360.o
[531/858] EXTERNALIZE build/GEDE01/src/game/game_fn_8019197C.o
[532/858] GLOBALIZE build/GEDE01/src/game/game_fn_8018F1D0.o
[533/858] EXTERNALIZE build/GEDE01/src/game/game_fn_8018D688.o
[534/858] EXTERNALIZE build/GEDE01/src/game/game_fn_8018F81C.o
[535/858] EXTERNALIZE build/GEDE01/src/game/game_fn_8018D2E0.o
[536/858] EXTERNALIZE build/GEDE01/src/game/game_fn_80189968.o
[537/858] EXTERNALIZE build/GEDE01/src/game/game_fn_80189760.o
[538/858] EXTERNALIZE build/GEDE01/src/game/game_fn_8018D1F0.o
[539/858] EXTERNALIZE build/GEDE01/src/game/game_fn_801896A0.o
[540/858] EXTERNALIZE build/GEDE01/src/game/game_fn_801895E8.o
[541/858] EXTERNALIZE build/GEDE01/src/game/game_fn_801891D8.o
[542/858] EXTERNALIZE build/GEDE01/src/game/game_fn_80189390.o
[543/858] EXTERNALIZE build/GEDE01/src/game/game_fn_80188E28.o
[544/858] EXTERNALIZE build/GEDE01/src/game/game_fn_80189028.o
[545/858] EXTERNALIZE build/GEDE01/src/game/game_fn_80188C1C.o
[546/858] EXTERNALIZE build/GEDE01/src/game/game_fn_80188B44.o
[547/858] EXTERNALIZE build/GEDE01/src/game/game_fn_80188A7C.o
[548/858] EXTERNALIZE build/GEDE01/src/game/game_fn_801878E0.o
[549/858] EXTERNALIZE build/GEDE01/src/game/game_fn_80187120.o
[550/858] EXTERNALIZE build/GEDE01/src/game/game_fn_8018FEDC.o
[551/858] EXTERNALIZE build/GEDE01/src/game/game_fn_80186E10.o
[552/858] EXTERNALIZE build/GEDE01/src/game/game_fn_801865EC.o
[553/858] EXTERNALIZE build/GEDE01/src/game/game_fn_80185AE8.o
[554/858] EXTERNALIZE build/GEDE01/src/game/game_fn_801859FC.o
[555/858] EXTERNALIZE build/GEDE01/src/game/game_fn_80180DDC.o
[556/858] EXTERNALIZE build/GEDE01/src/game/game_fn_8017E958.o
[557/858] EXTERNALIZE build/GEDE01/src/game/game_fn_8017E850.o
[558/858] EXTERNALIZE build/GEDE01/src/game/game_fn_8017718C.o
[559/858] EXTERNALIZE build/GEDE01/src/game/game_fn_801770F8.o
[560/858] EXTERNALIZE build/GEDE01/src/game/game_fn_80176DF4.o
[561/858] EXTERNALIZE build/GEDE01/src/game/game_fn_80176FA0.o
[562/858] EXTERNALIZE build/GEDE01/src/game/game_fn_80173F04.o
[563/858] EXTERNALIZE build/GEDE01/src/game/game_fn_80174358.o
[564/858] EXTERNALIZE build/GEDE01/src/game/game_fn_80174184.o
[565/858] EXTERNALIZE build/GEDE01/src/game/game_fn_8017553C.o
[566/858] EXTERNALIZE build/GEDE01/src/game/game_fn_80173770.o
[567/858] EXTERNALIZE build/GEDE01/src/game/game_fn_80173D44.o
[568/858] EXTERNALIZE build/GEDE01/src/game/game_fn_80173270.o
[569/858] EXTERNALIZE build/GEDE01/src/game/game_fn_801734B4.o
[570/858] EXTERNALIZE build/GEDE01/src/game/game_fn_80172DB8.o
[571/858] EXTERNALIZE build/GEDE01/src/game/game_fn_80172C78.o
[572/858] EXTERNALIZE build/GEDE01/src/game/game_fn_80172BB0.o
[573/858] EXTERNALIZE build/GEDE01/src/game/game_fn_801726EC.o
[574/858] EXTERNALIZE build/GEDE01/src/game/game_fn_8017250C.o
[575/858] EXTERNALIZE build/GEDE01/src/game/game_fn_80171F30.o
[576/858] EXTERNALIZE build/GEDE01/src/game/game_fn_801719B4.o
[577/858] EXTERNALIZE build/GEDE01/src/game/game_fn_801718F4.o
[578/858] EXTERNALIZE build/GEDE01/src/game/game_fn_80171664.o
[579/858] EXTERNALIZE build/GEDE01/src/game/game_fn_8017138C.o
[580/858] EXTERNALIZE build/GEDE01/src/game/game_fn_80170A40.o
[581/858] NORMALIZE build/GEDE01/src/game/game_TRKNubWelcome.o
[582/858] NORMALIZE build/GEDE01/src/game/game_TRK_main.o
[583/858] NORMALIZE build/GEDE01/src/game/game_data_80239E10.o
[584/858] EXTERNALIZE build/GEDE01/src/game/game_fn_801706DC.o
[585/858] NORMALIZE build/GEDE01/src/game/game_data_80239E18.o
[586/858] EXTERNALIZE build/GEDE01/src/game/game_fn_80170E9C.o
[587/858] EXTERNALIZE build/GEDE01/src/game/game_fn_8017652C.o
[588/858] EXTERNALIZE build/GEDE01/src/game/game_fn_80175E64.o
[589/858] EXTERNALIZE build/GEDE01/src/game/game_fn_80175F0C.o
[590/858] EXTERNALIZE build/GEDE01/src/game/game_fn_80175FD4.o
[591/858] EXTERNALIZE build/GEDE01/src/game/game_fn_80176098.o
[592/858] EXTERNALIZE build/GEDE01/src/game/game_fn_80176160.o
[593/858] EXTERNALIZE build/GEDE01/src/game/game_fn_80176220.o
[594/858] EXTERNALIZE build/GEDE01/src/game/game_fn_80170DF4.o
[595/858] EXTERNALIZE build/GEDE01/src/game/game_fn_801762E8.o
[596/858] EXTERNALIZE build/GEDE01/src/game/game_fn_8016E8F8.o
[597/858] EXTERNALIZE build/GEDE01/src/game/game_fn_8016FEF8.o
[598/858] EXTERNALIZE build/GEDE01/src/game/game_fn_801704F8.o
[599/858] NORMALIZE build/GEDE01/src/game/game_fn_8016DF4C.o
[600/858] EXTERNALIZE build/GEDE01/src/game/game_fn_8016D2B8.o
[601/858] EXTERNALIZE build/GEDE01/src/game/game_fn_8016D040.o
[602/858] EXTERNALIZE build/GEDE01/src/game/game_fn_8016D1F8.o
[603/858] EXTERNALIZE build/GEDE01/src/game/game_fn_8016C774.o
[604/858] EXTERNALIZE build/GEDE01/src/game/game_fn_8016C4BC.o
[605/858] EXTERNALIZE build/GEDE01/src/game/game_fn_8016C238.o
[606/858] EXTERNALIZE build/GEDE01/src/game/game_fn_8016C164.o
[607/858] EXTERNALIZE build/GEDE01/src/game/game_fn_8016C0BC.o
[608/858] EXTERNALIZE build/GEDE01/src/game/game_fn_8017038C.o
[609/858] EXTERNALIZE build/GEDE01/src/game/game_fn_8016BE1C.o
[610/858] EXTERNALIZE build/GEDE01/src/game/game_fn_8016BF60.o
[611/858] EXTERNALIZE build/GEDE01/src/game/game_fn_8016BD0C.o
[612/858] EXTERNALIZE build/GEDE01/src/game/game_fn_80169650.o
[613/858] EXTERNALIZE build/GEDE01/src/game/game_fn_80167B5C.o
[614/858] EXTERNALIZE build/GEDE01/src/game/game_fn_8015EDC0.o
[615/858] EXTERNALIZE build/GEDE01/src/game/game_fn_8015DC54.o
[616/858] EXTERNALIZE build/GEDE01/src/game/game_fn_80158B20.o
[617/858] EXTERNALIZE build/GEDE01/src/game/game_fn_80179398.o
[618/858] EXTERNALIZE build/GEDE01/src/game/game_fn_8017974C.o
[619/858] EXTERNALIZE build/GEDE01/src/game/game_fn_8017960C.o
[620/858] EXTERNALIZE build/GEDE01/src/game/game_fn_80179904.o
[621/858] EXTERNALIZE build/GEDE01/src/game/game_fn_8017A9B8.o
[622/858] EXTERNALIZE build/GEDE01/src/game/game_fn_80179A18.o
[623/858] EXTERNALIZE build/GEDE01/src/game/game_fn_80179A74.o
[624/858] EXTERNALIZE build/GEDE01/src/game/game_fn_80179EB8.o
[625/858] EXTERNALIZE build/GEDE01/src/game/game_fn_80179F20.o
[626/858] EXTERNALIZE build/GEDE01/src/game/game_fn_8017A010.o
[627/858] EXTERNALIZE build/GEDE01/src/game/game_fn_8017A12C.o
[628/858] EXTERNALIZE build/GEDE01/src/game/game_fn_80157C0C.o
[629/858] EXTERNALIZE build/GEDE01/src/game/game_fn_80155814.o
[630/858] EXTERNALIZE build/GEDE01/src/game/game_fn_8017A1C0.o
[631/858] EXTERNALIZE build/GEDE01/src/game/game_fn_80153898.o
[632/858] EXTERNALIZE build/GEDE01/src/game/game_fn_8014B494.o
[633/858] EXTERNALIZE build/GEDE01/src/game/game_fn_8014AF38.o
[634/858] EXTERNALIZE build/GEDE01/src/game/game_fn_801141B8.o
[635/858] EXTERNALIZE build/GEDE01/src/game/game_fn_8012DB28.o
[636/858] EXTERNALIZE build/GEDE01/src/game/game_fn_801126E0.o
[637/858] EXTERNALIZE build/GEDE01/src/game/game_fn_801128E4.o
[638/858] EXTERNALIZE build/GEDE01/src/game/game_fn_800E4980.o
[639/858] EXTERNALIZE build/GEDE01/src/game/game_fn_8010F184.o
[640/858] EXTERNALIZE build/GEDE01/src/game/game_fn_800C17EC.o
[641/858] EXTERNALIZE build/GEDE01/src/game/game_fn_800C59F0.o
[642/858] EXTERNALIZE build/GEDE01/src/game/game_fn_800C644C.o
[643/858] EXTERNALIZE build/GEDE01/src/game/game_fn_800C65FC.o
[644/858] EXTERNALIZE build/GEDE01/src/game/game_fn_800CB760.o
[645/858] EXTERNALIZE build/GEDE01/src/game/game_fn_800CB8F4.o
[646/858] EXTERNALIZE build/GEDE01/src/game/game_fn_80078500.o
[647/858] EXTERNALIZE build/GEDE01/src/game/game_fn_80079908.o
[648/858] EXTERNALIZE build/GEDE01/src/game/game_fn_8007B2F4.o
[649/858] EXTERNALIZE build/GEDE01/src/game/game_fn_8007B540.o
[650/858] EXTERNALIZE build/GEDE01/src/game/game_fn_8007B640.o
[651/858] EXTERNALIZE build/GEDE01/src/game/game_fn_8007BA3C.o
[652/858] EXTERNALIZE build/GEDE01/src/game/game_fn_800886D8.o
[653/858] EXTERNALIZE build/GEDE01/src/game/game_fn_800934A0.o
[654/858] EXTERNALIZE build/GEDE01/src/game/game_fn_800A3894.o
[655/858] EXTERNALIZE build/GEDE01/src/game/game_fn_800A7E88.o
[656/858] EXTERNALIZE build/GEDE01/src/game/game_fn_800A4798.o
[657/858] GLOBALIZE build/GEDE01/src/game/game_fn_800A2130.o
[658/858] EXTERNALIZE build/GEDE01/src/game/game_fn_800A2FCC.o
[659/858] EXTERNALIZE build/GEDE01/src/game/game_fn_8009C424.o
[660/858] EXTERNALIZE SWITCHES build/GEDE01/src/game/game_fn_80095FDC.o
[661/858] GLOBALIZE build/GEDE01/src/game/game_fn_8008F890.o
[662/858] EXTERNALIZE build/GEDE01/src/game/game_fn_80096830.o
[663/858] EXTERNALIZE build/GEDE01/src/game/game_fn_800A4428.o
[664/858] EXTERNALIZE build/GEDE01/src/game/game_fn_80074310.o
[665/858] GLOBALIZE build/GEDE01/src/game/game_fn_8005FD84.o
[666/858] EXTERNALIZE build/GEDE01/src/game/game_fn_80066888.o
[667/858] EXTERNALIZE build/GEDE01/src/game/game_fn_8005EC6C.o
[668/858] EXTERNALIZE build/GEDE01/src/game/game_fn_80052310.o
[669/858] EXTERNALIZE build/GEDE01/src/game/game_fn_80048B24.o
[670/858] NAME SWITCH build/GEDE01/src/game/game_fn_80020E94.o
[671/858] NAME SWITCH build/GEDE01/src/game/game_fn_8005EE9C.o
[672/858] NAME SWITCH build/GEDE01/src/game/game_fn_8016D9C0.o
[673/858] NAME SWITCH build/GEDE01/src/game/game_fn_80071A58.o
[674/858] EXTERNALIZE build/GEDE01/src/game/game_fn_80048ADC.o
[675/858] NAME SWITCH build/GEDE01/src/game/game_fn_8006B620.o
[676/858] NAME SWITCH build/GEDE01/src/game/game_fn_8001FE1C.o
[677/858] NAME SWITCH build/GEDE01/src/game/game_fn_8001E644.o
[678/858] EXTERNALIZE build/GEDE01/src/game/game_fn_80038878.o
[679/858] EXTERNALIZE build/GEDE01/src/game/game_fn_801B46C8.o
build/GEDE01/src/game/game_fn_801B46C8.o: lbl_8060C020 now undefined; section 6 emptied
[680/858] EXTERNALIZE build/GEDE01/src/game/game_fn_80036C40.o
[681/858] EXTERNALIZE build/GEDE01/src/game/game_fn_800359A0.o
[682/858] EXTERNALIZE build/GEDE01/src/game/game_fn_80033180.o
[683/858] EXTERNALIZE build/GEDE01/src/game/game_fn_80033038.o
[684/858] EXTERNALIZE build/GEDE01/src/game/game_fn_80032B84.o
[685/858] EXTERNALIZE build/GEDE01/src/game/game_fn_8003232C.o
[686/858] EXTERNALIZE build/GEDE01/src/game/game_fn_8002E3F0.o
[687/858] EXTERNALIZE build/GEDE01/src/game/game_fn_8002DAE0.o
[688/858] EXTERNALIZE build/GEDE01/src/game/game_fn_8002EA68.o
[689/858] GLOBALIZE build/GEDE01/src/game/game_fn_8002B748.o
[690/858] EXTERNALIZE build/GEDE01/src/game/game_fn_8002F428.o
[691/858] NAME SWITCHES build/GEDE01/src/game/game_fn_80024F28.o
[692/858] EXTERNALIZE build/GEDE01/src/game/game_fn_800272B4.o
[693/858] EXTERNALIZE build/GEDE01/src/game/game_fn_8001CE94.o
[694/858] EXTERNALIZE build/GEDE01/src/game/game_fn_8001CD58.o
[695/858] EXTERNALIZE build/GEDE01/src/game/game_fn_8001C078.o
[696/858] EXTERNALIZE build/GEDE01/src/game/game_fn_8001B874.o
[697/858] EXTERNALIZE build/GEDE01/src/game/game_fn_8001B808.o
[698/858] EXTERNALIZE build/GEDE01/src/game/game_fn_8001B294.o
[699/858] EXTERNALIZE build/GEDE01/src/game/game_fn_8001B124.o
[700/858] EXTERNALIZE build/GEDE01/src/game/game_fn_8001ADF8.o
[701/858] EXTERNALIZE build/GEDE01/src/game/game_fn_8001AAB8.o
[702/858] EXTERNALIZE build/GEDE01/src/game/game_fn_8001AF68.o
[703/858] EXTERNALIZE build/GEDE01/src/game/game_fn_8001A6C4.o
[704/858] EXTERNALIZE build/GEDE01/src/game/game_fn_80019F98.o
[705/858] EXTERNALIZE build/GEDE01/src/game/game_fn_80019D2C.o
[706/858] EXTERNALIZE build/GEDE01/src/game/game_fn_80019C10.o
[707/858] EXTERNALIZE build/GEDE01/src/game/game_fn_80019940.o
[708/858] EXTERNALIZE build/GEDE01/src/game/game_fn_800194D0.o
[709/858] EXTERNALIZE build/GEDE01/src/game/game_fn_80019054.o
[710/858] EXTERNALIZE build/GEDE01/src/game/game_fn_80019244.o
[711/858] EXTERNALIZE build/GEDE01/src/game/game_fn_80018EF4.o
[712/858] EXTERNALIZE build/GEDE01/src/game/game_fn_80017DB0.o
[713/858] EXTERNALIZE build/GEDE01/src/game/game_fn_80017CC8.o
[714/858] EXTERNALIZE build/GEDE01/src/game/game_fn_80017C3C.o
[715/858] EXTERNALIZE build/GEDE01/src/game/game_fn_80017AE4.o
[716/858] EXTERNALIZE build/GEDE01/src/game/game_fn_80017A3C.o
[717/858] EXTERNALIZE build/GEDE01/src/game/game_fn_800179AC.o
[718/858] EXTERNALIZE build/GEDE01/src/game/game_fn_80017910.o
[719/858] EXTERNALIZE FLAGS build/GEDE01/src/game/game_fn_800119FC.o
[720/858] EXTERNALIZE build/GEDE01/src/game/game_fn_8000FFD8.o
[721/858] EXTERNALIZE build/GEDE01/src/game/game_fn_8000F4B0.o
[722/858] GLOBALIZE build/GEDE01/src/game/game_fn_800094C0.o
[723/858] EXTERNALIZE build/GEDE01/src/game/game_fn_8000EFC4.o
[724/858] EXTERNALIZE build/GEDE01/src/game/game_fn_800096E0.o
[725/858] EXTERNALIZE build/GEDE01/src/game/game_fn_800098C0.o
[726/858] EXTERNALIZE build/GEDE01/src/game/game_fn_800099D8.o
[727/858] EXTERNALIZE build/GEDE01/src/game/game_fn_80009AB4.o
[728/858] EXTERNALIZE build/GEDE01/src/game/game_fn_8000A26C.o
[729/858] EXTERNALIZE build/GEDE01/src/game/game_fn_800171C0.o
[730/858] EXTERNALIZE build/GEDE01/src/game/game_fn_800176F0.o
[731/858] EXTERNALIZE build/GEDE01/src/game/game_fn_8000AC88.o
[732/858] EXTERNALIZE build/GEDE01/src/game/game_fn_8000AEB4.o
[733/858] EXTERNALIZE build/GEDE01/src/game/game_fn_8000AFB4.o
[734/858] EXTERNALIZE build/GEDE01/src/game/game_fn_8000B36C.o
[735/858] EXTERNALIZE build/GEDE01/src/game/game_fn_8000B1B8.o
[736/858] EXTERNALIZE build/GEDE01/src/game/game_fn_8000B630.o
[737/858] EXTERNALIZE build/GEDE01/src/game/game_fn_8000B7FC.o
[738/858] EXTERNALIZE build/GEDE01/src/game/game_fn_8000B900.o
[739/858] EXTERNALIZE build/GEDE01/src/game/game_fn_8000BA0C.o
[740/858] EXTERNALIZE build/GEDE01/src/game/game_fn_8000BC40.o
[741/858] EXTERNALIZE build/GEDE01/src/game/game_fn_8000BAA0.o
[742/858] EXTERNALIZE build/GEDE01/src/game/game_fn_8000C06C.o
[743/858] EXTERNALIZE build/GEDE01/src/game/game_fn_8000C17C.o
[744/858] EXTERNALIZE build/GEDE01/src/game/game_fn_8000C400.o
[745/858] EXTERNALIZE build/GEDE01/src/game/game_fn_8000C848.o
[746/858] EXTERNALIZE build/GEDE01/src/game/game_fn_8000C91C.o
[747/858] EXTERNALIZE build/GEDE01/src/game/game_fn_8000D0BC.o
[748/858] NAME SWITCH build/GEDE01/src/game/game_fn_8000D8A4.o
[749/858] EXTERNALIZE build/GEDE01/src/game/game_fn_8000D3D4.o
[750/858] EXTERNALIZE build/GEDE01/src/game/game_fn_8000E054.o
[751/858] EXTERNALIZE build/GEDE01/src/game/game_fn_8000E0AC.o
[752/858] EXTERNALIZE build/GEDE01/src/game/game_fn_8000E96C.o
[753/858] EXTERNALIZE build/GEDE01/src/game/game_fn_8000F774.o
[754/858] EXTERNALIZE build/GEDE01/src/game/game_fn_8000EB14.o
[755/858] EXTERNALIZE build/GEDE01/src/game/game_fn_8000EBD4.o
[756/858] EXTERNALIZE build/GEDE01/src/game/game_fn_8000ED44.o
[757/858] EXTERNALIZE build/GEDE01/src/game/game_fn_8000E138.o
[758/858] EXTERNALIZE build/GEDE01/src/game/game_fn_8000E1C4.o
[759/858] EXTERNALIZE build/GEDE01/src/game/game_fn_8000D590.o
[760/858] EXTERNALIZE build/GEDE01/src/game/game_fn_8000DA50.o
[761/858] EXTERNALIZE build/GEDE01/src/game/game_fn_8000DAF4.o
[762/858] EXTERNALIZE build/GEDE01/src/game/game_fn_80012DA8.o
[763/858] EXTERNALIZE build/GEDE01/src/game/game_fn_80012F40.o
[764/858] EXTERNALIZE build/GEDE01/src/game/game_fn_80012FD0.o
[765/858] EXTERNALIZE build/GEDE01/src/game/game_fn_800131E8.o
[766/858] EXTERNALIZE build/GEDE01/src/game/game_fn_80013340.o
[767/858] EXTERNALIZE build/GEDE01/src/game/game_fn_80013870.o
[768/858] EXTERNALIZE build/GEDE01/src/game/game_fn_80013CB0.o
[769/858] EXTERNALIZE build/GEDE01/src/game/game_fn_80013D54.o
[770/858] EXTERNALIZE build/GEDE01/src/game/game_fn_800142DC.o
[771/858] EXTERNALIZE build/GEDE01/src/game/game_fn_800144CC.o
[772/858] EXTERNALIZE build/GEDE01/src/game/game_fn_80014784.o
[773/858] EXTERNALIZE build/GEDE01/src/game/game_fn_800149D4.o
[774/858] EXTERNALIZE build/GEDE01/src/game/game_fn_80015320.o
[775/858] EXTERNALIZE build/GEDE01/src/game/game_fn_80015058.o
[776/858] EXTERNALIZE build/GEDE01/src/game/game_fn_80015568.o
[777/858] EXTERNALIZE build/GEDE01/src/game/game_fn_800156FC.o
[778/858] EXTERNALIZE build/GEDE01/src/game/game_fn_80015BE0.o
[779/858] EXTERNALIZE build/GEDE01/src/game/game_fn_80015D40.o
[780/858] EXTERNALIZE build/GEDE01/src/game/game_fn_80015F04.o
[781/858] EXTERNALIZE build/GEDE01/src/game/game_fn_80016128.o
[782/858] EXTERNALIZE build/GEDE01/src/game/game_fn_80016270.o
[783/858] EXTERNALIZE build/GEDE01/src/game/game_fn_80016904.o
[784/858] EXTERNALIZE build/GEDE01/src/game/game_fn_800173CC.o
[785/858] EXTERNALIZE build/GEDE01/src/game/game_fn_80016B24.o
[786/858] EXTERNALIZE build/GEDE01/src/game/game_fn_801BEF40.o
[787/858] EXTERNALIZE build/GEDE01/src/game/game_fn_801B86C0.o
[788/858] EXTERNALIZE STATIC POOL build/GEDE01/src/game/game_fn_801C4B5C.o
build/GEDE01/src/game/game_fn_801C4B5C.o: lbl_80628CB0 now undefined; section 6 emptied
[789/858] EXTERNALIZE build/GEDE01/src/game/game_fn_8001CA04.o
[790/858] EXTERNALIZE build/GEDE01/src/game/game_fn_801C8600.o
[791/858] EXTERNALIZE build/GEDE01/src/game/game_fn_80031544.o
[792/858] EXTERNALIZE build/GEDE01/src/game/game_fn_8006B0F0.o
[793/858] EXTERNALIZE build/GEDE01/src/game/game_fn_8007D4D8.o
[794/858] EXTERNALIZE build/GEDE01/src/game/game_fn_8007F770.o
[795/858] EXTERNALIZE build/GEDE01/src/game/game_fn_80088F4C.o
[796/858] EXTERNALIZE build/GEDE01/src/game/game_fn_8008A2E0.o
[797/858] EXTERNALIZE build/GEDE01/src/game/game_fn_80090004.o
[798/858] EXTERNALIZE build/GEDE01/src/game/game_fn_80095D10.o
[799/858] EXTERNALIZE build/GEDE01/src/game/game_fn_800A3180.o
[800/858] EXTERNALIZE build/GEDE01/src/game/game_fn_800BB7A8.o
[801/858] EXTERNALIZE build/GEDE01/src/game/game_fn_800BB5C4.o
[802/858] EXTERNALIZE build/GEDE01/src/game/game_fn_800BB9A4.o
[803/858] EXTERNALIZE build/GEDE01/src/game/game_fn_800BBAF0.o
[804/858] EXTERNALIZE build/GEDE01/src/game/game_fn_800D9E10.o
[805/858] EXTERNALIZE build/GEDE01/src/game/game_fn_8012976C.o
[806/858] EXTERNALIZE build/GEDE01/src/game/game_fn_8013DB8C.o
[807/858] EXTERNALIZE build/GEDE01/src/game/game_fn_8013CBE4.o
[808/858] EXTERNALIZE build/GEDE01/src/game/game_fn_8014CA98.o
[809/858] EXTERNALIZE build/GEDE01/src/game/game_fn_80153A24.o
[810/858] EXTERNALIZE build/GEDE01/src/game/game_fn_801535D8.o
[811/858] EXTERNALIZE build/GEDE01/src/game/game_fn_80174F2C.o
[812/858] EXTERNALIZE build/GEDE01/src/game/game_fn_8017AC20.o
[813/858] EXTERNALIZE build/GEDE01/src/game/game_fn_8018680C.o
[814/858] EXTERNALIZE build/GEDE01/src/game/game_fn_80186F70.o
[815/858] EXTERNALIZE build/GEDE01/src/game/game_fn_80187320.o
[816/858] EXTERNALIZE build/GEDE01/src/game/game_fn_801810A0.o
[817/858] EXTERNALIZE build/GEDE01/src/game/game_fn_800542D0.o
[818/858] EXTERNALIZE build/GEDE01/src/game/game_fn_80187BB4.o
[819/858] EXTERNALIZE build/GEDE01/src/game/game_fn_8018E0D8.o
[820/858] EXTERNALIZE build/GEDE01/src/game/game_fn_8019120C.o
[821/858] EXTERNALIZE build/GEDE01/src/game/game_fn_8018D400.o
[822/858] EXTERNALIZE build/GEDE01/src/game/game_fn_801926EC.o
[823/858] EXTERNALIZE build/GEDE01/src/game/game_fn_801916D0.o
[824/858] EXTERNALIZE build/GEDE01/src/game/game_fn_801A2A54.o
[825/858] EXTERNALIZE build/GEDE01/src/game/game_fn_801929A4.o
[826/858] EXTERNALIZE build/GEDE01/src/game/game_fn_801A34BC.o
[827/858] EXTERNALIZE build/GEDE01/src/game/game_fn_801A657C.o
[828/858] EXTERNALIZE build/GEDE01/src/game/game_fn_801D1F78.o
[829/858] EXTERNALIZE build/GEDE01/src/game/game_fn_801E2A48.o
[830/858] EXTERNALIZE build/GEDE01/src/game/game_fn_801EF580.o
[831/858] EXTERNALIZE build/GEDE01/src/game/game_fn_801ECD74.o
[832/858] EXTERNALIZE build/GEDE01/src/game/game_fn_801ED5F4.o
[833/858] EXTERNALIZE build/GEDE01/src/game/game_fn_801F69F0.o
[834/858] EXTERNALIZE build/GEDE01/src/game/game_fn_801F76EC.o
[835/858] EXTERNALIZE build/GEDE01/src/game/game_fn_801F8264.o
[836/858] EXTERNALIZE build/GEDE01/src/game/game_fn_801F89B4.o
[837/858] EXTERNALIZE build/GEDE01/src/game/game_fn_801F9AF8.o
[838/858] EXTERNALIZE build/GEDE01/src/game/game_fn_801FB6A4.o
[839/858] EXTERNALIZE build/GEDE01/src/game/game_fn_801F6BD8.o
[840/858] EXTERNALIZE JUMPTABLES build/GEDE01/src/game/game_fn_800361F8.o
[841/858] EXTERNALIZE JUMPTABLES build/GEDE01/src/game/game_fn_8006E53C.o
[842/858] EXTERNALIZE JUMPTABLES build/GEDE01/src/game/game_fn_800CF598.o
[843/858] EXTERNALIZE JUMPTABLES build/GEDE01/src/game/game_fn_801ACFE8.o
[844/858] EXTERNALIZE JUMPTABLES build/GEDE01/src/game/game_fn_801B1BA0.o
[845/858] EXTERNALIZE build/GEDE01/src/game/game_fn_8009E808.o
[846/858] EXTERNALIZE build/GEDE01/src/game/game_fn_801F55A0.o
[847/858] EXTERNALIZE build/GEDE01/src/game/game_fn_801FFE78.o
[848/858] EXTERNALIZE build/GEDE01/src/game/game_fn_801F7510.o
[849/858] EXTERNALIZE build/GEDE01/src/game/game_fn_801FC034.o
[850/858] EXTERNALIZE build/GEDE01/src/game/game_fn_801FA9C8.o
[851/858] MWCC build/GEDE01/src/game/game_fn_8014D478.o
[852/858] MWCC build/GEDE01/src/game/game_fn_8018C8FC.o
[853/858] MWCC build/GEDE01/src/game/game_fn_8018DE9C.o
[854/858] REPORT
 INFO Loading project .
 INFO Generating report for 7066 units (using 8 threads)
 INFO Report generated in 0.260s
 INFO Writing to build/GEDE01/report.json
[855/858] LINK build/GEDE01/main.elf
### mwldeppc.exe Linker Warning:
#   Section '.ignored' is unknown. Section ignored.
### mwldeppc.exe Linker Warning:
#   Section '.ignored' is unknown. Section ignored.
### mwldeppc.exe Linker Warning:
#   Section '.ignored' is unknown. Section ignored.
### mwldeppc.exe Linker Warning:
#   Section '.ignored' is unknown. Section ignored.
### mwldeppc.exe Linker Warning:
#   Section '.ignored' is unknown. Section ignored.
### mwldeppc.exe Linker Warning:
#   Section '.ignored' is unknown. Section ignored.
### mwldeppc.exe Linker Warning:
#   Section '.ignored' is unknown. Section ignored.
### mwldeppc.exe Linker Warning:
#   Section '.ignored' is unknown. Section ignored.
### mwldeppc.exe Linker Warning:
#   Section '.ignored' is unknown. Section ignored.
### mwldeppc.exe Linker Warning:
#   Section '.ignored' is unknown. Section ignored.
### mwldeppc.exe Linker Warning:
#   Section '.ignored' is unknown. Section ignored.
### mwldeppc.exe Linker Warning:
#   Section '.ignored' is unknown. Section ignored.
### mwldeppc.exe Linker Warning:
#   Section '.ignored' is unknown. Section ignored.
### mwldeppc.exe Linker Warning:
#   Section '.ignored' is unknown. Section ignored.
### mwldeppc.exe Linker Warning:
#   Section '.ignored' is unknown. Section ignored.
### mwldeppc.exe Linker Warning:
#   Section '.ignored' is unknown. Section ignored.
### mwldeppc.exe Linker Warning:
#   Section '.ignored' is unknown. Section ignored.
### mwldeppc.exe Linker Warning:
#   Section '.ignored' is unknown. Section ignored.
### mwldeppc.exe Linker Warning:
#   Section '.ignored' is unknown. Section ignored.
### mwldeppc.exe Linker Warning:
#   Section '.ignored' is unknown. Section ignored.
### mwldeppc.exe Linker Warning:
#   Section '.ignored' is unknown. Section ignored.
### mwldeppc.exe Linker Warning:
#   Section '.ignored' is unknown. Section ignored.
### mwldeppc.exe Linker Warning:
#   Section '.ignored' is unknown. Section ignored.
### mwldeppc.exe Linker Warning:
#   Section '.ignored' is unknown. Section ignored.
### mwldeppc.exe Linker Warning:
#   Section '.ignored' is unknown. Section ignored.
### mwldeppc.exe Linker Warning:
#   Section '.ignored' is unknown. Section ignored.
### mwldeppc.exe Linker Warning:
#   Section '.ignored' is unknown. Section ignored.
### mwldeppc.exe Linker Warning:
#   Section '.ignored' is unknown. Section ignored.
### mwldeppc.exe Linker Warning:
#   Section '.ignored' is unknown. Section ignored.
### mwldeppc.exe Linker Warning:
#   Section '.ignored' is unknown. Section ignored.
### mwldeppc.exe Linker Warning:
#   Section '.ignored' is unknown. Section ignored.
### mwldeppc.exe Linker Warning:
#   Section '.ignored' is unknown. Section ignored.
### mwldeppc.exe Linker Warning:
#   Section '.ignored' is unknown. Section ignored.
### mwldeppc.exe Linker Warning:
#   Section '.ignored' is unknown. Section ignored.
### mwldeppc.exe Linker Warning:
#   Section '.ignored' is unknown. Section ignored.
### mwldeppc.exe Linker Warning:
#   Section '.ignored' is unknown. Section ignored.
### mwldeppc.exe Linker Warning:
#   Section '.ignored' is unknown. Section ignored.
### mwldeppc.exe Linker Warning:
#   Section '.ignored' is unknown. Section ignored.
### mwldeppc.exe Linker Warning:
#   Section '.ignored' is unknown. Section ignored.
### mwldeppc.exe Linker Warning:
#   Section '.ignored' is unknown. Section ignored.
### mwldeppc.exe Linker Warning:
#   Section '.ignored' is unknown. Section ignored.
### mwldeppc.exe Linker Warning:
#   Section '.ignored' is unknown. Section ignored.
### mwldeppc.exe Linker Warning:
#   Section '.ignored' is unknown. Section ignored.
### mwldeppc.exe Linker Warning:
#   Section '.ignored' is unknown. Section ignored.
### mwldeppc.exe Linker Warning:
#   Section '.ignored' is unknown. Section ignored.
### mwldeppc.exe Linker Warning:
#   Section '.ignored' is unknown. Section ignored.
### mwldeppc.exe Linker Warning:
#   Section '.ignored' is unknown. Section ignored.
### mwldeppc.exe Linker Warning:
#   Section '.ignored' is unknown. Section ignored.
### mwldeppc.exe Linker Warning:
#   Section '.ignored' is unknown. Section ignored.
### mwldeppc.exe Linker Warning:
#   Section '.ignored' is unknown. Section ignored.
### mwldeppc.exe Linker Warning:
#   Section '.ignored' is unknown. Section ignored.
### mwldeppc.exe Linker Warning:
#   Section '.ignored' is unknown. Section ignored.
### mwldeppc.exe Linker Warning:
#   Section '.ignored' is unknown. Section ignored.
### mwldeppc.exe Linker Warning:
#   Section '.ignored' is unknown. Section ignored.
### mwldeppc.exe Linker Warning:
#   Section '.ignored' is unknown. Section ignored.
### mwldeppc.exe Linker Warning:
#   Section '.ignored' is unknown. Section ignored.
### mwldeppc.exe Linker Warning:
#   Section '.ignored' is unknown. Section ignored.
### mwldeppc.exe Linker Warning:
#   Section '.ignored' is unknown. Section ignored.
### mwldeppc.exe Linker Warning:
#   Section '.ignored' is unknown. Section ignored.
### mwldeppc.exe Linker Warning:
#   Section '.ignored' is unknown. Section ignored.
### mwldeppc.exe Linker Warning:
#   Section '.ignored' is unknown. Section ignored.
### mwldeppc.exe Linker Warning:
#   Section '.ignored' is unknown. Section ignored.
### mwldeppc.exe Linker Warning:
#   Section '.ignored' is unknown. Section ignored.
### mwldeppc.exe Linker Warning:
#   Section '.ignored' is unknown. Section ignored.
### mwldeppc.exe Linker Warning:
#   Section '.ignored' is unknown. Section ignored.
### mwldeppc.exe Linker Warning:
#   Section '.ignored' is unknown. Section ignored.
### mwldeppc.exe Linker Warning:
#   Section '.ignored' is unknown. Section ignored.
### mwldeppc.exe Linker Warning:
#   Section '.ignored' is unknown. Section ignored.
### mwldeppc.exe Linker Warning:
#   Section '.ignored' is unknown. Section ignored.
### mwldeppc.exe Linker Warning:
#   Section '.ignored' is unknown. Section ignored.
### mwldeppc.exe Linker Warning:
#   Section '.ignored' is unknown. Section ignored.
### mwldeppc.exe Linker Warning:
#   Section '.ignored' is unknown. Section ignored.
### mwldeppc.exe Linker Warning:
#   Section '.ignored' is unknown. Section ignored.
### mwldeppc.exe Linker Warning:
#   Section '.ignored' is unknown. Section ignored.
### mwldeppc.exe Linker Warning:
#   Section '.ignored' is unknown. Section ignored.
### mwldeppc.exe Linker Warning:
#   Section '.ignored' is unknown. Section ignored.
### mwldeppc.exe Linker Warning:
#   Section '.ignored' is unknown. Section ignored.
### mwldeppc.exe Linker Warning:
#   Section '.ignored' is unknown. Section ignored.
### mwldeppc.exe Linker Warning:
#   Section '.ignored' is unknown. Section ignored.
### mwldeppc.exe Linker Warning:
#   Section '.ignored' is unknown. Section ignored.
### mwldeppc.exe Linker Warning:
#   Section '.ignored' is unknown. Section ignored.
### mwldeppc.exe Linker Warning:
#   Section '.ignored' is unknown. Section ignored.
### mwldeppc.exe Linker Warning:
#   Section '.ignored' is unknown. Section ignored.
### mwldeppc.exe Linker Warning:
#   Section '.ignored' is unknown. Section ignored.
### mwldeppc.exe Linker Warning:
#   Section '.ignored' is unknown. Section ignored.
### mwldeppc.exe Linker Warning:
#   Section '.ignored' is unknown. Section ignored.
### mwldeppc.exe Linker Warning:
#   Section '.ignored' is unknown. Section ignored.
### mwldeppc.exe Linker Warning:
#   Section '.ignored' is unknown. Section ignored.
### mwldeppc.exe Linker Warning:
#   Section '.ignored' is unknown. Section ignored.
### mwldeppc.exe Linker Warning:
#   Section '.ignored' is unknown. Section ignored.
### mwldeppc.exe Linker Warning:
#   Section '.ignored' is unknown. Section ignored.
### mwldeppc.exe Linker Warning:
#   Section '.ignored' is unknown. Section ignored.
### mwldeppc.exe Linker Warning:
#   Section '.ignored' is unknown. Section ignored.
### mwldeppc.exe Linker Warning:
#   Section '.ignored' is unknown. Section ignored.
### mwldeppc.exe Linker Warning:
#   Section '.ignored' is unknown. Section ignored.
### mwldeppc.exe Linker Warning:
#   Section '.ignored' is unknown. Section ignored.
### mwldeppc.exe Linker Warning:
#   Section '.ignored' is unknown. Section ignored.
### mwldeppc.exe Linker Warning:
#   Section '.ignored' is unknown. Section ignored.
### mwldeppc.exe Linker Warning:
#   Section '.ignored' is unknown. Section ignored.
### mwldeppc.exe Linker Warning:
#   Section '.ignored' is unknown. Section ignored.
### mwldeppc.exe Linker Warning:
#   Section '.ignored' is unknown. Section ignored.
### mwldeppc.exe Linker Warning:
#   Section '.ignored' is unknown. Section ignored.
### mwldeppc.exe Linker Warning:
#   Section '.ignored' is unknown. Section ignored.
### mwldeppc.exe Linker Warning:
#   Section '.ignored' is unknown. Section ignored.
### mwldeppc.exe Linker Warning:
#   Section '.ignored' is unknown. Section ignored.
### mwldeppc.exe Linker Warning:
#   Section '.ignored' is unknown. Section ignored.
### mwldeppc.exe Linker Warning:
#   Section '.ignored' is unknown. Section ignored.
### mwldeppc.exe Linker Warning:
#   Section '.ignored' is unknown. Section ignored.
### mwldeppc.exe Linker Warning:
#   Section '.ignored' is unknown. Section ignored.
### mwldeppc.exe Linker Warning:
#   Section '.ignored' is unknown. Section ignored.
### mwldeppc.exe Linker Warning:
#   Section '.ignored' is unknown. Section ignored.
### mwldeppc.exe Linker Warning:
#   Section '.ignored' is unknown. Section ignored.
### mwldeppc.exe Linker Warning:
#   Section '.ignored' is unknown. Section ignored.
### mwldeppc.exe Linker Warning:
#   Section '.ignored' is unknown. Section ignored.
### mwldeppc.exe Linker Warning:
#   Section '.ignored' is unknown. Section ignored.
### mwldeppc.exe Linker Warning:
#   Section '.ignored' is unknown. Section ignored.
### mwldeppc.exe Linker Warning:
#   Section '.ignored' is unknown. Section ignored.
### mwldeppc.exe Linker Warning:
#   Section '.ignored' is unknown. Section ignored.
### mwldeppc.exe Linker Warning:
#   Section '.ignored' is unknown. Section ignored.
### mwldeppc.exe Linker Warning:
#   Section '.ignored' is unknown. Section ignored.
### mwldeppc.exe Linker Warning:
#   Section '.ignored' is unknown. Section ignored.
### mwldeppc.exe Linker Warning:
#   Section '.ignored' is unknown. Section ignored.
### mwldeppc.exe Linker Warning:
#   Section '.ignored' is unknown. Section ignored.
### mwldeppc.exe Linker Warning:
#   Section '.ignored' is unknown. Section ignored.
### mwldeppc.exe Linker Warning:
#   Section '.ignored' is unknown. Section ignored.
### mwldeppc.exe Linker Warning:
#   Section '.ignored' is unknown. Section ignored.
### mwldeppc.exe Linker Warning:
#   Section '.ignored' is unknown. Section ignored.
### mwldeppc.exe Linker Warning:
#   Section '.ignored' is unknown. Section ignored.
### mwldeppc.exe Linker Warning:
#   Section '.ignored' is unknown. Section ignored.
### mwldeppc.exe Linker Warning:
#   Section '.ignored' is unknown. Section ignored.
### mwldeppc.exe Linker Warning:
#   Section '.ignored' is unknown. Section ignored.
### mwldeppc.exe Linker Warning:
#   Section '.ignored' is unknown. Section ignored.
### mwldeppc.exe Linker Warning:
#   Section '.ignored' is unknown. Section ignored.
### mwldeppc.exe Linker Warning:
#   Section '.ignored' is unknown. Section ignored.
### mwldeppc.exe Linker Warning:
#   Section '.ignored' is unknown. Section ignored.
### mwldeppc.exe Linker Warning:
#   Section '.ignored' is unknown. Section ignored.
### mwldeppc.exe Linker Warning:
#   Section '.ignored' is unknown. Section ignored.
### mwldeppc.exe Linker Warning:
#   Section '.ignored' is unknown. Section ignored.
### mwldeppc.exe Linker Warning:
#   Section '.ignored' is unknown. Section ignored.
### mwldeppc.exe Linker Warning:
#   Section '.ignored' is unknown. Section ignored.
### mwldeppc.exe Linker Warning:
#   Section '.ignored' is unknown. Section ignored.
### mwldeppc.exe Linker Warning:
#   Section '.ignored' is unknown. Section ignored.
### mwldeppc.exe Linker Warning:
#   Section '.ignored' is unknown. Section ignored.
### mwldeppc.exe Linker Warning:
#   Section '.ignored' is unknown. Section ignored.
### mwldeppc.exe Linker Warning:
#   Section '.ignored' is unknown. Section ignored.
### mwldeppc.exe Linker Warning:
#   Section '.ignored' is unknown. Section ignored.
### mwldeppc.exe Linker Warning:
#   Section '.ignored' is unknown. Section ignored.
### mwldeppc.exe Linker Warning:
#   Section '.ignored' is unknown. Section ignored.
### mwldeppc.exe Linker Warning:
#   Section '.ignored' is unknown. Section ignored.
### mwldeppc.exe Linker Warning:
#   Section '.ignored' is unknown. Section ignored.
### mwldeppc.exe Linker Warning:
#   Section '.ignored' is unknown. Section ignored.
### mwldeppc.exe Linker Warning:
#   Section '.ignored' is unknown. Section ignored.
### mwldeppc.exe Linker Warning:
#   Section '.ignored' is unknown. Section ignored.
### mwldeppc.exe Linker Warning:
#   Section '.ignored' is unknown. Section ignored.
### mwldeppc.exe Linker Warning:
#   Section '.ignored' is unknown. Section ignored.
### mwldeppc.exe Linker Warning:
#   Section '.ignored' is unknown. Section ignored.
### mwldeppc.exe Linker Warning:
#   Section '.ignored' is unknown. Section ignored.
### mwldeppc.exe Linker Warning:
#   Section '.ignored' is unknown. Section ignored.
### mwldeppc.exe Linker Warning:
#   Section '.ignored' is unknown. Section ignored.
### mwldeppc.exe Linker Warning:
#   Section '.ignored' is unknown. Section ignored.
### mwldeppc.exe Linker Warning:
#   Section '.ignored' is unknown. Section ignored.
### mwldeppc.exe Linker Warning:
#   Section '.ignored' is unknown. Section ignored.
### mwldeppc.exe Linker Warning:
#   Section '.ignored' is unknown. Section ignored.
### mwldeppc.exe Linker Warning:
#   Section '.ignored' is unknown. Section ignored.
### mwldeppc.exe Linker Warning:
#   Section '.ignored' is unknown. Section ignored.
### mwldeppc.exe Linker Warning:
#   Section '.ignored' is unknown. Section ignored.
### mwldeppc.exe Linker Warning:
#   Section '.ignored' is unknown. Section ignored.
### mwldeppc.exe Linker Warning:
#   Section '.ignored' is unknown. Section ignored.
### mwldeppc.exe Linker Warning:
#   Section '.ignored' is unknown. Section ignored.
### mwldeppc.exe Linker Warning:
#   Section '.ignored' is unknown. Section ignored.
### mwldeppc.exe Linker Warning:
#   Section '.ignored' is unknown. Section ignored.
### mwldeppc.exe Linker Warning:
#   Section '.ignored' is unknown. Section ignored.
### mwldeppc.exe Linker Warning:
#   Section '.ignored' is unknown. Section ignored.
### mwldeppc.exe Linker Warning:
#   Section '.ignored' is unknown. Section ignored.
### mwldeppc.exe Linker Warning:
#   Section '.ignored' is unknown. Section ignored.
### mwldeppc.exe Linker Warning:
#   Section '.ignored' is unknown. Section ignored.
### mwldeppc.exe Linker Warning:
#   Section '.ignored' is unknown. Section ignored.
### mwldeppc.exe Linker Warning:
#   Section '.ignored' is unknown. Section ignored.
### mwldeppc.exe Linker Warning:
#   Section '.ignored' is unknown. Section ignored.
### mwldeppc.exe Linker Warning:
#   Section '.ignored' is unknown. Section ignored.
### mwldeppc.exe Linker Warning:
#   Section '.ignored' is unknown. Section ignored.
### mwldeppc.exe Linker Warning:
#   Section '.ignored' is unknown. Section ignored.
### mwldeppc.exe Linker Warning:
#   Section '.ignored' is unknown. Section ignored.
### mwldeppc.exe Linker Warning:
#   Section '.ignored' is unknown. Section ignored.
### mwldeppc.exe Linker Warning:
#   Section '.ignored' is unknown. Section ignored.
### mwldeppc.exe Linker Warning:
#   Section '.ignored' is unknown. Section ignored.
### mwldeppc.exe Linker Warning:
#   Section '.ignored' is unknown. Section ignored.
### mwldeppc.exe Linker Warning:
#   Section '.ignored' is unknown. Section ignored.
### mwldeppc.exe Linker Warning:
#   Section '.ignored' is unknown. Section ignored.
### mwldeppc.exe Linker Warning:
#   Section '.ignored' is unknown. Section ignored.
### mwldeppc.exe Linker Warning:
#   Section '.ignored' is unknown. Section ignored.
### mwldeppc.exe Linker Warning:
#   Section '.ignored' is unknown. Section ignored.
### mwldeppc.exe Linker Warning:
#   Section '.ignored' is unknown. Section ignored.
### mwldeppc.exe Linker Warning:
#   Section '.ignored' is unknown. Section ignored.
### mwldeppc.exe Linker Warning:
#   Section '.ignored' is unknown. Section ignored.
### mwldeppc.exe Linker Warning:
#   Section '.ignored' is unknown. Section ignored.
### mwldeppc.exe Linker Warning:
#   Section '.ignored' is unknown. Section ignored.
### mwldeppc.exe Linker Warning:
#   Section '.ignored' is unknown. Section ignored.
### mwldeppc.exe Linker Warning:
#   Section '.ignored' is unknown. Section ignored.
### mwldeppc.exe Linker Warning:
#   Section '.ignored' is unknown. Section ignored.
### mwldeppc.exe Linker Warning:
#   Section '.ignored' is unknown. Section ignored.
### mwldeppc.exe Linker Warning:
#   Section '.ignored' is unknown. Section ignored.
### mwldeppc.exe Linker Warning:
#   Section '.ignored' is unknown. Section ignored.
### mwldeppc.exe Linker Warning:
#   Section '.ignored' is unknown. Section ignored.
### mwldeppc.exe Linker Warning:
#   Section '.ignored' is unknown. Section ignored.
### mwldeppc.exe Linker Warning:
#   Section '.ignored' is unknown. Section ignored.
### mwldeppc.exe Linker Warning:
#   Section '.ignored' is unknown. Section ignored.
### mwldeppc.exe Linker Warning:
#   Section '.ignored' is unknown. Section ignored.
### mwldeppc.exe Linker Warning:
#   Section '.ignored' is unknown. Section ignored.
### mwldeppc.exe Linker Warning:
#   Section '.ignored' is unknown. Section ignored.
### mwldeppc.exe Linker Warning:
#   Section '.ignored' is unknown. Section ignored.
### mwldeppc.exe Linker Warning:
#   Section '.ignored' is unknown. Section ignored.
### mwldeppc.exe Linker Warning:
#   Section '.ignored' is unknown. Section ignored.
### mwldeppc.exe Linker Warning:
#   Section '.ignored' is unknown. Section ignored.
### mwldeppc.exe Linker Warning:
#   Section '.ignored' is unknown. Section ignored.
### mwldeppc.exe Linker Warning:
#   Section '.ignored' is unknown. Section ignored.
### mwldeppc.exe Linker Warning:
#   Section '.ignored' is unknown. Section ignored.
### mwldeppc.exe Linker Warning:
#   Section '.ignored' is unknown. Section ignored.
### mwldeppc.exe Linker Warning:
#   Section '.ignored' is unknown. Section ignored.
### mwldeppc.exe Linker Warning:
#   Section '.ignored' is unknown. Section ignored.
### mwldeppc.exe Linker Warning:
#   Section '.ignored' is unknown. Section ignored.
### mwldeppc.exe Linker Warning:
#   Section '.ignored' is unknown. Section ignored.
### mwldeppc.exe Linker Warning:
#   Section '.ignored' is unknown. Section ignored.
### mwldeppc.exe Linker Warning:
#   Section '.ignored' is unknown. Section ignored.
### mwldeppc.exe Linker Warning:
#   Section '.ignored' is unknown. Section ignored.
### mwldeppc.exe Linker Warning:
#   Section '.ignored' is unknown. Section ignored.
### mwldeppc.exe Linker Warning:
#   Section '.ignored' is unknown. Section ignored.
### mwldeppc.exe Linker Warning:
#   Section '.ignored' is unknown. Section ignored.
### mwldeppc.exe Linker Warning:
#   Section '.ignored' is unknown. Section ignored.
### mwldeppc.exe Linker Warning:
#   Section '.ignored' is unknown. Section ignored.
### mwldeppc.exe Linker Warning:
#   Section '.ignored' is unknown. Section ignored.
### mwldeppc.exe Linker Warning:
#   Section '.ignored' is unknown. Section ignored.
### mwldeppc.exe Linker Warning:
#   Section '.ignored' is unknown. Section ignored.
### mwldeppc.exe Linker Warning:
#   Section '.ignored' is unknown. Section ignored.
### mwldeppc.exe Linker Warning:
#   Section '.ignored' is unknown. Section ignored.
### mwldeppc.exe Linker Warning:
#   Section '.ignored' is unknown. Section ignored.
### mwldeppc.exe Linker Warning:
#   Section '.ignored' is unknown. Section ignored.
### mwldeppc.exe Linker Warning:
#   Section '.ignored' is unknown. Section ignored.
### mwldeppc.exe Linker Warning:
#   Section '.ignored' is unknown. Section ignored.
### mwldeppc.exe Linker Warning:
#   Section '.ignored' is unknown. Section ignored.
### mwldeppc.exe Linker Warning:
#   Section '.ignored' is unknown. Section ignored.
### mwldeppc.exe Linker Warning:
#   Section '.ignored' is unknown. Section ignored.
### mwldeppc.exe Linker Warning:
#   Section '.ignored' is unknown. Section ignored.
### mwldeppc.exe Linker Warning:
#   Section '.ignored' is unknown. Section ignored.
### mwldeppc.exe Linker Warning:
#   Section '.ignored' is unknown. Section ignored.
### mwldeppc.exe Linker Warning:
#   Section '.ignored' is unknown. Section ignored.
### mwldeppc.exe Linker Warning:
#   Section '.ignored' is unknown. Section ignored.
### mwldeppc.exe Linker Warning:
#   Section '.ignored' is unknown. Section ignored.
### mwldeppc.exe Linker Warning:
#   Section '.ignored' is unknown. Section ignored.
### mwldeppc.exe Linker Warning:
#   Section '.ignored' is unknown. Section ignored.
### mwldeppc.exe Linker Warning:
#   Section '.ignored' is unknown. Section ignored.
### mwldeppc.exe Linker Warning:
#   Section '.ignored' is unknown. Section ignored.
### mwldeppc.exe Linker Warning:
#   Section '.ignored' is unknown. Section ignored.
### mwldeppc.exe Linker Warning:
#   Section '.ignored' is unknown. Section ignored.
### mwldeppc.exe Linker Warning:
#   Section '.ignored' is unknown. Section ignored.
### mwldeppc.exe Linker Warning:
#   Section '.ignored' is unknown. Section ignored.
### mwldeppc.exe Linker Warning:
#   Section '.ignored' is unknown. Section ignored.
### mwldeppc.exe Linker Warning:
#   Section '.ignored' is unknown. Section ignored.
### mwldeppc.exe Linker Warning:
#   Section '.ignored' is unknown. Section ignored.
### mwldeppc.exe Linker Warning:
#   Section '.ignored' is unknown. Section ignored.
### mwldeppc.exe Linker Warning:
#   Section '.ignored' is unknown. Section ignored.
### mwldeppc.exe Linker Warning:
#   Section '.ignored' is unknown. Section ignored.
### mwldeppc.exe Linker Warning:
#   Section '.ignored' is unknown. Section ignored.
### mwldeppc.exe Linker Warning:
#   Section '.ignored' is unknown. Section ignored.
### mwldeppc.exe Linker Warning:
#   Section '.ignored' is unknown. Section ignored.
### mwldeppc.exe Linker Warning:
#   Section '.ignored' is unknown. Section ignored.
### mwldeppc.exe Linker Warning:
#   Section '.ignored' is unknown. Section ignored.
### mwldeppc.exe Linker Warning:
#   Section '.ignored' is unknown. Section ignored.
### mwldeppc.exe Linker Warning:
#   Section '.ignored' is unknown. Section ignored.
### mwldeppc.exe Linker Warning:
#   Section '.ignored' is unknown. Section ignored.
### mwldeppc.exe Linker Warning:
#   Section '.ignored' is unknown. Section ignored.
### mwldeppc.exe Linker Warning:
#   Section '.ignored' is unknown. Section ignored.
### mwldeppc.exe Linker Warning:
#   Section '.ignored' is unknown. Section ignored.
### mwldeppc.exe Linker Warning:
#   Section '.ignored' is unknown. Section ignored.
### mwldeppc.exe Linker Warning:
#   Section '.ignored' is unknown. Section ignored.
### mwldeppc.exe Linker Warning:
#   Section '.ignored' is unknown. Section ignored.
### mwldeppc.exe Linker Warning:
#   Section '.ignored' is unknown. Section ignored.
### mwldeppc.exe Linker Warning:
#   Section '.ignored' is unknown. Section ignored.
### mwldeppc.exe Linker Warning:
#   Section '.ignored' is unknown. Section ignored.
### mwldeppc.exe Linker Warning:
#   Section '.ignored' is unknown. Section ignored.
### mwldeppc.exe Linker Warning:
#   Section '.ignored' is unknown. Section ignored.
### mwldeppc.exe Linker Warning:
#   Section '.ignored' is unknown. Section ignored.
### mwldeppc.exe Linker Warning:
#   Section '.ignored' is unknown. Section ignored.
### mwldeppc.exe Linker Warning:
#   Section '.ignored' is unknown. Section ignored.
### mwldeppc.exe Linker Warning:
#   Section '.ignored' is unknown. Section ignored.
### mwldeppc.exe Linker Warning:
#   Section '.ignored' is unknown. Section ignored.
### mwldeppc.exe Linker Warning:
#   Section '.ignored' is unknown. Section ignored.
### mwldeppc.exe Linker Warning:
#   Section '.ignored' is unknown. Section ignored.
### mwldeppc.exe Linker Warning:
#   Section '.ignored' is unknown. Section ignored.
### mwldeppc.exe Linker Warning:
#   Section '.ignored' is unknown. Section ignored.
### mwldeppc.exe Linker Warning:
#   Section '.ignored' is unknown. Section ignored.
### mwldeppc.exe Linker Warning:
#   Section '.ignored' is unknown. Section ignored.
### mwldeppc.exe Linker Warning:
#   Section '.ignored' is unknown. Section ignored.
### mwldeppc.exe Linker Warning:
#   Section '.ignored' is unknown. Section ignored.
### mwldeppc.exe Linker Warning:
#   Section '.ignored' is unknown. Section ignored.
### mwldeppc.exe Linker Warning:
#   Section '.ignored' is unknown. Section ignored.
### mwldeppc.exe Linker Warning:
#   Section '.ignored' is unknown. Section ignored.
### mwldeppc.exe Linker Warning:
#   Section '.ignored' is unknown. Section ignored.
### mwldeppc.exe Linker Warning:
#   Section '.ignored' is unknown. Section ignored.
### mwldeppc.exe Linker Warning:
#   Section '.ignored' is unknown. Section ignored.
### mwldeppc.exe Linker Warning:
#   Section '.ignored' is unknown. Section ignored.
### mwldeppc.exe Linker Warning:
#   Section '.ignored' is unknown. Section ignored.
### mwldeppc.exe Linker Warning:
#   Section '.ignored' is unknown. Section ignored.
### mwldeppc.exe Linker Warning:
#   Section '.ignored' is unknown. Section ignored.
### mwldeppc.exe Linker Warning:
#   Section '.ignored' is unknown. Section ignored.
### mwldeppc.exe Linker Warning:
#   Section '.ignored' is unknown. Section ignored.
### mwldeppc.exe Linker Warning:
#   Section '.ignored' is unknown. Section ignored.
### mwldeppc.exe Linker Warning:
#   Section '.ignored' is unknown. Section ignored.
### mwldeppc.exe Linker Warning:
#   Section '.ignored' is unknown. Section ignored.
### mwldeppc.exe Linker Warning:
#   Section '.ignored' is unknown. Section ignored.
### mwldeppc.exe Linker Warning:
#   Section '.ignored' is unknown. Section ignored.
### mwldeppc.exe Linker Warning:
#   Section '.ignored' is unknown. Section ignored.
### mwldeppc.exe Linker Warning:
#   Section '.ignored' is unknown. Section ignored.
### mwldeppc.exe Linker Warning:
#   Section '.ignored' is unknown. Section ignored.
### mwldeppc.exe Linker Warning:
#   Section '.ignored' is unknown. Section ignored.
### mwldeppc.exe Linker Warning:
#   Section '.ignored' is unknown. Section ignored.
### mwldeppc.exe Linker Warning:
#   Section '.ignored' is unknown. Section ignored.
### mwldeppc.exe Linker Warning:
#   Section '.ignored' is unknown. Section ignored.
### mwldeppc.exe Linker Warning:
#   Section '.ignored' is unknown. Section ignored.
### mwldeppc.exe Linker Warning:
#   Section '.ignored' is unknown. Section ignored.
### mwldeppc.exe Linker Warning:
#   Section '.ignored' is unknown. Section ignored.
### mwldeppc.exe Linker Warning:
#   Section '.ignored' is unknown. Section ignored.
### mwldeppc.exe Linker Warning:
#   Section '.ignored' is unknown. Section ignored.
### mwldeppc.exe Linker Warning:
#   Section '.ignored' is unknown. Section ignored.
### mwldeppc.exe Linker Warning:
#   Section '.ignored' is unknown. Section ignored.
### mwldeppc.exe Linker Warning:
#   Section '.ignored' is unknown. Section ignored.
### mwldeppc.exe Linker Warning:
#   Section '.ignored' is unknown. Section ignored.
### mwldeppc.exe Linker Warning:
#   Section '.ignored' is unknown. Section ignored.
### mwldeppc.exe Linker Warning:
#   Section '.ignored' is unknown. Section ignored.
### mwldeppc.exe Linker Warning:
#   Section '.ignored' is unknown. Section ignored.
### mwldeppc.exe Linker Warning:
#   Section '.ignored' is unknown. Section ignored.
### mwldeppc.exe Linker Warning:
#   Section '.ignored' is unknown. Section ignored.
### mwldeppc.exe Linker Warning:
#   Section '.ignored' is unknown. Section ignored.
### mwldeppc.exe Linker Warning:
#   Section '.ignored' is unknown. Section ignored.
### mwldeppc.exe Linker Warning:
#   Section '.ignored' is unknown. Section ignored.
### mwldeppc.exe Linker Warning:
#   Section '.ignored' is unknown. Section ignored.
### mwldeppc.exe Linker Warning:
#   Section '.ignored' is unknown. Section ignored.
### mwldeppc.exe Linker Warning:
#   Section '.ignored' is unknown. Section ignored.
### mwldeppc.exe Linker Warning:
#   Section '.ignored' is unknown. Section ignored.
### mwldeppc.exe Linker Warning:
#   Section '.ignored' is unknown. Section ignored.
### mwldeppc.exe Linker Warning:
#   Section '.ignored' is unknown. Section ignored.
### mwldeppc.exe Linker Warning:
#   Section '.ignored' is unknown. Section ignored.
### mwldeppc.exe Linker Warning:
#   Section '.ignored' is unknown. Section ignored.
### mwldeppc.exe Linker Warning:
#   Section '.ignored' is unknown. Section ignored.
### mwldeppc.exe Linker Warning:
#   Section '.ignored' is unknown. Section ignored.
### mwldeppc.exe Linker Warning:
#   Section '.ignored' is unknown. Section ignored.
### mwldeppc.exe Linker Warning:
#   Section '.ignored' is unknown. Section ignored.
### mwldeppc.exe Linker Warning:
#   Section '.ignored' is unknown. Section ignored.
### mwldeppc.exe Linker Warning:
#   Section '.ignored' is unknown. Section ignored.
### mwldeppc.exe Linker Warning:
#   Section '.ignored' is unknown. Section ignored.
### mwldeppc.exe Linker Warning:
#   Section '.ignored' is unknown. Section ignored.
### mwldeppc.exe Linker Warning:
#   Section '.ignored' is unknown. Section ignored.
### mwldeppc.exe Linker Warning:
#   Section '.ignored' is unknown. Section ignored.
### mwldeppc.exe Linker Warning:
#   Section '.ignored' is unknown. Section ignored.
### mwldeppc.exe Linker Warning:
#   Section '.ignored' is unknown. Section ignored.
### mwldeppc.exe Linker Warning:
#   Section '.ignored' is unknown. Section ignored.
### mwldeppc.exe Linker Warning:
#   Section '.ignored' is unknown. Section ignored.
### mwldeppc.exe Linker Warning:
#   Section '.ignored' is unknown. Section ignored.
### mwldeppc.exe Linker Warning:
#   Section '.ignored' is unknown. Section ignored.
### mwldeppc.exe Linker Warning:
#   Section '.ignored' is unknown. Section ignored.
### mwldeppc.exe Linker Warning:
#   Section '.ignored' is unknown. Section ignored.
### mwldeppc.exe Linker Warning:
#   Section '.ignored' is unknown. Section ignored.
### mwldeppc.exe Linker Warning:
#   Section '.ignored' is unknown. Section ignored.
### mwldeppc.exe Linker Warning:
#   Section '.ignored' is unknown. Section ignored.
### mwldeppc.exe Linker Warning:
#   Section '.ignored' is unknown. Section ignored.
### mwldeppc.exe Linker Warning:
#   Section '.ignored' is unknown. Section ignored.
### mwldeppc.exe Linker Warning:
#   Section '.ignored' is unknown. Section ignored.
### mwldeppc.exe Linker Warning:
#   Section '.ignored' is unknown. Section ignored.
### mwldeppc.exe Linker Warning:
#   Section '.ignored' is unknown. Section ignored.
### mwldeppc.exe Linker Warning:
#   Section '.ignored' is unknown. Section ignored.
### mwldeppc.exe Linker Warning:
#   Section '.ignored' is unknown. Section ignored.
### mwldeppc.exe Linker Warning:
#   Section '.ignored' is unknown. Section ignored.
### mwldeppc.exe Linker Warning:
#   Section '.ignored' is unknown. Section ignored.
### mwldeppc.exe Linker Warning:
#   Section '.ignored' is unknown. Section ignored.
### mwldeppc.exe Linker Warning:
#   Section '.ignored' is unknown. Section ignored.
### mwldeppc.exe Linker Warning:
#   Section '.ignored' is unknown. Section ignored.
### mwldeppc.exe Linker Warning:
#   Section '.ignored' is unknown. Section ignored.
### mwldeppc.exe Linker Warning:
#   Section '.ignored' is unknown. Section ignored.
### mwldeppc.exe Linker Warning:
#   Section '.ignored' is unknown. Section ignored.
### mwldeppc.exe Linker Warning:
#   Section '.ignored' is unknown. Section ignored.
### mwldeppc.exe Linker Warning:
#   Section '.ignored' is unknown. Section ignored.
### mwldeppc.exe Linker Warning:
#   Section '.ignored' is unknown. Section ignored.
### mwldeppc.exe Linker Warning:
#   Section '.ignored' is unknown. Section ignored.
### mwldeppc.exe Linker Warning:
#   Section '.ignored' is unknown. Section ignored.
### mwldeppc.exe Linker Warning:
#   Section '.ignored' is unknown. Section ignored.
### mwldeppc.exe Linker Warning:
#   Section '.ignored' is unknown. Section ignored.
### mwldeppc.exe Linker Warning:
#   Section '.ignored' is unknown. Section ignored.
### mwldeppc.exe Linker Warning:
#   Section '.ignored' is unknown. Section ignored.
### mwldeppc.exe Linker Warning:
#   Section '.ignored' is unknown. Section ignored.
### mwldeppc.exe Linker Warning:
#   Section '.ignored' is unknown. Section ignored.
### mwldeppc.exe Linker Warning:
#   Section '.ignored' is unknown. Section ignored.
### mwldeppc.exe Linker Warning:
#   Section '.ignored' is unknown. Section ignored.
### mwldeppc.exe Linker Warning:
#   Section '.ignored' is unknown. Section ignored.
### mwldeppc.exe Linker Warning:
#   Section '.ignored' is unknown. Section ignored.
### mwldeppc.exe Linker Warning:
#   Section '.ignored' is unknown. Section ignored.
### mwldeppc.exe Linker Warning:
#   Section '.ignored' is unknown. Section ignored.
### mwldeppc.exe Linker Warning:
#   Section '.ignored' is unknown. Section ignored.
### mwldeppc.exe Linker Warning:
#   Section '.ignored' is unknown. Section ignored.
### mwldeppc.exe Linker Warning:
#   Section '.ignored' is unknown. Section ignored.
### mwldeppc.exe Linker Warning:
#   Section '.ignored' is unknown. Section ignored.
### mwldeppc.exe Linker Warning:
#   Section '.ignored' is unknown. Section ignored.
### mwldeppc.exe Linker Warning:
#   Section '.ignored' is unknown. Section ignored.
### mwldeppc.exe Linker Warning:
#   Section '.ignored' is unknown. Section ignored.
### mwldeppc.exe Linker Warning:
#   Section '.ignored' is unknown. Section ignored.
### mwldeppc.exe Linker Warning:
#   Section '.ignored' is unknown. Section ignored.
### mwldeppc.exe Linker Warning:
#   Section '.ignored' is unknown. Section ignored.
### mwldeppc.exe Linker Warning:
#   Section '.ignored' is unknown. Section ignored.
### mwldeppc.exe Linker Warning:
#   Section '.ignored' is unknown. Section ignored.
### mwldeppc.exe Linker Warning:
#   Section '.ignored' is unknown. Section ignored.
### mwldeppc.exe Linker Warning:
#   Section '.ignored' is unknown. Section ignored.
### mwldeppc.exe Linker Warning:
#   Section '.ignored' is unknown. Section ignored.
### mwldeppc.exe Linker Warning:
#   Section '.ignored' is unknown. Section ignored.
### mwldeppc.exe Linker Warning:
#   Section '.ignored' is unknown. Section ignored.
### mwldeppc.exe Linker Warning:
#   Section '.ignored' is unknown. Section ignored.
### mwldeppc.exe Linker Warning:
#   Section '.ignored' is unknown. Section ignored.
### mwldeppc.exe Linker Warning:
#   Section '.ignored' is unknown. Section ignored.
### mwldeppc.exe Linker Warning:
#   Section '.ignored' is unknown. Section ignored.
### mwldeppc.exe Linker Warning:
#   Section '.ignored' is unknown. Section ignored.
### mwldeppc.exe Linker Warning:
#   Section '.ignored' is unknown. Section ignored.
### mwldeppc.exe Linker Warning:
#   Section '.ignored' is unknown. Section ignored.
### mwldeppc.exe Linker Warning:
#   Section '.ignored' is unknown. Section ignored.
### mwldeppc.exe Linker Warning:
#   Section '.ignored' is unknown. Section ignored.
### mwldeppc.exe Linker Warning:
#   Section '.ignored' is unknown. Section ignored.
### mwldeppc.exe Linker Warning:
#   Section '.ignored' is unknown. Section ignored.
### mwldeppc.exe Linker Warning:
#   Section '.ignored' is unknown. Section ignored.
### mwldeppc.exe Linker Warning:
#   Section '.ignored' is unknown. Section ignored.
### mwldeppc.exe Linker Warning:
#   Section '.ignored' is unknown. Section ignored.
### mwldeppc.exe Linker Warning:
#   Section '.ignored' is unknown. Section ignored.
### mwldeppc.exe Linker Warning:
#   Section '.ignored' is unknown. Section ignored.
### mwldeppc.exe Linker Warning:
#   Section '.ignored' is unknown. Section ignored.
### mwldeppc.exe Linker Warning:
#   Section '.ignored' is unknown. Section ignored.
### mwldeppc.exe Linker Warning:
#   Section '.ignored' is unknown. Section ignored.
### mwldeppc.exe Linker Warning:
#   Section '.ignored' is unknown. Section ignored.
### mwldeppc.exe Linker Warning:
#   Section '.ignored' is unknown. Section ignored.
### mwldeppc.exe Linker Warning:
#   Section '.ignored' is unknown. Section ignored.
### mwldeppc.exe Linker Warning:
#   Section '.ignored' is unknown. Section ignored.
### mwldeppc.exe Linker Warning:
#   Section '.ignored' is unknown. Section ignored.
### mwldeppc.exe Linker Warning:
#   Section '.ignored' is unknown. Section ignored.
### mwldeppc.exe Linker Warning:
#   Section '.ignored' is unknown. Section ignored.
### mwldeppc.exe Linker Warning:
#   Section '.ignored' is unknown. Section ignored.
### mwldeppc.exe Linker Warning:
#   Section '.ignored' is unknown. Section ignored.
### mwldeppc.exe Linker Warning:
#   Section '.ignored' is unknown. Section ignored.
### mwldeppc.exe Linker Warning:
#   Section '.ignored' is unknown. Section ignored.
### mwldeppc.exe Linker Warning:
#   Section '.ignored' is unknown. Section ignored.
### mwldeppc.exe Linker Warning:
#   Section '.ignored' is unknown. Section ignored.
### mwldeppc.exe Linker Warning:
#   Section '.ignored' is unknown. Section ignored.
### mwldeppc.exe Linker Warning:
#   Section '.ignored' is unknown. Section ignored.
### mwldeppc.exe Linker Warning:
#   Section '.ignored' is unknown. Section ignored.
### mwldeppc.exe Linker Warning:
#   Section '.ignored' is unknown. Section ignored.
### mwldeppc.exe Linker Warning:
#   Section '.ignored' is unknown. Section ignored.
### mwldeppc.exe Linker Warning:
#   Section '.ignored' is unknown. Section ignored.
### mwldeppc.exe Linker Warning:
#   Section '.ignored' is unknown. Section ignored.
### mwldeppc.exe Linker Warning:
#   Section '.ignored' is unknown. Section ignored.
### mwldeppc.exe Linker Warning:
#   Section '.ignored' is unknown. Section ignored.
### mwldeppc.exe Linker Warning:
#   Section '.ignored' is unknown. Section ignored.
### mwldeppc.exe Linker Warning:
#   Section '.ignored' is unknown. Section ignored.
### mwldeppc.exe Linker Warning:
#   Section '.ignored' is unknown. Section ignored.
### mwldeppc.exe Linker Warning:
#   Section '.ignored' is unknown. Section ignored.
### mwldeppc.exe Linker Warning:
#   Section '.ignored' is unknown. Section ignored.
### mwldeppc.exe Linker Warning:
#   Section '.ignored' is unknown. Section ignored.
### mwldeppc.exe Linker Warning:
#   Section '.ignored' is unknown. Section ignored.
### mwldeppc.exe Linker Warning:
#   Section '.ignored' is unknown. Section ignored.
### mwldeppc.exe Linker Warning:
#   Section '.ignored' is unknown. Section ignored.
### mwldeppc.exe Linker Warning:
#   Section '.ignored' is unknown. Section ignored.
### mwldeppc.exe Linker Warning:
#   Section '.ignored' is unknown. Section ignored.
### mwldeppc.exe Linker Warning:
#   Section '.ignored' is unknown. Section ignored.
### mwldeppc.exe Linker Warning:
#   Section '.ignored' is unknown. Section ignored.
### mwldeppc.exe Linker Warning:
#   Section '.ignored' is unknown. Section ignored.
### mwldeppc.exe Linker Warning:
#   Section '.ignored' is unknown. Section ignored.
### mwldeppc.exe Linker Warning:
#   Section '.ignored' is unknown. Section ignored.
### mwldeppc.exe Linker Warning:
#   Section '.ignored' is unknown. Section ignored.
### mwldeppc.exe Linker Warning:
#   Section '.ignored' is unknown. Section ignored.
### mwldeppc.exe Linker Warning:
#   Section '.ignored' is unknown. Section ignored.
### mwldeppc.exe Linker Warning:
#   Section '.ignored' is unknown. Section ignored.
### mwldeppc.exe Linker Warning:
#   Section '.ignored' is unknown. Section ignored.
### mwldeppc.exe Linker Warning:
#   Section '.ignored' is unknown. Section ignored.
### mwldeppc.exe Linker Warning:
#   Section '.ignored' is unknown. Section ignored.
### mwldeppc.exe Linker Warning:
#   Section '.ignored' is unknown. Section ignored.
### mwldeppc.exe Linker Warning:
#   Section '.ignored' is unknown. Section ignored.
### mwldeppc.exe Linker Warning:
#   Section '.ignored' is unknown. Section ignored.
### mwldeppc.exe Linker Warning:
#   Section '.ignored' is unknown. Section ignored.
### mwldeppc.exe Linker Warning:
#   Section '.ignored' is unknown. Section ignored.
### mwldeppc.exe Linker Warning:
#   Section '.ignored' is unknown. Section ignored.
### mwldeppc.exe Linker Warning:
#   Section '.ignored' is unknown. Section ignored.
### mwldeppc.exe Linker Warning:
#   Section '.ignored' is unknown. Section ignored.
### mwldeppc.exe Linker Warning:
#   Section '.ignored' is unknown. Section ignored.
### mwldeppc.exe Linker Warning:
#   Section '.ignored' is unknown. Section ignored.
### mwldeppc.exe Linker Warning:
#   Section '.ignored' is unknown. Section ignored.
### mwldeppc.exe Linker Warning:
#   Section '.ignored' is unknown. Section ignored.
### mwldeppc.exe Linker Warning:
#   Section '.ignored' is unknown. Section ignored.
### mwldeppc.exe Linker Warning:
#   Section '.ignored' is unknown. Section ignored.
### mwldeppc.exe Linker Warning:
#   Section '.ignored' is unknown. Section ignored.
### mwldeppc.exe Linker Warning:
#   Section '.ignored' is unknown. Section ignored.
### mwldeppc.exe Linker Warning:
#   Section '.ignored' is unknown. Section ignored.
### mwldeppc.exe Linker Warning:
#   Section '.ignored' is unknown. Section ignored.
### mwldeppc.exe Linker Warning:
#   Section '.ignored' is unknown. Section ignored.
### mwldeppc.exe Linker Warning:
#   Section '.ignored' is unknown. Section ignored.
### mwldeppc.exe Linker Warning:
#   Section '.ignored' is unknown. Section ignored.
### mwldeppc.exe Linker Warning:
#   Section '.ignored' is unknown. Section ignored.
### mwldeppc.exe Linker Warning:
#   Section '.ignored' is unknown. Section ignored.
### mwldeppc.exe Linker Warning:
#   Section '.ignored' is unknown. Section ignored.
### mwldeppc.exe Linker Warning:
#   Section '.ignored' is unknown. Section ignored.
### mwldeppc.exe Linker Warning:
#   Section '.ignored' is unknown. Section ignored.
### mwldeppc.exe Linker Warning:
#   Section '.ignored' is unknown. Section ignored.
### mwldeppc.exe Linker Warning:
#   Section '.ignored' is unknown. Section ignored.
### mwldeppc.exe Linker Warning:
#   Section '.ignored' is unknown. Section ignored.
### mwldeppc.exe Linker Warning:
#   Section '.ignored' is unknown. Section ignored.
### mwldeppc.exe Linker Warning:
#   Section '.ignored' is unknown. Section ignored.
[856/858] DOL build/GEDE01/main.dol
[857/858] CHECK config/GEDE01/build.sha1
build/GEDE01/main.dol: OK
[858/858] PROGRESS
Progress:
  All: 56.22% fuzzy, 44.73% matched, 44.73% linked (6162 / 7066 files)
    Code: 1029212 / 2300692 bytes (5927 / 8214 functions)
    Data: 39466 / 4305642 bytes (0.92%)
  Game Code: 90.54% fuzzy, 72.01% matched, 72.01% linked (6144 / 6633 files)
    Code: 1026184 / 1425104 bytes (5865 / 6354 functions)
    Data: 39242 / 40410 bytes (97.11%)
  SDK/Runtime: 100.00% fuzzy, 100.00% matched, 100.00% linked (18 / 18 files)
    Code: 3028 / 3028 bytes (62 / 62 functions)
    Data: 224 / 224 bytes (100.00%)
