[1/888] MWCC build/GEDE01/src/game/game_fn_80008014.o
[2/888] MWCC build/GEDE01/src/game/game_fn_800094C0.o
[3/888] MWCC build/GEDE01/src/game/game_fn_800098C0.o
[4/888] MWCC build/GEDE01/src/game/game_fn_800096E0.o
[5/888] MWCC build/GEDE01/src/game/game_fn_800099D8.o
[6/888] MWCC build/GEDE01/src/game/game_fn_80009AB4.o
[7/888] MWCC build/GEDE01/src/game/game_fn_8000A26C.o
[8/888] MWCC build/GEDE01/src/game/game_fn_8000AC88.o
[9/888] MWCC build/GEDE01/src/game/game_fn_8000AEB4.o
[10/888] MWCC build/GEDE01/src/game/game_fn_8000AFB4.o
[11/888] MWCC build/GEDE01/src/game/game_fn_8000B36C.o
[12/888] MWCC build/GEDE01/src/game/game_fn_8000B1B8.o
[13/888] MWCC build/GEDE01/src/game/game_fn_8000B630.o
[14/888] MWCC build/GEDE01/src/game/game_fn_8000B7FC.o
[15/888] MWCC build/GEDE01/src/game/game_fn_8000BA0C.o
[16/888] MWCC build/GEDE01/src/game/game_fn_8000B900.o
[17/888] MWCC build/GEDE01/src/game/game_fn_8000BAA0.o
[18/888] MWCC build/GEDE01/src/game/game_fn_8000BC40.o
[19/888] MWCC build/GEDE01/src/game/game_fn_8000C06C.o
[20/888] MWCC build/GEDE01/src/game/game_fn_8000C17C.o
[21/888] MWCC build/GEDE01/src/game/game_fn_8000C400.o
[22/888] MWCC build/GEDE01/src/game/game_fn_8000C848.o
[23/888] MWCC build/GEDE01/src/game/game_fn_8000C91C.o
[24/888] MWCC build/GEDE01/src/game/game_fn_8000D0BC.o
[25/888] MWCC build/GEDE01/src/game/game_fn_8000D3D4.o
[26/888] MWCC build/GEDE01/src/game/game_fn_8000D590.o
[27/888] MWCC build/GEDE01/src/game/game_fn_8000DA50.o
[28/888] MWCC build/GEDE01/src/game/game_fn_8000D8A4.o
[29/888] MWCC build/GEDE01/src/game/game_fn_8000E054.o
[30/888] MWCC build/GEDE01/src/game/game_fn_8000DAF4.o
[31/888] MWCC build/GEDE01/src/game/game_fn_8000E0AC.o
[32/888] MWCC build/GEDE01/src/game/game_fn_8000E138.o
[33/888] MWCC build/GEDE01/src/game/game_fn_8000E1C4.o
[34/888] MWCC build/GEDE01/src/game/game_fn_8000E96C.o
[35/888] MWCC build/GEDE01/src/game/game_fn_8000EB14.o
[36/888] MWCC build/GEDE01/src/game/game_fn_8000EBD4.o
[37/888] MWCC build/GEDE01/src/game/game_fn_8000ED44.o
[38/888] MWCC build/GEDE01/src/game/game_fn_8000EFC4.o
[39/888] MWCC build/GEDE01/src/game/game_fn_8000F4B0.o
[40/888] MWCC build/GEDE01/src/game/game_fn_8000F774.o
[41/888] MWCC build/GEDE01/src/game/game_fn_8000FDE8.o
[42/888] MWCC build/GEDE01/src/game/game_fn_8000FFD8.o
[43/888] MWCC build/GEDE01/src/game/game_fn_800119FC.o
[44/888] MWCC build/GEDE01/src/game/game_fn_80012DA8.o
[45/888] MWCC build/GEDE01/src/game/game_fn_80012F40.o
[46/888] MWCC build/GEDE01/src/game/game_fn_80012FD0.o
[47/888] MWCC build/GEDE01/src/game/game_fn_800131E8.o
[48/888] MWCC build/GEDE01/src/game/game_fn_80013340.o
[49/888] MWCC build/GEDE01/src/game/game_fn_80013870.o
[50/888] MWCC build/GEDE01/src/game/game_fn_80013CB0.o
[51/888] MWCC build/GEDE01/src/game/game_fn_80013D54.o
[52/888] MWCC build/GEDE01/src/game/game_fn_800142DC.o
[53/888] MWCC build/GEDE01/src/game/game_fn_800144CC.o
[54/888] MWCC build/GEDE01/src/game/game_fn_80014784.o
[55/888] MWCC build/GEDE01/src/game/game_fn_800149D4.o
[56/888] MWCC build/GEDE01/src/game/game_fn_80015058.o
[57/888] MWCC build/GEDE01/src/game/game_fn_80015320.o
[58/888] MWCC build/GEDE01/src/game/game_fn_80015568.o
[59/888] MWCC build/GEDE01/src/game/game_fn_800156FC.o
[60/888] MWCC build/GEDE01/src/game/game_fn_80015BE0.o
[61/888] MWCC build/GEDE01/src/game/game_fn_80015F04.o
[62/888] MWCC build/GEDE01/src/game/game_fn_80015D40.o
[63/888] MWCC build/GEDE01/src/game/game_fn_80016128.o
[64/888] MWCC build/GEDE01/src/game/game_fn_80016270.o
[65/888] MWCC build/GEDE01/src/game/game_fn_80016904.o
[66/888] MWCC build/GEDE01/src/game/game_fn_80016B24.o
[67/888] MWCC build/GEDE01/src/game/game_fn_800171C0.o
[68/888] MWCC build/GEDE01/src/game/game_fn_800173CC.o
[69/888] MWCC build/GEDE01/src/game/game_fn_800176F0.o
[70/888] MWCC build/GEDE01/src/game/game_fn_80017910.o
[71/888] MWCC build/GEDE01/src/game/game_fn_800179AC.o
[72/888] MWCC build/GEDE01/src/game/game_fn_80017A3C.o
[73/888] MWCC build/GEDE01/src/game/game_fn_80017AE4.o
[74/888] MWCC build/GEDE01/src/game/game_fn_80017C3C.o
[75/888] MWCC build/GEDE01/src/game/game_fn_80017CC8.o
[76/888] MWCC build/GEDE01/src/game/game_fn_80017DB0.o
[77/888] MWCC build/GEDE01/src/game/game_fn_80018EF4.o
[78/888] MWCC build/GEDE01/src/game/game_fn_80019054.o
[79/888] MWCC build/GEDE01/src/game/game_fn_80019244.o
[80/888] MWCC build/GEDE01/src/game/game_fn_800194D0.o
[81/888] MWCC build/GEDE01/src/game/game_fn_80019C10.o
[82/888] MWCC build/GEDE01/src/game/game_fn_80019940.o
[83/888] MWCC build/GEDE01/src/game/game_fn_80019D2C.o
[84/888] MWCC build/GEDE01/src/game/game_fn_80019F98.o
[85/888] MWCC build/GEDE01/src/game/game_fn_8001AAB8.o
[86/888] MWCC build/GEDE01/src/game/game_fn_8001A6C4.o
[87/888] MWCC build/GEDE01/src/game/game_fn_8001ADF8.o
[88/888] MWCC build/GEDE01/src/game/game_fn_8001AF68.o
[89/888] MWCC build/GEDE01/src/game/game_fn_8001B124.o
[90/888] MWCC build/GEDE01/src/game/game_fn_8001B294.o
[91/888] MWCC build/GEDE01/src/game/game_fn_8001B808.o
[92/888] MWCC build/GEDE01/src/game/game_fn_8001B874.o
[93/888] MWCC build/GEDE01/src/game/game_fn_8001C078.o
[94/888] MWCC build/GEDE01/src/game/game_fn_8001CA04.o
[95/888] MWCC build/GEDE01/src/game/game_fn_8001CD58.o
[96/888] MWCC build/GEDE01/src/game/game_fn_8001CE94.o
[97/888] MWCC build/GEDE01/src/game/game_fn_8001E644.o
[98/888] MWCC build/GEDE01/src/game/game_fn_8001FE1C.o
[99/888] MWCC build/GEDE01/src/game/game_fn_80020E94.o
[100/888] MWCC build/GEDE01/src/game/game_fn_80024F28.o
[101/888] MWCC build/GEDE01/src/game/game_fn_800272B4.o
[102/888] MWCC build/GEDE01/src/game/game_fn_8002B748.o
[103/888] MWCC build/GEDE01/src/game/game_fn_8002DAE0.o
[104/888] MWCC build/GEDE01/src/game/game_fn_8002E3F0.o
[105/888] MWCC build/GEDE01/src/game/game_fn_8002EA68.o
[106/888] MWCC build/GEDE01/src/game/game_fn_8002F428.o
[107/888] MWCC build/GEDE01/src/game/game_fn_80031544.o
[108/888] MWCC build/GEDE01/src/game/game_fn_8003232C.o
[109/888] MWCC build/GEDE01/src/game/game_fn_80032B84.o
[110/888] MWCC build/GEDE01/src/game/game_fn_80033038.o
[111/888] MWCC build/GEDE01/src/game/game_fn_80033180.o
[112/888] MWCC build/GEDE01/src/game/game_fn_800359A0.o
[113/888] MWCC build/GEDE01/src/game/game_fn_800361F8.o
[114/888] MWCC build/GEDE01/src/game/game_fn_80036C40.o
[115/888] MWCC build/GEDE01/src/game/game_fn_80038878.o
[116/888] MWCC build/GEDE01/src/game/game_fn_80048ADC.o
[117/888] MWCC build/GEDE01/src/game/game_fn_80048B24.o
[118/888] MWCC build/GEDE01/src/game/game_fn_8004998C.o
[119/888] MWCC build/GEDE01/src/game/game_fn_80052310.o
[120/888] MWCC build/GEDE01/src/game/game_fn_800542D0.o
[121/888] MWCC build/GEDE01/src/game/game_fn_8005EC6C.o
[122/888] MWCC build/GEDE01/src/game/game_fn_8005EE9C.o
[123/888] MWCC build/GEDE01/src/game/game_data_80239E10.o
[124/888] MWCC build/GEDE01/src/game/game_data_80239E18.o
[125/888] MWCC build/GEDE01/src/game/game_fn_8005FD84.o
[126/888] MWCC build/GEDE01/src/game/game_fn_80066888.o
[127/888] MWCC build/GEDE01/src/game/game_fn_80066E78.o
[128/888] MWCC build/GEDE01/src/game/game_fn_8006B0F0.o
[129/888] MWCC build/GEDE01/src/game/game_fn_8006B620.o
[130/888] MWCC build/GEDE01/src/game/game_fn_8006E53C.o
[131/888] MWCC build/GEDE01/src/game/game_fn_80071A58.o
[132/888] MWCC build/GEDE01/src/game/game_fn_80074310.o
[133/888] MWCC build/GEDE01/src/game/game_fn_80078500.o
[134/888] MWCC build/GEDE01/src/game/game_fn_80079908.o
[135/888] MWCC build/GEDE01/src/game/game_fn_80079AA4.o
[136/888] MWCC build/GEDE01/src/game/game_fn_8007B2F4.o
[137/888] MWCC build/GEDE01/src/game/game_fn_8007B540.o
[138/888] MWCC build/GEDE01/src/game/game_fn_8007B640.o
[139/888] MWCC build/GEDE01/src/game/game_fn_8007B828.o
[140/888] MWCC build/GEDE01/src/game/game_fn_8007BA3C.o
[141/888] MWCC build/GEDE01/src/game/game_fn_8007D4D8.o
[142/888] MWCC build/GEDE01/src/game/game_fn_8007F770.o
[143/888] MWCC build/GEDE01/src/game/game_fn_800886D8.o
[144/888] MWCC build/GEDE01/src/game/game_fn_80088F4C.o
[145/888] MWCC build/GEDE01/src/game/game_fn_8008A2E0.o
[146/888] MWCC build/GEDE01/src/game/game_fn_8008F224.o
[147/888] MWCC build/GEDE01/src/game/game_fn_8008F890.o
[148/888] MWCC build/GEDE01/src/game/game_fn_80090004.o
[149/888] MWCC build/GEDE01/src/game/game_fn_800934A0.o
[150/888] MWCC build/GEDE01/src/game/game_fn_80095D10.o
[151/888] MWCC build/GEDE01/src/game/game_fn_80095FDC.o
[152/888] MWCC build/GEDE01/src/game/game_fn_80096830.o
[153/888] MWCC build/GEDE01/src/game/game_fn_8009C424.o
[154/888] MWCC build/GEDE01/src/game/game_fn_8009E808.o
[155/888] MWCC build/GEDE01/src/game/game_fn_800A2130.o
[156/888] MWCC build/GEDE01/src/game/game_fn_800A2FCC.o
[157/888] MWCC build/GEDE01/src/game/game_fn_800A3180.o
[158/888] MWCC build/GEDE01/src/game/game_fn_800A3894.o
[159/888] MWCC build/GEDE01/src/game/game_fn_800A4428.o
[160/888] MWCC build/GEDE01/src/game/game_fn_800A4798.o
[161/888] MWCC build/GEDE01/src/game/game_fn_800A7E88.o
[162/888] MWCC build/GEDE01/src/game/game_fn_800AF230.o
[163/888] MWCC build/GEDE01/src/game/game_fn_800B2EC0.o
[164/888] MWCC build/GEDE01/src/game/game_fn_800BB5C4.o
[165/888] MWCC build/GEDE01/src/game/game_fn_800BB7A8.o
[166/888] MWCC build/GEDE01/src/game/game_fn_800BB9A4.o
[167/888] MWCC build/GEDE01/src/game/game_fn_800BBAF0.o
[168/888] MWCC build/GEDE01/src/game/game_fn_800C030C.o
[169/888] MWCC build/GEDE01/src/game/game_fn_800C17EC.o
[170/888] MWCC build/GEDE01/src/game/game_fn_800C59F0.o
[171/888] MWCC build/GEDE01/src/game/game_fn_800C644C.o
[172/888] MWCC build/GEDE01/src/game/game_fn_800C65FC.o
[173/888] MWCC build/GEDE01/src/game/game_fn_800C9C60.o
[174/888] MWCC build/GEDE01/src/game/game_fn_800CB760.o
[175/888] MWCC build/GEDE01/src/game/game_fn_800CB8F4.o
[176/888] MWCC build/GEDE01/src/game/game_fn_800CF598.o
[177/888] MWCC build/GEDE01/src/game/game_fn_800D9064.o
[178/888] MWCC build/GEDE01/src/game/game_fn_800D9E10.o
[179/888] MWCC build/GEDE01/src/game/game_fn_800E4980.o
[180/888] MWCC build/GEDE01/src/game/game_TRKNubWelcome.o
[181/888] MWCC build/GEDE01/src/game/game_TRK_main.o
[182/888] MWCC build/GEDE01/src/game/game_InitMetroTRKCommTable.o
[183/888] MWCC build/GEDE01/src/game/game_fn_800FD0C8.o
[184/888] MWCC build/GEDE01/src/game/game_fn_8010242C.o
[185/888] MWCC build/GEDE01/src/game/game_fn_801098C0.o
[186/888] MWCC build/GEDE01/src/game/game_fn_8010F184.o
[187/888] MWCC build/GEDE01/src/game/game_fn_801126E0.o
[188/888] MWCC build/GEDE01/src/game/game_fn_801128E4.o
[189/888] MWCC build/GEDE01/src/game/game_fn_801141B8.o
[190/888] MWCC build/GEDE01/src/game/game_fn_8011F140.o
[191/888] MWCC build/GEDE01/src/game/game_fn_801247F8.o
[192/888] MWCC build/GEDE01/src/game/game_fn_80126A00.o
[193/888] MWCC build/GEDE01/src/game/game_fn_8012976C.o
[194/888] MWCC build/GEDE01/src/game/game_fn_8012DB28.o
[195/888] MWCC build/GEDE01/src/game/game_fn_8013CBE4.o
[196/888] MWCC build/GEDE01/src/game/game_fn_8013D6A4.o
[197/888] MWCC build/GEDE01/src/game/game_fn_8013DB8C.o
[198/888] MWCC build/GEDE01/src/game/game_fn_8014549C.o
[199/888] MWCC build/GEDE01/src/game/game_fn_8014AF38.o
[200/888] MWCC build/GEDE01/src/game/game_fn_8014B494.o
[201/888] MWCC build/GEDE01/src/game/game_fn_8014CA98.o
[202/888] MWCC build/GEDE01/src/game/game_fn_801535D8.o
[203/888] MWCC build/GEDE01/src/game/game_fn_80153898.o
[204/888] MWCC build/GEDE01/src/game/game_fn_80153A24.o
[205/888] MWCC build/GEDE01/src/game/game_fn_80154F74.o
[206/888] MWCC build/GEDE01/src/game/game_fn_80155814.o
[207/888] MWCC build/GEDE01/src/game/game_fn_80157C0C.o
[208/888] MWCC build/GEDE01/src/game/game_fn_80158B20.o
[209/888] MWCC build/GEDE01/src/game/game_fn_80158D38.o
[210/888] MWCC build/GEDE01/src/game/game_fn_8015DB84.o
[211/888] MWCC build/GEDE01/src/game/game_fn_8015DC54.o
[212/888] MWCC build/GEDE01/src/game/game_fn_8015EDC0.o
[213/888] MWCC build/GEDE01/src/game/game_fn_80167454.o
[214/888] MWCC build/GEDE01/src/game/game_fn_80167B5C.o
[215/888] MWCC build/GEDE01/src/game/game_fn_80169650.o
[216/888] MWCC build/GEDE01/src/game/game_fn_8016BD0C.o
[217/888] MWCC build/GEDE01/src/game/game_fn_8016BE1C.o
[218/888] MWCC build/GEDE01/src/game/game_fn_8016BF60.o
[219/888] MWCC build/GEDE01/src/game/game_fn_8016C0BC.o
[220/888] MWCC build/GEDE01/src/game/game_fn_8016C164.o
[221/888] MWCC build/GEDE01/src/game/game_fn_8016C238.o
[222/888] MWCC build/GEDE01/src/game/game_fn_8016C4BC.o
[223/888] MWCC build/GEDE01/src/game/game_fn_8016C774.o
[224/888] MWCC build/GEDE01/src/game/game_fn_8016D040.o
[225/888] MWCC build/GEDE01/src/game/game_fn_8016D1F8.o
[226/888] MWCC build/GEDE01/src/game/game_fn_8016D2B8.o
[227/888] MWCC build/GEDE01/src/game/game_fn_8016D9C0.o
[228/888] MWCC build/GEDE01/src/game/game_fn_8016DF4C.o
[229/888] MWCC build/GEDE01/src/game/game_fn_8016E8F8.o
[230/888] MWCC build/GEDE01/src/game/game_fn_8016FEF8.o
[231/888] MWCC build/GEDE01/src/game/game_fn_8017038C.o
[232/888] MWCC build/GEDE01/src/game/game_fn_801704F8.o
[233/888] MWCC build/GEDE01/src/game/game_fn_801706DC.o
[234/888] MWCC build/GEDE01/src/game/game_fn_80170A40.o
[235/888] MWCC build/GEDE01/src/game/game_fn_80170DF4.o
[236/888] MWCC build/GEDE01/src/game/game_fn_80170E9C.o
[237/888] MWCC build/GEDE01/src/game/game_fn_8017138C.o
[238/888] MWCC build/GEDE01/src/game/game_fn_80171664.o
[239/888] MWCC build/GEDE01/src/game/game_fn_801718F4.o
[240/888] MWCC build/GEDE01/src/game/game_fn_801719B4.o
[241/888] MWCC build/GEDE01/src/game/game_fn_80171F30.o
[242/888] MWCC build/GEDE01/src/game/game_fn_8017250C.o
[243/888] MWCC build/GEDE01/src/game/game_fn_801726EC.o
[244/888] MWCC build/GEDE01/src/game/game_fn_80172BB0.o
[245/888] MWCC build/GEDE01/src/game/game_fn_80172C78.o
[246/888] MWCC build/GEDE01/src/game/game_fn_80172DB8.o
[247/888] MWCC build/GEDE01/src/game/game_fn_80173270.o
[248/888] MWCC build/GEDE01/src/game/game_fn_801734B4.o
[249/888] MWCC build/GEDE01/src/game/game_fn_80173770.o
[250/888] MWCC build/GEDE01/src/game/game_fn_80173D44.o
[251/888] MWCC build/GEDE01/src/game/game_fn_80173F04.o
[252/888] MWCC build/GEDE01/src/game/game_fn_80174184.o
[253/888] MWCC build/GEDE01/src/game/game_fn_80174358.o
[254/888] MWCC build/GEDE01/src/game/game_fn_80174F2C.o
[255/888] MWCC build/GEDE01/src/game/game_fn_8017553C.o
[256/888] MWCC build/GEDE01/src/game/game_fn_80175A08.o
[257/888] MWCC build/GEDE01/src/game/game_fn_80175E64.o
[258/888] MWCC build/GEDE01/src/game/game_fn_80175F0C.o
[259/888] MWCC build/GEDE01/src/game/game_fn_80175FD4.o
[260/888] MWCC build/GEDE01/src/game/game_fn_80176098.o
[261/888] MWCC build/GEDE01/src/game/game_fn_80176160.o
[262/888] MWCC build/GEDE01/src/game/game_fn_80176220.o
[263/888] MWCC build/GEDE01/src/game/game_fn_801762E8.o
[264/888] MWCC build/GEDE01/src/game/game_fn_8017652C.o
[265/888] MWCC build/GEDE01/src/game/game_fn_80176DF4.o
[266/888] MWCC build/GEDE01/src/game/game_fn_80176FA0.o
[267/888] MWCC build/GEDE01/src/game/game_fn_801770F8.o
[268/888] MWCC build/GEDE01/src/game/game_fn_8017718C.o
[269/888] MWCC build/GEDE01/src/game/game_fn_80178F88.o
[270/888] MWCC build/GEDE01/src/game/game_fn_80177434.o
[271/888] MWCC build/GEDE01/src/game/game_fn_80179398.o
[272/888] MWCC build/GEDE01/src/game/game_fn_8017960C.o
[273/888] MWCC build/GEDE01/src/game/game_fn_8017974C.o
[274/888] MWCC build/GEDE01/src/game/game_fn_80179904.o
[275/888] MWCC build/GEDE01/src/game/game_fn_80179A18.o
[276/888] MWCC build/GEDE01/src/game/game_fn_80179A74.o
[277/888] MWCC build/GEDE01/src/game/game_fn_80179EB8.o
[278/888] MWCC build/GEDE01/src/game/game_fn_80179F20.o
[279/888] MWCC build/GEDE01/src/game/game_fn_8017A010.o
[280/888] MWCC build/GEDE01/src/game/game_fn_8017A12C.o
[281/888] MWCC build/GEDE01/src/game/game_fn_8017A1C0.o
[282/888] MWCC build/GEDE01/src/game/game_fn_8017A9B8.o
[283/888] MWCC build/GEDE01/src/game/game_fn_8017AC20.o
[284/888] MWCC build/GEDE01/src/game/game_fn_8017E850.o
[285/888] MWCC build/GEDE01/src/game/game_fn_8017E958.o
[286/888] MWCC build/GEDE01/src/game/game_fn_80180DDC.o
[287/888] MWCC build/GEDE01/src/game/game_fn_801810A0.o
[288/888] MWCC build/GEDE01/src/game/game_fn_801816D4.o
[289/888] MWCC build/GEDE01/src/game/game_fn_801859FC.o
[290/888] MWCC build/GEDE01/src/game/game_fn_80185AE8.o
[291/888] MWCC build/GEDE01/src/game/game_fn_80185F10.o
[292/888] MWCC build/GEDE01/src/game/game_fn_801865EC.o
[293/888] MWCC build/GEDE01/src/game/game_fn_8018680C.o
[294/888] MWCC build/GEDE01/src/game/game_fn_80186E10.o
[295/888] MWCC build/GEDE01/src/game/game_fn_80186F70.o
[296/888] MWCC build/GEDE01/src/game/game_fn_80187120.o
[297/888] MWCC build/GEDE01/src/game/game_fn_80187320.o
[298/888] MWCC build/GEDE01/src/game/game_fn_801875FC.o
[299/888] MWCC build/GEDE01/src/game/game_fn_801878E0.o
[300/888] MWCC build/GEDE01/src/game/game_fn_80187BB4.o
[301/888] MWCC build/GEDE01/src/game/game_fn_80188A7C.o
[302/888] MWCC build/GEDE01/src/game/game_fn_80188B44.o
[303/888] MWCC build/GEDE01/src/game/game_fn_80188C1C.o
[304/888] MWCC build/GEDE01/src/game/game_fn_80188E28.o
[305/888] MWCC build/GEDE01/src/game/game_fn_80189028.o
[306/888] MWCC build/GEDE01/src/game/game_fn_801891D8.o
[307/888] MWCC build/GEDE01/src/game/game_fn_80189390.o
[308/888] MWCC build/GEDE01/src/game/game_fn_801895E8.o
[309/888] MWCC build/GEDE01/src/game/game_fn_801896A0.o
[310/888] MWCC build/GEDE01/src/game/game_fn_80189760.o
[311/888] MWCC build/GEDE01/src/game/game_fn_80189968.o
[312/888] MWCC build/GEDE01/src/game/game_fn_80189C14.o
[313/888] MWCC build/GEDE01/src/game/game_fn_8018C2D0.o
[314/888] MWCC build/GEDE01/src/game/game_fn_8018D1F0.o
[315/888] MWCC build/GEDE01/src/game/game_fn_8018D2E0.o
[316/888] MWCC build/GEDE01/src/game/game_fn_8018D400.o
[317/888] MWCC build/GEDE01/src/game/game_fn_8018D688.o
[318/888] MWCC build/GEDE01/src/game/game_fn_8018E0D8.o
[319/888] MWCC build/GEDE01/src/game/game_fn_8018F1D0.o
[320/888] MWCC build/GEDE01/src/game/game_fn_8018F81C.o
[321/888] MWCC build/GEDE01/src/game/game_fn_8018FEDC.o
[322/888] MWCC build/GEDE01/src/game/game_fn_8019120C.o
[323/888] MWCC build/GEDE01/src/game/game_fn_80191360.o
[324/888] MWCC build/GEDE01/src/game/game_fn_801916D0.o
[325/888] MWCC build/GEDE01/src/game/game_fn_8019197C.o
[326/888] MWCC build/GEDE01/src/game/game_fn_80191F58.o
[327/888] MWCC build/GEDE01/src/game/game_fn_801926EC.o
[328/888] MWCC build/GEDE01/src/game/game_fn_801929A4.o
[329/888] MWCC build/GEDE01/src/game/game_fn_80192F54.o
[330/888] MWCC build/GEDE01/src/game/game_fn_801931C4.o
[331/888] MWCC build/GEDE01/src/game/game_fn_80193E1C.o
[332/888] MWCC build/GEDE01/src/game/game_fn_80193F3C.o
[333/888] MWCC build/GEDE01/src/game/game_fn_80194F80.o
[334/888] MWCC build/GEDE01/src/game/game_fn_80197910.o
[335/888] MWCC build/GEDE01/src/game/game_fn_80198154.o
[336/888] MWCC build/GEDE01/src/game/game_fn_80198AAC.o
[337/888] MWCC build/GEDE01/src/game/game_fn_80198BF4.o
[338/888] MWCC build/GEDE01/src/game/game_fn_801991E0.o
[339/888] MWCC build/GEDE01/src/game/game_fn_8019B1BC.o
[340/888] MWCC build/GEDE01/src/game/game_fn_8019CC28.o
[341/888] MWCC build/GEDE01/src/game/game_fn_8019CFC4.o
[342/888] MWCC build/GEDE01/src/game/game_fn_8019E5E4.o
[343/888] MWCC build/GEDE01/src/game/game_fn_8019E8C8.o
[344/888] MWCC build/GEDE01/src/game/game_fn_801A1F18.o
[345/888] MWCC build/GEDE01/src/game/game_fn_801A2A54.o
[346/888] MWCC build/GEDE01/src/game/game_fn_801A34BC.o
[347/888] MWCC build/GEDE01/src/game/game_fn_801A3A78.o
[348/888] MWCC build/GEDE01/src/game/game_fn_801A4CE0.o
[349/888] MWCC build/GEDE01/src/game/game_fn_801A5FB0.o
[350/888] MWCC build/GEDE01/src/game/game_fn_801A6410.o
[351/888] MWCC build/GEDE01/src/game/game_fn_801A657C.o
[352/888] MWCC build/GEDE01/src/game/game_fn_801A6ADC.o
[353/888] MWCC build/GEDE01/src/game/game_fn_801A6C58.o
[354/888] MWCC build/GEDE01/src/game/game_fn_801A6CB4.o
[355/888] MWCC build/GEDE01/src/game/game_fn_801A7E04.o
[356/888] MWCC build/GEDE01/src/game/game_fn_801A7EA8.o
[357/888] MWCC build/GEDE01/src/game/game_fn_801A93E8.o
[358/888] MWCC build/GEDE01/src/game/game_fn_801AB154.o
[359/888] MWCC build/GEDE01/src/game/game_fn_801ABD3C.o
[360/888] MWCC build/GEDE01/src/game/game_fn_801AC8AC.o
[361/888] MWCC build/GEDE01/src/game/game_fn_801ACFE8.o
[362/888] MWCC build/GEDE01/src/game/game_fn_801AD08C.o
[363/888] MWCC build/GEDE01/src/game/game_fn_801AFA74.o
[364/888] MWCC build/GEDE01/src/game/game_fn_801B02F0.o
[365/888] MWCC build/GEDE01/src/game/game_fn_801B1BA0.o
[366/888] MWCC build/GEDE01/src/game/game_fn_801B35BC.o
[367/888] MWCC build/GEDE01/src/game/game_fn_801B46C8.o
[368/888] MWCC build/GEDE01/src/game/game_fn_801B4FB4.o
[369/888] MWCC build/GEDE01/src/game/game_fn_801B5228.o
[370/888] MWCC build/GEDE01/src/game/game_fn_801B58F0.o
[371/888] MWCC build/GEDE01/src/game/game_fn_801B6F1C.o
[372/888] MWCC build/GEDE01/src/game/game_fn_801B86C0.o
[373/888] MWCC build/GEDE01/src/game/game_fn_801B941C.o
[374/888] MWCC build/GEDE01/src/game/game_fn_801B9E7C.o
[375/888] MWCC build/GEDE01/src/game/game_fn_801BA15C.o
[376/888] MWCC build/GEDE01/src/game/game_fn_801BA708.o
[377/888] MWCC build/GEDE01/src/game/game_fn_801BB1A0.o
[378/888] MWCC build/GEDE01/src/game/game_fn_801BC0D4.o
[379/888] MWCC build/GEDE01/src/game/game_fn_801BC240.o
[380/888] MWCC build/GEDE01/src/game/game_fn_801BC8F4.o
[381/888] MWCC build/GEDE01/src/game/game_fn_801BCC04.o
[382/888] MWCC build/GEDE01/src/game/game_fn_801BD990.o
[383/888] MWCC build/GEDE01/src/game/game_fn_801BDE7C.o
[384/888] MWCC build/GEDE01/src/game/game_fn_801BE0D4.o
[385/888] MWCC build/GEDE01/src/game/game_fn_801C1CB0.o
[386/888] MWCC build/GEDE01/src/game/game_fn_801BEF40.o
[387/888] MWCC build/GEDE01/src/game/game_fn_801C2980.o
[388/888] MWCC build/GEDE01/src/game/game_fn_801C29BC.o
[389/888] MWCC build/GEDE01/src/game/game_fn_801C2AAC.o
[390/888] MWCC build/GEDE01/src/game/game_fn_801C2D9C.o
[391/888] MWCC build/GEDE01/src/game/game_fn_801C8160.o
[392/888] MWCC build/GEDE01/src/game/game_fn_801C8224.o
[393/888] MWCC build/GEDE01/src/game/game_fn_801C4B5C.o
[394/888] MWCC build/GEDE01/src/game/game_fn_801C8600.o
[395/888] MWCC build/GEDE01/src/game/game_fn_801C87DC.o
[396/888] MWCC build/GEDE01/src/game/game_fn_801C8CC0.o
[397/888] MWCC build/GEDE01/src/game/game_fn_801C8F50.o
[398/888] MWCC build/GEDE01/src/game/game_fn_801C90A4.o
[399/888] MWCC build/GEDE01/src/game/game_fn_801C9510.o
[400/888] MWCC build/GEDE01/src/game/game_fn_801C970C.o
[401/888] MWCC build/GEDE01/src/game/game_fn_801C9A08.o
[402/888] MWCC build/GEDE01/src/game/game_fn_801C9B1C.o
[403/888] MWCC build/GEDE01/src/game/game_fn_801CB4F8.o
[404/888] MWCC build/GEDE01/src/game/game_fn_801CD228.o
[405/888] MWCC build/GEDE01/src/game/game_fn_801CE09C.o
[406/888] MWCC build/GEDE01/src/game/game_fn_801CE594.o
[407/888] MWCC build/GEDE01/src/game/game_fn_801D1B10.o
[408/888] MWCC build/GEDE01/src/game/game_fn_801D1F78.o
[409/888] MWCC build/GEDE01/src/game/game_fn_801D3988.o
[410/888] MWCC build/GEDE01/src/game/game_fn_801D76A8.o
[411/888] MWCC build/GEDE01/src/game/game_fn_801D7C24.o
[412/888] MWCC build/GEDE01/src/game/game_fn_801D8050.o
[413/888] MWCC build/GEDE01/src/game/game_fn_801D9FE4.o
[414/888] MWCC build/GEDE01/src/game/game_fn_801E2A48.o
[415/888] MWCC build/GEDE01/src/game/game_fn_801E41AC.o
[416/888] MWCC build/GEDE01/src/game/game_fn_801E6814.o
[417/888] MWCC build/GEDE01/src/game/game_fn_801EB09C.o
[418/888] MWCC build/GEDE01/src/game/game_fn_801E995C.o
[419/888] MWCC build/GEDE01/src/game/game_fn_801EB11C.o
[420/888] MWCC build/GEDE01/src/game/game_fn_801ECD74.o
[421/888] MWCC build/GEDE01/src/game/game_fn_801ECF50.o
[422/888] MWCC build/GEDE01/src/game/game_fn_801ED5F4.o
[423/888] MWCC build/GEDE01/src/game/game_fn_801EF580.o
[424/888] MWCC build/GEDE01/src/game/game_fn_801EF910.o
[425/888] MWCC build/GEDE01/src/game/game_fn_801F10BC.o
[426/888] MWCC build/GEDE01/src/game/game_fn_801F1A38.o
[427/888] MWCC build/GEDE01/src/game/game_fn_801F35A8.o
[428/888] MWCC build/GEDE01/src/game/game_fn_801F55A0.o
[429/888] MWCC build/GEDE01/src/game/game_fn_801F69F0.o
[430/888] MWCC build/GEDE01/src/game/game_fn_801F6BD8.o
[431/888] MWCC build/GEDE01/src/game/game_fn_801F7510.o
[432/888] MWCC build/GEDE01/src/game/game_fn_801F76EC.o
[433/888] MWCC build/GEDE01/src/game/game_fn_801F8264.o
[434/888] MWCC build/GEDE01/src/game/game_fn_801F89B4.o
[435/888] MWCC build/GEDE01/src/game/game_fn_801F9AF8.o
[436/888] MWCC build/GEDE01/src/game/game_fn_801F9CF4.o
[437/888] MWCC build/GEDE01/src/game/game_fn_801FA9C8.o
[438/888] MWCC build/GEDE01/src/game/game_fn_801FB6A4.o
[439/888] MWCC build/GEDE01/src/game/game_fn_801FC034.o
[440/888] MWCC build/GEDE01/src/game/game_fn_801FC204.o
[441/888] EXTERNALIZE build/GEDE01/src/game/game_fn_80175A08.o
[442/888] MWCC build/GEDE01/src/game/game_fn_801FFE78.o
[443/888] EXTERNALIZE build/GEDE01/src/game/game_fn_80066E78.o
[444/888] EXTERNALIZE build/GEDE01/src/game/game_fn_801247F8.o
[445/888] EXTERNALIZE build/GEDE01/src/game/game_fn_801EF910.o
[446/888] EXTERNALIZE build/GEDE01/src/game/game_fn_801ECF50.o
[447/888] EXTERNALIZE build/GEDE01/src/game/game_fn_801EB09C.o
[448/888] EXTERNALIZE build/GEDE01/src/game/game_fn_801FC204.o
[449/888] EXTERNALIZE build/GEDE01/src/game/game_fn_801EB11C.o
[450/888] EXTERNALIZE build/GEDE01/src/game/game_fn_801D9FE4.o
[451/888] EXTERNALIZE build/GEDE01/src/game/game_fn_801E41AC.o
[452/888] EXTERNALIZE build/GEDE01/src/game/game_fn_801D76A8.o
[453/888] EXTERNALIZE build/GEDE01/src/game/game_fn_801D8050.o
[454/888] EXTERNALIZE build/GEDE01/src/game/game_fn_801D7C24.o
[455/888] EXTERNALIZE build/GEDE01/src/game/game_fn_8019B1BC.o
[456/888] EXTERNALIZE build/GEDE01/src/game/game_fn_80178F88.o
[457/888] EXTERNALIZE build/GEDE01/src/game/game_fn_801CD228.o
[458/888] EXTERNALIZE build/GEDE01/src/game/game_fn_801C970C.o
[459/888] EXTERNALIZE build/GEDE01/src/game/game_fn_801BA15C.o
[460/888] EXTERNALIZE build/GEDE01/src/game/game_fn_801C9510.o
[461/888] EXTERNALIZE build/GEDE01/src/game/game_fn_80126A00.o
[462/888] EXTERNALIZE build/GEDE01/src/game/game_fn_8013D6A4.o
[463/888] EXTERNALIZE build/GEDE01/src/game/game_fn_800C9C60.o
[464/888] EXTERNALIZE build/GEDE01/src/game/game_fn_801B5228.o
[465/888] EXTERNALIZE build/GEDE01/src/game/game_fn_801B4FB4.o
[466/888] EXTERNALIZE build/GEDE01/src/game/game_fn_801C87DC.o
[467/888] EXTERNALIZE build/GEDE01/src/game/game_fn_801B6F1C.o
[468/888] EXTERNALIZE build/GEDE01/src/game/game_fn_801C8CC0.o
[469/888] EXTERNALIZE build/GEDE01/src/game/game_fn_800FD0C8.o
[470/888] EXTERNALIZE build/GEDE01/src/game/game_fn_801BDE7C.o
[471/888] EXTERNALIZE build/GEDE01/src/game/game_fn_801BE0D4.o
[472/888] EXTERNALIZE STATIC POOL build/GEDE01/src/game/game_fn_801C9A08.o
build/GEDE01/src/game/game_fn_801C9A08.o: lbl_80629390 now undefined; section 3 emptied
[473/888] EXTERNALIZE build/GEDE01/src/game/game_fn_801B941C.o
[474/888] EXTERNALIZE STATIC POOL build/GEDE01/src/game/game_fn_801C9B1C.o
build/GEDE01/src/game/game_fn_801C9B1C.o: lbl_80629390 now undefined; section 3 emptied
[475/888] EXTERNALIZE STATIC POOL build/GEDE01/src/game/game_fn_801BD990.o
build/GEDE01/src/game/game_fn_801BD990.o: lbl_80626D80 now undefined; section 6 emptied
[476/888] EXTERNALIZE STATIC POOL build/GEDE01/src/game/game_fn_801B58F0.o
build/GEDE01/src/game/game_fn_801B58F0.o: lbl_8060C020 now undefined; section 3 emptied
[477/888] EXTERNALIZE STATIC POOL build/GEDE01/src/game/game_fn_801B9E7C.o
build/GEDE01/src/game/game_fn_801B9E7C.o: 0 relocation(s) moved from streamInfo to ...bss.0
build/GEDE01/src/game/game_fn_801B9E7C.o: lbl_8061AE48 now undefined; section 6 emptied
[478/888] EXTERNALIZE STATIC POOL build/GEDE01/src/game/game_fn_801BB1A0.o
build/GEDE01/src/game/game_fn_801BB1A0.o: 0 relocation(s) moved from streamInfo to ...bss.0
build/GEDE01/src/game/game_fn_801BB1A0.o: lbl_8061AE48 now undefined; section 6 emptied
[479/888] EXTERNALIZE STATIC build/GEDE01/src/game/game_fn_801B35BC.o
build/GEDE01/src/game/game_fn_801B35BC.o: lbl_8060D420 now undefined; section 6 emptied
[480/888] EXTERNALIZE STATIC POOL build/GEDE01/src/game/game_fn_801BA708.o
build/GEDE01/src/game/game_fn_801BA708.o: 0 relocation(s) moved from streamInfo to ...bss.0
build/GEDE01/src/game/game_fn_801BA708.o: lbl_8061AE48 now undefined; section 6 emptied
[481/888] EXTERNALIZE STATIC POOL build/GEDE01/src/game/game_fn_801BC8F4.o
build/GEDE01/src/game/game_fn_801BC8F4.o: lbl_8061C748 now undefined; section 6 emptied
[482/888] EXTERNALIZE STATIC build/GEDE01/src/game/game_fn_801BC240.o
build/GEDE01/src/game/game_fn_801BC240.o: lbl_8061C748 now undefined; section 6 emptied
[483/888] EXTERNALIZE STATIC POOL build/GEDE01/src/game/game_fn_801BCC04.o
build/GEDE01/src/game/game_fn_801BCC04.o: lbl_8061C748 now undefined; section 6 emptied
[484/888] EXTERNALIZE STATIC POOL build/GEDE01/src/game/game_fn_801BC0D4.o
build/GEDE01/src/game/game_fn_801BC0D4.o: lbl_8061C748 now undefined; section 6 emptied
[485/888] EXTERNALIZE STATIC POOL build/GEDE01/src/game/game_fn_801C1CB0.o
build/GEDE01/src/game/game_fn_801C1CB0.o: lbl_80626DA0 now undefined; section 3 emptied
[486/888] RENAME build/GEDE01/src/game/game_InitMetroTRKCommTable.o
[487/888] EXTERNALIZE STATIC POOL build/GEDE01/src/game/game_fn_801CE09C.o
build/GEDE01/src/game/game_fn_801CE09C.o: lbl_80631340 now undefined; section 6 emptied
[488/888] RENAME RUNTIME INTRINSICS build/GEDE01/src/game/game_fn_801CB4F8.o
[489/888] EXTERNALIZE STATIC POOL build/GEDE01/src/game/game_fn_8010242C.o
build/GEDE01/src/game/game_fn_8010242C.o: lbl_8032CC08 now undefined; section 3 emptied
[490/888] EXTERNALIZE build/GEDE01/src/game/game_fn_801D3988.o
[491/888] EXTERNALIZE build/GEDE01/src/game/game_fn_801D1B10.o
[492/888] ALIGN DATA build/GEDE01/src/game/game_fn_80008014.o
[493/888] EXTERNALIZE build/GEDE01/src/game/game_fn_801CE594.o
[494/888] EXTERNALIZE build/GEDE01/src/game/game_fn_8014549C.o
[495/888] EXTERNALIZE build/GEDE01/src/game/game_fn_801C8224.o
[496/888] EXTERNALIZE build/GEDE01/src/game/game_fn_801098C0.o
[497/888] EXTERNALIZE build/GEDE01/src/game/game_fn_8000FDE8.o
[498/888] EXTERNALIZE build/GEDE01/src/game/game_fn_80185F10.o
[499/888] EXTERNALIZE build/GEDE01/src/game/game_fn_801C29BC.o
[500/888] EXTERNALIZE build/GEDE01/src/game/game_fn_801C8F50.o
[501/888] EXTERNALIZE build/GEDE01/src/game/game_fn_8007B828.o
[502/888] EXTERNALIZE build/GEDE01/src/game/game_fn_801C90A4.o
[503/888] EXTERNALIZE build/GEDE01/src/game/game_fn_801C8160.o
[504/888] EXTERNALIZE build/GEDE01/src/game/game_fn_801C2AAC.o
[505/888] EXTERNALIZE build/GEDE01/src/game/game_fn_801C2D9C.o
[506/888] EXTERNALIZE build/GEDE01/src/game/game_fn_801C2980.o
[507/888] EXTERNALIZE build/GEDE01/src/game/game_fn_801B02F0.o
[508/888] EXTERNALIZE build/GEDE01/src/game/game_fn_801AFA74.o
[509/888] EXTERNALIZE build/GEDE01/src/game/game_fn_801AC8AC.o
[510/888] EXTERNALIZE build/GEDE01/src/game/game_fn_801ABD3C.o
[511/888] EXTERNALIZE build/GEDE01/src/game/game_fn_801816D4.o
[512/888] EXTERNALIZE build/GEDE01/src/game/game_fn_8011F140.o
[513/888] EXTERNALIZE build/GEDE01/src/game/game_fn_801AD08C.o
[514/888] EXTERNALIZE build/GEDE01/src/game/game_fn_8004998C.o
[515/888] EXTERNALIZE build/GEDE01/src/game/game_fn_80079AA4.o
[516/888] EXTERNALIZE build/GEDE01/src/game/game_fn_80158D38.o
[517/888] EXTERNALIZE build/GEDE01/src/game/game_fn_801A3A78.o
[518/888] EXTERNALIZE build/GEDE01/src/game/game_fn_8008F224.o
[519/888] EXTERNALIZE build/GEDE01/src/game/game_fn_80167454.o
[520/888] EXTERNALIZE build/GEDE01/src/game/game_fn_800AF230.o
[521/888] EXTERNALIZE build/GEDE01/src/game/game_fn_801A93E8.o
[522/888] EXTERNALIZE build/GEDE01/src/game/game_fn_801AB154.o
[523/888] EXTERNALIZE build/GEDE01/src/game/game_fn_801A7E04.o
[524/888] EXTERNALIZE build/GEDE01/src/game/game_fn_801A7EA8.o
[525/888] EXTERNALIZE build/GEDE01/src/game/game_fn_801A6CB4.o
[526/888] EXTERNALIZE build/GEDE01/src/game/game_fn_801A4CE0.o
[527/888] EXTERNALIZE build/GEDE01/src/game/game_fn_801A6C58.o
[528/888] NAME JUMPTABLE build/GEDE01/src/game/game_fn_801A6ADC.o
[529/888] EXTERNALIZE build/GEDE01/src/game/game_fn_801A6410.o
[530/888] EXTERNALIZE build/GEDE01/src/game/game_fn_801A5FB0.o
[531/888] EXTERNALIZE build/GEDE01/src/game/game_fn_801A1F18.o
[532/888] EXTERNALIZE build/GEDE01/src/game/game_fn_8019E8C8.o
[533/888] EXTERNALIZE build/GEDE01/src/game/game_fn_8019E5E4.o
[534/888] EXTERNALIZE build/GEDE01/src/game/game_fn_8019CFC4.o
[535/888] EXTERNALIZE build/GEDE01/src/game/game_fn_8019CC28.o
[536/888] EXTERNALIZE build/GEDE01/src/game/game_fn_801991E0.o
[537/888] EXTERNALIZE build/GEDE01/src/game/game_fn_80198BF4.o
[538/888] EXTERNALIZE build/GEDE01/src/game/game_fn_80198AAC.o
[539/888] EXTERNALIZE build/GEDE01/src/game/game_fn_80198154.o
[540/888] EXTERNALIZE build/GEDE01/src/game/game_fn_80194F80.o
[541/888] EXTERNALIZE build/GEDE01/src/game/game_fn_80197910.o
[542/888] EXTERNALIZE build/GEDE01/src/game/game_fn_80177434.o
repointed 2 relocations to lbl_80250588
[543/888] EXTERNALIZE build/GEDE01/src/game/game_fn_80193E1C.o
[544/888] EXTERNALIZE build/GEDE01/src/game/game_fn_801931C4.o
[545/888] EXTERNALIZE build/GEDE01/src/game/game_fn_80193F3C.o
[546/888] EXTERNALIZE build/GEDE01/src/game/game_fn_80192F54.o
[547/888] EXTERNALIZE build/GEDE01/src/game/game_fn_80191F58.o
[548/888] EXTERNALIZE build/GEDE01/src/game/game_fn_8019197C.o
[549/888] EXTERNALIZE build/GEDE01/src/game/game_fn_80191360.o
[550/888] GLOBALIZE build/GEDE01/src/game/game_fn_8018F1D0.o
[551/888] EXTERNALIZE build/GEDE01/src/game/game_fn_8018D688.o
[552/888] EXTERNALIZE build/GEDE01/src/game/game_fn_8018F81C.o
[553/888] EXTERNALIZE build/GEDE01/src/game/game_fn_8018D2E0.o
[554/888] EXTERNALIZE build/GEDE01/src/game/game_fn_80189968.o
[555/888] EXTERNALIZE build/GEDE01/src/game/game_fn_80189760.o
[556/888] EXTERNALIZE build/GEDE01/src/game/game_fn_8018D1F0.o
[557/888] EXTERNALIZE build/GEDE01/src/game/game_fn_801896A0.o
[558/888] EXTERNALIZE build/GEDE01/src/game/game_fn_801895E8.o
[559/888] EXTERNALIZE build/GEDE01/src/game/game_fn_80189390.o
[560/888] EXTERNALIZE build/GEDE01/src/game/game_fn_801891D8.o
[561/888] EXTERNALIZE build/GEDE01/src/game/game_fn_80188E28.o
[562/888] EXTERNALIZE build/GEDE01/src/game/game_fn_80189028.o
[563/888] EXTERNALIZE build/GEDE01/src/game/game_fn_80188B44.o
[564/888] EXTERNALIZE build/GEDE01/src/game/game_fn_80188C1C.o
[565/888] EXTERNALIZE build/GEDE01/src/game/game_fn_80188A7C.o
[566/888] EXTERNALIZE build/GEDE01/src/game/game_fn_801878E0.o
[567/888] EXTERNALIZE build/GEDE01/src/game/game_fn_80187120.o
[568/888] EXTERNALIZE build/GEDE01/src/game/game_fn_8018FEDC.o
[569/888] EXTERNALIZE build/GEDE01/src/game/game_fn_80186E10.o
[570/888] EXTERNALIZE build/GEDE01/src/game/game_fn_801865EC.o
[571/888] EXTERNALIZE build/GEDE01/src/game/game_fn_80185AE8.o
[572/888] EXTERNALIZE build/GEDE01/src/game/game_fn_801859FC.o
[573/888] EXTERNALIZE build/GEDE01/src/game/game_fn_80180DDC.o
[574/888] EXTERNALIZE build/GEDE01/src/game/game_fn_8017E958.o
[575/888] EXTERNALIZE build/GEDE01/src/game/game_fn_8017E850.o
[576/888] EXTERNALIZE build/GEDE01/src/game/game_fn_8017718C.o
[577/888] EXTERNALIZE build/GEDE01/src/game/game_fn_801770F8.o
[578/888] EXTERNALIZE build/GEDE01/src/game/game_fn_80176FA0.o
[579/888] EXTERNALIZE build/GEDE01/src/game/game_fn_80176DF4.o
[580/888] EXTERNALIZE build/GEDE01/src/game/game_fn_80174358.o
[581/888] EXTERNALIZE build/GEDE01/src/game/game_fn_80173F04.o
[582/888] EXTERNALIZE build/GEDE01/src/game/game_fn_80174184.o
[583/888] EXTERNALIZE build/GEDE01/src/game/game_fn_8017553C.o
[584/888] EXTERNALIZE build/GEDE01/src/game/game_fn_80173D44.o
[585/888] EXTERNALIZE build/GEDE01/src/game/game_fn_80173770.o
[586/888] EXTERNALIZE build/GEDE01/src/game/game_fn_801734B4.o
[587/888] EXTERNALIZE build/GEDE01/src/game/game_fn_80173270.o
[588/888] EXTERNALIZE build/GEDE01/src/game/game_fn_80172DB8.o
[589/888] EXTERNALIZE build/GEDE01/src/game/game_fn_80172C78.o
[590/888] EXTERNALIZE build/GEDE01/src/game/game_fn_80172BB0.o
[591/888] EXTERNALIZE build/GEDE01/src/game/game_fn_801726EC.o
[592/888] EXTERNALIZE build/GEDE01/src/game/game_fn_80171F30.o
[593/888] EXTERNALIZE build/GEDE01/src/game/game_fn_8017250C.o
[594/888] EXTERNALIZE build/GEDE01/src/game/game_fn_801718F4.o
[595/888] EXTERNALIZE build/GEDE01/src/game/game_fn_801719B4.o
[596/888] EXTERNALIZE build/GEDE01/src/game/game_fn_8017138C.o
[597/888] EXTERNALIZE build/GEDE01/src/game/game_fn_80171664.o
[598/888] EXTERNALIZE build/GEDE01/src/game/game_fn_80170A40.o
[599/888] EXTERNALIZE build/GEDE01/src/game/game_fn_801706DC.o
[600/888] NORMALIZE build/GEDE01/src/game/game_TRKNubWelcome.o
[601/888] NORMALIZE build/GEDE01/src/game/game_TRK_main.o
[602/888] NORMALIZE build/GEDE01/src/game/game_data_80239E10.o
[603/888] NORMALIZE build/GEDE01/src/game/game_data_80239E18.o
[604/888] EXTERNALIZE build/GEDE01/src/game/game_fn_80170E9C.o
[605/888] EXTERNALIZE build/GEDE01/src/game/game_fn_8017652C.o
[606/888] EXTERNALIZE build/GEDE01/src/game/game_fn_80175F0C.o
[607/888] EXTERNALIZE build/GEDE01/src/game/game_fn_80175E64.o
[608/888] EXTERNALIZE build/GEDE01/src/game/game_fn_80176098.o
[609/888] EXTERNALIZE build/GEDE01/src/game/game_fn_80175FD4.o
[610/888] EXTERNALIZE build/GEDE01/src/game/game_fn_80176220.o
[611/888] EXTERNALIZE build/GEDE01/src/game/game_fn_80176160.o
[612/888] EXTERNALIZE build/GEDE01/src/game/game_fn_80170DF4.o
[613/888] EXTERNALIZE build/GEDE01/src/game/game_fn_801762E8.o
[614/888] EXTERNALIZE build/GEDE01/src/game/game_fn_8016E8F8.o
[615/888] EXTERNALIZE build/GEDE01/src/game/game_fn_8016FEF8.o
[616/888] EXTERNALIZE build/GEDE01/src/game/game_fn_801704F8.o
[617/888] EXTERNALIZE build/GEDE01/src/game/game_fn_8016D2B8.o
[618/888] NORMALIZE build/GEDE01/src/game/game_fn_8016DF4C.o
[619/888] EXTERNALIZE build/GEDE01/src/game/game_fn_8016D040.o
[620/888] EXTERNALIZE build/GEDE01/src/game/game_fn_8016D1F8.o
[621/888] EXTERNALIZE build/GEDE01/src/game/game_fn_8016C4BC.o
[622/888] EXTERNALIZE build/GEDE01/src/game/game_fn_8016C774.o
[623/888] EXTERNALIZE build/GEDE01/src/game/game_fn_8016C238.o
[624/888] EXTERNALIZE build/GEDE01/src/game/game_fn_8016C164.o
[625/888] EXTERNALIZE build/GEDE01/src/game/game_fn_8017038C.o
[626/888] EXTERNALIZE build/GEDE01/src/game/game_fn_8016C0BC.o
[627/888] EXTERNALIZE build/GEDE01/src/game/game_fn_8016BF60.o
[628/888] EXTERNALIZE build/GEDE01/src/game/game_fn_8016BE1C.o
[629/888] EXTERNALIZE build/GEDE01/src/game/game_fn_80169650.o
[630/888] EXTERNALIZE build/GEDE01/src/game/game_fn_8016BD0C.o
[631/888] EXTERNALIZE build/GEDE01/src/game/game_fn_80167B5C.o
[632/888] EXTERNALIZE build/GEDE01/src/game/game_fn_8015EDC0.o
[633/888] EXTERNALIZE build/GEDE01/src/game/game_fn_8015DB84.o
[634/888] EXTERNALIZE build/GEDE01/src/game/game_fn_8015DC54.o
[635/888] EXTERNALIZE build/GEDE01/src/game/game_fn_80158B20.o
[636/888] EXTERNALIZE build/GEDE01/src/game/game_fn_80179398.o
[637/888] EXTERNALIZE build/GEDE01/src/game/game_fn_8017960C.o
[638/888] EXTERNALIZE build/GEDE01/src/game/game_fn_8017974C.o
[639/888] EXTERNALIZE build/GEDE01/src/game/game_fn_8017A9B8.o
[640/888] EXTERNALIZE build/GEDE01/src/game/game_fn_80179904.o
[641/888] EXTERNALIZE build/GEDE01/src/game/game_fn_80179A18.o
[642/888] EXTERNALIZE build/GEDE01/src/game/game_fn_80179A74.o
[643/888] EXTERNALIZE build/GEDE01/src/game/game_fn_80179EB8.o
[644/888] EXTERNALIZE build/GEDE01/src/game/game_fn_80179F20.o
[645/888] EXTERNALIZE build/GEDE01/src/game/game_fn_8017A010.o
[646/888] EXTERNALIZE build/GEDE01/src/game/game_fn_8017A12C.o
[647/888] EXTERNALIZE build/GEDE01/src/game/game_fn_80157C0C.o
[648/888] EXTERNALIZE build/GEDE01/src/game/game_fn_8017A1C0.o
[649/888] EXTERNALIZE build/GEDE01/src/game/game_fn_80155814.o
[650/888] EXTERNALIZE build/GEDE01/src/game/game_fn_80153898.o
[651/888] EXTERNALIZE build/GEDE01/src/game/game_fn_8014B494.o
[652/888] EXTERNALIZE build/GEDE01/src/game/game_fn_8014AF38.o
[653/888] EXTERNALIZE build/GEDE01/src/game/game_fn_8012DB28.o
[654/888] EXTERNALIZE build/GEDE01/src/game/game_fn_801141B8.o
[655/888] EXTERNALIZE build/GEDE01/src/game/game_fn_801128E4.o
[656/888] EXTERNALIZE build/GEDE01/src/game/game_fn_801126E0.o
[657/888] EXTERNALIZE build/GEDE01/src/game/game_fn_8010F184.o
[658/888] EXTERNALIZE build/GEDE01/src/game/game_fn_800E4980.o
[659/888] EXTERNALIZE build/GEDE01/src/game/game_fn_800C17EC.o
[660/888] EXTERNALIZE build/GEDE01/src/game/game_fn_800C59F0.o
[661/888] EXTERNALIZE build/GEDE01/src/game/game_fn_800C030C.o
[662/888] EXTERNALIZE build/GEDE01/src/game/game_fn_800C644C.o
[663/888] EXTERNALIZE build/GEDE01/src/game/game_fn_800C65FC.o
[664/888] EXTERNALIZE build/GEDE01/src/game/game_fn_800CB760.o
[665/888] EXTERNALIZE build/GEDE01/src/game/game_fn_800CB8F4.o
[666/888] EXTERNALIZE build/GEDE01/src/game/game_fn_80079908.o
[667/888] EXTERNALIZE build/GEDE01/src/game/game_fn_80078500.o
[668/888] EXTERNALIZE build/GEDE01/src/game/game_fn_8007B2F4.o
[669/888] EXTERNALIZE build/GEDE01/src/game/game_fn_8007B540.o
[670/888] EXTERNALIZE build/GEDE01/src/game/game_fn_8007B640.o
[671/888] EXTERNALIZE build/GEDE01/src/game/game_fn_8007BA3C.o
[672/888] EXTERNALIZE build/GEDE01/src/game/game_fn_800886D8.o
[673/888] EXTERNALIZE build/GEDE01/src/game/game_fn_800A3894.o
[674/888] EXTERNALIZE build/GEDE01/src/game/game_fn_800934A0.o
[675/888] EXTERNALIZE build/GEDE01/src/game/game_fn_800A7E88.o
[676/888] EXTERNALIZE build/GEDE01/src/game/game_fn_800A4798.o
[677/888] GLOBALIZE build/GEDE01/src/game/game_fn_800A2130.o
[678/888] EXTERNALIZE build/GEDE01/src/game/game_fn_800A2FCC.o
[679/888] EXTERNALIZE build/GEDE01/src/game/game_fn_8009C424.o
[680/888] EXTERNALIZE SWITCHES build/GEDE01/src/game/game_fn_80095FDC.o
[681/888] GLOBALIZE build/GEDE01/src/game/game_fn_8008F890.o
[682/888] EXTERNALIZE build/GEDE01/src/game/game_fn_80096830.o
[683/888] EXTERNALIZE build/GEDE01/src/game/game_fn_800A4428.o
[684/888] EXTERNALIZE build/GEDE01/src/game/game_fn_80074310.o
[685/888] GLOBALIZE build/GEDE01/src/game/game_fn_8005FD84.o
[686/888] EXTERNALIZE build/GEDE01/src/game/game_fn_80066888.o
[687/888] EXTERNALIZE build/GEDE01/src/game/game_fn_8005EC6C.o
[688/888] EXTERNALIZE build/GEDE01/src/game/game_fn_80052310.o
[689/888] EXTERNALIZE build/GEDE01/src/game/game_fn_80048B24.o
[690/888] NAME SWITCH build/GEDE01/src/game/game_fn_80020E94.o
[691/888] NAME SWITCH build/GEDE01/src/game/game_fn_8005EE9C.o
[692/888] NAME SWITCH build/GEDE01/src/game/game_fn_8016D9C0.o
[693/888] NAME SWITCH build/GEDE01/src/game/game_fn_80071A58.o
[694/888] EXTERNALIZE build/GEDE01/src/game/game_fn_80048ADC.o
[695/888] NAME SWITCH build/GEDE01/src/game/game_fn_8006B620.o
[696/888] NAME SWITCH build/GEDE01/src/game/game_fn_8001FE1C.o
[697/888] NAME SWITCH build/GEDE01/src/game/game_fn_8001E644.o
[698/888] EXTERNALIZE build/GEDE01/src/game/game_fn_80038878.o
[699/888] EXTERNALIZE build/GEDE01/src/game/game_fn_801B46C8.o
build/GEDE01/src/game/game_fn_801B46C8.o: lbl_8060C020 now undefined; section 6 emptied
[700/888] EXTERNALIZE build/GEDE01/src/game/game_fn_80036C40.o
[701/888] EXTERNALIZE build/GEDE01/src/game/game_fn_800359A0.o
[702/888] EXTERNALIZE build/GEDE01/src/game/game_fn_80033180.o
[703/888] EXTERNALIZE build/GEDE01/src/game/game_fn_80033038.o
[704/888] EXTERNALIZE build/GEDE01/src/game/game_fn_80032B84.o
[705/888] EXTERNALIZE build/GEDE01/src/game/game_fn_8003232C.o
[706/888] EXTERNALIZE build/GEDE01/src/game/game_fn_8002E3F0.o
[707/888] EXTERNALIZE build/GEDE01/src/game/game_fn_8002DAE0.o
[708/888] EXTERNALIZE build/GEDE01/src/game/game_fn_8002EA68.o
[709/888] GLOBALIZE build/GEDE01/src/game/game_fn_8002B748.o
[710/888] EXTERNALIZE build/GEDE01/src/game/game_fn_8002F428.o
[711/888] NAME SWITCHES build/GEDE01/src/game/game_fn_80024F28.o
[712/888] EXTERNALIZE build/GEDE01/src/game/game_fn_800272B4.o
[713/888] EXTERNALIZE build/GEDE01/src/game/game_fn_8001CE94.o
[714/888] EXTERNALIZE build/GEDE01/src/game/game_fn_8001CD58.o
[715/888] EXTERNALIZE build/GEDE01/src/game/game_fn_8001C078.o
[716/888] EXTERNALIZE build/GEDE01/src/game/game_fn_8001B874.o
[717/888] EXTERNALIZE build/GEDE01/src/game/game_fn_8001B808.o
[718/888] EXTERNALIZE build/GEDE01/src/game/game_fn_8001B294.o
[719/888] EXTERNALIZE build/GEDE01/src/game/game_fn_8001B124.o
[720/888] EXTERNALIZE build/GEDE01/src/game/game_fn_8001ADF8.o
[721/888] EXTERNALIZE build/GEDE01/src/game/game_fn_8001AF68.o
[722/888] EXTERNALIZE build/GEDE01/src/game/game_fn_8001AAB8.o
[723/888] EXTERNALIZE build/GEDE01/src/game/game_fn_8001A6C4.o
[724/888] EXTERNALIZE build/GEDE01/src/game/game_fn_80019F98.o
[725/888] EXTERNALIZE build/GEDE01/src/game/game_fn_80019D2C.o
[726/888] EXTERNALIZE build/GEDE01/src/game/game_fn_80019C10.o
[727/888] EXTERNALIZE build/GEDE01/src/game/game_fn_80019940.o
[728/888] EXTERNALIZE build/GEDE01/src/game/game_fn_800194D0.o
[729/888] EXTERNALIZE build/GEDE01/src/game/game_fn_80019054.o
[730/888] EXTERNALIZE build/GEDE01/src/game/game_fn_80019244.o
[731/888] EXTERNALIZE build/GEDE01/src/game/game_fn_80018EF4.o
[732/888] EXTERNALIZE build/GEDE01/src/game/game_fn_80017DB0.o
[733/888] EXTERNALIZE build/GEDE01/src/game/game_fn_80017CC8.o
[734/888] EXTERNALIZE build/GEDE01/src/game/game_fn_80017C3C.o
[735/888] EXTERNALIZE build/GEDE01/src/game/game_fn_80017AE4.o
[736/888] EXTERNALIZE build/GEDE01/src/game/game_fn_80017A3C.o
[737/888] EXTERNALIZE build/GEDE01/src/game/game_fn_80017910.o
[738/888] EXTERNALIZE build/GEDE01/src/game/game_fn_800179AC.o
[739/888] EXTERNALIZE FLAGS build/GEDE01/src/game/game_fn_800119FC.o
[740/888] EXTERNALIZE build/GEDE01/src/game/game_fn_8000FFD8.o
[741/888] EXTERNALIZE build/GEDE01/src/game/game_fn_8000EFC4.o
[742/888] EXTERNALIZE build/GEDE01/src/game/game_fn_8000F4B0.o
[743/888] GLOBALIZE build/GEDE01/src/game/game_fn_800094C0.o
[744/888] EXTERNALIZE build/GEDE01/src/game/game_fn_800096E0.o
[745/888] EXTERNALIZE build/GEDE01/src/game/game_fn_800098C0.o
[746/888] EXTERNALIZE build/GEDE01/src/game/game_fn_800099D8.o
[747/888] EXTERNALIZE build/GEDE01/src/game/game_fn_80009AB4.o
[748/888] EXTERNALIZE build/GEDE01/src/game/game_fn_8000A26C.o
[749/888] EXTERNALIZE build/GEDE01/src/game/game_fn_800171C0.o
[750/888] EXTERNALIZE build/GEDE01/src/game/game_fn_800176F0.o
[751/888] EXTERNALIZE build/GEDE01/src/game/game_fn_8000AC88.o
[752/888] EXTERNALIZE build/GEDE01/src/game/game_fn_8000AFB4.o
[753/888] EXTERNALIZE build/GEDE01/src/game/game_fn_8000AEB4.o
[754/888] EXTERNALIZE build/GEDE01/src/game/game_fn_8000B1B8.o
[755/888] EXTERNALIZE build/GEDE01/src/game/game_fn_8000B36C.o
[756/888] EXTERNALIZE build/GEDE01/src/game/game_fn_8000B7FC.o
[757/888] EXTERNALIZE build/GEDE01/src/game/game_fn_8000B630.o
[758/888] EXTERNALIZE build/GEDE01/src/game/game_fn_8000BA0C.o
[759/888] EXTERNALIZE build/GEDE01/src/game/game_fn_8000B900.o
[760/888] EXTERNALIZE build/GEDE01/src/game/game_fn_8000BC40.o
[761/888] EXTERNALIZE build/GEDE01/src/game/game_fn_8000BAA0.o
[762/888] EXTERNALIZE build/GEDE01/src/game/game_fn_8000C06C.o
[763/888] EXTERNALIZE build/GEDE01/src/game/game_fn_8000C17C.o
[764/888] EXTERNALIZE build/GEDE01/src/game/game_fn_8000C848.o
[765/888] EXTERNALIZE build/GEDE01/src/game/game_fn_8000C400.o
[766/888] EXTERNALIZE build/GEDE01/src/game/game_fn_8000C91C.o
[767/888] EXTERNALIZE build/GEDE01/src/game/game_fn_8000D0BC.o
[768/888] NAME SWITCH build/GEDE01/src/game/game_fn_8000D8A4.o
[769/888] EXTERNALIZE build/GEDE01/src/game/game_fn_8000D3D4.o
[770/888] EXTERNALIZE build/GEDE01/src/game/game_fn_8000E054.o
[771/888] EXTERNALIZE build/GEDE01/src/game/game_fn_8000E0AC.o
[772/888] EXTERNALIZE build/GEDE01/src/game/game_fn_8000E96C.o
[773/888] EXTERNALIZE build/GEDE01/src/game/game_fn_8000F774.o
[774/888] EXTERNALIZE build/GEDE01/src/game/game_fn_8000EB14.o
[775/888] EXTERNALIZE build/GEDE01/src/game/game_fn_8000EBD4.o
[776/888] EXTERNALIZE build/GEDE01/src/game/game_fn_8000ED44.o
[777/888] EXTERNALIZE build/GEDE01/src/game/game_fn_8000E1C4.o
[778/888] EXTERNALIZE build/GEDE01/src/game/game_fn_8000E138.o
[779/888] EXTERNALIZE build/GEDE01/src/game/game_fn_8000D590.o
[780/888] EXTERNALIZE build/GEDE01/src/game/game_fn_8000DA50.o
[781/888] EXTERNALIZE build/GEDE01/src/game/game_fn_80012DA8.o
[782/888] EXTERNALIZE build/GEDE01/src/game/game_fn_8000DAF4.o
[783/888] EXTERNALIZE build/GEDE01/src/game/game_fn_80012F40.o
[784/888] EXTERNALIZE build/GEDE01/src/game/game_fn_80012FD0.o
[785/888] EXTERNALIZE build/GEDE01/src/game/game_fn_80013340.o
[786/888] EXTERNALIZE build/GEDE01/src/game/game_fn_800131E8.o
[787/888] EXTERNALIZE build/GEDE01/src/game/game_fn_80013870.o
[788/888] EXTERNALIZE build/GEDE01/src/game/game_fn_80013CB0.o
[789/888] EXTERNALIZE build/GEDE01/src/game/game_fn_80013D54.o
[790/888] EXTERNALIZE build/GEDE01/src/game/game_fn_800142DC.o
[791/888] EXTERNALIZE build/GEDE01/src/game/game_fn_80014784.o
[792/888] EXTERNALIZE build/GEDE01/src/game/game_fn_800144CC.o
[793/888] EXTERNALIZE build/GEDE01/src/game/game_fn_800149D4.o
[794/888] EXTERNALIZE build/GEDE01/src/game/game_fn_80015058.o
[795/888] EXTERNALIZE build/GEDE01/src/game/game_fn_80015320.o
[796/888] EXTERNALIZE build/GEDE01/src/game/game_fn_80015568.o
[797/888] EXTERNALIZE build/GEDE01/src/game/game_fn_800156FC.o
[798/888] EXTERNALIZE build/GEDE01/src/game/game_fn_80015BE0.o
[799/888] EXTERNALIZE build/GEDE01/src/game/game_fn_80015D40.o
[800/888] EXTERNALIZE build/GEDE01/src/game/game_fn_80015F04.o
[801/888] EXTERNALIZE build/GEDE01/src/game/game_fn_80016128.o
[802/888] EXTERNALIZE build/GEDE01/src/game/game_fn_80016270.o
[803/888] EXTERNALIZE build/GEDE01/src/game/game_fn_80016904.o
[804/888] EXTERNALIZE build/GEDE01/src/game/game_fn_800173CC.o
[805/888] EXTERNALIZE build/GEDE01/src/game/game_fn_80016B24.o
[806/888] EXTERNALIZE build/GEDE01/src/game/game_fn_801BEF40.o
[807/888] EXTERNALIZE build/GEDE01/src/game/game_fn_801B86C0.o
[808/888] EXTERNALIZE STATIC POOL build/GEDE01/src/game/game_fn_801C4B5C.o
build/GEDE01/src/game/game_fn_801C4B5C.o: lbl_80628CB0 now undefined; section 6 emptied
[809/888] EXTERNALIZE build/GEDE01/src/game/game_fn_801C8600.o
[810/888] EXTERNALIZE build/GEDE01/src/game/game_fn_800B2EC0.o
[811/888] EXTERNALIZE build/GEDE01/src/game/game_fn_8001CA04.o
[812/888] EXTERNALIZE build/GEDE01/src/game/game_fn_80031544.o
[813/888] EXTERNALIZE build/GEDE01/src/game/game_fn_8006B0F0.o
[814/888] EXTERNALIZE build/GEDE01/src/game/game_fn_8007D4D8.o
[815/888] EXTERNALIZE build/GEDE01/src/game/game_fn_8007F770.o
[816/888] EXTERNALIZE build/GEDE01/src/game/game_fn_80088F4C.o
[817/888] EXTERNALIZE build/GEDE01/src/game/game_fn_8008A2E0.o
[818/888] EXTERNALIZE build/GEDE01/src/game/game_fn_80090004.o
[819/888] EXTERNALIZE build/GEDE01/src/game/game_fn_80095D10.o
[820/888] EXTERNALIZE build/GEDE01/src/game/game_fn_800A3180.o
[821/888] EXTERNALIZE build/GEDE01/src/game/game_fn_800BB7A8.o
[822/888] EXTERNALIZE build/GEDE01/src/game/game_fn_800BB5C4.o
[823/888] EXTERNALIZE build/GEDE01/src/game/game_fn_800BB9A4.o
[824/888] EXTERNALIZE build/GEDE01/src/game/game_fn_800BBAF0.o
[825/888] EXTERNALIZE build/GEDE01/src/game/game_fn_800D9064.o
[826/888] EXTERNALIZE build/GEDE01/src/game/game_fn_800D9E10.o
[827/888] EXTERNALIZE build/GEDE01/src/game/game_fn_8012976C.o
[828/888] EXTERNALIZE build/GEDE01/src/game/game_fn_8013DB8C.o
[829/888] EXTERNALIZE build/GEDE01/src/game/game_fn_8013CBE4.o
[830/888] EXTERNALIZE build/GEDE01/src/game/game_fn_8014CA98.o
[831/888] EXTERNALIZE build/GEDE01/src/game/game_fn_80153A24.o
[832/888] EXTERNALIZE build/GEDE01/src/game/game_fn_801535D8.o
[833/888] EXTERNALIZE build/GEDE01/src/game/game_fn_80174F2C.o
[834/888] EXTERNALIZE build/GEDE01/src/game/game_fn_8017AC20.o
[835/888] EXTERNALIZE build/GEDE01/src/game/game_fn_8018680C.o
[836/888] EXTERNALIZE build/GEDE01/src/game/game_fn_80186F70.o
[837/888] EXTERNALIZE build/GEDE01/src/game/game_fn_80187320.o
[838/888] EXTERNALIZE build/GEDE01/src/game/game_fn_801810A0.o
[839/888] EXTERNALIZE build/GEDE01/src/game/game_fn_801875FC.o
[840/888] EXTERNALIZE build/GEDE01/src/game/game_fn_800542D0.o
[841/888] EXTERNALIZE build/GEDE01/src/game/game_fn_80189C14.o
[842/888] EXTERNALIZE build/GEDE01/src/game/game_fn_80187BB4.o
[843/888] EXTERNALIZE build/GEDE01/src/game/game_fn_8018C2D0.o
[844/888] EXTERNALIZE build/GEDE01/src/game/game_fn_8018D400.o
[845/888] EXTERNALIZE build/GEDE01/src/game/game_fn_8018E0D8.o
[846/888] EXTERNALIZE build/GEDE01/src/game/game_fn_8019120C.o
[847/888] EXTERNALIZE build/GEDE01/src/game/game_fn_801926EC.o
[848/888] EXTERNALIZE build/GEDE01/src/game/game_fn_801916D0.o
[849/888] EXTERNALIZE build/GEDE01/src/game/game_fn_801929A4.o
[850/888] EXTERNALIZE build/GEDE01/src/game/game_fn_801A2A54.o
[851/888] EXTERNALIZE build/GEDE01/src/game/game_fn_801A34BC.o
[852/888] EXTERNALIZE build/GEDE01/src/game/game_fn_801A657C.o
[853/888] EXTERNALIZE build/GEDE01/src/game/game_fn_801D1F78.o
[854/888] EXTERNALIZE build/GEDE01/src/game/game_fn_801E2A48.o
[855/888] EXTERNALIZE build/GEDE01/src/game/game_fn_801E6814.o
[856/888] EXTERNALIZE build/GEDE01/src/game/game_fn_801E995C.o
[857/888] EXTERNALIZE build/GEDE01/src/game/game_fn_801F10BC.o
[858/888] EXTERNALIZE build/GEDE01/src/game/game_fn_801EF580.o
[859/888] EXTERNALIZE build/GEDE01/src/game/game_fn_801F35A8.o
[860/888] EXTERNALIZE build/GEDE01/src/game/game_fn_801ECD74.o
[861/888] EXTERNALIZE build/GEDE01/src/game/game_fn_801F69F0.o
[862/888] EXTERNALIZE build/GEDE01/src/game/game_fn_801ED5F4.o
[863/888] EXTERNALIZE build/GEDE01/src/game/game_fn_801F76EC.o
[864/888] EXTERNALIZE build/GEDE01/src/game/game_fn_801F8264.o
[865/888] EXTERNALIZE build/GEDE01/src/game/game_fn_801F89B4.o
[866/888] EXTERNALIZE build/GEDE01/src/game/game_fn_801F9AF8.o
[867/888] EXTERNALIZE build/GEDE01/src/game/game_fn_801F6BD8.o
[868/888] EXTERNALIZE build/GEDE01/src/game/game_fn_801FB6A4.o
[869/888] EXTERNALIZE JUMPTABLES build/GEDE01/src/game/game_fn_800361F8.o
[870/888] EXTERNALIZE JUMPTABLES build/GEDE01/src/game/game_fn_8006E53C.o
[871/888] EXTERNALIZE JUMPTABLES build/GEDE01/src/game/game_fn_800CF598.o
[872/888] EXTERNALIZE JUMPTABLES build/GEDE01/src/game/game_fn_801ACFE8.o
[873/888] EXTERNALIZE build/GEDE01/src/game/game_fn_80154F74.o
[874/888] EXTERNALIZE JUMPTABLES build/GEDE01/src/game/game_fn_801B1BA0.o
[875/888] EXTERNALIZE build/GEDE01/src/game/game_fn_8009E808.o
[876/888] EXTERNALIZE build/GEDE01/src/game/game_fn_801F1A38.o
[877/888] EXTERNALIZE build/GEDE01/src/game/game_fn_801F55A0.o
[878/888] EXTERNALIZE build/GEDE01/src/game/game_fn_801FFE78.o
[879/888] EXTERNALIZE build/GEDE01/src/game/game_fn_801F7510.o
[880/888] EXTERNALIZE build/GEDE01/src/game/game_fn_801F9CF4.o
[881/888] EXTERNALIZE build/GEDE01/src/game/game_fn_801FC034.o
[882/888] EXTERNALIZE build/GEDE01/src/game/game_fn_801FA9C8.o
[883/888] MWCC build/GEDE01/src/game/game_fn_8006053C.o
[884/888] REPORT
 INFO Loading project .
 INFO Generating report for 7068 units (using 8 threads)
 INFO Report generated in 0.171s
 INFO Writing to build/GEDE01/report.json
[885/888] LINK build/GEDE01/main.elf
### mwldeppc.exe Linker Warning:
#   Section '.ignored' is unknown. Section ignored.
### mwldeppc.exe Linker Warning:
#   Section '.ignored' is unknown. Section ignored.
### mwldeppc.exe Linker Warning:
#   Section '.ignored' is unknown. Section ignored.
### mwldeppc.exe Linker Warning:
#   Section '.ignored' is unknown. Section ignored.
### mwldeppc.exe Linker Warning:
#   Section '.ignored' is unknown. Section ignored.
### mwldeppc.exe Linker Warning:
#   Section '.ignored' is unknown. Section ignored.
### mwldeppc.exe Linker Warning:
#   Section '.ignored' is unknown. Section ignored.
### mwldeppc.exe Linker Warning:
#   Section '.ignored' is unknown. Section ignored.
### mwldeppc.exe Linker Warning:
#   Section '.ignored' is unknown. Section ignored.
### mwldeppc.exe Linker Warning:
#   Section '.ignored' is unknown. Section ignored.
### mwldeppc.exe Linker Warning:
#   Section '.ignored' is unknown. Section ignored.
### mwldeppc.exe Linker Warning:
#   Section '.ignored' is unknown. Section ignored.
### mwldeppc.exe Linker Warning:
#   Section '.ignored' is unknown. Section ignored.
### mwldeppc.exe Linker Warning:
#   Section '.ignored' is unknown. Section ignored.
### mwldeppc.exe Linker Warning:
#   Section '.ignored' is unknown. Section ignored.
### mwldeppc.exe Linker Warning:
#   Section '.ignored' is unknown. Section ignored.
### mwldeppc.exe Linker Warning:
#   Section '.ignored' is unknown. Section ignored.
### mwldeppc.exe Linker Warning:
#   Section '.ignored' is unknown. Section ignored.
### mwldeppc.exe Linker Warning:
#   Section '.ignored' is unknown. Section ignored.
### mwldeppc.exe Linker Warning:
#   Section '.ignored' is unknown. Section ignored.
### mwldeppc.exe Linker Warning:
#   Section '.ignored' is unknown. Section ignored.
### mwldeppc.exe Linker Warning:
#   Section '.ignored' is unknown. Section ignored.
### mwldeppc.exe Linker Warning:
#   Section '.ignored' is unknown. Section ignored.
### mwldeppc.exe Linker Warning:
#   Section '.ignored' is unknown. Section ignored.
### mwldeppc.exe Linker Warning:
#   Section '.ignored' is unknown. Section ignored.
### mwldeppc.exe Linker Warning:
#   Section '.ignored' is unknown. Section ignored.
### mwldeppc.exe Linker Warning:
#   Section '.ignored' is unknown. Section ignored.
### mwldeppc.exe Linker Warning:
#   Section '.ignored' is unknown. Section ignored.
### mwldeppc.exe Linker Warning:
#   Section '.ignored' is unknown. Section ignored.
### mwldeppc.exe Linker Warning:
#   Section '.ignored' is unknown. Section ignored.
### mwldeppc.exe Linker Warning:
#   Section '.ignored' is unknown. Section ignored.
### mwldeppc.exe Linker Warning:
#   Section '.ignored' is unknown. Section ignored.
### mwldeppc.exe Linker Warning:
#   Section '.ignored' is unknown. Section ignored.
### mwldeppc.exe Linker Warning:
#   Section '.ignored' is unknown. Section ignored.
### mwldeppc.exe Linker Warning:
#   Section '.ignored' is unknown. Section ignored.
### mwldeppc.exe Linker Warning:
#   Section '.ignored' is unknown. Section ignored.
### mwldeppc.exe Linker Warning:
#   Section '.ignored' is unknown. Section ignored.
### mwldeppc.exe Linker Warning:
#   Section '.ignored' is unknown. Section ignored.
### mwldeppc.exe Linker Warning:
#   Section '.ignored' is unknown. Section ignored.
### mwldeppc.exe Linker Warning:
#   Section '.ignored' is unknown. Section ignored.
### mwldeppc.exe Linker Warning:
#   Section '.ignored' is unknown. Section ignored.
### mwldeppc.exe Linker Warning:
#   Section '.ignored' is unknown. Section ignored.
### mwldeppc.exe Linker Warning:
#   Section '.ignored' is unknown. Section ignored.
### mwldeppc.exe Linker Warning:
#   Section '.ignored' is unknown. Section ignored.
### mwldeppc.exe Linker Warning:
#   Section '.ignored' is unknown. Section ignored.
### mwldeppc.exe Linker Warning:
#   Section '.ignored' is unknown. Section ignored.
### mwldeppc.exe Linker Warning:
#   Section '.ignored' is unknown. Section ignored.
### mwldeppc.exe Linker Warning:
#   Section '.ignored' is unknown. Section ignored.
### mwldeppc.exe Linker Warning:
#   Section '.ignored' is unknown. Section ignored.
### mwldeppc.exe Linker Warning:
#   Section '.ignored' is unknown. Section ignored.
### mwldeppc.exe Linker Warning:
#   Section '.ignored' is unknown. Section ignored.
### mwldeppc.exe Linker Warning:
#   Section '.ignored' is unknown. Section ignored.
### mwldeppc.exe Linker Warning:
#   Section '.ignored' is unknown. Section ignored.
### mwldeppc.exe Linker Warning:
#   Section '.ignored' is unknown. Section ignored.
### mwldeppc.exe Linker Warning:
#   Section '.ignored' is unknown. Section ignored.
### mwldeppc.exe Linker Warning:
#   Section '.ignored' is unknown. Section ignored.
### mwldeppc.exe Linker Warning:
#   Section '.ignored' is unknown. Section ignored.
### mwldeppc.exe Linker Warning:
#   Section '.ignored' is unknown. Section ignored.
### mwldeppc.exe Linker Warning:
#   Section '.ignored' is unknown. Section ignored.
### mwldeppc.exe Linker Warning:
#   Section '.ignored' is unknown. Section ignored.
### mwldeppc.exe Linker Warning:
#   Section '.ignored' is unknown. Section ignored.
### mwldeppc.exe Linker Warning:
#   Section '.ignored' is unknown. Section ignored.
### mwldeppc.exe Linker Warning:
#   Section '.ignored' is unknown. Section ignored.
### mwldeppc.exe Linker Warning:
#   Section '.ignored' is unknown. Section ignored.
### mwldeppc.exe Linker Warning:
#   Section '.ignored' is unknown. Section ignored.
### mwldeppc.exe Linker Warning:
#   Section '.ignored' is unknown. Section ignored.
### mwldeppc.exe Linker Warning:
#   Section '.ignored' is unknown. Section ignored.
### mwldeppc.exe Linker Warning:
#   Section '.ignored' is unknown. Section ignored.
### mwldeppc.exe Linker Warning:
#   Section '.ignored' is unknown. Section ignored.
### mwldeppc.exe Linker Warning:
#   Section '.ignored' is unknown. Section ignored.
### mwldeppc.exe Linker Warning:
#   Section '.ignored' is unknown. Section ignored.
### mwldeppc.exe Linker Warning:
#   Section '.ignored' is unknown. Section ignored.
### mwldeppc.exe Linker Warning:
#   Section '.ignored' is unknown. Section ignored.
### mwldeppc.exe Linker Warning:
#   Section '.ignored' is unknown. Section ignored.
### mwldeppc.exe Linker Warning:
#   Section '.ignored' is unknown. Section ignored.
### mwldeppc.exe Linker Warning:
#   Section '.ignored' is unknown. Section ignored.
### mwldeppc.exe Linker Warning:
#   Section '.ignored' is unknown. Section ignored.
### mwldeppc.exe Linker Warning:
#   Section '.ignored' is unknown. Section ignored.
### mwldeppc.exe Linker Warning:
#   Section '.ignored' is unknown. Section ignored.
### mwldeppc.exe Linker Warning:
#   Section '.ignored' is unknown. Section ignored.
### mwldeppc.exe Linker Warning:
#   Section '.ignored' is unknown. Section ignored.
### mwldeppc.exe Linker Warning:
#   Section '.ignored' is unknown. Section ignored.
### mwldeppc.exe Linker Warning:
#   Section '.ignored' is unknown. Section ignored.
### mwldeppc.exe Linker Warning:
#   Section '.ignored' is unknown. Section ignored.
### mwldeppc.exe Linker Warning:
#   Section '.ignored' is unknown. Section ignored.
### mwldeppc.exe Linker Warning:
#   Section '.ignored' is unknown. Section ignored.
### mwldeppc.exe Linker Warning:
#   Section '.ignored' is unknown. Section ignored.
### mwldeppc.exe Linker Warning:
#   Section '.ignored' is unknown. Section ignored.
### mwldeppc.exe Linker Warning:
#   Section '.ignored' is unknown. Section ignored.
### mwldeppc.exe Linker Warning:
#   Section '.ignored' is unknown. Section ignored.
### mwldeppc.exe Linker Warning:
#   Section '.ignored' is unknown. Section ignored.
### mwldeppc.exe Linker Warning:
#   Section '.ignored' is unknown. Section ignored.
### mwldeppc.exe Linker Warning:
#   Section '.ignored' is unknown. Section ignored.
### mwldeppc.exe Linker Warning:
#   Section '.ignored' is unknown. Section ignored.
### mwldeppc.exe Linker Warning:
#   Section '.ignored' is unknown. Section ignored.
### mwldeppc.exe Linker Warning:
#   Section '.ignored' is unknown. Section ignored.
### mwldeppc.exe Linker Warning:
#   Section '.ignored' is unknown. Section ignored.
### mwldeppc.exe Linker Warning:
#   Section '.ignored' is unknown. Section ignored.
### mwldeppc.exe Linker Warning:
#   Section '.ignored' is unknown. Section ignored.
### mwldeppc.exe Linker Warning:
#   Section '.ignored' is unknown. Section ignored.
### mwldeppc.exe Linker Warning:
#   Section '.ignored' is unknown. Section ignored.
### mwldeppc.exe Linker Warning:
#   Section '.ignored' is unknown. Section ignored.
### mwldeppc.exe Linker Warning:
#   Section '.ignored' is unknown. Section ignored.
### mwldeppc.exe Linker Warning:
#   Section '.ignored' is unknown. Section ignored.
### mwldeppc.exe Linker Warning:
#   Section '.ignored' is unknown. Section ignored.
### mwldeppc.exe Linker Warning:
#   Section '.ignored' is unknown. Section ignored.
### mwldeppc.exe Linker Warning:
#   Section '.ignored' is unknown. Section ignored.
### mwldeppc.exe Linker Warning:
#   Section '.ignored' is unknown. Section ignored.
### mwldeppc.exe Linker Warning:
#   Section '.ignored' is unknown. Section ignored.
### mwldeppc.exe Linker Warning:
#   Section '.ignored' is unknown. Section ignored.
### mwldeppc.exe Linker Warning:
#   Section '.ignored' is unknown. Section ignored.
### mwldeppc.exe Linker Warning:
#   Section '.ignored' is unknown. Section ignored.
### mwldeppc.exe Linker Warning:
#   Section '.ignored' is unknown. Section ignored.
### mwldeppc.exe Linker Warning:
#   Section '.ignored' is unknown. Section ignored.
### mwldeppc.exe Linker Warning:
#   Section '.ignored' is unknown. Section ignored.
### mwldeppc.exe Linker Warning:
#   Section '.ignored' is unknown. Section ignored.
### mwldeppc.exe Linker Warning:
#   Section '.ignored' is unknown. Section ignored.
### mwldeppc.exe Linker Warning:
#   Section '.ignored' is unknown. Section ignored.
### mwldeppc.exe Linker Warning:
#   Section '.ignored' is unknown. Section ignored.
### mwldeppc.exe Linker Warning:
#   Section '.ignored' is unknown. Section ignored.
### mwldeppc.exe Linker Warning:
#   Section '.ignored' is unknown. Section ignored.
### mwldeppc.exe Linker Warning:
#   Section '.ignored' is unknown. Section ignored.
### mwldeppc.exe Linker Warning:
#   Section '.ignored' is unknown. Section ignored.
### mwldeppc.exe Linker Warning:
#   Section '.ignored' is unknown. Section ignored.
### mwldeppc.exe Linker Warning:
#   Section '.ignored' is unknown. Section ignored.
### mwldeppc.exe Linker Warning:
#   Section '.ignored' is unknown. Section ignored.
### mwldeppc.exe Linker Warning:
#   Section '.ignored' is unknown. Section ignored.
### mwldeppc.exe Linker Warning:
#   Section '.ignored' is unknown. Section ignored.
### mwldeppc.exe Linker Warning:
#   Section '.ignored' is unknown. Section ignored.
### mwldeppc.exe Linker Warning:
#   Section '.ignored' is unknown. Section ignored.
### mwldeppc.exe Linker Warning:
#   Section '.ignored' is unknown. Section ignored.
### mwldeppc.exe Linker Warning:
#   Section '.ignored' is unknown. Section ignored.
### mwldeppc.exe Linker Warning:
#   Section '.ignored' is unknown. Section ignored.
### mwldeppc.exe Linker Warning:
#   Section '.ignored' is unknown. Section ignored.
### mwldeppc.exe Linker Warning:
#   Section '.ignored' is unknown. Section ignored.
### mwldeppc.exe Linker Warning:
#   Section '.ignored' is unknown. Section ignored.
### mwldeppc.exe Linker Warning:
#   Section '.ignored' is unknown. Section ignored.
### mwldeppc.exe Linker Warning:
#   Section '.ignored' is unknown. Section ignored.
### mwldeppc.exe Linker Warning:
#   Section '.ignored' is unknown. Section ignored.
### mwldeppc.exe Linker Warning:
#   Section '.ignored' is unknown. Section ignored.
### mwldeppc.exe Linker Warning:
#   Section '.ignored' is unknown. Section ignored.
### mwldeppc.exe Linker Warning:
#   Section '.ignored' is unknown. Section ignored.
### mwldeppc.exe Linker Warning:
#   Section '.ignored' is unknown. Section ignored.
### mwldeppc.exe Linker Warning:
#   Section '.ignored' is unknown. Section ignored.
### mwldeppc.exe Linker Warning:
#   Section '.ignored' is unknown. Section ignored.
### mwldeppc.exe Linker Warning:
#   Section '.ignored' is unknown. Section ignored.
### mwldeppc.exe Linker Warning:
#   Section '.ignored' is unknown. Section ignored.
### mwldeppc.exe Linker Warning:
#   Section '.ignored' is unknown. Section ignored.
### mwldeppc.exe Linker Warning:
#   Section '.ignored' is unknown. Section ignored.
### mwldeppc.exe Linker Warning:
#   Section '.ignored' is unknown. Section ignored.
### mwldeppc.exe Linker Warning:
#   Section '.ignored' is unknown. Section ignored.
### mwldeppc.exe Linker Warning:
#   Section '.ignored' is unknown. Section ignored.
### mwldeppc.exe Linker Warning:
#   Section '.ignored' is unknown. Section ignored.
### mwldeppc.exe Linker Warning:
#   Section '.ignored' is unknown. Section ignored.
### mwldeppc.exe Linker Warning:
#   Section '.ignored' is unknown. Section ignored.
### mwldeppc.exe Linker Warning:
#   Section '.ignored' is unknown. Section ignored.
### mwldeppc.exe Linker Warning:
#   Section '.ignored' is unknown. Section ignored.
### mwldeppc.exe Linker Warning:
#   Section '.ignored' is unknown. Section ignored.
### mwldeppc.exe Linker Warning:
#   Section '.ignored' is unknown. Section ignored.
### mwldeppc.exe Linker Warning:
#   Section '.ignored' is unknown. Section ignored.
### mwldeppc.exe Linker Warning:
#   Section '.ignored' is unknown. Section ignored.
### mwldeppc.exe Linker Warning:
#   Section '.ignored' is unknown. Section ignored.
### mwldeppc.exe Linker Warning:
#   Section '.ignored' is unknown. Section ignored.
### mwldeppc.exe Linker Warning:
#   Section '.ignored' is unknown. Section ignored.
### mwldeppc.exe Linker Warning:
#   Section '.ignored' is unknown. Section ignored.
### mwldeppc.exe Linker Warning:
#   Section '.ignored' is unknown. Section ignored.
### mwldeppc.exe Linker Warning:
#   Section '.ignored' is unknown. Section ignored.
### mwldeppc.exe Linker Warning:
#   Section '.ignored' is unknown. Section ignored.
### mwldeppc.exe Linker Warning:
#   Section '.ignored' is unknown. Section ignored.
### mwldeppc.exe Linker Warning:
#   Section '.ignored' is unknown. Section ignored.
### mwldeppc.exe Linker Warning:
#   Section '.ignored' is unknown. Section ignored.
### mwldeppc.exe Linker Warning:
#   Section '.ignored' is unknown. Section ignored.
### mwldeppc.exe Linker Warning:
#   Section '.ignored' is unknown. Section ignored.
### mwldeppc.exe Linker Warning:
#   Section '.ignored' is unknown. Section ignored.
### mwldeppc.exe Linker Warning:
#   Section '.ignored' is unknown. Section ignored.
### mwldeppc.exe Linker Warning:
#   Section '.ignored' is unknown. Section ignored.
### mwldeppc.exe Linker Warning:
#   Section '.ignored' is unknown. Section ignored.
### mwldeppc.exe Linker Warning:
#   Section '.ignored' is unknown. Section ignored.
### mwldeppc.exe Linker Warning:
#   Section '.ignored' is unknown. Section ignored.
### mwldeppc.exe Linker Warning:
#   Section '.ignored' is unknown. Section ignored.
### mwldeppc.exe Linker Warning:
#   Section '.ignored' is unknown. Section ignored.
### mwldeppc.exe Linker Warning:
#   Section '.ignored' is unknown. Section ignored.
### mwldeppc.exe Linker Warning:
#   Section '.ignored' is unknown. Section ignored.
### mwldeppc.exe Linker Warning:
#   Section '.ignored' is unknown. Section ignored.
### mwldeppc.exe Linker Warning:
#   Section '.ignored' is unknown. Section ignored.
### mwldeppc.exe Linker Warning:
#   Section '.ignored' is unknown. Section ignored.
### mwldeppc.exe Linker Warning:
#   Section '.ignored' is unknown. Section ignored.
### mwldeppc.exe Linker Warning:
#   Section '.ignored' is unknown. Section ignored.
### mwldeppc.exe Linker Warning:
#   Section '.ignored' is unknown. Section ignored.
### mwldeppc.exe Linker Warning:
#   Section '.ignored' is unknown. Section ignored.
### mwldeppc.exe Linker Warning:
#   Section '.ignored' is unknown. Section ignored.
### mwldeppc.exe Linker Warning:
#   Section '.ignored' is unknown. Section ignored.
### mwldeppc.exe Linker Warning:
#   Section '.ignored' is unknown. Section ignored.
### mwldeppc.exe Linker Warning:
#   Section '.ignored' is unknown. Section ignored.
### mwldeppc.exe Linker Warning:
#   Section '.ignored' is unknown. Section ignored.
### mwldeppc.exe Linker Warning:
#   Section '.ignored' is unknown. Section ignored.
### mwldeppc.exe Linker Warning:
#   Section '.ignored' is unknown. Section ignored.
### mwldeppc.exe Linker Warning:
#   Section '.ignored' is unknown. Section ignored.
### mwldeppc.exe Linker Warning:
#   Section '.ignored' is unknown. Section ignored.
### mwldeppc.exe Linker Warning:
#   Section '.ignored' is unknown. Section ignored.
### mwldeppc.exe Linker Warning:
#   Section '.ignored' is unknown. Section ignored.
### mwldeppc.exe Linker Warning:
#   Section '.ignored' is unknown. Section ignored.
### mwldeppc.exe Linker Warning:
#   Section '.ignored' is unknown. Section ignored.
### mwldeppc.exe Linker Warning:
#   Section '.ignored' is unknown. Section ignored.
### mwldeppc.exe Linker Warning:
#   Section '.ignored' is unknown. Section ignored.
### mwldeppc.exe Linker Warning:
#   Section '.ignored' is unknown. Section ignored.
### mwldeppc.exe Linker Warning:
#   Section '.ignored' is unknown. Section ignored.
### mwldeppc.exe Linker Warning:
#   Section '.ignored' is unknown. Section ignored.
### mwldeppc.exe Linker Warning:
#   Section '.ignored' is unknown. Section ignored.
### mwldeppc.exe Linker Warning:
#   Section '.ignored' is unknown. Section ignored.
### mwldeppc.exe Linker Warning:
#   Section '.ignored' is unknown. Section ignored.
### mwldeppc.exe Linker Warning:
#   Section '.ignored' is unknown. Section ignored.
### mwldeppc.exe Linker Warning:
#   Section '.ignored' is unknown. Section ignored.
### mwldeppc.exe Linker Warning:
#   Section '.ignored' is unknown. Section ignored.
### mwldeppc.exe Linker Warning:
#   Section '.ignored' is unknown. Section ignored.
### mwldeppc.exe Linker Warning:
#   Section '.ignored' is unknown. Section ignored.
### mwldeppc.exe Linker Warning:
#   Section '.ignored' is unknown. Section ignored.
### mwldeppc.exe Linker Warning:
#   Section '.ignored' is unknown. Section ignored.
### mwldeppc.exe Linker Warning:
#   Section '.ignored' is unknown. Section ignored.
### mwldeppc.exe Linker Warning:
#   Section '.ignored' is unknown. Section ignored.
### mwldeppc.exe Linker Warning:
#   Section '.ignored' is unknown. Section ignored.
### mwldeppc.exe Linker Warning:
#   Section '.ignored' is unknown. Section ignored.
### mwldeppc.exe Linker Warning:
#   Section '.ignored' is unknown. Section ignored.
### mwldeppc.exe Linker Warning:
#   Section '.ignored' is unknown. Section ignored.
### mwldeppc.exe Linker Warning:
#   Section '.ignored' is unknown. Section ignored.
### mwldeppc.exe Linker Warning:
#   Section '.ignored' is unknown. Section ignored.
### mwldeppc.exe Linker Warning:
#   Section '.ignored' is unknown. Section ignored.
### mwldeppc.exe Linker Warning:
#   Section '.ignored' is unknown. Section ignored.
### mwldeppc.exe Linker Warning:
#   Section '.ignored' is unknown. Section ignored.
### mwldeppc.exe Linker Warning:
#   Section '.ignored' is unknown. Section ignored.
### mwldeppc.exe Linker Warning:
#   Section '.ignored' is unknown. Section ignored.
### mwldeppc.exe Linker Warning:
#   Section '.ignored' is unknown. Section ignored.
### mwldeppc.exe Linker Warning:
#   Section '.ignored' is unknown. Section ignored.
### mwldeppc.exe Linker Warning:
#   Section '.ignored' is unknown. Section ignored.
### mwldeppc.exe Linker Warning:
#   Section '.ignored' is unknown. Section ignored.
### mwldeppc.exe Linker Warning:
#   Section '.ignored' is unknown. Section ignored.
### mwldeppc.exe Linker Warning:
#   Section '.ignored' is unknown. Section ignored.
### mwldeppc.exe Linker Warning:
#   Section '.ignored' is unknown. Section ignored.
### mwldeppc.exe Linker Warning:
#   Section '.ignored' is unknown. Section ignored.
### mwldeppc.exe Linker Warning:
#   Section '.ignored' is unknown. Section ignored.
### mwldeppc.exe Linker Warning:
#   Section '.ignored' is unknown. Section ignored.
### mwldeppc.exe Linker Warning:
#   Section '.ignored' is unknown. Section ignored.
### mwldeppc.exe Linker Warning:
#   Section '.ignored' is unknown. Section ignored.
### mwldeppc.exe Linker Warning:
#   Section '.ignored' is unknown. Section ignored.
### mwldeppc.exe Linker Warning:
#   Section '.ignored' is unknown. Section ignored.
### mwldeppc.exe Linker Warning:
#   Section '.ignored' is unknown. Section ignored.
### mwldeppc.exe Linker Warning:
#   Section '.ignored' is unknown. Section ignored.
### mwldeppc.exe Linker Warning:
#   Section '.ignored' is unknown. Section ignored.
### mwldeppc.exe Linker Warning:
#   Section '.ignored' is unknown. Section ignored.
### mwldeppc.exe Linker Warning:
#   Section '.ignored' is unknown. Section ignored.
### mwldeppc.exe Linker Warning:
#   Section '.ignored' is unknown. Section ignored.
### mwldeppc.exe Linker Warning:
#   Section '.ignored' is unknown. Section ignored.
### mwldeppc.exe Linker Warning:
#   Section '.ignored' is unknown. Section ignored.
### mwldeppc.exe Linker Warning:
#   Section '.ignored' is unknown. Section ignored.
### mwldeppc.exe Linker Warning:
#   Section '.ignored' is unknown. Section ignored.
### mwldeppc.exe Linker Warning:
#   Section '.ignored' is unknown. Section ignored.
### mwldeppc.exe Linker Warning:
#   Section '.ignored' is unknown. Section ignored.
### mwldeppc.exe Linker Warning:
#   Section '.ignored' is unknown. Section ignored.
### mwldeppc.exe Linker Warning:
#   Section '.ignored' is unknown. Section ignored.
### mwldeppc.exe Linker Warning:
#   Section '.ignored' is unknown. Section ignored.
### mwldeppc.exe Linker Warning:
#   Section '.ignored' is unknown. Section ignored.
### mwldeppc.exe Linker Warning:
#   Section '.ignored' is unknown. Section ignored.
### mwldeppc.exe Linker Warning:
#   Section '.ignored' is unknown. Section ignored.
### mwldeppc.exe Linker Warning:
#   Section '.ignored' is unknown. Section ignored.
### mwldeppc.exe Linker Warning:
#   Section '.ignored' is unknown. Section ignored.
### mwldeppc.exe Linker Warning:
#   Section '.ignored' is unknown. Section ignored.
### mwldeppc.exe Linker Warning:
#   Section '.ignored' is unknown. Section ignored.
### mwldeppc.exe Linker Warning:
#   Section '.ignored' is unknown. Section ignored.
### mwldeppc.exe Linker Warning:
#   Section '.ignored' is unknown. Section ignored.
### mwldeppc.exe Linker Warning:
#   Section '.ignored' is unknown. Section ignored.
### mwldeppc.exe Linker Warning:
#   Section '.ignored' is unknown. Section ignored.
### mwldeppc.exe Linker Warning:
#   Section '.ignored' is unknown. Section ignored.
### mwldeppc.exe Linker Warning:
#   Section '.ignored' is unknown. Section ignored.
### mwldeppc.exe Linker Warning:
#   Section '.ignored' is unknown. Section ignored.
### mwldeppc.exe Linker Warning:
#   Section '.ignored' is unknown. Section ignored.
### mwldeppc.exe Linker Warning:
#   Section '.ignored' is unknown. Section ignored.
### mwldeppc.exe Linker Warning:
#   Section '.ignored' is unknown. Section ignored.
### mwldeppc.exe Linker Warning:
#   Section '.ignored' is unknown. Section ignored.
### mwldeppc.exe Linker Warning:
#   Section '.ignored' is unknown. Section ignored.
### mwldeppc.exe Linker Warning:
#   Section '.ignored' is unknown. Section ignored.
### mwldeppc.exe Linker Warning:
#   Section '.ignored' is unknown. Section ignored.
### mwldeppc.exe Linker Warning:
#   Section '.ignored' is unknown. Section ignored.
### mwldeppc.exe Linker Warning:
#   Section '.ignored' is unknown. Section ignored.
### mwldeppc.exe Linker Warning:
#   Section '.ignored' is unknown. Section ignored.
### mwldeppc.exe Linker Warning:
#   Section '.ignored' is unknown. Section ignored.
### mwldeppc.exe Linker Warning:
#   Section '.ignored' is unknown. Section ignored.
### mwldeppc.exe Linker Warning:
#   Section '.ignored' is unknown. Section ignored.
### mwldeppc.exe Linker Warning:
#   Section '.ignored' is unknown. Section ignored.
### mwldeppc.exe Linker Warning:
#   Section '.ignored' is unknown. Section ignored.
### mwldeppc.exe Linker Warning:
#   Section '.ignored' is unknown. Section ignored.
### mwldeppc.exe Linker Warning:
#   Section '.ignored' is unknown. Section ignored.
### mwldeppc.exe Linker Warning:
#   Section '.ignored' is unknown. Section ignored.
### mwldeppc.exe Linker Warning:
#   Section '.ignored' is unknown. Section ignored.
### mwldeppc.exe Linker Warning:
#   Section '.ignored' is unknown. Section ignored.
### mwldeppc.exe Linker Warning:
#   Section '.ignored' is unknown. Section ignored.
### mwldeppc.exe Linker Warning:
#   Section '.ignored' is unknown. Section ignored.
### mwldeppc.exe Linker Warning:
#   Section '.ignored' is unknown. Section ignored.
### mwldeppc.exe Linker Warning:
#   Section '.ignored' is unknown. Section ignored.
### mwldeppc.exe Linker Warning:
#   Section '.ignored' is unknown. Section ignored.
### mwldeppc.exe Linker Warning:
#   Section '.ignored' is unknown. Section ignored.
### mwldeppc.exe Linker Warning:
#   Section '.ignored' is unknown. Section ignored.
### mwldeppc.exe Linker Warning:
#   Section '.ignored' is unknown. Section ignored.
### mwldeppc.exe Linker Warning:
#   Section '.ignored' is unknown. Section ignored.
### mwldeppc.exe Linker Warning:
#   Section '.ignored' is unknown. Section ignored.
### mwldeppc.exe Linker Warning:
#   Section '.ignored' is unknown. Section ignored.
### mwldeppc.exe Linker Warning:
#   Section '.ignored' is unknown. Section ignored.
### mwldeppc.exe Linker Warning:
#   Section '.ignored' is unknown. Section ignored.
### mwldeppc.exe Linker Warning:
#   Section '.ignored' is unknown. Section ignored.
### mwldeppc.exe Linker Warning:
#   Section '.ignored' is unknown. Section ignored.
### mwldeppc.exe Linker Warning:
#   Section '.ignored' is unknown. Section ignored.
### mwldeppc.exe Linker Warning:
#   Section '.ignored' is unknown. Section ignored.
### mwldeppc.exe Linker Warning:
#   Section '.ignored' is unknown. Section ignored.
### mwldeppc.exe Linker Warning:
#   Section '.ignored' is unknown. Section ignored.
### mwldeppc.exe Linker Warning:
#   Section '.ignored' is unknown. Section ignored.
### mwldeppc.exe Linker Warning:
#   Section '.ignored' is unknown. Section ignored.
### mwldeppc.exe Linker Warning:
#   Section '.ignored' is unknown. Section ignored.
### mwldeppc.exe Linker Warning:
#   Section '.ignored' is unknown. Section ignored.
### mwldeppc.exe Linker Warning:
#   Section '.ignored' is unknown. Section ignored.
### mwldeppc.exe Linker Warning:
#   Section '.ignored' is unknown. Section ignored.
### mwldeppc.exe Linker Warning:
#   Section '.ignored' is unknown. Section ignored.
### mwldeppc.exe Linker Warning:
#   Section '.ignored' is unknown. Section ignored.
### mwldeppc.exe Linker Warning:
#   Section '.ignored' is unknown. Section ignored.
### mwldeppc.exe Linker Warning:
#   Section '.ignored' is unknown. Section ignored.
### mwldeppc.exe Linker Warning:
#   Section '.ignored' is unknown. Section ignored.
### mwldeppc.exe Linker Warning:
#   Section '.ignored' is unknown. Section ignored.
### mwldeppc.exe Linker Warning:
#   Section '.ignored' is unknown. Section ignored.
### mwldeppc.exe Linker Warning:
#   Section '.ignored' is unknown. Section ignored.
### mwldeppc.exe Linker Warning:
#   Section '.ignored' is unknown. Section ignored.
### mwldeppc.exe Linker Warning:
#   Section '.ignored' is unknown. Section ignored.
### mwldeppc.exe Linker Warning:
#   Section '.ignored' is unknown. Section ignored.
### mwldeppc.exe Linker Warning:
#   Section '.ignored' is unknown. Section ignored.
### mwldeppc.exe Linker Warning:
#   Section '.ignored' is unknown. Section ignored.
### mwldeppc.exe Linker Warning:
#   Section '.ignored' is unknown. Section ignored.
### mwldeppc.exe Linker Warning:
#   Section '.ignored' is unknown. Section ignored.
### mwldeppc.exe Linker Warning:
#   Section '.ignored' is unknown. Section ignored.
### mwldeppc.exe Linker Warning:
#   Section '.ignored' is unknown. Section ignored.
### mwldeppc.exe Linker Warning:
#   Section '.ignored' is unknown. Section ignored.
### mwldeppc.exe Linker Warning:
#   Section '.ignored' is unknown. Section ignored.
### mwldeppc.exe Linker Warning:
#   Section '.ignored' is unknown. Section ignored.
### mwldeppc.exe Linker Warning:
#   Section '.ignored' is unknown. Section ignored.
### mwldeppc.exe Linker Warning:
#   Section '.ignored' is unknown. Section ignored.
### mwldeppc.exe Linker Warning:
#   Section '.ignored' is unknown. Section ignored.
### mwldeppc.exe Linker Warning:
#   Section '.ignored' is unknown. Section ignored.
### mwldeppc.exe Linker Warning:
#   Section '.ignored' is unknown. Section ignored.
### mwldeppc.exe Linker Warning:
#   Section '.ignored' is unknown. Section ignored.
### mwldeppc.exe Linker Warning:
#   Section '.ignored' is unknown. Section ignored.
### mwldeppc.exe Linker Warning:
#   Section '.ignored' is unknown. Section ignored.
### mwldeppc.exe Linker Warning:
#   Section '.ignored' is unknown. Section ignored.
### mwldeppc.exe Linker Warning:
#   Section '.ignored' is unknown. Section ignored.
### mwldeppc.exe Linker Warning:
#   Section '.ignored' is unknown. Section ignored.
### mwldeppc.exe Linker Warning:
#   Section '.ignored' is unknown. Section ignored.
### mwldeppc.exe Linker Warning:
#   Section '.ignored' is unknown. Section ignored.
### mwldeppc.exe Linker Warning:
#   Section '.ignored' is unknown. Section ignored.
### mwldeppc.exe Linker Warning:
#   Section '.ignored' is unknown. Section ignored.
### mwldeppc.exe Linker Warning:
#   Section '.ignored' is unknown. Section ignored.
### mwldeppc.exe Linker Warning:
#   Section '.ignored' is unknown. Section ignored.
### mwldeppc.exe Linker Warning:
#   Section '.ignored' is unknown. Section ignored.
### mwldeppc.exe Linker Warning:
#   Section '.ignored' is unknown. Section ignored.
### mwldeppc.exe Linker Warning:
#   Section '.ignored' is unknown. Section ignored.
### mwldeppc.exe Linker Warning:
#   Section '.ignored' is unknown. Section ignored.
### mwldeppc.exe Linker Warning:
#   Section '.ignored' is unknown. Section ignored.
### mwldeppc.exe Linker Warning:
#   Section '.ignored' is unknown. Section ignored.
### mwldeppc.exe Linker Warning:
#   Section '.ignored' is unknown. Section ignored.
### mwldeppc.exe Linker Warning:
#   Section '.ignored' is unknown. Section ignored.
### mwldeppc.exe Linker Warning:
#   Section '.ignored' is unknown. Section ignored.
### mwldeppc.exe Linker Warning:
#   Section '.ignored' is unknown. Section ignored.
### mwldeppc.exe Linker Warning:
#   Section '.ignored' is unknown. Section ignored.
### mwldeppc.exe Linker Warning:
#   Section '.ignored' is unknown. Section ignored.
### mwldeppc.exe Linker Warning:
#   Section '.ignored' is unknown. Section ignored.
### mwldeppc.exe Linker Warning:
#   Section '.ignored' is unknown. Section ignored.
### mwldeppc.exe Linker Warning:
#   Section '.ignored' is unknown. Section ignored.
### mwldeppc.exe Linker Warning:
#   Section '.ignored' is unknown. Section ignored.
### mwldeppc.exe Linker Warning:
#   Section '.ignored' is unknown. Section ignored.
### mwldeppc.exe Linker Warning:
#   Section '.ignored' is unknown. Section ignored.
### mwldeppc.exe Linker Warning:
#   Section '.ignored' is unknown. Section ignored.
### mwldeppc.exe Linker Warning:
#   Section '.ignored' is unknown. Section ignored.
### mwldeppc.exe Linker Warning:
#   Section '.ignored' is unknown. Section ignored.
### mwldeppc.exe Linker Warning:
#   Section '.ignored' is unknown. Section ignored.
### mwldeppc.exe Linker Warning:
#   Section '.ignored' is unknown. Section ignored.
### mwldeppc.exe Linker Warning:
#   Section '.ignored' is unknown. Section ignored.
### mwldeppc.exe Linker Warning:
#   Section '.ignored' is unknown. Section ignored.
### mwldeppc.exe Linker Warning:
#   Section '.ignored' is unknown. Section ignored.
### mwldeppc.exe Linker Warning:
#   Section '.ignored' is unknown. Section ignored.
### mwldeppc.exe Linker Warning:
#   Section '.ignored' is unknown. Section ignored.
### mwldeppc.exe Linker Warning:
#   Section '.ignored' is unknown. Section ignored.
### mwldeppc.exe Linker Warning:
#   Section '.ignored' is unknown. Section ignored.
### mwldeppc.exe Linker Warning:
#   Section '.ignored' is unknown. Section ignored.
### mwldeppc.exe Linker Warning:
#   Section '.ignored' is unknown. Section ignored.
### mwldeppc.exe Linker Warning:
#   Section '.ignored' is unknown. Section ignored.
### mwldeppc.exe Linker Warning:
#   Section '.ignored' is unknown. Section ignored.
### mwldeppc.exe Linker Warning:
#   Section '.ignored' is unknown. Section ignored.
### mwldeppc.exe Linker Warning:
#   Section '.ignored' is unknown. Section ignored.
### mwldeppc.exe Linker Warning:
#   Section '.ignored' is unknown. Section ignored.
### mwldeppc.exe Linker Warning:
#   Section '.ignored' is unknown. Section ignored.
### mwldeppc.exe Linker Warning:
#   Section '.ignored' is unknown. Section ignored.
### mwldeppc.exe Linker Warning:
#   Section '.ignored' is unknown. Section ignored.
### mwldeppc.exe Linker Warning:
#   Section '.ignored' is unknown. Section ignored.
### mwldeppc.exe Linker Warning:
#   Section '.ignored' is unknown. Section ignored.
### mwldeppc.exe Linker Warning:
#   Section '.ignored' is unknown. Section ignored.
### mwldeppc.exe Linker Warning:
#   Section '.ignored' is unknown. Section ignored.
### mwldeppc.exe Linker Warning:
#   Section '.ignored' is unknown. Section ignored.
### mwldeppc.exe Linker Warning:
#   Section '.ignored' is unknown. Section ignored.
### mwldeppc.exe Linker Warning:
#   Section '.ignored' is unknown. Section ignored.
### mwldeppc.exe Linker Warning:
#   Section '.ignored' is unknown. Section ignored.
### mwldeppc.exe Linker Warning:
#   Section '.ignored' is unknown. Section ignored.
### mwldeppc.exe Linker Warning:
#   Section '.ignored' is unknown. Section ignored.
### mwldeppc.exe Linker Warning:
#   Section '.ignored' is unknown. Section ignored.
### mwldeppc.exe Linker Warning:
#   Section '.ignored' is unknown. Section ignored.
### mwldeppc.exe Linker Warning:
#   Section '.ignored' is unknown. Section ignored.
### mwldeppc.exe Linker Warning:
#   Section '.ignored' is unknown. Section ignored.
### mwldeppc.exe Linker Warning:
#   Section '.ignored' is unknown. Section ignored.
### mwldeppc.exe Linker Warning:
#   Section '.ignored' is unknown. Section ignored.
### mwldeppc.exe Linker Warning:
#   Section '.ignored' is unknown. Section ignored.
### mwldeppc.exe Linker Warning:
#   Section '.ignored' is unknown. Section ignored.
### mwldeppc.exe Linker Warning:
#   Section '.ignored' is unknown. Section ignored.
### mwldeppc.exe Linker Warning:
#   Section '.ignored' is unknown. Section ignored.
### mwldeppc.exe Linker Warning:
#   Section '.ignored' is unknown. Section ignored.
### mwldeppc.exe Linker Warning:
#   Section '.ignored' is unknown. Section ignored.
### mwldeppc.exe Linker Warning:
#   Section '.ignored' is unknown. Section ignored.
### mwldeppc.exe Linker Warning:
#   Section '.ignored' is unknown. Section ignored.
### mwldeppc.exe Linker Warning:
#   Section '.ignored' is unknown. Section ignored.
### mwldeppc.exe Linker Warning:
#   Section '.ignored' is unknown. Section ignored.
### mwldeppc.exe Linker Warning:
#   Section '.ignored' is unknown. Section ignored.
### mwldeppc.exe Linker Warning:
#   Section '.ignored' is unknown. Section ignored.
### mwldeppc.exe Linker Warning:
#   Section '.ignored' is unknown. Section ignored.
### mwldeppc.exe Linker Warning:
#   Section '.ignored' is unknown. Section ignored.
### mwldeppc.exe Linker Warning:
#   Section '.ignored' is unknown. Section ignored.
### mwldeppc.exe Linker Warning:
#   Section '.ignored' is unknown. Section ignored.
### mwldeppc.exe Linker Warning:
#   Section '.ignored' is unknown. Section ignored.
### mwldeppc.exe Linker Warning:
#   Section '.ignored' is unknown. Section ignored.
### mwldeppc.exe Linker Warning:
#   Section '.ignored' is unknown. Section ignored.
### mwldeppc.exe Linker Warning:
#   Section '.ignored' is unknown. Section ignored.
### mwldeppc.exe Linker Warning:
#   Section '.ignored' is unknown. Section ignored.
### mwldeppc.exe Linker Warning:
#   Section '.ignored' is unknown. Section ignored.
### mwldeppc.exe Linker Warning:
#   Section '.ignored' is unknown. Section ignored.
### mwldeppc.exe Linker Warning:
#   Section '.ignored' is unknown. Section ignored.
### mwldeppc.exe Linker Warning:
#   Section '.ignored' is unknown. Section ignored.
### mwldeppc.exe Linker Warning:
#   Section '.ignored' is unknown. Section ignored.
### mwldeppc.exe Linker Warning:
#   Section '.ignored' is unknown. Section ignored.
### mwldeppc.exe Linker Warning:
#   Section '.ignored' is unknown. Section ignored.
### mwldeppc.exe Linker Warning:
#   Section '.ignored' is unknown. Section ignored.
### mwldeppc.exe Linker Warning:
#   Section '.ignored' is unknown. Section ignored.
### mwldeppc.exe Linker Warning:
#   Section '.ignored' is unknown. Section ignored.
### mwldeppc.exe Linker Warning:
#   Section '.ignored' is unknown. Section ignored.
### mwldeppc.exe Linker Warning:
#   Section '.ignored' is unknown. Section ignored.
### mwldeppc.exe Linker Warning:
#   Section '.ignored' is unknown. Section ignored.
### mwldeppc.exe Linker Warning:
#   Section '.ignored' is unknown. Section ignored.
### mwldeppc.exe Linker Warning:
#   Section '.ignored' is unknown. Section ignored.
### mwldeppc.exe Linker Warning:
#   Section '.ignored' is unknown. Section ignored.
### mwldeppc.exe Linker Warning:
#   Section '.ignored' is unknown. Section ignored.
### mwldeppc.exe Linker Warning:
#   Section '.ignored' is unknown. Section ignored.
### mwldeppc.exe Linker Warning:
#   Section '.ignored' is unknown. Section ignored.
### mwldeppc.exe Linker Warning:
#   Section '.ignored' is unknown. Section ignored.
### mwldeppc.exe Linker Warning:
#   Section '.ignored' is unknown. Section ignored.
### mwldeppc.exe Linker Warning:
#   Section '.ignored' is unknown. Section ignored.
### mwldeppc.exe Linker Warning:
#   Section '.ignored' is unknown. Section ignored.
### mwldeppc.exe Linker Warning:
#   Section '.ignored' is unknown. Section ignored.
### mwldeppc.exe Linker Warning:
#   Section '.ignored' is unknown. Section ignored.
### mwldeppc.exe Linker Warning:
#   Section '.ignored' is unknown. Section ignored.
### mwldeppc.exe Linker Warning:
#   Section '.ignored' is unknown. Section ignored.
### mwldeppc.exe Linker Warning:
#   Section '.ignored' is unknown. Section ignored.
### mwldeppc.exe Linker Warning:
#   Section '.ignored' is unknown. Section ignored.
### mwldeppc.exe Linker Warning:
#   Section '.ignored' is unknown. Section ignored.
### mwldeppc.exe Linker Warning:
#   Section '.ignored' is unknown. Section ignored.
### mwldeppc.exe Linker Warning:
#   Section '.ignored' is unknown. Section ignored.
### mwldeppc.exe Linker Warning:
#   Section '.ignored' is unknown. Section ignored.
### mwldeppc.exe Linker Warning:
#   Section '.ignored' is unknown. Section ignored.
### mwldeppc.exe Linker Warning:
#   Section '.ignored' is unknown. Section ignored.
### mwldeppc.exe Linker Warning:
#   Section '.ignored' is unknown. Section ignored.
### mwldeppc.exe Linker Warning:
#   Section '.ignored' is unknown. Section ignored.
### mwldeppc.exe Linker Warning:
#   Section '.ignored' is unknown. Section ignored.
### mwldeppc.exe Linker Warning:
#   Section '.ignored' is unknown. Section ignored.
### mwldeppc.exe Linker Warning:
#   Section '.ignored' is unknown. Section ignored.
### mwldeppc.exe Linker Warning:
#   Section '.ignored' is unknown. Section ignored.
### mwldeppc.exe Linker Warning:
#   Section '.ignored' is unknown. Section ignored.
### mwldeppc.exe Linker Warning:
#   Section '.ignored' is unknown. Section ignored.
### mwldeppc.exe Linker Warning:
#   Section '.ignored' is unknown. Section ignored.
### mwldeppc.exe Linker Warning:
#   Section '.ignored' is unknown. Section ignored.
### mwldeppc.exe Linker Warning:
#   Section '.ignored' is unknown. Section ignored.
### mwldeppc.exe Linker Warning:
#   Section '.ignored' is unknown. Section ignored.
### mwldeppc.exe Linker Warning:
#   Section '.ignored' is unknown. Section ignored.
### mwldeppc.exe Linker Warning:
#   Section '.ignored' is unknown. Section ignored.
### mwldeppc.exe Linker Warning:
#   Section '.ignored' is unknown. Section ignored.
### mwldeppc.exe Linker Warning:
#   Section '.ignored' is unknown. Section ignored.
### mwldeppc.exe Linker Warning:
#   Section '.ignored' is unknown. Section ignored.
### mwldeppc.exe Linker Warning:
#   Section '.ignored' is unknown. Section ignored.
### mwldeppc.exe Linker Warning:
#   Section '.ignored' is unknown. Section ignored.
### mwldeppc.exe Linker Warning:
#   Section '.ignored' is unknown. Section ignored.
### mwldeppc.exe Linker Warning:
#   Section '.ignored' is unknown. Section ignored.
### mwldeppc.exe Linker Warning:
#   Section '.ignored' is unknown. Section ignored.
### mwldeppc.exe Linker Warning:
#   Section '.ignored' is unknown. Section ignored.
### mwldeppc.exe Linker Warning:
#   Section '.ignored' is unknown. Section ignored.
### mwldeppc.exe Linker Warning:
#   Section '.ignored' is unknown. Section ignored.
### mwldeppc.exe Linker Warning:
#   Section '.ignored' is unknown. Section ignored.
### mwldeppc.exe Linker Warning:
#   Section '.ignored' is unknown. Section ignored.
### mwldeppc.exe Linker Warning:
#   Section '.ignored' is unknown. Section ignored.
### mwldeppc.exe Linker Warning:
#   Section '.ignored' is unknown. Section ignored.
### mwldeppc.exe Linker Warning:
#   Section '.ignored' is unknown. Section ignored.
### mwldeppc.exe Linker Warning:
#   Section '.ignored' is unknown. Section ignored.
### mwldeppc.exe Linker Warning:
#   Section '.ignored' is unknown. Section ignored.
### mwldeppc.exe Linker Warning:
#   Section '.ignored' is unknown. Section ignored.
### mwldeppc.exe Linker Warning:
#   Section '.ignored' is unknown. Section ignored.
### mwldeppc.exe Linker Warning:
#   Section '.ignored' is unknown. Section ignored.
### mwldeppc.exe Linker Warning:
#   Section '.ignored' is unknown. Section ignored.
### mwldeppc.exe Linker Warning:
#   Section '.ignored' is unknown. Section ignored.
### mwldeppc.exe Linker Warning:
#   Section '.ignored' is unknown. Section ignored.
### mwldeppc.exe Linker Warning:
#   Section '.ignored' is unknown. Section ignored.
### mwldeppc.exe Linker Warning:
#   Section '.ignored' is unknown. Section ignored.
### mwldeppc.exe Linker Warning:
#   Section '.ignored' is unknown. Section ignored.
### mwldeppc.exe Linker Warning:
#   Section '.ignored' is unknown. Section ignored.
### mwldeppc.exe Linker Warning:
#   Section '.ignored' is unknown. Section ignored.
### mwldeppc.exe Linker Warning:
#   Section '.ignored' is unknown. Section ignored.
### mwldeppc.exe Linker Warning:
#   Section '.ignored' is unknown. Section ignored.
### mwldeppc.exe Linker Warning:
#   Section '.ignored' is unknown. Section ignored.
### mwldeppc.exe Linker Warning:
#   Section '.ignored' is unknown. Section ignored.
### mwldeppc.exe Linker Warning:
#   Section '.ignored' is unknown. Section ignored.
### mwldeppc.exe Linker Warning:
#   Section '.ignored' is unknown. Section ignored.
### mwldeppc.exe Linker Warning:
#   Section '.ignored' is unknown. Section ignored.
### mwldeppc.exe Linker Warning:
#   Section '.ignored' is unknown. Section ignored.
### mwldeppc.exe Linker Warning:
#   Section '.ignored' is unknown. Section ignored.
[886/888] DOL build/GEDE01/main.dol
[887/888] CHECK config/GEDE01/build.sha1
build/GEDE01/main.dol: OK
[888/888] PROGRESS
Progress:
  All: 58.12% fuzzy, 47.60% matched, 47.57% linked (6266 / 7068 files)
    Code: 1095196 / 2300692 bytes (6032 / 8214 functions)
    Data: 39594 / 4305642 bytes (0.92%)
  Game Code: 93.62% fuzzy, 76.64% matched, 76.59% linked (6248 / 6633 files)
    Code: 1092168 / 1425104 bytes (5970 / 6354 functions)
    Data: 39370 / 40426 bytes (97.39%)
  SDK/Runtime: 100.00% fuzzy, 100.00% matched, 100.00% linked (18 / 18 files)
    Code: 3028 / 3028 bytes (62 / 62 functions)
    Data: 224 / 224 bytes (100.00%)
