cwd: .
argv: ["git", "diff", "--cached", "--check", "--", "eternal-darkness-decomp/src/game/game_fn_801BACE8.c", "eternal-darkness-decomp/reports/GEDE01/durable-148b17fd-5a74-4da9-bee9-f4367f5a76d6.json", "eternal-darkness-decomp/reports/GEDE01/objdiff-148b17fd-5a74-4da9-bee9-f4367f5a76d6-array-canonical.json", "eternal-darkness-decomp/reports/GEDE01/objdiff-148b17fd-5a74-4da9-bee9-f4367f5a76d6-array-strict.json", "eternal-darkness-decomp/reports/GEDE01/objdiff-148b17fd-5a74-4da9-bee9-f4367f5a76d6-baseline-canonical.json", "eternal-darkness-decomp/reports/GEDE01/objdiff-148b17fd-5a74-4da9-bee9-f4367f5a76d6-baseline-strict.json", "eternal-darkness-decomp/reports/GEDE01/objdiff-148b17fd-5a74-4da9-bee9-f4367f5a76d6-final-canonical.json", "eternal-darkness-decomp/reports/GEDE01/objdiff-148b17fd-5a74-4da9-bee9-f4367f5a76d6-final-strict.json", "eternal-darkness-decomp/reports/GEDE01/objdiff-148b17fd-5a74-4da9-bee9-f4367f5a76d6-helper-canonical.json", "eternal-darkness-decomp/reports/GEDE01/objdiff-148b17fd-5a74-4da9-bee9-f4367f5a76d6-helper-strict.json", "eternal-darkness-decomp/reports/GEDE01/objdiff-148b17fd-5a74-4da9-bee9-f4367f5a76d6-indexed-canonical.json", "eternal-darkness-decomp/reports/GEDE01/objdiff-148b17fd-5a74-4da9-bee9-f4367f5a76d6-indexed-strict.json", "eternal-darkness-decomp/reports/GEDE01/objdiff-148b17fd-5a74-4da9-bee9-f4367f5a76d6-member-canonical.json", "eternal-darkness-decomp/reports/GEDE01/objdiff-148b17fd-5a74-4da9-bee9-f4367f5a76d6-member-strict.json", "eternal-darkness-decomp/reports/GEDE01/objdiff-148b17fd-5a74-4da9-bee9-f4367f5a76d6-stride-canonical.json", "eternal-darkness-decomp/reports/GEDE01/objdiff-148b17fd-5a74-4da9-bee9-f4367f5a76d6-stride-strict.json", "eternal-darkness-decomp/reports/GEDE01/objdiff-148b17fd-5a74-4da9-bee9-f4367f5a76d6.json", "eternal-darkness-decomp/reports/GEDE01/replay-148b17fd-5a74-4da9-bee9-f4367f5a76d6.py", "eternal-darkness-decomp/reports/GEDE01/run-148b17fd-5a74-4da9-bee9-f4367f5a76d6.py", "eternal-darkness-decomp/reports/GEDE01/verification-148b17fd-5a74-4da9-bee9-f4367f5a76d6.json"]

exit_status: 0
cwd: .
argv: ["python3", "eternal-darkness-decomp/tools/legal_audit.py"]
legal audit passed (21177 tracked project files inspected)

exit_status: 0
cwd: .
argv: ["git", "diff", "--cached", "--name-only"]
eternal-darkness-decomp/reports/GEDE01/array-148b17fd-5a74-4da9-bee9-f4367f5a76d6.patch
eternal-darkness-decomp/reports/GEDE01/commands-148b17fd-5a74-4da9-bee9-f4367f5a76d6-array.log
eternal-darkness-decomp/reports/GEDE01/commands-148b17fd-5a74-4da9-bee9-f4367f5a76d6-baseline.log
eternal-darkness-decomp/reports/GEDE01/commands-148b17fd-5a74-4da9-bee9-f4367f5a76d6-final.log
eternal-darkness-decomp/reports/GEDE01/commands-148b17fd-5a74-4da9-bee9-f4367f5a76d6-helper.log
eternal-darkness-decomp/reports/GEDE01/commands-148b17fd-5a74-4da9-bee9-f4367f5a76d6-indexed.log
eternal-darkness-decomp/reports/GEDE01/commands-148b17fd-5a74-4da9-bee9-f4367f5a76d6-member.log
eternal-darkness-decomp/reports/GEDE01/commands-148b17fd-5a74-4da9-bee9-f4367f5a76d6-stride.log
eternal-darkness-decomp/reports/GEDE01/durable-148b17fd-5a74-4da9-bee9-f4367f5a76d6.json
eternal-darkness-decomp/reports/GEDE01/final-148b17fd-5a74-4da9-bee9-f4367f5a76d6.patch
eternal-darkness-decomp/reports/GEDE01/helper-148b17fd-5a74-4da9-bee9-f4367f5a76d6.patch
eternal-darkness-decomp/reports/GEDE01/indexed-148b17fd-5a74-4da9-bee9-f4367f5a76d6.patch
eternal-darkness-decomp/reports/GEDE01/member-148b17fd-5a74-4da9-bee9-f4367f5a76d6.patch
eternal-darkness-decomp/reports/GEDE01/objdiff-148b17fd-5a74-4da9-bee9-f4367f5a76d6-array-canonical.json
eternal-darkness-decomp/reports/GEDE01/objdiff-148b17fd-5a74-4da9-bee9-f4367f5a76d6-array-strict.json
eternal-darkness-decomp/reports/GEDE01/objdiff-148b17fd-5a74-4da9-bee9-f4367f5a76d6-baseline-canonical.json
eternal-darkness-decomp/reports/GEDE01/objdiff-148b17fd-5a74-4da9-bee9-f4367f5a76d6-baseline-strict.json
eternal-darkness-decomp/reports/GEDE01/objdiff-148b17fd-5a74-4da9-bee9-f4367f5a76d6-final-canonical.json
eternal-darkness-decomp/reports/GEDE01/objdiff-148b17fd-5a74-4da9-bee9-f4367f5a76d6-final-strict.json
eternal-darkness-decomp/reports/GEDE01/objdiff-148b17fd-5a74-4da9-bee9-f4367f5a76d6-helper-canonical.json
eternal-darkness-decomp/reports/GEDE01/objdiff-148b17fd-5a74-4da9-bee9-f4367f5a76d6-helper-strict.json
eternal-darkness-decomp/reports/GEDE01/objdiff-148b17fd-5a74-4da9-bee9-f4367f5a76d6-indexed-canonical.json
eternal-darkness-decomp/reports/GEDE01/objdiff-148b17fd-5a74-4da9-bee9-f4367f5a76d6-indexed-strict.json
eternal-darkness-decomp/reports/GEDE01/objdiff-148b17fd-5a74-4da9-bee9-f4367f5a76d6-member-canonical.json
eternal-darkness-decomp/reports/GEDE01/objdiff-148b17fd-5a74-4da9-bee9-f4367f5a76d6-member-strict.json
eternal-darkness-decomp/reports/GEDE01/objdiff-148b17fd-5a74-4da9-bee9-f4367f5a76d6-stride-canonical.json
eternal-darkness-decomp/reports/GEDE01/objdiff-148b17fd-5a74-4da9-bee9-f4367f5a76d6-stride-strict.json
eternal-darkness-decomp/reports/GEDE01/objdiff-148b17fd-5a74-4da9-bee9-f4367f5a76d6.json
eternal-darkness-decomp/reports/GEDE01/object-audit-148b17fd-5a74-4da9-bee9-f4367f5a76d6.log
eternal-darkness-decomp/reports/GEDE01/replay-148b17fd-5a74-4da9-bee9-f4367f5a76d6.log
eternal-darkness-decomp/reports/GEDE01/replay-148b17fd-5a74-4da9-bee9-f4367f5a76d6.py
eternal-darkness-decomp/reports/GEDE01/run-148b17fd-5a74-4da9-bee9-f4367f5a76d6.py
eternal-darkness-decomp/reports/GEDE01/stride-148b17fd-5a74-4da9-bee9-f4367f5a76d6.patch
eternal-darkness-decomp/reports/GEDE01/verification-148b17fd-5a74-4da9-bee9-f4367f5a76d6.json
eternal-darkness-decomp/src/game/game_fn_801BACE8.c

exit_status: 0
Unfiltered diff --check reports whitespace in evidence: preserved compiler CRLF, raw log blank lines, and mandatory space-prefixed blank context lines in unified patches. Raw evidence is deliberately unmodified. Source/JSON/Python whitespace check above passes.
