
Relocation section '.rela.text' at offset 0xd08 contains 184 entries:
 Offset     Info    Type                Sym. Value  Symbol's Name + Addend
00000024  0000200a R_PPC_REL24            00000000   fn_80200C10 + 0
00000030  0000210a R_PPC_REL24            00000000   fn_80201BC8 + 0
00000040  0000220a R_PPC_REL24            00000000   fn_80201B8C + 0
00000054  0000230a R_PPC_REL24            00000000   fn_80201B54 + 0
00000064  0000240a R_PPC_REL24            00000000   fn_8011F114 + 0
0000006c  0000250a R_PPC_REL24            00000000   fn_8011FB4C + 0
00000080  0000260a R_PPC_REL24            00000000   fn_800C65FC + 0
00000090  0000270a R_PPC_REL24            00000000   fn_8003DED0 + 0
000000a4  0000036d R_PPC_EMB_SDA21        00000000   lbl_8064E644 + 0
000000ac  0000280a R_PPC_REL24            00000000   fn_8011F778 + 0
000000b4  0000290a R_PPC_REL24            00000000   fn_80036E14 + 0
000000c4  00002a0a R_PPC_REL24            00000000   fn_8011E800 + 0
000000d0  00002b0a R_PPC_REL24            00000000   fn_80201D2C + 0
000000dc  00002c0a R_PPC_REL24            00000000   fn_80201D14 + 0
000000f4  00002d0a R_PPC_REL24            00000000   fn_80200C38 + 0
00000100  0000046d R_PPC_EMB_SDA21        00000000   lbl_8064C4E0 + 0
00000104  00002e0a R_PPC_REL24            00000000   fn_801E7974 + 0
00000120  00002f0a R_PPC_REL24            00000000   fn_800674E4 + 0
0000013c  0000300a R_PPC_REL24            00000000   fn_80067650 + 0
00000150  0000310a R_PPC_REL24            00000000   fn_8011FF38 + 0
00000168  0000320a R_PPC_REL24            00000000   fn_8011FA8C + 0
00000170  0000056d R_PPC_EMB_SDA21        00000000   lbl_8064E648 + 0
00000184  0000066d R_PPC_EMB_SDA21        00000000   lbl_8064D18C + 0
0000019c  0000330a R_PPC_REL24            00000000   fn_801AAE68 + 0
000001b4  00002d0a R_PPC_REL24            00000000   fn_80200C38 + 0
000001b8  0000340a R_PPC_REL24            00000000   fn_801A5910 + 0
000001d0  00002d0a R_PPC_REL24            00000000   fn_80200C38 + 0
000001dc  0000046d R_PPC_EMB_SDA21        00000000   lbl_8064C4E0 + 0
000001e0  0000350a R_PPC_REL24            00000000   fn_801E79A0 + 0
000001f8  00002d0a R_PPC_REL24            00000000   fn_80200C38 + 0
0000020c  0000360a R_PPC_REL24            00000000   fn_8016B400 + 0
00000224  0000370a R_PPC_REL24            00000000   fn_8012B324 + 0
0000022c  0000380a R_PPC_REL24            00000000   fn_8003D7B4 + 0
00000238  0000390a R_PPC_REL24            00000000   fn_80201D34 + 0
00000244  00003a0a R_PPC_REL24            00000000   fn_80201D1C + 0
00000254  0000320a R_PPC_REL24            00000000   fn_8011FA8C + 0
00000268  00003b0a R_PPC_REL24            00000000   fn_8020123C + 0
00000274  00003c0a R_PPC_REL24            00000000   fn_801E8328 + 0
00000298  00003b0a R_PPC_REL24            00000000   fn_8020123C + 0
000002ac  00003b0a R_PPC_REL24            00000000   fn_8020123C + 0
000002c8  00003d0a R_PPC_REL24            00000000   fn_800BD2DC + 0
000002d0  0000380a R_PPC_REL24            00000000   fn_8003D7B4 + 0
000002d8  00003e0a R_PPC_REL24            00000000   fn_80067A18 + 0
000002ec  00003b0a R_PPC_REL24            00000000   fn_8020123C + 0
00000300  00003b0a R_PPC_REL24            00000000   fn_8020123C + 0
00000318  00002d0a R_PPC_REL24            00000000   fn_80200C38 + 0
00000324  00003f0a R_PPC_REL24            00000000   fn_80200C28 + 0
00000330  0000400a R_PPC_REL24            00000000   fn_80200C20 + 0
00000344  00003b0a R_PPC_REL24            00000000   fn_8020123C + 0
0000034c  00002d0a R_PPC_REL24            00000000   fn_80200C38 + 0
00000350  0000410a R_PPC_REL24            00000000   fn_801A7228 + 0
00000368  00002d0a R_PPC_REL24            00000000   fn_80200C38 + 0
00000374  00003f0a R_PPC_REL24            00000000   fn_80200C28 + 0
00000380  0000400a R_PPC_REL24            00000000   fn_80200C20 + 0
00000394  00003b0a R_PPC_REL24            00000000   fn_8020123C + 0
0000039c  00002d0a R_PPC_REL24            00000000   fn_80200C38 + 0
000003a0  0000410a R_PPC_REL24            00000000   fn_801A7228 + 0
000003b8  0000400a R_PPC_REL24            00000000   fn_80200C20 + 0
000003bc  0000420a R_PPC_REL24            00000000   fn_80201814 + 0
000003c8  0000430a R_PPC_REL24            00000000   fn_800359A0 + 0
000003d0  00002d0a R_PPC_REL24            00000000   fn_80200C38 + 0
000003d4  0000440a R_PPC_REL24            00000000   fn_800654F8 + 0
0000044c  0000450a R_PPC_REL24            00000000   fn_8012B344 + 0
00000460  0000390a R_PPC_REL24            00000000   fn_80201D34 + 0
0000046c  00003a0a R_PPC_REL24            00000000   fn_80201D1C + 0
000004bc  0000460a R_PPC_REL24            00000000   fn_80068290 + 0
000004d8  00003b0a R_PPC_REL24            00000000   fn_8020123C + 0
000004f8  0000066d R_PPC_EMB_SDA21        00000000   lbl_8064D18C + 0
00000504  0000076d R_PPC_EMB_SDA21        00000000   lbl_8064E640 + 0
00000518  0000470a R_PPC_REL24            00000000   fn_8020104C + 0
00000522  00000806 R_PPC_ADDR16_HA        00000000   lbl_80243E38 + 0
00000526  00000804 R_PPC_ADDR16_LO        00000000   lbl_80243E38 + 0
00000528  0000480a R_PPC_REL24            00000000   fn_801E741C + 0
0000052c  0000096d R_PPC_EMB_SDA21        00000000   lbl_8064E654 + 0
00000534  00000a6d R_PPC_EMB_SDA21        00000000   lbl_8064E650 + 0
0000053c  00000b6d R_PPC_EMB_SDA21        00000000   lbl_8064E64C + 0
00000560  0000490a R_PPC_REL24            00000000   fn_8012C62C + 0
00000570  00004a0a R_PPC_REL24            00000000   fn_801F6228 + 0
00000584  00004b0a R_PPC_REL24            00000000   fn_801F63E4 + 0
00000590  00004c0a R_PPC_REL24            00000000   fn_80158598 + 0
0000059c  00004d0a R_PPC_REL24            00000000   fn_80157E1C + 0
000005b4  00004e0a R_PPC_REL24            00000000   fn_80157E24 + 0
000005b8  0000420a R_PPC_REL24            00000000   fn_80201814 + 0
000005c4  0000210a R_PPC_REL24            00000000   fn_80201BC8 + 0
000005d0  00000c6d R_PPC_EMB_SDA21        00000000   lbl_8064E660 + 0
000005d8  00000d6d R_PPC_EMB_SDA21        00000000   lbl_8064E65C + 0
000005e0  00000e6d R_PPC_EMB_SDA21        00000000   lbl_8064E658 + 0
000005fc  0000490a R_PPC_REL24            00000000   fn_8012C62C + 0
0000060c  00000f6d R_PPC_EMB_SDA21        00000000   lbl_8064E694 + 0
00000620  0000470a R_PPC_REL24            00000000   fn_8020104C + 0
00000634  0000066d R_PPC_EMB_SDA21        00000000   lbl_8064D18C + 0
00000640  0000076d R_PPC_EMB_SDA21        00000000   lbl_8064E640 + 0
00000654  0000470a R_PPC_REL24            00000000   fn_8020104C + 0
0000065c  0000106d R_PPC_EMB_SDA21        00000000   lbl_8064E66C + 0
00000664  0000116d R_PPC_EMB_SDA21        00000000   lbl_8064E668 + 0
0000066c  0000126d R_PPC_EMB_SDA21        00000000   lbl_8064E664 + 0
0000068c  0000490a R_PPC_REL24            00000000   fn_8012C62C + 0
000006a8  00004f0a R_PPC_REL24            00000000   fn_8012F58C + 0
000006b4  00004c0a R_PPC_REL24            00000000   fn_80158598 + 0
000006c0  00004d0a R_PPC_REL24            00000000   fn_80157E1C + 0
000006d8  00004e0a R_PPC_REL24            00000000   fn_80157E24 + 0
000006dc  0000420a R_PPC_REL24            00000000   fn_80201814 + 0
000006e8  0000210a R_PPC_REL24            00000000   fn_80201BC8 + 0
000006f4  0000136d R_PPC_EMB_SDA21        00000000   lbl_8064E678 + 0
000006fc  0000146d R_PPC_EMB_SDA21        00000000   lbl_8064E674 + 0
00000704  0000156d R_PPC_EMB_SDA21        00000000   lbl_8064E670 + 0
00000720  0000490a R_PPC_REL24            00000000   fn_8012C62C + 0
0000073c  00004f0a R_PPC_REL24            00000000   fn_8012F58C + 0
0000075c  0000066d R_PPC_EMB_SDA21        00000000   lbl_8064D18C + 0
00000768  0000076d R_PPC_EMB_SDA21        00000000   lbl_8064E640 + 0
0000077c  0000470a R_PPC_REL24            00000000   fn_8020104C + 0
00000786  00000806 R_PPC_ADDR16_HA        00000000   lbl_80243E38 + 0
0000078a  00000804 R_PPC_ADDR16_LO        00000000   lbl_80243E38 + 0
0000078c  0000480a R_PPC_REL24            00000000   fn_801E741C + 0
00000790  0000166d R_PPC_EMB_SDA21        00000000   lbl_8064E684 + 0
00000798  0000176d R_PPC_EMB_SDA21        00000000   lbl_8064E680 + 0
000007a0  0000186d R_PPC_EMB_SDA21        00000000   lbl_8064E67C + 0
000007c4  0000490a R_PPC_REL24            00000000   fn_8012C62C + 0
000007d4  00004a0a R_PPC_REL24            00000000   fn_801F6228 + 0
000007e8  00004b0a R_PPC_REL24            00000000   fn_801F63E4 + 0
000007f4  00004c0a R_PPC_REL24            00000000   fn_80158598 + 0
00000800  00004d0a R_PPC_REL24            00000000   fn_80157E1C + 0
00000818  00004e0a R_PPC_REL24            00000000   fn_80157E24 + 0
0000081c  0000420a R_PPC_REL24            00000000   fn_80201814 + 0
00000828  0000210a R_PPC_REL24            00000000   fn_80201BC8 + 0
00000834  0000196d R_PPC_EMB_SDA21        00000000   lbl_8064E690 + 0
0000083c  00001a6d R_PPC_EMB_SDA21        00000000   lbl_8064E68C + 0
00000844  00001b6d R_PPC_EMB_SDA21        00000000   lbl_8064E688 + 0
00000860  0000490a R_PPC_REL24            00000000   fn_8012C62C + 0
00000888  0000500a R_PPC_REL24            00000000   fn_8015C910 + 0
00000894  0000510a R_PPC_REL24            00000000   fn_80201B44 + 0
000008b0  00003b0a R_PPC_REL24            00000000   fn_8020123C + 0
000008c8  0000400a R_PPC_REL24            00000000   fn_80200C20 + 0
000008cc  0000420a R_PPC_REL24            00000000   fn_80201814 + 0
000008d4  0000420a R_PPC_REL24            00000000   fn_80201814 + 0
000008e0  0000520a R_PPC_REL24            00000000   fn_80204508 + 0
000008f4  0000530a R_PPC_REL24            00000000   fn_801294DC + 0
00000908  00002b0a R_PPC_REL24            00000000   fn_80201D2C + 0
00000914  00002c0a R_PPC_REL24            00000000   fn_80201D14 + 0
0000092c  00003b0a R_PPC_REL24            00000000   fn_8020123C + 0
00000938  0000390a R_PPC_REL24            00000000   fn_80201D34 + 0
00000944  00003a0a R_PPC_REL24            00000000   fn_80201D1C + 0
00000968  0000290a R_PPC_REL24            00000000   fn_80036E14 + 0
00000978  00002a0a R_PPC_REL24            00000000   fn_8011E800 + 0
000009b4  0000540a R_PPC_REL24            00000000   fn_80068994 + 0
000009e0  0000550a R_PPC_REL24            00000000   fn_80063124 + 0
000009f8  0000420a R_PPC_REL24            00000000   fn_80201814 + 0
00000a04  0000520a R_PPC_REL24            00000000   fn_80204508 + 0
00000a10  0000560a R_PPC_REL24            00000000   fn_8012A1FC + 0
00000a28  0000530a R_PPC_REL24            00000000   fn_801294DC + 0
00000a36  00001c06 R_PPC_ADDR16_HA        00000000   fn_80204810 + 0
00000a3e  00001c04 R_PPC_ADDR16_LO        00000000   fn_80204810 + 0
00000a44  0000570a R_PPC_REL24            00000000   fn_80128C28 + 0
00000a4a  00001c06 R_PPC_ADDR16_HA        00000000   fn_80204810 + 0
00000a52  00001c04 R_PPC_ADDR16_LO        00000000   fn_80204810 + 0
00000a58  0000580a R_PPC_REL24            00000000   fn_80128C44 + 0
00000a5e  00001d06 R_PPC_ADDR16_HA        00000000   fn_80063030 + 0
00000a66  00001d04 R_PPC_ADDR16_LO        00000000   fn_80063030 + 0
00000a70  0000590a R_PPC_REL24            00000000   fn_801287C4 + 0
00000a84  00003b0a R_PPC_REL24            00000000   fn_8020123C + 0
00000a90  00002b0a R_PPC_REL24            00000000   fn_80201D2C + 0
00000a9c  00002c0a R_PPC_REL24            00000000   fn_80201D14 + 0
00000ab4  00003b0a R_PPC_REL24            00000000   fn_8020123C + 0
00000ac0  0000390a R_PPC_REL24            00000000   fn_80201D34 + 0
00000acc  00003a0a R_PPC_REL24            00000000   fn_80201D1C + 0
00000af4  00005a0a R_PPC_REL24            00000000   fn_8006D3E4 + 0
00000b04  00002d0a R_PPC_REL24            00000000   fn_80200C38 + 0
00000b18  00005b0a R_PPC_REL24            00000000   fn_80063D60 + 0
00000b5c  00003b0a R_PPC_REL24            00000000   fn_8020123C + 0
00000b74  0000290a R_PPC_REL24            00000000   fn_80036E14 + 0
00000b9c  00005c0a R_PPC_REL24            00000000   fn_8011E310 + 0
00000ba4  00001e6d R_PPC_EMB_SDA21        00000000   lbl_8064D5A8 + 0
00000bc0  00003b0a R_PPC_REL24            00000000   fn_8020123C + 0
00000bc4  0000500a R_PPC_REL24            00000000   fn_8015C910 + 0
00000bd0  0000510a R_PPC_REL24            00000000   fn_80201B44 + 0
00000bec  00003b0a R_PPC_REL24            00000000   fn_8020123C + 0
00000c08  00001f6d R_PPC_EMB_SDA21        00000000   lbl_8064E63C + 0
00000c10  0000280a R_PPC_REL24            00000000   fn_8011F778 + 0
00000c18  00005d0a R_PPC_REL24            00000000   fn_80048708 + 0
00000c24  0000390a R_PPC_REL24            00000000   fn_80201D34 + 0
00000c30  00003a0a R_PPC_REL24            00000000   fn_80201D1C + 0
00000c60  00003b0a R_PPC_REL24            00000000   fn_8020123C + 0
00000c7c  0000540a R_PPC_REL24            00000000   fn_80068994 + 0
00000ca8  0000550a R_PPC_REL24            00000000   fn_80063124 + 0
