--- corrected
+++ array
@@ -56,7 +56,7 @@
         if (entry[0x4B] != 0) {
             s32 extent = *(s32*)(entry + 0x34);
             u32 value;
-            Quad points;
+            Vec3f points[4];
             Vec3f source0;
             Vec3f source1;
             Vec3f source2;
@@ -76,48 +76,48 @@
             source1.y = -extent;
             source2.x = extent;
             source2.y = extent;
-            points.points[0] = source0;
-            points.points[1] = source1;
-            points.points[2] = source2;
+            points[0] = source0;
+            points[1] = source1;
+            points[2] = source2;
             source3.x = -extent;
             source3.y = extent;
-            points.points[3] = source3;
+            points[3] = source3;
             center_x = *(f32*)(entry + 0x2C);
             center_y = *(f32*)(entry + 0x30);
 
             value = *(u32*)(entry + 0x48);
             fn_801A852C(&value, 0, *(u32*)(entry + 0x38), 0x80000000);
             fn_80211268(matrix, 'z', *(f32*)(entry + 0x40));
-            fn_80211710(matrix, &points.points[0], &points.points[0]);
-            fn_80211710(matrix, &points.points[1], &points.points[1]);
-            fn_80211710(matrix, &points.points[2], &points.points[2]);
-            fn_80211710(matrix, &points.points[3], &points.points[3]);
+            fn_80211710(matrix, &points[0], &points[0]);
+            fn_80211710(matrix, &points[1], &points[1]);
+            fn_80211710(matrix, &points[2], &points[2]);
+            fn_80211710(matrix, &points[3], &points[3]);
 
             if (lbl_8064CBA4 == 1) {
-                points.points[0].x /= lbl_8064DF74;
-                points.points[1].x /= lbl_8064DF74;
-                points.points[2].x /= lbl_8064DF74;
-                points.points[3].x /= lbl_8064DF74;
+                points[0].x /= lbl_8064DF74;
+                points[1].x /= lbl_8064DF74;
+                points[2].x /= lbl_8064DF74;
+                points[3].x /= lbl_8064DF74;
             }
 
-            points.points[0].x = lbl_8064DF78 * (points.points[0].x + center_x);
-            points.points[1].x = lbl_8064DF78 * (points.points[1].x + center_x);
-            points.points[2].x = lbl_8064DF78 * (points.points[2].x + center_x);
-            points.points[3].x = lbl_8064DF78 * (points.points[3].x + center_x);
-            points.points[0].y = lbl_8064DF78 * (points.points[0].y + center_y);
-            points.points[1].y = lbl_8064DF78 * (points.points[1].y + center_y);
-            points.points[2].y = lbl_8064DF78 * (points.points[2].y + center_y);
-            points.points[3].y = lbl_8064DF78 * (points.points[3].y + center_y);
+            points[0].x = lbl_8064DF78 * (points[0].x + center_x);
+            points[1].x = lbl_8064DF78 * (points[1].x + center_x);
+            points[2].x = lbl_8064DF78 * (points[2].x + center_x);
+            points[3].x = lbl_8064DF78 * (points[3].x + center_x);
+            points[0].y = lbl_8064DF78 * (points[0].y + center_y);
+            points[1].y = lbl_8064DF78 * (points[1].y + center_y);
+            points[2].y = lbl_8064DF78 * (points[2].y + center_y);
+            points[3].y = lbl_8064DF78 * (points[3].y + center_y);
 
             fn_801ECF50(8);
             fn_80226AB4(0x80, 2, 4);
-            fn_80026754((s32)points.points[0].x, (s32)points.points[0].y, -0x20);
+            fn_80026754((s32)points[0].x, (s32)points[0].y, -0x20);
             fn_80026744(lbl_8064DF58, lbl_8064DF58);
-            fn_80026754((s32)points.points[1].x, (s32)points.points[1].y, -0x20);
+            fn_80026754((s32)points[1].x, (s32)points[1].y, -0x20);
             fn_80026744(lbl_8064DF64, lbl_8064DF58);
-            fn_80026754((s32)points.points[2].x, (s32)points.points[2].y, -0x20);
+            fn_80026754((s32)points[2].x, (s32)points[2].y, -0x20);
             fn_80026744(lbl_8064DF64, lbl_8064DF64);
-            fn_80026754((s32)points.points[3].x, (s32)points.points[3].y, -0x20);
+            fn_80026754((s32)points[3].x, (s32)points[3].y, -0x20);
             fn_80026744(lbl_8064DF58, lbl_8064DF64);
             fn_80026740();
         }
[1/1] MWCC build/GEDE01/src/game/game_fn_80026320.o
