--- corrected
+++ early-center
@@ -70,6 +70,9 @@
             source2 = initial->points[2];
             source3 = initial->points[3];
 
+            center_x = *(f32*)(entry + 0x2C);
+            center_y = *(f32*)(entry + 0x30);
+
             source0.x = -extent;
             source0.y = -extent;
             source1.x = extent;
@@ -82,8 +85,6 @@
             source3.x = -extent;
             source3.y = extent;
             points.points[3] = source3;
-            center_x = *(f32*)(entry + 0x2C);
-            center_y = *(f32*)(entry + 0x30);
 
             value = *(u32*)(entry + 0x48);
             fn_801A852C(&value, 0, *(u32*)(entry + 0x38), 0x80000000);
[1/1] MWCC build/GEDE01/src/game/game_fn_80026320.o
