
Relocation section '.rela.text' at offset 0x460 contains 32 entries:
 Offset     Info    Type                Sym. Value  Symbol's Name + Addend
00000022  00000406 R_PPC_ADDR16_HA        00000000   lbl_802515D0 + 0
00000026  00000506 R_PPC_ADDR16_HA        00000000   lbl_80238BF8 + 0
00000032  00000504 R_PPC_ADDR16_LO        00000000   lbl_80238BF8 + 0
00000036  00000404 R_PPC_ADDR16_LO        00000000   lbl_802515D0 + 0
0000003c  0000060a R_PPC_REL24            00000000   fn_80225F4C + 0
000000c4  0000076d R_PPC_EMB_SDA21        00000000   lbl_8064DF80 + 0
000001e8  0000080a R_PPC_REL24            00000000   fn_801A852C + 0
000001f8  0000090a R_PPC_REL24            00000000   fn_80211268 + 0
00000208  00000a0a R_PPC_REL24            00000000   fn_80211710 + 0
00000218  00000a0a R_PPC_REL24            00000000   fn_80211710 + 0
00000228  00000a0a R_PPC_REL24            00000000   fn_80211710 + 0
00000238  00000a0a R_PPC_REL24            00000000   fn_80211710 + 0
0000023c  00000b6d R_PPC_EMB_SDA21        00000000   lbl_8064CBA4 + 0
0000024c  00000c6d R_PPC_EMB_SDA21        00000000   lbl_8064DF74 + 0
00000298  00000d6d R_PPC_EMB_SDA21        00000000   lbl_8064DF78 + 0
00000304  00000e0a R_PPC_REL24            00000000   fn_801ECF50 + 0
00000314  00000f0a R_PPC_REL24            00000000   fn_80226AB4 + 0
0000033c  0000100a R_PPC_REL24            00000000   fn_80026754 + 0
00000340  0000116d R_PPC_EMB_SDA21        00000000   lbl_8064DF58 + 0
00000348  0000120a R_PPC_REL24            00000000   fn_80026744 + 0
00000370  0000100a R_PPC_REL24            00000000   fn_80026754 + 0
00000374  0000136d R_PPC_EMB_SDA21        00000000   lbl_8064DF64 + 0
00000378  0000116d R_PPC_EMB_SDA21        00000000   lbl_8064DF58 + 0
0000037c  0000120a R_PPC_REL24            00000000   fn_80026744 + 0
000003a4  0000100a R_PPC_REL24            00000000   fn_80026754 + 0
000003a8  0000136d R_PPC_EMB_SDA21        00000000   lbl_8064DF64 + 0
000003b0  0000120a R_PPC_REL24            00000000   fn_80026744 + 0
000003d8  0000100a R_PPC_REL24            00000000   fn_80026754 + 0
000003dc  0000116d R_PPC_EMB_SDA21        00000000   lbl_8064DF58 + 0
000003e0  0000136d R_PPC_EMB_SDA21        00000000   lbl_8064DF64 + 0
000003e4  0000120a R_PPC_REL24            00000000   fn_80026744 + 0
000003e8  0000140a R_PPC_REL24            00000000   fn_80026740 + 0
