$ build/binutils/powerpc-eabi-readelf -rW build/GEDE01/obj/game/game_fn_80023258.o

Relocation section '.rela.text' at offset 0x45c contains 61 entries:
 Offset     Info    Type                Sym. Value  Symbol's Name + Addend
0000000a  00000406 R_PPC_ADDR16_HA        00000000   lbl_80302400 + 0
0000000e  00000506 R_PPC_ADDR16_HA        00000000   lbl_8023D020 + 0
0000001a  00000404 R_PPC_ADDR16_LO        00000000   lbl_80302400 + 0
00000022  00000504 R_PPC_ADDR16_LO        00000000   lbl_8023D020 + 0
00000064  0000060a R_PPC_REL24            00000000   fn_8022A5D8 + 0
00000094  0000070a R_PPC_REL24            00000000   fn_8002188C + 0
000000b4  0000070a R_PPC_REL24            00000000   fn_8002188C + 0
000000c8  0000086d R_PPC_EMB_SDA21        00000000   lbl_8064DF30 + 0
000000d0  0000090a R_PPC_REL24            00000000   fn_801EB080 + 0
000000ec  0000070a R_PPC_REL24            00000000   fn_8002188C + 0
00000100  0000060a R_PPC_REL24            00000000   fn_8022A5D8 + 0
00000114  00000a0a R_PPC_REL24            00000000   fn_80226EA0 + 0
00000128  00000b0a R_PPC_REL24            00000000   fn_80226FA4 + 0
00000134  00000c0a R_PPC_REL24            00000000   fn_802276AC + 0
00000138  00000d0a R_PPC_REL24            00000000   fn_802266B0 + 0
0000013c  00000e0a R_PPC_REL24            00000000   fn_801ECC4C + 0
00000150  0000070a R_PPC_REL24            00000000   fn_8002188C + 0
00000154  00000e0a R_PPC_REL24            00000000   fn_801ECC4C + 0
00000158  00000f0a R_PPC_REL24            00000000   fn_80021714 + 0
0000015c  0000106d R_PPC_EMB_SDA21        00000000   lbl_8064D738 + 0
00000162  00001106 R_PPC_ADDR16_HA        00000000   lbl_8063C638 + 0
00000166  00001104 R_PPC_ADDR16_LO        00000000   lbl_8063C638 + 0
0000018c  0000120a R_PPC_REL24            00000000   fn_80228474 + 0
00000190  0000136d R_PPC_EMB_SDA21        00000000   lbl_8064DEA8 + 0
00000196  00001106 R_PPC_ADDR16_HA        00000000   lbl_8063C638 + 0
00000198  0000106d R_PPC_EMB_SDA21        00000000   lbl_8064D738 + 0
0000019e  00001104 R_PPC_ADDR16_LO        00000000   lbl_8063C638 + 0
000001c4  0000140a R_PPC_REL24            00000000   fn_80228730 + 0
000001d8  0000150a R_PPC_REL24            00000000   fn_80229D8C + 0
000001f0  0000160a R_PPC_REL24            00000000   fn_80229FA4 + 0
00000200  0000170a R_PPC_REL24            00000000   fn_80229F4C + 0
00000210  0000170a R_PPC_REL24            00000000   fn_80229F4C + 0
00000224  0000060a R_PPC_REL24            00000000   fn_8022A5D8 + 0
00000228  0000106d R_PPC_EMB_SDA21        00000000   lbl_8064D738 + 0
0000022e  00001106 R_PPC_ADDR16_HA        00000000   lbl_8063C638 + 0
00000232  00001104 R_PPC_ADDR16_LO        00000000   lbl_8063C638 + 0
00000240  0000180a R_PPC_REL24            00000000   fn_80228AFC + 0
00000254  0000190a R_PPC_REL24            00000000   fn_8022A118 + 0
00000268  00001a0a R_PPC_REL24            00000000   fn_80023230 + 0
00000284  00001b0a R_PPC_REL24            00000000   fn_80229C0C + 0
0000029c  00001c0a R_PPC_REL24            00000000   fn_80229B08 + 0
000002b8  00001d0a R_PPC_REL24            00000000   fn_80229CCC + 0
000002d0  00001e0a R_PPC_REL24            00000000   fn_80229B88 + 0
000002dc  00001f0a R_PPC_REL24            00000000   fn_801EC7F4 + 0
000002e8  0000200a R_PPC_REL24            00000000   fn_80228B98 + 0
000002ee  00002106 R_PPC_ADDR16_HA        00000000   lbl_8063B2FC + 0
000002f6  00002104 R_PPC_ADDR16_LO        00000000   lbl_8063B2FC + 0
000002f8  0000180a R_PPC_REL24            00000000   fn_80228AFC + 0
0000030c  0000190a R_PPC_REL24            00000000   fn_8022A118 + 0
00000320  00001a0a R_PPC_REL24            00000000   fn_80023230 + 0
0000033c  00001b0a R_PPC_REL24            00000000   fn_80229C0C + 0
00000354  00001c0a R_PPC_REL24            00000000   fn_80229B08 + 0
00000370  00001d0a R_PPC_REL24            00000000   fn_80229CCC + 0
00000388  00001e0a R_PPC_REL24            00000000   fn_80229B88 + 0
00000390  0000220a R_PPC_REL24            00000000   fn_801A8D38 + 0
00000398  0000230a R_PPC_REL24            00000000   fn_802262B8 + 0
000003a0  0000240a R_PPC_REL24            00000000   fn_8022A2F4 + 0
000003b8  0000250a R_PPC_REL24            00000000   fn_801A8FE8 + 0
000003bc  00000e0a R_PPC_REL24            00000000   fn_801ECC4C + 0
000003e8  0000070a R_PPC_REL24            00000000   fn_8002188C + 0
000003fc  0000060a R_PPC_REL24            00000000   fn_8022A5D8 + 0
EXIT 0
$ build/binutils/powerpc-eabi-readelf -rW build/GEDE01/src/game/game_fn_80023258.o

Relocation section '.rela.text' at offset 0x438 contains 61 entries:
 Offset     Info    Type                Sym. Value  Symbol's Name + Addend
0000000a  00000406 R_PPC_ADDR16_HA        00000000   lbl_80302400 + 0
0000000e  00000306 R_PPC_ADDR16_HA        00000000   lbl_8023D020 + 0
0000001a  00000404 R_PPC_ADDR16_LO        00000000   lbl_80302400 + 0
00000022  00000304 R_PPC_ADDR16_LO        00000000   lbl_8023D020 + 0
00000060  00000a0a R_PPC_REL24            00000000   fn_8022A5D8 + 0
0000008c  00000b0a R_PPC_REL24            00000000   fn_8002188C + 0
000000a8  00000b0a R_PPC_REL24            00000000   fn_8002188C + 0
000000bc  0000056d R_PPC_EMB_SDA21        00000000   lbl_8064DF30 + 0
000000c4  00000c0a R_PPC_REL24            00000000   fn_801EB080 + 0
000000dc  00000b0a R_PPC_REL24            00000000   fn_8002188C + 0
000000f0  00000a0a R_PPC_REL24            00000000   fn_8022A5D8 + 0
00000104  00000d0a R_PPC_REL24            00000000   fn_80226EA0 + 0
00000118  00000e0a R_PPC_REL24            00000000   fn_80226FA4 + 0
00000124  00000f0a R_PPC_REL24            00000000   fn_802276AC + 0
00000128  0000100a R_PPC_REL24            00000000   fn_802266B0 + 0
0000012c  0000110a R_PPC_REL24            00000000   fn_801ECC4C + 0
0000013c  00000b0a R_PPC_REL24            00000000   fn_8002188C + 0
00000140  0000110a R_PPC_REL24            00000000   fn_801ECC4C + 0
00000144  0000120a R_PPC_REL24            00000000   fn_80021714 + 0
00000148  0000076d R_PPC_EMB_SDA21        00000000   lbl_8064D738 + 0
0000014e  00000606 R_PPC_ADDR16_HA        00000000   lbl_8063C638 + 0
00000152  00000604 R_PPC_ADDR16_LO        00000000   lbl_8063C638 + 0
00000178  0000130a R_PPC_REL24            00000000   fn_80228474 + 0
0000017c  0000086d R_PPC_EMB_SDA21        00000000   lbl_8064DEA8 + 0
00000182  00000606 R_PPC_ADDR16_HA        00000000   lbl_8063C638 + 0
00000184  0000076d R_PPC_EMB_SDA21        00000000   lbl_8064D738 + 0
0000018a  00000604 R_PPC_ADDR16_LO        00000000   lbl_8063C638 + 0
000001b0  0000140a R_PPC_REL24            00000000   fn_80228730 + 0
000001c4  0000150a R_PPC_REL24            00000000   fn_80229D8C + 0
000001dc  0000160a R_PPC_REL24            00000000   fn_80229FA4 + 0
000001ec  0000170a R_PPC_REL24            00000000   fn_80229F4C + 0
000001fc  0000170a R_PPC_REL24            00000000   fn_80229F4C + 0
00000210  00000a0a R_PPC_REL24            00000000   fn_8022A5D8 + 0
00000214  0000076d R_PPC_EMB_SDA21        00000000   lbl_8064D738 + 0
0000021a  00000606 R_PPC_ADDR16_HA        00000000   lbl_8063C638 + 0
0000021e  00000604 R_PPC_ADDR16_LO        00000000   lbl_8063C638 + 0
0000022c  0000180a R_PPC_REL24            00000000   fn_80228AFC + 0
00000240  0000190a R_PPC_REL24            00000000   fn_8022A118 + 0
00000254  00001a0a R_PPC_REL24            00000000   fn_80023230 + 0
00000270  00001b0a R_PPC_REL24            00000000   fn_80229C0C + 0
00000288  00001c0a R_PPC_REL24            00000000   fn_80229B08 + 0
000002a4  00001d0a R_PPC_REL24            00000000   fn_80229CCC + 0
000002bc  00001e0a R_PPC_REL24            00000000   fn_80229B88 + 0
000002c8  00001f0a R_PPC_REL24            00000000   fn_801EC7F4 + 0
000002d4  0000200a R_PPC_REL24            00000000   fn_80228B98 + 0
000002da  00000906 R_PPC_ADDR16_HA        00000000   lbl_8063B2FC + 0
000002e2  00000904 R_PPC_ADDR16_LO        00000000   lbl_8063B2FC + 0
000002e4  0000180a R_PPC_REL24            00000000   fn_80228AFC + 0
000002f8  0000190a R_PPC_REL24            00000000   fn_8022A118 + 0
0000030c  00001a0a R_PPC_REL24            00000000   fn_80023230 + 0
00000328  00001b0a R_PPC_REL24            00000000   fn_80229C0C + 0
00000340  00001c0a R_PPC_REL24            00000000   fn_80229B08 + 0
0000035c  00001d0a R_PPC_REL24            00000000   fn_80229CCC + 0
00000374  00001e0a R_PPC_REL24            00000000   fn_80229B88 + 0
0000037c  0000210a R_PPC_REL24            00000000   fn_801A8D38 + 0
00000384  0000220a R_PPC_REL24            00000000   fn_802262B8 + 0
0000038c  0000230a R_PPC_REL24            00000000   fn_8022A2F4 + 0
000003a4  0000240a R_PPC_REL24            00000000   fn_801A8FE8 + 0
000003a8  0000110a R_PPC_REL24            00000000   fn_801ECC4C + 0
000003d0  00000b0a R_PPC_REL24            00000000   fn_8002188C + 0
000003e4  00000a0a R_PPC_REL24            00000000   fn_8022A5D8 + 0
EXIT 0
