
Relocation section '.rela.text' at offset 0x254 contains 11 entries:
 Offset     Info    Type                Sym. Value  Symbol's Name + Addend
00000068  0000040a R_PPC_REL24            00000000   fn_80186C88 + 0
00000080  0000040a R_PPC_REL24            00000000   fn_80186C88 + 0
000000a0  0000050a R_PPC_REL24            00000000   fn_80193D64 + 0
000000cc  0000050a R_PPC_REL24            00000000   fn_80193D64 + 0
000000fc  0000050a R_PPC_REL24            00000000   fn_80193D64 + 0
0000012c  0000050a R_PPC_REL24            00000000   fn_80193D64 + 0
0000014c  0000050a R_PPC_REL24            00000000   fn_80193D64 + 0
00000174  0000050a R_PPC_REL24            00000000   fn_80193D64 + 0
00000194  0000050a R_PPC_REL24            00000000   fn_80193D64 + 0
000001bc  0000050a R_PPC_REL24            00000000   fn_80193D64 + 0
000001e4  0000040a R_PPC_REL24            00000000   fn_80186C88 + 0

Symbol table '.symtab' contains 6 entries:
   Num:    Value  Size Type    Bind   Vis      Ndx Name
     0: 00000000     0 NOTYPE  LOCAL  DEFAULT  UND 
     1: 00000000     0 FILE    LOCAL  DEFAULT  ABS game_fn_801950D4.c
     2: 00000000     0 SECTION LOCAL  DEFAULT    1 .text
     3: 00000000   532 FUNC    GLOBAL DEFAULT    1 fn_801950D4
     4: 00000000     0 NOTYPE  GLOBAL DEFAULT  UND fn_80186C88
     5: 00000000     0 NOTYPE  GLOBAL DEFAULT  UND fn_80193D64
