
Relocation section '.rela.text' at offset 0xd14 contains 184 entries:
 Offset     Info    Type                Sym. Value  Symbol's Name + Addend
00000024  0000040a R_PPC_REL24            00000000   fn_80200C10 + 0
00000030  0000050a R_PPC_REL24            00000000   fn_80201BC8 + 0
00000040  0000060a R_PPC_REL24            00000000   fn_80201B8C + 0
00000054  0000070a R_PPC_REL24            00000000   fn_80201B54 + 0
00000064  0000080a R_PPC_REL24            00000000   fn_8011F114 + 0
0000006c  0000090a R_PPC_REL24            00000000   fn_8011FB4C + 0
00000080  00000a0a R_PPC_REL24            00000000   fn_800C65FC + 0
00000090  00000b0a R_PPC_REL24            00000000   fn_8003DED0 + 0
000000a4  00000c6d R_PPC_EMB_SDA21        00000000   lbl_8064E644 + 0
000000ac  00000d0a R_PPC_REL24            00000000   fn_8011F778 + 0
000000b4  00000e0a R_PPC_REL24            00000000   fn_80036E14 + 0
000000c4  00000f0a R_PPC_REL24            00000000   fn_8011E800 + 0
000000d0  0000100a R_PPC_REL24            00000000   fn_80201D2C + 0
000000dc  0000110a R_PPC_REL24            00000000   fn_80201D14 + 0
000000f4  0000120a R_PPC_REL24            00000000   fn_80200C38 + 0
00000100  0000136d R_PPC_EMB_SDA21        00000000   lbl_8064C4E0 + 0
00000104  0000140a R_PPC_REL24            00000000   fn_801E7974 + 0
00000120  0000150a R_PPC_REL24            00000000   fn_800674E4 + 0
0000013c  0000160a R_PPC_REL24            00000000   fn_80067650 + 0
00000150  0000170a R_PPC_REL24            00000000   fn_8011FF38 + 0
00000168  0000180a R_PPC_REL24            00000000   fn_8011FA8C + 0
00000170  0000196d R_PPC_EMB_SDA21        00000000   lbl_8064E648 + 0
00000184  00001a6d R_PPC_EMB_SDA21        00000000   lbl_8064D18C + 0
0000019c  00001b0a R_PPC_REL24            00000000   fn_801AAE68 + 0
000001b4  0000120a R_PPC_REL24            00000000   fn_80200C38 + 0
000001b8  00001c0a R_PPC_REL24            00000000   fn_801A5910 + 0
000001d0  0000120a R_PPC_REL24            00000000   fn_80200C38 + 0
000001dc  0000136d R_PPC_EMB_SDA21        00000000   lbl_8064C4E0 + 0
000001e0  00001d0a R_PPC_REL24            00000000   fn_801E79A0 + 0
000001f8  0000120a R_PPC_REL24            00000000   fn_80200C38 + 0
0000020c  00001e0a R_PPC_REL24            00000000   fn_8016B400 + 0
00000224  00001f0a R_PPC_REL24            00000000   fn_8012B324 + 0
0000022c  0000200a R_PPC_REL24            00000000   fn_8003D7B4 + 0
00000238  0000210a R_PPC_REL24            00000000   fn_80201D34 + 0
00000244  0000220a R_PPC_REL24            00000000   fn_80201D1C + 0
00000254  0000180a R_PPC_REL24            00000000   fn_8011FA8C + 0
00000268  0000230a R_PPC_REL24            00000000   fn_8020123C + 0
00000274  0000240a R_PPC_REL24            00000000   fn_801E8328 + 0
00000298  0000230a R_PPC_REL24            00000000   fn_8020123C + 0
000002ac  0000230a R_PPC_REL24            00000000   fn_8020123C + 0
000002c8  0000250a R_PPC_REL24            00000000   fn_800BD2DC + 0
000002d0  0000200a R_PPC_REL24            00000000   fn_8003D7B4 + 0
000002d8  0000260a R_PPC_REL24            00000000   fn_80067A18 + 0
000002ec  0000230a R_PPC_REL24            00000000   fn_8020123C + 0
00000300  0000230a R_PPC_REL24            00000000   fn_8020123C + 0
00000318  0000120a R_PPC_REL24            00000000   fn_80200C38 + 0
00000324  0000270a R_PPC_REL24            00000000   fn_80200C28 + 0
00000330  0000280a R_PPC_REL24            00000000   fn_80200C20 + 0
00000344  0000230a R_PPC_REL24            00000000   fn_8020123C + 0
0000034c  0000120a R_PPC_REL24            00000000   fn_80200C38 + 0
00000350  0000290a R_PPC_REL24            00000000   fn_801A7228 + 0
00000368  0000120a R_PPC_REL24            00000000   fn_80200C38 + 0
00000374  0000270a R_PPC_REL24            00000000   fn_80200C28 + 0
00000380  0000280a R_PPC_REL24            00000000   fn_80200C20 + 0
00000394  0000230a R_PPC_REL24            00000000   fn_8020123C + 0
0000039c  0000120a R_PPC_REL24            00000000   fn_80200C38 + 0
000003a0  0000290a R_PPC_REL24            00000000   fn_801A7228 + 0
000003b8  0000280a R_PPC_REL24            00000000   fn_80200C20 + 0
000003bc  00002a0a R_PPC_REL24            00000000   fn_80201814 + 0
000003c8  00002b0a R_PPC_REL24            00000000   fn_800359A0 + 0
000003d0  0000120a R_PPC_REL24            00000000   fn_80200C38 + 0
000003d4  00002c0a R_PPC_REL24            00000000   fn_800654F8 + 0
0000044c  00002d0a R_PPC_REL24            00000000   fn_8012B344 + 0
00000460  0000210a R_PPC_REL24            00000000   fn_80201D34 + 0
0000046c  0000220a R_PPC_REL24            00000000   fn_80201D1C + 0
000004bc  00002e0a R_PPC_REL24            00000000   fn_80068290 + 0
000004d8  0000230a R_PPC_REL24            00000000   fn_8020123C + 0
000004f8  00001a6d R_PPC_EMB_SDA21        00000000   lbl_8064D18C + 0
00000504  00002f6d R_PPC_EMB_SDA21        00000000   lbl_8064E640 + 0
00000518  0000300a R_PPC_REL24            00000000   fn_8020104C + 0
00000522  00003106 R_PPC_ADDR16_HA        00000000   lbl_80243E38 + 0
00000526  00003104 R_PPC_ADDR16_LO        00000000   lbl_80243E38 + 0
00000528  0000320a R_PPC_REL24            00000000   fn_801E741C + 0
0000052c  0000336d R_PPC_EMB_SDA21        00000000   lbl_8064E654 + 0
00000534  0000346d R_PPC_EMB_SDA21        00000000   lbl_8064E650 + 0
0000053c  0000356d R_PPC_EMB_SDA21        00000000   lbl_8064E64C + 0
00000560  0000360a R_PPC_REL24            00000000   fn_8012C62C + 0
00000570  0000370a R_PPC_REL24            00000000   fn_801F6228 + 0
00000584  0000380a R_PPC_REL24            00000000   fn_801F63E4 + 0
00000590  0000390a R_PPC_REL24            00000000   fn_80158598 + 0
0000059c  00003a0a R_PPC_REL24            00000000   fn_80157E1C + 0
000005b4  00003b0a R_PPC_REL24            00000000   fn_80157E24 + 0
000005b8  00002a0a R_PPC_REL24            00000000   fn_80201814 + 0
000005c4  0000050a R_PPC_REL24            00000000   fn_80201BC8 + 0
000005d0  00003c6d R_PPC_EMB_SDA21        00000000   lbl_8064E660 + 0
000005d8  00003d6d R_PPC_EMB_SDA21        00000000   lbl_8064E65C + 0
000005e0  00003e6d R_PPC_EMB_SDA21        00000000   lbl_8064E658 + 0
000005fc  0000360a R_PPC_REL24            00000000   fn_8012C62C + 0
0000060c  00003f6d R_PPC_EMB_SDA21        00000000   lbl_8064E694 + 0
00000620  0000300a R_PPC_REL24            00000000   fn_8020104C + 0
00000634  00001a6d R_PPC_EMB_SDA21        00000000   lbl_8064D18C + 0
00000640  00002f6d R_PPC_EMB_SDA21        00000000   lbl_8064E640 + 0
00000654  0000300a R_PPC_REL24            00000000   fn_8020104C + 0
0000065c  0000406d R_PPC_EMB_SDA21        00000000   lbl_8064E66C + 0
00000664  0000416d R_PPC_EMB_SDA21        00000000   lbl_8064E668 + 0
0000066c  0000426d R_PPC_EMB_SDA21        00000000   lbl_8064E664 + 0
0000068c  0000360a R_PPC_REL24            00000000   fn_8012C62C + 0
000006a8  0000430a R_PPC_REL24            00000000   fn_8012F58C + 0
000006b4  0000390a R_PPC_REL24            00000000   fn_80158598 + 0
000006c0  00003a0a R_PPC_REL24            00000000   fn_80157E1C + 0
000006d8  00003b0a R_PPC_REL24            00000000   fn_80157E24 + 0
000006dc  00002a0a R_PPC_REL24            00000000   fn_80201814 + 0
000006e8  0000050a R_PPC_REL24            00000000   fn_80201BC8 + 0
000006f4  0000446d R_PPC_EMB_SDA21        00000000   lbl_8064E678 + 0
000006fc  0000456d R_PPC_EMB_SDA21        00000000   lbl_8064E674 + 0
00000704  0000466d R_PPC_EMB_SDA21        00000000   lbl_8064E670 + 0
00000720  0000360a R_PPC_REL24            00000000   fn_8012C62C + 0
0000073c  0000430a R_PPC_REL24            00000000   fn_8012F58C + 0
0000075c  00001a6d R_PPC_EMB_SDA21        00000000   lbl_8064D18C + 0
00000768  00002f6d R_PPC_EMB_SDA21        00000000   lbl_8064E640 + 0
0000077c  0000300a R_PPC_REL24            00000000   fn_8020104C + 0
00000786  00003106 R_PPC_ADDR16_HA        00000000   lbl_80243E38 + 0
0000078a  00003104 R_PPC_ADDR16_LO        00000000   lbl_80243E38 + 0
0000078c  0000320a R_PPC_REL24            00000000   fn_801E741C + 0
00000790  0000476d R_PPC_EMB_SDA21        00000000   lbl_8064E684 + 0
00000798  0000486d R_PPC_EMB_SDA21        00000000   lbl_8064E680 + 0
000007a0  0000496d R_PPC_EMB_SDA21        00000000   lbl_8064E67C + 0
000007c4  0000360a R_PPC_REL24            00000000   fn_8012C62C + 0
000007d4  0000370a R_PPC_REL24            00000000   fn_801F6228 + 0
000007e8  0000380a R_PPC_REL24            00000000   fn_801F63E4 + 0
000007f4  0000390a R_PPC_REL24            00000000   fn_80158598 + 0
00000800  00003a0a R_PPC_REL24            00000000   fn_80157E1C + 0
00000818  00003b0a R_PPC_REL24            00000000   fn_80157E24 + 0
0000081c  00002a0a R_PPC_REL24            00000000   fn_80201814 + 0
00000828  0000050a R_PPC_REL24            00000000   fn_80201BC8 + 0
00000834  00004a6d R_PPC_EMB_SDA21        00000000   lbl_8064E690 + 0
0000083c  00004b6d R_PPC_EMB_SDA21        00000000   lbl_8064E68C + 0
00000844  00004c6d R_PPC_EMB_SDA21        00000000   lbl_8064E688 + 0
00000860  0000360a R_PPC_REL24            00000000   fn_8012C62C + 0
00000888  00004d0a R_PPC_REL24            00000000   fn_8015C910 + 0
00000894  00004e0a R_PPC_REL24            00000000   fn_80201B44 + 0
000008b0  0000230a R_PPC_REL24            00000000   fn_8020123C + 0
000008c8  0000280a R_PPC_REL24            00000000   fn_80200C20 + 0
000008cc  00002a0a R_PPC_REL24            00000000   fn_80201814 + 0
000008d4  00002a0a R_PPC_REL24            00000000   fn_80201814 + 0
000008e0  00004f0a R_PPC_REL24            00000000   fn_80204508 + 0
000008f4  0000500a R_PPC_REL24            00000000   fn_801294DC + 0
00000908  0000100a R_PPC_REL24            00000000   fn_80201D2C + 0
00000914  0000110a R_PPC_REL24            00000000   fn_80201D14 + 0
0000092c  0000230a R_PPC_REL24            00000000   fn_8020123C + 0
00000938  0000210a R_PPC_REL24            00000000   fn_80201D34 + 0
00000944  0000220a R_PPC_REL24            00000000   fn_80201D1C + 0
00000968  00000e0a R_PPC_REL24            00000000   fn_80036E14 + 0
00000978  00000f0a R_PPC_REL24            00000000   fn_8011E800 + 0
000009b4  0000510a R_PPC_REL24            00000000   fn_80068994 + 0
000009e0  0000520a R_PPC_REL24            00000000   fn_80063124 + 0
000009f8  00002a0a R_PPC_REL24            00000000   fn_80201814 + 0
00000a04  00004f0a R_PPC_REL24            00000000   fn_80204508 + 0
00000a10  0000530a R_PPC_REL24            00000000   fn_8012A1FC + 0
00000a28  0000500a R_PPC_REL24            00000000   fn_801294DC + 0
00000a36  00005406 R_PPC_ADDR16_HA        00000000   fn_80204810 + 0
00000a3e  00005404 R_PPC_ADDR16_LO        00000000   fn_80204810 + 0
00000a44  0000550a R_PPC_REL24            00000000   fn_80128C28 + 0
00000a4a  00005406 R_PPC_ADDR16_HA        00000000   fn_80204810 + 0
00000a52  00005404 R_PPC_ADDR16_LO        00000000   fn_80204810 + 0
00000a58  0000560a R_PPC_REL24            00000000   fn_80128C44 + 0
00000a5e  00005706 R_PPC_ADDR16_HA        00000000   fn_80063030 + 0
00000a66  00005704 R_PPC_ADDR16_LO        00000000   fn_80063030 + 0
00000a70  0000580a R_PPC_REL24            00000000   fn_801287C4 + 0
00000a84  0000230a R_PPC_REL24            00000000   fn_8020123C + 0
00000a90  0000100a R_PPC_REL24            00000000   fn_80201D2C + 0
00000a9c  0000110a R_PPC_REL24            00000000   fn_80201D14 + 0
00000ab4  0000230a R_PPC_REL24            00000000   fn_8020123C + 0
00000ac0  0000210a R_PPC_REL24            00000000   fn_80201D34 + 0
00000acc  0000220a R_PPC_REL24            00000000   fn_80201D1C + 0
00000af4  0000590a R_PPC_REL24            00000000   fn_8006D3E4 + 0
00000b04  0000120a R_PPC_REL24            00000000   fn_80200C38 + 0
00000b18  00005a0a R_PPC_REL24            00000000   fn_80063D60 + 0
00000b5c  0000230a R_PPC_REL24            00000000   fn_8020123C + 0
00000b74  00000e0a R_PPC_REL24            00000000   fn_80036E14 + 0
00000b9c  00005b0a R_PPC_REL24            00000000   fn_8011E310 + 0
00000ba4  00005c6d R_PPC_EMB_SDA21        00000000   lbl_8064D5A8 + 0
00000bc0  0000230a R_PPC_REL24            00000000   fn_8020123C + 0
00000bc4  00004d0a R_PPC_REL24            00000000   fn_8015C910 + 0
00000bd0  00004e0a R_PPC_REL24            00000000   fn_80201B44 + 0
00000bec  0000230a R_PPC_REL24            00000000   fn_8020123C + 0
00000c08  00005d6d R_PPC_EMB_SDA21        00000000   lbl_8064E63C + 0
00000c10  00000d0a R_PPC_REL24            00000000   fn_8011F778 + 0
00000c18  00005e0a R_PPC_REL24            00000000   fn_80048708 + 0
00000c24  0000210a R_PPC_REL24            00000000   fn_80201D34 + 0
00000c30  0000220a R_PPC_REL24            00000000   fn_80201D1C + 0
00000c60  0000230a R_PPC_REL24            00000000   fn_8020123C + 0
00000c7c  0000510a R_PPC_REL24            00000000   fn_80068994 + 0
00000ca8  0000520a R_PPC_REL24            00000000   fn_80063124 + 0
