target 3284 bytes  base 3284 bytes  match 99.576126
  0x0000  stwu r1, -0x90(r1)                                   | stwu r1, -0x90(r1)
  0x0004  mflr r0                                              | mflr r0
  0x0008  stw r0, 0x94(r1)                                     | stw r0, 0x94(r1)
  0x000c  stmw r22, 0x68(r1)                                   | stmw r22, 0x68(r1)
  0x0010  mr r27, r5                                           | mr r27, r5
  0x0014  mr r26, r3                                           | mr r26, r3
  0x0018  mr r22, r4                                           | mr r22, r4
  0x001c  mr r28, r6                                           | mr r28, r6
  0x0020  mr r3, r27                                           | mr r3, r27
  0x0024  bl fn_80200C10 [None+0 t10]                          | bl fn_80200C10 [None+0 t10]
  0x0028  mr r24, r3                                           | mr r24, r3
  0x002c  mr r3, r26                                           | mr r3, r26
  0x0030  bl fn_80201BC8 [None+0 t10]                          | bl fn_80201BC8 [None+0 t10]
  0x0034  mr r0, r3                                            | mr r0, r3
  0x0038  mr r3, r26                                           | mr r3, r26
  0x003c  mr r30, r0                                           | mr r30, r0
  0x0040  bl fn_80201B8C [None+0 t10]                          | bl fn_80201B8C [None+0 t10]
  0x0044  mr r0, r3                                            | mr r0, r3
  0x0048  mr r3, r26                                           | mr r3, r26
  0x004c  mr r23, r0                                           | mr r23, r0
  0x0050  lwz r31, 0x8c(r23)                                   | lwz r31, 0x8c(r23)
  0x0054  bl fn_80201B54 [None+0 t10]                          | bl fn_80201B54 [None+0 t10]
  0x0058  mr r29, r3                                           | mr r29, r3
  0x005c  mr r4, r30                                           | mr r4, r30
  0x0060  addi r3, r1, 0x58                                    | addi r3, r1, 0x58
  0x0064  bl fn_8011F114 [None+0 t10]                          | bl fn_8011F114 [None+0 t10]
  0x0068  mr r3, r30                                           | mr r3, r30
  0x006c  bl fn_8011FB4C [None+0 t10]                          | bl fn_8011FB4C [None+0 t10]
  0x0070  cmpwi r24, 0x3                                       | cmpwi r24, 0x3
  0x0074  mr r25, r3                                           | mr r25, r3
  0x0078  bne 0x94                                             | bne 0x94
  0x007c  mr r3, r26                                           | mr r3, r26
  0x0080  bl fn_800C65FC [None+0 t10]                          | bl fn_800C65FC [None+0 t10]
  0x0084  mr r3, r26                                           | mr r3, r26
  0x0088  mr r4, r30                                           | mr r4, r30
  0x008c  mr r5, r31                                           | mr r5, r31
  0x0090  bl fn_8003DED0 [None+0 t10]                          | bl fn_8003DED0 [None+0 t10]
  0x0094  cmpwi r22, 0x0                                       | cmpwi r22, 0x0
  0x0098  bne 0x878                                            | bne 0x878
  0x009c  cmpwi r24, 0x1                                       | cmpwi r24, 0x1
  0x00a0  bne 0xe8                                             | bne 0xe8
  0x00a4  lfs f1, lbl_8064E644@sda21 [None+0 t109]             | lfs f1, lbl_8064E644@sda21 [None+0 t109]
  0x00a8  mr r3, r30                                           | mr r3, r30
  0x00ac  bl fn_8011F778 [None+0 t10]                          | bl fn_8011F778 [None+0 t10]
  0x00b0  mr r3, r26                                           | mr r3, r26
  0x00b4  bl fn_80036E14 [None+0 t10]                          | bl fn_80036E14 [None+0 t10]
  0x00b8  cmpwi r3, 0x1                                        | cmpwi r3, 0x1
  0x00bc  bne 0xc8                                             | bne 0xc8
  0x00c0  li r3, 0x1                                           | li r3, 0x1
  0x00c4  bl fn_8011E800 [None+0 t10]                          | bl fn_8011E800 [None+0 t10]
  0x00c8  mr r3, r26                                           | mr r3, r26
  0x00cc  li r4, 0x1a                                          | li r4, 0x1a
  0x00d0  bl fn_80201D2C [None+0 t10]                          | bl fn_80201D2C [None+0 t10]
  0x00d4  mr r3, r26                                           | mr r3, r26
  0x00d8  li r4, 0x1                                           | li r4, 0x1
  0x00dc  bl fn_80201D14 [None+0 t10]                          | bl fn_80201D14 [None+0 t10]
  0x00e0  li r3, 0x1                                           | li r3, 0x1
  0x00e4  b 0xcc0                                              | b 0xcc0
  0x00e8  cmpwi r24, 0xbb                                      | cmpwi r24, 0xbb
  0x00ec  bne 0x110                                            | bne 0x110
  0x00f0  mr r3, r27                                           | mr r3, r27
  0x00f4  bl fn_80200C38 [None+0 t10]                          | bl fn_80200C38 [None+0 t10]
  0x00f8  mr. r4, r3                                           | mr. r4, r3
  0x00fc  beq 0x108                                            | beq 0x108
  0x0100  lwz r3, lbl_8064C4E0@sda21 [None+0 t109]             | lwz r3, lbl_8064C4E0@sda21 [None+0 t109]
  0x0104  bl fn_801E7974 [None+0 t10]                          | bl fn_801E7974 [None+0 t10]
  0x0108  li r3, 0x1                                           | li r3, 0x1
  0x010c  b 0xcc0                                              | b 0xcc0
  0x0110  cmpwi r24, 0xea                                      | cmpwi r24, 0xea
  0x0114  bne 0x12c                                            | bne 0x12c
  0x0118  mr r3, r26                                           | mr r3, r26
  0x011c  mr r4, r27                                           | mr r4, r27
  0x0120  bl fn_800674E4 [None+0 t10]                          | bl fn_800674E4 [None+0 t10]
  0x0124  li r3, 0x1                                           | li r3, 0x1
  0x0128  b 0xcc0                                              | b 0xcc0
  0x012c  cmpwi r24, 0xeb                                      | cmpwi r24, 0xeb
  0x0130  bne 0x148                                            | bne 0x148
  0x0134  mr r3, r26                                           | mr r3, r26
  0x0138  mr r4, r27                                           | mr r4, r27
  0x013c  bl fn_80067650 [None+0 t10]                          | bl fn_80067650 [None+0 t10]
  0x0140  li r3, 0x1                                           | li r3, 0x1
  0x0144  b 0xcc0                                              | b 0xcc0
  0x0148  cmpwi r24, 0xc9                                      | cmpwi r24, 0xc9
  0x014c  bne 0x1a8                                            | bne 0x1a8
  0x0150  bl fn_8011FF38 [None+0 t10]                          | bl fn_8011FF38 [None+0 t10]
  0x0154  cmpwi r3, 0x0                                        | cmpwi r3, 0x0
  0x0158  beq 0x1a0                                            | beq 0x1a0
  0x015c  mr r3, r30                                           | mr r3, r30
  0x0160  li r4, 0x0                                           | li r4, 0x0
  0x0164  lis r5, 0x2000                                       | lis r5, 0x2000
  0x0168  bl fn_8011FA8C [None+0 t10]                          | bl fn_8011FA8C [None+0 t10]
  0x016c  li r0, 0x0                                           | li r0, 0x0
* 0x0170  lfs f1, lbl_8064E648@sda21 [None+0 t109]             | addi r6, r1, 0x58
  0x0174  stw r0, 0x8(r1)                                      | stw r0, 0x8(r1)
* 0x0178  addi r6, r1, 0x58                                    | li r3, 0x1f1
* 0x017c  li r3, 0x1f1                                         | li r4, 0x64
* 0x0180  li r4, 0x64                                          | li r5, 0x0
  0x0184  lwz r0, lbl_8064D18C@sda21 [None+0 t109]             | lwz r0, lbl_8064D18C@sda21 [None+0 t109]
* 0x0188  li r5, 0x0                                           | li r7, 0x2
* 0x018c  li r7, 0x2                                           | lfs f1, lbl_8064E648@sda21 [None+0 t109]
  0x0190  li r8, 0x2                                           | li r8, 0x2
  0x0194  clrlwi r10, r0, 16                                   | clrlwi r10, r0, 16
  0x0198  li r9, 0x0                                           | li r9, 0x0
  0x019c  bl fn_801AAE68 [None+0 t10]                          | bl fn_801AAE68 [None+0 t10]
  0x01a0  li r3, 0x1                                           | li r3, 0x1
  0x01a4  b 0xcc0                                              | b 0xcc0
  0x01a8  cmpwi r24, 0x86                                      | cmpwi r24, 0x86
  0x01ac  bne 0x1c4                                            | bne 0x1c4
  0x01b0  mr r3, r27                                           | mr r3, r27
  0x01b4  bl fn_80200C38 [None+0 t10]                          | bl fn_80200C38 [None+0 t10]
  0x01b8  bl fn_801A5910 [None+0 t10]                          | bl fn_801A5910 [None+0 t10]
  0x01bc  li r3, 0x1                                           | li r3, 0x1
  0x01c0  b 0xcc0                                              | b 0xcc0
  0x01c4  cmpwi r24, 0xbc                                      | cmpwi r24, 0xbc
  0x01c8  bne 0x1ec                                            | bne 0x1ec
  0x01cc  mr r3, r27                                           | mr r3, r27
  0x01d0  bl fn_80200C38 [None+0 t10]                          | bl fn_80200C38 [None+0 t10]
  0x01d4  mr. r4, r3                                           | mr. r4, r3
  0x01d8  beq 0x1e4                                            | beq 0x1e4
  0x01dc  lwz r3, lbl_8064C4E0@sda21 [None+0 t109]             | lwz r3, lbl_8064C4E0@sda21 [None+0 t109]
  0x01e0  bl fn_801E79A0 [None+0 t10]                          | bl fn_801E79A0 [None+0 t10]
  0x01e4  li r3, 0x1                                           | li r3, 0x1
  0x01e8  b 0xcc0                                              | b 0xcc0
  0x01ec  cmpwi r24, 0xbe                                      | cmpwi r24, 0xbe
  0x01f0  bne 0x218                                            | bne 0x218
  0x01f4  mr r3, r27                                           | mr r3, r27
  0x01f8  bl fn_80200C38 [None+0 t10]                          | bl fn_80200C38 [None+0 t10]
  0x01fc  cmpwi r3, 0x0                                        | cmpwi r3, 0x0
  0x0200  beq 0x210                                            | beq 0x210
  0x0204  mr r4, r29                                           | mr r4, r29
  0x0208  li r5, 0x0                                           | li r5, 0x0
  0x020c  bl fn_8016B400 [None+0 t10]                          | bl fn_8016B400 [None+0 t10]
  0x0210  li r3, 0x1                                           | li r3, 0x1
  0x0214  b 0xcc0                                              | b 0xcc0
  0x0218  cmpwi r24, 0x39                                      | cmpwi r24, 0x39
  0x021c  bne 0x280                                            | bne 0x280
  0x0220  mr r3, r30                                           | mr r3, r30
  0x0224  bl fn_8012B324 [None+0 t10]                          | bl fn_8012B324 [None+0 t10]
  0x0228  mr r3, r29                                           | mr r3, r29
  0x022c  bl fn_8003D7B4 [None+0 t10]                          | bl fn_8003D7B4 [None+0 t10]
  0x0230  mr r3, r26                                           | mr r3, r26
  0x0234  li r4, 0x0                                           | li r4, 0x0
  0x0238  bl fn_80201D34 [None+0 t10]                          | bl fn_80201D34 [None+0 t10]
  0x023c  mr r3, r26                                           | mr r3, r26
  0x0240  li r4, 0x1                                           | li r4, 0x1
  0x0244  bl fn_80201D1C [None+0 t10]                          | bl fn_80201D1C [None+0 t10]
  0x0248  mr r3, r30                                           | mr r3, r30
  0x024c  li r4, 0xc0                                          | li r4, 0xc0
  0x0250  li r5, 0x0                                           | li r5, 0x0
  0x0254  bl fn_8011FA8C [None+0 t10]                          | bl fn_8011FA8C [None+0 t10]
  0x0258  lwz r5, 0x14(r31)                                    | lwz r5, 0x14(r31)
  0x025c  mr r4, r29                                           | mr r4, r29
  0x0260  li r3, 0x26                                          | li r3, 0x26
  0x0264  li r6, 0x0                                           | li r6, 0x0
  0x0268  bl fn_8020123C [None+0 t10]                          | bl fn_8020123C [None+0 t10]
  0x026c  mr r4, r26                                           | mr r4, r26
  0x0270  li r3, 0x2                                           | li r3, 0x2
  0x0274  bl fn_801E8328 [None+0 t10]                          | bl fn_801E8328 [None+0 t10]
  0x0278  li r3, 0x1                                           | li r3, 0x1
  0x027c  b 0xcc0                                              | b 0xcc0
  0x0280  cmpwi r24, 0x66                                      | cmpwi r24, 0x66
  0x0284  bne 0x2b8                                            | bne 0x2b8
  0x0288  lwz r5, 0x14(r31)                                    | lwz r5, 0x14(r31)
  0x028c  mr r4, r29                                           | mr r4, r29
  0x0290  li r3, 0x26                                          | li r3, 0x26
  0x0294  li r6, 0x0                                           | li r6, 0x0
  0x0298  bl fn_8020123C [None+0 t10]                          | bl fn_8020123C [None+0 t10]
  0x029c  mr r4, r29                                           | mr r4, r29
  0x02a0  mr r5, r29                                           | mr r5, r29
  0x02a4  li r3, 0x26                                          | li r3, 0x26
  0x02a8  li r6, 0x0                                           | li r6, 0x0
  0x02ac  bl fn_8020123C [None+0 t10]                          | bl fn_8020123C [None+0 t10]
  0x02b0  li r3, 0x1                                           | li r3, 0x1
  0x02b4  b 0xcc0                                              | b 0xcc0
  0x02b8  cmpwi r24, 0x3d                                      | cmpwi r24, 0x3d
  0x02bc  bne 0x30c                                            | bne 0x30c
  0x02c0  mr r3, r26                                           | mr r3, r26
  0x02c4  mr r4, r31                                           | mr r4, r31
  0x02c8  bl fn_800BD2DC [None+0 t10]                          | bl fn_800BD2DC [None+0 t10]
  0x02cc  mr r3, r29                                           | mr r3, r29
  0x02d0  bl fn_8003D7B4 [None+0 t10]                          | bl fn_8003D7B4 [None+0 t10]
  0x02d4  mr r3, r29                                           | mr r3, r29
  0x02d8  bl fn_80067A18 [None+0 t10]                          | bl fn_80067A18 [None+0 t10]
  0x02dc  lwz r5, 0x14(r31)                                    | lwz r5, 0x14(r31)
  0x02e0  mr r4, r29                                           | mr r4, r29
  0x02e4  li r3, 0x26                                          | li r3, 0x26
  0x02e8  li r6, 0x0                                           | li r6, 0x0
  0x02ec  bl fn_8020123C [None+0 t10]                          | bl fn_8020123C [None+0 t10]
  0x02f0  mr r4, r29                                           | mr r4, r29
  0x02f4  mr r5, r29                                           | mr r5, r29
  0x02f8  li r3, 0x26                                          | li r3, 0x26
  0x02fc  li r6, 0x0                                           | li r6, 0x0
  0x0300  bl fn_8020123C [None+0 t10]                          | bl fn_8020123C [None+0 t10]
  0x0304  li r3, 0x1                                           | li r3, 0x1
  0x0308  b 0xcc0                                              | b 0xcc0
  0x030c  cmpwi r24, 0xed                                      | cmpwi r24, 0xed
  0x0310  bne 0x35c                                            | bne 0x35c
  0x0314  mr r3, r27                                           | mr r3, r27
  0x0318  bl fn_80200C38 [None+0 t10]                          | bl fn_80200C38 [None+0 t10]
  0x031c  mr r28, r3                                           | mr r28, r3
  0x0320  mr r3, r27                                           | mr r3, r27
  0x0324  bl fn_80200C28 [None+0 t10]                          | bl fn_80200C28 [None+0 t10]
  0x0328  mr r26, r3                                           | mr r26, r3
  0x032c  mr r3, r27                                           | mr r3, r27
  0x0330  bl fn_80200C20 [None+0 t10]                          | bl fn_80200C20 [None+0 t10]
  0x0334  mr r4, r3                                            | mr r4, r3
  0x0338  mr r5, r26                                           | mr r5, r26
  0x033c  mr r6, r28                                           | mr r6, r28
  0x0340  li r3, 0xb                                           | li r3, 0xb
  0x0344  bl fn_8020123C [None+0 t10]                          | bl fn_8020123C [None+0 t10]
  0x0348  mr r3, r27                                           | mr r3, r27
  0x034c  bl fn_80200C38 [None+0 t10]                          | bl fn_80200C38 [None+0 t10]
  0x0350  bl fn_801A7228 [None+0 t10]                          | bl fn_801A7228 [None+0 t10]
  0x0354  li r3, 0x1                                           | li r3, 0x1
  0x0358  b 0xcc0                                              | b 0xcc0
  0x035c  cmpwi r24, 0x3a                                      | cmpwi r24, 0x3a
  0x0360  bne 0x3ac                                            | bne 0x3ac
  0x0364  mr r3, r27                                           | mr r3, r27
  0x0368  bl fn_80200C38 [None+0 t10]                          | bl fn_80200C38 [None+0 t10]
  0x036c  mr r28, r3                                           | mr r28, r3
  0x0370  mr r3, r27                                           | mr r3, r27
  0x0374  bl fn_80200C28 [None+0 t10]                          | bl fn_80200C28 [None+0 t10]
  0x0378  mr r26, r3                                           | mr r26, r3
  0x037c  mr r3, r27                                           | mr r3, r27
  0x0380  bl fn_80200C20 [None+0 t10]                          | bl fn_80200C20 [None+0 t10]
  0x0384  mr r4, r3                                            | mr r4, r3
  0x0388  mr r5, r26                                           | mr r5, r26
  0x038c  mr r6, r28                                           | mr r6, r28
  0x0390  li r3, 0x27                                          | li r3, 0x27
  0x0394  bl fn_8020123C [None+0 t10]                          | bl fn_8020123C [None+0 t10]
  0x0398  mr r3, r27                                           | mr r3, r27
  0x039c  bl fn_80200C38 [None+0 t10]                          | bl fn_80200C38 [None+0 t10]
  0x03a0  bl fn_801A7228 [None+0 t10]                          | bl fn_801A7228 [None+0 t10]
  0x03a4  li r3, 0x1                                           | li r3, 0x1
  0x03a8  b 0xcc0                                              | b 0xcc0
  0x03ac  cmpwi r24, 0xb                                       | cmpwi r24, 0xb
  0x03b0  bne 0x3ec                                            | bne 0x3ec
  0x03b4  mr r3, r27                                           | mr r3, r27
  0x03b8  bl fn_80200C20 [None+0 t10]                          | bl fn_80200C20 [None+0 t10]
  0x03bc  bl fn_80201814 [None+0 t10]                          | bl fn_80201814 [None+0 t10]
  0x03c0  mr r4, r3                                            | mr r4, r3
  0x03c4  mr r3, r26                                           | mr r3, r26
  0x03c8  bl fn_800359A0 [None+0 t10]                          | bl fn_800359A0 [None+0 t10]
  0x03cc  mr r3, r27                                           | mr r3, r27
  0x03d0  bl fn_80200C38 [None+0 t10]                          | bl fn_80200C38 [None+0 t10]
  0x03d4  bl fn_800654F8 [None+0 t10]                          | bl fn_800654F8 [None+0 t10]
  0x03d8  cmplwi r28, 0x0                                      | cmplwi r28, 0x0
  0x03dc  beq 0x3e4                                            | beq 0x3e4
  0x03e0  stw r3, 0x0(r28)                                     | stw r3, 0x0(r28)
  0x03e4  li r3, 0x1                                           | li r3, 0x1
  0x03e8  b 0xcc0                                              | b 0xcc0
  0x03ec  cmpwi r24, 0x4e                                      | cmpwi r24, 0x4e
  0x03f0  bne 0x420                                            | bne 0x420
  0x03f4  lbz r0, 0x9e(r23)                                    | lbz r0, 0x9e(r23)
  0x03f8  cmplwi r0, 0x1                                       | cmplwi r0, 0x1
  0x03fc  beq 0x418                                            | beq 0x418
  0x0400  cmplwi r28, 0x0                                      | cmplwi r28, 0x0
  0x0404  beq 0x418                                            | beq 0x418
  0x0408  lwz r0, 0x6c(r31)                                    | lwz r0, 0x6c(r31)
  0x040c  cntlzw r0, r0                                        | cntlzw r0, r0
  0x0410  srwi r0, r0, 5                                       | srwi r0, r0, 5
  0x0414  stw r0, 0x0(r28)                                     | stw r0, 0x0(r28)
  0x0418  li r3, 0x1                                           | li r3, 0x1
  0x041c  b 0xcc0                                              | b 0xcc0
  0x0420  cmpwi r24, 0x20                                      | cmpwi r24, 0x20
  0x0424  bne 0x440                                            | bne 0x440
  0x0428  cmplwi r28, 0x0                                      | cmplwi r28, 0x0
  0x042c  beq 0x438                                            | beq 0x438
  0x0430  li r0, 0x0                                           | li r0, 0x0
  0x0434  stw r0, 0x0(r28)                                     | stw r0, 0x0(r28)
  0x0438  li r3, 0x1                                           | li r3, 0x1
  0x043c  b 0xcc0                                              | b 0xcc0
  0x0440  cmpwi r24, 0x26                                      | cmpwi r24, 0x26
  0x0444  bne 0x488                                            | bne 0x488
  0x0448  mr r3, r30                                           | mr r3, r30
  0x044c  bl fn_8012B344 [None+0 t10]                          | bl fn_8012B344 [None+0 t10]
  0x0450  lwz r4, 0x18(r31)                                    | lwz r4, 0x18(r31)
  0x0454  cmpwi r4, 0x0                                        | cmpwi r4, 0x0
  0x0458  beq 0x478                                            | beq 0x478
  0x045c  mr r3, r26                                           | mr r3, r26
  0x0460  bl fn_80201D34 [None+0 t10]                          | bl fn_80201D34 [None+0 t10]
  0x0464  mr r3, r26                                           | mr r3, r26
  0x0468  li r4, 0x1                                           | li r4, 0x1
  0x046c  bl fn_80201D1C [None+0 t10]                          | bl fn_80201D1C [None+0 t10]
  0x0470  li r0, 0x0                                           | li r0, 0x0
  0x0474  stw r0, 0x18(r31)                                    | stw r0, 0x18(r31)
  0x0478  li r0, 0x0                                           | li r0, 0x0
  0x047c  li r3, 0x1                                           | li r3, 0x1
  0x0480  stw r0, 0x14(r31)                                    | stw r0, 0x14(r31)
  0x0484  b 0xcc0                                              | b 0xcc0
  0x0488  cmpwi r24, 0x3b                                      | cmpwi r24, 0x3b
  0x048c  bne 0x4a8                                            | bne 0x4a8
  0x0490  cmplwi r28, 0x0                                      | cmplwi r28, 0x0
  0x0494  beq 0x4a0                                            | beq 0x4a0
  0x0498  li r0, 0x1                                           | li r0, 0x1
  0x049c  stw r0, 0x0(r28)                                     | stw r0, 0x0(r28)
  0x04a0  li r3, 0x1                                           | li r3, 0x1
  0x04a4  b 0xcc0                                              | b 0xcc0
  0x04a8  cmpwi r24, 0x3f                                      | cmpwi r24, 0x3f
  0x04ac  bne 0x4f0                                            | bne 0x4f0
  0x04b0  mr r3, r26                                           | mr r3, r26
  0x04b4  mr r4, r27                                           | mr r4, r27
  0x04b8  mr r5, r28                                           | mr r5, r28
  0x04bc  bl fn_80068290 [None+0 t10]                          | bl fn_80068290 [None+0 t10]
  0x04c0  cmpwi r3, 0x0                                        | cmpwi r3, 0x0
  0x04c4  beq 0x4e8                                            | beq 0x4e8
  0x04c8  lwz r5, 0x14(r31)                                    | lwz r5, 0x14(r31)
  0x04cc  mr r4, r29                                           | mr r4, r29
  0x04d0  li r3, 0x26                                          | li r3, 0x26
  0x04d4  li r6, 0x0                                           | li r6, 0x0
  0x04d8  bl fn_8020123C [None+0 t10]                          | bl fn_8020123C [None+0 t10]
  0x04dc  li r0, 0x0                                           | li r0, 0x0
  0x04e0  stw r0, 0x14(r31)                                    | stw r0, 0x14(r31)
  0x04e4  stw r0, 0x18(r31)                                    | stw r0, 0x18(r31)
  0x04e8  li r3, 0x1                                           | li r3, 0x1
  0x04ec  b 0xcc0                                              | b 0xcc0
  0x04f0  cmpwi r24, 0x8a                                      | cmpwi r24, 0x8a
  0x04f4  bne 0x62c                                            | bne 0x62c
  0x04f8  lwz r0, lbl_8064D18C@sda21 [None+0 t109]             | lwz r0, lbl_8064D18C@sda21 [None+0 t109]
  0x04fc  cmpw r25, r0                                         | cmpw r25, r0
  0x0500  beq 0x520                                            | beq 0x520
  0x0504  lfs f1, lbl_8064E640@sda21 [None+0 t109]             | lfs f1, lbl_8064E640@sda21 [None+0 t109]
  0x0508  mr r4, r29                                           | mr r4, r29
  0x050c  mr r5, r29                                           | mr r5, r29
  0x0510  li r3, 0x8a                                          | li r3, 0x8a
  0x0514  li r6, 0x0                                           | li r6, 0x0
  0x0518  bl fn_8020104C [None+0 t10]                          | bl fn_8020104C [None+0 t10]
  0x051c  b 0x624                                              | b 0x624
  0x0520  lis r3, lbl_80243E38@ha [None+0 t6]                  | lis r3, lbl_80243E38@ha [None+0 t6]
  0x0524  addi r3, r3, lbl_80243E38@l [None+0 t4]              | addi r3, r3, lbl_80243E38@l [None+0 t4]
  0x0528  bl fn_801E741C [None+0 t10]                          | bl fn_801E741C [None+0 t10]
  0x052c  lwz r5, lbl_8064E654@sda21 [None+0 t109]             | lwz r5, lbl_8064E654@sda21 [None+0 t109]
* 0x0530  mr r23, r3                                           | mr r24, r3
  0x0534  lwz r4, lbl_8064E650@sda21 [None+0 t109]             | lwz r4, lbl_8064E650@sda21 [None+0 t109]
  0x0538  mr r3, r30                                           | mr r3, r30
  0x053c  lwz r0, lbl_8064E64C@sda21 [None+0 t109]             | lwz r0, lbl_8064E64C@sda21 [None+0 t109]
  0x0540  addi r6, r1, 0x50                                    | addi r6, r1, 0x50
  0x0544  stw r5, 0x4c(r1)                                     | stw r5, 0x4c(r1)
  0x0548  addi r5, r1, 0x54                                    | addi r5, r1, 0x54
  0x054c  addi r7, r1, 0x4c                                    | addi r7, r1, 0x4c
  0x0550  li r8, 0x6                                           | li r8, 0x6
  0x0554  stw r4, 0x50(r1)                                     | stw r4, 0x50(r1)
  0x0558  li r4, 0xf                                           | li r4, 0xf
  0x055c  stw r0, 0x54(r1)                                     | stw r0, 0x54(r1)
  0x0560  bl fn_8012C62C [None+0 t10]                          | bl fn_8012C62C [None+0 t10]
* 0x0564  mr r3, r23                                           | mr r3, r24
  0x0568  li r4, 0x0                                           | li r4, 0x0
  0x056c  li r5, 0x2                                           | li r5, 0x2
  0x0570  bl fn_801F6228 [None+0 t10]                          | bl fn_801F6228 [None+0 t10]
  0x0574  clrlwi. r0, r3, 16                                   | clrlwi. r0, r3, 16
  0x0578  beq 0x588                                            | beq 0x588
* 0x057c  mr r3, r23                                           | mr r3, r24
  0x0580  li r4, 0x1                                           | li r4, 0x1
  0x0584  bl fn_801F63E4 [None+0 t10]                          | bl fn_801F63E4 [None+0 t10]
  0x0588  mr r3, r29                                           | mr r3, r29
  0x058c  li r4, 0x0                                           | li r4, 0x0
  0x0590  bl fn_80158598 [None+0 t10]                          | bl fn_80158598 [None+0 t10]
* 0x0594  mr. r23, r3                                          | mr. r24, r3
  0x0598  beq 0x60c                                            | beq 0x60c
  0x059c  bl fn_80157E1C [None+0 t10]                          | bl fn_80157E1C [None+0 t10]
  0x05a0  mr r26, r3                                           | mr r26, r3
* 0x05a4  li r24, 0x0                                          | li r25, 0x0
  0x05a8  b 0x604                                              | b 0x604
* 0x05ac  mr r3, r23                                           | mr r3, r24
* 0x05b0  mr r4, r24                                           | mr r4, r25
  0x05b4  bl fn_80157E24 [None+0 t10]                          | bl fn_80157E24 [None+0 t10]
  0x05b8  bl fn_80201814 [None+0 t10]                          | bl fn_80201814 [None+0 t10]
  0x05bc  cmplwi r3, 0x0                                       | cmplwi r3, 0x0
  0x05c0  beq 0x600                                            | beq 0x600
  0x05c4  bl fn_80201BC8 [None+0 t10]                          | bl fn_80201BC8 [None+0 t10]
  0x05c8  cmplwi r3, 0x0                                       | cmplwi r3, 0x0
  0x05cc  beq 0x600                                            | beq 0x600
  0x05d0  lwz r4, lbl_8064E660@sda21 [None+0 t109]             | lwz r4, lbl_8064E660@sda21 [None+0 t109]
  0x05d4  addi r5, r1, 0x48                                    | addi r5, r1, 0x48
  0x05d8  lwz r9, lbl_8064E65C@sda21 [None+0 t109]             | lwz r9, lbl_8064E65C@sda21 [None+0 t109]
  0x05dc  addi r6, r1, 0x44                                    | addi r6, r1, 0x44
  0x05e0  lwz r0, lbl_8064E658@sda21 [None+0 t109]             | lwz r0, lbl_8064E658@sda21 [None+0 t109]
  0x05e4  addi r7, r1, 0x40                                    | addi r7, r1, 0x40
  0x05e8  stw r4, 0x40(r1)                                     | stw r4, 0x40(r1)
  0x05ec  li r4, 0xf                                           | li r4, 0xf
  0x05f0  li r8, 0x6                                           | li r8, 0x6
  0x05f4  stw r9, 0x44(r1)                                     | stw r9, 0x44(r1)
  0x05f8  stw r0, 0x48(r1)                                     | stw r0, 0x48(r1)
  0x05fc  bl fn_8012C62C [None+0 t10]                          | bl fn_8012C62C [None+0 t10]
* 0x0600  addi r24, r24, 0x1                                   | addi r25, r25, 0x1
* 0x0604  cmpw r24, r26                                        | cmpw r25, r26
  0x0608  blt 0x5ac                                            | blt 0x5ac
  0x060c  lfs f1, lbl_8064E694@sda21 [None+0 t109]             | lfs f1, lbl_8064E694@sda21 [None+0 t109]
  0x0610  mr r4, r29                                           | mr r4, r29
  0x0614  mr r5, r29                                           | mr r5, r29
  0x0618  li r3, 0x8b                                          | li r3, 0x8b
  0x061c  li r6, 0x0                                           | li r6, 0x0
  0x0620  bl fn_8020104C [None+0 t10]                          | bl fn_8020104C [None+0 t10]
  0x0624  li r3, 0x1                                           | li r3, 0x1
  0x0628  b 0xcc0                                              | b 0xcc0
  0x062c  cmpwi r24, 0x8b                                      | cmpwi r24, 0x8b
  0x0630  bne 0x754                                            | bne 0x754
  0x0634  lwz r0, lbl_8064D18C@sda21 [None+0 t109]             | lwz r0, lbl_8064D18C@sda21 [None+0 t109]
  0x0638  cmpw r25, r0                                         | cmpw r25, r0
  0x063c  beq 0x65c                                            | beq 0x65c
  0x0640  lfs f1, lbl_8064E640@sda21 [None+0 t109]             | lfs f1, lbl_8064E640@sda21 [None+0 t109]
  0x0644  mr r4, r29                                           | mr r4, r29
  0x0648  mr r5, r29                                           | mr r5, r29
  0x064c  li r3, 0x8b                                          | li r3, 0x8b
  0x0650  li r6, 0x0                                           | li r6, 0x0
  0x0654  bl fn_8020104C [None+0 t10]                          | bl fn_8020104C [None+0 t10]
  0x0658  b 0x74c                                              | b 0x74c
  0x065c  lwz r4, lbl_8064E66C@sda21 [None+0 t109]             | lwz r4, lbl_8064E66C@sda21 [None+0 t109]
  0x0660  mr r3, r30                                           | mr r3, r30
  0x0664  lwz r9, lbl_8064E668@sda21 [None+0 t109]             | lwz r9, lbl_8064E668@sda21 [None+0 t109]
  0x0668  addi r5, r1, 0x3c                                    | addi r5, r1, 0x3c
  0x066c  lwz r0, lbl_8064E664@sda21 [None+0 t109]             | lwz r0, lbl_8064E664@sda21 [None+0 t109]
  0x0670  addi r6, r1, 0x38                                    | addi r6, r1, 0x38
  0x0674  stw r4, 0x34(r1)                                     | stw r4, 0x34(r1)
  0x0678  addi r7, r1, 0x34                                    | addi r7, r1, 0x34
  0x067c  li r4, 0xf                                           | li r4, 0xf
  0x0680  li r8, 0x6                                           | li r8, 0x6
  0x0684  stw r9, 0x38(r1)                                     | stw r9, 0x38(r1)
  0x0688  stw r0, 0x3c(r1)                                     | stw r0, 0x3c(r1)
  0x068c  bl fn_8012C62C [None+0 t10]                          | bl fn_8012C62C [None+0 t10]
  0x0690  mr r3, r30                                           | mr r3, r30
  0x0694  li r4, 0xf                                           | li r4, 0xf
  0x0698  li r5, 0x0                                           | li r5, 0x0
  0x069c  li r6, 0x1                                           | li r6, 0x1
  0x06a0  li r7, 0x1e                                          | li r7, 0x1e
  0x06a4  li r8, 0x8                                           | li r8, 0x8
  0x06a8  bl fn_8012F58C [None+0 t10]                          | bl fn_8012F58C [None+0 t10]
  0x06ac  mr r3, r29                                           | mr r3, r29
  0x06b0  li r4, 0x0                                           | li r4, 0x0
  0x06b4  bl fn_80158598 [None+0 t10]                          | bl fn_80158598 [None+0 t10]
* 0x06b8  mr. r23, r3                                          | mr. r24, r3
  0x06bc  beq 0x74c                                            | beq 0x74c
  0x06c0  bl fn_80157E1C [None+0 t10]                          | bl fn_80157E1C [None+0 t10]
  0x06c4  mr r26, r3                                           | mr r26, r3
* 0x06c8  li r24, 0x0                                          | li r27, 0x0
  0x06cc  b 0x744                                              | b 0x744
* 0x06d0  mr r3, r23                                           | mr r3, r24
* 0x06d4  mr r4, r24                                           | mr r4, r27
  0x06d8  bl fn_80157E24 [None+0 t10]                          | bl fn_80157E24 [None+0 t10]
  0x06dc  bl fn_80201814 [None+0 t10]                          | bl fn_80201814 [None+0 t10]
  0x06e0  cmplwi r3, 0x0                                       | cmplwi r3, 0x0
  0x06e4  beq 0x740                                            | beq 0x740
  0x06e8  bl fn_80201BC8 [None+0 t10]                          | bl fn_80201BC8 [None+0 t10]
  0x06ec  mr. r25, r3                                          | mr. r25, r3
  0x06f0  beq 0x740                                            | beq 0x740
  0x06f4  lwz r4, lbl_8064E678@sda21 [None+0 t109]             | lwz r4, lbl_8064E678@sda21 [None+0 t109]
  0x06f8  addi r5, r1, 0x30                                    | addi r5, r1, 0x30
  0x06fc  lwz r9, lbl_8064E674@sda21 [None+0 t109]             | lwz r9, lbl_8064E674@sda21 [None+0 t109]
  0x0700  addi r6, r1, 0x2c                                    | addi r6, r1, 0x2c
  0x0704  lwz r0, lbl_8064E670@sda21 [None+0 t109]             | lwz r0, lbl_8064E670@sda21 [None+0 t109]
  0x0708  addi r7, r1, 0x28                                    | addi r7, r1, 0x28
  0x070c  stw r4, 0x28(r1)                                     | stw r4, 0x28(r1)
  0x0710  li r4, 0xf                                           | li r4, 0xf
  0x0714  li r8, 0x6                                           | li r8, 0x6
  0x0718  stw r9, 0x2c(r1)                                     | stw r9, 0x2c(r1)
  0x071c  stw r0, 0x30(r1)                                     | stw r0, 0x30(r1)
  0x0720  bl fn_8012C62C [None+0 t10]                          | bl fn_8012C62C [None+0 t10]
  0x0724  mr r3, r25                                           | mr r3, r25
  0x0728  li r4, 0xf                                           | li r4, 0xf
  0x072c  li r5, 0x0                                           | li r5, 0x0
  0x0730  li r6, 0x1                                           | li r6, 0x1
  0x0734  li r7, 0x1e                                          | li r7, 0x1e
  0x0738  li r8, 0x8                                           | li r8, 0x8
  0x073c  bl fn_8012F58C [None+0 t10]                          | bl fn_8012F58C [None+0 t10]
* 0x0740  addi r24, r24, 0x1                                   | addi r27, r27, 0x1
* 0x0744  cmpw r24, r26                                        | cmpw r27, r26
  0x0748  blt 0x6d0                                            | blt 0x6d0
  0x074c  li r3, 0x1                                           | li r3, 0x1
  0x0750  b 0xcc0                                              | b 0xcc0
  0x0754  cmpwi r24, 0x8c                                      | cmpwi r24, 0x8c
  0x0758  bne 0xcbc                                            | bne 0xcbc
  0x075c  lwz r0, lbl_8064D18C@sda21 [None+0 t109]             | lwz r0, lbl_8064D18C@sda21 [None+0 t109]
  0x0760  cmpw r25, r0                                         | cmpw r25, r0
  0x0764  beq 0x784                                            | beq 0x784
  0x0768  lfs f1, lbl_8064E640@sda21 [None+0 t109]             | lfs f1, lbl_8064E640@sda21 [None+0 t109]
  0x076c  mr r4, r29                                           | mr r4, r29
  0x0770  mr r5, r29                                           | mr r5, r29
  0x0774  li r3, 0x8c                                          | li r3, 0x8c
  0x0778  li r6, 0x0                                           | li r6, 0x0
  0x077c  bl fn_8020104C [None+0 t10]                          | bl fn_8020104C [None+0 t10]
  0x0780  b 0x870                                              | b 0x870
  0x0784  lis r3, lbl_80243E38@ha [None+0 t6]                  | lis r3, lbl_80243E38@ha [None+0 t6]
  0x0788  addi r3, r3, lbl_80243E38@l [None+0 t4]              | addi r3, r3, lbl_80243E38@l [None+0 t4]
  0x078c  bl fn_801E741C [None+0 t10]                          | bl fn_801E741C [None+0 t10]
  0x0790  lwz r5, lbl_8064E684@sda21 [None+0 t109]             | lwz r5, lbl_8064E684@sda21 [None+0 t109]
* 0x0794  mr r23, r3                                           | mr r24, r3
  0x0798  lwz r4, lbl_8064E680@sda21 [None+0 t109]             | lwz r4, lbl_8064E680@sda21 [None+0 t109]
  0x079c  mr r3, r30                                           | mr r3, r30
  0x07a0  lwz r0, lbl_8064E67C@sda21 [None+0 t109]             | lwz r0, lbl_8064E67C@sda21 [None+0 t109]
  0x07a4  addi r6, r1, 0x20                                    | addi r6, r1, 0x20
  0x07a8  stw r5, 0x1c(r1)                                     | stw r5, 0x1c(r1)
  0x07ac  addi r5, r1, 0x24                                    | addi r5, r1, 0x24
  0x07b0  addi r7, r1, 0x1c                                    | addi r7, r1, 0x1c
  0x07b4  li r8, 0x6                                           | li r8, 0x6
  0x07b8  stw r4, 0x20(r1)                                     | stw r4, 0x20(r1)
  0x07bc  li r4, 0xf                                           | li r4, 0xf
  0x07c0  stw r0, 0x24(r1)                                     | stw r0, 0x24(r1)
  0x07c4  bl fn_8012C62C [None+0 t10]                          | bl fn_8012C62C [None+0 t10]
* 0x07c8  mr r3, r23                                           | mr r3, r24
  0x07cc  li r4, 0x0                                           | li r4, 0x0
  0x07d0  li r5, 0x2                                           | li r5, 0x2
  0x07d4  bl fn_801F6228 [None+0 t10]                          | bl fn_801F6228 [None+0 t10]
  0x07d8  clrlwi. r0, r3, 16                                   | clrlwi. r0, r3, 16
  0x07dc  beq 0x7ec                                            | beq 0x7ec
* 0x07e0  mr r3, r23                                           | mr r3, r24
  0x07e4  li r4, 0x0                                           | li r4, 0x0
  0x07e8  bl fn_801F63E4 [None+0 t10]                          | bl fn_801F63E4 [None+0 t10]
  0x07ec  mr r3, r29                                           | mr r3, r29
  0x07f0  li r4, 0x0                                           | li r4, 0x0
  0x07f4  bl fn_80158598 [None+0 t10]                          | bl fn_80158598 [None+0 t10]
* 0x07f8  mr. r23, r3                                          | mr. r24, r3
  0x07fc  beq 0x870                                            | beq 0x870
  0x0800  bl fn_80157E1C [None+0 t10]                          | bl fn_80157E1C [None+0 t10]
  0x0804  mr r26, r3                                           | mr r26, r3
* 0x0808  li r24, 0x0                                          | li r25, 0x0
  0x080c  b 0x868                                              | b 0x868
* 0x0810  mr r3, r23                                           | mr r3, r24
* 0x0814  mr r4, r24                                           | mr r4, r25
  0x0818  bl fn_80157E24 [None+0 t10]                          | bl fn_80157E24 [None+0 t10]
  0x081c  bl fn_80201814 [None+0 t10]                          | bl fn_80201814 [None+0 t10]
  0x0820  cmplwi r3, 0x0                                       | cmplwi r3, 0x0
  0x0824  beq 0x864                                            | beq 0x864
  0x0828  bl fn_80201BC8 [None+0 t10]                          | bl fn_80201BC8 [None+0 t10]
  0x082c  cmplwi r3, 0x0                                       | cmplwi r3, 0x0
  0x0830  beq 0x864                                            | beq 0x864
  0x0834  lwz r4, lbl_8064E690@sda21 [None+0 t109]             | lwz r4, lbl_8064E690@sda21 [None+0 t109]
  0x0838  addi r5, r1, 0x18                                    | addi r5, r1, 0x18
  0x083c  lwz r9, lbl_8064E68C@sda21 [None+0 t109]             | lwz r9, lbl_8064E68C@sda21 [None+0 t109]
  0x0840  addi r6, r1, 0x14                                    | addi r6, r1, 0x14
  0x0844  lwz r0, lbl_8064E688@sda21 [None+0 t109]             | lwz r0, lbl_8064E688@sda21 [None+0 t109]
  0x0848  addi r7, r1, 0x10                                    | addi r7, r1, 0x10
  0x084c  stw r4, 0x10(r1)                                     | stw r4, 0x10(r1)
  0x0850  li r4, 0xf                                           | li r4, 0xf
  0x0854  li r8, 0x6                                           | li r8, 0x6
  0x0858  stw r9, 0x14(r1)                                     | stw r9, 0x14(r1)
  0x085c  stw r0, 0x18(r1)                                     | stw r0, 0x18(r1)
  0x0860  bl fn_8012C62C [None+0 t10]                          | bl fn_8012C62C [None+0 t10]
* 0x0864  addi r24, r24, 0x1                                   | addi r25, r25, 0x1
* 0x0868  cmpw r24, r26                                        | cmpw r25, r26
  0x086c  blt 0x810                                            | blt 0x810
  0x0870  li r3, 0x1                                           | li r3, 0x1
  0x0874  b 0xcc0                                              | b 0xcc0
  0x0878  cmpwi r22, 0x1a                                      | cmpwi r22, 0x1a
  0x087c  bne 0x984                                            | bne 0x984
  0x0880  cmpwi r24, 0x3                                       | cmpwi r24, 0x3
  0x0884  bne 0x8bc                                            | bne 0x8bc
  0x0888  bl fn_8015C910 [None+0 t10]                          | bl fn_8015C910 [None+0 t10]
  0x088c  cmplwi r3, 0x0                                       | cmplwi r3, 0x0
  0x0890  beq 0x8b4                                            | beq 0x8b4
  0x0894  bl fn_80201B44 [None+0 t10]                          | bl fn_80201B44 [None+0 t10]
  0x0898  cmpw r29, r3                                         | cmpw r29, r3
  0x089c  bne 0x8b4                                            | bne 0x8b4
  0x08a0  mr r4, r29                                           | mr r4, r29
  0x08a4  mr r5, r29                                           | mr r5, r29
  0x08a8  li r3, 0x66                                          | li r3, 0x66
  0x08ac  li r6, 0x0                                           | li r6, 0x0
  0x08b0  bl fn_8020123C [None+0 t10]                          | bl fn_8020123C [None+0 t10]
  0x08b4  li r3, 0x1                                           | li r3, 0x1
  0x08b8  b 0xcc0                                              | b 0xcc0
  0x08bc  cmpwi r24, 0x23                                      | cmpwi r24, 0x23
  0x08c0  bne 0x95c                                            | bne 0x95c
  0x08c4  mr r3, r27                                           | mr r3, r27
  0x08c8  bl fn_80200C20 [None+0 t10]                          | bl fn_80200C20 [None+0 t10]
  0x08cc  bl fn_80201814 [None+0 t10]                          | bl fn_80201814 [None+0 t10]
  0x08d0  lwz r3, 0x14(r31)                                    | lwz r3, 0x14(r31)
  0x08d4  bl fn_80201814 [None+0 t10]                          | bl fn_80201814 [None+0 t10]
  0x08d8  mr r4, r3                                            | mr r4, r3
  0x08dc  mr r3, r26                                           | mr r3, r26
  0x08e0  bl fn_80204508 [None+0 t10]                          | bl fn_80204508 [None+0 t10]
  0x08e4  mr r3, r30                                           | mr r3, r30
  0x08e8  li r4, 0x25                                          | li r4, 0x25
  0x08ec  li r5, 0x25                                          | li r5, 0x25
  0x08f0  li r6, 0x6                                           | li r6, 0x6
  0x08f4  bl fn_801294DC [None+0 t10]                          | bl fn_801294DC [None+0 t10]
  0x08f8  cmplwi r3, 0x0                                       | cmplwi r3, 0x0
  0x08fc  beq 0x91c                                            | beq 0x91c
  0x0900  mr r3, r26                                           | mr r3, r26
  0x0904  li r4, 0x1c                                          | li r4, 0x1c
  0x0908  bl fn_80201D2C [None+0 t10]                          | bl fn_80201D2C [None+0 t10]
  0x090c  mr r3, r26                                           | mr r3, r26
  0x0910  li r4, 0x1                                           | li r4, 0x1
  0x0914  bl fn_80201D14 [None+0 t10]                          | bl fn_80201D14 [None+0 t10]
  0x0918  b 0x954                                              | b 0x954
  0x091c  lwz r5, 0x14(r31)                                    | lwz r5, 0x14(r31)
  0x0920  mr r4, r29                                           | mr r4, r29
  0x0924  li r3, 0x26                                          | li r3, 0x26
  0x0928  li r6, 0x0                                           | li r6, 0x0
  0x092c  bl fn_8020123C [None+0 t10]                          | bl fn_8020123C [None+0 t10]
  0x0930  lwz r4, 0x18(r31)                                    | lwz r4, 0x18(r31)
  0x0934  mr r3, r26                                           | mr r3, r26
  0x0938  bl fn_80201D34 [None+0 t10]                          | bl fn_80201D34 [None+0 t10]
  0x093c  mr r3, r26                                           | mr r3, r26
  0x0940  li r4, 0x1                                           | li r4, 0x1
  0x0944  bl fn_80201D1C [None+0 t10]                          | bl fn_80201D1C [None+0 t10]
  0x0948  li r0, 0x0                                           | li r0, 0x0
  0x094c  stw r0, 0x14(r31)                                    | stw r0, 0x14(r31)
  0x0950  stw r0, 0x18(r31)                                    | stw r0, 0x18(r31)
  0x0954  li r3, 0x1                                           | li r3, 0x1
  0x0958  b 0xcc0                                              | b 0xcc0
  0x095c  cmpwi r24, 0x2                                       | cmpwi r24, 0x2
  0x0960  bne 0xcbc                                            | bne 0xcbc
  0x0964  mr r3, r26                                           | mr r3, r26
  0x0968  bl fn_80036E14 [None+0 t10]                          | bl fn_80036E14 [None+0 t10]
  0x096c  cmpwi r3, 0x1                                        | cmpwi r3, 0x1
  0x0970  bne 0x97c                                            | bne 0x97c
  0x0974  li r3, 0x0                                           | li r3, 0x0
  0x0978  bl fn_8011E800 [None+0 t10]                          | bl fn_8011E800 [None+0 t10]
  0x097c  li r3, 0x1                                           | li r3, 0x1
  0x0980  b 0xcc0                                              | b 0xcc0
  0x0984  cmpwi r22, 0x1c                                      | cmpwi r22, 0x1c
  0x0988  bne 0xbf8                                            | bne 0xbf8
  0x098c  cmpwi r24, 0x1                                       | cmpwi r24, 0x1
  0x0990  bne 0x9a4                                            | bne 0x9a4
  0x0994  li r0, 0x0                                           | li r0, 0x0
  0x0998  li r3, 0x1                                           | li r3, 0x1
  0x099c  stb r0, 0x165(r31)                                   | stb r0, 0x165(r31)
  0x09a0  b 0xcc0                                              | b 0xcc0
  0x09a4  cmpwi r24, 0xe                                       | cmpwi r24, 0xe
  0x09a8  bne 0x9c0                                            | bne 0x9c0
  0x09ac  mr r3, r26                                           | mr r3, r26
  0x09b0  mr r4, r27                                           | mr r4, r27
  0x09b4  bl fn_80068994 [None+0 t10]                          | bl fn_80068994 [None+0 t10]
  0x09b8  li r3, 0x1                                           | li r3, 0x1
  0x09bc  b 0xcc0                                              | b 0xcc0
  0x09c0  cmpwi r24, 0x27                                      | cmpwi r24, 0x27
  0x09c4  bne 0x9ec                                            | bne 0x9ec
  0x09c8  mr r3, r26                                           | mr r3, r26
  0x09cc  mr r4, r30                                           | mr r4, r30
  0x09d0  mr r5, r27                                           | mr r5, r27
  0x09d4  mr r6, r29                                           | mr r6, r29
  0x09d8  mr r7, r31                                           | mr r7, r31
  0x09dc  mr r8, r28                                           | mr r8, r28
  0x09e0  bl fn_80063124 [None+0 t10]                          | bl fn_80063124 [None+0 t10]
  0x09e4  li r3, 0x1                                           | li r3, 0x1
  0x09e8  b 0xcc0                                              | b 0xcc0
  0x09ec  cmpwi r24, 0x25                                      | cmpwi r24, 0x25
  0x09f0  bne 0xae4                                            | bne 0xae4
  0x09f4  lwz r3, 0x14(r31)                                    | lwz r3, 0x14(r31)
  0x09f8  bl fn_80201814 [None+0 t10]                          | bl fn_80201814 [None+0 t10]
  0x09fc  mr r4, r3                                            | mr r4, r3
  0x0a00  mr r3, r26                                           | mr r3, r26
  0x0a04  bl fn_80204508 [None+0 t10]                          | bl fn_80204508 [None+0 t10]
  0x0a08  mr r3, r30                                           | mr r3, r30
  0x0a0c  li r4, 0x27                                          | li r4, 0x27
  0x0a10  bl fn_8012A1FC [None+0 t10]                          | bl fn_8012A1FC [None+0 t10]
  0x0a14  addi r25, r3, 0x1e                                   | addi r25, r3, 0x1e
  0x0a18  mr r3, r30                                           | mr r3, r30
  0x0a1c  li r4, 0x27                                          | li r4, 0x27
  0x0a20  li r5, 0x24                                          | li r5, 0x24
  0x0a24  li r6, 0x8                                           | li r6, 0x8
  0x0a28  bl fn_801294DC [None+0 t10]                          | bl fn_801294DC [None+0 t10]
* 0x0a2c  mr. r23, r3                                          | mr. r27, r3
  0x0a30  beq 0xaa4                                            | beq 0xaa4
  0x0a34  lis r4, fn_80204810@ha [None+0 t6]                   | lis r4, fn_80204810@ha [None+0 t6]
  0x0a38  slwi r24, r29, 8                                     | slwi r24, r29, 8
  0x0a3c  addi r4, r4, fn_80204810@l [None+0 t4]               | addi r4, r4, fn_80204810@l [None+0 t4]
  0x0a40  ori r5, r24, 0x6                                     | ori r5, r24, 0x6
  0x0a44  bl fn_80128C28 [None+0 t10]                          | bl fn_80128C28 [None+0 t10]
  0x0a48  lis r4, fn_80204810@ha [None+0 t6]                   | lis r4, fn_80204810@ha [None+0 t6]
* 0x0a4c  mr r3, r23                                           | mr r3, r27
  0x0a50  addi r4, r4, fn_80204810@l [None+0 t4]               | addi r4, r4, fn_80204810@l [None+0 t4]
  0x0a54  ori r5, r24, 0x7                                     | ori r5, r24, 0x7
  0x0a58  bl fn_80128C44 [None+0 t10]                          | bl fn_80128C44 [None+0 t10]
  0x0a5c  lis r4, fn_80063030@ha [None+0 t6]                   | lis r4, fn_80063030@ha [None+0 t6]
* 0x0a60  mr r3, r23                                           | mr r3, r27
  0x0a64  addi r4, r4, fn_80063030@l [None+0 t4]               | addi r4, r4, fn_80063030@l [None+0 t4]
  0x0a68  mr r5, r29                                           | mr r5, r29
  0x0a6c  mr r6, r25                                           | mr r6, r25
  0x0a70  bl fn_801287C4 [None+0 t10]                          | bl fn_801287C4 [None+0 t10]
  0x0a74  lwz r5, 0x14(r31)                                    | lwz r5, 0x14(r31)
  0x0a78  mr r4, r29                                           | mr r4, r29
  0x0a7c  li r3, 0x25                                          | li r3, 0x25
  0x0a80  li r6, 0x0                                           | li r6, 0x0
  0x0a84  bl fn_8020123C [None+0 t10]                          | bl fn_8020123C [None+0 t10]
  0x0a88  mr r3, r26                                           | mr r3, r26
  0x0a8c  li r4, 0x7b                                          | li r4, 0x7b
  0x0a90  bl fn_80201D2C [None+0 t10]                          | bl fn_80201D2C [None+0 t10]
  0x0a94  mr r3, r26                                           | mr r3, r26
  0x0a98  li r4, 0x1                                           | li r4, 0x1
  0x0a9c  bl fn_80201D14 [None+0 t10]                          | bl fn_80201D14 [None+0 t10]
  0x0aa0  b 0xadc                                              | b 0xadc
  0x0aa4  lwz r5, 0x14(r31)                                    | lwz r5, 0x14(r31)
  0x0aa8  mr r4, r29                                           | mr r4, r29
  0x0aac  li r3, 0x26                                          | li r3, 0x26
  0x0ab0  li r6, 0x0                                           | li r6, 0x0
  0x0ab4  bl fn_8020123C [None+0 t10]                          | bl fn_8020123C [None+0 t10]
  0x0ab8  lwz r4, 0x18(r31)                                    | lwz r4, 0x18(r31)
  0x0abc  mr r3, r26                                           | mr r3, r26
  0x0ac0  bl fn_80201D34 [None+0 t10]                          | bl fn_80201D34 [None+0 t10]
  0x0ac4  mr r3, r26                                           | mr r3, r26
  0x0ac8  li r4, 0x1                                           | li r4, 0x1
  0x0acc  bl fn_80201D1C [None+0 t10]                          | bl fn_80201D1C [None+0 t10]
  0x0ad0  li r0, 0x0                                           | li r0, 0x0
  0x0ad4  stw r0, 0x14(r31)                                    | stw r0, 0x14(r31)
  0x0ad8  stw r0, 0x18(r31)                                    | stw r0, 0x18(r31)
  0x0adc  li r3, 0x1                                           | li r3, 0x1
  0x0ae0  b 0xcc0                                              | b 0xcc0
  0x0ae4  cmpwi r24, 0x2c                                      | cmpwi r24, 0x2c
  0x0ae8  bne 0xb68                                            | bne 0xb68
  0x0aec  lis r3, 0x4                                          | lis r3, 0x4
  0x0af0  li r4, 0x0                                           | li r4, 0x0
  0x0af4  bl fn_8006D3E4 [None+0 t10]                          | bl fn_8006D3E4 [None+0 t10]
  0x0af8  cmpwi r3, 0x0                                        | cmpwi r3, 0x0
  0x0afc  bne 0xb60                                            | bne 0xb60
  0x0b00  mr r3, r27                                           | mr r3, r27
  0x0b04  bl fn_80200C38 [None+0 t10]                          | bl fn_80200C38 [None+0 t10]
  0x0b08  cmplwi r3, 0x0                                       | cmplwi r3, 0x0
  0x0b0c  beq 0xb2c                                            | beq 0xb2c
  0x0b10  lbz r5, 0x165(r31)                                   | lbz r5, 0x165(r31)
  0x0b14  mr r4, r23                                           | mr r4, r23
  0x0b18  bl fn_80063D60 [None+0 t10]                          | bl fn_80063D60 [None+0 t10]
  0x0b1c  lbz r0, 0x165(r31)                                   | lbz r0, 0x165(r31)
  0x0b20  add r0, r0, r3                                       | add r0, r0, r3
  0x0b24  stb r0, 0x165(r31)                                   | stb r0, 0x165(r31)
  0x0b28  b 0xb38                                              | b 0xb38
  0x0b2c  lbz r3, 0x165(r31)                                   | lbz r3, 0x165(r31)
  0x0b30  addi r0, r3, 0x1                                     | addi r0, r3, 0x1
  0x0b34  stb r0, 0x165(r31)                                   | stb r0, 0x165(r31)
  0x0b38  lbz r0, 0x165(r31)                                   | lbz r0, 0x165(r31)
  0x0b3c  cmplwi r0, 0x8                                       | cmplwi r0, 0x8
  0x0b40  blt 0xb60                                            | blt 0xb60
  0x0b44  li r0, 0x0                                           | li r0, 0x0
  0x0b48  mr r4, r29                                           | mr r4, r29
  0x0b4c  stb r0, 0x165(r31)                                   | stb r0, 0x165(r31)
  0x0b50  mr r5, r29                                           | mr r5, r29
  0x0b54  li r3, 0x25                                          | li r3, 0x25
  0x0b58  li r6, 0x0                                           | li r6, 0x0
  0x0b5c  bl fn_8020123C [None+0 t10]                          | bl fn_8020123C [None+0 t10]
  0x0b60  li r3, 0x1                                           | li r3, 0x1
  0x0b64  b 0xcc0                                              | b 0xcc0
  0x0b68  cmpwi r24, 0x3                                       | cmpwi r24, 0x3
  0x0b6c  bne 0xcbc                                            | bne 0xcbc
  0x0b70  mr r3, r26                                           | mr r3, r26
  0x0b74  bl fn_80036E14 [None+0 t10]                          | bl fn_80036E14 [None+0 t10]
  0x0b78  cmpwi r3, 0x1                                        | cmpwi r3, 0x1
  0x0b7c  bne 0xba4                                            | bne 0xba4
  0x0b80  li r3, 0x6                                           | li r3, 0x6
  0x0b84  li r4, 0x14                                          | li r4, 0x14
  0x0b88  li r5, 0x0                                           | li r5, 0x0
  0x0b8c  li r6, 0x0                                           | li r6, 0x0
  0x0b90  li r7, 0x32                                          | li r7, 0x32
  0x0b94  li r8, 0x1                                           | li r8, 0x1
  0x0b98  li r9, 0x0                                           | li r9, 0x0
  0x0b9c  bl fn_8011E310 [None+0 t10]                          | bl fn_8011E310 [None+0 t10]
  0x0ba0  b 0xbc4                                              | b 0xbc4
  0x0ba4  lwz r0, lbl_8064D5A8@sda21 [None+0 t109]             | lwz r0, lbl_8064D5A8@sda21 [None+0 t109]
  0x0ba8  clrlwi. r0, r0, 29                                   | clrlwi. r0, r0, 29
  0x0bac  bne 0xbc4                                            | bne 0xbc4
  0x0bb0  mr r4, r29                                           | mr r4, r29
  0x0bb4  mr r5, r29                                           | mr r5, r29
  0x0bb8  li r3, 0x2c                                          | li r3, 0x2c
  0x0bbc  li r6, 0x0                                           | li r6, 0x0
  0x0bc0  bl fn_8020123C [None+0 t10]                          | bl fn_8020123C [None+0 t10]
  0x0bc4  bl fn_8015C910 [None+0 t10]                          | bl fn_8015C910 [None+0 t10]
  0x0bc8  cmplwi r3, 0x0                                       | cmplwi r3, 0x0
  0x0bcc  beq 0xbf0                                            | beq 0xbf0
  0x0bd0  bl fn_80201B44 [None+0 t10]                          | bl fn_80201B44 [None+0 t10]
  0x0bd4  cmpw r29, r3                                         | cmpw r29, r3
  0x0bd8  bne 0xbf0                                            | bne 0xbf0
  0x0bdc  mr r4, r29                                           | mr r4, r29
  0x0be0  mr r5, r29                                           | mr r5, r29
  0x0be4  li r3, 0x66                                          | li r3, 0x66
  0x0be8  li r6, 0x0                                           | li r6, 0x0
  0x0bec  bl fn_8020123C [None+0 t10]                          | bl fn_8020123C [None+0 t10]
  0x0bf0  li r3, 0x1                                           | li r3, 0x1
  0x0bf4  b 0xcc0                                              | b 0xcc0
  0x0bf8  cmpwi r22, 0x7b                                      | cmpwi r22, 0x7b
  0x0bfc  bne 0xcb4                                            | bne 0xcb4
  0x0c00  cmpwi r24, 0x6                                       | cmpwi r24, 0x6
  0x0c04  bne 0xc48                                            | bne 0xc48
  0x0c08  lfs f1, lbl_8064E63C@sda21 [None+0 t109]             | lfs f1, lbl_8064E63C@sda21 [None+0 t109]
  0x0c0c  mr r3, r30                                           | mr r3, r30
  0x0c10  bl fn_8011F778 [None+0 t10]                          | bl fn_8011F778 [None+0 t10]
  0x0c14  mr r3, r30                                           | mr r3, r30
  0x0c18  bl fn_80048708 [None+0 t10]                          | bl fn_80048708 [None+0 t10]
  0x0c1c  lwz r4, 0x18(r31)                                    | lwz r4, 0x18(r31)
  0x0c20  mr r3, r26                                           | mr r3, r26
  0x0c24  bl fn_80201D34 [None+0 t10]                          | bl fn_80201D34 [None+0 t10]
  0x0c28  mr r3, r26                                           | mr r3, r26
  0x0c2c  li r4, 0x1                                           | li r4, 0x1
  0x0c30  bl fn_80201D1C [None+0 t10]                          | bl fn_80201D1C [None+0 t10]
  0x0c34  li r0, 0x0                                           | li r0, 0x0
  0x0c38  li r3, 0x1                                           | li r3, 0x1
  0x0c3c  stw r0, 0x14(r31)                                    | stw r0, 0x14(r31)
  0x0c40  stw r0, 0x18(r31)                                    | stw r0, 0x18(r31)
  0x0c44  b 0xcc0                                              | b 0xcc0
  0x0c48  cmpwi r24, 0x7                                       | cmpwi r24, 0x7
  0x0c4c  bne 0xc6c                                            | bne 0xc6c
  0x0c50  mr r4, r29                                           | mr r4, r29
  0x0c54  mr r5, r29                                           | mr r5, r29
  0x0c58  li r3, 0x6                                           | li r3, 0x6
  0x0c5c  li r6, 0x0                                           | li r6, 0x0
  0x0c60  bl fn_8020123C [None+0 t10]                          | bl fn_8020123C [None+0 t10]
  0x0c64  li r3, 0x1                                           | li r3, 0x1
  0x0c68  b 0xcc0                                              | b 0xcc0
  0x0c6c  cmpwi r24, 0xe                                       | cmpwi r24, 0xe
  0x0c70  bne 0xc88                                            | bne 0xc88
  0x0c74  mr r3, r26                                           | mr r3, r26
  0x0c78  mr r4, r27                                           | mr r4, r27
  0x0c7c  bl fn_80068994 [None+0 t10]                          | bl fn_80068994 [None+0 t10]
  0x0c80  li r3, 0x1                                           | li r3, 0x1
  0x0c84  b 0xcc0                                              | b 0xcc0
  0x0c88  cmpwi r24, 0x27                                      | cmpwi r24, 0x27
  0x0c8c  bne 0xcbc                                            | bne 0xcbc
  0x0c90  mr r3, r26                                           | mr r3, r26
  0x0c94  mr r4, r30                                           | mr r4, r30
  0x0c98  mr r5, r27                                           | mr r5, r27
  0x0c9c  mr r6, r29                                           | mr r6, r29
  0x0ca0  mr r7, r31                                           | mr r7, r31
  0x0ca4  mr r8, r28                                           | mr r8, r28
  0x0ca8  bl fn_80063124 [None+0 t10]                          | bl fn_80063124 [None+0 t10]
  0x0cac  li r3, 0x1                                           | li r3, 0x1
  0x0cb0  b 0xcc0                                              | b 0xcc0
  0x0cb4  li r3, 0x0                                           | li r3, 0x0
  0x0cb8  b 0xcc0                                              | b 0xcc0
  0x0cbc  li r3, 0x0                                           | li r3, 0x0
  0x0cc0  lmw r22, 0x68(r1)                                    | lmw r22, 0x68(r1)
  0x0cc4  lwz r0, 0x94(r1)                                     | lwz r0, 0x94(r1)
  0x0cc8  mtlr r0                                              | mtlr r0
  0x0ccc  addi r1, r1, 0x90                                    | addi r1, r1, 0x90
  0x0cd0  blr                                                  | blr
