
Hex dump of section '.text':
 NOTE: This section has relocations against it, but these have NOT been applied to this dump.
  0x00000000 9421ffc0 7c0802a6 39050028 38e50042 .!..|...9..(8..B
  0x00000010 90010044 38c5005c bf210024 7c7a1b78 ...D8..\.!.$|z.x
  0x00000020 7c9b2378 91010008 90e1000c 90c10010 |.#x............
  0x00000030 8145007c 8925000b 554005ef 8ba50003 .E.|.%..U@......
  0x00000040 3809fffc 5419063e 4182008c a8bb0000 8...T..>A.......
  0x00000050 7f3ccb78 a8da0000 7d034378 7f24cb78 .<.x....}.Cx.$.x
  0x00000060 7fa7eb78 5739fe7e 48000001 8061000c ...xW9.~H....a..
  0x00000070 7f84e378 a8bb0002 7fa7eb78 a8da0002 ...x.......x....
  0x00000080 48000001 a81b0004 7f24cb78 80610010 H........$.x.a..
  0x00000090 7fa7eb78 541e083c a8da0004 7fc5f378 ...xT..<.......x
  0x000000a0 48000001 a87b0004 7c99e050 7c19f1d6 H....{..|..P|...
  0x000000b0 a8da0004 81210010 5728083c 7fa7eb78 .....!..W(.<...x
  0x000000c0 7ca323d6 7c694214 7cc60214 48000001 |.#.|iB.|...H...
  0x000000d0 48000130 5540056b 418200ec a81b0000 H..0U@.kA.......
  0x000000e0 573cfe7e a8da0000 7d034378 541e083c W<.~....}.CxT..<
  0x000000f0 7f84e378 7fc5f378 7fa7eb78 48000001 ...x...x...xH...
  0x00000100 a87b0000 7ffcc850 7c1cf1d6 a8da0000 .{.....P|.......
  0x00000110 81010008 579e083c 7fe4fb78 7fa7eb78 ....W..<...x...x
  0x00000120 7ca3fbd6 7c68f214 7cc60214 48000001 |...|h..|...H...
  0x00000130 a81b0002 7f84e378 8061000c 7fa7eb78 .......x.a.....x
  0x00000140 5419083c a8da0002 7f25cb78 48000001 T..<.....%.xH...
  0x00000150 a8bb0002 7c1cc9d6 8061000c 7fe4fb78 ....|....a.....x
  0x00000160 a8da0002 7fa7eb78 7c63f214 7ca5fbd6 .......x|c..|...
  0x00000170 7cc60214 48000001 a81b0004 7f84e378 |...H..........x
  0x00000180 80610010 7fa7eb78 5419083c a8da0004 .a.....xT..<....
  0x00000190 7f25cb78 48000001 a8bb0004 7c1cc9d6 .%.xH.......|...
  0x000001a0 80610010 7fe4fb78 a8da0004 7fa7eb78 .a.....x.......x
  0x000001b0 7c63f214 7ca5fbd6 7cc60214 48000001 |c..|...|...H...
  0x000001c0 48000040 7f3ecb78 3b810008 3b200000 H..@.>.x;...; ..
  0x000001d0 807c0000 7fc4f378 a8bb0000 7fa7eb78 .|.....x.......x
  0x000001e0 a8da0000 48000001 3b390001 3b7b0002 ....H...;9..;{..
  0x000001f0 2c190003 3b9c0004 3b5a0002 4180ffd4 ,...;...;Z..A...
  0x00000200 bb210024 80010044 7c0803a6 38210040 .!.$...D|...8!.@
  0x00000210 4e800020                            N.. 

