{
  "assignment_id": "46d0628c-89d2-4033-a04c-9089208f0437",
  "canonical_score": 99.51667,
  "strict_score": 99.51667,
  "text": {
    "retail_bytes": 1200,
    "generated_bytes": 1200,
    "exact_equal_bytes_at_same_offset": 1160,
    "different_instruction_offsets": [
      "0x1c",
      "0x7c",
      "0x9c",
      "0xb0",
      "0xd0",
      "0xf4",
      "0x100",
      "0x114",
      "0x118",
      "0x134",
      "0x138",
      "0x154",
      "0x168",
      "0x188",
      "0x304",
      "0x318",
      "0x328",
      "0x338",
      "0x348",
      "0x358",
      "0x368",
      "0x378",
      "0x3f0",
      "0x400",
      "0x410",
      "0x420",
      "0x424"
    ],
    "retail_sha256": "fb94e8e6885159837026ef17b03c45474595f050982954d5cfe7c515fef27a5a",
    "generated_sha256": "02ca389498c6a824537d242061c7223f8259a7a6d06f911607013d17e67e0707"
  },
  "dol_sha1": "ea24b6af954876ce072562ff39cdb4c81d32be1f",
  "nonmatching_note": "DOL verification passes using the retail split for this NonMatching function; it does not certify the C reconstruction as byte-matched."
}
Relocations equal: True counts: 38 38
