{
  "inputs": [
    "build/GEDE01/obj/game/game_fn_801599BC.o",
    "build/GEDE01/src/game/game_fn_801599BC.o"
  ],
  "text_sizes": [
    1044,
    1044
  ],
  "text_sha256": [
    "3f82d3fb0a13c40b83ff6c63b2ba326c43a087072536554cecc7470c94770a83",
    "e000729b2eb5a751480198db5c1c66f51253aa8a54edb4dff6852c30efad93bb"
  ],
  "instruction_words": 261,
  "differing_instruction_words": [
    {
      "offset": "0x358",
      "retail": "80000000",
      "generated": "80e00000"
    },
    {
      "offset": "0x37c",
      "retail": "38639a00",
      "generated": "38039a00"
    },
    {
      "offset": "0x388",
      "retail": "2c000004",
      "generated": "2c070004"
    },
    {
      "offset": "0x38c",
      "retail": "90660014",
      "generated": "90060014"
    },
    {
      "offset": "0x3a4",
      "retail": "9066002c",
      "generated": "9006002c"
    },
    {
      "offset": "0x3bc",
      "retail": "90660044",
      "generated": "90060044"
    },
    {
      "offset": "0x3cc",
      "retail": "9066005c",
      "generated": "9006005c"
    },
    {
      "offset": "0x3d0",
      "retail": "90000000",
      "generated": "90e00000"
    },
    {
      "offset": "0x3d8",
      "retail": "1c800018",
      "generated": "1c870018"
    }
  ],
  "elf_relocations_equal_including_targets_and_addends": true,
  "elf_relocation_counts": [
    36,
    36
  ],
  "objdiff_relocation_bearing_instruction_counts": {
    "left": 99,
    "right": 99
  }
}
