$ .tools/bin/ninja -j2
[1/879] MWCC build/GEDE01/src/game/game_fn_800094C0.o
[2/879] MWCC build/GEDE01/src/game/game_fn_80008014.o
[3/879] MWCC build/GEDE01/src/game/game_fn_800098C0.o
[4/879] MWCC build/GEDE01/src/game/game_fn_800096E0.o
[5/879] MWCC build/GEDE01/src/game/game_fn_800099D8.o
[6/879] MWCC build/GEDE01/src/game/game_fn_80009AB4.o
[7/879] MWCC build/GEDE01/src/game/game_fn_8000A26C.o
[8/879] MWCC build/GEDE01/src/game/game_fn_8000AC88.o
[9/879] MWCC build/GEDE01/src/game/game_fn_8000AEB4.o
[10/879] MWCC build/GEDE01/src/game/game_fn_8000AFB4.o
[11/879] MWCC build/GEDE01/src/game/game_fn_8000B1B8.o
[12/879] MWCC build/GEDE01/src/game/game_fn_8000B36C.o
[13/879] MWCC build/GEDE01/src/game/game_fn_8000B7FC.o
[14/879] MWCC build/GEDE01/src/game/game_fn_8000B630.o
[15/879] MWCC build/GEDE01/src/game/game_fn_8000B900.o
[16/879] MWCC build/GEDE01/src/game/game_fn_8000BA0C.o
[17/879] MWCC build/GEDE01/src/game/game_fn_8000BC40.o
[18/879] MWCC build/GEDE01/src/game/game_fn_8000BAA0.o
[19/879] MWCC build/GEDE01/src/game/game_fn_8000C17C.o
[20/879] MWCC build/GEDE01/src/game/game_fn_8000C06C.o
[21/879] MWCC build/GEDE01/src/game/game_fn_8000C400.o
[22/879] MWCC build/GEDE01/src/game/game_fn_8000C848.o
[23/879] MWCC build/GEDE01/src/game/game_fn_8000D0BC.o
[24/879] MWCC build/GEDE01/src/game/game_fn_8000C91C.o
[25/879] MWCC build/GEDE01/src/game/game_fn_8000D3D4.o
[26/879] MWCC build/GEDE01/src/game/game_fn_8000D590.o
[27/879] MWCC build/GEDE01/src/game/game_fn_8000D8A4.o
[28/879] MWCC build/GEDE01/src/game/game_fn_8000DA50.o
[29/879] MWCC build/GEDE01/src/game/game_fn_8000E054.o
[30/879] MWCC build/GEDE01/src/game/game_fn_8000DAF4.o
[31/879] MWCC build/GEDE01/src/game/game_fn_8000E138.o
[32/879] MWCC build/GEDE01/src/game/game_fn_8000E0AC.o
[33/879] MWCC build/GEDE01/src/game/game_fn_8000E1C4.o
[34/879] MWCC build/GEDE01/src/game/game_fn_8000E96C.o
[35/879] MWCC build/GEDE01/src/game/game_fn_8000EB14.o
[36/879] MWCC build/GEDE01/src/game/game_fn_8000EBD4.o
[37/879] MWCC build/GEDE01/src/game/game_fn_8000ED44.o
[38/879] MWCC build/GEDE01/src/game/game_fn_8000EFC4.o
[39/879] MWCC build/GEDE01/src/game/game_fn_8000F4B0.o
[40/879] MWCC build/GEDE01/src/game/game_fn_8000F774.o
[41/879] MWCC build/GEDE01/src/game/game_fn_8000FDE8.o
[42/879] MWCC build/GEDE01/src/game/game_fn_8000FFD8.o
[43/879] MWCC build/GEDE01/src/game/game_fn_800119FC.o
[44/879] MWCC build/GEDE01/src/game/game_fn_80012DA8.o
[45/879] MWCC build/GEDE01/src/game/game_fn_80012F40.o
[46/879] MWCC build/GEDE01/src/game/game_fn_80012FD0.o
[47/879] MWCC build/GEDE01/src/game/game_fn_800131E8.o
[48/879] MWCC build/GEDE01/src/game/game_fn_80013340.o
[49/879] MWCC build/GEDE01/src/game/game_fn_80013870.o
[50/879] MWCC build/GEDE01/src/game/game_fn_80013CB0.o
[51/879] MWCC build/GEDE01/src/game/game_fn_80013D54.o
[52/879] MWCC build/GEDE01/src/game/game_fn_800142DC.o
[53/879] MWCC build/GEDE01/src/game/game_fn_800144CC.o
[54/879] MWCC build/GEDE01/src/game/game_fn_80014784.o
[55/879] MWCC build/GEDE01/src/game/game_fn_800149D4.o
[56/879] MWCC build/GEDE01/src/game/game_fn_80015058.o
[57/879] MWCC build/GEDE01/src/game/game_fn_80015320.o
[58/879] MWCC build/GEDE01/src/game/game_fn_80015568.o
[59/879] MWCC build/GEDE01/src/game/game_fn_80015BE0.o
[60/879] MWCC build/GEDE01/src/game/game_fn_800156FC.o
[61/879] MWCC build/GEDE01/src/game/game_fn_80015D40.o
[62/879] MWCC build/GEDE01/src/game/game_fn_80015F04.o
[63/879] MWCC build/GEDE01/src/game/game_fn_80016128.o
[64/879] MWCC build/GEDE01/src/game/game_fn_80016270.o
[65/879] MWCC build/GEDE01/src/game/game_fn_80016904.o
[66/879] MWCC build/GEDE01/src/game/game_fn_80016B24.o
[67/879] MWCC build/GEDE01/src/game/game_fn_800171C0.o
[68/879] MWCC build/GEDE01/src/game/game_fn_800173CC.o
[69/879] MWCC build/GEDE01/src/game/game_fn_800176F0.o
[70/879] MWCC build/GEDE01/src/game/game_fn_80017910.o
[71/879] MWCC build/GEDE01/src/game/game_fn_80017A3C.o
[72/879] MWCC build/GEDE01/src/game/game_fn_800179AC.o
[73/879] MWCC build/GEDE01/src/game/game_fn_80017AE4.o
[74/879] MWCC build/GEDE01/src/game/game_fn_80017C3C.o
[75/879] MWCC build/GEDE01/src/game/game_fn_80017CC8.o
[76/879] MWCC build/GEDE01/src/game/game_fn_80017DB0.o
[77/879] MWCC build/GEDE01/src/game/game_fn_80018EF4.o
[78/879] MWCC build/GEDE01/src/game/game_fn_80019054.o
[79/879] MWCC build/GEDE01/src/game/game_fn_80019244.o
[80/879] MWCC build/GEDE01/src/game/game_fn_800194D0.o
[81/879] MWCC build/GEDE01/src/game/game_fn_80019940.o
[82/879] MWCC build/GEDE01/src/game/game_fn_80019C10.o
[83/879] MWCC build/GEDE01/src/game/game_fn_80019F98.o
[84/879] MWCC build/GEDE01/src/game/game_fn_80019D2C.o
[85/879] MWCC build/GEDE01/src/game/game_fn_8001AAB8.o
[86/879] MWCC build/GEDE01/src/game/game_fn_8001A6C4.o
[87/879] MWCC build/GEDE01/src/game/game_fn_8001ADF8.o
[88/879] MWCC build/GEDE01/src/game/game_fn_8001AF68.o
[89/879] MWCC build/GEDE01/src/game/game_fn_8001B294.o
[90/879] MWCC build/GEDE01/src/game/game_fn_8001B124.o
[91/879] MWCC build/GEDE01/src/game/game_fn_8001B808.o
[92/879] MWCC build/GEDE01/src/game/game_fn_8001B874.o
[93/879] MWCC build/GEDE01/src/game/game_fn_8001C078.o
[94/879] MWCC build/GEDE01/src/game/game_fn_8001CA04.o
[95/879] MWCC build/GEDE01/src/game/game_fn_8001CD58.o
[96/879] MWCC build/GEDE01/src/game/game_fn_8001CE94.o
[97/879] MWCC build/GEDE01/src/game/game_fn_8001E644.o
[98/879] MWCC build/GEDE01/src/game/game_fn_8001FE1C.o
[99/879] MWCC build/GEDE01/src/game/game_fn_80020E94.o
[100/879] MWCC build/GEDE01/src/game/game_fn_80024F28.o
[101/879] MWCC build/GEDE01/src/game/game_fn_800272B4.o
[102/879] MWCC build/GEDE01/src/game/game_fn_8002B748.o
[103/879] MWCC build/GEDE01/src/game/game_fn_8002DAE0.o
[104/879] MWCC build/GEDE01/src/game/game_fn_8002E3F0.o
[105/879] MWCC build/GEDE01/src/game/game_fn_8002EA68.o
[106/879] MWCC build/GEDE01/src/game/game_fn_8002F428.o
[107/879] MWCC build/GEDE01/src/game/game_fn_80031544.o
[108/879] MWCC build/GEDE01/src/game/game_fn_8003232C.o
[109/879] MWCC build/GEDE01/src/game/game_fn_80032B84.o
[110/879] MWCC build/GEDE01/src/game/game_fn_80033038.o
[111/879] MWCC build/GEDE01/src/game/game_fn_80033180.o
[112/879] MWCC build/GEDE01/src/game/game_fn_800359A0.o
[113/879] MWCC build/GEDE01/src/game/game_fn_800361F8.o
[114/879] MWCC build/GEDE01/src/game/game_fn_80036C40.o
[115/879] MWCC build/GEDE01/src/game/game_fn_80038878.o
[116/879] MWCC build/GEDE01/src/game/game_fn_80048ADC.o
[117/879] MWCC build/GEDE01/src/game/game_fn_80048B24.o
[118/879] MWCC build/GEDE01/src/game/game_fn_8004998C.o
[119/879] MWCC build/GEDE01/src/game/game_fn_80052310.o
[120/879] MWCC build/GEDE01/src/game/game_fn_800542D0.o
[121/879] MWCC build/GEDE01/src/game/game_fn_8005EC6C.o
[122/879] MWCC build/GEDE01/src/game/game_fn_8005EE9C.o
[123/879] MWCC build/GEDE01/src/game/game_data_80239E10.o
[124/879] MWCC build/GEDE01/src/game/game_data_80239E18.o
[125/879] MWCC build/GEDE01/src/game/game_fn_8005FD84.o
[126/879] MWCC build/GEDE01/src/game/game_fn_80066888.o
[127/879] MWCC build/GEDE01/src/game/game_fn_80066E78.o
[128/879] MWCC build/GEDE01/src/game/game_fn_8006B0F0.o
[129/879] MWCC build/GEDE01/src/game/game_fn_8006B620.o
[130/879] MWCC build/GEDE01/src/game/game_fn_8006E53C.o
[131/879] MWCC build/GEDE01/src/game/game_fn_80071A58.o
[132/879] MWCC build/GEDE01/src/game/game_fn_80074310.o
[133/879] MWCC build/GEDE01/src/game/game_fn_80078500.o
[134/879] MWCC build/GEDE01/src/game/game_fn_80079908.o
[135/879] MWCC build/GEDE01/src/game/game_fn_80079AA4.o
[136/879] MWCC build/GEDE01/src/game/game_fn_8007B2F4.o
[137/879] MWCC build/GEDE01/src/game/game_fn_8007B540.o
[138/879] MWCC build/GEDE01/src/game/game_fn_8007B640.o
[139/879] MWCC build/GEDE01/src/game/game_fn_8007B828.o
[140/879] MWCC build/GEDE01/src/game/game_fn_8007BA3C.o
[141/879] MWCC build/GEDE01/src/game/game_fn_8007D4D8.o
[142/879] MWCC build/GEDE01/src/game/game_fn_8007F770.o
[143/879] MWCC build/GEDE01/src/game/game_fn_800886D8.o
[144/879] MWCC build/GEDE01/src/game/game_fn_80088F4C.o
[145/879] MWCC build/GEDE01/src/game/game_fn_8008A2E0.o
[146/879] MWCC build/GEDE01/src/game/game_fn_8008F224.o
[147/879] MWCC build/GEDE01/src/game/game_fn_8008F890.o
[148/879] MWCC build/GEDE01/src/game/game_fn_80090004.o
[149/879] MWCC build/GEDE01/src/game/game_fn_800934A0.o
[150/879] MWCC build/GEDE01/src/game/game_fn_80095D10.o
[151/879] MWCC build/GEDE01/src/game/game_fn_80095FDC.o
[152/879] MWCC build/GEDE01/src/game/game_fn_80096830.o
[153/879] MWCC build/GEDE01/src/game/game_fn_8009C424.o
[154/879] MWCC build/GEDE01/src/game/game_fn_8009E808.o
[155/879] MWCC build/GEDE01/src/game/game_fn_800A2130.o
[156/879] MWCC build/GEDE01/src/game/game_fn_800A2FCC.o
[157/879] MWCC build/GEDE01/src/game/game_fn_800A3180.o
[158/879] MWCC build/GEDE01/src/game/game_fn_800A3894.o
[159/879] MWCC build/GEDE01/src/game/game_fn_800A4428.o
[160/879] MWCC build/GEDE01/src/game/game_fn_800A4798.o
[161/879] MWCC build/GEDE01/src/game/game_fn_800A7E88.o
[162/879] MWCC build/GEDE01/src/game/game_fn_800AF230.o
[163/879] MWCC build/GEDE01/src/game/game_fn_800BB5C4.o
[164/879] MWCC build/GEDE01/src/game/game_fn_800BB7A8.o
[165/879] MWCC build/GEDE01/src/game/game_fn_800BB9A4.o
[166/879] MWCC build/GEDE01/src/game/game_fn_800BBAF0.o
[167/879] MWCC build/GEDE01/src/game/game_fn_800C17EC.o
[168/879] MWCC build/GEDE01/src/game/game_fn_800C59F0.o
[169/879] MWCC build/GEDE01/src/game/game_fn_800C644C.o
[170/879] MWCC build/GEDE01/src/game/game_fn_800C65FC.o
[171/879] MWCC build/GEDE01/src/game/game_fn_800C9C60.o
[172/879] MWCC build/GEDE01/src/game/game_fn_800CB760.o
[173/879] MWCC build/GEDE01/src/game/game_fn_800CB8F4.o
[174/879] MWCC build/GEDE01/src/game/game_fn_800CF598.o
[175/879] MWCC build/GEDE01/src/game/game_fn_800D9064.o
[176/879] MWCC build/GEDE01/src/game/game_fn_800D9E10.o
[177/879] MWCC build/GEDE01/src/game/game_fn_800E4980.o
[178/879] MWCC build/GEDE01/src/game/game_TRKNubWelcome.o
[179/879] MWCC build/GEDE01/src/game/game_TRK_main.o
[180/879] MWCC build/GEDE01/src/game/game_InitMetroTRKCommTable.o
[181/879] MWCC build/GEDE01/src/game/game_fn_800FD0C8.o
[182/879] MWCC build/GEDE01/src/game/game_fn_8010242C.o
[183/879] MWCC build/GEDE01/src/game/game_fn_801098C0.o
[184/879] MWCC build/GEDE01/src/game/game_fn_8010F184.o
[185/879] MWCC build/GEDE01/src/game/game_fn_801126E0.o
[186/879] MWCC build/GEDE01/src/game/game_fn_801128E4.o
[187/879] MWCC build/GEDE01/src/game/game_fn_801141B8.o
[188/879] MWCC build/GEDE01/src/game/game_fn_8011F140.o
[189/879] MWCC build/GEDE01/src/game/game_fn_801247F8.o
[190/879] MWCC build/GEDE01/src/game/game_fn_80126A00.o
[191/879] MWCC build/GEDE01/src/game/game_fn_8012976C.o
[192/879] MWCC build/GEDE01/src/game/game_fn_8012DB28.o
[193/879] MWCC build/GEDE01/src/game/game_fn_8013CBE4.o
[194/879] MWCC build/GEDE01/src/game/game_fn_8013D6A4.o
[195/879] MWCC build/GEDE01/src/game/game_fn_8013DB8C.o
[196/879] MWCC build/GEDE01/src/game/game_fn_8014549C.o
[197/879] MWCC build/GEDE01/src/game/game_fn_8014AF38.o
[198/879] MWCC build/GEDE01/src/game/game_fn_8014B494.o
[199/879] MWCC build/GEDE01/src/game/game_fn_8014CA98.o
[200/879] MWCC build/GEDE01/src/game/game_fn_801535D8.o
[201/879] MWCC build/GEDE01/src/game/game_fn_80153898.o
[202/879] MWCC build/GEDE01/src/game/game_fn_80153A24.o
[203/879] MWCC build/GEDE01/src/game/game_fn_80154F74.o
[204/879] MWCC build/GEDE01/src/game/game_fn_80155814.o
[205/879] MWCC build/GEDE01/src/game/game_fn_80157C0C.o
[206/879] MWCC build/GEDE01/src/game/game_fn_80158B20.o
[207/879] MWCC build/GEDE01/src/game/game_fn_80158D38.o
[208/879] MWCC build/GEDE01/src/game/game_fn_8015DB84.o
[209/879] MWCC build/GEDE01/src/game/game_fn_8015DC54.o
[210/879] MWCC build/GEDE01/src/game/game_fn_8015EDC0.o
[211/879] MWCC build/GEDE01/src/game/game_fn_80167454.o
[212/879] MWCC build/GEDE01/src/game/game_fn_80167B5C.o
[213/879] MWCC build/GEDE01/src/game/game_fn_80169650.o
[214/879] MWCC build/GEDE01/src/game/game_fn_8016BD0C.o
[215/879] MWCC build/GEDE01/src/game/game_fn_8016BE1C.o
[216/879] MWCC build/GEDE01/src/game/game_fn_8016BF60.o
[217/879] MWCC build/GEDE01/src/game/game_fn_8016C0BC.o
[218/879] MWCC build/GEDE01/src/game/game_fn_8016C164.o
[219/879] MWCC build/GEDE01/src/game/game_fn_8016C238.o
[220/879] MWCC build/GEDE01/src/game/game_fn_8016C4BC.o
[221/879] MWCC build/GEDE01/src/game/game_fn_8016C774.o
[222/879] MWCC build/GEDE01/src/game/game_fn_8016D040.o
[223/879] MWCC build/GEDE01/src/game/game_fn_8016D1F8.o
[224/879] MWCC build/GEDE01/src/game/game_fn_8016D2B8.o
[225/879] MWCC build/GEDE01/src/game/game_fn_8016D9C0.o
[226/879] MWCC build/GEDE01/src/game/game_fn_8016DF4C.o
[227/879] MWCC build/GEDE01/src/game/game_fn_8016E8F8.o
[228/879] MWCC build/GEDE01/src/game/game_fn_8016FEF8.o
[229/879] MWCC build/GEDE01/src/game/game_fn_8017038C.o
[230/879] MWCC build/GEDE01/src/game/game_fn_801704F8.o
[231/879] MWCC build/GEDE01/src/game/game_fn_801706DC.o
[232/879] MWCC build/GEDE01/src/game/game_fn_80170A40.o
[233/879] MWCC build/GEDE01/src/game/game_fn_80170DF4.o
[234/879] MWCC build/GEDE01/src/game/game_fn_80170E9C.o
[235/879] MWCC build/GEDE01/src/game/game_fn_8017138C.o
[236/879] MWCC build/GEDE01/src/game/game_fn_80171664.o
[237/879] MWCC build/GEDE01/src/game/game_fn_801718F4.o
[238/879] MWCC build/GEDE01/src/game/game_fn_801719B4.o
[239/879] MWCC build/GEDE01/src/game/game_fn_80171F30.o
[240/879] MWCC build/GEDE01/src/game/game_fn_8017250C.o
[241/879] MWCC build/GEDE01/src/game/game_fn_801726EC.o
[242/879] MWCC build/GEDE01/src/game/game_fn_80172BB0.o
[243/879] MWCC build/GEDE01/src/game/game_fn_80172C78.o
[244/879] MWCC build/GEDE01/src/game/game_fn_80172DB8.o
[245/879] MWCC build/GEDE01/src/game/game_fn_80173270.o
[246/879] MWCC build/GEDE01/src/game/game_fn_801734B4.o
[247/879] MWCC build/GEDE01/src/game/game_fn_80173770.o
[248/879] MWCC build/GEDE01/src/game/game_fn_80173D44.o
[249/879] MWCC build/GEDE01/src/game/game_fn_80173F04.o
[250/879] MWCC build/GEDE01/src/game/game_fn_80174184.o
[251/879] MWCC build/GEDE01/src/game/game_fn_80174358.o
[252/879] MWCC build/GEDE01/src/game/game_fn_80174F2C.o
[253/879] MWCC build/GEDE01/src/game/game_fn_8017553C.o
[254/879] MWCC build/GEDE01/src/game/game_fn_80175E64.o
[255/879] MWCC build/GEDE01/src/game/game_fn_80175F0C.o
[256/879] MWCC build/GEDE01/src/game/game_fn_80175FD4.o
[257/879] MWCC build/GEDE01/src/game/game_fn_80176098.o
[258/879] MWCC build/GEDE01/src/game/game_fn_80176160.o
[259/879] MWCC build/GEDE01/src/game/game_fn_80176220.o
[260/879] MWCC build/GEDE01/src/game/game_fn_801762E8.o
[261/879] MWCC build/GEDE01/src/game/game_fn_8017652C.o
[262/879] MWCC build/GEDE01/src/game/game_fn_80176DF4.o
[263/879] MWCC build/GEDE01/src/game/game_fn_80176FA0.o
[264/879] MWCC build/GEDE01/src/game/game_fn_801770F8.o
[265/879] MWCC build/GEDE01/src/game/game_fn_8017718C.o
[266/879] MWCC build/GEDE01/src/game/game_fn_80178F88.o
[267/879] MWCC build/GEDE01/src/game/game_fn_80177434.o
[268/879] MWCC build/GEDE01/src/game/game_fn_80179398.o
[269/879] MWCC build/GEDE01/src/game/game_fn_8017960C.o
[270/879] MWCC build/GEDE01/src/game/game_fn_8017974C.o
[271/879] MWCC build/GEDE01/src/game/game_fn_80179904.o
[272/879] MWCC build/GEDE01/src/game/game_fn_80179A18.o
[273/879] MWCC build/GEDE01/src/game/game_fn_80179A74.o
[274/879] MWCC build/GEDE01/src/game/game_fn_80179EB8.o
[275/879] MWCC build/GEDE01/src/game/game_fn_80179F20.o
[276/879] MWCC build/GEDE01/src/game/game_fn_8017A010.o
[277/879] MWCC build/GEDE01/src/game/game_fn_8017A12C.o
[278/879] MWCC build/GEDE01/src/game/game_fn_8017A1C0.o
[279/879] MWCC build/GEDE01/src/game/game_fn_8017A9B8.o
[280/879] MWCC build/GEDE01/src/game/game_fn_8017AC20.o
[281/879] MWCC build/GEDE01/src/game/game_fn_8017E850.o
[282/879] MWCC build/GEDE01/src/game/game_fn_8017E958.o
[283/879] MWCC build/GEDE01/src/game/game_fn_80180DDC.o
[284/879] MWCC build/GEDE01/src/game/game_fn_801810A0.o
[285/879] MWCC build/GEDE01/src/game/game_fn_801816D4.o
[286/879] MWCC build/GEDE01/src/game/game_fn_801859FC.o
[287/879] MWCC build/GEDE01/src/game/game_fn_80185AE8.o
[288/879] MWCC build/GEDE01/src/game/game_fn_80185F10.o
[289/879] MWCC build/GEDE01/src/game/game_fn_801865EC.o
[290/879] MWCC build/GEDE01/src/game/game_fn_8018680C.o
[291/879] MWCC build/GEDE01/src/game/game_fn_80186E10.o
[292/879] MWCC build/GEDE01/src/game/game_fn_80186F70.o
[293/879] MWCC build/GEDE01/src/game/game_fn_80187120.o
[294/879] MWCC build/GEDE01/src/game/game_fn_80187320.o
[295/879] MWCC build/GEDE01/src/game/game_fn_801875FC.o
[296/879] MWCC build/GEDE01/src/game/game_fn_801878E0.o
[297/879] MWCC build/GEDE01/src/game/game_fn_80187BB4.o
[298/879] MWCC build/GEDE01/src/game/game_fn_80188A7C.o
[299/879] MWCC build/GEDE01/src/game/game_fn_80188B44.o
[300/879] MWCC build/GEDE01/src/game/game_fn_80188C1C.o
[301/879] MWCC build/GEDE01/src/game/game_fn_80188E28.o
[302/879] MWCC build/GEDE01/src/game/game_fn_80189028.o
[303/879] MWCC build/GEDE01/src/game/game_fn_801891D8.o
[304/879] MWCC build/GEDE01/src/game/game_fn_80189390.o
[305/879] MWCC build/GEDE01/src/game/game_fn_801895E8.o
[306/879] MWCC build/GEDE01/src/game/game_fn_801896A0.o
[307/879] MWCC build/GEDE01/src/game/game_fn_80189760.o
[308/879] MWCC build/GEDE01/src/game/game_fn_80189968.o
[309/879] MWCC build/GEDE01/src/game/game_fn_8018C2D0.o
[310/879] MWCC build/GEDE01/src/game/game_fn_8018D1F0.o
[311/879] MWCC build/GEDE01/src/game/game_fn_8018D2E0.o
[312/879] MWCC build/GEDE01/src/game/game_fn_8018D400.o
[313/879] MWCC build/GEDE01/src/game/game_fn_8018D688.o
[314/879] MWCC build/GEDE01/src/game/game_fn_8018E0D8.o
[315/879] MWCC build/GEDE01/src/game/game_fn_8018F1D0.o
[316/879] MWCC build/GEDE01/src/game/game_fn_8018F81C.o
[317/879] MWCC build/GEDE01/src/game/game_fn_8018FEDC.o
[318/879] MWCC build/GEDE01/src/game/game_fn_8019120C.o
[319/879] MWCC build/GEDE01/src/game/game_fn_80191360.o
[320/879] MWCC build/GEDE01/src/game/game_fn_801916D0.o
[321/879] MWCC build/GEDE01/src/game/game_fn_8019197C.o
[322/879] MWCC build/GEDE01/src/game/game_fn_80191F58.o
[323/879] MWCC build/GEDE01/src/game/game_fn_801926EC.o
[324/879] MWCC build/GEDE01/src/game/game_fn_801929A4.o
[325/879] MWCC build/GEDE01/src/game/game_fn_80192F54.o
[326/879] MWCC build/GEDE01/src/game/game_fn_801931C4.o
[327/879] MWCC build/GEDE01/src/game/game_fn_80193E1C.o
[328/879] MWCC build/GEDE01/src/game/game_fn_80193F3C.o
[329/879] MWCC build/GEDE01/src/game/game_fn_80194F80.o
[330/879] MWCC build/GEDE01/src/game/game_fn_80197910.o
[331/879] MWCC build/GEDE01/src/game/game_fn_80198154.o
[332/879] MWCC build/GEDE01/src/game/game_fn_80198AAC.o
[333/879] MWCC build/GEDE01/src/game/game_fn_80198BF4.o
[334/879] MWCC build/GEDE01/src/game/game_fn_801991E0.o
[335/879] MWCC build/GEDE01/src/game/game_fn_8019B1BC.o
[336/879] MWCC build/GEDE01/src/game/game_fn_8019CC28.o
[337/879] MWCC build/GEDE01/src/game/game_fn_8019CFC4.o
[338/879] MWCC build/GEDE01/src/game/game_fn_8019E5E4.o
[339/879] MWCC build/GEDE01/src/game/game_fn_8019E8C8.o
[340/879] MWCC build/GEDE01/src/game/game_fn_801A1F18.o
[341/879] MWCC build/GEDE01/src/game/game_fn_801A2A54.o
[342/879] MWCC build/GEDE01/src/game/game_fn_801A34BC.o
[343/879] MWCC build/GEDE01/src/game/game_fn_801A3A78.o
[344/879] MWCC build/GEDE01/src/game/game_fn_801A4CE0.o
[345/879] MWCC build/GEDE01/src/game/game_fn_801A5FB0.o
[346/879] MWCC build/GEDE01/src/game/game_fn_801A6410.o
[347/879] MWCC build/GEDE01/src/game/game_fn_801A657C.o
[348/879] MWCC build/GEDE01/src/game/game_fn_801A6ADC.o
[349/879] MWCC build/GEDE01/src/game/game_fn_801A6C58.o
[350/879] MWCC build/GEDE01/src/game/game_fn_801A6CB4.o
[351/879] MWCC build/GEDE01/src/game/game_fn_801A7E04.o
[352/879] MWCC build/GEDE01/src/game/game_fn_801A7EA8.o
[353/879] MWCC build/GEDE01/src/game/game_fn_801A93E8.o
[354/879] MWCC build/GEDE01/src/game/game_fn_801AB154.o
[355/879] MWCC build/GEDE01/src/game/game_fn_801ABD3C.o
[356/879] MWCC build/GEDE01/src/game/game_fn_801AC8AC.o
[357/879] MWCC build/GEDE01/src/game/game_fn_801ACFE8.o
[358/879] MWCC build/GEDE01/src/game/game_fn_801AD08C.o
[359/879] MWCC build/GEDE01/src/game/game_fn_801AFA74.o
[360/879] MWCC build/GEDE01/src/game/game_fn_801B02F0.o
[361/879] MWCC build/GEDE01/src/game/game_fn_801B1BA0.o
[362/879] MWCC build/GEDE01/src/game/game_fn_801B35BC.o
[363/879] MWCC build/GEDE01/src/game/game_fn_801B46C8.o
[364/879] MWCC build/GEDE01/src/game/game_fn_801B4FB4.o
[365/879] MWCC build/GEDE01/src/game/game_fn_801B5228.o
[366/879] MWCC build/GEDE01/src/game/game_fn_801B58F0.o
[367/879] MWCC build/GEDE01/src/game/game_fn_801B6F1C.o
[368/879] MWCC build/GEDE01/src/game/game_fn_801B86C0.o
[369/879] MWCC build/GEDE01/src/game/game_fn_801B941C.o
[370/879] MWCC build/GEDE01/src/game/game_fn_801B9E7C.o
[371/879] MWCC build/GEDE01/src/game/game_fn_801BA15C.o
[372/879] MWCC build/GEDE01/src/game/game_fn_801BA708.o
[373/879] MWCC build/GEDE01/src/game/game_fn_801BB1A0.o
[374/879] MWCC build/GEDE01/src/game/game_fn_801BC0D4.o
[375/879] MWCC build/GEDE01/src/game/game_fn_801BC240.o
[376/879] MWCC build/GEDE01/src/game/game_fn_801BC8F4.o
[377/879] MWCC build/GEDE01/src/game/game_fn_801BCC04.o
[378/879] MWCC build/GEDE01/src/game/game_fn_801BD990.o
[379/879] MWCC build/GEDE01/src/game/game_fn_801BDE7C.o
[380/879] MWCC build/GEDE01/src/game/game_fn_801BE0D4.o
[381/879] MWCC build/GEDE01/src/game/game_fn_801C1CB0.o
[382/879] MWCC build/GEDE01/src/game/game_fn_801BEF40.o
[383/879] MWCC build/GEDE01/src/game/game_fn_801C2980.o
[384/879] MWCC build/GEDE01/src/game/game_fn_801C29BC.o
[385/879] MWCC build/GEDE01/src/game/game_fn_801C2AAC.o
[386/879] MWCC build/GEDE01/src/game/game_fn_801C2D9C.o
[387/879] MWCC build/GEDE01/src/game/game_fn_801C8160.o
[388/879] MWCC build/GEDE01/src/game/game_fn_801C8224.o
[389/879] MWCC build/GEDE01/src/game/game_fn_801C4B5C.o
[390/879] MWCC build/GEDE01/src/game/game_fn_801C8600.o
[391/879] MWCC build/GEDE01/src/game/game_fn_801C8CC0.o
[392/879] MWCC build/GEDE01/src/game/game_fn_801C87DC.o
[393/879] MWCC build/GEDE01/src/game/game_fn_801C8F50.o
[394/879] MWCC build/GEDE01/src/game/game_fn_801C90A4.o
[395/879] MWCC build/GEDE01/src/game/game_fn_801C9510.o
[396/879] MWCC build/GEDE01/src/game/game_fn_801C970C.o
[397/879] MWCC build/GEDE01/src/game/game_fn_801C9A08.o
[398/879] MWCC build/GEDE01/src/game/game_fn_801C9B1C.o
[399/879] MWCC build/GEDE01/src/game/game_fn_801CB4F8.o
[400/879] MWCC build/GEDE01/src/game/game_fn_801CD228.o
[401/879] MWCC build/GEDE01/src/game/game_fn_801CE09C.o
[402/879] MWCC build/GEDE01/src/game/game_fn_801CE594.o
[403/879] MWCC build/GEDE01/src/game/game_fn_801D1B10.o
[404/879] MWCC build/GEDE01/src/game/game_fn_801D1F78.o
[405/879] MWCC build/GEDE01/src/game/game_fn_801D3988.o
[406/879] MWCC build/GEDE01/src/game/game_fn_801D76A8.o
[407/879] MWCC build/GEDE01/src/game/game_fn_801D7C24.o
[408/879] MWCC build/GEDE01/src/game/game_fn_801D8050.o
[409/879] MWCC build/GEDE01/src/game/game_fn_801D9FE4.o
[410/879] MWCC build/GEDE01/src/game/game_fn_801E2A48.o
[411/879] MWCC build/GEDE01/src/game/game_fn_801E41AC.o
[412/879] MWCC build/GEDE01/src/game/game_fn_801E6814.o
[413/879] MWCC build/GEDE01/src/game/game_fn_801EB09C.o
[414/879] MWCC build/GEDE01/src/game/game_fn_801E995C.o
[415/879] MWCC build/GEDE01/src/game/game_fn_801EB11C.o
[416/879] MWCC build/GEDE01/src/game/game_fn_801ECD74.o
[417/879] MWCC build/GEDE01/src/game/game_fn_801ECF50.o
[418/879] MWCC build/GEDE01/src/game/game_fn_801ED5F4.o
[419/879] MWCC build/GEDE01/src/game/game_fn_801EF580.o
[420/879] MWCC build/GEDE01/src/game/game_fn_801EF910.o
[421/879] MWCC build/GEDE01/src/game/game_fn_801F10BC.o
[422/879] MWCC build/GEDE01/src/game/game_fn_801F1A38.o
[423/879] MWCC build/GEDE01/src/game/game_fn_801F35A8.o
[424/879] MWCC build/GEDE01/src/game/game_fn_801F55A0.o
[425/879] MWCC build/GEDE01/src/game/game_fn_801F69F0.o
[426/879] MWCC build/GEDE01/src/game/game_fn_801F6BD8.o
[427/879] MWCC build/GEDE01/src/game/game_fn_801F7510.o
[428/879] MWCC build/GEDE01/src/game/game_fn_801F76EC.o
[429/879] MWCC build/GEDE01/src/game/game_fn_801F8264.o
[430/879] MWCC build/GEDE01/src/game/game_fn_801F89B4.o
[431/879] MWCC build/GEDE01/src/game/game_fn_801F9AF8.o
[432/879] MWCC build/GEDE01/src/game/game_fn_801F9CF4.o
[433/879] MWCC build/GEDE01/src/game/game_fn_801FA9C8.o
[434/879] MWCC build/GEDE01/src/game/game_fn_801FB6A4.o
[435/879] MWCC build/GEDE01/src/game/game_fn_801FC034.o
[436/879] MWCC build/GEDE01/src/game/game_fn_801FC204.o
[437/879] EXTERNALIZE build/GEDE01/src/game/game_fn_80066E78.o
[438/879] MWCC build/GEDE01/src/game/game_fn_801FFE78.o
[439/879] EXTERNALIZE build/GEDE01/src/game/game_fn_801247F8.o
[440/879] EXTERNALIZE build/GEDE01/src/game/game_fn_801EF910.o
[441/879] EXTERNALIZE build/GEDE01/src/game/game_fn_801ECF50.o
[442/879] EXTERNALIZE build/GEDE01/src/game/game_fn_801EB09C.o
[443/879] EXTERNALIZE build/GEDE01/src/game/game_fn_801FC204.o
[444/879] EXTERNALIZE build/GEDE01/src/game/game_fn_801EB11C.o
[445/879] EXTERNALIZE build/GEDE01/src/game/game_fn_801D9FE4.o
[446/879] EXTERNALIZE build/GEDE01/src/game/game_fn_801E41AC.o
[447/879] EXTERNALIZE build/GEDE01/src/game/game_fn_801D76A8.o
[448/879] EXTERNALIZE build/GEDE01/src/game/game_fn_801D8050.o
[449/879] EXTERNALIZE build/GEDE01/src/game/game_fn_801D7C24.o
[450/879] EXTERNALIZE build/GEDE01/src/game/game_fn_8019B1BC.o
[451/879] EXTERNALIZE build/GEDE01/src/game/game_fn_80178F88.o
[452/879] EXTERNALIZE build/GEDE01/src/game/game_fn_801CD228.o
[453/879] EXTERNALIZE build/GEDE01/src/game/game_fn_801C970C.o
[454/879] EXTERNALIZE build/GEDE01/src/game/game_fn_801BA15C.o
[455/879] EXTERNALIZE build/GEDE01/src/game/game_fn_801C9510.o
[456/879] EXTERNALIZE build/GEDE01/src/game/game_fn_80126A00.o
[457/879] EXTERNALIZE build/GEDE01/src/game/game_fn_8013D6A4.o
[458/879] EXTERNALIZE build/GEDE01/src/game/game_fn_800C9C60.o
[459/879] EXTERNALIZE build/GEDE01/src/game/game_fn_801B5228.o
[460/879] EXTERNALIZE build/GEDE01/src/game/game_fn_801B4FB4.o
[461/879] EXTERNALIZE build/GEDE01/src/game/game_fn_801C87DC.o
[462/879] EXTERNALIZE build/GEDE01/src/game/game_fn_801B6F1C.o
[463/879] EXTERNALIZE build/GEDE01/src/game/game_fn_801C8CC0.o
[464/879] EXTERNALIZE build/GEDE01/src/game/game_fn_800FD0C8.o
[465/879] EXTERNALIZE build/GEDE01/src/game/game_fn_801BDE7C.o
[466/879] EXTERNALIZE build/GEDE01/src/game/game_fn_801BE0D4.o
[467/879] EXTERNALIZE STATIC POOL build/GEDE01/src/game/game_fn_801C9A08.o
build/GEDE01/src/game/game_fn_801C9A08.o: lbl_80629390 now undefined; section 3 emptied
[468/879] EXTERNALIZE build/GEDE01/src/game/game_fn_801B941C.o
[469/879] EXTERNALIZE STATIC POOL build/GEDE01/src/game/game_fn_801C9B1C.o
build/GEDE01/src/game/game_fn_801C9B1C.o: lbl_80629390 now undefined; section 3 emptied
[470/879] EXTERNALIZE STATIC POOL build/GEDE01/src/game/game_fn_801BD990.o
build/GEDE01/src/game/game_fn_801BD990.o: lbl_80626D80 now undefined; section 6 emptied
[471/879] EXTERNALIZE STATIC POOL build/GEDE01/src/game/game_fn_801B58F0.o
build/GEDE01/src/game/game_fn_801B58F0.o: lbl_8060C020 now undefined; section 3 emptied
[472/879] EXTERNALIZE STATIC POOL build/GEDE01/src/game/game_fn_801B9E7C.o
build/GEDE01/src/game/game_fn_801B9E7C.o: 0 relocation(s) moved from streamInfo to ...bss.0
build/GEDE01/src/game/game_fn_801B9E7C.o: lbl_8061AE48 now undefined; section 6 emptied
[473/879] EXTERNALIZE STATIC POOL build/GEDE01/src/game/game_fn_801BB1A0.o
build/GEDE01/src/game/game_fn_801BB1A0.o: 0 relocation(s) moved from streamInfo to ...bss.0
build/GEDE01/src/game/game_fn_801BB1A0.o: lbl_8061AE48 now undefined; section 6 emptied
[474/879] EXTERNALIZE STATIC build/GEDE01/src/game/game_fn_801B35BC.o
build/GEDE01/src/game/game_fn_801B35BC.o: lbl_8060D420 now undefined; section 6 emptied
[475/879] EXTERNALIZE STATIC POOL build/GEDE01/src/game/game_fn_801BA708.o
build/GEDE01/src/game/game_fn_801BA708.o: 0 relocation(s) moved from streamInfo to ...bss.0
build/GEDE01/src/game/game_fn_801BA708.o: lbl_8061AE48 now undefined; section 6 emptied
[476/879] EXTERNALIZE STATIC POOL build/GEDE01/src/game/game_fn_801BC8F4.o
build/GEDE01/src/game/game_fn_801BC8F4.o: lbl_8061C748 now undefined; section 6 emptied
[477/879] EXTERNALIZE STATIC build/GEDE01/src/game/game_fn_801BC240.o
build/GEDE01/src/game/game_fn_801BC240.o: lbl_8061C748 now undefined; section 6 emptied
[478/879] EXTERNALIZE STATIC POOL build/GEDE01/src/game/game_fn_801BCC04.o
build/GEDE01/src/game/game_fn_801BCC04.o: lbl_8061C748 now undefined; section 6 emptied
[479/879] EXTERNALIZE STATIC POOL build/GEDE01/src/game/game_fn_801BC0D4.o
build/GEDE01/src/game/game_fn_801BC0D4.o: lbl_8061C748 now undefined; section 6 emptied
[480/879] EXTERNALIZE STATIC POOL build/GEDE01/src/game/game_fn_801C1CB0.o
build/GEDE01/src/game/game_fn_801C1CB0.o: lbl_80626DA0 now undefined; section 3 emptied
[481/879] RENAME build/GEDE01/src/game/game_InitMetroTRKCommTable.o
[482/879] EXTERNALIZE STATIC POOL build/GEDE01/src/game/game_fn_801CE09C.o
build/GEDE01/src/game/game_fn_801CE09C.o: lbl_80631340 now undefined; section 6 emptied
[483/879] RENAME RUNTIME INTRINSICS build/GEDE01/src/game/game_fn_801CB4F8.o
[484/879] EXTERNALIZE STATIC POOL build/GEDE01/src/game/game_fn_8010242C.o
build/GEDE01/src/game/game_fn_8010242C.o: lbl_8032CC08 now undefined; section 3 emptied
[485/879] EXTERNALIZE build/GEDE01/src/game/game_fn_801D3988.o
[486/879] EXTERNALIZE build/GEDE01/src/game/game_fn_801D1B10.o
[487/879] ALIGN DATA build/GEDE01/src/game/game_fn_80008014.o
[488/879] EXTERNALIZE build/GEDE01/src/game/game_fn_801CE594.o
[489/879] EXTERNALIZE build/GEDE01/src/game/game_fn_8014549C.o
[490/879] EXTERNALIZE build/GEDE01/src/game/game_fn_801C8224.o
[491/879] EXTERNALIZE build/GEDE01/src/game/game_fn_801098C0.o
[492/879] EXTERNALIZE build/GEDE01/src/game/game_fn_8000FDE8.o
[493/879] EXTERNALIZE build/GEDE01/src/game/game_fn_80185F10.o
[494/879] EXTERNALIZE build/GEDE01/src/game/game_fn_801C29BC.o
[495/879] EXTERNALIZE build/GEDE01/src/game/game_fn_801C8F50.o
[496/879] EXTERNALIZE build/GEDE01/src/game/game_fn_8007B828.o
[497/879] EXTERNALIZE build/GEDE01/src/game/game_fn_801C90A4.o
[498/879] EXTERNALIZE build/GEDE01/src/game/game_fn_801C8160.o
[499/879] EXTERNALIZE build/GEDE01/src/game/game_fn_801C2AAC.o
[500/879] EXTERNALIZE build/GEDE01/src/game/game_fn_801C2D9C.o
[501/879] EXTERNALIZE build/GEDE01/src/game/game_fn_801C2980.o
[502/879] EXTERNALIZE build/GEDE01/src/game/game_fn_801B02F0.o
[503/879] EXTERNALIZE build/GEDE01/src/game/game_fn_801AFA74.o
[504/879] EXTERNALIZE build/GEDE01/src/game/game_fn_801AC8AC.o
[505/879] EXTERNALIZE build/GEDE01/src/game/game_fn_801ABD3C.o
[506/879] EXTERNALIZE build/GEDE01/src/game/game_fn_801816D4.o
[507/879] EXTERNALIZE build/GEDE01/src/game/game_fn_8011F140.o
[508/879] EXTERNALIZE build/GEDE01/src/game/game_fn_801AD08C.o
[509/879] EXTERNALIZE build/GEDE01/src/game/game_fn_8004998C.o
[510/879] EXTERNALIZE build/GEDE01/src/game/game_fn_80079AA4.o
[511/879] EXTERNALIZE build/GEDE01/src/game/game_fn_80158D38.o
[512/879] EXTERNALIZE build/GEDE01/src/game/game_fn_801A3A78.o
[513/879] EXTERNALIZE build/GEDE01/src/game/game_fn_8008F224.o
[514/879] EXTERNALIZE build/GEDE01/src/game/game_fn_80167454.o
[515/879] EXTERNALIZE build/GEDE01/src/game/game_fn_800AF230.o
[516/879] EXTERNALIZE build/GEDE01/src/game/game_fn_801A93E8.o
[517/879] EXTERNALIZE build/GEDE01/src/game/game_fn_801AB154.o
[518/879] EXTERNALIZE build/GEDE01/src/game/game_fn_801A7E04.o
[519/879] EXTERNALIZE build/GEDE01/src/game/game_fn_801A7EA8.o
[520/879] EXTERNALIZE build/GEDE01/src/game/game_fn_801A6CB4.o
[521/879] EXTERNALIZE build/GEDE01/src/game/game_fn_801A4CE0.o
[522/879] EXTERNALIZE build/GEDE01/src/game/game_fn_801A6C58.o
[523/879] NAME JUMPTABLE build/GEDE01/src/game/game_fn_801A6ADC.o
[524/879] EXTERNALIZE build/GEDE01/src/game/game_fn_801A6410.o
[525/879] EXTERNALIZE build/GEDE01/src/game/game_fn_801A5FB0.o
[526/879] EXTERNALIZE build/GEDE01/src/game/game_fn_801A1F18.o
[527/879] EXTERNALIZE build/GEDE01/src/game/game_fn_8019E8C8.o
[528/879] EXTERNALIZE build/GEDE01/src/game/game_fn_8019E5E4.o
[529/879] EXTERNALIZE build/GEDE01/src/game/game_fn_8019CFC4.o
[530/879] EXTERNALIZE build/GEDE01/src/game/game_fn_8019CC28.o
[531/879] EXTERNALIZE build/GEDE01/src/game/game_fn_801991E0.o
[532/879] EXTERNALIZE build/GEDE01/src/game/game_fn_80198BF4.o
[533/879] EXTERNALIZE build/GEDE01/src/game/game_fn_80198AAC.o
[534/879] EXTERNALIZE build/GEDE01/src/game/game_fn_80198154.o
[535/879] EXTERNALIZE build/GEDE01/src/game/game_fn_80194F80.o
[536/879] EXTERNALIZE build/GEDE01/src/game/game_fn_80197910.o
[537/879] EXTERNALIZE build/GEDE01/src/game/game_fn_80177434.o
repointed 2 relocations to lbl_80250588
[538/879] EXTERNALIZE build/GEDE01/src/game/game_fn_80193E1C.o
[539/879] EXTERNALIZE build/GEDE01/src/game/game_fn_801931C4.o
[540/879] EXTERNALIZE build/GEDE01/src/game/game_fn_80193F3C.o
[541/879] EXTERNALIZE build/GEDE01/src/game/game_fn_80192F54.o
[542/879] EXTERNALIZE build/GEDE01/src/game/game_fn_80191F58.o
[543/879] EXTERNALIZE build/GEDE01/src/game/game_fn_8019197C.o
[544/879] EXTERNALIZE build/GEDE01/src/game/game_fn_80191360.o
[545/879] GLOBALIZE build/GEDE01/src/game/game_fn_8018F1D0.o
[546/879] EXTERNALIZE build/GEDE01/src/game/game_fn_8018D688.o
[547/879] EXTERNALIZE build/GEDE01/src/game/game_fn_8018F81C.o
[548/879] EXTERNALIZE build/GEDE01/src/game/game_fn_8018D2E0.o
[549/879] EXTERNALIZE build/GEDE01/src/game/game_fn_80189968.o
[550/879] EXTERNALIZE build/GEDE01/src/game/game_fn_80189760.o
[551/879] EXTERNALIZE build/GEDE01/src/game/game_fn_8018D1F0.o
[552/879] EXTERNALIZE build/GEDE01/src/game/game_fn_801896A0.o
[553/879] EXTERNALIZE build/GEDE01/src/game/game_fn_801895E8.o
[554/879] EXTERNALIZE build/GEDE01/src/game/game_fn_80189390.o
[555/879] EXTERNALIZE build/GEDE01/src/game/game_fn_801891D8.o
[556/879] EXTERNALIZE build/GEDE01/src/game/game_fn_80188E28.o
[557/879] EXTERNALIZE build/GEDE01/src/game/game_fn_80189028.o
[558/879] EXTERNALIZE build/GEDE01/src/game/game_fn_80188B44.o
[559/879] EXTERNALIZE build/GEDE01/src/game/game_fn_80188C1C.o
[560/879] EXTERNALIZE build/GEDE01/src/game/game_fn_80188A7C.o
[561/879] EXTERNALIZE build/GEDE01/src/game/game_fn_801878E0.o
[562/879] EXTERNALIZE build/GEDE01/src/game/game_fn_80187120.o
[563/879] EXTERNALIZE build/GEDE01/src/game/game_fn_8018FEDC.o
[564/879] EXTERNALIZE build/GEDE01/src/game/game_fn_80186E10.o
[565/879] EXTERNALIZE build/GEDE01/src/game/game_fn_801865EC.o
[566/879] EXTERNALIZE build/GEDE01/src/game/game_fn_80185AE8.o
[567/879] EXTERNALIZE build/GEDE01/src/game/game_fn_801859FC.o
[568/879] EXTERNALIZE build/GEDE01/src/game/game_fn_80180DDC.o
[569/879] EXTERNALIZE build/GEDE01/src/game/game_fn_8017E958.o
[570/879] EXTERNALIZE build/GEDE01/src/game/game_fn_8017E850.o
[571/879] EXTERNALIZE build/GEDE01/src/game/game_fn_8017718C.o
[572/879] EXTERNALIZE build/GEDE01/src/game/game_fn_801770F8.o
[573/879] EXTERNALIZE build/GEDE01/src/game/game_fn_80176FA0.o
[574/879] EXTERNALIZE build/GEDE01/src/game/game_fn_80176DF4.o
[575/879] EXTERNALIZE build/GEDE01/src/game/game_fn_80174358.o
[576/879] EXTERNALIZE build/GEDE01/src/game/game_fn_80173F04.o
[577/879] EXTERNALIZE build/GEDE01/src/game/game_fn_80174184.o
[578/879] EXTERNALIZE build/GEDE01/src/game/game_fn_8017553C.o
[579/879] EXTERNALIZE build/GEDE01/src/game/game_fn_80173D44.o
[580/879] EXTERNALIZE build/GEDE01/src/game/game_fn_80173770.o
[581/879] EXTERNALIZE build/GEDE01/src/game/game_fn_801734B4.o
[582/879] EXTERNALIZE build/GEDE01/src/game/game_fn_80173270.o
[583/879] EXTERNALIZE build/GEDE01/src/game/game_fn_80172DB8.o
[584/879] EXTERNALIZE build/GEDE01/src/game/game_fn_80172C78.o
[585/879] EXTERNALIZE build/GEDE01/src/game/game_fn_80172BB0.o
[586/879] EXTERNALIZE build/GEDE01/src/game/game_fn_801726EC.o
[587/879] EXTERNALIZE build/GEDE01/src/game/game_fn_8017250C.o
[588/879] EXTERNALIZE build/GEDE01/src/game/game_fn_80171F30.o
[589/879] EXTERNALIZE build/GEDE01/src/game/game_fn_801719B4.o
[590/879] EXTERNALIZE build/GEDE01/src/game/game_fn_801718F4.o
[591/879] EXTERNALIZE build/GEDE01/src/game/game_fn_80171664.o
[592/879] EXTERNALIZE build/GEDE01/src/game/game_fn_8017138C.o
[593/879] EXTERNALIZE build/GEDE01/src/game/game_fn_80170A40.o
[594/879] NORMALIZE build/GEDE01/src/game/game_TRKNubWelcome.o
[595/879] NORMALIZE build/GEDE01/src/game/game_TRK_main.o
[596/879] NORMALIZE build/GEDE01/src/game/game_data_80239E10.o
[597/879] NORMALIZE build/GEDE01/src/game/game_data_80239E18.o
[598/879] EXTERNALIZE build/GEDE01/src/game/game_fn_801706DC.o
[599/879] EXTERNALIZE build/GEDE01/src/game/game_fn_8017652C.o
[600/879] EXTERNALIZE build/GEDE01/src/game/game_fn_80170E9C.o
[601/879] EXTERNALIZE build/GEDE01/src/game/game_fn_80175E64.o
[602/879] EXTERNALIZE build/GEDE01/src/game/game_fn_80175F0C.o
[603/879] EXTERNALIZE build/GEDE01/src/game/game_fn_80175FD4.o
[604/879] EXTERNALIZE build/GEDE01/src/game/game_fn_80176098.o
[605/879] EXTERNALIZE build/GEDE01/src/game/game_fn_80176160.o
[606/879] EXTERNALIZE build/GEDE01/src/game/game_fn_80176220.o
[607/879] EXTERNALIZE build/GEDE01/src/game/game_fn_80170DF4.o
[608/879] EXTERNALIZE build/GEDE01/src/game/game_fn_801762E8.o
[609/879] EXTERNALIZE build/GEDE01/src/game/game_fn_8016E8F8.o
[610/879] EXTERNALIZE build/GEDE01/src/game/game_fn_8016FEF8.o
[611/879] EXTERNALIZE build/GEDE01/src/game/game_fn_801704F8.o
[612/879] NORMALIZE build/GEDE01/src/game/game_fn_8016DF4C.o
[613/879] EXTERNALIZE build/GEDE01/src/game/game_fn_8016D2B8.o
[614/879] EXTERNALIZE build/GEDE01/src/game/game_fn_8016D040.o
[615/879] EXTERNALIZE build/GEDE01/src/game/game_fn_8016D1F8.o
[616/879] EXTERNALIZE build/GEDE01/src/game/game_fn_8016C774.o
[617/879] EXTERNALIZE build/GEDE01/src/game/game_fn_8016C4BC.o
[618/879] EXTERNALIZE build/GEDE01/src/game/game_fn_8016C238.o
[619/879] EXTERNALIZE build/GEDE01/src/game/game_fn_8016C164.o
[620/879] EXTERNALIZE build/GEDE01/src/game/game_fn_8016C0BC.o
[621/879] EXTERNALIZE build/GEDE01/src/game/game_fn_8017038C.o
[622/879] EXTERNALIZE build/GEDE01/src/game/game_fn_8016BE1C.o
[623/879] EXTERNALIZE build/GEDE01/src/game/game_fn_8016BF60.o
[624/879] EXTERNALIZE build/GEDE01/src/game/game_fn_8016BD0C.o
[625/879] EXTERNALIZE build/GEDE01/src/game/game_fn_80169650.o
[626/879] EXTERNALIZE build/GEDE01/src/game/game_fn_80167B5C.o
[627/879] EXTERNALIZE build/GEDE01/src/game/game_fn_8015EDC0.o
[628/879] EXTERNALIZE build/GEDE01/src/game/game_fn_8015DB84.o
[629/879] EXTERNALIZE build/GEDE01/src/game/game_fn_8015DC54.o
[630/879] EXTERNALIZE build/GEDE01/src/game/game_fn_80158B20.o
[631/879] EXTERNALIZE build/GEDE01/src/game/game_fn_8017960C.o
[632/879] EXTERNALIZE build/GEDE01/src/game/game_fn_80179398.o
[633/879] EXTERNALIZE build/GEDE01/src/game/game_fn_8017974C.o
[634/879] EXTERNALIZE build/GEDE01/src/game/game_fn_80179904.o
[635/879] EXTERNALIZE build/GEDE01/src/game/game_fn_8017A9B8.o
[636/879] EXTERNALIZE build/GEDE01/src/game/game_fn_80179A18.o
[637/879] EXTERNALIZE build/GEDE01/src/game/game_fn_80179EB8.o
[638/879] EXTERNALIZE build/GEDE01/src/game/game_fn_80179A74.o
[639/879] EXTERNALIZE build/GEDE01/src/game/game_fn_80179F20.o
[640/879] EXTERNALIZE build/GEDE01/src/game/game_fn_8017A010.o
[641/879] EXTERNALIZE build/GEDE01/src/game/game_fn_8017A12C.o
[642/879] EXTERNALIZE build/GEDE01/src/game/game_fn_8017A1C0.o
[643/879] EXTERNALIZE build/GEDE01/src/game/game_fn_80157C0C.o
[644/879] EXTERNALIZE build/GEDE01/src/game/game_fn_80155814.o
[645/879] EXTERNALIZE build/GEDE01/src/game/game_fn_80153898.o
[646/879] EXTERNALIZE build/GEDE01/src/game/game_fn_8014AF38.o
[647/879] EXTERNALIZE build/GEDE01/src/game/game_fn_8014B494.o
[648/879] EXTERNALIZE build/GEDE01/src/game/game_fn_8012DB28.o
[649/879] EXTERNALIZE build/GEDE01/src/game/game_fn_801141B8.o
[650/879] EXTERNALIZE build/GEDE01/src/game/game_fn_801128E4.o
[651/879] EXTERNALIZE build/GEDE01/src/game/game_fn_801126E0.o
[652/879] EXTERNALIZE build/GEDE01/src/game/game_fn_8010F184.o
[653/879] EXTERNALIZE build/GEDE01/src/game/game_fn_800E4980.o
[654/879] EXTERNALIZE build/GEDE01/src/game/game_fn_800C59F0.o
[655/879] EXTERNALIZE build/GEDE01/src/game/game_fn_800C17EC.o
[656/879] EXTERNALIZE build/GEDE01/src/game/game_fn_800C644C.o
[657/879] EXTERNALIZE build/GEDE01/src/game/game_fn_800C65FC.o
[658/879] EXTERNALIZE build/GEDE01/src/game/game_fn_800CB8F4.o
[659/879] EXTERNALIZE build/GEDE01/src/game/game_fn_800CB760.o
[660/879] EXTERNALIZE build/GEDE01/src/game/game_fn_80078500.o
[661/879] EXTERNALIZE build/GEDE01/src/game/game_fn_80079908.o
[662/879] EXTERNALIZE build/GEDE01/src/game/game_fn_8007B540.o
[663/879] EXTERNALIZE build/GEDE01/src/game/game_fn_8007B2F4.o
[664/879] EXTERNALIZE build/GEDE01/src/game/game_fn_8007B640.o
[665/879] EXTERNALIZE build/GEDE01/src/game/game_fn_8007BA3C.o
[666/879] EXTERNALIZE build/GEDE01/src/game/game_fn_800886D8.o
[667/879] EXTERNALIZE build/GEDE01/src/game/game_fn_800934A0.o
[668/879] EXTERNALIZE build/GEDE01/src/game/game_fn_800A3894.o
[669/879] EXTERNALIZE build/GEDE01/src/game/game_fn_800A7E88.o
[670/879] EXTERNALIZE build/GEDE01/src/game/game_fn_800A4798.o
[671/879] GLOBALIZE build/GEDE01/src/game/game_fn_800A2130.o
[672/879] EXTERNALIZE build/GEDE01/src/game/game_fn_800A2FCC.o
[673/879] EXTERNALIZE build/GEDE01/src/game/game_fn_8009C424.o
[674/879] EXTERNALIZE SWITCHES build/GEDE01/src/game/game_fn_80095FDC.o
[675/879] EXTERNALIZE build/GEDE01/src/game/game_fn_80096830.o
[676/879] GLOBALIZE build/GEDE01/src/game/game_fn_8008F890.o
[677/879] EXTERNALIZE build/GEDE01/src/game/game_fn_80074310.o
[678/879] EXTERNALIZE build/GEDE01/src/game/game_fn_800A4428.o
[679/879] GLOBALIZE build/GEDE01/src/game/game_fn_8005FD84.o
[680/879] EXTERNALIZE build/GEDE01/src/game/game_fn_80066888.o
[681/879] EXTERNALIZE build/GEDE01/src/game/game_fn_8005EC6C.o
[682/879] EXTERNALIZE build/GEDE01/src/game/game_fn_80052310.o
[683/879] EXTERNALIZE build/GEDE01/src/game/game_fn_80048B24.o
[684/879] NAME SWITCH build/GEDE01/src/game/game_fn_80020E94.o
[685/879] NAME SWITCH build/GEDE01/src/game/game_fn_8005EE9C.o
[686/879] NAME SWITCH build/GEDE01/src/game/game_fn_8016D9C0.o
[687/879] NAME SWITCH build/GEDE01/src/game/game_fn_80071A58.o
[688/879] EXTERNALIZE build/GEDE01/src/game/game_fn_80048ADC.o
[689/879] NAME SWITCH build/GEDE01/src/game/game_fn_8006B620.o
[690/879] NAME SWITCH build/GEDE01/src/game/game_fn_8001FE1C.o
[691/879] NAME SWITCH build/GEDE01/src/game/game_fn_8001E644.o
[692/879] EXTERNALIZE build/GEDE01/src/game/game_fn_80038878.o
[693/879] EXTERNALIZE build/GEDE01/src/game/game_fn_801B46C8.o
build/GEDE01/src/game/game_fn_801B46C8.o: lbl_8060C020 now undefined; section 6 emptied
[694/879] EXTERNALIZE build/GEDE01/src/game/game_fn_80036C40.o
[695/879] EXTERNALIZE build/GEDE01/src/game/game_fn_800359A0.o
[696/879] EXTERNALIZE build/GEDE01/src/game/game_fn_80033180.o
[697/879] EXTERNALIZE build/GEDE01/src/game/game_fn_80033038.o
[698/879] EXTERNALIZE build/GEDE01/src/game/game_fn_80032B84.o
[699/879] EXTERNALIZE build/GEDE01/src/game/game_fn_8003232C.o
[700/879] EXTERNALIZE build/GEDE01/src/game/game_fn_8002E3F0.o
[701/879] EXTERNALIZE build/GEDE01/src/game/game_fn_8002DAE0.o
[702/879] EXTERNALIZE build/GEDE01/src/game/game_fn_8002EA68.o
[703/879] EXTERNALIZE build/GEDE01/src/game/game_fn_8002F428.o
[704/879] GLOBALIZE build/GEDE01/src/game/game_fn_8002B748.o
[705/879] NAME SWITCHES build/GEDE01/src/game/game_fn_80024F28.o
[706/879] EXTERNALIZE build/GEDE01/src/game/game_fn_800272B4.o
[707/879] EXTERNALIZE build/GEDE01/src/game/game_fn_8001CE94.o
[708/879] EXTERNALIZE build/GEDE01/src/game/game_fn_8001CD58.o
[709/879] EXTERNALIZE build/GEDE01/src/game/game_fn_8001C078.o
[710/879] EXTERNALIZE build/GEDE01/src/game/game_fn_8001B874.o
[711/879] EXTERNALIZE build/GEDE01/src/game/game_fn_8001B808.o
[712/879] EXTERNALIZE build/GEDE01/src/game/game_fn_8001B294.o
[713/879] EXTERNALIZE build/GEDE01/src/game/game_fn_8001B124.o
[714/879] EXTERNALIZE build/GEDE01/src/game/game_fn_8001ADF8.o
[715/879] EXTERNALIZE build/GEDE01/src/game/game_fn_8001AF68.o
[716/879] EXTERNALIZE build/GEDE01/src/game/game_fn_8001AAB8.o
[717/879] EXTERNALIZE build/GEDE01/src/game/game_fn_8001A6C4.o
[718/879] EXTERNALIZE build/GEDE01/src/game/game_fn_80019F98.o
[719/879] EXTERNALIZE build/GEDE01/src/game/game_fn_80019D2C.o
[720/879] EXTERNALIZE build/GEDE01/src/game/game_fn_80019C10.o
[721/879] EXTERNALIZE build/GEDE01/src/game/game_fn_80019940.o
[722/879] EXTERNALIZE build/GEDE01/src/game/game_fn_800194D0.o
[723/879] EXTERNALIZE build/GEDE01/src/game/game_fn_80019244.o
[724/879] EXTERNALIZE build/GEDE01/src/game/game_fn_80019054.o
[725/879] EXTERNALIZE build/GEDE01/src/game/game_fn_80018EF4.o
[726/879] EXTERNALIZE build/GEDE01/src/game/game_fn_80017DB0.o
[727/879] EXTERNALIZE build/GEDE01/src/game/game_fn_80017CC8.o
[728/879] EXTERNALIZE build/GEDE01/src/game/game_fn_80017C3C.o
[729/879] EXTERNALIZE build/GEDE01/src/game/game_fn_80017A3C.o
[730/879] EXTERNALIZE build/GEDE01/src/game/game_fn_80017AE4.o
[731/879] EXTERNALIZE build/GEDE01/src/game/game_fn_800179AC.o
[732/879] EXTERNALIZE build/GEDE01/src/game/game_fn_80017910.o
[733/879] EXTERNALIZE build/GEDE01/src/game/game_fn_8000FFD8.o
[734/879] EXTERNALIZE FLAGS build/GEDE01/src/game/game_fn_800119FC.o
[735/879] EXTERNALIZE build/GEDE01/src/game/game_fn_8000F4B0.o
[736/879] EXTERNALIZE build/GEDE01/src/game/game_fn_8000EFC4.o
[737/879] GLOBALIZE build/GEDE01/src/game/game_fn_800094C0.o
[738/879] EXTERNALIZE build/GEDE01/src/game/game_fn_800096E0.o
[739/879] EXTERNALIZE build/GEDE01/src/game/game_fn_800098C0.o
[740/879] EXTERNALIZE build/GEDE01/src/game/game_fn_80009AB4.o
[741/879] EXTERNALIZE build/GEDE01/src/game/game_fn_800099D8.o
[742/879] EXTERNALIZE build/GEDE01/src/game/game_fn_800171C0.o
[743/879] EXTERNALIZE build/GEDE01/src/game/game_fn_8000A26C.o
[744/879] EXTERNALIZE build/GEDE01/src/game/game_fn_8000AC88.o
[745/879] EXTERNALIZE build/GEDE01/src/game/game_fn_800176F0.o
[746/879] EXTERNALIZE build/GEDE01/src/game/game_fn_8000AFB4.o
[747/879] EXTERNALIZE build/GEDE01/src/game/game_fn_8000AEB4.o
[748/879] EXTERNALIZE build/GEDE01/src/game/game_fn_8000B1B8.o
[749/879] EXTERNALIZE build/GEDE01/src/game/game_fn_8000B36C.o
[750/879] EXTERNALIZE build/GEDE01/src/game/game_fn_8000B630.o
[751/879] EXTERNALIZE build/GEDE01/src/game/game_fn_8000B7FC.o
[752/879] EXTERNALIZE build/GEDE01/src/game/game_fn_8000B900.o
[753/879] EXTERNALIZE build/GEDE01/src/game/game_fn_8000BA0C.o
[754/879] EXTERNALIZE build/GEDE01/src/game/game_fn_8000BAA0.o
[755/879] EXTERNALIZE build/GEDE01/src/game/game_fn_8000BC40.o
[756/879] EXTERNALIZE build/GEDE01/src/game/game_fn_8000C06C.o
[757/879] EXTERNALIZE build/GEDE01/src/game/game_fn_8000C17C.o
[758/879] EXTERNALIZE build/GEDE01/src/game/game_fn_8000C848.o
[759/879] EXTERNALIZE build/GEDE01/src/game/game_fn_8000C400.o
[760/879] EXTERNALIZE build/GEDE01/src/game/game_fn_8000D0BC.o
[761/879] EXTERNALIZE build/GEDE01/src/game/game_fn_8000C91C.o
[762/879] NAME SWITCH build/GEDE01/src/game/game_fn_8000D8A4.o
[763/879] EXTERNALIZE build/GEDE01/src/game/game_fn_8000D3D4.o
[764/879] EXTERNALIZE build/GEDE01/src/game/game_fn_8000E054.o
[765/879] EXTERNALIZE build/GEDE01/src/game/game_fn_8000E0AC.o
[766/879] EXTERNALIZE build/GEDE01/src/game/game_fn_8000E96C.o
[767/879] EXTERNALIZE build/GEDE01/src/game/game_fn_8000EB14.o
[768/879] EXTERNALIZE build/GEDE01/src/game/game_fn_8000F774.o
[769/879] EXTERNALIZE build/GEDE01/src/game/game_fn_8000ED44.o
[770/879] EXTERNALIZE build/GEDE01/src/game/game_fn_8000EBD4.o
[771/879] EXTERNALIZE build/GEDE01/src/game/game_fn_8000E138.o
[772/879] EXTERNALIZE build/GEDE01/src/game/game_fn_8000E1C4.o
[773/879] EXTERNALIZE build/GEDE01/src/game/game_fn_8000DA50.o
[774/879] EXTERNALIZE build/GEDE01/src/game/game_fn_8000D590.o
[775/879] EXTERNALIZE build/GEDE01/src/game/game_fn_8000DAF4.o
[776/879] EXTERNALIZE build/GEDE01/src/game/game_fn_80012DA8.o
[777/879] EXTERNALIZE build/GEDE01/src/game/game_fn_80012F40.o
[778/879] EXTERNALIZE build/GEDE01/src/game/game_fn_80012FD0.o
[779/879] EXTERNALIZE build/GEDE01/src/game/game_fn_800131E8.o
[780/879] EXTERNALIZE build/GEDE01/src/game/game_fn_80013340.o
[781/879] EXTERNALIZE build/GEDE01/src/game/game_fn_80013870.o
[782/879] EXTERNALIZE build/GEDE01/src/game/game_fn_80013CB0.o
[783/879] EXTERNALIZE build/GEDE01/src/game/game_fn_800142DC.o
[784/879] EXTERNALIZE build/GEDE01/src/game/game_fn_80013D54.o
[785/879] EXTERNALIZE build/GEDE01/src/game/game_fn_800144CC.o
[786/879] EXTERNALIZE build/GEDE01/src/game/game_fn_80014784.o
[787/879] EXTERNALIZE build/GEDE01/src/game/game_fn_800149D4.o
[788/879] EXTERNALIZE build/GEDE01/src/game/game_fn_80015058.o
[789/879] EXTERNALIZE build/GEDE01/src/game/game_fn_80015568.o
[790/879] EXTERNALIZE build/GEDE01/src/game/game_fn_80015320.o
[791/879] EXTERNALIZE build/GEDE01/src/game/game_fn_80015BE0.o
[792/879] EXTERNALIZE build/GEDE01/src/game/game_fn_800156FC.o
[793/879] EXTERNALIZE build/GEDE01/src/game/game_fn_80015D40.o
[794/879] EXTERNALIZE build/GEDE01/src/game/game_fn_80015F04.o
[795/879] EXTERNALIZE build/GEDE01/src/game/game_fn_80016128.o
[796/879] EXTERNALIZE build/GEDE01/src/game/game_fn_80016270.o
[797/879] EXTERNALIZE build/GEDE01/src/game/game_fn_80016904.o
[798/879] EXTERNALIZE build/GEDE01/src/game/game_fn_800173CC.o
[799/879] EXTERNALIZE build/GEDE01/src/game/game_fn_80016B24.o
[800/879] EXTERNALIZE build/GEDE01/src/game/game_fn_801B86C0.o
[801/879] EXTERNALIZE build/GEDE01/src/game/game_fn_801BEF40.o
[802/879] EXTERNALIZE STATIC POOL build/GEDE01/src/game/game_fn_801C4B5C.o
build/GEDE01/src/game/game_fn_801C4B5C.o: lbl_80628CB0 now undefined; section 6 emptied
[803/879] EXTERNALIZE build/GEDE01/src/game/game_fn_801C8600.o
[804/879] EXTERNALIZE build/GEDE01/src/game/game_fn_8001CA04.o
[805/879] EXTERNALIZE build/GEDE01/src/game/game_fn_80031544.o
[806/879] EXTERNALIZE build/GEDE01/src/game/game_fn_8006B0F0.o
[807/879] EXTERNALIZE build/GEDE01/src/game/game_fn_8007D4D8.o
[808/879] EXTERNALIZE build/GEDE01/src/game/game_fn_8007F770.o
[809/879] EXTERNALIZE build/GEDE01/src/game/game_fn_80088F4C.o
[810/879] EXTERNALIZE build/GEDE01/src/game/game_fn_8008A2E0.o
[811/879] EXTERNALIZE build/GEDE01/src/game/game_fn_80095D10.o
[812/879] EXTERNALIZE build/GEDE01/src/game/game_fn_80090004.o
[813/879] EXTERNALIZE build/GEDE01/src/game/game_fn_800A3180.o
[814/879] EXTERNALIZE build/GEDE01/src/game/game_fn_800BB5C4.o
[815/879] EXTERNALIZE build/GEDE01/src/game/game_fn_800BB7A8.o
[816/879] EXTERNALIZE build/GEDE01/src/game/game_fn_800BB9A4.o
[817/879] EXTERNALIZE build/GEDE01/src/game/game_fn_800BBAF0.o
[818/879] EXTERNALIZE build/GEDE01/src/game/game_fn_800D9064.o
[819/879] EXTERNALIZE build/GEDE01/src/game/game_fn_800D9E10.o
[820/879] EXTERNALIZE build/GEDE01/src/game/game_fn_8012976C.o
[821/879] EXTERNALIZE build/GEDE01/src/game/game_fn_8013CBE4.o
[822/879] EXTERNALIZE build/GEDE01/src/game/game_fn_8013DB8C.o
[823/879] EXTERNALIZE build/GEDE01/src/game/game_fn_8014CA98.o
[824/879] EXTERNALIZE build/GEDE01/src/game/game_fn_80153A24.o
[825/879] EXTERNALIZE build/GEDE01/src/game/game_fn_801535D8.o
[826/879] EXTERNALIZE build/GEDE01/src/game/game_fn_80174F2C.o
[827/879] EXTERNALIZE build/GEDE01/src/game/game_fn_8017AC20.o
[828/879] EXTERNALIZE build/GEDE01/src/game/game_fn_8018680C.o
[829/879] EXTERNALIZE build/GEDE01/src/game/game_fn_80186F70.o
[830/879] EXTERNALIZE build/GEDE01/src/game/game_fn_80187320.o
[831/879] EXTERNALIZE build/GEDE01/src/game/game_fn_801810A0.o
[832/879] EXTERNALIZE build/GEDE01/src/game/game_fn_801875FC.o
[833/879] EXTERNALIZE build/GEDE01/src/game/game_fn_800542D0.o
[834/879] EXTERNALIZE build/GEDE01/src/game/game_fn_80187BB4.o
[835/879] EXTERNALIZE build/GEDE01/src/game/game_fn_8018C2D0.o
[836/879] EXTERNALIZE build/GEDE01/src/game/game_fn_8018E0D8.o
[837/879] EXTERNALIZE build/GEDE01/src/game/game_fn_8018D400.o
[838/879] EXTERNALIZE build/GEDE01/src/game/game_fn_8019120C.o
[839/879] EXTERNALIZE build/GEDE01/src/game/game_fn_801926EC.o
[840/879] EXTERNALIZE build/GEDE01/src/game/game_fn_801916D0.o
[841/879] EXTERNALIZE build/GEDE01/src/game/game_fn_801929A4.o
[842/879] EXTERNALIZE build/GEDE01/src/game/game_fn_801A2A54.o
[843/879] EXTERNALIZE build/GEDE01/src/game/game_fn_801A34BC.o
[844/879] EXTERNALIZE build/GEDE01/src/game/game_fn_801A657C.o
[845/879] EXTERNALIZE build/GEDE01/src/game/game_fn_801D1F78.o
[846/879] EXTERNALIZE build/GEDE01/src/game/game_fn_801E2A48.o
[847/879] EXTERNALIZE build/GEDE01/src/game/game_fn_801E6814.o
[848/879] EXTERNALIZE build/GEDE01/src/game/game_fn_801E995C.o
[849/879] EXTERNALIZE build/GEDE01/src/game/game_fn_801F10BC.o
[850/879] EXTERNALIZE build/GEDE01/src/game/game_fn_801EF580.o
[851/879] EXTERNALIZE build/GEDE01/src/game/game_fn_801F35A8.o
[852/879] EXTERNALIZE build/GEDE01/src/game/game_fn_801ECD74.o
[853/879] EXTERNALIZE build/GEDE01/src/game/game_fn_801ED5F4.o
[854/879] EXTERNALIZE build/GEDE01/src/game/game_fn_801F69F0.o
[855/879] EXTERNALIZE build/GEDE01/src/game/game_fn_801F76EC.o
[856/879] EXTERNALIZE build/GEDE01/src/game/game_fn_801F8264.o
[857/879] EXTERNALIZE build/GEDE01/src/game/game_fn_801F89B4.o
[858/879] EXTERNALIZE build/GEDE01/src/game/game_fn_801F9AF8.o
[859/879] EXTERNALIZE build/GEDE01/src/game/game_fn_801F6BD8.o
[860/879] EXTERNALIZE build/GEDE01/src/game/game_fn_801FB6A4.o
[861/879] EXTERNALIZE JUMPTABLES build/GEDE01/src/game/game_fn_800361F8.o
[862/879] EXTERNALIZE JUMPTABLES build/GEDE01/src/game/game_fn_8006E53C.o
[863/879] EXTERNALIZE JUMPTABLES build/GEDE01/src/game/game_fn_800CF598.o
[864/879] EXTERNALIZE JUMPTABLES build/GEDE01/src/game/game_fn_801ACFE8.o
[865/879] EXTERNALIZE build/GEDE01/src/game/game_fn_80154F74.o
[866/879] EXTERNALIZE JUMPTABLES build/GEDE01/src/game/game_fn_801B1BA0.o
[867/879] EXTERNALIZE build/GEDE01/src/game/game_fn_8009E808.o
[868/879] EXTERNALIZE build/GEDE01/src/game/game_fn_801F1A38.o
[869/879] EXTERNALIZE build/GEDE01/src/game/game_fn_801F55A0.o
[870/879] EXTERNALIZE build/GEDE01/src/game/game_fn_801FFE78.o
[871/879] EXTERNALIZE build/GEDE01/src/game/game_fn_801F7510.o
[872/879] EXTERNALIZE build/GEDE01/src/game/game_fn_801F9CF4.o
[873/879] EXTERNALIZE build/GEDE01/src/game/game_fn_801FC034.o
[874/879] EXTERNALIZE build/GEDE01/src/game/game_fn_801FA9C8.o
[875/879] REPORT
 INFO Loading project .
 INFO Generating report for 7068 units (using 8 threads)
 INFO Report generated in 0.186s
 INFO Writing to build/GEDE01/report.json
[876/879] LINK build/GEDE01/main.elf
### mwldeppc.exe Linker Warning:
#   Section '.ignored' is unknown. Section ignored.
### mwldeppc.exe Linker Warning:
#   Section '.ignored' is unknown. Section ignored.
### mwldeppc.exe Linker Warning:
#   Section '.ignored' is unknown. Section ignored.
### mwldeppc.exe Linker Warning:
#   Section '.ignored' is unknown. Section ignored.
### mwldeppc.exe Linker Warning:
#   Section '.ignored' is unknown. Section ignored.
### mwldeppc.exe Linker Warning:
#   Section '.ignored' is unknown. Section ignored.
### mwldeppc.exe Linker Warning:
#   Section '.ignored' is unknown. Section ignored.
### mwldeppc.exe Linker Warning:
#   Section '.ignored' is unknown. Section ignored.
### mwldeppc.exe Linker Warning:
#   Section '.ignored' is unknown. Section ignored.
### mwldeppc.exe Linker Warning:
#   Section '.ignored' is unknown. Section ignored.
### mwldeppc.exe Linker Warning:
#   Section '.ignored' is unknown. Section ignored.
### mwldeppc.exe Linker Warning:
#   Section '.ignored' is unknown. Section ignored.
### mwldeppc.exe Linker Warning:
#   Section '.ignored' is unknown. Section ignored.
### mwldeppc.exe Linker Warning:
#   Section '.ignored' is unknown. Section ignored.
### mwldeppc.exe Linker Warning:
#   Section '.ignored' is unknown. Section ignored.
### mwldeppc.exe Linker Warning:
#   Section '.ignored' is unknown. Section ignored.
### mwldeppc.exe Linker Warning:
#   Section '.ignored' is unknown. Section ignored.
### mwldeppc.exe Linker Warning:
#   Section '.ignored' is unknown. Section ignored.
### mwldeppc.exe Linker Warning:
#   Section '.ignored' is unknown. Section ignored.
### mwldeppc.exe Linker Warning:
#   Section '.ignored' is unknown. Section ignored.
### mwldeppc.exe Linker Warning:
#   Section '.ignored' is unknown. Section ignored.
### mwldeppc.exe Linker Warning:
#   Section '.ignored' is unknown. Section ignored.
### mwldeppc.exe Linker Warning:
#   Section '.ignored' is unknown. Section ignored.
### mwldeppc.exe Linker Warning:
#   Section '.ignored' is unknown. Section ignored.
### mwldeppc.exe Linker Warning:
#   Section '.ignored' is unknown. Section ignored.
### mwldeppc.exe Linker Warning:
#   Section '.ignored' is unknown. Section ignored.
### mwldeppc.exe Linker Warning:
#   Section '.ignored' is unknown. Section ignored.
### mwldeppc.exe Linker Warning:
#   Section '.ignored' is unknown. Section ignored.
### mwldeppc.exe Linker Warning:
#   Section '.ignored' is unknown. Section ignored.
### mwldeppc.exe Linker Warning:
#   Section '.ignored' is unknown. Section ignored.
### mwldeppc.exe Linker Warning:
#   Section '.ignored' is unknown. Section ignored.
### mwldeppc.exe Linker Warning:
#   Section '.ignored' is unknown. Section ignored.
### mwldeppc.exe Linker Warning:
#   Section '.ignored' is unknown. Section ignored.
### mwldeppc.exe Linker Warning:
#   Section '.ignored' is unknown. Section ignored.
### mwldeppc.exe Linker Warning:
#   Section '.ignored' is unknown. Section ignored.
### mwldeppc.exe Linker Warning:
#   Section '.ignored' is unknown. Section ignored.
### mwldeppc.exe Linker Warning:
#   Section '.ignored' is unknown. Section ignored.
### mwldeppc.exe Linker Warning:
#   Section '.ignored' is unknown. Section ignored.
### mwldeppc.exe Linker Warning:
#   Section '.ignored' is unknown. Section ignored.
### mwldeppc.exe Linker Warning:
#   Section '.ignored' is unknown. Section ignored.
### mwldeppc.exe Linker Warning:
#   Section '.ignored' is unknown. Section ignored.
### mwldeppc.exe Linker Warning:
#   Section '.ignored' is unknown. Section ignored.
### mwldeppc.exe Linker Warning:
#   Section '.ignored' is unknown. Section ignored.
### mwldeppc.exe Linker Warning:
#   Section '.ignored' is unknown. Section ignored.
### mwldeppc.exe Linker Warning:
#   Section '.ignored' is unknown. Section ignored.
### mwldeppc.exe Linker Warning:
#   Section '.ignored' is unknown. Section ignored.
### mwldeppc.exe Linker Warning:
#   Section '.ignored' is unknown. Section ignored.
### mwldeppc.exe Linker Warning:
#   Section '.ignored' is unknown. Section ignored.
### mwldeppc.exe Linker Warning:
#   Section '.ignored' is unknown. Section ignored.
### mwldeppc.exe Linker Warning:
#   Section '.ignored' is unknown. Section ignored.
### mwldeppc.exe Linker Warning:
#   Section '.ignored' is unknown. Section ignored.
### mwldeppc.exe Linker Warning:
#   Section '.ignored' is unknown. Section ignored.
### mwldeppc.exe Linker Warning:
#   Section '.ignored' is unknown. Section ignored.
### mwldeppc.exe Linker Warning:
#   Section '.ignored' is unknown. Section ignored.
### mwldeppc.exe Linker Warning:
#   Section '.ignored' is unknown. Section ignored.
### mwldeppc.exe Linker Warning:
#   Section '.ignored' is unknown. Section ignored.
### mwldeppc.exe Linker Warning:
#   Section '.ignored' is unknown. Section ignored.
### mwldeppc.exe Linker Warning:
#   Section '.ignored' is unknown. Section ignored.
### mwldeppc.exe Linker Warning:
#   Section '.ignored' is unknown. Section ignored.
### mwldeppc.exe Linker Warning:
#   Section '.ignored' is unknown. Section ignored.
### mwldeppc.exe Linker Warning:
#   Section '.ignored' is unknown. Section ignored.
### mwldeppc.exe Linker Warning:
#   Section '.ignored' is unknown. Section ignored.
### mwldeppc.exe Linker Warning:
#   Section '.ignored' is unknown. Section ignored.
### mwldeppc.exe Linker Warning:
#   Section '.ignored' is unknown. Section ignored.
### mwldeppc.exe Linker Warning:
#   Section '.ignored' is unknown. Section ignored.
### mwldeppc.exe Linker Warning:
#   Section '.ignored' is unknown. Section ignored.
### mwldeppc.exe Linker Warning:
#   Section '.ignored' is unknown. Section ignored.
### mwldeppc.exe Linker Warning:
#   Section '.ignored' is unknown. Section ignored.
### mwldeppc.exe Linker Warning:
#   Section '.ignored' is unknown. Section ignored.
### mwldeppc.exe Linker Warning:
#   Section '.ignored' is unknown. Section ignored.
### mwldeppc.exe Linker Warning:
#   Section '.ignored' is unknown. Section ignored.
### mwldeppc.exe Linker Warning:
#   Section '.ignored' is unknown. Section ignored.
### mwldeppc.exe Linker Warning:
#   Section '.ignored' is unknown. Section ignored.
### mwldeppc.exe Linker Warning:
#   Section '.ignored' is unknown. Section ignored.
### mwldeppc.exe Linker Warning:
#   Section '.ignored' is unknown. Section ignored.
### mwldeppc.exe Linker Warning:
#   Section '.ignored' is unknown. Section ignored.
### mwldeppc.exe Linker Warning:
#   Section '.ignored' is unknown. Section ignored.
### mwldeppc.exe Linker Warning:
#   Section '.ignored' is unknown. Section ignored.
### mwldeppc.exe Linker Warning:
#   Section '.ignored' is unknown. Section ignored.
### mwldeppc.exe Linker Warning:
#   Section '.ignored' is unknown. Section ignored.
### mwldeppc.exe Linker Warning:
#   Section '.ignored' is unknown. Section ignored.
### mwldeppc.exe Linker Warning:
#   Section '.ignored' is unknown. Section ignored.
### mwldeppc.exe Linker Warning:
#   Section '.ignored' is unknown. Section ignored.
### mwldeppc.exe Linker Warning:
#   Section '.ignored' is unknown. Section ignored.
### mwldeppc.exe Linker Warning:
#   Section '.ignored' is unknown. Section ignored.
### mwldeppc.exe Linker Warning:
#   Section '.ignored' is unknown. Section ignored.
### mwldeppc.exe Linker Warning:
#   Section '.ignored' is unknown. Section ignored.
### mwldeppc.exe Linker Warning:
#   Section '.ignored' is unknown. Section ignored.
### mwldeppc.exe Linker Warning:
#   Section '.ignored' is unknown. Section ignored.
### mwldeppc.exe Linker Warning:
#   Section '.ignored' is unknown. Section ignored.
### mwldeppc.exe Linker Warning:
#   Section '.ignored' is unknown. Section ignored.
### mwldeppc.exe Linker Warning:
#   Section '.ignored' is unknown. Section ignored.
### mwldeppc.exe Linker Warning:
#   Section '.ignored' is unknown. Section ignored.
### mwldeppc.exe Linker Warning:
#   Section '.ignored' is unknown. Section ignored.
### mwldeppc.exe Linker Warning:
#   Section '.ignored' is unknown. Section ignored.
### mwldeppc.exe Linker Warning:
#   Section '.ignored' is unknown. Section ignored.
### mwldeppc.exe Linker Warning:
#   Section '.ignored' is unknown. Section ignored.
### mwldeppc.exe Linker Warning:
#   Section '.ignored' is unknown. Section ignored.
### mwldeppc.exe Linker Warning:
#   Section '.ignored' is unknown. Section ignored.
### mwldeppc.exe Linker Warning:
#   Section '.ignored' is unknown. Section ignored.
### mwldeppc.exe Linker Warning:
#   Section '.ignored' is unknown. Section ignored.
### mwldeppc.exe Linker Warning:
#   Section '.ignored' is unknown. Section ignored.
### mwldeppc.exe Linker Warning:
#   Section '.ignored' is unknown. Section ignored.
### mwldeppc.exe Linker Warning:
#   Section '.ignored' is unknown. Section ignored.
### mwldeppc.exe Linker Warning:
#   Section '.ignored' is unknown. Section ignored.
### mwldeppc.exe Linker Warning:
#   Section '.ignored' is unknown. Section ignored.
### mwldeppc.exe Linker Warning:
#   Section '.ignored' is unknown. Section ignored.
### mwldeppc.exe Linker Warning:
#   Section '.ignored' is unknown. Section ignored.
### mwldeppc.exe Linker Warning:
#   Section '.ignored' is unknown. Section ignored.
### mwldeppc.exe Linker Warning:
#   Section '.ignored' is unknown. Section ignored.
### mwldeppc.exe Linker Warning:
#   Section '.ignored' is unknown. Section ignored.
### mwldeppc.exe Linker Warning:
#   Section '.ignored' is unknown. Section ignored.
### mwldeppc.exe Linker Warning:
#   Section '.ignored' is unknown. Section ignored.
### mwldeppc.exe Linker Warning:
#   Section '.ignored' is unknown. Section ignored.
### mwldeppc.exe Linker Warning:
#   Section '.ignored' is unknown. Section ignored.
### mwldeppc.exe Linker Warning:
#   Section '.ignored' is unknown. Section ignored.
### mwldeppc.exe Linker Warning:
#   Section '.ignored' is unknown. Section ignored.
### mwldeppc.exe Linker Warning:
#   Section '.ignored' is unknown. Section ignored.
### mwldeppc.exe Linker Warning:
#   Section '.ignored' is unknown. Section ignored.
### mwldeppc.exe Linker Warning:
#   Section '.ignored' is unknown. Section ignored.
### mwldeppc.exe Linker Warning:
#   Section '.ignored' is unknown. Section ignored.
### mwldeppc.exe Linker Warning:
#   Section '.ignored' is unknown. Section ignored.
### mwldeppc.exe Linker Warning:
#   Section '.ignored' is unknown. Section ignored.
### mwldeppc.exe Linker Warning:
#   Section '.ignored' is unknown. Section ignored.
### mwldeppc.exe Linker Warning:
#   Section '.ignored' is unknown. Section ignored.
### mwldeppc.exe Linker Warning:
#   Section '.ignored' is unknown. Section ignored.
### mwldeppc.exe Linker Warning:
#   Section '.ignored' is unknown. Section ignored.
### mwldeppc.exe Linker Warning:
#   Section '.ignored' is unknown. Section ignored.
### mwldeppc.exe Linker Warning:
#   Section '.ignored' is unknown. Section ignored.
### mwldeppc.exe Linker Warning:
#   Section '.ignored' is unknown. Section ignored.
### mwldeppc.exe Linker Warning:
#   Section '.ignored' is unknown. Section ignored.
### mwldeppc.exe Linker Warning:
#   Section '.ignored' is unknown. Section ignored.
### mwldeppc.exe Linker Warning:
#   Section '.ignored' is unknown. Section ignored.
### mwldeppc.exe Linker Warning:
#   Section '.ignored' is unknown. Section ignored.
### mwldeppc.exe Linker Warning:
#   Section '.ignored' is unknown. Section ignored.
### mwldeppc.exe Linker Warning:
#   Section '.ignored' is unknown. Section ignored.
### mwldeppc.exe Linker Warning:
#   Section '.ignored' is unknown. Section ignored.
### mwldeppc.exe Linker Warning:
#   Section '.ignored' is unknown. Section ignored.
### mwldeppc.exe Linker Warning:
#   Section '.ignored' is unknown. Section ignored.
### mwldeppc.exe Linker Warning:
#   Section '.ignored' is unknown. Section ignored.
### mwldeppc.exe Linker Warning:
#   Section '.ignored' is unknown. Section ignored.
### mwldeppc.exe Linker Warning:
#   Section '.ignored' is unknown. Section ignored.
### mwldeppc.exe Linker Warning:
#   Section '.ignored' is unknown. Section ignored.
### mwldeppc.exe Linker Warning:
#   Section '.ignored' is unknown. Section ignored.
### mwldeppc.exe Linker Warning:
#   Section '.ignored' is unknown. Section ignored.
### mwldeppc.exe Linker Warning:
#   Section '.ignored' is unknown. Section ignored.
### mwldeppc.exe Linker Warning:
#   Section '.ignored' is unknown. Section ignored.
### mwldeppc.exe Linker Warning:
#   Section '.ignored' is unknown. Section ignored.
### mwldeppc.exe Linker Warning:
#   Section '.ignored' is unknown. Section ignored.
### mwldeppc.exe Linker Warning:
#   Section '.ignored' is unknown. Section ignored.
### mwldeppc.exe Linker Warning:
#   Section '.ignored' is unknown. Section ignored.
### mwldeppc.exe Linker Warning:
#   Section '.ignored' is unknown. Section ignored.
### mwldeppc.exe Linker Warning:
#   Section '.ignored' is unknown. Section ignored.
### mwldeppc.exe Linker Warning:
#   Section '.ignored' is unknown. Section ignored.
### mwldeppc.exe Linker Warning:
#   Section '.ignored' is unknown. Section ignored.
### mwldeppc.exe Linker Warning:
#   Section '.ignored' is unknown. Section ignored.
### mwldeppc.exe Linker Warning:
#   Section '.ignored' is unknown. Section ignored.
### mwldeppc.exe Linker Warning:
#   Section '.ignored' is unknown. Section ignored.
### mwldeppc.exe Linker Warning:
#   Section '.ignored' is unknown. Section ignored.
### mwldeppc.exe Linker Warning:
#   Section '.ignored' is unknown. Section ignored.
### mwldeppc.exe Linker Warning:
#   Section '.ignored' is unknown. Section ignored.
### mwldeppc.exe Linker Warning:
#   Section '.ignored' is unknown. Section ignored.
### mwldeppc.exe Linker Warning:
#   Section '.ignored' is unknown. Section ignored.
### mwldeppc.exe Linker Warning:
#   Section '.ignored' is unknown. Section ignored.
### mwldeppc.exe Linker Warning:
#   Section '.ignored' is unknown. Section ignored.
### mwldeppc.exe Linker Warning:
#   Section '.ignored' is unknown. Section ignored.
### mwldeppc.exe Linker Warning:
#   Section '.ignored' is unknown. Section ignored.
### mwldeppc.exe Linker Warning:
#   Section '.ignored' is unknown. Section ignored.
### mwldeppc.exe Linker Warning:
#   Section '.ignored' is unknown. Section ignored.
### mwldeppc.exe Linker Warning:
#   Section '.ignored' is unknown. Section ignored.
### mwldeppc.exe Linker Warning:
#   Section '.ignored' is unknown. Section ignored.
### mwldeppc.exe Linker Warning:
#   Section '.ignored' is unknown. Section ignored.
### mwldeppc.exe Linker Warning:
#   Section '.ignored' is unknown. Section ignored.
### mwldeppc.exe Linker Warning:
#   Section '.ignored' is unknown. Section ignored.
### mwldeppc.exe Linker Warning:
#   Section '.ignored' is unknown. Section ignored.
### mwldeppc.exe Linker Warning:
#   Section '.ignored' is unknown. Section ignored.
### mwldeppc.exe Linker Warning:
#   Section '.ignored' is unknown. Section ignored.
### mwldeppc.exe Linker Warning:
#   Section '.ignored' is unknown. Section ignored.
### mwldeppc.exe Linker Warning:
#   Section '.ignored' is unknown. Section ignored.
### mwldeppc.exe Linker Warning:
#   Section '.ignored' is unknown. Section ignored.
### mwldeppc.exe Linker Warning:
#   Section '.ignored' is unknown. Section ignored.
### mwldeppc.exe Linker Warning:
#   Section '.ignored' is unknown. Section ignored.
### mwldeppc.exe Linker Warning:
#   Section '.ignored' is unknown. Section ignored.
### mwldeppc.exe Linker Warning:
#   Section '.ignored' is unknown. Section ignored.
### mwldeppc.exe Linker Warning:
#   Section '.ignored' is unknown. Section ignored.
### mwldeppc.exe Linker Warning:
#   Section '.ignored' is unknown. Section ignored.
### mwldeppc.exe Linker Warning:
#   Section '.ignored' is unknown. Section ignored.
### mwldeppc.exe Linker Warning:
#   Section '.ignored' is unknown. Section ignored.
### mwldeppc.exe Linker Warning:
#   Section '.ignored' is unknown. Section ignored.
### mwldeppc.exe Linker Warning:
#   Section '.ignored' is unknown. Section ignored.
### mwldeppc.exe Linker Warning:
#   Section '.ignored' is unknown. Section ignored.
### mwldeppc.exe Linker Warning:
#   Section '.ignored' is unknown. Section ignored.
### mwldeppc.exe Linker Warning:
#   Section '.ignored' is unknown. Section ignored.
### mwldeppc.exe Linker Warning:
#   Section '.ignored' is unknown. Section ignored.
### mwldeppc.exe Linker Warning:
#   Section '.ignored' is unknown. Section ignored.
### mwldeppc.exe Linker Warning:
#   Section '.ignored' is unknown. Section ignored.
### mwldeppc.exe Linker Warning:
#   Section '.ignored' is unknown. Section ignored.
### mwldeppc.exe Linker Warning:
#   Section '.ignored' is unknown. Section ignored.
### mwldeppc.exe Linker Warning:
#   Section '.ignored' is unknown. Section ignored.
### mwldeppc.exe Linker Warning:
#   Section '.ignored' is unknown. Section ignored.
### mwldeppc.exe Linker Warning:
#   Section '.ignored' is unknown. Section ignored.
### mwldeppc.exe Linker Warning:
#   Section '.ignored' is unknown. Section ignored.
### mwldeppc.exe Linker Warning:
#   Section '.ignored' is unknown. Section ignored.
### mwldeppc.exe Linker Warning:
#   Section '.ignored' is unknown. Section ignored.
### mwldeppc.exe Linker Warning:
#   Section '.ignored' is unknown. Section ignored.
### mwldeppc.exe Linker Warning:
#   Section '.ignored' is unknown. Section ignored.
### mwldeppc.exe Linker Warning:
#   Section '.ignored' is unknown. Section ignored.
### mwldeppc.exe Linker Warning:
#   Section '.ignored' is unknown. Section ignored.
### mwldeppc.exe Linker Warning:
#   Section '.ignored' is unknown. Section ignored.
### mwldeppc.exe Linker Warning:
#   Section '.ignored' is unknown. Section ignored.
### mwldeppc.exe Linker Warning:
#   Section '.ignored' is unknown. Section ignored.
### mwldeppc.exe Linker Warning:
#   Section '.ignored' is unknown. Section ignored.
### mwldeppc.exe Linker Warning:
#   Section '.ignored' is unknown. Section ignored.
### mwldeppc.exe Linker Warning:
#   Section '.ignored' is unknown. Section ignored.
### mwldeppc.exe Linker Warning:
#   Section '.ignored' is unknown. Section ignored.
### mwldeppc.exe Linker Warning:
#   Section '.ignored' is unknown. Section ignored.
### mwldeppc.exe Linker Warning:
#   Section '.ignored' is unknown. Section ignored.
### mwldeppc.exe Linker Warning:
#   Section '.ignored' is unknown. Section ignored.
### mwldeppc.exe Linker Warning:
#   Section '.ignored' is unknown. Section ignored.
### mwldeppc.exe Linker Warning:
#   Section '.ignored' is unknown. Section ignored.
### mwldeppc.exe Linker Warning:
#   Section '.ignored' is unknown. Section ignored.
### mwldeppc.exe Linker Warning:
#   Section '.ignored' is unknown. Section ignored.
### mwldeppc.exe Linker Warning:
#   Section '.ignored' is unknown. Section ignored.
### mwldeppc.exe Linker Warning:
#   Section '.ignored' is unknown. Section ignored.
### mwldeppc.exe Linker Warning:
#   Section '.ignored' is unknown. Section ignored.
### mwldeppc.exe Linker Warning:
#   Section '.ignored' is unknown. Section ignored.
### mwldeppc.exe Linker Warning:
#   Section '.ignored' is unknown. Section ignored.
### mwldeppc.exe Linker Warning:
#   Section '.ignored' is unknown. Section ignored.
### mwldeppc.exe Linker Warning:
#   Section '.ignored' is unknown. Section ignored.
### mwldeppc.exe Linker Warning:
#   Section '.ignored' is unknown. Section ignored.
### mwldeppc.exe Linker Warning:
#   Section '.ignored' is unknown. Section ignored.
### mwldeppc.exe Linker Warning:
#   Section '.ignored' is unknown. Section ignored.
### mwldeppc.exe Linker Warning:
#   Section '.ignored' is unknown. Section ignored.
### mwldeppc.exe Linker Warning:
#   Section '.ignored' is unknown. Section ignored.
### mwldeppc.exe Linker Warning:
#   Section '.ignored' is unknown. Section ignored.
### mwldeppc.exe Linker Warning:
#   Section '.ignored' is unknown. Section ignored.
### mwldeppc.exe Linker Warning:
#   Section '.ignored' is unknown. Section ignored.
### mwldeppc.exe Linker Warning:
#   Section '.ignored' is unknown. Section ignored.
### mwldeppc.exe Linker Warning:
#   Section '.ignored' is unknown. Section ignored.
### mwldeppc.exe Linker Warning:
#   Section '.ignored' is unknown. Section ignored.
### mwldeppc.exe Linker Warning:
#   Section '.ignored' is unknown. Section ignored.
### mwldeppc.exe Linker Warning:
#   Section '.ignored' is unknown. Section ignored.
### mwldeppc.exe Linker Warning:
#   Section '.ignored' is unknown. Section ignored.
### mwldeppc.exe Linker Warning:
#   Section '.ignored' is unknown. Section ignored.
### mwldeppc.exe Linker Warning:
#   Section '.ignored' is unknown. Section ignored.
### mwldeppc.exe Linker Warning:
#   Section '.ignored' is unknown. Section ignored.
### mwldeppc.exe Linker Warning:
#   Section '.ignored' is unknown. Section ignored.
### mwldeppc.exe Linker Warning:
#   Section '.ignored' is unknown. Section ignored.
### mwldeppc.exe Linker Warning:
#   Section '.ignored' is unknown. Section ignored.
### mwldeppc.exe Linker Warning:
#   Section '.ignored' is unknown. Section ignored.
### mwldeppc.exe Linker Warning:
#   Section '.ignored' is unknown. Section ignored.
### mwldeppc.exe Linker Warning:
#   Section '.ignored' is unknown. Section ignored.
### mwldeppc.exe Linker Warning:
#   Section '.ignored' is unknown. Section ignored.
### mwldeppc.exe Linker Warning:
#   Section '.ignored' is unknown. Section ignored.
### mwldeppc.exe Linker Warning:
#   Section '.ignored' is unknown. Section ignored.
### mwldeppc.exe Linker Warning:
#   Section '.ignored' is unknown. Section ignored.
### mwldeppc.exe Linker Warning:
#   Section '.ignored' is unknown. Section ignored.
### mwldeppc.exe Linker Warning:
#   Section '.ignored' is unknown. Section ignored.
### mwldeppc.exe Linker Warning:
#   Section '.ignored' is unknown. Section ignored.
### mwldeppc.exe Linker Warning:
#   Section '.ignored' is unknown. Section ignored.
### mwldeppc.exe Linker Warning:
#   Section '.ignored' is unknown. Section ignored.
### mwldeppc.exe Linker Warning:
#   Section '.ignored' is unknown. Section ignored.
### mwldeppc.exe Linker Warning:
#   Section '.ignored' is unknown. Section ignored.
### mwldeppc.exe Linker Warning:
#   Section '.ignored' is unknown. Section ignored.
### mwldeppc.exe Linker Warning:
#   Section '.ignored' is unknown. Section ignored.
### mwldeppc.exe Linker Warning:
#   Section '.ignored' is unknown. Section ignored.
### mwldeppc.exe Linker Warning:
#   Section '.ignored' is unknown. Section ignored.
### mwldeppc.exe Linker Warning:
#   Section '.ignored' is unknown. Section ignored.
### mwldeppc.exe Linker Warning:
#   Section '.ignored' is unknown. Section ignored.
### mwldeppc.exe Linker Warning:
#   Section '.ignored' is unknown. Section ignored.
### mwldeppc.exe Linker Warning:
#   Section '.ignored' is unknown. Section ignored.
### mwldeppc.exe Linker Warning:
#   Section '.ignored' is unknown. Section ignored.
### mwldeppc.exe Linker Warning:
#   Section '.ignored' is unknown. Section ignored.
### mwldeppc.exe Linker Warning:
#   Section '.ignored' is unknown. Section ignored.
### mwldeppc.exe Linker Warning:
#   Section '.ignored' is unknown. Section ignored.
### mwldeppc.exe Linker Warning:
#   Section '.ignored' is unknown. Section ignored.
### mwldeppc.exe Linker Warning:
#   Section '.ignored' is unknown. Section ignored.
### mwldeppc.exe Linker Warning:
#   Section '.ignored' is unknown. Section ignored.
### mwldeppc.exe Linker Warning:
#   Section '.ignored' is unknown. Section ignored.
### mwldeppc.exe Linker Warning:
#   Section '.ignored' is unknown. Section ignored.
### mwldeppc.exe Linker Warning:
#   Section '.ignored' is unknown. Section ignored.
### mwldeppc.exe Linker Warning:
#   Section '.ignored' is unknown. Section ignored.
### mwldeppc.exe Linker Warning:
#   Section '.ignored' is unknown. Section ignored.
### mwldeppc.exe Linker Warning:
#   Section '.ignored' is unknown. Section ignored.
### mwldeppc.exe Linker Warning:
#   Section '.ignored' is unknown. Section ignored.
### mwldeppc.exe Linker Warning:
#   Section '.ignored' is unknown. Section ignored.
### mwldeppc.exe Linker Warning:
#   Section '.ignored' is unknown. Section ignored.
### mwldeppc.exe Linker Warning:
#   Section '.ignored' is unknown. Section ignored.
### mwldeppc.exe Linker Warning:
#   Section '.ignored' is unknown. Section ignored.
### mwldeppc.exe Linker Warning:
#   Section '.ignored' is unknown. Section ignored.
### mwldeppc.exe Linker Warning:
#   Section '.ignored' is unknown. Section ignored.
### mwldeppc.exe Linker Warning:
#   Section '.ignored' is unknown. Section ignored.
### mwldeppc.exe Linker Warning:
#   Section '.ignored' is unknown. Section ignored.
### mwldeppc.exe Linker Warning:
#   Section '.ignored' is unknown. Section ignored.
### mwldeppc.exe Linker Warning:
#   Section '.ignored' is unknown. Section ignored.
### mwldeppc.exe Linker Warning:
#   Section '.ignored' is unknown. Section ignored.
### mwldeppc.exe Linker Warning:
#   Section '.ignored' is unknown. Section ignored.
### mwldeppc.exe Linker Warning:
#   Section '.ignored' is unknown. Section ignored.
### mwldeppc.exe Linker Warning:
#   Section '.ignored' is unknown. Section ignored.
### mwldeppc.exe Linker Warning:
#   Section '.ignored' is unknown. Section ignored.
### mwldeppc.exe Linker Warning:
#   Section '.ignored' is unknown. Section ignored.
### mwldeppc.exe Linker Warning:
#   Section '.ignored' is unknown. Section ignored.
### mwldeppc.exe Linker Warning:
#   Section '.ignored' is unknown. Section ignored.
### mwldeppc.exe Linker Warning:
#   Section '.ignored' is unknown. Section ignored.
### mwldeppc.exe Linker Warning:
#   Section '.ignored' is unknown. Section ignored.
### mwldeppc.exe Linker Warning:
#   Section '.ignored' is unknown. Section ignored.
### mwldeppc.exe Linker Warning:
#   Section '.ignored' is unknown. Section ignored.
### mwldeppc.exe Linker Warning:
#   Section '.ignored' is unknown. Section ignored.
### mwldeppc.exe Linker Warning:
#   Section '.ignored' is unknown. Section ignored.
### mwldeppc.exe Linker Warning:
#   Section '.ignored' is unknown. Section ignored.
### mwldeppc.exe Linker Warning:
#   Section '.ignored' is unknown. Section ignored.
### mwldeppc.exe Linker Warning:
#   Section '.ignored' is unknown. Section ignored.
### mwldeppc.exe Linker Warning:
#   Section '.ignored' is unknown. Section ignored.
### mwldeppc.exe Linker Warning:
#   Section '.ignored' is unknown. Section ignored.
### mwldeppc.exe Linker Warning:
#   Section '.ignored' is unknown. Section ignored.
### mwldeppc.exe Linker Warning:
#   Section '.ignored' is unknown. Section ignored.
### mwldeppc.exe Linker Warning:
#   Section '.ignored' is unknown. Section ignored.
### mwldeppc.exe Linker Warning:
#   Section '.ignored' is unknown. Section ignored.
### mwldeppc.exe Linker Warning:
#   Section '.ignored' is unknown. Section ignored.
### mwldeppc.exe Linker Warning:
#   Section '.ignored' is unknown. Section ignored.
### mwldeppc.exe Linker Warning:
#   Section '.ignored' is unknown. Section ignored.
### mwldeppc.exe Linker Warning:
#   Section '.ignored' is unknown. Section ignored.
### mwldeppc.exe Linker Warning:
#   Section '.ignored' is unknown. Section ignored.
### mwldeppc.exe Linker Warning:
#   Section '.ignored' is unknown. Section ignored.
### mwldeppc.exe Linker Warning:
#   Section '.ignored' is unknown. Section ignored.
### mwldeppc.exe Linker Warning:
#   Section '.ignored' is unknown. Section ignored.
### mwldeppc.exe Linker Warning:
#   Section '.ignored' is unknown. Section ignored.
### mwldeppc.exe Linker Warning:
#   Section '.ignored' is unknown. Section ignored.
### mwldeppc.exe Linker Warning:
#   Section '.ignored' is unknown. Section ignored.
### mwldeppc.exe Linker Warning:
#   Section '.ignored' is unknown. Section ignored.
### mwldeppc.exe Linker Warning:
#   Section '.ignored' is unknown. Section ignored.
### mwldeppc.exe Linker Warning:
#   Section '.ignored' is unknown. Section ignored.
### mwldeppc.exe Linker Warning:
#   Section '.ignored' is unknown. Section ignored.
### mwldeppc.exe Linker Warning:
#   Section '.ignored' is unknown. Section ignored.
### mwldeppc.exe Linker Warning:
#   Section '.ignored' is unknown. Section ignored.
### mwldeppc.exe Linker Warning:
#   Section '.ignored' is unknown. Section ignored.
### mwldeppc.exe Linker Warning:
#   Section '.ignored' is unknown. Section ignored.
### mwldeppc.exe Linker Warning:
#   Section '.ignored' is unknown. Section ignored.
### mwldeppc.exe Linker Warning:
#   Section '.ignored' is unknown. Section ignored.
### mwldeppc.exe Linker Warning:
#   Section '.ignored' is unknown. Section ignored.
### mwldeppc.exe Linker Warning:
#   Section '.ignored' is unknown. Section ignored.
### mwldeppc.exe Linker Warning:
#   Section '.ignored' is unknown. Section ignored.
### mwldeppc.exe Linker Warning:
#   Section '.ignored' is unknown. Section ignored.
### mwldeppc.exe Linker Warning:
#   Section '.ignored' is unknown. Section ignored.
### mwldeppc.exe Linker Warning:
#   Section '.ignored' is unknown. Section ignored.
### mwldeppc.exe Linker Warning:
#   Section '.ignored' is unknown. Section ignored.
### mwldeppc.exe Linker Warning:
#   Section '.ignored' is unknown. Section ignored.
### mwldeppc.exe Linker Warning:
#   Section '.ignored' is unknown. Section ignored.
### mwldeppc.exe Linker Warning:
#   Section '.ignored' is unknown. Section ignored.
### mwldeppc.exe Linker Warning:
#   Section '.ignored' is unknown. Section ignored.
### mwldeppc.exe Linker Warning:
#   Section '.ignored' is unknown. Section ignored.
### mwldeppc.exe Linker Warning:
#   Section '.ignored' is unknown. Section ignored.
### mwldeppc.exe Linker Warning:
#   Section '.ignored' is unknown. Section ignored.
### mwldeppc.exe Linker Warning:
#   Section '.ignored' is unknown. Section ignored.
### mwldeppc.exe Linker Warning:
#   Section '.ignored' is unknown. Section ignored.
### mwldeppc.exe Linker Warning:
#   Section '.ignored' is unknown. Section ignored.
### mwldeppc.exe Linker Warning:
#   Section '.ignored' is unknown. Section ignored.
### mwldeppc.exe Linker Warning:
#   Section '.ignored' is unknown. Section ignored.
### mwldeppc.exe Linker Warning:
#   Section '.ignored' is unknown. Section ignored.
### mwldeppc.exe Linker Warning:
#   Section '.ignored' is unknown. Section ignored.
### mwldeppc.exe Linker Warning:
#   Section '.ignored' is unknown. Section ignored.
### mwldeppc.exe Linker Warning:
#   Section '.ignored' is unknown. Section ignored.
### mwldeppc.exe Linker Warning:
#   Section '.ignored' is unknown. Section ignored.
### mwldeppc.exe Linker Warning:
#   Section '.ignored' is unknown. Section ignored.
### mwldeppc.exe Linker Warning:
#   Section '.ignored' is unknown. Section ignored.
### mwldeppc.exe Linker Warning:
#   Section '.ignored' is unknown. Section ignored.
### mwldeppc.exe Linker Warning:
#   Section '.ignored' is unknown. Section ignored.
### mwldeppc.exe Linker Warning:
#   Section '.ignored' is unknown. Section ignored.
### mwldeppc.exe Linker Warning:
#   Section '.ignored' is unknown. Section ignored.
### mwldeppc.exe Linker Warning:
#   Section '.ignored' is unknown. Section ignored.
### mwldeppc.exe Linker Warning:
#   Section '.ignored' is unknown. Section ignored.
### mwldeppc.exe Linker Warning:
#   Section '.ignored' is unknown. Section ignored.
### mwldeppc.exe Linker Warning:
#   Section '.ignored' is unknown. Section ignored.
### mwldeppc.exe Linker Warning:
#   Section '.ignored' is unknown. Section ignored.
### mwldeppc.exe Linker Warning:
#   Section '.ignored' is unknown. Section ignored.
### mwldeppc.exe Linker Warning:
#   Section '.ignored' is unknown. Section ignored.
### mwldeppc.exe Linker Warning:
#   Section '.ignored' is unknown. Section ignored.
### mwldeppc.exe Linker Warning:
#   Section '.ignored' is unknown. Section ignored.
### mwldeppc.exe Linker Warning:
#   Section '.ignored' is unknown. Section ignored.
### mwldeppc.exe Linker Warning:
#   Section '.ignored' is unknown. Section ignored.
### mwldeppc.exe Linker Warning:
#   Section '.ignored' is unknown. Section ignored.
### mwldeppc.exe Linker Warning:
#   Section '.ignored' is unknown. Section ignored.
### mwldeppc.exe Linker Warning:
#   Section '.ignored' is unknown. Section ignored.
### mwldeppc.exe Linker Warning:
#   Section '.ignored' is unknown. Section ignored.
### mwldeppc.exe Linker Warning:
#   Section '.ignored' is unknown. Section ignored.
### mwldeppc.exe Linker Warning:
#   Section '.ignored' is unknown. Section ignored.
### mwldeppc.exe Linker Warning:
#   Section '.ignored' is unknown. Section ignored.
### mwldeppc.exe Linker Warning:
#   Section '.ignored' is unknown. Section ignored.
### mwldeppc.exe Linker Warning:
#   Section '.ignored' is unknown. Section ignored.
### mwldeppc.exe Linker Warning:
#   Section '.ignored' is unknown. Section ignored.
### mwldeppc.exe Linker Warning:
#   Section '.ignored' is unknown. Section ignored.
### mwldeppc.exe Linker Warning:
#   Section '.ignored' is unknown. Section ignored.
### mwldeppc.exe Linker Warning:
#   Section '.ignored' is unknown. Section ignored.
### mwldeppc.exe Linker Warning:
#   Section '.ignored' is unknown. Section ignored.
### mwldeppc.exe Linker Warning:
#   Section '.ignored' is unknown. Section ignored.
### mwldeppc.exe Linker Warning:
#   Section '.ignored' is unknown. Section ignored.
### mwldeppc.exe Linker Warning:
#   Section '.ignored' is unknown. Section ignored.
### mwldeppc.exe Linker Warning:
#   Section '.ignored' is unknown. Section ignored.
### mwldeppc.exe Linker Warning:
#   Section '.ignored' is unknown. Section ignored.
### mwldeppc.exe Linker Warning:
#   Section '.ignored' is unknown. Section ignored.
### mwldeppc.exe Linker Warning:
#   Section '.ignored' is unknown. Section ignored.
### mwldeppc.exe Linker Warning:
#   Section '.ignored' is unknown. Section ignored.
### mwldeppc.exe Linker Warning:
#   Section '.ignored' is unknown. Section ignored.
### mwldeppc.exe Linker Warning:
#   Section '.ignored' is unknown. Section ignored.
### mwldeppc.exe Linker Warning:
#   Section '.ignored' is unknown. Section ignored.
### mwldeppc.exe Linker Warning:
#   Section '.ignored' is unknown. Section ignored.
### mwldeppc.exe Linker Warning:
#   Section '.ignored' is unknown. Section ignored.
### mwldeppc.exe Linker Warning:
#   Section '.ignored' is unknown. Section ignored.
### mwldeppc.exe Linker Warning:
#   Section '.ignored' is unknown. Section ignored.
### mwldeppc.exe Linker Warning:
#   Section '.ignored' is unknown. Section ignored.
### mwldeppc.exe Linker Warning:
#   Section '.ignored' is unknown. Section ignored.
### mwldeppc.exe Linker Warning:
#   Section '.ignored' is unknown. Section ignored.
### mwldeppc.exe Linker Warning:
#   Section '.ignored' is unknown. Section ignored.
### mwldeppc.exe Linker Warning:
#   Section '.ignored' is unknown. Section ignored.
### mwldeppc.exe Linker Warning:
#   Section '.ignored' is unknown. Section ignored.
### mwldeppc.exe Linker Warning:
#   Section '.ignored' is unknown. Section ignored.
### mwldeppc.exe Linker Warning:
#   Section '.ignored' is unknown. Section ignored.
### mwldeppc.exe Linker Warning:
#   Section '.ignored' is unknown. Section ignored.
### mwldeppc.exe Linker Warning:
#   Section '.ignored' is unknown. Section ignored.
### mwldeppc.exe Linker Warning:
#   Section '.ignored' is unknown. Section ignored.
### mwldeppc.exe Linker Warning:
#   Section '.ignored' is unknown. Section ignored.
### mwldeppc.exe Linker Warning:
#   Section '.ignored' is unknown. Section ignored.
### mwldeppc.exe Linker Warning:
#   Section '.ignored' is unknown. Section ignored.
### mwldeppc.exe Linker Warning:
#   Section '.ignored' is unknown. Section ignored.
### mwldeppc.exe Linker Warning:
#   Section '.ignored' is unknown. Section ignored.
### mwldeppc.exe Linker Warning:
#   Section '.ignored' is unknown. Section ignored.
### mwldeppc.exe Linker Warning:
#   Section '.ignored' is unknown. Section ignored.
### mwldeppc.exe Linker Warning:
#   Section '.ignored' is unknown. Section ignored.
### mwldeppc.exe Linker Warning:
#   Section '.ignored' is unknown. Section ignored.
### mwldeppc.exe Linker Warning:
#   Section '.ignored' is unknown. Section ignored.
### mwldeppc.exe Linker Warning:
#   Section '.ignored' is unknown. Section ignored.
### mwldeppc.exe Linker Warning:
#   Section '.ignored' is unknown. Section ignored.
### mwldeppc.exe Linker Warning:
#   Section '.ignored' is unknown. Section ignored.
### mwldeppc.exe Linker Warning:
#   Section '.ignored' is unknown. Section ignored.
### mwldeppc.exe Linker Warning:
#   Section '.ignored' is unknown. Section ignored.
### mwldeppc.exe Linker Warning:
#   Section '.ignored' is unknown. Section ignored.
### mwldeppc.exe Linker Warning:
#   Section '.ignored' is unknown. Section ignored.
### mwldeppc.exe Linker Warning:
#   Section '.ignored' is unknown. Section ignored.
### mwldeppc.exe Linker Warning:
#   Section '.ignored' is unknown. Section ignored.
### mwldeppc.exe Linker Warning:
#   Section '.ignored' is unknown. Section ignored.
### mwldeppc.exe Linker Warning:
#   Section '.ignored' is unknown. Section ignored.
### mwldeppc.exe Linker Warning:
#   Section '.ignored' is unknown. Section ignored.
### mwldeppc.exe Linker Warning:
#   Section '.ignored' is unknown. Section ignored.
### mwldeppc.exe Linker Warning:
#   Section '.ignored' is unknown. Section ignored.
### mwldeppc.exe Linker Warning:
#   Section '.ignored' is unknown. Section ignored.
### mwldeppc.exe Linker Warning:
#   Section '.ignored' is unknown. Section ignored.
### mwldeppc.exe Linker Warning:
#   Section '.ignored' is unknown. Section ignored.
### mwldeppc.exe Linker Warning:
#   Section '.ignored' is unknown. Section ignored.
### mwldeppc.exe Linker Warning:
#   Section '.ignored' is unknown. Section ignored.
### mwldeppc.exe Linker Warning:
#   Section '.ignored' is unknown. Section ignored.
### mwldeppc.exe Linker Warning:
#   Section '.ignored' is unknown. Section ignored.
### mwldeppc.exe Linker Warning:
#   Section '.ignored' is unknown. Section ignored.
### mwldeppc.exe Linker Warning:
#   Section '.ignored' is unknown. Section ignored.
### mwldeppc.exe Linker Warning:
#   Section '.ignored' is unknown. Section ignored.
### mwldeppc.exe Linker Warning:
#   Section '.ignored' is unknown. Section ignored.
### mwldeppc.exe Linker Warning:
#   Section '.ignored' is unknown. Section ignored.
### mwldeppc.exe Linker Warning:
#   Section '.ignored' is unknown. Section ignored.
### mwldeppc.exe Linker Warning:
#   Section '.ignored' is unknown. Section ignored.
### mwldeppc.exe Linker Warning:
#   Section '.ignored' is unknown. Section ignored.
### mwldeppc.exe Linker Warning:
#   Section '.ignored' is unknown. Section ignored.
### mwldeppc.exe Linker Warning:
#   Section '.ignored' is unknown. Section ignored.
### mwldeppc.exe Linker Warning:
#   Section '.ignored' is unknown. Section ignored.
### mwldeppc.exe Linker Warning:
#   Section '.ignored' is unknown. Section ignored.
### mwldeppc.exe Linker Warning:
#   Section '.ignored' is unknown. Section ignored.
### mwldeppc.exe Linker Warning:
#   Section '.ignored' is unknown. Section ignored.
### mwldeppc.exe Linker Warning:
#   Section '.ignored' is unknown. Section ignored.
### mwldeppc.exe Linker Warning:
#   Section '.ignored' is unknown. Section ignored.
### mwldeppc.exe Linker Warning:
#   Section '.ignored' is unknown. Section ignored.
### mwldeppc.exe Linker Warning:
#   Section '.ignored' is unknown. Section ignored.
### mwldeppc.exe Linker Warning:
#   Section '.ignored' is unknown. Section ignored.
### mwldeppc.exe Linker Warning:
#   Section '.ignored' is unknown. Section ignored.
### mwldeppc.exe Linker Warning:
#   Section '.ignored' is unknown. Section ignored.
### mwldeppc.exe Linker Warning:
#   Section '.ignored' is unknown. Section ignored.
### mwldeppc.exe Linker Warning:
#   Section '.ignored' is unknown. Section ignored.
### mwldeppc.exe Linker Warning:
#   Section '.ignored' is unknown. Section ignored.
### mwldeppc.exe Linker Warning:
#   Section '.ignored' is unknown. Section ignored.
### mwldeppc.exe Linker Warning:
#   Section '.ignored' is unknown. Section ignored.
### mwldeppc.exe Linker Warning:
#   Section '.ignored' is unknown. Section ignored.
### mwldeppc.exe Linker Warning:
#   Section '.ignored' is unknown. Section ignored.
### mwldeppc.exe Linker Warning:
#   Section '.ignored' is unknown. Section ignored.
### mwldeppc.exe Linker Warning:
#   Section '.ignored' is unknown. Section ignored.
### mwldeppc.exe Linker Warning:
#   Section '.ignored' is unknown. Section ignored.
### mwldeppc.exe Linker Warning:
#   Section '.ignored' is unknown. Section ignored.
### mwldeppc.exe Linker Warning:
#   Section '.ignored' is unknown. Section ignored.
### mwldeppc.exe Linker Warning:
#   Section '.ignored' is unknown. Section ignored.
### mwldeppc.exe Linker Warning:
#   Section '.ignored' is unknown. Section ignored.
### mwldeppc.exe Linker Warning:
#   Section '.ignored' is unknown. Section ignored.
### mwldeppc.exe Linker Warning:
#   Section '.ignored' is unknown. Section ignored.
### mwldeppc.exe Linker Warning:
#   Section '.ignored' is unknown. Section ignored.
### mwldeppc.exe Linker Warning:
#   Section '.ignored' is unknown. Section ignored.
### mwldeppc.exe Linker Warning:
#   Section '.ignored' is unknown. Section ignored.
### mwldeppc.exe Linker Warning:
#   Section '.ignored' is unknown. Section ignored.
### mwldeppc.exe Linker Warning:
#   Section '.ignored' is unknown. Section ignored.
### mwldeppc.exe Linker Warning:
#   Section '.ignored' is unknown. Section ignored.
### mwldeppc.exe Linker Warning:
#   Section '.ignored' is unknown. Section ignored.
### mwldeppc.exe Linker Warning:
#   Section '.ignored' is unknown. Section ignored.
### mwldeppc.exe Linker Warning:
#   Section '.ignored' is unknown. Section ignored.
### mwldeppc.exe Linker Warning:
#   Section '.ignored' is unknown. Section ignored.
### mwldeppc.exe Linker Warning:
#   Section '.ignored' is unknown. Section ignored.
### mwldeppc.exe Linker Warning:
#   Section '.ignored' is unknown. Section ignored.
### mwldeppc.exe Linker Warning:
#   Section '.ignored' is unknown. Section ignored.
### mwldeppc.exe Linker Warning:
#   Section '.ignored' is unknown. Section ignored.
### mwldeppc.exe Linker Warning:
#   Section '.ignored' is unknown. Section ignored.
### mwldeppc.exe Linker Warning:
#   Section '.ignored' is unknown. Section ignored.
### mwldeppc.exe Linker Warning:
#   Section '.ignored' is unknown. Section ignored.
### mwldeppc.exe Linker Warning:
#   Section '.ignored' is unknown. Section ignored.
### mwldeppc.exe Linker Warning:
#   Section '.ignored' is unknown. Section ignored.
### mwldeppc.exe Linker Warning:
#   Section '.ignored' is unknown. Section ignored.
### mwldeppc.exe Linker Warning:
#   Section '.ignored' is unknown. Section ignored.
### mwldeppc.exe Linker Warning:
#   Section '.ignored' is unknown. Section ignored.
### mwldeppc.exe Linker Warning:
#   Section '.ignored' is unknown. Section ignored.
### mwldeppc.exe Linker Warning:
#   Section '.ignored' is unknown. Section ignored.
### mwldeppc.exe Linker Warning:
#   Section '.ignored' is unknown. Section ignored.
### mwldeppc.exe Linker Warning:
#   Section '.ignored' is unknown. Section ignored.
### mwldeppc.exe Linker Warning:
#   Section '.ignored' is unknown. Section ignored.
### mwldeppc.exe Linker Warning:
#   Section '.ignored' is unknown. Section ignored.
### mwldeppc.exe Linker Warning:
#   Section '.ignored' is unknown. Section ignored.
### mwldeppc.exe Linker Warning:
#   Section '.ignored' is unknown. Section ignored.
[877/879] DOL build/GEDE01/main.dol
[878/879] CHECK config/GEDE01/build.sha1
build/GEDE01/main.dol: OK
[879/879] PROGRESS
Progress:
  All: 58.10% fuzzy, 47.06% matched, 47.03% linked (6249 / 7068 files)
    Code: 1082740 / 2300692 bytes (6015 / 8214 functions)
    Data: 39594 / 4305642 bytes (0.92%)
  Game Code: 93.58% fuzzy, 75.76% matched, 75.71% linked (6231 / 6633 files)
    Code: 1079712 / 1425104 bytes (5953 / 6354 functions)
    Data: 39370 / 40426 bytes (97.39%)
  SDK/Runtime: 100.00% fuzzy, 100.00% matched, 100.00% linked (18 / 18 files)
    Code: 3028 / 3028 bytes (62 / 62 functions)
    Data: 224 / 224 bytes (100.00%)

exit_code=0
