$ python3 reports/GEDE01/attempt-55e5feac-fa84-439b-973e-774b52f38719/measure.py
{
  "baseline": {
    "retail_size": 300,
    "candidate_size": 300,
    "match_percent": 98.26667,
    "objdiff_relocation_entries": 18,
    "objdiff_relocation_metadata_equal": true
  },
  "automatic-storage": {
    "retail_size": 300,
    "candidate_size": 300,
    "match_percent": 98.26667,
    "objdiff_relocation_entries": 18,
    "objdiff_relocation_metadata_equal": true
  },
  "derived-offset": {
    "retail_size": 300,
    "candidate_size": 300,
    "match_percent": 95.666664,
    "objdiff_relocation_entries": 18,
    "objdiff_relocation_metadata_equal": false
  },
  "canonical": {
    "retail_size": 300,
    "candidate_size": 300,
    "match_percent": 98.26667,
    "objdiff_relocation_entries": 18,
    "objdiff_relocation_metadata_equal": true
  },
  "relocation-strict": {
    "retail_size": 300,
    "candidate_size": 300,
    "match_percent": 98.26667,
    "objdiff_relocation_entries": 18,
    "objdiff_relocation_metadata_equal": true
  },
  "elf": {
    "relocations_equal": true,
    "retail_text_sha256": "c1fa6e2406c957bc5a80db2c6ec837c0c38aa88fa234a6974e306d7a2b2d90d6",
    "candidate_text_sha256": "c317fa19d7f901805aae97706c927e931b808954af92f3cdb9b29b3aec851f91",
    "byte_differences": 27,
    "word_differences": 20
  }
}

exit_code=0
