$ readelf -W -r -s build/GEDE01/obj/game/game_fn_8019C3B8.o

Relocation section '.rela.text' at offset 0x16c contains 13 entries:
 Offset     Info    Type                Sym. Value  Symbol's Name + Addend
00000016  00000406 R_PPC_ADDR16_HA        00000000   lbl_80607120 + 0
0000001a  00000404 R_PPC_ADDR16_LO        00000000   lbl_80607120 + 0
0000001c  0000056d R_PPC_EMB_SDA21        00000000   lbl_8064D738 + 0
0000005e  00000606 R_PPC_ADDR16_HA        00000000   fn_8018D020 + 0
0000006e  00000604 R_PPC_ADDR16_LO        00000000   fn_8018D020 + 0
00000084  0000070a R_PPC_REL24            00000000   fn_80188A7C + 0
000000c8  0000080a R_PPC_REL24            00000000   DCFlushRange + 0
000000d4  0000080a R_PPC_REL24            00000000   DCFlushRange + 0
000000e0  0000080a R_PPC_REL24            00000000   DCFlushRange + 0
000000e8  0000090a R_PPC_REL24            00000000   fn_801ED57C + 0
000000fc  00000a0a R_PPC_REL24            00000000   fn_8018D0D0 + 0
0000010c  00000b0a R_PPC_REL24            00000000   fn_8018865C + 0
00000114  0000090a R_PPC_REL24            00000000   fn_801ED57C + 0

Symbol table '.symtab' contains 12 entries:
   Num:    Value  Size Type    Bind   Vis      Ndx Name
     0: 00000000     0 NOTYPE  LOCAL  DEFAULT  UND 
     1: 00000000     0 FILE    LOCAL  DEFAULT  ABS game_fn_8019C3B8.c
     2: 00000000     0 SECTION LOCAL  DEFAULT    1 .text
     3: 00000000   300 FUNC    GLOBAL DEFAULT    1 fn_8019C3B8
     4: 00000000     0 NOTYPE  GLOBAL DEFAULT  UND lbl_80607120
     5: 00000000     0 NOTYPE  GLOBAL DEFAULT  UND lbl_8064D738
     6: 00000000     0 NOTYPE  GLOBAL DEFAULT  UND fn_8018D020
     7: 00000000     0 NOTYPE  GLOBAL DEFAULT  UND fn_80188A7C
     8: 00000000     0 NOTYPE  GLOBAL DEFAULT  UND DCFlushRange
     9: 00000000     0 NOTYPE  GLOBAL DEFAULT  UND fn_801ED57C
    10: 00000000     0 NOTYPE  GLOBAL DEFAULT  UND fn_8018D0D0
    11: 00000000     0 NOTYPE  GLOBAL DEFAULT  UND fn_8018865C

exit_code=0
