{
  "assignment_id": "72c01144-98d0-4afe-b445-9484fbe58b63",
  "canonical_match_percent": 98.68421,
  "relocation_strict_match_percent": 98.68421,
  "relocation_records_equal": true,
  "differing_instruction_words": [
    {
      "offset": 120,
      "target_word": "7c791b78",
      "generated_word": "3b600000"
    },
    {
      "offset": 124,
      "target_word": "3b600000",
      "generated_word": "7c791b78"
    }
  ],
  "dol_sha1": {
    "orig/GEDE01/sys/main.dol": "ea24b6af954876ce072562ff39cdb4c81d32be1f",
    "build/GEDE01/main.dol": "ea24b6af954876ce072562ff39cdb4c81d32be1f"
  },
  "dol_note": "The retained TU remains NonMatching; the matching DOL uses its retail split object."
}
